==2356== Memcheck, a memory error detector
==2356== Copyright (C) 2002-2017, and GNU GPL'd, by Julian Seward et al.
==2356== Using Valgrind-3.15.0 and LibVEX; rerun with -h for copyright info
==2356== Command: ./webserv conf.d/startup_valg.conf
==2356== 
<<<<<<<<<<<<<<<<<<<<<<<<<<<<<<<<<<127.0.0.1==2357== Memcheck, a memory error detector
==2357== Copyright (C) 2002-2017, and GNU GPL'd, by Julian Seward et al.
==2357== Using Valgrind-3.15.0 and LibVEX; rerun with -h for copyright info
==2357== Command: /home/vscode/src/www/cgi/s1.sh
==2357== 
==2357== 
==2357== HEAP SUMMARY:
==2357==     in use at exit: 34,257 bytes in 387 blocks
==2357==   total heap usage: 587 allocs, 200 frees, 61,534 bytes allocated
==2357== 
==2357== 1 bytes in 1 blocks are still reachable in loss record 1 of 304
==2357==    at 0x483B7F3: malloc (in /usr/lib/x86_64-linux-gnu/valgrind/vgpreload_memcheck-amd64-linux.so)
==2357==    by 0x1984F3: xmalloc (in /usr/bin/bash)
==2357==    by 0x1920F9: set_locale_var (in /usr/bin/bash)
==2357==    by 0x192302: set_default_lang (in /usr/bin/bash)
==2357==    by 0x137549: main (in /usr/bin/bash)
==2357== 
==2357== 1 bytes in 1 blocks are still reachable in loss record 2 of 304
==2357==    at 0x483B7F3: malloc (in /usr/lib/x86_64-linux-gnu/valgrind/vgpreload_memcheck-amd64-linux.so)
==2357==    by 0x1984F3: xmalloc (in /usr/bin/bash)
==2357==    by 0x191E21: set_lang (in /usr/bin/bash)
==2357==    by 0x137549: main (in /usr/bin/bash)
==2357== 
==2357== 2 bytes in 1 blocks are still reachable in loss record 3 of 304
==2357==    at 0x483B7F3: malloc (in /usr/lib/x86_64-linux-gnu/valgrind/vgpreload_memcheck-amd64-linux.so)
==2357==    by 0x1984F3: xmalloc (in /usr/bin/bash)
==2357==    by 0x1544D7: ??? (in /usr/bin/bash)
==2357==    by 0x157FCF: ??? (in /usr/bin/bash)
==2357==    by 0x15805C: ??? (in /usr/bin/bash)
==2357==    by 0x15AB01: initialize_shell_variables (in /usr/bin/bash)
==2357==    by 0x138DC9: ??? (in /usr/bin/bash)
==2357==    by 0x137544: main (in /usr/bin/bash)
==2357== 
==2357== 2 bytes in 1 blocks are still reachable in loss record 4 of 304
==2357==    at 0x483B7F3: malloc (in /usr/lib/x86_64-linux-gnu/valgrind/vgpreload_memcheck-amd64-linux.so)
==2357==    by 0x1984F3: xmalloc (in /usr/bin/bash)
==2357==    by 0x157FED: ??? (in /usr/bin/bash)
==2357==    by 0x15805C: ??? (in /usr/bin/bash)
==2357==    by 0x15AB01: initialize_shell_variables (in /usr/bin/bash)
==2357==    by 0x138DC9: ??? (in /usr/bin/bash)
==2357==    by 0x137544: main (in /usr/bin/bash)
==2357== 
==2357== 2 bytes in 1 blocks are still reachable in loss record 5 of 304
==2357==    at 0x483B7F3: malloc (in /usr/lib/x86_64-linux-gnu/valgrind/vgpreload_memcheck-amd64-linux.so)
==2357==    by 0x1984F3: xmalloc (in /usr/bin/bash)
==2357==    by 0x156DA1: make_variable_value (in /usr/bin/bash)
==2357==    by 0x15806D: ??? (in /usr/bin/bash)
==2357==    by 0x15929E: adjust_shell_level (in /usr/bin/bash)
==2357==    by 0x15AC10: initialize_shell_variables (in /usr/bin/bash)
==2357==    by 0x138DC9: ??? (in /usr/bin/bash)
==2357==    by 0x137544: main (in /usr/bin/bash)
==2357== 
==2357== 2 bytes in 1 blocks are still reachable in loss record 6 of 304
==2357==    at 0x483B7F3: malloc (in /usr/lib/x86_64-linux-gnu/valgrind/vgpreload_memcheck-amd64-linux.so)
==2357==    by 0x1984F3: xmalloc (in /usr/bin/bash)
==2357==    by 0x156DA1: make_variable_value (in /usr/bin/bash)
==2357==    by 0x15806D: ??? (in /usr/bin/bash)
==2357==    by 0x15AC2A: initialize_shell_variables (in /usr/bin/bash)
==2357==    by 0x138DC9: ??? (in /usr/bin/bash)
==2357==    by 0x137544: main (in /usr/bin/bash)
==2357== 
==2357== 2 bytes in 1 blocks are still reachable in loss record 7 of 304
==2357==    at 0x483B7F3: malloc (in /usr/lib/x86_64-linux-gnu/valgrind/vgpreload_memcheck-amd64-linux.so)
==2357==    by 0x1984F3: xmalloc (in /usr/bin/bash)
==2357==    by 0x156DA1: make_variable_value (in /usr/bin/bash)
==2357==    by 0x15806D: ??? (in /usr/bin/bash)
==2357==    by 0x15AC4A: initialize_shell_variables (in /usr/bin/bash)
==2357==    by 0x138DC9: ??? (in /usr/bin/bash)
==2357==    by 0x137544: main (in /usr/bin/bash)
==2357== 
==2357== 2 bytes in 1 blocks are still reachable in loss record 8 of 304
==2357==    at 0x483B7F3: malloc (in /usr/lib/x86_64-linux-gnu/valgrind/vgpreload_memcheck-amd64-linux.so)
==2357==    by 0x1984F3: xmalloc (in /usr/bin/bash)
==2357==    by 0x183473: array_create_element (in /usr/bin/bash)
==2357==    by 0x183987: array_insert (in /usr/bin/bash)
==2357==    by 0x15AF24: initialize_shell_variables (in /usr/bin/bash)
==2357==    by 0x138DC9: ??? (in /usr/bin/bash)
==2357==    by 0x137544: main (in /usr/bin/bash)
==2357== 
==2357== 2 bytes in 1 blocks are still reachable in loss record 9 of 304
==2357==    at 0x483B7F3: malloc (in /usr/lib/x86_64-linux-gnu/valgrind/vgpreload_memcheck-amd64-linux.so)
==2357==    by 0x1984F3: xmalloc (in /usr/bin/bash)
==2357==    by 0x183473: array_create_element (in /usr/bin/bash)
==2357==    by 0x183987: array_insert (in /usr/bin/bash)
==2357==    by 0x15AF34: initialize_shell_variables (in /usr/bin/bash)
==2357==    by 0x138DC9: ??? (in /usr/bin/bash)
==2357==    by 0x137544: main (in /usr/bin/bash)
==2357== 
==2357== 2 bytes in 1 blocks are still reachable in loss record 10 of 304
==2357==    at 0x483B7F3: malloc (in /usr/lib/x86_64-linux-gnu/valgrind/vgpreload_memcheck-amd64-linux.so)
==2357==    by 0x1984F3: xmalloc (in /usr/bin/bash)
==2357==    by 0x183473: array_create_element (in /usr/bin/bash)
==2357==    by 0x183987: array_insert (in /usr/bin/bash)
==2357==    by 0x15AF81: initialize_shell_variables (in /usr/bin/bash)
==2357==    by 0x138DC9: ??? (in /usr/bin/bash)
==2357==    by 0x137544: main (in /usr/bin/bash)
==2357== 
==2357== 2 bytes in 1 blocks are still reachable in loss record 11 of 304
==2357==    at 0x483B7F3: malloc (in /usr/lib/x86_64-linux-gnu/valgrind/vgpreload_memcheck-amd64-linux.so)
==2357==    by 0x1984F3: xmalloc (in /usr/bin/bash)
==2357==    by 0x156DA1: make_variable_value (in /usr/bin/bash)
==2357==    by 0x15806D: ??? (in /usr/bin/bash)
==2357==    by 0x15B7C8: initialize_shell_variables (in /usr/bin/bash)
==2357==    by 0x138DC9: ??? (in /usr/bin/bash)
==2357==    by 0x137544: main (in /usr/bin/bash)
==2357== 
==2357== 2 bytes in 1 blocks are still reachable in loss record 12 of 304
==2357==    at 0x483B7F3: malloc (in /usr/lib/x86_64-linux-gnu/valgrind/vgpreload_memcheck-amd64-linux.so)
==2357==    by 0x1984F3: xmalloc (in /usr/bin/bash)
==2357==    by 0x156DA1: make_variable_value (in /usr/bin/bash)
==2357==    by 0x15806D: ??? (in /usr/bin/bash)
==2357==    by 0x15B7AE: initialize_shell_variables (in /usr/bin/bash)
==2357==    by 0x138DC9: ??? (in /usr/bin/bash)
==2357==    by 0x137544: main (in /usr/bin/bash)
==2357== 
==2357== 2 bytes in 1 blocks are still reachable in loss record 13 of 304
==2357==    at 0x483B7F3: malloc (in /usr/lib/x86_64-linux-gnu/valgrind/vgpreload_memcheck-amd64-linux.so)
==2357==    by 0x1984F3: xmalloc (in /usr/bin/bash)
==2357==    by 0x183473: array_create_element (in /usr/bin/bash)
==2357==    by 0x18367F: ??? (in /usr/bin/bash)
==2357==    by 0x137CB1: main (in /usr/bin/bash)
==2357== 
==2357== 2 bytes in 1 blocks are still reachable in loss record 14 of 304
==2357==    at 0x483B7F3: malloc (in /usr/lib/x86_64-linux-gnu/valgrind/vgpreload_memcheck-amd64-linux.so)
==2357==    by 0x1984F3: xmalloc (in /usr/bin/bash)
==2357==    by 0x1B7D71: itos (in /usr/bin/bash)
==2357==    by 0x15C13B: set_pipestatus_array (in /usr/bin/bash)
==2357==    by 0x15172F: execute_command_internal (in /usr/bin/bash)
==2357==    by 0x1519D9: execute_command (in /usr/bin/bash)
==2357==    by 0x139664: reader_loop (in /usr/bin/bash)
==2357==    by 0x137EF8: main (in /usr/bin/bash)
==2357== 
==2357== 2 bytes in 1 blocks are definitely lost in loss record 15 of 304
==2357==    at 0x483B7F3: malloc (in /usr/lib/x86_64-linux-gnu/valgrind/vgpreload_memcheck-amd64-linux.so)
==2357==    by 0x1984F3: xmalloc (in /usr/bin/bash)
==2357==    by 0x19196E: set_default_locale (in /usr/bin/bash)
==2357==    by 0x136C8A: main (in /usr/bin/bash)
==2357== 
==2357== 3 bytes in 1 blocks are still reachable in loss record 16 of 304
==2357==    at 0x483B7F3: malloc (in /usr/lib/x86_64-linux-gnu/valgrind/vgpreload_memcheck-amd64-linux.so)
==2357==    by 0x1984F3: xmalloc (in /usr/bin/bash)
==2357==    by 0x156DA1: make_variable_value (in /usr/bin/bash)
==2357==    by 0x15806D: ??? (in /usr/bin/bash)
==2357==    by 0x15AB65: initialize_shell_variables (in /usr/bin/bash)
==2357==    by 0x138DC9: ??? (in /usr/bin/bash)
==2357==    by 0x137544: main (in /usr/bin/bash)
==2357== 
==2357== 3 bytes in 1 blocks are still reachable in loss record 17 of 304
==2357==    at 0x483B7F3: malloc (in /usr/lib/x86_64-linux-gnu/valgrind/vgpreload_memcheck-amd64-linux.so)
==2357==    by 0x1984F3: xmalloc (in /usr/bin/bash)
==2357==    by 0x183473: array_create_element (in /usr/bin/bash)
==2357==    by 0x183987: array_insert (in /usr/bin/bash)
==2357==    by 0x15AF5D: initialize_shell_variables (in /usr/bin/bash)
==2357==    by 0x138DC9: ??? (in /usr/bin/bash)
==2357==    by 0x137544: main (in /usr/bin/bash)
==2357== 
==2357== 3 bytes in 1 blocks are still reachable in loss record 18 of 304
==2357==    at 0x483B7F3: malloc (in /usr/lib/x86_64-linux-gnu/valgrind/vgpreload_memcheck-amd64-linux.so)
==2357==    by 0x1984F3: xmalloc (in /usr/bin/bash)
==2357==    by 0x156DA1: make_variable_value (in /usr/bin/bash)
==2357==    by 0x15844D: ??? (in /usr/bin/bash)
==2357==    by 0x14C342: ??? (in /usr/bin/bash)
==2357==    by 0x150B52: execute_command_internal (in /usr/bin/bash)
==2357==    by 0x1519D9: execute_command (in /usr/bin/bash)
==2357==    by 0x139664: reader_loop (in /usr/bin/bash)
==2357==    by 0x137EF8: main (in /usr/bin/bash)
==2357== 
==2357== 3 bytes in 3 blocks are still reachable in loss record 19 of 304
==2357==    at 0x483B7F3: malloc (in /usr/lib/x86_64-linux-gnu/valgrind/vgpreload_memcheck-amd64-linux.so)
==2357==    by 0x1984F3: xmalloc (in /usr/bin/bash)
==2357==    by 0x156DE1: make_variable_value (in /usr/bin/bash)
==2357==    by 0x15806D: ??? (in /usr/bin/bash)
==2357==    by 0x15AD0C: initialize_shell_variables (in /usr/bin/bash)
==2357==    by 0x138DC9: ??? (in /usr/bin/bash)
==2357==    by 0x137544: main (in /usr/bin/bash)
==2357== 
==2357== 4 bytes in 1 blocks are still reachable in loss record 20 of 304
==2357==    at 0x483B7F3: malloc (in /usr/lib/x86_64-linux-gnu/valgrind/vgpreload_memcheck-amd64-linux.so)
==2357==    by 0x1984F3: xmalloc (in /usr/bin/bash)
==2357==    by 0x1544D7: ??? (in /usr/bin/bash)
==2357==    by 0x157FCF: ??? (in /usr/bin/bash)
==2357==    by 0x15805C: ??? (in /usr/bin/bash)
==2357==    by 0x159447: set_pwd (in /usr/bin/bash)
==2357==    by 0x15AAEE: initialize_shell_variables (in /usr/bin/bash)
==2357==    by 0x138DC9: ??? (in /usr/bin/bash)
==2357==    by 0x137544: main (in /usr/bin/bash)
==2357== 
==2357== 4 bytes in 1 blocks are still reachable in loss record 21 of 304
==2357==    at 0x483B7F3: malloc (in /usr/lib/x86_64-linux-gnu/valgrind/vgpreload_memcheck-amd64-linux.so)
==2357==    by 0x1984F3: xmalloc (in /usr/bin/bash)
==2357==    by 0x157FED: ??? (in /usr/bin/bash)
==2357==    by 0x15805C: ??? (in /usr/bin/bash)
==2357==    by 0x159447: set_pwd (in /usr/bin/bash)
==2357==    by 0x15AAEE: initialize_shell_variables (in /usr/bin/bash)
==2357==    by 0x138DC9: ??? (in /usr/bin/bash)
==2357==    by 0x137544: main (in /usr/bin/bash)
==2357== 
==2357== 4 bytes in 1 blocks are still reachable in loss record 22 of 304
==2357==    at 0x483B7F3: malloc (in /usr/lib/x86_64-linux-gnu/valgrind/vgpreload_memcheck-amd64-linux.so)
==2357==    by 0x1984F3: xmalloc (in /usr/bin/bash)
==2357==    by 0x1544D7: ??? (in /usr/bin/bash)
==2357==    by 0x157FCF: ??? (in /usr/bin/bash)
==2357==    by 0x15805C: ??? (in /usr/bin/bash)
==2357==    by 0x15AB65: initialize_shell_variables (in /usr/bin/bash)
==2357==    by 0x138DC9: ??? (in /usr/bin/bash)
==2357==    by 0x137544: main (in /usr/bin/bash)
==2357== 
==2357== 4 bytes in 1 blocks are still reachable in loss record 23 of 304
==2357==    at 0x483B7F3: malloc (in /usr/lib/x86_64-linux-gnu/valgrind/vgpreload_memcheck-amd64-linux.so)
==2357==    by 0x1984F3: xmalloc (in /usr/bin/bash)
==2357==    by 0x157FED: ??? (in /usr/bin/bash)
==2357==    by 0x15805C: ??? (in /usr/bin/bash)
==2357==    by 0x15AB65: initialize_shell_variables (in /usr/bin/bash)
==2357==    by 0x138DC9: ??? (in /usr/bin/bash)
==2357==    by 0x137544: main (in /usr/bin/bash)
==2357== 
==2357== 4 bytes in 1 blocks are still reachable in loss record 24 of 304
==2357==    at 0x483B7F3: malloc (in /usr/lib/x86_64-linux-gnu/valgrind/vgpreload_memcheck-amd64-linux.so)
==2357==    by 0x1984F3: xmalloc (in /usr/bin/bash)
==2357==    by 0x1544D7: ??? (in /usr/bin/bash)
==2357==    by 0x157FCF: ??? (in /usr/bin/bash)
==2357==    by 0x15805C: ??? (in /usr/bin/bash)
==2357==    by 0x15AB7A: initialize_shell_variables (in /usr/bin/bash)
==2357==    by 0x138DC9: ??? (in /usr/bin/bash)
==2357==    by 0x137544: main (in /usr/bin/bash)
==2357== 
==2357== 4 bytes in 1 blocks are still reachable in loss record 25 of 304
==2357==    at 0x483B7F3: malloc (in /usr/lib/x86_64-linux-gnu/valgrind/vgpreload_memcheck-amd64-linux.so)
==2357==    by 0x1984F3: xmalloc (in /usr/bin/bash)
==2357==    by 0x157FED: ??? (in /usr/bin/bash)
==2357==    by 0x15805C: ??? (in /usr/bin/bash)
==2357==    by 0x15AB7A: initialize_shell_variables (in /usr/bin/bash)
==2357==    by 0x138DC9: ??? (in /usr/bin/bash)
==2357==    by 0x137544: main (in /usr/bin/bash)
==2357== 
==2357== 4 bytes in 1 blocks are still reachable in loss record 26 of 304
==2357==    at 0x483B7F3: malloc (in /usr/lib/x86_64-linux-gnu/valgrind/vgpreload_memcheck-amd64-linux.so)
==2357==    by 0x1984F3: xmalloc (in /usr/bin/bash)
==2357==    by 0x156DA1: make_variable_value (in /usr/bin/bash)
==2357==    by 0x15806D: ??? (in /usr/bin/bash)
==2357==    by 0x15AB7A: initialize_shell_variables (in /usr/bin/bash)
==2357==    by 0x138DC9: ??? (in /usr/bin/bash)
==2357==    by 0x137544: main (in /usr/bin/bash)
==2357== 
==2357== 4 bytes in 1 blocks are still reachable in loss record 27 of 304
==2357==    at 0x483B7F3: malloc (in /usr/lib/x86_64-linux-gnu/valgrind/vgpreload_memcheck-amd64-linux.so)
==2357==    by 0x1984F3: xmalloc (in /usr/bin/bash)
==2357==    by 0x1544D7: ??? (in /usr/bin/bash)
==2357==    by 0x157FCF: ??? (in /usr/bin/bash)
==2357==    by 0x15805C: ??? (in /usr/bin/bash)
==2357==    by 0x15B7C8: initialize_shell_variables (in /usr/bin/bash)
==2357==    by 0x138DC9: ??? (in /usr/bin/bash)
==2357==    by 0x137544: main (in /usr/bin/bash)
==2357== 
==2357== 4 bytes in 1 blocks are still reachable in loss record 28 of 304
==2357==    at 0x483B7F3: malloc (in /usr/lib/x86_64-linux-gnu/valgrind/vgpreload_memcheck-amd64-linux.so)
==2357==    by 0x1984F3: xmalloc (in /usr/bin/bash)
==2357==    by 0x157FED: ??? (in /usr/bin/bash)
==2357==    by 0x15805C: ??? (in /usr/bin/bash)
==2357==    by 0x15B7C8: initialize_shell_variables (in /usr/bin/bash)
==2357==    by 0x138DC9: ??? (in /usr/bin/bash)
==2357==    by 0x137544: main (in /usr/bin/bash)
==2357== 
==2357== 5 bytes in 1 blocks are still reachable in loss record 29 of 304
==2357==    at 0x483B7F3: malloc (in /usr/lib/x86_64-linux-gnu/valgrind/vgpreload_memcheck-amd64-linux.so)
==2357==    by 0x1984F3: xmalloc (in /usr/bin/bash)
==2357==    by 0x1544D7: ??? (in /usr/bin/bash)
==2357==    by 0x157FCF: ??? (in /usr/bin/bash)
==2357==    by 0x15805C: ??? (in /usr/bin/bash)
==2357==    by 0x15AB1F: initialize_shell_variables (in /usr/bin/bash)
==2357==    by 0x138DC9: ??? (in /usr/bin/bash)
==2357==    by 0x137544: main (in /usr/bin/bash)
==2357== 
==2357== 5 bytes in 1 blocks are still reachable in loss record 30 of 304
==2357==    at 0x483B7F3: malloc (in /usr/lib/x86_64-linux-gnu/valgrind/vgpreload_memcheck-amd64-linux.so)
==2357==    by 0x1984F3: xmalloc (in /usr/bin/bash)
==2357==    by 0x157FED: ??? (in /usr/bin/bash)
==2357==    by 0x15805C: ??? (in /usr/bin/bash)
==2357==    by 0x15AB1F: initialize_shell_variables (in /usr/bin/bash)
==2357==    by 0x138DC9: ??? (in /usr/bin/bash)
==2357==    by 0x137544: main (in /usr/bin/bash)
==2357== 
==2357== 5 bytes in 1 blocks are still reachable in loss record 31 of 304
==2357==    at 0x483B7F3: malloc (in /usr/lib/x86_64-linux-gnu/valgrind/vgpreload_memcheck-amd64-linux.so)
==2357==    by 0x1984F3: xmalloc (in /usr/bin/bash)
==2357==    by 0x1544D7: ??? (in /usr/bin/bash)
==2357==    by 0x157FCF: ??? (in /usr/bin/bash)
==2357==    by 0x15805C: ??? (in /usr/bin/bash)
==2357==    by 0x15AB32: initialize_shell_variables (in /usr/bin/bash)
==2357==    by 0x138DC9: ??? (in /usr/bin/bash)
==2357==    by 0x137544: main (in /usr/bin/bash)
==2357== 
==2357== 5 bytes in 1 blocks are still reachable in loss record 32 of 304
==2357==    at 0x483B7F3: malloc (in /usr/lib/x86_64-linux-gnu/valgrind/vgpreload_memcheck-amd64-linux.so)
==2357==    by 0x1984F3: xmalloc (in /usr/bin/bash)
==2357==    by 0x157FED: ??? (in /usr/bin/bash)
==2357==    by 0x15805C: ??? (in /usr/bin/bash)
==2357==    by 0x15AB32: initialize_shell_variables (in /usr/bin/bash)
==2357==    by 0x138DC9: ??? (in /usr/bin/bash)
==2357==    by 0x137544: main (in /usr/bin/bash)
==2357== 
==2357== 5 bytes in 1 blocks are still reachable in loss record 33 of 304
==2357==    at 0x483B7F3: malloc (in /usr/lib/x86_64-linux-gnu/valgrind/vgpreload_memcheck-amd64-linux.so)
==2357==    by 0x1984F3: xmalloc (in /usr/bin/bash)
==2357==    by 0x156DA1: make_variable_value (in /usr/bin/bash)
==2357==    by 0x15806D: ??? (in /usr/bin/bash)
==2357==    by 0x15AB32: initialize_shell_variables (in /usr/bin/bash)
==2357==    by 0x138DC9: ??? (in /usr/bin/bash)
==2357==    by 0x137544: main (in /usr/bin/bash)
==2357== 
==2357== 5 bytes in 1 blocks are still reachable in loss record 34 of 304
==2357==    at 0x483B7F3: malloc (in /usr/lib/x86_64-linux-gnu/valgrind/vgpreload_memcheck-amd64-linux.so)
==2357==    by 0x1984F3: xmalloc (in /usr/bin/bash)
==2357==    by 0x1544D7: ??? (in /usr/bin/bash)
==2357==    by 0x157FCF: ??? (in /usr/bin/bash)
==2357==    by 0x15805C: ??? (in /usr/bin/bash)
==2357==    by 0x159628: set_ppid (in /usr/bin/bash)
==2357==    by 0x15AC15: initialize_shell_variables (in /usr/bin/bash)
==2357==    by 0x138DC9: ??? (in /usr/bin/bash)
==2357==    by 0x137544: main (in /usr/bin/bash)
==2357== 
==2357== 5 bytes in 1 blocks are still reachable in loss record 35 of 304
==2357==    at 0x483B7F3: malloc (in /usr/lib/x86_64-linux-gnu/valgrind/vgpreload_memcheck-amd64-linux.so)
==2357==    by 0x1984F3: xmalloc (in /usr/bin/bash)
==2357==    by 0x157FED: ??? (in /usr/bin/bash)
==2357==    by 0x15805C: ??? (in /usr/bin/bash)
==2357==    by 0x159628: set_ppid (in /usr/bin/bash)
==2357==    by 0x15AC15: initialize_shell_variables (in /usr/bin/bash)
==2357==    by 0x138DC9: ??? (in /usr/bin/bash)
==2357==    by 0x137544: main (in /usr/bin/bash)
==2357== 
==2357== 5 bytes in 1 blocks are still reachable in loss record 36 of 304
==2357==    at 0x483B7F3: malloc (in /usr/lib/x86_64-linux-gnu/valgrind/vgpreload_memcheck-amd64-linux.so)
==2357==    by 0x1984F3: xmalloc (in /usr/bin/bash)
==2357==    by 0x156DA1: make_variable_value (in /usr/bin/bash)
==2357==    by 0x15806D: ??? (in /usr/bin/bash)
==2357==    by 0x159628: set_ppid (in /usr/bin/bash)
==2357==    by 0x15AC15: initialize_shell_variables (in /usr/bin/bash)
==2357==    by 0x138DC9: ??? (in /usr/bin/bash)
==2357==    by 0x137544: main (in /usr/bin/bash)
==2357== 
==2357== 5 bytes in 1 blocks are still reachable in loss record 37 of 304
==2357==    at 0x483B7F3: malloc (in /usr/lib/x86_64-linux-gnu/valgrind/vgpreload_memcheck-amd64-linux.so)
==2357==    by 0x1984F3: xmalloc (in /usr/bin/bash)
==2357==    by 0x1544D7: ??? (in /usr/bin/bash)
==2357==    by 0x157FCF: ??? (in /usr/bin/bash)
==2357==    by 0x15805C: ??? (in /usr/bin/bash)
==2357==    by 0x15AE90: initialize_shell_variables (in /usr/bin/bash)
==2357==    by 0x138DC9: ??? (in /usr/bin/bash)
==2357==    by 0x137544: main (in /usr/bin/bash)
==2357== 
==2357== 5 bytes in 1 blocks are still reachable in loss record 38 of 304
==2357==    at 0x483B7F3: malloc (in /usr/lib/x86_64-linux-gnu/valgrind/vgpreload_memcheck-amd64-linux.so)
==2357==    by 0x1984F3: xmalloc (in /usr/bin/bash)
==2357==    by 0x157FED: ??? (in /usr/bin/bash)
==2357==    by 0x15805C: ??? (in /usr/bin/bash)
==2357==    by 0x15AE90: initialize_shell_variables (in /usr/bin/bash)
==2357==    by 0x138DC9: ??? (in /usr/bin/bash)
==2357==    by 0x137544: main (in /usr/bin/bash)
==2357== 
==2357== 5 bytes in 1 blocks are still reachable in loss record 39 of 304
==2357==    at 0x483B7F3: malloc (in /usr/lib/x86_64-linux-gnu/valgrind/vgpreload_memcheck-amd64-linux.so)
==2357==    by 0x1984F3: xmalloc (in /usr/bin/bash)
==2357==    by 0x138C10: ??? (in /usr/bin/bash)
==2357==    by 0x15B81C: initialize_shell_variables (in /usr/bin/bash)
==2357==    by 0x138DC9: ??? (in /usr/bin/bash)
==2357==    by 0x137544: main (in /usr/bin/bash)
==2357== 
==2357== 5 bytes in 1 blocks are still reachable in loss record 40 of 304
==2357==    at 0x483B7F3: malloc (in /usr/lib/x86_64-linux-gnu/valgrind/vgpreload_memcheck-amd64-linux.so)
==2357==    by 0x1984F3: xmalloc (in /usr/bin/bash)
==2357==    by 0x1544D7: ??? (in /usr/bin/bash)
==2357==    by 0x157FCF: ??? (in /usr/bin/bash)
==2357==    by 0x15805C: ??? (in /usr/bin/bash)
==2357==    by 0x15B7AE: initialize_shell_variables (in /usr/bin/bash)
==2357==    by 0x138DC9: ??? (in /usr/bin/bash)
==2357==    by 0x137544: main (in /usr/bin/bash)
==2357== 
==2357== 5 bytes in 1 blocks are still reachable in loss record 41 of 304
==2357==    at 0x483B7F3: malloc (in /usr/lib/x86_64-linux-gnu/valgrind/vgpreload_memcheck-amd64-linux.so)
==2357==    by 0x1984F3: xmalloc (in /usr/bin/bash)
==2357==    by 0x157FED: ??? (in /usr/bin/bash)
==2357==    by 0x15805C: ??? (in /usr/bin/bash)
==2357==    by 0x15B7AE: initialize_shell_variables (in /usr/bin/bash)
==2357==    by 0x138DC9: ??? (in /usr/bin/bash)
==2357==    by 0x137544: main (in /usr/bin/bash)
==2357== 
==2357== 5 bytes in 1 blocks are still reachable in loss record 42 of 304
==2357==    at 0x483B7F3: malloc (in /usr/lib/x86_64-linux-gnu/valgrind/vgpreload_memcheck-amd64-linux.so)
==2357==    by 0x1984F3: xmalloc (in /usr/bin/bash)
==2357==    by 0x183473: array_create_element (in /usr/bin/bash)
==2357==    by 0x18367F: ??? (in /usr/bin/bash)
==2357==    by 0x137CCD: main (in /usr/bin/bash)
==2357== 
==2357== 6 bytes in 1 blocks are still reachable in loss record 43 of 304
==2357==    at 0x483B7F3: malloc (in /usr/lib/x86_64-linux-gnu/valgrind/vgpreload_memcheck-amd64-linux.so)
==2357==    by 0x1984F3: xmalloc (in /usr/bin/bash)
==2357==    by 0x1544D7: ??? (in /usr/bin/bash)
==2357==    by 0x157FCF: ??? (in /usr/bin/bash)
==2357==    by 0x15805C: ??? (in /usr/bin/bash)
==2357==    by 0x15929E: adjust_shell_level (in /usr/bin/bash)
==2357==    by 0x15AC10: initialize_shell_variables (in /usr/bin/bash)
==2357==    by 0x138DC9: ??? (in /usr/bin/bash)
==2357==    by 0x137544: main (in /usr/bin/bash)
==2357== 
==2357== 6 bytes in 1 blocks are still reachable in loss record 44 of 304
==2357==    at 0x483B7F3: malloc (in /usr/lib/x86_64-linux-gnu/valgrind/vgpreload_memcheck-amd64-linux.so)
==2357==    by 0x1984F3: xmalloc (in /usr/bin/bash)
==2357==    by 0x157FED: ??? (in /usr/bin/bash)
==2357==    by 0x15805C: ??? (in /usr/bin/bash)
==2357==    by 0x15929E: adjust_shell_level (in /usr/bin/bash)
==2357==    by 0x15AC10: initialize_shell_variables (in /usr/bin/bash)
==2357==    by 0x138DC9: ??? (in /usr/bin/bash)
==2357==    by 0x137544: main (in /usr/bin/bash)
==2357== 
==2357== 6 bytes in 1 blocks are still reachable in loss record 45 of 304
==2357==    at 0x483B7F3: malloc (in /usr/lib/x86_64-linux-gnu/valgrind/vgpreload_memcheck-amd64-linux.so)
==2357==    by 0x1984F3: xmalloc (in /usr/bin/bash)
==2357==    by 0x138C68: ??? (in /usr/bin/bash)
==2357==    by 0x15B81C: initialize_shell_variables (in /usr/bin/bash)
==2357==    by 0x138DC9: ??? (in /usr/bin/bash)
==2357==    by 0x137544: main (in /usr/bin/bash)
==2357== 
==2357== 6 bytes in 1 blocks are still reachable in loss record 46 of 304
==2357==    at 0x483B7F3: malloc (in /usr/lib/x86_64-linux-gnu/valgrind/vgpreload_memcheck-amd64-linux.so)
==2357==    by 0x1984F3: xmalloc (in /usr/bin/bash)
==2357==    by 0x1544D7: ??? (in /usr/bin/bash)
==2357==    by 0x157FCF: ??? (in /usr/bin/bash)
==2357==    by 0x15805C: ??? (in /usr/bin/bash)
==2357==    by 0x15B635: initialize_shell_variables (in /usr/bin/bash)
==2357==    by 0x138DC9: ??? (in /usr/bin/bash)
==2357==    by 0x137544: main (in /usr/bin/bash)
==2357== 
==2357== 6 bytes in 1 blocks are still reachable in loss record 47 of 304
==2357==    at 0x483B7F3: malloc (in /usr/lib/x86_64-linux-gnu/valgrind/vgpreload_memcheck-amd64-linux.so)
==2357==    by 0x1984F3: xmalloc (in /usr/bin/bash)
==2357==    by 0x157FED: ??? (in /usr/bin/bash)
==2357==    by 0x15805C: ??? (in /usr/bin/bash)
==2357==    by 0x15B635: initialize_shell_variables (in /usr/bin/bash)
==2357==    by 0x138DC9: ??? (in /usr/bin/bash)
==2357==    by 0x137544: main (in /usr/bin/bash)
==2357== 
==2357== 7 bytes in 1 blocks are still reachable in loss record 48 of 304
==2357==    at 0x483B7F3: malloc (in /usr/lib/x86_64-linux-gnu/valgrind/vgpreload_memcheck-amd64-linux.so)
==2357==    by 0x1984F3: xmalloc (in /usr/bin/bash)
==2357==    by 0x1544D7: ??? (in /usr/bin/bash)
==2357==    by 0x157FCF: ??? (in /usr/bin/bash)
==2357==    by 0x15805C: ??? (in /usr/bin/bash)
==2357==    by 0x159490: set_pwd (in /usr/bin/bash)
==2357==    by 0x15AAEE: initialize_shell_variables (in /usr/bin/bash)
==2357==    by 0x138DC9: ??? (in /usr/bin/bash)
==2357==    by 0x137544: main (in /usr/bin/bash)
==2357== 
==2357== 7 bytes in 1 blocks are still reachable in loss record 49 of 304
==2357==    at 0x483B7F3: malloc (in /usr/lib/x86_64-linux-gnu/valgrind/vgpreload_memcheck-amd64-linux.so)
==2357==    by 0x1984F3: xmalloc (in /usr/bin/bash)
==2357==    by 0x157FED: ??? (in /usr/bin/bash)
==2357==    by 0x15805C: ??? (in /usr/bin/bash)
==2357==    by 0x159490: set_pwd (in /usr/bin/bash)
==2357==    by 0x15AAEE: initialize_shell_variables (in /usr/bin/bash)
==2357==    by 0x138DC9: ??? (in /usr/bin/bash)
==2357==    by 0x137544: main (in /usr/bin/bash)
==2357== 
==2357== 7 bytes in 1 blocks are still reachable in loss record 50 of 304
==2357==    at 0x483B7F3: malloc (in /usr/lib/x86_64-linux-gnu/valgrind/vgpreload_memcheck-amd64-linux.so)
==2357==    by 0x1984F3: xmalloc (in /usr/bin/bash)
==2357==    by 0x156DA1: make_variable_value (in /usr/bin/bash)
==2357==    by 0x15806D: ??? (in /usr/bin/bash)
==2357==    by 0x15AB95: initialize_shell_variables (in /usr/bin/bash)
==2357==    by 0x138DC9: ??? (in /usr/bin/bash)
==2357==    by 0x137544: main (in /usr/bin/bash)
==2357== 
==2357== 7 bytes in 1 blocks are still reachable in loss record 51 of 304
==2357==    at 0x483B7F3: malloc (in /usr/lib/x86_64-linux-gnu/valgrind/vgpreload_memcheck-amd64-linux.so)
==2357==    by 0x1984F3: xmalloc (in /usr/bin/bash)
==2357==    by 0x1544D7: ??? (in /usr/bin/bash)
==2357==    by 0x157FCF: ??? (in /usr/bin/bash)
==2357==    by 0x15805C: ??? (in /usr/bin/bash)
==2357==    by 0x15ABA8: initialize_shell_variables (in /usr/bin/bash)
==2357==    by 0x138DC9: ??? (in /usr/bin/bash)
==2357==    by 0x137544: main (in /usr/bin/bash)
==2357== 
==2357== 7 bytes in 1 blocks are still reachable in loss record 52 of 304
==2357==    at 0x483B7F3: malloc (in /usr/lib/x86_64-linux-gnu/valgrind/vgpreload_memcheck-amd64-linux.so)
==2357==    by 0x1984F3: xmalloc (in /usr/bin/bash)
==2357==    by 0x157FED: ??? (in /usr/bin/bash)
==2357==    by 0x15805C: ??? (in /usr/bin/bash)
==2357==    by 0x15ABA8: initialize_shell_variables (in /usr/bin/bash)
==2357==    by 0x138DC9: ??? (in /usr/bin/bash)
==2357==    by 0x137544: main (in /usr/bin/bash)
==2357== 
==2357== 7 bytes in 1 blocks are still reachable in loss record 53 of 304
==2357==    at 0x483B7F3: malloc (in /usr/lib/x86_64-linux-gnu/valgrind/vgpreload_memcheck-amd64-linux.so)
==2357==    by 0x1984F3: xmalloc (in /usr/bin/bash)
==2357==    by 0x1544D7: ??? (in /usr/bin/bash)
==2357==    by 0x157FCF: ??? (in /usr/bin/bash)
==2357==    by 0x15805C: ??? (in /usr/bin/bash)
==2357==    by 0x15AC2A: initialize_shell_variables (in /usr/bin/bash)
==2357==    by 0x138DC9: ??? (in /usr/bin/bash)
==2357==    by 0x137544: main (in /usr/bin/bash)
==2357== 
==2357== 7 bytes in 1 blocks are still reachable in loss record 54 of 304
==2357==    at 0x483B7F3: malloc (in /usr/lib/x86_64-linux-gnu/valgrind/vgpreload_memcheck-amd64-linux.so)
==2357==    by 0x1984F3: xmalloc (in /usr/bin/bash)
==2357==    by 0x157FED: ??? (in /usr/bin/bash)
==2357==    by 0x15805C: ??? (in /usr/bin/bash)
==2357==    by 0x15AC2A: initialize_shell_variables (in /usr/bin/bash)
==2357==    by 0x138DC9: ??? (in /usr/bin/bash)
==2357==    by 0x137544: main (in /usr/bin/bash)
==2357== 
==2357== 7 bytes in 1 blocks are still reachable in loss record 55 of 304
==2357==    at 0x483B7F3: malloc (in /usr/lib/x86_64-linux-gnu/valgrind/vgpreload_memcheck-amd64-linux.so)
==2357==    by 0x1984F3: xmalloc (in /usr/bin/bash)
==2357==    by 0x1544D7: ??? (in /usr/bin/bash)
==2357==    by 0x157FCF: ??? (in /usr/bin/bash)
==2357==    by 0x15805C: ??? (in /usr/bin/bash)
==2357==    by 0x15AC4A: initialize_shell_variables (in /usr/bin/bash)
==2357==    by 0x138DC9: ??? (in /usr/bin/bash)
==2357==    by 0x137544: main (in /usr/bin/bash)
==2357== 
==2357== 7 bytes in 1 blocks are still reachable in loss record 56 of 304
==2357==    at 0x483B7F3: malloc (in /usr/lib/x86_64-linux-gnu/valgrind/vgpreload_memcheck-amd64-linux.so)
==2357==    by 0x1984F3: xmalloc (in /usr/bin/bash)
==2357==    by 0x157FED: ??? (in /usr/bin/bash)
==2357==    by 0x15805C: ??? (in /usr/bin/bash)
==2357==    by 0x15AC4A: initialize_shell_variables (in /usr/bin/bash)
==2357==    by 0x138DC9: ??? (in /usr/bin/bash)
==2357==    by 0x137544: main (in /usr/bin/bash)
==2357== 
==2357== 7 bytes in 1 blocks are still reachable in loss record 57 of 304
==2357==    at 0x483B7F3: malloc (in /usr/lib/x86_64-linux-gnu/valgrind/vgpreload_memcheck-amd64-linux.so)
==2357==    by 0x1984F3: xmalloc (in /usr/bin/bash)
==2357==    by 0x1544D7: ??? (in /usr/bin/bash)
==2357==    by 0x157FCF: ??? (in /usr/bin/bash)
==2357==    by 0x15805C: ??? (in /usr/bin/bash)
==2357==    by 0x15B1AE: initialize_shell_variables (in /usr/bin/bash)
==2357==    by 0x138DC9: ??? (in /usr/bin/bash)
==2357==    by 0x137544: main (in /usr/bin/bash)
==2357== 
==2357== 7 bytes in 1 blocks are still reachable in loss record 58 of 304
==2357==    at 0x483B7F3: malloc (in /usr/lib/x86_64-linux-gnu/valgrind/vgpreload_memcheck-amd64-linux.so)
==2357==    by 0x1984F3: xmalloc (in /usr/bin/bash)
==2357==    by 0x157FED: ??? (in /usr/bin/bash)
==2357==    by 0x15805C: ??? (in /usr/bin/bash)
==2357==    by 0x15B1AE: initialize_shell_variables (in /usr/bin/bash)
==2357==    by 0x138DC9: ??? (in /usr/bin/bash)
==2357==    by 0x137544: main (in /usr/bin/bash)
==2357== 
==2357== 7 bytes in 1 blocks are still reachable in loss record 59 of 304
==2357==    at 0x483B7F3: malloc (in /usr/lib/x86_64-linux-gnu/valgrind/vgpreload_memcheck-amd64-linux.so)
==2357==    by 0x1984F3: xmalloc (in /usr/bin/bash)
==2357==    by 0x1544D7: ??? (in /usr/bin/bash)
==2357==    by 0x157FCF: ??? (in /usr/bin/bash)
==2357==    by 0x15805C: ??? (in /usr/bin/bash)
==2357==    by 0x15B1D8: initialize_shell_variables (in /usr/bin/bash)
==2357==    by 0x138DC9: ??? (in /usr/bin/bash)
==2357==    by 0x137544: main (in /usr/bin/bash)
==2357== 
==2357== 7 bytes in 1 blocks are still reachable in loss record 60 of 304
==2357==    at 0x483B7F3: malloc (in /usr/lib/x86_64-linux-gnu/valgrind/vgpreload_memcheck-amd64-linux.so)
==2357==    by 0x1984F3: xmalloc (in /usr/bin/bash)
==2357==    by 0x157FED: ??? (in /usr/bin/bash)
==2357==    by 0x15805C: ??? (in /usr/bin/bash)
==2357==    by 0x15B1D8: initialize_shell_variables (in /usr/bin/bash)
==2357==    by 0x138DC9: ??? (in /usr/bin/bash)
==2357==    by 0x137544: main (in /usr/bin/bash)
==2357== 
==2357== 7 bytes in 1 blocks are still reachable in loss record 61 of 304
==2357==    at 0x483B7F3: malloc (in /usr/lib/x86_64-linux-gnu/valgrind/vgpreload_memcheck-amd64-linux.so)
==2357==    by 0x1984F3: xmalloc (in /usr/bin/bash)
==2357==    by 0x1544D7: ??? (in /usr/bin/bash)
==2357==    by 0x157FCF: ??? (in /usr/bin/bash)
==2357==    by 0x158D55: make_new_array_variable (in /usr/bin/bash)
==2357==    by 0x158DA7: ??? (in /usr/bin/bash)
==2357==    by 0x15B2EC: initialize_shell_variables (in /usr/bin/bash)
==2357==    by 0x138DC9: ??? (in /usr/bin/bash)
==2357==    by 0x137544: main (in /usr/bin/bash)
==2357== 
==2357== 7 bytes in 1 blocks are still reachable in loss record 62 of 304
==2357==    at 0x483B7F3: malloc (in /usr/lib/x86_64-linux-gnu/valgrind/vgpreload_memcheck-amd64-linux.so)
==2357==    by 0x1984F3: xmalloc (in /usr/bin/bash)
==2357==    by 0x157FED: ??? (in /usr/bin/bash)
==2357==    by 0x158D55: make_new_array_variable (in /usr/bin/bash)
==2357==    by 0x158DA7: ??? (in /usr/bin/bash)
==2357==    by 0x15B2EC: initialize_shell_variables (in /usr/bin/bash)
==2357==    by 0x138DC9: ??? (in /usr/bin/bash)
==2357==    by 0x137544: main (in /usr/bin/bash)
==2357== 
==2357== 8 bytes in 1 blocks are still reachable in loss record 63 of 304
==2357==    at 0x483B7F3: malloc (in /usr/lib/x86_64-linux-gnu/valgrind/vgpreload_memcheck-amd64-linux.so)
==2357==    by 0x1984F3: xmalloc (in /usr/bin/bash)
==2357==    by 0x183473: array_create_element (in /usr/bin/bash)
==2357==    by 0x183987: array_insert (in /usr/bin/bash)
==2357==    by 0x15AF95: initialize_shell_variables (in /usr/bin/bash)
==2357==    by 0x138DC9: ??? (in /usr/bin/bash)
==2357==    by 0x137544: main (in /usr/bin/bash)
==2357== 
==2357== 8 bytes in 1 blocks are still reachable in loss record 64 of 304
==2357==    at 0x483B7F3: malloc (in /usr/lib/x86_64-linux-gnu/valgrind/vgpreload_memcheck-amd64-linux.so)
==2357==    by 0x1984F3: xmalloc (in /usr/bin/bash)
==2357==    by 0x1544D7: ??? (in /usr/bin/bash)
==2357==    by 0x157FCF: ??? (in /usr/bin/bash)
==2357==    by 0x15805C: ??? (in /usr/bin/bash)
==2357==    by 0x15B112: initialize_shell_variables (in /usr/bin/bash)
==2357==    by 0x138DC9: ??? (in /usr/bin/bash)
==2357==    by 0x137544: main (in /usr/bin/bash)
==2357== 
==2357== 8 bytes in 1 blocks are still reachable in loss record 65 of 304
==2357==    at 0x483B7F3: malloc (in /usr/lib/x86_64-linux-gnu/valgrind/vgpreload_memcheck-amd64-linux.so)
==2357==    by 0x1984F3: xmalloc (in /usr/bin/bash)
==2357==    by 0x157FED: ??? (in /usr/bin/bash)
==2357==    by 0x15805C: ??? (in /usr/bin/bash)
==2357==    by 0x15B112: initialize_shell_variables (in /usr/bin/bash)
==2357==    by 0x138DC9: ??? (in /usr/bin/bash)
==2357==    by 0x137544: main (in /usr/bin/bash)
==2357== 
==2357== 8 bytes in 1 blocks are still reachable in loss record 66 of 304
==2357==    at 0x483B7F3: malloc (in /usr/lib/x86_64-linux-gnu/valgrind/vgpreload_memcheck-amd64-linux.so)
==2357==    by 0x1984F3: xmalloc (in /usr/bin/bash)
==2357==    by 0x1544D7: ??? (in /usr/bin/bash)
==2357==    by 0x157FCF: ??? (in /usr/bin/bash)
==2357==    by 0x15805C: ??? (in /usr/bin/bash)
==2357==    by 0x15B205: initialize_shell_variables (in /usr/bin/bash)
==2357==    by 0x138DC9: ??? (in /usr/bin/bash)
==2357==    by 0x137544: main (in /usr/bin/bash)
==2357== 
==2357== 8 bytes in 1 blocks are still reachable in loss record 67 of 304
==2357==    at 0x483B7F3: malloc (in /usr/lib/x86_64-linux-gnu/valgrind/vgpreload_memcheck-amd64-linux.so)
==2357==    by 0x1984F3: xmalloc (in /usr/bin/bash)
==2357==    by 0x157FED: ??? (in /usr/bin/bash)
==2357==    by 0x15805C: ??? (in /usr/bin/bash)
==2357==    by 0x15B205: initialize_shell_variables (in /usr/bin/bash)
==2357==    by 0x138DC9: ??? (in /usr/bin/bash)
==2357==    by 0x137544: main (in /usr/bin/bash)
==2357== 
==2357== 8 bytes in 1 blocks are still reachable in loss record 68 of 304
==2357==    at 0x483B7F3: malloc (in /usr/lib/x86_64-linux-gnu/valgrind/vgpreload_memcheck-amd64-linux.so)
==2357==    by 0x1984F3: xmalloc (in /usr/bin/bash)
==2357==    by 0x1544D7: ??? (in /usr/bin/bash)
==2357==    by 0x157FCF: ??? (in /usr/bin/bash)
==2357==    by 0x15805C: ??? (in /usr/bin/bash)
==2357==    by 0x15B27B: initialize_shell_variables (in /usr/bin/bash)
==2357==    by 0x138DC9: ??? (in /usr/bin/bash)
==2357==    by 0x137544: main (in /usr/bin/bash)
==2357== 
==2357== 8 bytes in 1 blocks are still reachable in loss record 69 of 304
==2357==    at 0x483B7F3: malloc (in /usr/lib/x86_64-linux-gnu/valgrind/vgpreload_memcheck-amd64-linux.so)
==2357==    by 0x1984F3: xmalloc (in /usr/bin/bash)
==2357==    by 0x157FED: ??? (in /usr/bin/bash)
==2357==    by 0x15805C: ??? (in /usr/bin/bash)
==2357==    by 0x15B27B: initialize_shell_variables (in /usr/bin/bash)
==2357==    by 0x138DC9: ??? (in /usr/bin/bash)
==2357==    by 0x137544: main (in /usr/bin/bash)
==2357== 
==2357== 9 bytes in 1 blocks are still reachable in loss record 70 of 304
==2357==    at 0x483B7F3: malloc (in /usr/lib/x86_64-linux-gnu/valgrind/vgpreload_memcheck-amd64-linux.so)
==2357==    by 0x1984F3: xmalloc (in /usr/bin/bash)
==2357==    by 0x1544D7: ??? (in /usr/bin/bash)
==2357==    by 0x157FCF: ??? (in /usr/bin/bash)
==2357==    by 0x15805C: ??? (in /usr/bin/bash)
==2357==    by 0x15AB95: initialize_shell_variables (in /usr/bin/bash)
==2357==    by 0x138DC9: ??? (in /usr/bin/bash)
==2357==    by 0x137544: main (in /usr/bin/bash)
==2357== 
==2357== 9 bytes in 1 blocks are still reachable in loss record 71 of 304
==2357==    at 0x483B7F3: malloc (in /usr/lib/x86_64-linux-gnu/valgrind/vgpreload_memcheck-amd64-linux.so)
==2357==    by 0x1984F3: xmalloc (in /usr/bin/bash)
==2357==    by 0x157FED: ??? (in /usr/bin/bash)
==2357==    by 0x15805C: ??? (in /usr/bin/bash)
==2357==    by 0x15AB95: initialize_shell_variables (in /usr/bin/bash)
==2357==    by 0x138DC9: ??? (in /usr/bin/bash)
==2357==    by 0x137544: main (in /usr/bin/bash)
==2357== 
==2357== 9 bytes in 1 blocks are still reachable in loss record 72 of 304
==2357==    at 0x483B7F3: malloc (in /usr/lib/x86_64-linux-gnu/valgrind/vgpreload_memcheck-amd64-linux.so)
==2357==    by 0x1984F3: xmalloc (in /usr/bin/bash)
==2357==    by 0x1544D7: ??? (in /usr/bin/bash)
==2357==    by 0x157FCF: ??? (in /usr/bin/bash)
==2357==    by 0x15805C: ??? (in /usr/bin/bash)
==2357==    by 0x15ABBB: initialize_shell_variables (in /usr/bin/bash)
==2357==    by 0x138DC9: ??? (in /usr/bin/bash)
==2357==    by 0x137544: main (in /usr/bin/bash)
==2357== 
==2357== 9 bytes in 1 blocks are still reachable in loss record 73 of 304
==2357==    at 0x483B7F3: malloc (in /usr/lib/x86_64-linux-gnu/valgrind/vgpreload_memcheck-amd64-linux.so)
==2357==    by 0x1984F3: xmalloc (in /usr/bin/bash)
==2357==    by 0x157FED: ??? (in /usr/bin/bash)
==2357==    by 0x15805C: ??? (in /usr/bin/bash)
==2357==    by 0x15ABBB: initialize_shell_variables (in /usr/bin/bash)
==2357==    by 0x138DC9: ??? (in /usr/bin/bash)
==2357==    by 0x137544: main (in /usr/bin/bash)
==2357== 
==2357== 9 bytes in 1 blocks are still reachable in loss record 74 of 304
==2357==    at 0x483B7F3: malloc (in /usr/lib/x86_64-linux-gnu/valgrind/vgpreload_memcheck-amd64-linux.so)
==2357==    by 0x1984F3: xmalloc (in /usr/bin/bash)
==2357==    by 0x1544D7: ??? (in /usr/bin/bash)
==2357==    by 0x157FCF: ??? (in /usr/bin/bash)
==2357==    by 0x15805C: ??? (in /usr/bin/bash)
==2357==    by 0x15ABCE: initialize_shell_variables (in /usr/bin/bash)
==2357==    by 0x138DC9: ??? (in /usr/bin/bash)
==2357==    by 0x137544: main (in /usr/bin/bash)
==2357== 
==2357== 9 bytes in 1 blocks are still reachable in loss record 75 of 304
==2357==    at 0x483B7F3: malloc (in /usr/lib/x86_64-linux-gnu/valgrind/vgpreload_memcheck-amd64-linux.so)
==2357==    by 0x1984F3: xmalloc (in /usr/bin/bash)
==2357==    by 0x157FED: ??? (in /usr/bin/bash)
==2357==    by 0x15805C: ??? (in /usr/bin/bash)
==2357==    by 0x15ABCE: initialize_shell_variables (in /usr/bin/bash)
==2357==    by 0x138DC9: ??? (in /usr/bin/bash)
==2357==    by 0x137544: main (in /usr/bin/bash)
==2357== 
==2357== 9 bytes in 1 blocks are still reachable in loss record 76 of 304
==2357==    at 0x483B7F3: malloc (in /usr/lib/x86_64-linux-gnu/valgrind/vgpreload_memcheck-amd64-linux.so)
==2357==    by 0x1984F3: xmalloc (in /usr/bin/bash)
==2357==    by 0x1544D7: ??? (in /usr/bin/bash)
==2357==    by 0x157FCF: ??? (in /usr/bin/bash)
==2357==    by 0x158D55: make_new_array_variable (in /usr/bin/bash)
==2357==    by 0x158DA7: ??? (in /usr/bin/bash)
==2357==    by 0x15B2CD: initialize_shell_variables (in /usr/bin/bash)
==2357==    by 0x138DC9: ??? (in /usr/bin/bash)
==2357==    by 0x137544: main (in /usr/bin/bash)
==2357== 
==2357== 9 bytes in 1 blocks are still reachable in loss record 77 of 304
==2357==    at 0x483B7F3: malloc (in /usr/lib/x86_64-linux-gnu/valgrind/vgpreload_memcheck-amd64-linux.so)
==2357==    by 0x1984F3: xmalloc (in /usr/bin/bash)
==2357==    by 0x157FED: ??? (in /usr/bin/bash)
==2357==    by 0x158D55: make_new_array_variable (in /usr/bin/bash)
==2357==    by 0x158DA7: ??? (in /usr/bin/bash)
==2357==    by 0x15B2CD: initialize_shell_variables (in /usr/bin/bash)
==2357==    by 0x138DC9: ??? (in /usr/bin/bash)
==2357==    by 0x137544: main (in /usr/bin/bash)
==2357== 
==2357== 9 bytes in 1 blocks are still reachable in loss record 78 of 304
==2357==    at 0x483B7F3: malloc (in /usr/lib/x86_64-linux-gnu/valgrind/vgpreload_memcheck-amd64-linux.so)
==2357==    by 0x1984F3: xmalloc (in /usr/bin/bash)
==2357==    by 0x1544D7: ??? (in /usr/bin/bash)
==2357==    by 0x157FCF: ??? (in /usr/bin/bash)
==2357==    by 0x158D55: make_new_array_variable (in /usr/bin/bash)
==2357==    by 0x15B64D: initialize_shell_variables (in /usr/bin/bash)
==2357==    by 0x138DC9: ??? (in /usr/bin/bash)
==2357==    by 0x137544: main (in /usr/bin/bash)
==2357== 
==2357== 9 bytes in 1 blocks are still reachable in loss record 79 of 304
==2357==    at 0x483B7F3: malloc (in /usr/lib/x86_64-linux-gnu/valgrind/vgpreload_memcheck-amd64-linux.so)
==2357==    by 0x1984F3: xmalloc (in /usr/bin/bash)
==2357==    by 0x157FED: ??? (in /usr/bin/bash)
==2357==    by 0x158D55: make_new_array_variable (in /usr/bin/bash)
==2357==    by 0x15B64D: initialize_shell_variables (in /usr/bin/bash)
==2357==    by 0x138DC9: ??? (in /usr/bin/bash)
==2357==    by 0x137544: main (in /usr/bin/bash)
==2357== 
==2357== 9 bytes in 1 blocks are still reachable in loss record 80 of 304
==2357==    at 0x483B7F3: malloc (in /usr/lib/x86_64-linux-gnu/valgrind/vgpreload_memcheck-amd64-linux.so)
==2357==    by 0x1984F3: xmalloc (in /usr/bin/bash)
==2357==    by 0x1544D7: ??? (in /usr/bin/bash)
==2357==    by 0x157FCF: ??? (in /usr/bin/bash)
==2357==    by 0x15805C: ??? (in /usr/bin/bash)
==2357==    by 0x1AC4B0: set_bashopts (in /usr/bin/bash)
==2357==    by 0x138E1C: ??? (in /usr/bin/bash)
==2357==    by 0x137544: main (in /usr/bin/bash)
==2357== 
==2357== 9 bytes in 1 blocks are still reachable in loss record 81 of 304
==2357==    at 0x483B7F3: malloc (in /usr/lib/x86_64-linux-gnu/valgrind/vgpreload_memcheck-amd64-linux.so)
==2357==    by 0x1984F3: xmalloc (in /usr/bin/bash)
==2357==    by 0x157FED: ??? (in /usr/bin/bash)
==2357==    by 0x15805C: ??? (in /usr/bin/bash)
==2357==    by 0x1AC4B0: set_bashopts (in /usr/bin/bash)
==2357==    by 0x138E1C: ??? (in /usr/bin/bash)
==2357==    by 0x137544: main (in /usr/bin/bash)
==2357== 
==2357== 10 bytes in 1 blocks are still reachable in loss record 82 of 304
==2357==    at 0x483B7F3: malloc (in /usr/lib/x86_64-linux-gnu/valgrind/vgpreload_memcheck-amd64-linux.so)
==2357==    by 0x1984F3: xmalloc (in /usr/bin/bash)
==2357==    by 0x156DA1: make_variable_value (in /usr/bin/bash)
==2357==    by 0x15806D: ??? (in /usr/bin/bash)
==2357==    by 0x15ABA8: initialize_shell_variables (in /usr/bin/bash)
==2357==    by 0x138DC9: ??? (in /usr/bin/bash)
==2357==    by 0x137544: main (in /usr/bin/bash)
==2357== 
==2357== 10 bytes in 1 blocks are still reachable in loss record 83 of 304
==2357==    at 0x483B7F3: malloc (in /usr/lib/x86_64-linux-gnu/valgrind/vgpreload_memcheck-amd64-linux.so)
==2357==    by 0x1984F3: xmalloc (in /usr/bin/bash)
==2357==    by 0x156DA1: make_variable_value (in /usr/bin/bash)
==2357==    by 0x15806D: ??? (in /usr/bin/bash)
==2357==    by 0x15AE90: initialize_shell_variables (in /usr/bin/bash)
==2357==    by 0x138DC9: ??? (in /usr/bin/bash)
==2357==    by 0x137544: main (in /usr/bin/bash)
==2357== 
==2357== 10 bytes in 1 blocks are still reachable in loss record 84 of 304
==2357==    at 0x483B7F3: malloc (in /usr/lib/x86_64-linux-gnu/valgrind/vgpreload_memcheck-amd64-linux.so)
==2357==    by 0x1984F3: xmalloc (in /usr/bin/bash)
==2357==    by 0x138D28: ??? (in /usr/bin/bash)
==2357==    by 0x15B81C: initialize_shell_variables (in /usr/bin/bash)
==2357==    by 0x138DC9: ??? (in /usr/bin/bash)
==2357==    by 0x137544: main (in /usr/bin/bash)
==2357== 
==2357== 10 bytes in 1 blocks are still reachable in loss record 85 of 304
==2357==    at 0x483B7F3: malloc (in /usr/lib/x86_64-linux-gnu/valgrind/vgpreload_memcheck-amd64-linux.so)
==2357==    by 0x1984F3: xmalloc (in /usr/bin/bash)
==2357==    by 0x156DA1: make_variable_value (in /usr/bin/bash)
==2357==    by 0x15806D: ??? (in /usr/bin/bash)
==2357==    by 0x15B635: initialize_shell_variables (in /usr/bin/bash)
==2357==    by 0x138DC9: ??? (in /usr/bin/bash)
==2357==    by 0x137544: main (in /usr/bin/bash)
==2357== 
==2357== 10 bytes in 1 blocks are still reachable in loss record 86 of 304
==2357==    at 0x483B7F3: malloc (in /usr/lib/x86_64-linux-gnu/valgrind/vgpreload_memcheck-amd64-linux.so)
==2357==    by 0x1984F3: xmalloc (in /usr/bin/bash)
==2357==    by 0x1544D7: ??? (in /usr/bin/bash)
==2357==    by 0x157FCF: ??? (in /usr/bin/bash)
==2357==    by 0x158D55: make_new_array_variable (in /usr/bin/bash)
==2357==    by 0x158DA7: ??? (in /usr/bin/bash)
==2357==    by 0x15B30B: initialize_shell_variables (in /usr/bin/bash)
==2357==    by 0x138DC9: ??? (in /usr/bin/bash)
==2357==    by 0x137544: main (in /usr/bin/bash)
==2357== 
==2357== 10 bytes in 1 blocks are still reachable in loss record 87 of 304
==2357==    at 0x483B7F3: malloc (in /usr/lib/x86_64-linux-gnu/valgrind/vgpreload_memcheck-amd64-linux.so)
==2357==    by 0x1984F3: xmalloc (in /usr/bin/bash)
==2357==    by 0x157FED: ??? (in /usr/bin/bash)
==2357==    by 0x158D55: make_new_array_variable (in /usr/bin/bash)
==2357==    by 0x158DA7: ??? (in /usr/bin/bash)
==2357==    by 0x15B30B: initialize_shell_variables (in /usr/bin/bash)
==2357==    by 0x138DC9: ??? (in /usr/bin/bash)
==2357==    by 0x137544: main (in /usr/bin/bash)
==2357== 
==2357== 10 bytes in 1 blocks are still reachable in loss record 88 of 304
==2357==    at 0x483B7F3: malloc (in /usr/lib/x86_64-linux-gnu/valgrind/vgpreload_memcheck-amd64-linux.so)
==2357==    by 0x1984F3: xmalloc (in /usr/bin/bash)
==2357==    by 0x1544D7: ??? (in /usr/bin/bash)
==2357==    by 0x157FCF: ??? (in /usr/bin/bash)
==2357==    by 0x158D55: make_new_array_variable (in /usr/bin/bash)
==2357==    by 0x158DA7: ??? (in /usr/bin/bash)
==2357==    by 0x15B32A: initialize_shell_variables (in /usr/bin/bash)
==2357==    by 0x138DC9: ??? (in /usr/bin/bash)
==2357==    by 0x137544: main (in /usr/bin/bash)
==2357== 
==2357== 10 bytes in 1 blocks are still reachable in loss record 89 of 304
==2357==    at 0x483B7F3: malloc (in /usr/lib/x86_64-linux-gnu/valgrind/vgpreload_memcheck-amd64-linux.so)
==2357==    by 0x1984F3: xmalloc (in /usr/bin/bash)
==2357==    by 0x157FED: ??? (in /usr/bin/bash)
==2357==    by 0x158D55: make_new_array_variable (in /usr/bin/bash)
==2357==    by 0x158DA7: ??? (in /usr/bin/bash)
==2357==    by 0x15B32A: initialize_shell_variables (in /usr/bin/bash)
==2357==    by 0x138DC9: ??? (in /usr/bin/bash)
==2357==    by 0x137544: main (in /usr/bin/bash)
==2357== 
==2357== 10 bytes in 1 blocks are still reachable in loss record 90 of 304
==2357==    at 0x483B7F3: malloc (in /usr/lib/x86_64-linux-gnu/valgrind/vgpreload_memcheck-amd64-linux.so)
==2357==    by 0x1984F3: xmalloc (in /usr/bin/bash)
==2357==    by 0x1544D7: ??? (in /usr/bin/bash)
==2357==    by 0x157FCF: ??? (in /usr/bin/bash)
==2357==    by 0x158DE5: make_new_assoc_variable (in /usr/bin/bash)
==2357==    by 0x15B6A9: initialize_shell_variables (in /usr/bin/bash)
==2357==    by 0x138DC9: ??? (in /usr/bin/bash)
==2357==    by 0x137544: main (in /usr/bin/bash)
==2357== 
==2357== 10 bytes in 1 blocks are still reachable in loss record 91 of 304
==2357==    at 0x483B7F3: malloc (in /usr/lib/x86_64-linux-gnu/valgrind/vgpreload_memcheck-amd64-linux.so)
==2357==    by 0x1984F3: xmalloc (in /usr/bin/bash)
==2357==    by 0x157FED: ??? (in /usr/bin/bash)
==2357==    by 0x158DE5: make_new_assoc_variable (in /usr/bin/bash)
==2357==    by 0x15B6A9: initialize_shell_variables (in /usr/bin/bash)
==2357==    by 0x138DC9: ??? (in /usr/bin/bash)
==2357==    by 0x137544: main (in /usr/bin/bash)
==2357== 
==2357== 10 bytes in 1 blocks are still reachable in loss record 92 of 304
==2357==    at 0x483B7F3: malloc (in /usr/lib/x86_64-linux-gnu/valgrind/vgpreload_memcheck-amd64-linux.so)
==2357==    by 0x1984F3: xmalloc (in /usr/bin/bash)
==2357==    by 0x1544D7: ??? (in /usr/bin/bash)
==2357==    by 0x157FCF: ??? (in /usr/bin/bash)
==2357==    by 0x15805C: ??? (in /usr/bin/bash)
==2357==    by 0x1A76E0: set_shellopts (in /usr/bin/bash)
==2357==    by 0x138DFD: ??? (in /usr/bin/bash)
==2357==    by 0x137544: main (in /usr/bin/bash)
==2357== 
==2357== 10 bytes in 1 blocks are still reachable in loss record 93 of 304
==2357==    at 0x483B7F3: malloc (in /usr/lib/x86_64-linux-gnu/valgrind/vgpreload_memcheck-amd64-linux.so)
==2357==    by 0x1984F3: xmalloc (in /usr/bin/bash)
==2357==    by 0x157FED: ??? (in /usr/bin/bash)
==2357==    by 0x15805C: ??? (in /usr/bin/bash)
==2357==    by 0x1A76E0: set_shellopts (in /usr/bin/bash)
==2357==    by 0x138DFD: ??? (in /usr/bin/bash)
==2357==    by 0x137544: main (in /usr/bin/bash)
==2357== 
==2357== 10 bytes in 1 blocks are still reachable in loss record 94 of 304
==2357==    at 0x483B7F3: malloc (in /usr/lib/x86_64-linux-gnu/valgrind/vgpreload_memcheck-amd64-linux.so)
==2357==    by 0x198577: xrealloc (in /usr/bin/bash)
==2357==    by 0x13FAB0: ??? (in /usr/bin/bash)
==2357==    by 0x142EC7: yyparse (in /usr/bin/bash)
==2357==    by 0x13929A: parse_command (in /usr/bin/bash)
==2357==    by 0x1393A6: read_command (in /usr/bin/bash)
==2357==    by 0x1395C9: reader_loop (in /usr/bin/bash)
==2357==    by 0x137EF8: main (in /usr/bin/bash)
==2357== 
==2357== 10 bytes in 1 blocks are still reachable in loss record 95 of 304
==2357==    at 0x483B7F3: malloc (in /usr/lib/x86_64-linux-gnu/valgrind/vgpreload_memcheck-amd64-linux.so)
==2357==    by 0x1984F3: xmalloc (in /usr/bin/bash)
==2357==    by 0x14F948: execute_command_internal (in /usr/bin/bash)
==2357==    by 0x1519D9: execute_command (in /usr/bin/bash)
==2357==    by 0x139664: reader_loop (in /usr/bin/bash)
==2357==    by 0x137EF8: main (in /usr/bin/bash)
==2357== 
==2357== 11 bytes in 1 blocks are still reachable in loss record 96 of 304
==2357==    at 0x483B7F3: malloc (in /usr/lib/x86_64-linux-gnu/valgrind/vgpreload_memcheck-amd64-linux.so)
==2357==    by 0x1984F3: xmalloc (in /usr/bin/bash)
==2357==    by 0x1544D7: ??? (in /usr/bin/bash)
==2357==    by 0x157FCF: ??? (in /usr/bin/bash)
==2357==    by 0x15805C: ??? (in /usr/bin/bash)
==2357==    by 0x15B13F: initialize_shell_variables (in /usr/bin/bash)
==2357==    by 0x138DC9: ??? (in /usr/bin/bash)
==2357==    by 0x137544: main (in /usr/bin/bash)
==2357== 
==2357== 11 bytes in 1 blocks are still reachable in loss record 97 of 304
==2357==    at 0x483B7F3: malloc (in /usr/lib/x86_64-linux-gnu/valgrind/vgpreload_memcheck-amd64-linux.so)
==2357==    by 0x1984F3: xmalloc (in /usr/bin/bash)
==2357==    by 0x157FED: ??? (in /usr/bin/bash)
==2357==    by 0x15805C: ??? (in /usr/bin/bash)
==2357==    by 0x15B13F: initialize_shell_variables (in /usr/bin/bash)
==2357==    by 0x138DC9: ??? (in /usr/bin/bash)
==2357==    by 0x137544: main (in /usr/bin/bash)
==2357== 
==2357== 11 bytes in 1 blocks are still reachable in loss record 98 of 304
==2357==    at 0x483B7F3: malloc (in /usr/lib/x86_64-linux-gnu/valgrind/vgpreload_memcheck-amd64-linux.so)
==2357==    by 0x1984F3: xmalloc (in /usr/bin/bash)
==2357==    by 0x1544D7: ??? (in /usr/bin/bash)
==2357==    by 0x157FCF: ??? (in /usr/bin/bash)
==2357==    by 0x158D55: make_new_array_variable (in /usr/bin/bash)
==2357==    by 0x15C10B: set_pipestatus_array (in /usr/bin/bash)
==2357==    by 0x15172F: execute_command_internal (in /usr/bin/bash)
==2357==    by 0x1519D9: execute_command (in /usr/bin/bash)
==2357==    by 0x139664: reader_loop (in /usr/bin/bash)
==2357==    by 0x137EF8: main (in /usr/bin/bash)
==2357== 
==2357== 11 bytes in 1 blocks are still reachable in loss record 99 of 304
==2357==    at 0x483B7F3: malloc (in /usr/lib/x86_64-linux-gnu/valgrind/vgpreload_memcheck-amd64-linux.so)
==2357==    by 0x1984F3: xmalloc (in /usr/bin/bash)
==2357==    by 0x157FED: ??? (in /usr/bin/bash)
==2357==    by 0x158D55: make_new_array_variable (in /usr/bin/bash)
==2357==    by 0x15C10B: set_pipestatus_array (in /usr/bin/bash)
==2357==    by 0x15172F: execute_command_internal (in /usr/bin/bash)
==2357==    by 0x1519D9: execute_command (in /usr/bin/bash)
==2357==    by 0x139664: reader_loop (in /usr/bin/bash)
==2357==    by 0x137EF8: main (in /usr/bin/bash)
==2357== 
==2357== 12 bytes in 1 blocks are still reachable in loss record 100 of 304
==2357==    at 0x483B7F3: malloc (in /usr/lib/x86_64-linux-gnu/valgrind/vgpreload_memcheck-amd64-linux.so)
==2357==    by 0x1984F3: xmalloc (in /usr/bin/bash)
==2357==    by 0x1544D7: ??? (in /usr/bin/bash)
==2357==    by 0x157FCF: ??? (in /usr/bin/bash)
==2357==    by 0x158D55: make_new_array_variable (in /usr/bin/bash)
==2357==    by 0x158DA7: ??? (in /usr/bin/bash)
==2357==    by 0x15B349: initialize_shell_variables (in /usr/bin/bash)
==2357==    by 0x138DC9: ??? (in /usr/bin/bash)
==2357==    by 0x137544: main (in /usr/bin/bash)
==2357== 
==2357== 12 bytes in 1 blocks are still reachable in loss record 101 of 304
==2357==    at 0x483B7F3: malloc (in /usr/lib/x86_64-linux-gnu/valgrind/vgpreload_memcheck-amd64-linux.so)
==2357==    by 0x1984F3: xmalloc (in /usr/bin/bash)
==2357==    by 0x157FED: ??? (in /usr/bin/bash)
==2357==    by 0x158D55: make_new_array_variable (in /usr/bin/bash)
==2357==    by 0x158DA7: ??? (in /usr/bin/bash)
==2357==    by 0x15B349: initialize_shell_variables (in /usr/bin/bash)
==2357==    by 0x138DC9: ??? (in /usr/bin/bash)
==2357==    by 0x137544: main (in /usr/bin/bash)
==2357== 
==2357== 12 bytes in 1 blocks are still reachable in loss record 102 of 304
==2357==    at 0x483B7F3: malloc (in /usr/lib/x86_64-linux-gnu/valgrind/vgpreload_memcheck-amd64-linux.so)
==2357==    by 0x1984F3: xmalloc (in /usr/bin/bash)
==2357==    by 0x1544D7: ??? (in /usr/bin/bash)
==2357==    by 0x157FCF: ??? (in /usr/bin/bash)
==2357==    by 0x158D55: make_new_array_variable (in /usr/bin/bash)
==2357==    by 0x158DA7: ??? (in /usr/bin/bash)
==2357==    by 0x15B368: initialize_shell_variables (in /usr/bin/bash)
==2357==    by 0x138DC9: ??? (in /usr/bin/bash)
==2357==    by 0x137544: main (in /usr/bin/bash)
==2357== 
==2357== 12 bytes in 1 blocks are still reachable in loss record 103 of 304
==2357==    at 0x483B7F3: malloc (in /usr/lib/x86_64-linux-gnu/valgrind/vgpreload_memcheck-amd64-linux.so)
==2357==    by 0x1984F3: xmalloc (in /usr/bin/bash)
==2357==    by 0x157FED: ??? (in /usr/bin/bash)
==2357==    by 0x158D55: make_new_array_variable (in /usr/bin/bash)
==2357==    by 0x158DA7: ??? (in /usr/bin/bash)
==2357==    by 0x15B368: initialize_shell_variables (in /usr/bin/bash)
==2357==    by 0x138DC9: ??? (in /usr/bin/bash)
==2357==    by 0x137544: main (in /usr/bin/bash)
==2357== 
==2357== 13 bytes in 1 blocks are still reachable in loss record 104 of 304
==2357==    at 0x483B7F3: malloc (in /usr/lib/x86_64-linux-gnu/valgrind/vgpreload_memcheck-amd64-linux.so)
==2357==    by 0x1984F3: xmalloc (in /usr/bin/bash)
==2357==    by 0x138ECE: ??? (in /usr/bin/bash)
==2357==    by 0x137544: main (in /usr/bin/bash)
==2357== 
==2357== 13 bytes in 1 blocks are still reachable in loss record 105 of 304
==2357==    at 0x483B7F3: malloc (in /usr/lib/x86_64-linux-gnu/valgrind/vgpreload_memcheck-amd64-linux.so)
==2357==    by 0x1984F3: xmalloc (in /usr/bin/bash)
==2357==    by 0x156DA1: make_variable_value (in /usr/bin/bash)
==2357==    by 0x15806D: ??? (in /usr/bin/bash)
==2357==    by 0x15ABCE: initialize_shell_variables (in /usr/bin/bash)
==2357==    by 0x138DC9: ??? (in /usr/bin/bash)
==2357==    by 0x137544: main (in /usr/bin/bash)
==2357== 
==2357== 13 bytes in 1 blocks are still reachable in loss record 106 of 304
==2357==    at 0x483B7F3: malloc (in /usr/lib/x86_64-linux-gnu/valgrind/vgpreload_memcheck-amd64-linux.so)
==2357==    by 0x1984F3: xmalloc (in /usr/bin/bash)
==2357==    by 0x1544D7: ??? (in /usr/bin/bash)
==2357==    by 0x157FCF: ??? (in /usr/bin/bash)
==2357==    by 0x15805C: ??? (in /usr/bin/bash)
==2357==    by 0x15AECB: initialize_shell_variables (in /usr/bin/bash)
==2357==    by 0x138DC9: ??? (in /usr/bin/bash)
==2357==    by 0x137544: main (in /usr/bin/bash)
==2357== 
==2357== 13 bytes in 1 blocks are still reachable in loss record 107 of 304
==2357==    at 0x483B7F3: malloc (in /usr/lib/x86_64-linux-gnu/valgrind/vgpreload_memcheck-amd64-linux.so)
==2357==    by 0x1984F3: xmalloc (in /usr/bin/bash)
==2357==    by 0x157FED: ??? (in /usr/bin/bash)
==2357==    by 0x15805C: ??? (in /usr/bin/bash)
==2357==    by 0x15AECB: initialize_shell_variables (in /usr/bin/bash)
==2357==    by 0x138DC9: ??? (in /usr/bin/bash)
==2357==    by 0x137544: main (in /usr/bin/bash)
==2357== 
==2357== 13 bytes in 1 blocks are still reachable in loss record 108 of 304
==2357==    at 0x483B7F3: malloc (in /usr/lib/x86_64-linux-gnu/valgrind/vgpreload_memcheck-amd64-linux.so)
==2357==    by 0x1984F3: xmalloc (in /usr/bin/bash)
==2357==    by 0x1544D7: ??? (in /usr/bin/bash)
==2357==    by 0x157FCF: ??? (in /usr/bin/bash)
==2357==    by 0x15805C: ??? (in /usr/bin/bash)
==2357==    by 0x15B165: initialize_shell_variables (in /usr/bin/bash)
==2357==    by 0x138DC9: ??? (in /usr/bin/bash)
==2357==    by 0x137544: main (in /usr/bin/bash)
==2357== 
==2357== 13 bytes in 1 blocks are still reachable in loss record 109 of 304
==2357==    at 0x483B7F3: malloc (in /usr/lib/x86_64-linux-gnu/valgrind/vgpreload_memcheck-amd64-linux.so)
==2357==    by 0x1984F3: xmalloc (in /usr/bin/bash)
==2357==    by 0x157FED: ??? (in /usr/bin/bash)
==2357==    by 0x15805C: ??? (in /usr/bin/bash)
==2357==    by 0x15B165: initialize_shell_variables (in /usr/bin/bash)
==2357==    by 0x138DC9: ??? (in /usr/bin/bash)
==2357==    by 0x137544: main (in /usr/bin/bash)
==2357== 
==2357== 13 bytes in 1 blocks are still reachable in loss record 110 of 304
==2357==    at 0x483B7F3: malloc (in /usr/lib/x86_64-linux-gnu/valgrind/vgpreload_memcheck-amd64-linux.so)
==2357==    by 0x1984F3: xmalloc (in /usr/bin/bash)
==2357==    by 0x1544D7: ??? (in /usr/bin/bash)
==2357==    by 0x157FCF: ??? (in /usr/bin/bash)
==2357==    by 0x15805C: ??? (in /usr/bin/bash)
==2357==    by 0x15B228: initialize_shell_variables (in /usr/bin/bash)
==2357==    by 0x138DC9: ??? (in /usr/bin/bash)
==2357==    by 0x137544: main (in /usr/bin/bash)
==2357== 
==2357== 13 bytes in 1 blocks are still reachable in loss record 111 of 304
==2357==    at 0x483B7F3: malloc (in /usr/lib/x86_64-linux-gnu/valgrind/vgpreload_memcheck-amd64-linux.so)
==2357==    by 0x1984F3: xmalloc (in /usr/bin/bash)
==2357==    by 0x157FED: ??? (in /usr/bin/bash)
==2357==    by 0x15805C: ??? (in /usr/bin/bash)
==2357==    by 0x15B228: initialize_shell_variables (in /usr/bin/bash)
==2357==    by 0x138DC9: ??? (in /usr/bin/bash)
==2357==    by 0x137544: main (in /usr/bin/bash)
==2357== 
==2357== 13 bytes in 1 blocks are still reachable in loss record 112 of 304
==2357==    at 0x483B7F3: malloc (in /usr/lib/x86_64-linux-gnu/valgrind/vgpreload_memcheck-amd64-linux.so)
==2357==    by 0x1984F3: xmalloc (in /usr/bin/bash)
==2357==    by 0x1544D7: ??? (in /usr/bin/bash)
==2357==    by 0x157FCF: ??? (in /usr/bin/bash)
==2357==    by 0x158DE5: make_new_assoc_variable (in /usr/bin/bash)
==2357==    by 0x15B67B: initialize_shell_variables (in /usr/bin/bash)
==2357==    by 0x138DC9: ??? (in /usr/bin/bash)
==2357==    by 0x137544: main (in /usr/bin/bash)
==2357== 
==2357== 13 bytes in 1 blocks are still reachable in loss record 113 of 304
==2357==    at 0x483B7F3: malloc (in /usr/lib/x86_64-linux-gnu/valgrind/vgpreload_memcheck-amd64-linux.so)
==2357==    by 0x1984F3: xmalloc (in /usr/bin/bash)
==2357==    by 0x157FED: ??? (in /usr/bin/bash)
==2357==    by 0x158DE5: make_new_assoc_variable (in /usr/bin/bash)
==2357==    by 0x15B67B: initialize_shell_variables (in /usr/bin/bash)
==2357==    by 0x138DC9: ??? (in /usr/bin/bash)
==2357==    by 0x137544: main (in /usr/bin/bash)
==2357== 
==2357== 14 bytes in 1 blocks are still reachable in loss record 114 of 304
==2357==    at 0x483B7F3: malloc (in /usr/lib/x86_64-linux-gnu/valgrind/vgpreload_memcheck-amd64-linux.so)
==2357==    by 0x1984F3: xmalloc (in /usr/bin/bash)
==2357==    by 0x1544D7: ??? (in /usr/bin/bash)
==2357==    by 0x157FCF: ??? (in /usr/bin/bash)
==2357==    by 0x158D55: make_new_array_variable (in /usr/bin/bash)
==2357==    by 0x15AEE3: initialize_shell_variables (in /usr/bin/bash)
==2357==    by 0x138DC9: ??? (in /usr/bin/bash)
==2357==    by 0x137544: main (in /usr/bin/bash)
==2357== 
==2357== 14 bytes in 1 blocks are still reachable in loss record 115 of 304
==2357==    at 0x483B7F3: malloc (in /usr/lib/x86_64-linux-gnu/valgrind/vgpreload_memcheck-amd64-linux.so)
==2357==    by 0x1984F3: xmalloc (in /usr/bin/bash)
==2357==    by 0x157FED: ??? (in /usr/bin/bash)
==2357==    by 0x158D55: make_new_array_variable (in /usr/bin/bash)
==2357==    by 0x15AEE3: initialize_shell_variables (in /usr/bin/bash)
==2357==    by 0x138DC9: ??? (in /usr/bin/bash)
==2357==    by 0x137544: main (in /usr/bin/bash)
==2357== 
==2357== 14 bytes in 1 blocks are still reachable in loss record 116 of 304
==2357==    at 0x483B7F3: malloc (in /usr/lib/x86_64-linux-gnu/valgrind/vgpreload_memcheck-amd64-linux.so)
==2357==    by 0x1984F3: xmalloc (in /usr/bin/bash)
==2357==    by 0x1544D7: ??? (in /usr/bin/bash)
==2357==    by 0x157FCF: ??? (in /usr/bin/bash)
==2357==    by 0x15805C: ??? (in /usr/bin/bash)
==2357==    by 0x15B188: initialize_shell_variables (in /usr/bin/bash)
==2357==    by 0x138DC9: ??? (in /usr/bin/bash)
==2357==    by 0x137544: main (in /usr/bin/bash)
==2357== 
==2357== 14 bytes in 1 blocks are still reachable in loss record 117 of 304
==2357==    at 0x483B7F3: malloc (in /usr/lib/x86_64-linux-gnu/valgrind/vgpreload_memcheck-amd64-linux.so)
==2357==    by 0x1984F3: xmalloc (in /usr/bin/bash)
==2357==    by 0x157FED: ??? (in /usr/bin/bash)
==2357==    by 0x15805C: ??? (in /usr/bin/bash)
==2357==    by 0x15B188: initialize_shell_variables (in /usr/bin/bash)
==2357==    by 0x138DC9: ??? (in /usr/bin/bash)
==2357==    by 0x137544: main (in /usr/bin/bash)
==2357== 
==2357== 14 bytes in 1 blocks are still reachable in loss record 118 of 304
==2357==    at 0x483B7F3: malloc (in /usr/lib/x86_64-linux-gnu/valgrind/vgpreload_memcheck-amd64-linux.so)
==2357==    by 0x1984F3: xmalloc (in /usr/bin/bash)
==2357==    by 0x1544D7: ??? (in /usr/bin/bash)
==2357==    by 0x157FCF: ??? (in /usr/bin/bash)
==2357==    by 0x15805C: ??? (in /usr/bin/bash)
==2357==    by 0x15B24E: initialize_shell_variables (in /usr/bin/bash)
==2357==    by 0x138DC9: ??? (in /usr/bin/bash)
==2357==    by 0x137544: main (in /usr/bin/bash)
==2357== 
==2357== 14 bytes in 1 blocks are still reachable in loss record 119 of 304
==2357==    at 0x483B7F3: malloc (in /usr/lib/x86_64-linux-gnu/valgrind/vgpreload_memcheck-amd64-linux.so)
==2357==    by 0x1984F3: xmalloc (in /usr/bin/bash)
==2357==    by 0x157FED: ??? (in /usr/bin/bash)
==2357==    by 0x15805C: ??? (in /usr/bin/bash)
==2357==    by 0x15B24E: initialize_shell_variables (in /usr/bin/bash)
==2357==    by 0x138DC9: ??? (in /usr/bin/bash)
==2357==    by 0x137544: main (in /usr/bin/bash)
==2357== 
==2357== 16 bytes in 1 blocks are still reachable in loss record 120 of 304
==2357==    at 0x483B7F3: malloc (in /usr/lib/x86_64-linux-gnu/valgrind/vgpreload_memcheck-amd64-linux.so)
==2357==    by 0x1984F3: xmalloc (in /usr/bin/bash)
==2357==    by 0x14789D: tilde_initialize (in /usr/bin/bash)
==2357==    by 0x138DA5: ??? (in /usr/bin/bash)
==2357==    by 0x137544: main (in /usr/bin/bash)
==2357== 
==2357== 16 bytes in 1 blocks are still reachable in loss record 121 of 304
==2357==    at 0x483B7F3: malloc (in /usr/lib/x86_64-linux-gnu/valgrind/vgpreload_memcheck-amd64-linux.so)
==2357==    by 0x1984F3: xmalloc (in /usr/bin/bash)
==2357==    by 0x1478EE: tilde_initialize (in /usr/bin/bash)
==2357==    by 0x138DA5: ??? (in /usr/bin/bash)
==2357==    by 0x137544: main (in /usr/bin/bash)
==2357== 
==2357== 16 bytes in 1 blocks are still reachable in loss record 122 of 304
==2357==    at 0x483B7F3: malloc (in /usr/lib/x86_64-linux-gnu/valgrind/vgpreload_memcheck-amd64-linux.so)
==2357==    by 0x1984F3: xmalloc (in /usr/bin/bash)
==2357==    by 0x17B6F6: hash_create (in /usr/bin/bash)
==2357==    by 0x157F8A: ??? (in /usr/bin/bash)
==2357==    by 0x15AAAB: initialize_shell_variables (in /usr/bin/bash)
==2357==    by 0x138DC9: ??? (in /usr/bin/bash)
==2357==    by 0x137544: main (in /usr/bin/bash)
==2357== 
==2357== 16 bytes in 1 blocks are still reachable in loss record 123 of 304
==2357==    at 0x483B7F3: malloc (in /usr/lib/x86_64-linux-gnu/valgrind/vgpreload_memcheck-amd64-linux.so)
==2357==    by 0x1984F3: xmalloc (in /usr/bin/bash)
==2357==    by 0x17B6F6: hash_create (in /usr/bin/bash)
==2357==    by 0x157FA9: ??? (in /usr/bin/bash)
==2357==    by 0x15AAAB: initialize_shell_variables (in /usr/bin/bash)
==2357==    by 0x138DC9: ??? (in /usr/bin/bash)
==2357==    by 0x137544: main (in /usr/bin/bash)
==2357== 
==2357== 16 bytes in 1 blocks are still reachable in loss record 124 of 304
==2357==    at 0x483B7F3: malloc (in /usr/lib/x86_64-linux-gnu/valgrind/vgpreload_memcheck-amd64-linux.so)
==2357==    by 0x1984F3: xmalloc (in /usr/bin/bash)
==2357==    by 0x17B6F6: hash_create (in /usr/bin/bash)
==2357==    by 0x157F51: ??? (in /usr/bin/bash)
==2357==    by 0x15AAAB: initialize_shell_variables (in /usr/bin/bash)
==2357==    by 0x138DC9: ??? (in /usr/bin/bash)
==2357==    by 0x137544: main (in /usr/bin/bash)
==2357== 
==2357== 16 bytes in 1 blocks are still reachable in loss record 125 of 304
==2357==    at 0x483B7F3: malloc (in /usr/lib/x86_64-linux-gnu/valgrind/vgpreload_memcheck-amd64-linux.so)
==2357==    by 0x1984F3: xmalloc (in /usr/bin/bash)
==2357==    by 0x1544D7: ??? (in /usr/bin/bash)
==2357==    by 0x157FCF: ??? (in /usr/bin/bash)
==2357==    by 0x15805C: ??? (in /usr/bin/bash)
==2357==    by 0x15B2A2: initialize_shell_variables (in /usr/bin/bash)
==2357==    by 0x138DC9: ??? (in /usr/bin/bash)
==2357==    by 0x137544: main (in /usr/bin/bash)
==2357== 
==2357== 16 bytes in 1 blocks are still reachable in loss record 126 of 304
==2357==    at 0x483B7F3: malloc (in /usr/lib/x86_64-linux-gnu/valgrind/vgpreload_memcheck-amd64-linux.so)
==2357==    by 0x1984F3: xmalloc (in /usr/bin/bash)
==2357==    by 0x157FED: ??? (in /usr/bin/bash)
==2357==    by 0x15805C: ??? (in /usr/bin/bash)
==2357==    by 0x15B2A2: initialize_shell_variables (in /usr/bin/bash)
==2357==    by 0x138DC9: ??? (in /usr/bin/bash)
==2357==    by 0x137544: main (in /usr/bin/bash)
==2357== 
==2357== 16 bytes in 1 blocks are still reachable in loss record 127 of 304
==2357==    at 0x483B7F3: malloc (in /usr/lib/x86_64-linux-gnu/valgrind/vgpreload_memcheck-amd64-linux.so)
==2357==    by 0x1984F3: xmalloc (in /usr/bin/bash)
==2357==    by 0x17B6F6: hash_create (in /usr/bin/bash)
==2357==    by 0x158DEF: make_new_assoc_variable (in /usr/bin/bash)
==2357==    by 0x15B6A9: initialize_shell_variables (in /usr/bin/bash)
==2357==    by 0x138DC9: ??? (in /usr/bin/bash)
==2357==    by 0x137544: main (in /usr/bin/bash)
==2357== 
==2357== 16 bytes in 1 blocks are still reachable in loss record 128 of 304
==2357==    at 0x483B7F3: malloc (in /usr/lib/x86_64-linux-gnu/valgrind/vgpreload_memcheck-amd64-linux.so)
==2357==    by 0x1984F3: xmalloc (in /usr/bin/bash)
==2357==    by 0x17B6F6: hash_create (in /usr/bin/bash)
==2357==    by 0x158DEF: make_new_assoc_variable (in /usr/bin/bash)
==2357==    by 0x15B67B: initialize_shell_variables (in /usr/bin/bash)
==2357==    by 0x138DC9: ??? (in /usr/bin/bash)
==2357==    by 0x137544: main (in /usr/bin/bash)
==2357== 
==2357== 16 bytes in 1 blocks are still reachable in loss record 129 of 304
==2357==    at 0x483B7F3: malloc (in /usr/lib/x86_64-linux-gnu/valgrind/vgpreload_memcheck-amd64-linux.so)
==2357==    by 0x1984F3: xmalloc (in /usr/bin/bash)
==2357==    by 0x148045: alloc_word_desc (in /usr/bin/bash)
==2357==    by 0x141419: ??? (in /usr/bin/bash)
==2357==    by 0x142EC7: yyparse (in /usr/bin/bash)
==2357==    by 0x13929A: parse_command (in /usr/bin/bash)
==2357==    by 0x1393A6: read_command (in /usr/bin/bash)
==2357==    by 0x1395C9: reader_loop (in /usr/bin/bash)
==2357==    by 0x137EF8: main (in /usr/bin/bash)
==2357== 
==2357== 16 bytes in 1 blocks are still reachable in loss record 130 of 304
==2357==    at 0x483B7F3: malloc (in /usr/lib/x86_64-linux-gnu/valgrind/vgpreload_memcheck-amd64-linux.so)
==2357==    by 0x1984F3: xmalloc (in /usr/bin/bash)
==2357==    by 0x148045: alloc_word_desc (in /usr/bin/bash)
==2357==    by 0x140C67: ??? (in /usr/bin/bash)
==2357==    by 0x142EC7: yyparse (in /usr/bin/bash)
==2357==    by 0x13929A: parse_command (in /usr/bin/bash)
==2357==    by 0x1393A6: read_command (in /usr/bin/bash)
==2357==    by 0x1395C9: reader_loop (in /usr/bin/bash)
==2357==    by 0x137EF8: main (in /usr/bin/bash)
==2357== 
==2357== 16 bytes in 1 blocks are still reachable in loss record 131 of 304
==2357==    at 0x483B7F3: malloc (in /usr/lib/x86_64-linux-gnu/valgrind/vgpreload_memcheck-amd64-linux.so)
==2357==    by 0x1984F3: xmalloc (in /usr/bin/bash)
==2357==    by 0x1482D9: make_word_list (in /usr/bin/bash)
==2357==    by 0x148AB8: make_simple_command (in /usr/bin/bash)
==2357==    by 0x14353F: yyparse (in /usr/bin/bash)
==2357==    by 0x13929A: parse_command (in /usr/bin/bash)
==2357==    by 0x1393A6: read_command (in /usr/bin/bash)
==2357==    by 0x1395C9: reader_loop (in /usr/bin/bash)
==2357==    by 0x137EF8: main (in /usr/bin/bash)
==2357== 
==2357== 16 bytes in 1 blocks are still reachable in loss record 132 of 304
==2357==    at 0x483B7F3: malloc (in /usr/lib/x86_64-linux-gnu/valgrind/vgpreload_memcheck-amd64-linux.so)
==2357==    by 0x1984F3: xmalloc (in /usr/bin/bash)
==2357==    by 0x1482D9: make_word_list (in /usr/bin/bash)
==2357==    by 0x148AB8: make_simple_command (in /usr/bin/bash)
==2357==    by 0x143516: yyparse (in /usr/bin/bash)
==2357==    by 0x13929A: parse_command (in /usr/bin/bash)
==2357==    by 0x1393A6: read_command (in /usr/bin/bash)
==2357==    by 0x1395C9: reader_loop (in /usr/bin/bash)
==2357==    by 0x137EF8: main (in /usr/bin/bash)
==2357== 
==2357== 16 bytes in 1 blocks are still reachable in loss record 133 of 304
==2357==    at 0x483B7F3: malloc (in /usr/lib/x86_64-linux-gnu/valgrind/vgpreload_memcheck-amd64-linux.so)
==2357==    by 0x1984F3: xmalloc (in /usr/bin/bash)
==2357==    by 0x148045: alloc_word_desc (in /usr/bin/bash)
==2357==    by 0x148072: make_bare_word (in /usr/bin/bash)
==2357==    by 0x15C2F5: copy_word_list (in /usr/bin/bash)
==2357==    by 0x17A74F: ??? (in /usr/bin/bash)
==2357==    by 0x14FB29: execute_command_internal (in /usr/bin/bash)
==2357==    by 0x1519D9: execute_command (in /usr/bin/bash)
==2357==    by 0x139664: reader_loop (in /usr/bin/bash)
==2357==    by 0x137EF8: main (in /usr/bin/bash)
==2357== 
==2357== 16 bytes in 1 blocks are still reachable in loss record 134 of 304
==2357==    at 0x483B7F3: malloc (in /usr/lib/x86_64-linux-gnu/valgrind/vgpreload_memcheck-amd64-linux.so)
==2357==    by 0x1984F3: xmalloc (in /usr/bin/bash)
==2357==    by 0x1482D9: make_word_list (in /usr/bin/bash)
==2357==    by 0x15C305: copy_word_list (in /usr/bin/bash)
==2357==    by 0x17A74F: ??? (in /usr/bin/bash)
==2357==    by 0x14FB29: execute_command_internal (in /usr/bin/bash)
==2357==    by 0x1519D9: execute_command (in /usr/bin/bash)
==2357==    by 0x139664: reader_loop (in /usr/bin/bash)
==2357==    by 0x137EF8: main (in /usr/bin/bash)
==2357== 
==2357== 16 bytes in 1 blocks are still reachable in loss record 135 of 304
==2357==    at 0x483B7F3: malloc (in /usr/lib/x86_64-linux-gnu/valgrind/vgpreload_memcheck-amd64-linux.so)
==2357==    by 0x1984F3: xmalloc (in /usr/bin/bash)
==2357==    by 0x148045: alloc_word_desc (in /usr/bin/bash)
==2357==    by 0x148072: make_bare_word (in /usr/bin/bash)
==2357==    by 0x15C2C4: copy_word_list (in /usr/bin/bash)
==2357==    by 0x17A74F: ??? (in /usr/bin/bash)
==2357==    by 0x14FB29: execute_command_internal (in /usr/bin/bash)
==2357==    by 0x1519D9: execute_command (in /usr/bin/bash)
==2357==    by 0x139664: reader_loop (in /usr/bin/bash)
==2357==    by 0x137EF8: main (in /usr/bin/bash)
==2357== 
==2357== 16 bytes in 1 blocks are still reachable in loss record 136 of 304
==2357==    at 0x483B7F3: malloc (in /usr/lib/x86_64-linux-gnu/valgrind/vgpreload_memcheck-amd64-linux.so)
==2357==    by 0x1984F3: xmalloc (in /usr/bin/bash)
==2357==    by 0x1482D9: make_word_list (in /usr/bin/bash)
==2357==    by 0x15C2D4: copy_word_list (in /usr/bin/bash)
==2357==    by 0x17A74F: ??? (in /usr/bin/bash)
==2357==    by 0x14FB29: execute_command_internal (in /usr/bin/bash)
==2357==    by 0x1519D9: execute_command (in /usr/bin/bash)
==2357==    by 0x139664: reader_loop (in /usr/bin/bash)
==2357==    by 0x137EF8: main (in /usr/bin/bash)
==2357== 
==2357== 16 bytes in 1 blocks are still reachable in loss record 137 of 304
==2357==    at 0x483B7F3: malloc (in /usr/lib/x86_64-linux-gnu/valgrind/vgpreload_memcheck-amd64-linux.so)
==2357==    by 0x1984F3: xmalloc (in /usr/bin/bash)
==2357==    by 0x148045: alloc_word_desc (in /usr/bin/bash)
==2357==    by 0x176AFB: ??? (in /usr/bin/bash)
==2357==    by 0x17A90E: ??? (in /usr/bin/bash)
==2357==    by 0x14FB29: execute_command_internal (in /usr/bin/bash)
==2357==    by 0x1519D9: execute_command (in /usr/bin/bash)
==2357==    by 0x139664: reader_loop (in /usr/bin/bash)
==2357==    by 0x137EF8: main (in /usr/bin/bash)
==2357== 
==2357== 16 bytes in 1 blocks are still reachable in loss record 138 of 304
==2357==    at 0x483B7F3: malloc (in /usr/lib/x86_64-linux-gnu/valgrind/vgpreload_memcheck-amd64-linux.so)
==2357==    by 0x1984F3: xmalloc (in /usr/bin/bash)
==2357==    by 0x1482D9: make_word_list (in /usr/bin/bash)
==2357==    by 0x176BD0: ??? (in /usr/bin/bash)
==2357==    by 0x17A90E: ??? (in /usr/bin/bash)
==2357==    by 0x14FB29: execute_command_internal (in /usr/bin/bash)
==2357==    by 0x1519D9: execute_command (in /usr/bin/bash)
==2357==    by 0x139664: reader_loop (in /usr/bin/bash)
==2357==    by 0x137EF8: main (in /usr/bin/bash)
==2357== 
==2357== 16 bytes in 1 blocks are still reachable in loss record 139 of 304
==2357==    at 0x483B7F3: malloc (in /usr/lib/x86_64-linux-gnu/valgrind/vgpreload_memcheck-amd64-linux.so)
==2357==    by 0x1984F3: xmalloc (in /usr/bin/bash)
==2357==    by 0x148045: alloc_word_desc (in /usr/bin/bash)
==2357==    by 0x1773AC: ??? (in /usr/bin/bash)
==2357==    by 0x17A90E: ??? (in /usr/bin/bash)
==2357==    by 0x14FB29: execute_command_internal (in /usr/bin/bash)
==2357==    by 0x1519D9: execute_command (in /usr/bin/bash)
==2357==    by 0x139664: reader_loop (in /usr/bin/bash)
==2357==    by 0x137EF8: main (in /usr/bin/bash)
==2357== 
==2357== 16 bytes in 1 blocks are still reachable in loss record 140 of 304
==2357==    at 0x483B7F3: malloc (in /usr/lib/x86_64-linux-gnu/valgrind/vgpreload_memcheck-amd64-linux.so)
==2357==    by 0x1984F3: xmalloc (in /usr/bin/bash)
==2357==    by 0x148045: alloc_word_desc (in /usr/bin/bash)
==2357==    by 0x176AFB: ??? (in /usr/bin/bash)
==2357==    by 0x17742D: ??? (in /usr/bin/bash)
==2357==    by 0x17A90E: ??? (in /usr/bin/bash)
==2357==    by 0x14FB29: execute_command_internal (in /usr/bin/bash)
==2357==    by 0x1519D9: execute_command (in /usr/bin/bash)
==2357==    by 0x139664: reader_loop (in /usr/bin/bash)
==2357==    by 0x137EF8: main (in /usr/bin/bash)
==2357== 
==2357== 16 bytes in 1 blocks are still reachable in loss record 141 of 304
==2357==    at 0x483B7F3: malloc (in /usr/lib/x86_64-linux-gnu/valgrind/vgpreload_memcheck-amd64-linux.so)
==2357==    by 0x1984F3: xmalloc (in /usr/bin/bash)
==2357==    by 0x1482D9: make_word_list (in /usr/bin/bash)
==2357==    by 0x176BD0: ??? (in /usr/bin/bash)
==2357==    by 0x17742D: ??? (in /usr/bin/bash)
==2357==    by 0x17A90E: ??? (in /usr/bin/bash)
==2357==    by 0x14FB29: execute_command_internal (in /usr/bin/bash)
==2357==    by 0x1519D9: execute_command (in /usr/bin/bash)
==2357==    by 0x139664: reader_loop (in /usr/bin/bash)
==2357==    by 0x137EF8: main (in /usr/bin/bash)
==2357== 
==2357== 16 bytes in 1 blocks are still reachable in loss record 142 of 304
==2357==    at 0x483B7F3: malloc (in /usr/lib/x86_64-linux-gnu/valgrind/vgpreload_memcheck-amd64-linux.so)
==2357==    by 0x1984F3: xmalloc (in /usr/bin/bash)
==2357==    by 0x1482D9: make_word_list (in /usr/bin/bash)
==2357==    by 0x16F007: list_string (in /usr/bin/bash)
==2357==    by 0x1719CE: ??? (in /usr/bin/bash)
==2357==    by 0x17ABAC: ??? (in /usr/bin/bash)
==2357==    by 0x14FB29: execute_command_internal (in /usr/bin/bash)
==2357==    by 0x1519D9: execute_command (in /usr/bin/bash)
==2357==    by 0x139664: reader_loop (in /usr/bin/bash)
==2357==    by 0x137EF8: main (in /usr/bin/bash)
==2357== 
==2357== 17 bytes in 1 blocks are still reachable in loss record 143 of 304
==2357==    at 0x483DFAF: realloc (in /usr/lib/x86_64-linux-gnu/valgrind/vgpreload_memcheck-amd64-linux.so)
==2357==    by 0x4994297: getcwd (getcwd.c:84)
==2357==    by 0x19ADCC: get_working_directory (in /usr/bin/bash)
==2357==    by 0x15942E: set_pwd (in /usr/bin/bash)
==2357==    by 0x15AAEE: initialize_shell_variables (in /usr/bin/bash)
==2357==    by 0x138DC9: ??? (in /usr/bin/bash)
==2357==    by 0x137544: main (in /usr/bin/bash)
==2357== 
==2357== 17 bytes in 1 blocks are still reachable in loss record 144 of 304
==2357==    at 0x483B7F3: malloc (in /usr/lib/x86_64-linux-gnu/valgrind/vgpreload_memcheck-amd64-linux.so)
==2357==    by 0x1984F3: xmalloc (in /usr/bin/bash)
==2357==    by 0x156DA1: make_variable_value (in /usr/bin/bash)
==2357==    by 0x15806D: ??? (in /usr/bin/bash)
==2357==    by 0x159447: set_pwd (in /usr/bin/bash)
==2357==    by 0x15AAEE: initialize_shell_variables (in /usr/bin/bash)
==2357==    by 0x138DC9: ??? (in /usr/bin/bash)
==2357==    by 0x137544: main (in /usr/bin/bash)
==2357== 
==2357== 18 bytes in 1 blocks are still reachable in loss record 145 of 304
==2357==    at 0x483B7F3: malloc (in /usr/lib/x86_64-linux-gnu/valgrind/vgpreload_memcheck-amd64-linux.so)
==2357==    by 0x1984F3: xmalloc (in /usr/bin/bash)
==2357==    by 0x156DA1: make_variable_value (in /usr/bin/bash)
==2357==    by 0x15806D: ??? (in /usr/bin/bash)
==2357==    by 0x15AECB: initialize_shell_variables (in /usr/bin/bash)
==2357==    by 0x138DC9: ??? (in /usr/bin/bash)
==2357==    by 0x137544: main (in /usr/bin/bash)
==2357== 
==2357== 20 bytes in 1 blocks are still reachable in loss record 146 of 304
==2357==    at 0x483B7F3: malloc (in /usr/lib/x86_64-linux-gnu/valgrind/vgpreload_memcheck-amd64-linux.so)
==2357==    by 0x1984F3: xmalloc (in /usr/bin/bash)
==2357==    by 0x156DA1: make_variable_value (in /usr/bin/bash)
==2357==    by 0x15806D: ??? (in /usr/bin/bash)
==2357==    by 0x15ABBB: initialize_shell_variables (in /usr/bin/bash)
==2357==    by 0x138DC9: ??? (in /usr/bin/bash)
==2357==    by 0x137544: main (in /usr/bin/bash)
==2357== 
==2357== 20 bytes in 1 blocks are still reachable in loss record 147 of 304
==2357==    at 0x483B7F3: malloc (in /usr/lib/x86_64-linux-gnu/valgrind/vgpreload_memcheck-amd64-linux.so)
==2357==    by 0x1984F3: xmalloc (in /usr/bin/bash)
==2357==    by 0x183473: array_create_element (in /usr/bin/bash)
==2357==    by 0x183987: array_insert (in /usr/bin/bash)
==2357==    by 0x15AFA9: initialize_shell_variables (in /usr/bin/bash)
==2357==    by 0x138DC9: ??? (in /usr/bin/bash)
==2357==    by 0x137544: main (in /usr/bin/bash)
==2357== 
==2357== 24 bytes in 1 blocks are still reachable in loss record 148 of 304
==2357==    at 0x483B7F3: malloc (in /usr/lib/x86_64-linux-gnu/valgrind/vgpreload_memcheck-amd64-linux.so)
==2357==    by 0x1984F3: xmalloc (in /usr/bin/bash)
==2357==    by 0x14787D: tilde_initialize (in /usr/bin/bash)
==2357==    by 0x138DA5: ??? (in /usr/bin/bash)
==2357==    by 0x137544: main (in /usr/bin/bash)
==2357== 
==2357== 24 bytes in 1 blocks are still reachable in loss record 149 of 304
==2357==    at 0x483B7F3: malloc (in /usr/lib/x86_64-linux-gnu/valgrind/vgpreload_memcheck-amd64-linux.so)
==2357==    by 0x1984F3: xmalloc (in /usr/bin/bash)
==2357==    by 0x1478CE: tilde_initialize (in /usr/bin/bash)
==2357==    by 0x138DA5: ??? (in /usr/bin/bash)
==2357==    by 0x137544: main (in /usr/bin/bash)
==2357== 
==2357== 29 bytes in 2 blocks are still reachable in loss record 150 of 304
==2357==    at 0x483B7F3: malloc (in /usr/lib/x86_64-linux-gnu/valgrind/vgpreload_memcheck-amd64-linux.so)
==2357==    by 0x1984F3: xmalloc (in /usr/bin/bash)
==2357==    by 0x1556F3: ??? (in /usr/bin/bash)
==2357==    by 0x159B3E: ??? (in /usr/bin/bash)
==2357==    by 0x191D94: ??? (in /usr/bin/bash)
==2357==    by 0x192108: set_locale_var (in /usr/bin/bash)
==2357==    by 0x192302: set_default_lang (in /usr/bin/bash)
==2357==    by 0x137549: main (in /usr/bin/bash)
==2357== 
==2357== 29 bytes in 2 blocks are still reachable in loss record 151 of 304
==2357==    at 0x483B7F3: malloc (in /usr/lib/x86_64-linux-gnu/valgrind/vgpreload_memcheck-amd64-linux.so)
==2357==    by 0x1984F3: xmalloc (in /usr/bin/bash)
==2357==    by 0x1555B6: ??? (in /usr/bin/bash)
==2357==    by 0x159B3E: ??? (in /usr/bin/bash)
==2357==    by 0x191D94: ??? (in /usr/bin/bash)
==2357==    by 0x192108: set_locale_var (in /usr/bin/bash)
==2357==    by 0x192302: set_default_lang (in /usr/bin/bash)
==2357==    by 0x137549: main (in /usr/bin/bash)
==2357== 
==2357== 31 bytes in 1 blocks are still reachable in loss record 152 of 304
==2357==    at 0x483B7F3: malloc (in /usr/lib/x86_64-linux-gnu/valgrind/vgpreload_memcheck-amd64-linux.so)
==2357==    by 0x1984F3: xmalloc (in /usr/bin/bash)
==2357==    by 0x13816C: main (in /usr/bin/bash)
==2357== 
==2357== 31 bytes in 1 blocks are still reachable in loss record 153 of 304
==2357==    at 0x483B7F3: malloc (in /usr/lib/x86_64-linux-gnu/valgrind/vgpreload_memcheck-amd64-linux.so)
==2357==    by 0x1984F3: xmalloc (in /usr/bin/bash)
==2357==    by 0x183473: array_create_element (in /usr/bin/bash)
==2357==    by 0x18367F: ??? (in /usr/bin/bash)
==2357==    by 0x137C8C: main (in /usr/bin/bash)
==2357== 
==2357== 31 bytes in 1 blocks are still reachable in loss record 154 of 304
==2357==    at 0x483B7F3: malloc (in /usr/lib/x86_64-linux-gnu/valgrind/vgpreload_memcheck-amd64-linux.so)
==2357==    by 0x1984F3: xmalloc (in /usr/bin/bash)
==2357==    by 0x13A626: init_yy_io (in /usr/bin/bash)
==2357==    by 0x137DC4: main (in /usr/bin/bash)
==2357== 
==2357== 32 bytes in 1 blocks are still reachable in loss record 155 of 304
==2357==    at 0x483B7F3: malloc (in /usr/lib/x86_64-linux-gnu/valgrind/vgpreload_memcheck-amd64-linux.so)
==2357==    by 0x1984F3: xmalloc (in /usr/bin/bash)
==2357==    by 0x17BBFB: hash_insert (in /usr/bin/bash)
==2357==    by 0x158008: ??? (in /usr/bin/bash)
==2357==    by 0x15805C: ??? (in /usr/bin/bash)
==2357==    by 0x159447: set_pwd (in /usr/bin/bash)
==2357==    by 0x15AAEE: initialize_shell_variables (in /usr/bin/bash)
==2357==    by 0x138DC9: ??? (in /usr/bin/bash)
==2357==    by 0x137544: main (in /usr/bin/bash)
==2357== 
==2357== 32 bytes in 1 blocks are still reachable in loss record 156 of 304
==2357==    at 0x483B7F3: malloc (in /usr/lib/x86_64-linux-gnu/valgrind/vgpreload_memcheck-amd64-linux.so)
==2357==    by 0x1984F3: xmalloc (in /usr/bin/bash)
==2357==    by 0x17BBFB: hash_insert (in /usr/bin/bash)
==2357==    by 0x158008: ??? (in /usr/bin/bash)
==2357==    by 0x15805C: ??? (in /usr/bin/bash)
==2357==    by 0x159490: set_pwd (in /usr/bin/bash)
==2357==    by 0x15AAEE: initialize_shell_variables (in /usr/bin/bash)
==2357==    by 0x138DC9: ??? (in /usr/bin/bash)
==2357==    by 0x137544: main (in /usr/bin/bash)
==2357== 
==2357== 32 bytes in 1 blocks are still reachable in loss record 157 of 304
==2357==    at 0x483B7F3: malloc (in /usr/lib/x86_64-linux-gnu/valgrind/vgpreload_memcheck-amd64-linux.so)
==2357==    by 0x1984F3: xmalloc (in /usr/bin/bash)
==2357==    by 0x17BBFB: hash_insert (in /usr/bin/bash)
==2357==    by 0x158008: ??? (in /usr/bin/bash)
==2357==    by 0x15805C: ??? (in /usr/bin/bash)
==2357==    by 0x15AB01: initialize_shell_variables (in /usr/bin/bash)
==2357==    by 0x138DC9: ??? (in /usr/bin/bash)
==2357==    by 0x137544: main (in /usr/bin/bash)
==2357== 
==2357== 32 bytes in 1 blocks are still reachable in loss record 158 of 304
==2357==    at 0x483B7F3: malloc (in /usr/lib/x86_64-linux-gnu/valgrind/vgpreload_memcheck-amd64-linux.so)
==2357==    by 0x1984F3: xmalloc (in /usr/bin/bash)
==2357==    by 0x17BBFB: hash_insert (in /usr/bin/bash)
==2357==    by 0x158008: ??? (in /usr/bin/bash)
==2357==    by 0x15805C: ??? (in /usr/bin/bash)
==2357==    by 0x15AB1F: initialize_shell_variables (in /usr/bin/bash)
==2357==    by 0x138DC9: ??? (in /usr/bin/bash)
==2357==    by 0x137544: main (in /usr/bin/bash)
==2357== 
==2357== 32 bytes in 1 blocks are still reachable in loss record 159 of 304
==2357==    at 0x483B7F3: malloc (in /usr/lib/x86_64-linux-gnu/valgrind/vgpreload_memcheck-amd64-linux.so)
==2357==    by 0x1984F3: xmalloc (in /usr/bin/bash)
==2357==    by 0x17BBFB: hash_insert (in /usr/bin/bash)
==2357==    by 0x158008: ??? (in /usr/bin/bash)
==2357==    by 0x15805C: ??? (in /usr/bin/bash)
==2357==    by 0x15AB32: initialize_shell_variables (in /usr/bin/bash)
==2357==    by 0x138DC9: ??? (in /usr/bin/bash)
==2357==    by 0x137544: main (in /usr/bin/bash)
==2357== 
==2357== 32 bytes in 1 blocks are still reachable in loss record 160 of 304
==2357==    at 0x483B7F3: malloc (in /usr/lib/x86_64-linux-gnu/valgrind/vgpreload_memcheck-amd64-linux.so)
==2357==    by 0x1984F3: xmalloc (in /usr/bin/bash)
==2357==    by 0x17BBFB: hash_insert (in /usr/bin/bash)
==2357==    by 0x158008: ??? (in /usr/bin/bash)
==2357==    by 0x15805C: ??? (in /usr/bin/bash)
==2357==    by 0x15AB65: initialize_shell_variables (in /usr/bin/bash)
==2357==    by 0x138DC9: ??? (in /usr/bin/bash)
==2357==    by 0x137544: main (in /usr/bin/bash)
==2357== 
==2357== 32 bytes in 1 blocks are still reachable in loss record 161 of 304
==2357==    at 0x483B7F3: malloc (in /usr/lib/x86_64-linux-gnu/valgrind/vgpreload_memcheck-amd64-linux.so)
==2357==    by 0x1984F3: xmalloc (in /usr/bin/bash)
==2357==    by 0x17BBFB: hash_insert (in /usr/bin/bash)
==2357==    by 0x158008: ??? (in /usr/bin/bash)
==2357==    by 0x15805C: ??? (in /usr/bin/bash)
==2357==    by 0x15AB7A: initialize_shell_variables (in /usr/bin/bash)
==2357==    by 0x138DC9: ??? (in /usr/bin/bash)
==2357==    by 0x137544: main (in /usr/bin/bash)
==2357== 
==2357== 32 bytes in 1 blocks are still reachable in loss record 162 of 304
==2357==    at 0x483B7F3: malloc (in /usr/lib/x86_64-linux-gnu/valgrind/vgpreload_memcheck-amd64-linux.so)
==2357==    by 0x1984F3: xmalloc (in /usr/bin/bash)
==2357==    by 0x17BBFB: hash_insert (in /usr/bin/bash)
==2357==    by 0x158008: ??? (in /usr/bin/bash)
==2357==    by 0x15805C: ??? (in /usr/bin/bash)
==2357==    by 0x15AB95: initialize_shell_variables (in /usr/bin/bash)
==2357==    by 0x138DC9: ??? (in /usr/bin/bash)
==2357==    by 0x137544: main (in /usr/bin/bash)
==2357== 
==2357== 32 bytes in 1 blocks are still reachable in loss record 163 of 304
==2357==    at 0x483B7F3: malloc (in /usr/lib/x86_64-linux-gnu/valgrind/vgpreload_memcheck-amd64-linux.so)
==2357==    by 0x1984F3: xmalloc (in /usr/bin/bash)
==2357==    by 0x17BBFB: hash_insert (in /usr/bin/bash)
==2357==    by 0x158008: ??? (in /usr/bin/bash)
==2357==    by 0x15805C: ??? (in /usr/bin/bash)
==2357==    by 0x15ABA8: initialize_shell_variables (in /usr/bin/bash)
==2357==    by 0x138DC9: ??? (in /usr/bin/bash)
==2357==    by 0x137544: main (in /usr/bin/bash)
==2357== 
==2357== 32 bytes in 1 blocks are still reachable in loss record 164 of 304
==2357==    at 0x483B7F3: malloc (in /usr/lib/x86_64-linux-gnu/valgrind/vgpreload_memcheck-amd64-linux.so)
==2357==    by 0x1984F3: xmalloc (in /usr/bin/bash)
==2357==    by 0x17BBFB: hash_insert (in /usr/bin/bash)
==2357==    by 0x158008: ??? (in /usr/bin/bash)
==2357==    by 0x15805C: ??? (in /usr/bin/bash)
==2357==    by 0x15ABBB: initialize_shell_variables (in /usr/bin/bash)
==2357==    by 0x138DC9: ??? (in /usr/bin/bash)
==2357==    by 0x137544: main (in /usr/bin/bash)
==2357== 
==2357== 32 bytes in 1 blocks are still reachable in loss record 165 of 304
==2357==    at 0x483B7F3: malloc (in /usr/lib/x86_64-linux-gnu/valgrind/vgpreload_memcheck-amd64-linux.so)
==2357==    by 0x1984F3: xmalloc (in /usr/bin/bash)
==2357==    by 0x17BBFB: hash_insert (in /usr/bin/bash)
==2357==    by 0x158008: ??? (in /usr/bin/bash)
==2357==    by 0x15805C: ??? (in /usr/bin/bash)
==2357==    by 0x15ABCE: initialize_shell_variables (in /usr/bin/bash)
==2357==    by 0x138DC9: ??? (in /usr/bin/bash)
==2357==    by 0x137544: main (in /usr/bin/bash)
==2357== 
==2357== 32 bytes in 1 blocks are still reachable in loss record 166 of 304
==2357==    at 0x483B7F3: malloc (in /usr/lib/x86_64-linux-gnu/valgrind/vgpreload_memcheck-amd64-linux.so)
==2357==    by 0x1984F3: xmalloc (in /usr/bin/bash)
==2357==    by 0x17BBFB: hash_insert (in /usr/bin/bash)
==2357==    by 0x158008: ??? (in /usr/bin/bash)
==2357==    by 0x15805C: ??? (in /usr/bin/bash)
==2357==    by 0x15929E: adjust_shell_level (in /usr/bin/bash)
==2357==    by 0x15AC10: initialize_shell_variables (in /usr/bin/bash)
==2357==    by 0x138DC9: ??? (in /usr/bin/bash)
==2357==    by 0x137544: main (in /usr/bin/bash)
==2357== 
==2357== 32 bytes in 1 blocks are still reachable in loss record 167 of 304
==2357==    at 0x483B7F3: malloc (in /usr/lib/x86_64-linux-gnu/valgrind/vgpreload_memcheck-amd64-linux.so)
==2357==    by 0x1984F3: xmalloc (in /usr/bin/bash)
==2357==    by 0x17BBFB: hash_insert (in /usr/bin/bash)
==2357==    by 0x158008: ??? (in /usr/bin/bash)
==2357==    by 0x15805C: ??? (in /usr/bin/bash)
==2357==    by 0x159628: set_ppid (in /usr/bin/bash)
==2357==    by 0x15AC15: initialize_shell_variables (in /usr/bin/bash)
==2357==    by 0x138DC9: ??? (in /usr/bin/bash)
==2357==    by 0x137544: main (in /usr/bin/bash)
==2357== 
==2357== 32 bytes in 1 blocks are still reachable in loss record 168 of 304
==2357==    at 0x483B7F3: malloc (in /usr/lib/x86_64-linux-gnu/valgrind/vgpreload_memcheck-amd64-linux.so)
==2357==    by 0x1984F3: xmalloc (in /usr/bin/bash)
==2357==    by 0x17BBFB: hash_insert (in /usr/bin/bash)
==2357==    by 0x158008: ??? (in /usr/bin/bash)
==2357==    by 0x15805C: ??? (in /usr/bin/bash)
==2357==    by 0x15AC2A: initialize_shell_variables (in /usr/bin/bash)
==2357==    by 0x138DC9: ??? (in /usr/bin/bash)
==2357==    by 0x137544: main (in /usr/bin/bash)
==2357== 
==2357== 32 bytes in 1 blocks are still reachable in loss record 169 of 304
==2357==    at 0x483B7F3: malloc (in /usr/lib/x86_64-linux-gnu/valgrind/vgpreload_memcheck-amd64-linux.so)
==2357==    by 0x1984F3: xmalloc (in /usr/bin/bash)
==2357==    by 0x17BBFB: hash_insert (in /usr/bin/bash)
==2357==    by 0x158008: ??? (in /usr/bin/bash)
==2357==    by 0x15805C: ??? (in /usr/bin/bash)
==2357==    by 0x15AC4A: initialize_shell_variables (in /usr/bin/bash)
==2357==    by 0x138DC9: ??? (in /usr/bin/bash)
==2357==    by 0x137544: main (in /usr/bin/bash)
==2357== 
==2357== 32 bytes in 1 blocks are still reachable in loss record 170 of 304
==2357==    at 0x483B7F3: malloc (in /usr/lib/x86_64-linux-gnu/valgrind/vgpreload_memcheck-amd64-linux.so)
==2357==    by 0x1984F3: xmalloc (in /usr/bin/bash)
==2357==    by 0x17BBFB: hash_insert (in /usr/bin/bash)
==2357==    by 0x158008: ??? (in /usr/bin/bash)
==2357==    by 0x15805C: ??? (in /usr/bin/bash)
==2357==    by 0x15AE90: initialize_shell_variables (in /usr/bin/bash)
==2357==    by 0x138DC9: ??? (in /usr/bin/bash)
==2357==    by 0x137544: main (in /usr/bin/bash)
==2357== 
==2357== 32 bytes in 1 blocks are still reachable in loss record 171 of 304
==2357==    at 0x483B7F3: malloc (in /usr/lib/x86_64-linux-gnu/valgrind/vgpreload_memcheck-amd64-linux.so)
==2357==    by 0x1984F3: xmalloc (in /usr/bin/bash)
==2357==    by 0x17BBFB: hash_insert (in /usr/bin/bash)
==2357==    by 0x158008: ??? (in /usr/bin/bash)
==2357==    by 0x15805C: ??? (in /usr/bin/bash)
==2357==    by 0x15B635: initialize_shell_variables (in /usr/bin/bash)
==2357==    by 0x138DC9: ??? (in /usr/bin/bash)
==2357==    by 0x137544: main (in /usr/bin/bash)
==2357== 
==2357== 32 bytes in 1 blocks are still reachable in loss record 172 of 304
==2357==    at 0x483B7F3: malloc (in /usr/lib/x86_64-linux-gnu/valgrind/vgpreload_memcheck-amd64-linux.so)
==2357==    by 0x1984F3: xmalloc (in /usr/bin/bash)
==2357==    by 0x17BBFB: hash_insert (in /usr/bin/bash)
==2357==    by 0x158008: ??? (in /usr/bin/bash)
==2357==    by 0x15805C: ??? (in /usr/bin/bash)
==2357==    by 0x15AECB: initialize_shell_variables (in /usr/bin/bash)
==2357==    by 0x138DC9: ??? (in /usr/bin/bash)
==2357==    by 0x137544: main (in /usr/bin/bash)
==2357== 
==2357== 32 bytes in 1 blocks are still reachable in loss record 173 of 304
==2357==    at 0x483B7F3: malloc (in /usr/lib/x86_64-linux-gnu/valgrind/vgpreload_memcheck-amd64-linux.so)
==2357==    by 0x1984F3: xmalloc (in /usr/bin/bash)
==2357==    by 0x17BBFB: hash_insert (in /usr/bin/bash)
==2357==    by 0x158008: ??? (in /usr/bin/bash)
==2357==    by 0x158D55: make_new_array_variable (in /usr/bin/bash)
==2357==    by 0x15AEE3: initialize_shell_variables (in /usr/bin/bash)
==2357==    by 0x138DC9: ??? (in /usr/bin/bash)
==2357==    by 0x137544: main (in /usr/bin/bash)
==2357== 
==2357== 32 bytes in 1 blocks are still reachable in loss record 174 of 304
==2357==    at 0x483B7F3: malloc (in /usr/lib/x86_64-linux-gnu/valgrind/vgpreload_memcheck-amd64-linux.so)
==2357==    by 0x1984F3: xmalloc (in /usr/bin/bash)
==2357==    by 0x183457: array_create_element (in /usr/bin/bash)
==2357==    by 0x1834ED: array_create (in /usr/bin/bash)
==2357==    by 0x158D5D: make_new_array_variable (in /usr/bin/bash)
==2357==    by 0x15AEE3: initialize_shell_variables (in /usr/bin/bash)
==2357==    by 0x138DC9: ??? (in /usr/bin/bash)
==2357==    by 0x137544: main (in /usr/bin/bash)
==2357== 
==2357== 32 bytes in 1 blocks are still reachable in loss record 175 of 304
==2357==    at 0x483B7F3: malloc (in /usr/lib/x86_64-linux-gnu/valgrind/vgpreload_memcheck-amd64-linux.so)
==2357==    by 0x1984F3: xmalloc (in /usr/bin/bash)
==2357==    by 0x183457: array_create_element (in /usr/bin/bash)
==2357==    by 0x183987: array_insert (in /usr/bin/bash)
==2357==    by 0x15AF24: initialize_shell_variables (in /usr/bin/bash)
==2357==    by 0x138DC9: ??? (in /usr/bin/bash)
==2357==    by 0x137544: main (in /usr/bin/bash)
==2357== 
==2357== 32 bytes in 1 blocks are still reachable in loss record 176 of 304
==2357==    at 0x483B7F3: malloc (in /usr/lib/x86_64-linux-gnu/valgrind/vgpreload_memcheck-amd64-linux.so)
==2357==    by 0x1984F3: xmalloc (in /usr/bin/bash)
==2357==    by 0x183457: array_create_element (in /usr/bin/bash)
==2357==    by 0x183987: array_insert (in /usr/bin/bash)
==2357==    by 0x15AF34: initialize_shell_variables (in /usr/bin/bash)
==2357==    by 0x138DC9: ??? (in /usr/bin/bash)
==2357==    by 0x137544: main (in /usr/bin/bash)
==2357== 
==2357== 32 bytes in 1 blocks are still reachable in loss record 177 of 304
==2357==    at 0x483B7F3: malloc (in /usr/lib/x86_64-linux-gnu/valgrind/vgpreload_memcheck-amd64-linux.so)
==2357==    by 0x1984F3: xmalloc (in /usr/bin/bash)
==2357==    by 0x183457: array_create_element (in /usr/bin/bash)
==2357==    by 0x183987: array_insert (in /usr/bin/bash)
==2357==    by 0x15AF5D: initialize_shell_variables (in /usr/bin/bash)
==2357==    by 0x138DC9: ??? (in /usr/bin/bash)
==2357==    by 0x137544: main (in /usr/bin/bash)
==2357== 
==2357== 32 bytes in 1 blocks are still reachable in loss record 178 of 304
==2357==    at 0x483B7F3: malloc (in /usr/lib/x86_64-linux-gnu/valgrind/vgpreload_memcheck-amd64-linux.so)
==2357==    by 0x1984F3: xmalloc (in /usr/bin/bash)
==2357==    by 0x183457: array_create_element (in /usr/bin/bash)
==2357==    by 0x183987: array_insert (in /usr/bin/bash)
==2357==    by 0x15AF81: initialize_shell_variables (in /usr/bin/bash)
==2357==    by 0x138DC9: ??? (in /usr/bin/bash)
==2357==    by 0x137544: main (in /usr/bin/bash)
==2357== 
==2357== 32 bytes in 1 blocks are still reachable in loss record 179 of 304
==2357==    at 0x483B7F3: malloc (in /usr/lib/x86_64-linux-gnu/valgrind/vgpreload_memcheck-amd64-linux.so)
==2357==    by 0x1984F3: xmalloc (in /usr/bin/bash)
==2357==    by 0x183457: array_create_element (in /usr/bin/bash)
==2357==    by 0x183987: array_insert (in /usr/bin/bash)
==2357==    by 0x15AF95: initialize_shell_variables (in /usr/bin/bash)
==2357==    by 0x138DC9: ??? (in /usr/bin/bash)
==2357==    by 0x137544: main (in /usr/bin/bash)
==2357== 
==2357== 32 bytes in 1 blocks are still reachable in loss record 180 of 304
==2357==    at 0x483B7F3: malloc (in /usr/lib/x86_64-linux-gnu/valgrind/vgpreload_memcheck-amd64-linux.so)
==2357==    by 0x1984F3: xmalloc (in /usr/bin/bash)
==2357==    by 0x183457: array_create_element (in /usr/bin/bash)
==2357==    by 0x183987: array_insert (in /usr/bin/bash)
==2357==    by 0x15AFA9: initialize_shell_variables (in /usr/bin/bash)
==2357==    by 0x138DC9: ??? (in /usr/bin/bash)
==2357==    by 0x137544: main (in /usr/bin/bash)
==2357== 
==2357== 32 bytes in 1 blocks are still reachable in loss record 181 of 304
==2357==    at 0x483B7F3: malloc (in /usr/lib/x86_64-linux-gnu/valgrind/vgpreload_memcheck-amd64-linux.so)
==2357==    by 0x1984F3: xmalloc (in /usr/bin/bash)
==2357==    by 0x17BBFB: hash_insert (in /usr/bin/bash)
==2357==    by 0x158008: ??? (in /usr/bin/bash)
==2357==    by 0x15805C: ??? (in /usr/bin/bash)
==2357==    by 0x15B7C8: initialize_shell_variables (in /usr/bin/bash)
==2357==    by 0x138DC9: ??? (in /usr/bin/bash)
==2357==    by 0x137544: main (in /usr/bin/bash)
==2357== 
==2357== 32 bytes in 1 blocks are still reachable in loss record 182 of 304
==2357==    at 0x483B7F3: malloc (in /usr/lib/x86_64-linux-gnu/valgrind/vgpreload_memcheck-amd64-linux.so)
==2357==    by 0x1984F3: xmalloc (in /usr/bin/bash)
==2357==    by 0x17BBFB: hash_insert (in /usr/bin/bash)
==2357==    by 0x158008: ??? (in /usr/bin/bash)
==2357==    by 0x15805C: ??? (in /usr/bin/bash)
==2357==    by 0x15B7AE: initialize_shell_variables (in /usr/bin/bash)
==2357==    by 0x138DC9: ??? (in /usr/bin/bash)
==2357==    by 0x137544: main (in /usr/bin/bash)
==2357== 
==2357== 32 bytes in 1 blocks are still reachable in loss record 183 of 304
==2357==    at 0x483B7F3: malloc (in /usr/lib/x86_64-linux-gnu/valgrind/vgpreload_memcheck-amd64-linux.so)
==2357==    by 0x1984F3: xmalloc (in /usr/bin/bash)
==2357==    by 0x17BBFB: hash_insert (in /usr/bin/bash)
==2357==    by 0x158008: ??? (in /usr/bin/bash)
==2357==    by 0x15805C: ??? (in /usr/bin/bash)
==2357==    by 0x15B112: initialize_shell_variables (in /usr/bin/bash)
==2357==    by 0x138DC9: ??? (in /usr/bin/bash)
==2357==    by 0x137544: main (in /usr/bin/bash)
==2357== 
==2357== 32 bytes in 1 blocks are still reachable in loss record 184 of 304
==2357==    at 0x483B7F3: malloc (in /usr/lib/x86_64-linux-gnu/valgrind/vgpreload_memcheck-amd64-linux.so)
==2357==    by 0x1984F3: xmalloc (in /usr/bin/bash)
==2357==    by 0x17BBFB: hash_insert (in /usr/bin/bash)
==2357==    by 0x158008: ??? (in /usr/bin/bash)
==2357==    by 0x15805C: ??? (in /usr/bin/bash)
==2357==    by 0x15B13F: initialize_shell_variables (in /usr/bin/bash)
==2357==    by 0x138DC9: ??? (in /usr/bin/bash)
==2357==    by 0x137544: main (in /usr/bin/bash)
==2357== 
==2357== 32 bytes in 1 blocks are still reachable in loss record 185 of 304
==2357==    at 0x483B7F3: malloc (in /usr/lib/x86_64-linux-gnu/valgrind/vgpreload_memcheck-amd64-linux.so)
==2357==    by 0x1984F3: xmalloc (in /usr/bin/bash)
==2357==    by 0x17BBFB: hash_insert (in /usr/bin/bash)
==2357==    by 0x158008: ??? (in /usr/bin/bash)
==2357==    by 0x15805C: ??? (in /usr/bin/bash)
==2357==    by 0x15B165: initialize_shell_variables (in /usr/bin/bash)
==2357==    by 0x138DC9: ??? (in /usr/bin/bash)
==2357==    by 0x137544: main (in /usr/bin/bash)
==2357== 
==2357== 32 bytes in 1 blocks are still reachable in loss record 186 of 304
==2357==    at 0x483B7F3: malloc (in /usr/lib/x86_64-linux-gnu/valgrind/vgpreload_memcheck-amd64-linux.so)
==2357==    by 0x1984F3: xmalloc (in /usr/bin/bash)
==2357==    by 0x17BBFB: hash_insert (in /usr/bin/bash)
==2357==    by 0x158008: ??? (in /usr/bin/bash)
==2357==    by 0x15805C: ??? (in /usr/bin/bash)
==2357==    by 0x15B188: initialize_shell_variables (in /usr/bin/bash)
==2357==    by 0x138DC9: ??? (in /usr/bin/bash)
==2357==    by 0x137544: main (in /usr/bin/bash)
==2357== 
==2357== 32 bytes in 1 blocks are still reachable in loss record 187 of 304
==2357==    at 0x483B7F3: malloc (in /usr/lib/x86_64-linux-gnu/valgrind/vgpreload_memcheck-amd64-linux.so)
==2357==    by 0x1984F3: xmalloc (in /usr/bin/bash)
==2357==    by 0x17BBFB: hash_insert (in /usr/bin/bash)
==2357==    by 0x158008: ??? (in /usr/bin/bash)
==2357==    by 0x15805C: ??? (in /usr/bin/bash)
==2357==    by 0x15B1AE: initialize_shell_variables (in /usr/bin/bash)
==2357==    by 0x138DC9: ??? (in /usr/bin/bash)
==2357==    by 0x137544: main (in /usr/bin/bash)
==2357== 
==2357== 32 bytes in 1 blocks are still reachable in loss record 188 of 304
==2357==    at 0x483B7F3: malloc (in /usr/lib/x86_64-linux-gnu/valgrind/vgpreload_memcheck-amd64-linux.so)
==2357==    by 0x1984F3: xmalloc (in /usr/bin/bash)
==2357==    by 0x17BBFB: hash_insert (in /usr/bin/bash)
==2357==    by 0x158008: ??? (in /usr/bin/bash)
==2357==    by 0x15805C: ??? (in /usr/bin/bash)
==2357==    by 0x15B1D8: initialize_shell_variables (in /usr/bin/bash)
==2357==    by 0x138DC9: ??? (in /usr/bin/bash)
==2357==    by 0x137544: main (in /usr/bin/bash)
==2357== 
==2357== 32 bytes in 1 blocks are still reachable in loss record 189 of 304
==2357==    at 0x483B7F3: malloc (in /usr/lib/x86_64-linux-gnu/valgrind/vgpreload_memcheck-amd64-linux.so)
==2357==    by 0x1984F3: xmalloc (in /usr/bin/bash)
==2357==    by 0x17BBFB: hash_insert (in /usr/bin/bash)
==2357==    by 0x158008: ??? (in /usr/bin/bash)
==2357==    by 0x15805C: ??? (in /usr/bin/bash)
==2357==    by 0x15B205: initialize_shell_variables (in /usr/bin/bash)
==2357==    by 0x138DC9: ??? (in /usr/bin/bash)
==2357==    by 0x137544: main (in /usr/bin/bash)
==2357== 
==2357== 32 bytes in 1 blocks are still reachable in loss record 190 of 304
==2357==    at 0x483B7F3: malloc (in /usr/lib/x86_64-linux-gnu/valgrind/vgpreload_memcheck-amd64-linux.so)
==2357==    by 0x1984F3: xmalloc (in /usr/bin/bash)
==2357==    by 0x17BBFB: hash_insert (in /usr/bin/bash)
==2357==    by 0x158008: ??? (in /usr/bin/bash)
==2357==    by 0x15805C: ??? (in /usr/bin/bash)
==2357==    by 0x15B228: initialize_shell_variables (in /usr/bin/bash)
==2357==    by 0x138DC9: ??? (in /usr/bin/bash)
==2357==    by 0x137544: main (in /usr/bin/bash)
==2357== 
==2357== 32 bytes in 1 blocks are still reachable in loss record 191 of 304
==2357==    at 0x483B7F3: malloc (in /usr/lib/x86_64-linux-gnu/valgrind/vgpreload_memcheck-amd64-linux.so)
==2357==    by 0x1984F3: xmalloc (in /usr/bin/bash)
==2357==    by 0x17BBFB: hash_insert (in /usr/bin/bash)
==2357==    by 0x158008: ??? (in /usr/bin/bash)
==2357==    by 0x15805C: ??? (in /usr/bin/bash)
==2357==    by 0x15B24E: initialize_shell_variables (in /usr/bin/bash)
==2357==    by 0x138DC9: ??? (in /usr/bin/bash)
==2357==    by 0x137544: main (in /usr/bin/bash)
==2357== 
==2357== 32 bytes in 1 blocks are still reachable in loss record 192 of 304
==2357==    at 0x483B7F3: malloc (in /usr/lib/x86_64-linux-gnu/valgrind/vgpreload_memcheck-amd64-linux.so)
==2357==    by 0x1984F3: xmalloc (in /usr/bin/bash)
==2357==    by 0x17BBFB: hash_insert (in /usr/bin/bash)
==2357==    by 0x158008: ??? (in /usr/bin/bash)
==2357==    by 0x15805C: ??? (in /usr/bin/bash)
==2357==    by 0x15B27B: initialize_shell_variables (in /usr/bin/bash)
==2357==    by 0x138DC9: ??? (in /usr/bin/bash)
==2357==    by 0x137544: main (in /usr/bin/bash)
==2357== 
==2357== 32 bytes in 1 blocks are still reachable in loss record 193 of 304
==2357==    at 0x483B7F3: malloc (in /usr/lib/x86_64-linux-gnu/valgrind/vgpreload_memcheck-amd64-linux.so)
==2357==    by 0x1984F3: xmalloc (in /usr/bin/bash)
==2357==    by 0x17BBFB: hash_insert (in /usr/bin/bash)
==2357==    by 0x158008: ??? (in /usr/bin/bash)
==2357==    by 0x15805C: ??? (in /usr/bin/bash)
==2357==    by 0x15B2A2: initialize_shell_variables (in /usr/bin/bash)
==2357==    by 0x138DC9: ??? (in /usr/bin/bash)
==2357==    by 0x137544: main (in /usr/bin/bash)
==2357== 
==2357== 32 bytes in 1 blocks are still reachable in loss record 194 of 304
==2357==    at 0x483B7F3: malloc (in /usr/lib/x86_64-linux-gnu/valgrind/vgpreload_memcheck-amd64-linux.so)
==2357==    by 0x1984F3: xmalloc (in /usr/bin/bash)
==2357==    by 0x17BBFB: hash_insert (in /usr/bin/bash)
==2357==    by 0x158008: ??? (in /usr/bin/bash)
==2357==    by 0x158D55: make_new_array_variable (in /usr/bin/bash)
==2357==    by 0x158DA7: ??? (in /usr/bin/bash)
==2357==    by 0x15B2CD: initialize_shell_variables (in /usr/bin/bash)
==2357==    by 0x138DC9: ??? (in /usr/bin/bash)
==2357==    by 0x137544: main (in /usr/bin/bash)
==2357== 
==2357== 32 bytes in 1 blocks are still reachable in loss record 195 of 304
==2357==    at 0x483B7F3: malloc (in /usr/lib/x86_64-linux-gnu/valgrind/vgpreload_memcheck-amd64-linux.so)
==2357==    by 0x1984F3: xmalloc (in /usr/bin/bash)
==2357==    by 0x183457: array_create_element (in /usr/bin/bash)
==2357==    by 0x1834ED: array_create (in /usr/bin/bash)
==2357==    by 0x158D5D: make_new_array_variable (in /usr/bin/bash)
==2357==    by 0x158DA7: ??? (in /usr/bin/bash)
==2357==    by 0x15B2CD: initialize_shell_variables (in /usr/bin/bash)
==2357==    by 0x138DC9: ??? (in /usr/bin/bash)
==2357==    by 0x137544: main (in /usr/bin/bash)
==2357== 
==2357== 32 bytes in 1 blocks are still reachable in loss record 196 of 304
==2357==    at 0x483B7F3: malloc (in /usr/lib/x86_64-linux-gnu/valgrind/vgpreload_memcheck-amd64-linux.so)
==2357==    by 0x1984F3: xmalloc (in /usr/bin/bash)
==2357==    by 0x17BBFB: hash_insert (in /usr/bin/bash)
==2357==    by 0x158008: ??? (in /usr/bin/bash)
==2357==    by 0x158D55: make_new_array_variable (in /usr/bin/bash)
==2357==    by 0x158DA7: ??? (in /usr/bin/bash)
==2357==    by 0x15B2EC: initialize_shell_variables (in /usr/bin/bash)
==2357==    by 0x138DC9: ??? (in /usr/bin/bash)
==2357==    by 0x137544: main (in /usr/bin/bash)
==2357== 
==2357== 32 bytes in 1 blocks are still reachable in loss record 197 of 304
==2357==    at 0x483B7F3: malloc (in /usr/lib/x86_64-linux-gnu/valgrind/vgpreload_memcheck-amd64-linux.so)
==2357==    by 0x1984F3: xmalloc (in /usr/bin/bash)
==2357==    by 0x183457: array_create_element (in /usr/bin/bash)
==2357==    by 0x1834ED: array_create (in /usr/bin/bash)
==2357==    by 0x158D5D: make_new_array_variable (in /usr/bin/bash)
==2357==    by 0x158DA7: ??? (in /usr/bin/bash)
==2357==    by 0x15B2EC: initialize_shell_variables (in /usr/bin/bash)
==2357==    by 0x138DC9: ??? (in /usr/bin/bash)
==2357==    by 0x137544: main (in /usr/bin/bash)
==2357== 
==2357== 32 bytes in 1 blocks are still reachable in loss record 198 of 304
==2357==    at 0x483B7F3: malloc (in /usr/lib/x86_64-linux-gnu/valgrind/vgpreload_memcheck-amd64-linux.so)
==2357==    by 0x1984F3: xmalloc (in /usr/bin/bash)
==2357==    by 0x17BBFB: hash_insert (in /usr/bin/bash)
==2357==    by 0x158008: ??? (in /usr/bin/bash)
==2357==    by 0x158D55: make_new_array_variable (in /usr/bin/bash)
==2357==    by 0x158DA7: ??? (in /usr/bin/bash)
==2357==    by 0x15B30B: initialize_shell_variables (in /usr/bin/bash)
==2357==    by 0x138DC9: ??? (in /usr/bin/bash)
==2357==    by 0x137544: main (in /usr/bin/bash)
==2357== 
==2357== 32 bytes in 1 blocks are still reachable in loss record 199 of 304
==2357==    at 0x483B7F3: malloc (in /usr/lib/x86_64-linux-gnu/valgrind/vgpreload_memcheck-amd64-linux.so)
==2357==    by 0x1984F3: xmalloc (in /usr/bin/bash)
==2357==    by 0x183457: array_create_element (in /usr/bin/bash)
==2357==    by 0x1834ED: array_create (in /usr/bin/bash)
==2357==    by 0x158D5D: make_new_array_variable (in /usr/bin/bash)
==2357==    by 0x158DA7: ??? (in /usr/bin/bash)
==2357==    by 0x15B30B: initialize_shell_variables (in /usr/bin/bash)
==2357==    by 0x138DC9: ??? (in /usr/bin/bash)
==2357==    by 0x137544: main (in /usr/bin/bash)
==2357== 
==2357== 32 bytes in 1 blocks are still reachable in loss record 200 of 304
==2357==    at 0x483B7F3: malloc (in /usr/lib/x86_64-linux-gnu/valgrind/vgpreload_memcheck-amd64-linux.so)
==2357==    by 0x1984F3: xmalloc (in /usr/bin/bash)
==2357==    by 0x17BBFB: hash_insert (in /usr/bin/bash)
==2357==    by 0x158008: ??? (in /usr/bin/bash)
==2357==    by 0x158D55: make_new_array_variable (in /usr/bin/bash)
==2357==    by 0x158DA7: ??? (in /usr/bin/bash)
==2357==    by 0x15B32A: initialize_shell_variables (in /usr/bin/bash)
==2357==    by 0x138DC9: ??? (in /usr/bin/bash)
==2357==    by 0x137544: main (in /usr/bin/bash)
==2357== 
==2357== 32 bytes in 1 blocks are still reachable in loss record 201 of 304
==2357==    at 0x483B7F3: malloc (in /usr/lib/x86_64-linux-gnu/valgrind/vgpreload_memcheck-amd64-linux.so)
==2357==    by 0x1984F3: xmalloc (in /usr/bin/bash)
==2357==    by 0x183457: array_create_element (in /usr/bin/bash)
==2357==    by 0x1834ED: array_create (in /usr/bin/bash)
==2357==    by 0x158D5D: make_new_array_variable (in /usr/bin/bash)
==2357==    by 0x158DA7: ??? (in /usr/bin/bash)
==2357==    by 0x15B32A: initialize_shell_variables (in /usr/bin/bash)
==2357==    by 0x138DC9: ??? (in /usr/bin/bash)
==2357==    by 0x137544: main (in /usr/bin/bash)
==2357== 
==2357== 32 bytes in 1 blocks are still reachable in loss record 202 of 304
==2357==    at 0x483B7F3: malloc (in /usr/lib/x86_64-linux-gnu/valgrind/vgpreload_memcheck-amd64-linux.so)
==2357==    by 0x1984F3: xmalloc (in /usr/bin/bash)
==2357==    by 0x17BBFB: hash_insert (in /usr/bin/bash)
==2357==    by 0x158008: ??? (in /usr/bin/bash)
==2357==    by 0x158D55: make_new_array_variable (in /usr/bin/bash)
==2357==    by 0x158DA7: ??? (in /usr/bin/bash)
==2357==    by 0x15B349: initialize_shell_variables (in /usr/bin/bash)
==2357==    by 0x138DC9: ??? (in /usr/bin/bash)
==2357==    by 0x137544: main (in /usr/bin/bash)
==2357== 
==2357== 32 bytes in 1 blocks are still reachable in loss record 203 of 304
==2357==    at 0x483B7F3: malloc (in /usr/lib/x86_64-linux-gnu/valgrind/vgpreload_memcheck-amd64-linux.so)
==2357==    by 0x1984F3: xmalloc (in /usr/bin/bash)
==2357==    by 0x183457: array_create_element (in /usr/bin/bash)
==2357==    by 0x1834ED: array_create (in /usr/bin/bash)
==2357==    by 0x158D5D: make_new_array_variable (in /usr/bin/bash)
==2357==    by 0x158DA7: ??? (in /usr/bin/bash)
==2357==    by 0x15B349: initialize_shell_variables (in /usr/bin/bash)
==2357==    by 0x138DC9: ??? (in /usr/bin/bash)
==2357==    by 0x137544: main (in /usr/bin/bash)
==2357== 
==2357== 32 bytes in 1 blocks are still reachable in loss record 204 of 304
==2357==    at 0x483B7F3: malloc (in /usr/lib/x86_64-linux-gnu/valgrind/vgpreload_memcheck-amd64-linux.so)
==2357==    by 0x1984F3: xmalloc (in /usr/bin/bash)
==2357==    by 0x17BBFB: hash_insert (in /usr/bin/bash)
==2357==    by 0x158008: ??? (in /usr/bin/bash)
==2357==    by 0x158D55: make_new_array_variable (in /usr/bin/bash)
==2357==    by 0x158DA7: ??? (in /usr/bin/bash)
==2357==    by 0x15B368: initialize_shell_variables (in /usr/bin/bash)
==2357==    by 0x138DC9: ??? (in /usr/bin/bash)
==2357==    by 0x137544: main (in /usr/bin/bash)
==2357== 
==2357== 32 bytes in 1 blocks are still reachable in loss record 205 of 304
==2357==    at 0x483B7F3: malloc (in /usr/lib/x86_64-linux-gnu/valgrind/vgpreload_memcheck-amd64-linux.so)
==2357==    by 0x1984F3: xmalloc (in /usr/bin/bash)
==2357==    by 0x183457: array_create_element (in /usr/bin/bash)
==2357==    by 0x1834ED: array_create (in /usr/bin/bash)
==2357==    by 0x158D5D: make_new_array_variable (in /usr/bin/bash)
==2357==    by 0x158DA7: ??? (in /usr/bin/bash)
==2357==    by 0x15B368: initialize_shell_variables (in /usr/bin/bash)
==2357==    by 0x138DC9: ??? (in /usr/bin/bash)
==2357==    by 0x137544: main (in /usr/bin/bash)
==2357== 
==2357== 32 bytes in 1 blocks are still reachable in loss record 206 of 304
==2357==    at 0x483B7F3: malloc (in /usr/lib/x86_64-linux-gnu/valgrind/vgpreload_memcheck-amd64-linux.so)
==2357==    by 0x1984F3: xmalloc (in /usr/bin/bash)
==2357==    by 0x17BBFB: hash_insert (in /usr/bin/bash)
==2357==    by 0x158008: ??? (in /usr/bin/bash)
==2357==    by 0x158DE5: make_new_assoc_variable (in /usr/bin/bash)
==2357==    by 0x15B6A9: initialize_shell_variables (in /usr/bin/bash)
==2357==    by 0x138DC9: ??? (in /usr/bin/bash)
==2357==    by 0x137544: main (in /usr/bin/bash)
==2357== 
==2357== 32 bytes in 1 blocks are still reachable in loss record 207 of 304
==2357==    at 0x483B7F3: malloc (in /usr/lib/x86_64-linux-gnu/valgrind/vgpreload_memcheck-amd64-linux.so)
==2357==    by 0x1984F3: xmalloc (in /usr/bin/bash)
==2357==    by 0x17BBFB: hash_insert (in /usr/bin/bash)
==2357==    by 0x158008: ??? (in /usr/bin/bash)
==2357==    by 0x158DE5: make_new_assoc_variable (in /usr/bin/bash)
==2357==    by 0x15B67B: initialize_shell_variables (in /usr/bin/bash)
==2357==    by 0x138DC9: ??? (in /usr/bin/bash)
==2357==    by 0x137544: main (in /usr/bin/bash)
==2357== 
==2357== 32 bytes in 1 blocks are still reachable in loss record 208 of 304
==2357==    at 0x483B7F3: malloc (in /usr/lib/x86_64-linux-gnu/valgrind/vgpreload_memcheck-amd64-linux.so)
==2357==    by 0x1984F3: xmalloc (in /usr/bin/bash)
==2357==    by 0x17BBFB: hash_insert (in /usr/bin/bash)
==2357==    by 0x158008: ??? (in /usr/bin/bash)
==2357==    by 0x158D55: make_new_array_variable (in /usr/bin/bash)
==2357==    by 0x15B64D: initialize_shell_variables (in /usr/bin/bash)
==2357==    by 0x138DC9: ??? (in /usr/bin/bash)
==2357==    by 0x137544: main (in /usr/bin/bash)
==2357== 
==2357== 32 bytes in 1 blocks are still reachable in loss record 209 of 304
==2357==    at 0x483B7F3: malloc (in /usr/lib/x86_64-linux-gnu/valgrind/vgpreload_memcheck-amd64-linux.so)
==2357==    by 0x1984F3: xmalloc (in /usr/bin/bash)
==2357==    by 0x183457: array_create_element (in /usr/bin/bash)
==2357==    by 0x1834ED: array_create (in /usr/bin/bash)
==2357==    by 0x158D5D: make_new_array_variable (in /usr/bin/bash)
==2357==    by 0x15B64D: initialize_shell_variables (in /usr/bin/bash)
==2357==    by 0x138DC9: ??? (in /usr/bin/bash)
==2357==    by 0x137544: main (in /usr/bin/bash)
==2357== 
==2357== 32 bytes in 1 blocks are still reachable in loss record 210 of 304
==2357==    at 0x483B7F3: malloc (in /usr/lib/x86_64-linux-gnu/valgrind/vgpreload_memcheck-amd64-linux.so)
==2357==    by 0x1984F3: xmalloc (in /usr/bin/bash)
==2357==    by 0x17BBFB: hash_insert (in /usr/bin/bash)
==2357==    by 0x158008: ??? (in /usr/bin/bash)
==2357==    by 0x15805C: ??? (in /usr/bin/bash)
==2357==    by 0x1A76E0: set_shellopts (in /usr/bin/bash)
==2357==    by 0x138DFD: ??? (in /usr/bin/bash)
==2357==    by 0x137544: main (in /usr/bin/bash)
==2357== 
==2357== 32 bytes in 1 blocks are still reachable in loss record 211 of 304
==2357==    at 0x483B7F3: malloc (in /usr/lib/x86_64-linux-gnu/valgrind/vgpreload_memcheck-amd64-linux.so)
==2357==    by 0x1984F3: xmalloc (in /usr/bin/bash)
==2357==    by 0x17BBFB: hash_insert (in /usr/bin/bash)
==2357==    by 0x158008: ??? (in /usr/bin/bash)
==2357==    by 0x15805C: ??? (in /usr/bin/bash)
==2357==    by 0x1AC4B0: set_bashopts (in /usr/bin/bash)
==2357==    by 0x138E1C: ??? (in /usr/bin/bash)
==2357==    by 0x137544: main (in /usr/bin/bash)
==2357== 
==2357== 32 bytes in 1 blocks are still reachable in loss record 212 of 304
==2357==    at 0x483B7F3: malloc (in /usr/lib/x86_64-linux-gnu/valgrind/vgpreload_memcheck-amd64-linux.so)
==2357==    by 0x1984F3: xmalloc (in /usr/bin/bash)
==2357==    by 0x183457: array_create_element (in /usr/bin/bash)
==2357==    by 0x18367F: ??? (in /usr/bin/bash)
==2357==    by 0x137C8C: main (in /usr/bin/bash)
==2357== 
==2357== 32 bytes in 1 blocks are still reachable in loss record 213 of 304
==2357==    at 0x483B7F3: malloc (in /usr/lib/x86_64-linux-gnu/valgrind/vgpreload_memcheck-amd64-linux.so)
==2357==    by 0x1984F3: xmalloc (in /usr/bin/bash)
==2357==    by 0x183457: array_create_element (in /usr/bin/bash)
==2357==    by 0x18367F: ??? (in /usr/bin/bash)
==2357==    by 0x137CB1: main (in /usr/bin/bash)
==2357== 
==2357== 32 bytes in 1 blocks are still reachable in loss record 214 of 304
==2357==    at 0x483B7F3: malloc (in /usr/lib/x86_64-linux-gnu/valgrind/vgpreload_memcheck-amd64-linux.so)
==2357==    by 0x1984F3: xmalloc (in /usr/bin/bash)
==2357==    by 0x183457: array_create_element (in /usr/bin/bash)
==2357==    by 0x18367F: ??? (in /usr/bin/bash)
==2357==    by 0x137CCD: main (in /usr/bin/bash)
==2357== 
==2357== 32 bytes in 1 blocks are still reachable in loss record 215 of 304
==2357==    at 0x483B7F3: malloc (in /usr/lib/x86_64-linux-gnu/valgrind/vgpreload_memcheck-amd64-linux.so)
==2357==    by 0x1984F3: xmalloc (in /usr/bin/bash)
==2357==    by 0x17EFE9: ??? (in /usr/bin/bash)
==2357==    by 0x17F2CE: begin_unwind_frame (in /usr/bin/bash)
==2357==    by 0x1519B1: execute_command (in /usr/bin/bash)
==2357==    by 0x139664: reader_loop (in /usr/bin/bash)
==2357==    by 0x137EF8: main (in /usr/bin/bash)
==2357== 
==2357== 32 bytes in 1 blocks are still reachable in loss record 216 of 304
==2357==    at 0x483B7F3: malloc (in /usr/lib/x86_64-linux-gnu/valgrind/vgpreload_memcheck-amd64-linux.so)
==2357==    by 0x1984F3: xmalloc (in /usr/bin/bash)
==2357==    by 0x17EFE9: ??? (in /usr/bin/bash)
==2357==    by 0x17F4C9: add_unwind_protect (in /usr/bin/bash)
==2357==    by 0x1519C2: execute_command (in /usr/bin/bash)
==2357==    by 0x139664: reader_loop (in /usr/bin/bash)
==2357==    by 0x137EF8: main (in /usr/bin/bash)
==2357== 
==2357== 32 bytes in 1 blocks are still reachable in loss record 217 of 304
==2357==    at 0x483B7F3: malloc (in /usr/lib/x86_64-linux-gnu/valgrind/vgpreload_memcheck-amd64-linux.so)
==2357==    by 0x1984F3: xmalloc (in /usr/bin/bash)
==2357==    by 0x17EFE9: ??? (in /usr/bin/bash)
==2357==    by 0x17F2CE: begin_unwind_frame (in /usr/bin/bash)
==2357==    by 0x14FB5D: execute_command_internal (in /usr/bin/bash)
==2357==    by 0x1519D9: execute_command (in /usr/bin/bash)
==2357==    by 0x139664: reader_loop (in /usr/bin/bash)
==2357==    by 0x137EF8: main (in /usr/bin/bash)
==2357== 
==2357== 32 bytes in 1 blocks are still reachable in loss record 218 of 304
==2357==    at 0x483B7F3: malloc (in /usr/lib/x86_64-linux-gnu/valgrind/vgpreload_memcheck-amd64-linux.so)
==2357==    by 0x1984F3: xmalloc (in /usr/bin/bash)
==2357==    by 0x17EFE9: ??? (in /usr/bin/bash)
==2357==    by 0x17F4C9: add_unwind_protect (in /usr/bin/bash)
==2357==    by 0x14FBF2: execute_command_internal (in /usr/bin/bash)
==2357==    by 0x1519D9: execute_command (in /usr/bin/bash)
==2357==    by 0x139664: reader_loop (in /usr/bin/bash)
==2357==    by 0x137EF8: main (in /usr/bin/bash)
==2357== 
==2357== 32 bytes in 1 blocks are still reachable in loss record 219 of 304
==2357==    at 0x483B7F3: malloc (in /usr/lib/x86_64-linux-gnu/valgrind/vgpreload_memcheck-amd64-linux.so)
==2357==    by 0x1984F3: xmalloc (in /usr/bin/bash)
==2357==    by 0x17EFE9: ??? (in /usr/bin/bash)
==2357==    by 0x17F2CE: begin_unwind_frame (in /usr/bin/bash)
==2357==    by 0x151400: execute_command_internal (in /usr/bin/bash)
==2357==    by 0x1519D9: execute_command (in /usr/bin/bash)
==2357==    by 0x139664: reader_loop (in /usr/bin/bash)
==2357==    by 0x137EF8: main (in /usr/bin/bash)
==2357== 
==2357== 32 bytes in 1 blocks are still reachable in loss record 220 of 304
==2357==    at 0x483B7F3: malloc (in /usr/lib/x86_64-linux-gnu/valgrind/vgpreload_memcheck-amd64-linux.so)
==2357==    by 0x1984F3: xmalloc (in /usr/bin/bash)
==2357==    by 0x17BBFB: hash_insert (in /usr/bin/bash)
==2357==    by 0x158008: ??? (in /usr/bin/bash)
==2357==    by 0x158D55: make_new_array_variable (in /usr/bin/bash)
==2357==    by 0x15C10B: set_pipestatus_array (in /usr/bin/bash)
==2357==    by 0x15172F: execute_command_internal (in /usr/bin/bash)
==2357==    by 0x1519D9: execute_command (in /usr/bin/bash)
==2357==    by 0x139664: reader_loop (in /usr/bin/bash)
==2357==    by 0x137EF8: main (in /usr/bin/bash)
==2357== 
==2357== 32 bytes in 1 blocks are still reachable in loss record 221 of 304
==2357==    at 0x483B7F3: malloc (in /usr/lib/x86_64-linux-gnu/valgrind/vgpreload_memcheck-amd64-linux.so)
==2357==    by 0x1984F3: xmalloc (in /usr/bin/bash)
==2357==    by 0x183457: array_create_element (in /usr/bin/bash)
==2357==    by 0x1834ED: array_create (in /usr/bin/bash)
==2357==    by 0x158D5D: make_new_array_variable (in /usr/bin/bash)
==2357==    by 0x15C10B: set_pipestatus_array (in /usr/bin/bash)
==2357==    by 0x15172F: execute_command_internal (in /usr/bin/bash)
==2357==    by 0x1519D9: execute_command (in /usr/bin/bash)
==2357==    by 0x139664: reader_loop (in /usr/bin/bash)
==2357==    by 0x137EF8: main (in /usr/bin/bash)
==2357== 
==2357== 32 bytes in 1 blocks are still reachable in loss record 222 of 304
==2357==    at 0x483B7F3: malloc (in /usr/lib/x86_64-linux-gnu/valgrind/vgpreload_memcheck-amd64-linux.so)
==2357==    by 0x1984F3: xmalloc (in /usr/bin/bash)
==2357==    by 0x183457: array_create_element (in /usr/bin/bash)
==2357==    by 0x183987: array_insert (in /usr/bin/bash)
==2357==    by 0x15C09E: set_pipestatus_array (in /usr/bin/bash)
==2357==    by 0x15172F: execute_command_internal (in /usr/bin/bash)
==2357==    by 0x1519D9: execute_command (in /usr/bin/bash)
==2357==    by 0x139664: reader_loop (in /usr/bin/bash)
==2357==    by 0x137EF8: main (in /usr/bin/bash)
==2357== 
==2357== 34 bytes in 1 blocks are still reachable in loss record 223 of 304
==2357==    at 0x483DFAF: realloc (in /usr/lib/x86_64-linux-gnu/valgrind/vgpreload_memcheck-amd64-linux.so)
==2357==    by 0x198558: xrealloc (in /usr/bin/bash)
==2357==    by 0x13A097: ??? (in /usr/bin/bash)
==2357==    by 0x13C688: ??? (in /usr/bin/bash)
==2357==    by 0x13F5C9: ??? (in /usr/bin/bash)
==2357==    by 0x142EC7: yyparse (in /usr/bin/bash)
==2357==    by 0x13929A: parse_command (in /usr/bin/bash)
==2357==    by 0x1393A6: read_command (in /usr/bin/bash)
==2357==    by 0x1395C9: reader_loop (in /usr/bin/bash)
==2357==    by 0x137EF8: main (in /usr/bin/bash)
==2357== 
==2357== 40 bytes in 1 blocks are still reachable in loss record 224 of 304
==2357==    at 0x483B7F3: malloc (in /usr/lib/x86_64-linux-gnu/valgrind/vgpreload_memcheck-amd64-linux.so)
==2357==    by 0x1984F3: xmalloc (in /usr/bin/bash)
==2357==    by 0x157EB6: new_var_context (in /usr/bin/bash)
==2357==    by 0x157F68: ??? (in /usr/bin/bash)
==2357==    by 0x15AAAB: initialize_shell_variables (in /usr/bin/bash)
==2357==    by 0x138DC9: ??? (in /usr/bin/bash)
==2357==    by 0x137544: main (in /usr/bin/bash)
==2357== 
==2357== 40 bytes in 1 blocks are still reachable in loss record 225 of 304
==2357==    at 0x483B7F3: malloc (in /usr/lib/x86_64-linux-gnu/valgrind/vgpreload_memcheck-amd64-linux.so)
==2357==    by 0x1984F3: xmalloc (in /usr/bin/bash)
==2357==    by 0x1834BF: array_create (in /usr/bin/bash)
==2357==    by 0x158D5D: make_new_array_variable (in /usr/bin/bash)
==2357==    by 0x15AEE3: initialize_shell_variables (in /usr/bin/bash)
==2357==    by 0x138DC9: ??? (in /usr/bin/bash)
==2357==    by 0x137544: main (in /usr/bin/bash)
==2357== 
==2357== 40 bytes in 1 blocks are still reachable in loss record 226 of 304
==2357==    at 0x483B7F3: malloc (in /usr/lib/x86_64-linux-gnu/valgrind/vgpreload_memcheck-amd64-linux.so)
==2357==    by 0x1984F3: xmalloc (in /usr/bin/bash)
==2357==    by 0x1834BF: array_create (in /usr/bin/bash)
==2357==    by 0x158D5D: make_new_array_variable (in /usr/bin/bash)
==2357==    by 0x158DA7: ??? (in /usr/bin/bash)
==2357==    by 0x15B2CD: initialize_shell_variables (in /usr/bin/bash)
==2357==    by 0x138DC9: ??? (in /usr/bin/bash)
==2357==    by 0x137544: main (in /usr/bin/bash)
==2357== 
==2357== 40 bytes in 1 blocks are still reachable in loss record 227 of 304
==2357==    at 0x483B7F3: malloc (in /usr/lib/x86_64-linux-gnu/valgrind/vgpreload_memcheck-amd64-linux.so)
==2357==    by 0x1984F3: xmalloc (in /usr/bin/bash)
==2357==    by 0x1834BF: array_create (in /usr/bin/bash)
==2357==    by 0x158D5D: make_new_array_variable (in /usr/bin/bash)
==2357==    by 0x158DA7: ??? (in /usr/bin/bash)
==2357==    by 0x15B2EC: initialize_shell_variables (in /usr/bin/bash)
==2357==    by 0x138DC9: ??? (in /usr/bin/bash)
==2357==    by 0x137544: main (in /usr/bin/bash)
==2357== 
==2357== 40 bytes in 1 blocks are still reachable in loss record 228 of 304
==2357==    at 0x483B7F3: malloc (in /usr/lib/x86_64-linux-gnu/valgrind/vgpreload_memcheck-amd64-linux.so)
==2357==    by 0x1984F3: xmalloc (in /usr/bin/bash)
==2357==    by 0x1834BF: array_create (in /usr/bin/bash)
==2357==    by 0x158D5D: make_new_array_variable (in /usr/bin/bash)
==2357==    by 0x158DA7: ??? (in /usr/bin/bash)
==2357==    by 0x15B30B: initialize_shell_variables (in /usr/bin/bash)
==2357==    by 0x138DC9: ??? (in /usr/bin/bash)
==2357==    by 0x137544: main (in /usr/bin/bash)
==2357== 
==2357== 40 bytes in 1 blocks are still reachable in loss record 229 of 304
==2357==    at 0x483B7F3: malloc (in /usr/lib/x86_64-linux-gnu/valgrind/vgpreload_memcheck-amd64-linux.so)
==2357==    by 0x1984F3: xmalloc (in /usr/bin/bash)
==2357==    by 0x1834BF: array_create (in /usr/bin/bash)
==2357==    by 0x158D5D: make_new_array_variable (in /usr/bin/bash)
==2357==    by 0x158DA7: ??? (in /usr/bin/bash)
==2357==    by 0x15B32A: initialize_shell_variables (in /usr/bin/bash)
==2357==    by 0x138DC9: ??? (in /usr/bin/bash)
==2357==    by 0x137544: main (in /usr/bin/bash)
==2357== 
==2357== 40 bytes in 1 blocks are still reachable in loss record 230 of 304
==2357==    at 0x483B7F3: malloc (in /usr/lib/x86_64-linux-gnu/valgrind/vgpreload_memcheck-amd64-linux.so)
==2357==    by 0x1984F3: xmalloc (in /usr/bin/bash)
==2357==    by 0x1834BF: array_create (in /usr/bin/bash)
==2357==    by 0x158D5D: make_new_array_variable (in /usr/bin/bash)
==2357==    by 0x158DA7: ??? (in /usr/bin/bash)
==2357==    by 0x15B349: initialize_shell_variables (in /usr/bin/bash)
==2357==    by 0x138DC9: ??? (in /usr/bin/bash)
==2357==    by 0x137544: main (in /usr/bin/bash)
==2357== 
==2357== 40 bytes in 1 blocks are still reachable in loss record 231 of 304
==2357==    at 0x483B7F3: malloc (in /usr/lib/x86_64-linux-gnu/valgrind/vgpreload_memcheck-amd64-linux.so)
==2357==    by 0x1984F3: xmalloc (in /usr/bin/bash)
==2357==    by 0x1834BF: array_create (in /usr/bin/bash)
==2357==    by 0x158D5D: make_new_array_variable (in /usr/bin/bash)
==2357==    by 0x158DA7: ??? (in /usr/bin/bash)
==2357==    by 0x15B368: initialize_shell_variables (in /usr/bin/bash)
==2357==    by 0x138DC9: ??? (in /usr/bin/bash)
==2357==    by 0x137544: main (in /usr/bin/bash)
==2357== 
==2357== 40 bytes in 1 blocks are still reachable in loss record 232 of 304
==2357==    at 0x483B7F3: malloc (in /usr/lib/x86_64-linux-gnu/valgrind/vgpreload_memcheck-amd64-linux.so)
==2357==    by 0x1984F3: xmalloc (in /usr/bin/bash)
==2357==    by 0x1834BF: array_create (in /usr/bin/bash)
==2357==    by 0x158D5D: make_new_array_variable (in /usr/bin/bash)
==2357==    by 0x15B64D: initialize_shell_variables (in /usr/bin/bash)
==2357==    by 0x138DC9: ??? (in /usr/bin/bash)
==2357==    by 0x137544: main (in /usr/bin/bash)
==2357== 
==2357== 40 bytes in 1 blocks are still reachable in loss record 233 of 304
==2357==    at 0x483B7F3: malloc (in /usr/lib/x86_64-linux-gnu/valgrind/vgpreload_memcheck-amd64-linux.so)
==2357==    by 0x1984F3: xmalloc (in /usr/bin/bash)
==2357==    by 0x1834BF: array_create (in /usr/bin/bash)
==2357==    by 0x158D5D: make_new_array_variable (in /usr/bin/bash)
==2357==    by 0x15C10B: set_pipestatus_array (in /usr/bin/bash)
==2357==    by 0x15172F: execute_command_internal (in /usr/bin/bash)
==2357==    by 0x1519D9: execute_command (in /usr/bin/bash)
==2357==    by 0x139664: reader_loop (in /usr/bin/bash)
==2357==    by 0x137EF8: main (in /usr/bin/bash)
==2357== 
==2357== 41 bytes in 1 blocks are still reachable in loss record 234 of 304
==2357==    at 0x483B7F3: malloc (in /usr/lib/x86_64-linux-gnu/valgrind/vgpreload_memcheck-amd64-linux.so)
==2357==    by 0x1984F3: xmalloc (in /usr/bin/bash)
==2357==    by 0x156DA1: make_variable_value (in /usr/bin/bash)
==2357==    by 0x15806D: ??? (in /usr/bin/bash)
==2357==    by 0x1A76E0: set_shellopts (in /usr/bin/bash)
==2357==    by 0x138DFD: ??? (in /usr/bin/bash)
==2357==    by 0x137544: main (in /usr/bin/bash)
==2357== 
==2357== 48 bytes in 1 blocks are still reachable in loss record 235 of 304
==2357==    at 0x483B7F3: malloc (in /usr/lib/x86_64-linux-gnu/valgrind/vgpreload_memcheck-amd64-linux.so)
==2357==    by 0x1984F3: xmalloc (in /usr/bin/bash)
==2357==    by 0x1544C3: ??? (in /usr/bin/bash)
==2357==    by 0x157FCF: ??? (in /usr/bin/bash)
==2357==    by 0x15805C: ??? (in /usr/bin/bash)
==2357==    by 0x159447: set_pwd (in /usr/bin/bash)
==2357==    by 0x15AAEE: initialize_shell_variables (in /usr/bin/bash)
==2357==    by 0x138DC9: ??? (in /usr/bin/bash)
==2357==    by 0x137544: main (in /usr/bin/bash)
==2357== 
==2357== 48 bytes in 1 blocks are still reachable in loss record 236 of 304
==2357==    at 0x483B7F3: malloc (in /usr/lib/x86_64-linux-gnu/valgrind/vgpreload_memcheck-amd64-linux.so)
==2357==    by 0x1984F3: xmalloc (in /usr/bin/bash)
==2357==    by 0x1544C3: ??? (in /usr/bin/bash)
==2357==    by 0x157FCF: ??? (in /usr/bin/bash)
==2357==    by 0x15805C: ??? (in /usr/bin/bash)
==2357==    by 0x159490: set_pwd (in /usr/bin/bash)
==2357==    by 0x15AAEE: initialize_shell_variables (in /usr/bin/bash)
==2357==    by 0x138DC9: ??? (in /usr/bin/bash)
==2357==    by 0x137544: main (in /usr/bin/bash)
==2357== 
==2357== 48 bytes in 1 blocks are still reachable in loss record 237 of 304
==2357==    at 0x483B7F3: malloc (in /usr/lib/x86_64-linux-gnu/valgrind/vgpreload_memcheck-amd64-linux.so)
==2357==    by 0x1984F3: xmalloc (in /usr/bin/bash)
==2357==    by 0x1544C3: ??? (in /usr/bin/bash)
==2357==    by 0x157FCF: ??? (in /usr/bin/bash)
==2357==    by 0x15805C: ??? (in /usr/bin/bash)
==2357==    by 0x15AB01: initialize_shell_variables (in /usr/bin/bash)
==2357==    by 0x138DC9: ??? (in /usr/bin/bash)
==2357==    by 0x137544: main (in /usr/bin/bash)
==2357== 
==2357== 48 bytes in 1 blocks are still reachable in loss record 238 of 304
==2357==    at 0x483B7F3: malloc (in /usr/lib/x86_64-linux-gnu/valgrind/vgpreload_memcheck-amd64-linux.so)
==2357==    by 0x1984F3: xmalloc (in /usr/bin/bash)
==2357==    by 0x1544C3: ??? (in /usr/bin/bash)
==2357==    by 0x157FCF: ??? (in /usr/bin/bash)
==2357==    by 0x15805C: ??? (in /usr/bin/bash)
==2357==    by 0x15AB1F: initialize_shell_variables (in /usr/bin/bash)
==2357==    by 0x138DC9: ??? (in /usr/bin/bash)
==2357==    by 0x137544: main (in /usr/bin/bash)
==2357== 
==2357== 48 bytes in 1 blocks are still reachable in loss record 239 of 304
==2357==    at 0x483B7F3: malloc (in /usr/lib/x86_64-linux-gnu/valgrind/vgpreload_memcheck-amd64-linux.so)
==2357==    by 0x1984F3: xmalloc (in /usr/bin/bash)
==2357==    by 0x1544C3: ??? (in /usr/bin/bash)
==2357==    by 0x157FCF: ??? (in /usr/bin/bash)
==2357==    by 0x15805C: ??? (in /usr/bin/bash)
==2357==    by 0x15AB32: initialize_shell_variables (in /usr/bin/bash)
==2357==    by 0x138DC9: ??? (in /usr/bin/bash)
==2357==    by 0x137544: main (in /usr/bin/bash)
==2357== 
==2357== 48 bytes in 1 blocks are still reachable in loss record 240 of 304
==2357==    at 0x483B7F3: malloc (in /usr/lib/x86_64-linux-gnu/valgrind/vgpreload_memcheck-amd64-linux.so)
==2357==    by 0x1984F3: xmalloc (in /usr/bin/bash)
==2357==    by 0x1544C3: ??? (in /usr/bin/bash)
==2357==    by 0x157FCF: ??? (in /usr/bin/bash)
==2357==    by 0x15805C: ??? (in /usr/bin/bash)
==2357==    by 0x15AB65: initialize_shell_variables (in /usr/bin/bash)
==2357==    by 0x138DC9: ??? (in /usr/bin/bash)
==2357==    by 0x137544: main (in /usr/bin/bash)
==2357== 
==2357== 48 bytes in 1 blocks are still reachable in loss record 241 of 304
==2357==    at 0x483B7F3: malloc (in /usr/lib/x86_64-linux-gnu/valgrind/vgpreload_memcheck-amd64-linux.so)
==2357==    by 0x1984F3: xmalloc (in /usr/bin/bash)
==2357==    by 0x1544C3: ??? (in /usr/bin/bash)
==2357==    by 0x157FCF: ??? (in /usr/bin/bash)
==2357==    by 0x15805C: ??? (in /usr/bin/bash)
==2357==    by 0x15AB7A: initialize_shell_variables (in /usr/bin/bash)
==2357==    by 0x138DC9: ??? (in /usr/bin/bash)
==2357==    by 0x137544: main (in /usr/bin/bash)
==2357== 
==2357== 48 bytes in 1 blocks are still reachable in loss record 242 of 304
==2357==    at 0x483B7F3: malloc (in /usr/lib/x86_64-linux-gnu/valgrind/vgpreload_memcheck-amd64-linux.so)
==2357==    by 0x1984F3: xmalloc (in /usr/bin/bash)
==2357==    by 0x1544C3: ??? (in /usr/bin/bash)
==2357==    by 0x157FCF: ??? (in /usr/bin/bash)
==2357==    by 0x15805C: ??? (in /usr/bin/bash)
==2357==    by 0x15AB95: initialize_shell_variables (in /usr/bin/bash)
==2357==    by 0x138DC9: ??? (in /usr/bin/bash)
==2357==    by 0x137544: main (in /usr/bin/bash)
==2357== 
==2357== 48 bytes in 1 blocks are still reachable in loss record 243 of 304
==2357==    at 0x483B7F3: malloc (in /usr/lib/x86_64-linux-gnu/valgrind/vgpreload_memcheck-amd64-linux.so)
==2357==    by 0x1984F3: xmalloc (in /usr/bin/bash)
==2357==    by 0x1544C3: ??? (in /usr/bin/bash)
==2357==    by 0x157FCF: ??? (in /usr/bin/bash)
==2357==    by 0x15805C: ??? (in /usr/bin/bash)
==2357==    by 0x15ABA8: initialize_shell_variables (in /usr/bin/bash)
==2357==    by 0x138DC9: ??? (in /usr/bin/bash)
==2357==    by 0x137544: main (in /usr/bin/bash)
==2357== 
==2357== 48 bytes in 1 blocks are still reachable in loss record 244 of 304
==2357==    at 0x483B7F3: malloc (in /usr/lib/x86_64-linux-gnu/valgrind/vgpreload_memcheck-amd64-linux.so)
==2357==    by 0x1984F3: xmalloc (in /usr/bin/bash)
==2357==    by 0x1544C3: ??? (in /usr/bin/bash)
==2357==    by 0x157FCF: ??? (in /usr/bin/bash)
==2357==    by 0x15805C: ??? (in /usr/bin/bash)
==2357==    by 0x15ABBB: initialize_shell_variables (in /usr/bin/bash)
==2357==    by 0x138DC9: ??? (in /usr/bin/bash)
==2357==    by 0x137544: main (in /usr/bin/bash)
==2357== 
==2357== 48 bytes in 1 blocks are still reachable in loss record 245 of 304
==2357==    at 0x483B7F3: malloc (in /usr/lib/x86_64-linux-gnu/valgrind/vgpreload_memcheck-amd64-linux.so)
==2357==    by 0x1984F3: xmalloc (in /usr/bin/bash)
==2357==    by 0x1544C3: ??? (in /usr/bin/bash)
==2357==    by 0x157FCF: ??? (in /usr/bin/bash)
==2357==    by 0x15805C: ??? (in /usr/bin/bash)
==2357==    by 0x15ABCE: initialize_shell_variables (in /usr/bin/bash)
==2357==    by 0x138DC9: ??? (in /usr/bin/bash)
==2357==    by 0x137544: main (in /usr/bin/bash)
==2357== 
==2357== 48 bytes in 1 blocks are still reachable in loss record 246 of 304
==2357==    at 0x483B7F3: malloc (in /usr/lib/x86_64-linux-gnu/valgrind/vgpreload_memcheck-amd64-linux.so)
==2357==    by 0x1984F3: xmalloc (in /usr/bin/bash)
==2357==    by 0x1544C3: ??? (in /usr/bin/bash)
==2357==    by 0x157FCF: ??? (in /usr/bin/bash)
==2357==    by 0x15805C: ??? (in /usr/bin/bash)
==2357==    by 0x15929E: adjust_shell_level (in /usr/bin/bash)
==2357==    by 0x15AC10: initialize_shell_variables (in /usr/bin/bash)
==2357==    by 0x138DC9: ??? (in /usr/bin/bash)
==2357==    by 0x137544: main (in /usr/bin/bash)
==2357== 
==2357== 48 bytes in 1 blocks are still reachable in loss record 247 of 304
==2357==    at 0x483B7F3: malloc (in /usr/lib/x86_64-linux-gnu/valgrind/vgpreload_memcheck-amd64-linux.so)
==2357==    by 0x1984F3: xmalloc (in /usr/bin/bash)
==2357==    by 0x1544C3: ??? (in /usr/bin/bash)
==2357==    by 0x157FCF: ??? (in /usr/bin/bash)
==2357==    by 0x15805C: ??? (in /usr/bin/bash)
==2357==    by 0x159628: set_ppid (in /usr/bin/bash)
==2357==    by 0x15AC15: initialize_shell_variables (in /usr/bin/bash)
==2357==    by 0x138DC9: ??? (in /usr/bin/bash)
==2357==    by 0x137544: main (in /usr/bin/bash)
==2357== 
==2357== 48 bytes in 1 blocks are still reachable in loss record 248 of 304
==2357==    at 0x483B7F3: malloc (in /usr/lib/x86_64-linux-gnu/valgrind/vgpreload_memcheck-amd64-linux.so)
==2357==    by 0x1984F3: xmalloc (in /usr/bin/bash)
==2357==    by 0x1544C3: ??? (in /usr/bin/bash)
==2357==    by 0x157FCF: ??? (in /usr/bin/bash)
==2357==    by 0x15805C: ??? (in /usr/bin/bash)
==2357==    by 0x15AC2A: initialize_shell_variables (in /usr/bin/bash)
==2357==    by 0x138DC9: ??? (in /usr/bin/bash)
==2357==    by 0x137544: main (in /usr/bin/bash)
==2357== 
==2357== 48 bytes in 1 blocks are still reachable in loss record 249 of 304
==2357==    at 0x483B7F3: malloc (in /usr/lib/x86_64-linux-gnu/valgrind/vgpreload_memcheck-amd64-linux.so)
==2357==    by 0x1984F3: xmalloc (in /usr/bin/bash)
==2357==    by 0x1544C3: ??? (in /usr/bin/bash)
==2357==    by 0x157FCF: ??? (in /usr/bin/bash)
==2357==    by 0x15805C: ??? (in /usr/bin/bash)
==2357==    by 0x15AC4A: initialize_shell_variables (in /usr/bin/bash)
==2357==    by 0x138DC9: ??? (in /usr/bin/bash)
==2357==    by 0x137544: main (in /usr/bin/bash)
==2357== 
==2357== 48 bytes in 1 blocks are still reachable in loss record 250 of 304
==2357==    at 0x483B7F3: malloc (in /usr/lib/x86_64-linux-gnu/valgrind/vgpreload_memcheck-amd64-linux.so)
==2357==    by 0x1984F3: xmalloc (in /usr/bin/bash)
==2357==    by 0x1544C3: ??? (in /usr/bin/bash)
==2357==    by 0x157FCF: ??? (in /usr/bin/bash)
==2357==    by 0x15805C: ??? (in /usr/bin/bash)
==2357==    by 0x15AE90: initialize_shell_variables (in /usr/bin/bash)
==2357==    by 0x138DC9: ??? (in /usr/bin/bash)
==2357==    by 0x137544: main (in /usr/bin/bash)
==2357== 
==2357== 48 bytes in 1 blocks are still reachable in loss record 251 of 304
==2357==    at 0x483B7F3: malloc (in /usr/lib/x86_64-linux-gnu/valgrind/vgpreload_memcheck-amd64-linux.so)
==2357==    by 0x1984F3: xmalloc (in /usr/bin/bash)
==2357==    by 0x1544C3: ??? (in /usr/bin/bash)
==2357==    by 0x157FCF: ??? (in /usr/bin/bash)
==2357==    by 0x15805C: ??? (in /usr/bin/bash)
==2357==    by 0x15B635: initialize_shell_variables (in /usr/bin/bash)
==2357==    by 0x138DC9: ??? (in /usr/bin/bash)
==2357==    by 0x137544: main (in /usr/bin/bash)
==2357== 
==2357== 48 bytes in 1 blocks are still reachable in loss record 252 of 304
==2357==    at 0x483B7F3: malloc (in /usr/lib/x86_64-linux-gnu/valgrind/vgpreload_memcheck-amd64-linux.so)
==2357==    by 0x1984F3: xmalloc (in /usr/bin/bash)
==2357==    by 0x1544C3: ??? (in /usr/bin/bash)
==2357==    by 0x157FCF: ??? (in /usr/bin/bash)
==2357==    by 0x15805C: ??? (in /usr/bin/bash)
==2357==    by 0x15AECB: initialize_shell_variables (in /usr/bin/bash)
==2357==    by 0x138DC9: ??? (in /usr/bin/bash)
==2357==    by 0x137544: main (in /usr/bin/bash)
==2357== 
==2357== 48 bytes in 1 blocks are still reachable in loss record 253 of 304
==2357==    at 0x483B7F3: malloc (in /usr/lib/x86_64-linux-gnu/valgrind/vgpreload_memcheck-amd64-linux.so)
==2357==    by 0x1984F3: xmalloc (in /usr/bin/bash)
==2357==    by 0x1544C3: ??? (in /usr/bin/bash)
==2357==    by 0x157FCF: ??? (in /usr/bin/bash)
==2357==    by 0x158D55: make_new_array_variable (in /usr/bin/bash)
==2357==    by 0x15AEE3: initialize_shell_variables (in /usr/bin/bash)
==2357==    by 0x138DC9: ??? (in /usr/bin/bash)
==2357==    by 0x137544: main (in /usr/bin/bash)
==2357== 
==2357== 48 bytes in 1 blocks are still reachable in loss record 254 of 304
==2357==    at 0x483B7F3: malloc (in /usr/lib/x86_64-linux-gnu/valgrind/vgpreload_memcheck-amd64-linux.so)
==2357==    by 0x1984F3: xmalloc (in /usr/bin/bash)
==2357==    by 0x1544C3: ??? (in /usr/bin/bash)
==2357==    by 0x157FCF: ??? (in /usr/bin/bash)
==2357==    by 0x15805C: ??? (in /usr/bin/bash)
==2357==    by 0x15B7C8: initialize_shell_variables (in /usr/bin/bash)
==2357==    by 0x138DC9: ??? (in /usr/bin/bash)
==2357==    by 0x137544: main (in /usr/bin/bash)
==2357== 
==2357== 48 bytes in 1 blocks are still reachable in loss record 255 of 304
==2357==    at 0x483B7F3: malloc (in /usr/lib/x86_64-linux-gnu/valgrind/vgpreload_memcheck-amd64-linux.so)
==2357==    by 0x1984F3: xmalloc (in /usr/bin/bash)
==2357==    by 0x1544C3: ??? (in /usr/bin/bash)
==2357==    by 0x157FCF: ??? (in /usr/bin/bash)
==2357==    by 0x15805C: ??? (in /usr/bin/bash)
==2357==    by 0x15B7AE: initialize_shell_variables (in /usr/bin/bash)
==2357==    by 0x138DC9: ??? (in /usr/bin/bash)
==2357==    by 0x137544: main (in /usr/bin/bash)
==2357== 
==2357== 48 bytes in 1 blocks are still reachable in loss record 256 of 304
==2357==    at 0x483B7F3: malloc (in /usr/lib/x86_64-linux-gnu/valgrind/vgpreload_memcheck-amd64-linux.so)
==2357==    by 0x1984F3: xmalloc (in /usr/bin/bash)
==2357==    by 0x1544C3: ??? (in /usr/bin/bash)
==2357==    by 0x157FCF: ??? (in /usr/bin/bash)
==2357==    by 0x15805C: ??? (in /usr/bin/bash)
==2357==    by 0x15B112: initialize_shell_variables (in /usr/bin/bash)
==2357==    by 0x138DC9: ??? (in /usr/bin/bash)
==2357==    by 0x137544: main (in /usr/bin/bash)
==2357== 
==2357== 48 bytes in 1 blocks are still reachable in loss record 257 of 304
==2357==    at 0x483B7F3: malloc (in /usr/lib/x86_64-linux-gnu/valgrind/vgpreload_memcheck-amd64-linux.so)
==2357==    by 0x1984F3: xmalloc (in /usr/bin/bash)
==2357==    by 0x1544C3: ??? (in /usr/bin/bash)
==2357==    by 0x157FCF: ??? (in /usr/bin/bash)
==2357==    by 0x15805C: ??? (in /usr/bin/bash)
==2357==    by 0x15B13F: initialize_shell_variables (in /usr/bin/bash)
==2357==    by 0x138DC9: ??? (in /usr/bin/bash)
==2357==    by 0x137544: main (in /usr/bin/bash)
==2357== 
==2357== 48 bytes in 1 blocks are still reachable in loss record 258 of 304
==2357==    at 0x483B7F3: malloc (in /usr/lib/x86_64-linux-gnu/valgrind/vgpreload_memcheck-amd64-linux.so)
==2357==    by 0x1984F3: xmalloc (in /usr/bin/bash)
==2357==    by 0x1544C3: ??? (in /usr/bin/bash)
==2357==    by 0x157FCF: ??? (in /usr/bin/bash)
==2357==    by 0x15805C: ??? (in /usr/bin/bash)
==2357==    by 0x15B165: initialize_shell_variables (in /usr/bin/bash)
==2357==    by 0x138DC9: ??? (in /usr/bin/bash)
==2357==    by 0x137544: main (in /usr/bin/bash)
==2357== 
==2357== 48 bytes in 1 blocks are still reachable in loss record 259 of 304
==2357==    at 0x483B7F3: malloc (in /usr/lib/x86_64-linux-gnu/valgrind/vgpreload_memcheck-amd64-linux.so)
==2357==    by 0x1984F3: xmalloc (in /usr/bin/bash)
==2357==    by 0x1544C3: ??? (in /usr/bin/bash)
==2357==    by 0x157FCF: ??? (in /usr/bin/bash)
==2357==    by 0x15805C: ??? (in /usr/bin/bash)
==2357==    by 0x15B188: initialize_shell_variables (in /usr/bin/bash)
==2357==    by 0x138DC9: ??? (in /usr/bin/bash)
==2357==    by 0x137544: main (in /usr/bin/bash)
==2357== 
==2357== 48 bytes in 1 blocks are still reachable in loss record 260 of 304
==2357==    at 0x483B7F3: malloc (in /usr/lib/x86_64-linux-gnu/valgrind/vgpreload_memcheck-amd64-linux.so)
==2357==    by 0x1984F3: xmalloc (in /usr/bin/bash)
==2357==    by 0x1544C3: ??? (in /usr/bin/bash)
==2357==    by 0x157FCF: ??? (in /usr/bin/bash)
==2357==    by 0x15805C: ??? (in /usr/bin/bash)
==2357==    by 0x15B1AE: initialize_shell_variables (in /usr/bin/bash)
==2357==    by 0x138DC9: ??? (in /usr/bin/bash)
==2357==    by 0x137544: main (in /usr/bin/bash)
==2357== 
==2357== 48 bytes in 1 blocks are still reachable in loss record 261 of 304
==2357==    at 0x483B7F3: malloc (in /usr/lib/x86_64-linux-gnu/valgrind/vgpreload_memcheck-amd64-linux.so)
==2357==    by 0x1984F3: xmalloc (in /usr/bin/bash)
==2357==    by 0x1544C3: ??? (in /usr/bin/bash)
==2357==    by 0x157FCF: ??? (in /usr/bin/bash)
==2357==    by 0x15805C: ??? (in /usr/bin/bash)
==2357==    by 0x15B1D8: initialize_shell_variables (in /usr/bin/bash)
==2357==    by 0x138DC9: ??? (in /usr/bin/bash)
==2357==    by 0x137544: main (in /usr/bin/bash)
==2357== 
==2357== 48 bytes in 1 blocks are still reachable in loss record 262 of 304
==2357==    at 0x483B7F3: malloc (in /usr/lib/x86_64-linux-gnu/valgrind/vgpreload_memcheck-amd64-linux.so)
==2357==    by 0x1984F3: xmalloc (in /usr/bin/bash)
==2357==    by 0x1544C3: ??? (in /usr/bin/bash)
==2357==    by 0x157FCF: ??? (in /usr/bin/bash)
==2357==    by 0x15805C: ??? (in /usr/bin/bash)
==2357==    by 0x15B205: initialize_shell_variables (in /usr/bin/bash)
==2357==    by 0x138DC9: ??? (in /usr/bin/bash)
==2357==    by 0x137544: main (in /usr/bin/bash)
==2357== 
==2357== 48 bytes in 1 blocks are still reachable in loss record 263 of 304
==2357==    at 0x483B7F3: malloc (in /usr/lib/x86_64-linux-gnu/valgrind/vgpreload_memcheck-amd64-linux.so)
==2357==    by 0x1984F3: xmalloc (in /usr/bin/bash)
==2357==    by 0x1544C3: ??? (in /usr/bin/bash)
==2357==    by 0x157FCF: ??? (in /usr/bin/bash)
==2357==    by 0x15805C: ??? (in /usr/bin/bash)
==2357==    by 0x15B228: initialize_shell_variables (in /usr/bin/bash)
==2357==    by 0x138DC9: ??? (in /usr/bin/bash)
==2357==    by 0x137544: main (in /usr/bin/bash)
==2357== 
==2357== 48 bytes in 1 blocks are still reachable in loss record 264 of 304
==2357==    at 0x483B7F3: malloc (in /usr/lib/x86_64-linux-gnu/valgrind/vgpreload_memcheck-amd64-linux.so)
==2357==    by 0x1984F3: xmalloc (in /usr/bin/bash)
==2357==    by 0x1544C3: ??? (in /usr/bin/bash)
==2357==    by 0x157FCF: ??? (in /usr/bin/bash)
==2357==    by 0x15805C: ??? (in /usr/bin/bash)
==2357==    by 0x15B24E: initialize_shell_variables (in /usr/bin/bash)
==2357==    by 0x138DC9: ??? (in /usr/bin/bash)
==2357==    by 0x137544: main (in /usr/bin/bash)
==2357== 
==2357== 48 bytes in 1 blocks are still reachable in loss record 265 of 304
==2357==    at 0x483B7F3: malloc (in /usr/lib/x86_64-linux-gnu/valgrind/vgpreload_memcheck-amd64-linux.so)
==2357==    by 0x1984F3: xmalloc (in /usr/bin/bash)
==2357==    by 0x1544C3: ??? (in /usr/bin/bash)
==2357==    by 0x157FCF: ??? (in /usr/bin/bash)
==2357==    by 0x15805C: ??? (in /usr/bin/bash)
==2357==    by 0x15B27B: initialize_shell_variables (in /usr/bin/bash)
==2357==    by 0x138DC9: ??? (in /usr/bin/bash)
==2357==    by 0x137544: main (in /usr/bin/bash)
==2357== 
==2357== 48 bytes in 1 blocks are still reachable in loss record 266 of 304
==2357==    at 0x483B7F3: malloc (in /usr/lib/x86_64-linux-gnu/valgrind/vgpreload_memcheck-amd64-linux.so)
==2357==    by 0x1984F3: xmalloc (in /usr/bin/bash)
==2357==    by 0x1544C3: ??? (in /usr/bin/bash)
==2357==    by 0x157FCF: ??? (in /usr/bin/bash)
==2357==    by 0x15805C: ??? (in /usr/bin/bash)
==2357==    by 0x15B2A2: initialize_shell_variables (in /usr/bin/bash)
==2357==    by 0x138DC9: ??? (in /usr/bin/bash)
==2357==    by 0x137544: main (in /usr/bin/bash)
==2357== 
==2357== 48 bytes in 1 blocks are still reachable in loss record 267 of 304
==2357==    at 0x483B7F3: malloc (in /usr/lib/x86_64-linux-gnu/valgrind/vgpreload_memcheck-amd64-linux.so)
==2357==    by 0x1984F3: xmalloc (in /usr/bin/bash)
==2357==    by 0x1544C3: ??? (in /usr/bin/bash)
==2357==    by 0x157FCF: ??? (in /usr/bin/bash)
==2357==    by 0x158D55: make_new_array_variable (in /usr/bin/bash)
==2357==    by 0x158DA7: ??? (in /usr/bin/bash)
==2357==    by 0x15B2CD: initialize_shell_variables (in /usr/bin/bash)
==2357==    by 0x138DC9: ??? (in /usr/bin/bash)
==2357==    by 0x137544: main (in /usr/bin/bash)
==2357== 
==2357== 48 bytes in 1 blocks are still reachable in loss record 268 of 304
==2357==    at 0x483B7F3: malloc (in /usr/lib/x86_64-linux-gnu/valgrind/vgpreload_memcheck-amd64-linux.so)
==2357==    by 0x1984F3: xmalloc (in /usr/bin/bash)
==2357==    by 0x1544C3: ??? (in /usr/bin/bash)
==2357==    by 0x157FCF: ??? (in /usr/bin/bash)
==2357==    by 0x158D55: make_new_array_variable (in /usr/bin/bash)
==2357==    by 0x158DA7: ??? (in /usr/bin/bash)
==2357==    by 0x15B2EC: initialize_shell_variables (in /usr/bin/bash)
==2357==    by 0x138DC9: ??? (in /usr/bin/bash)
==2357==    by 0x137544: main (in /usr/bin/bash)
==2357== 
==2357== 48 bytes in 1 blocks are still reachable in loss record 269 of 304
==2357==    at 0x483B7F3: malloc (in /usr/lib/x86_64-linux-gnu/valgrind/vgpreload_memcheck-amd64-linux.so)
==2357==    by 0x1984F3: xmalloc (in /usr/bin/bash)
==2357==    by 0x1544C3: ??? (in /usr/bin/bash)
==2357==    by 0x157FCF: ??? (in /usr/bin/bash)
==2357==    by 0x158D55: make_new_array_variable (in /usr/bin/bash)
==2357==    by 0x158DA7: ??? (in /usr/bin/bash)
==2357==    by 0x15B30B: initialize_shell_variables (in /usr/bin/bash)
==2357==    by 0x138DC9: ??? (in /usr/bin/bash)
==2357==    by 0x137544: main (in /usr/bin/bash)
==2357== 
==2357== 48 bytes in 1 blocks are still reachable in loss record 270 of 304
==2357==    at 0x483B7F3: malloc (in /usr/lib/x86_64-linux-gnu/valgrind/vgpreload_memcheck-amd64-linux.so)
==2357==    by 0x1984F3: xmalloc (in /usr/bin/bash)
==2357==    by 0x1544C3: ??? (in /usr/bin/bash)
==2357==    by 0x157FCF: ??? (in /usr/bin/bash)
==2357==    by 0x158D55: make_new_array_variable (in /usr/bin/bash)
==2357==    by 0x158DA7: ??? (in /usr/bin/bash)
==2357==    by 0x15B32A: initialize_shell_variables (in /usr/bin/bash)
==2357==    by 0x138DC9: ??? (in /usr/bin/bash)
==2357==    by 0x137544: main (in /usr/bin/bash)
==2357== 
==2357== 48 bytes in 1 blocks are still reachable in loss record 271 of 304
==2357==    at 0x483B7F3: malloc (in /usr/lib/x86_64-linux-gnu/valgrind/vgpreload_memcheck-amd64-linux.so)
==2357==    by 0x1984F3: xmalloc (in /usr/bin/bash)
==2357==    by 0x1544C3: ??? (in /usr/bin/bash)
==2357==    by 0x157FCF: ??? (in /usr/bin/bash)
==2357==    by 0x158D55: make_new_array_variable (in /usr/bin/bash)
==2357==    by 0x158DA7: ??? (in /usr/bin/bash)
==2357==    by 0x15B349: initialize_shell_variables (in /usr/bin/bash)
==2357==    by 0x138DC9: ??? (in /usr/bin/bash)
==2357==    by 0x137544: main (in /usr/bin/bash)
==2357== 
==2357== 48 bytes in 1 blocks are still reachable in loss record 272 of 304
==2357==    at 0x483B7F3: malloc (in /usr/lib/x86_64-linux-gnu/valgrind/vgpreload_memcheck-amd64-linux.so)
==2357==    by 0x1984F3: xmalloc (in /usr/bin/bash)
==2357==    by 0x1544C3: ??? (in /usr/bin/bash)
==2357==    by 0x157FCF: ??? (in /usr/bin/bash)
==2357==    by 0x158D55: make_new_array_variable (in /usr/bin/bash)
==2357==    by 0x158DA7: ??? (in /usr/bin/bash)
==2357==    by 0x15B368: initialize_shell_variables (in /usr/bin/bash)
==2357==    by 0x138DC9: ??? (in /usr/bin/bash)
==2357==    by 0x137544: main (in /usr/bin/bash)
==2357== 
==2357== 48 bytes in 1 blocks are still reachable in loss record 273 of 304
==2357==    at 0x483B7F3: malloc (in /usr/lib/x86_64-linux-gnu/valgrind/vgpreload_memcheck-amd64-linux.so)
==2357==    by 0x1984F3: xmalloc (in /usr/bin/bash)
==2357==    by 0x1544C3: ??? (in /usr/bin/bash)
==2357==    by 0x157FCF: ??? (in /usr/bin/bash)
==2357==    by 0x158DE5: make_new_assoc_variable (in /usr/bin/bash)
==2357==    by 0x15B6A9: initialize_shell_variables (in /usr/bin/bash)
==2357==    by 0x138DC9: ??? (in /usr/bin/bash)
==2357==    by 0x137544: main (in /usr/bin/bash)
==2357== 
==2357== 48 bytes in 1 blocks are still reachable in loss record 274 of 304
==2357==    at 0x483B7F3: malloc (in /usr/lib/x86_64-linux-gnu/valgrind/vgpreload_memcheck-amd64-linux.so)
==2357==    by 0x1984F3: xmalloc (in /usr/bin/bash)
==2357==    by 0x1544C3: ??? (in /usr/bin/bash)
==2357==    by 0x157FCF: ??? (in /usr/bin/bash)
==2357==    by 0x158DE5: make_new_assoc_variable (in /usr/bin/bash)
==2357==    by 0x15B67B: initialize_shell_variables (in /usr/bin/bash)
==2357==    by 0x138DC9: ??? (in /usr/bin/bash)
==2357==    by 0x137544: main (in /usr/bin/bash)
==2357== 
==2357== 48 bytes in 1 blocks are still reachable in loss record 275 of 304
==2357==    at 0x483B7F3: malloc (in /usr/lib/x86_64-linux-gnu/valgrind/vgpreload_memcheck-amd64-linux.so)
==2357==    by 0x1984F3: xmalloc (in /usr/bin/bash)
==2357==    by 0x1544C3: ??? (in /usr/bin/bash)
==2357==    by 0x157FCF: ??? (in /usr/bin/bash)
==2357==    by 0x158D55: make_new_array_variable (in /usr/bin/bash)
==2357==    by 0x15B64D: initialize_shell_variables (in /usr/bin/bash)
==2357==    by 0x138DC9: ??? (in /usr/bin/bash)
==2357==    by 0x137544: main (in /usr/bin/bash)
==2357== 
==2357== 48 bytes in 1 blocks are still reachable in loss record 276 of 304
==2357==    at 0x483B7F3: malloc (in /usr/lib/x86_64-linux-gnu/valgrind/vgpreload_memcheck-amd64-linux.so)
==2357==    by 0x1984F3: xmalloc (in /usr/bin/bash)
==2357==    by 0x1544C3: ??? (in /usr/bin/bash)
==2357==    by 0x157FCF: ??? (in /usr/bin/bash)
==2357==    by 0x15805C: ??? (in /usr/bin/bash)
==2357==    by 0x1A76E0: set_shellopts (in /usr/bin/bash)
==2357==    by 0x138DFD: ??? (in /usr/bin/bash)
==2357==    by 0x137544: main (in /usr/bin/bash)
==2357== 
==2357== 48 bytes in 1 blocks are still reachable in loss record 277 of 304
==2357==    at 0x483B7F3: malloc (in /usr/lib/x86_64-linux-gnu/valgrind/vgpreload_memcheck-amd64-linux.so)
==2357==    by 0x1984F3: xmalloc (in /usr/bin/bash)
==2357==    by 0x1544C3: ??? (in /usr/bin/bash)
==2357==    by 0x157FCF: ??? (in /usr/bin/bash)
==2357==    by 0x15805C: ??? (in /usr/bin/bash)
==2357==    by 0x1AC4B0: set_bashopts (in /usr/bin/bash)
==2357==    by 0x138E1C: ??? (in /usr/bin/bash)
==2357==    by 0x137544: main (in /usr/bin/bash)
==2357== 
==2357== 48 bytes in 1 blocks are still reachable in loss record 278 of 304
==2357==    at 0x483B7F3: malloc (in /usr/lib/x86_64-linux-gnu/valgrind/vgpreload_memcheck-amd64-linux.so)
==2357==    by 0x1984F3: xmalloc (in /usr/bin/bash)
==2357==    by 0x17E939: fd_to_buffered_stream (in /usr/bin/bash)
==2357==    by 0x17EF54: with_input_from_buffered_stream (in /usr/bin/bash)
==2357==    by 0x137DC4: main (in /usr/bin/bash)
==2357== 
==2357== 48 bytes in 1 blocks are still reachable in loss record 279 of 304
==2357==    at 0x483B7F3: malloc (in /usr/lib/x86_64-linux-gnu/valgrind/vgpreload_memcheck-amd64-linux.so)
==2357==    by 0x1984F3: xmalloc (in /usr/bin/bash)
==2357==    by 0x1544C3: ??? (in /usr/bin/bash)
==2357==    by 0x157FCF: ??? (in /usr/bin/bash)
==2357==    by 0x158D55: make_new_array_variable (in /usr/bin/bash)
==2357==    by 0x15C10B: set_pipestatus_array (in /usr/bin/bash)
==2357==    by 0x15172F: execute_command_internal (in /usr/bin/bash)
==2357==    by 0x1519D9: execute_command (in /usr/bin/bash)
==2357==    by 0x139664: reader_loop (in /usr/bin/bash)
==2357==    by 0x137EF8: main (in /usr/bin/bash)
==2357== 
==2357== 61 bytes in 1 blocks are still reachable in loss record 280 of 304
==2357==    at 0x483B7F3: malloc (in /usr/lib/x86_64-linux-gnu/valgrind/vgpreload_memcheck-amd64-linux.so)
==2357==    by 0x1984F3: xmalloc (in /usr/bin/bash)
==2357==    by 0x156DA1: make_variable_value (in /usr/bin/bash)
==2357==    by 0x15806D: ??? (in /usr/bin/bash)
==2357==    by 0x15AB1F: initialize_shell_variables (in /usr/bin/bash)
==2357==    by 0x138DC9: ??? (in /usr/bin/bash)
==2357==    by 0x137544: main (in /usr/bin/bash)
==2357== 
==2357== 64 bytes in 1 blocks are still reachable in loss record 281 of 304
==2357==    at 0x483B7F3: malloc (in /usr/lib/x86_64-linux-gnu/valgrind/vgpreload_memcheck-amd64-linux.so)
==2357==    by 0x1984F3: xmalloc (in /usr/bin/bash)
==2357==    by 0x149383: ??? (in /usr/bin/bash)
==2357==    by 0x149402: ??? (in /usr/bin/bash)
==2357==    by 0x1496BF: ??? (in /usr/bin/bash)
==2357==    by 0x14AE57: print_simple_command (in /usr/bin/bash)
==2357==    by 0x14F903: execute_command_internal (in /usr/bin/bash)
==2357==    by 0x1519D9: execute_command (in /usr/bin/bash)
==2357==    by 0x139664: reader_loop (in /usr/bin/bash)
==2357==    by 0x137EF8: main (in /usr/bin/bash)
==2357== 
==2357== 128 bytes in 1 blocks are still reachable in loss record 282 of 304
==2357==    at 0x483B7F3: malloc (in /usr/lib/x86_64-linux-gnu/valgrind/vgpreload_memcheck-amd64-linux.so)
==2357==    by 0x1984F3: xmalloc (in /usr/bin/bash)
==2357==    by 0x17E92C: fd_to_buffered_stream (in /usr/bin/bash)
==2357==    by 0x17EF54: with_input_from_buffered_stream (in /usr/bin/bash)
==2357==    by 0x137DC4: main (in /usr/bin/bash)
==2357== 
==2357== 144 bytes in 1 blocks are still reachable in loss record 283 of 304
==2357==    at 0x483B7F3: malloc (in /usr/lib/x86_64-linux-gnu/valgrind/vgpreload_memcheck-amd64-linux.so)
==2357==    by 0x1984F3: xmalloc (in /usr/bin/bash)
==2357==    by 0x156DA1: make_variable_value (in /usr/bin/bash)
==2357==    by 0x15806D: ??? (in /usr/bin/bash)
==2357==    by 0x1AC4B0: set_bashopts (in /usr/bin/bash)
==2357==    by 0x138E1C: ??? (in /usr/bin/bash)
==2357==    by 0x137544: main (in /usr/bin/bash)
==2357== 
==2357== 150 bytes in 11 blocks are still reachable in loss record 284 of 304
==2357==    at 0x483B7F3: malloc (in /usr/lib/x86_64-linux-gnu/valgrind/vgpreload_memcheck-amd64-linux.so)
==2357==    by 0x1984F3: xmalloc (in /usr/bin/bash)
==2357==    by 0x1544D7: ??? (in /usr/bin/bash)
==2357==    by 0x157FCF: ??? (in /usr/bin/bash)
==2357==    by 0x15805C: ??? (in /usr/bin/bash)
==2357==    by 0x15AD0C: initialize_shell_variables (in /usr/bin/bash)
==2357==    by 0x138DC9: ??? (in /usr/bin/bash)
==2357==    by 0x137544: main (in /usr/bin/bash)
==2357== 
==2357== 150 bytes in 11 blocks are still reachable in loss record 285 of 304
==2357==    at 0x483B7F3: malloc (in /usr/lib/x86_64-linux-gnu/valgrind/vgpreload_memcheck-amd64-linux.so)
==2357==    by 0x1984F3: xmalloc (in /usr/bin/bash)
==2357==    by 0x157FED: ??? (in /usr/bin/bash)
==2357==    by 0x15805C: ??? (in /usr/bin/bash)
==2357==    by 0x15AD0C: initialize_shell_variables (in /usr/bin/bash)
==2357==    by 0x138DC9: ??? (in /usr/bin/bash)
==2357==    by 0x137544: main (in /usr/bin/bash)
==2357== 
==2357== 223 bytes in 8 blocks are still reachable in loss record 286 of 304
==2357==    at 0x483B7F3: malloc (in /usr/lib/x86_64-linux-gnu/valgrind/vgpreload_memcheck-amd64-linux.so)
==2357==    by 0x1984F3: xmalloc (in /usr/bin/bash)
==2357==    by 0x156DA1: make_variable_value (in /usr/bin/bash)
==2357==    by 0x15806D: ??? (in /usr/bin/bash)
==2357==    by 0x15AD0C: initialize_shell_variables (in /usr/bin/bash)
==2357==    by 0x138DC9: ??? (in /usr/bin/bash)
==2357==    by 0x137544: main (in /usr/bin/bash)
==2357== 
==2357== 224 bytes in 7 blocks are still reachable in loss record 287 of 304
==2357==    at 0x483B7F3: malloc (in /usr/lib/x86_64-linux-gnu/valgrind/vgpreload_memcheck-amd64-linux.so)
==2357==    by 0x1984F3: xmalloc (in /usr/bin/bash)
==2357==    by 0x17F66E: unwind_protect_mem (in /usr/bin/bash)
==2357==    by 0x14FD00: execute_command_internal (in /usr/bin/bash)
==2357==    by 0x1519D9: execute_command (in /usr/bin/bash)
==2357==    by 0x139664: reader_loop (in /usr/bin/bash)
==2357==    by 0x137EF8: main (in /usr/bin/bash)
==2357== 
==2357== 224 bytes in 7 blocks are still reachable in loss record 288 of 304
==2357==    at 0x483B7F3: malloc (in /usr/lib/x86_64-linux-gnu/valgrind/vgpreload_memcheck-amd64-linux.so)
==2357==    by 0x1984F3: xmalloc (in /usr/bin/bash)
==2357==    by 0x17F66E: unwind_protect_mem (in /usr/bin/bash)
==2357==    by 0x14FD11: execute_command_internal (in /usr/bin/bash)
==2357==    by 0x1519D9: execute_command (in /usr/bin/bash)
==2357==    by 0x139664: reader_loop (in /usr/bin/bash)
==2357==    by 0x137EF8: main (in /usr/bin/bash)
==2357== 
==2357== 256 bytes in 1 blocks are still reachable in loss record 289 of 304
==2357==    at 0x483B7F3: malloc (in /usr/lib/x86_64-linux-gnu/valgrind/vgpreload_memcheck-amd64-linux.so)
==2357==    by 0x198577: xrealloc (in /usr/bin/bash)
==2357==    by 0x13C3B7: ??? (in /usr/bin/bash)
==2357==    by 0x13F5C9: ??? (in /usr/bin/bash)
==2357==    by 0x142EC7: yyparse (in /usr/bin/bash)
==2357==    by 0x13929A: parse_command (in /usr/bin/bash)
==2357==    by 0x1393A6: read_command (in /usr/bin/bash)
==2357==    by 0x1395C9: reader_loop (in /usr/bin/bash)
==2357==    by 0x137EF8: main (in /usr/bin/bash)
==2357== 
==2357== 352 bytes in 11 blocks are still reachable in loss record 290 of 304
==2357==    at 0x483B7F3: malloc (in /usr/lib/x86_64-linux-gnu/valgrind/vgpreload_memcheck-amd64-linux.so)
==2357==    by 0x1984F3: xmalloc (in /usr/bin/bash)
==2357==    by 0x17BBFB: hash_insert (in /usr/bin/bash)
==2357==    by 0x158008: ??? (in /usr/bin/bash)
==2357==    by 0x15805C: ??? (in /usr/bin/bash)
==2357==    by 0x15AD0C: initialize_shell_variables (in /usr/bin/bash)
==2357==    by 0x138DC9: ??? (in /usr/bin/bash)
==2357==    by 0x137544: main (in /usr/bin/bash)
==2357== 
==2357== 376 bytes in 11 blocks are still reachable in loss record 291 of 304
==2357==    at 0x483B7F3: malloc (in /usr/lib/x86_64-linux-gnu/valgrind/vgpreload_memcheck-amd64-linux.so)
==2357==    by 0x1984F3: xmalloc (in /usr/bin/bash)
==2357==    by 0x15AD62: initialize_shell_variables (in /usr/bin/bash)
==2357==    by 0x138DC9: ??? (in /usr/bin/bash)
==2357==    by 0x137544: main (in /usr/bin/bash)
==2357== 
==2357== 376 bytes in 11 blocks are still reachable in loss record 292 of 304
==2357==    at 0x483B7F3: malloc (in /usr/lib/x86_64-linux-gnu/valgrind/vgpreload_memcheck-amd64-linux.so)
==2357==    by 0x1984F3: xmalloc (in /usr/bin/bash)
==2357==    by 0x155585: ??? (in /usr/bin/bash)
==2357==    by 0x159B3E: ??? (in /usr/bin/bash)
==2357==    by 0x191D94: ??? (in /usr/bin/bash)
==2357==    by 0x192108: set_locale_var (in /usr/bin/bash)
==2357==    by 0x192302: set_default_lang (in /usr/bin/bash)
==2357==    by 0x137549: main (in /usr/bin/bash)
==2357== 
==2357== 440 bytes in 1 blocks are still reachable in loss record 293 of 304
==2357==    at 0x483B7F3: malloc (in /usr/lib/x86_64-linux-gnu/valgrind/vgpreload_memcheck-amd64-linux.so)
==2357==    by 0x198577: xrealloc (in /usr/bin/bash)
==2357==    by 0x159B62: ??? (in /usr/bin/bash)
==2357==    by 0x191D94: ??? (in /usr/bin/bash)
==2357==    by 0x192108: set_locale_var (in /usr/bin/bash)
==2357==    by 0x192302: set_default_lang (in /usr/bin/bash)
==2357==    by 0x137549: main (in /usr/bin/bash)
==2357== 
==2357== 496 bytes in 1 blocks are still reachable in loss record 294 of 304
==2357==    at 0x483B7F3: malloc (in /usr/lib/x86_64-linux-gnu/valgrind/vgpreload_memcheck-amd64-linux.so)
==2357==    by 0x198577: xrealloc (in /usr/bin/bash)
==2357==    by 0x140A3A: ??? (in /usr/bin/bash)
==2357==    by 0x142EC7: yyparse (in /usr/bin/bash)
==2357==    by 0x13929A: parse_command (in /usr/bin/bash)
==2357==    by 0x1393A6: read_command (in /usr/bin/bash)
==2357==    by 0x1395C9: reader_loop (in /usr/bin/bash)
==2357==    by 0x137EF8: main (in /usr/bin/bash)
==2357== 
==2357== 528 bytes in 11 blocks are still reachable in loss record 295 of 304
==2357==    at 0x483B7F3: malloc (in /usr/lib/x86_64-linux-gnu/valgrind/vgpreload_memcheck-amd64-linux.so)
==2357==    by 0x1984F3: xmalloc (in /usr/bin/bash)
==2357==    by 0x1544C3: ??? (in /usr/bin/bash)
==2357==    by 0x157FCF: ??? (in /usr/bin/bash)
==2357==    by 0x15805C: ??? (in /usr/bin/bash)
==2357==    by 0x15AD0C: initialize_shell_variables (in /usr/bin/bash)
==2357==    by 0x138DC9: ??? (in /usr/bin/bash)
==2357==    by 0x137544: main (in /usr/bin/bash)
==2357== 
==2357== 1,024 bytes in 1 blocks are still reachable in loss record 296 of 304
==2357==    at 0x483B7F3: malloc (in /usr/lib/x86_64-linux-gnu/valgrind/vgpreload_memcheck-amd64-linux.so)
==2357==    by 0x1984F3: xmalloc (in /usr/bin/bash)
==2357==    by 0x17B70C: hash_create (in /usr/bin/bash)
==2357==    by 0x158DEF: make_new_assoc_variable (in /usr/bin/bash)
==2357==    by 0x15B6A9: initialize_shell_variables (in /usr/bin/bash)
==2357==    by 0x138DC9: ??? (in /usr/bin/bash)
==2357==    by 0x137544: main (in /usr/bin/bash)
==2357== 
==2357== 1,024 bytes in 1 blocks are still reachable in loss record 297 of 304
==2357==    at 0x483B7F3: malloc (in /usr/lib/x86_64-linux-gnu/valgrind/vgpreload_memcheck-amd64-linux.so)
==2357==    by 0x1984F3: xmalloc (in /usr/bin/bash)
==2357==    by 0x17B70C: hash_create (in /usr/bin/bash)
==2357==    by 0x158DEF: make_new_assoc_variable (in /usr/bin/bash)
==2357==    by 0x15B67B: initialize_shell_variables (in /usr/bin/bash)
==2357==    by 0x138DC9: ??? (in /usr/bin/bash)
==2357==    by 0x137544: main (in /usr/bin/bash)
==2357== 
==2357== 1,024 bytes in 1 blocks are still reachable in loss record 298 of 304
==2357==    at 0x483B7F3: malloc (in /usr/lib/x86_64-linux-gnu/valgrind/vgpreload_memcheck-amd64-linux.so)
==2357==    by 0x1984F3: xmalloc (in /usr/bin/bash)
==2357==    by 0x147FC1: cmd_init (in /usr/bin/bash)
==2357==    by 0x137690: main (in /usr/bin/bash)
==2357== 
==2357== 1,024 bytes in 1 blocks are still reachable in loss record 299 of 304
==2357==    at 0x483B7F3: malloc (in /usr/lib/x86_64-linux-gnu/valgrind/vgpreload_memcheck-amd64-linux.so)
==2357==    by 0x1984F3: xmalloc (in /usr/bin/bash)
==2357==    by 0x147FDD: cmd_init (in /usr/bin/bash)
==2357==    by 0x137690: main (in /usr/bin/bash)
==2357== 
==2357== 1,024 bytes in 1 blocks are still reachable in loss record 300 of 304
==2357==    at 0x483B7F3: malloc (in /usr/lib/x86_64-linux-gnu/valgrind/vgpreload_memcheck-amd64-linux.so)
==2357==    by 0x1984F3: xmalloc (in /usr/bin/bash)
==2357==    by 0x17F291: uwp_init (in /usr/bin/bash)
==2357==    by 0x137695: main (in /usr/bin/bash)
==2357== 
==2357== 2,200 bytes in 1 blocks are still reachable in loss record 301 of 304
==2357==    at 0x483B7F3: malloc (in /usr/lib/x86_64-linux-gnu/valgrind/vgpreload_memcheck-amd64-linux.so)
==2357==    by 0x198577: xrealloc (in /usr/bin/bash)
==2357==    by 0x17E446: ??? (in /usr/bin/bash)
==2357==    by 0x17E9B8: fd_to_buffered_stream (in /usr/bin/bash)
==2357==    by 0x17EF54: with_input_from_buffered_stream (in /usr/bin/bash)
==2357==    by 0x137DC4: main (in /usr/bin/bash)
==2357== 
==2357== 4,096 bytes in 1 blocks are still reachable in loss record 302 of 304
==2357==    at 0x483B7F3: malloc (in /usr/lib/x86_64-linux-gnu/valgrind/vgpreload_memcheck-amd64-linux.so)
==2357==    by 0x1984F3: xmalloc (in /usr/bin/bash)
==2357==    by 0x17B74B: hash_create (in /usr/bin/bash)
==2357==    by 0x157FA9: ??? (in /usr/bin/bash)
==2357==    by 0x15AAAB: initialize_shell_variables (in /usr/bin/bash)
==2357==    by 0x138DC9: ??? (in /usr/bin/bash)
==2357==    by 0x137544: main (in /usr/bin/bash)
==2357== 
==2357== 4,096 bytes in 1 blocks are still reachable in loss record 303 of 304
==2357==    at 0x483B7F3: malloc (in /usr/lib/x86_64-linux-gnu/valgrind/vgpreload_memcheck-amd64-linux.so)
==2357==    by 0x1984F3: xmalloc (in /usr/bin/bash)
==2357==    by 0x17B74B: hash_create (in /usr/bin/bash)
==2357==    by 0x157F51: ??? (in /usr/bin/bash)
==2357==    by 0x15AAAB: initialize_shell_variables (in /usr/bin/bash)
==2357==    by 0x138DC9: ??? (in /usr/bin/bash)
==2357==    by 0x137544: main (in /usr/bin/bash)
==2357== 
==2357== 8,192 bytes in 1 blocks are still reachable in loss record 304 of 304
==2357==    at 0x483B7F3: malloc (in /usr/lib/x86_64-linux-gnu/valgrind/vgpreload_memcheck-amd64-linux.so)
==2357==    by 0x1984F3: xmalloc (in /usr/bin/bash)
==2357==    by 0x17B74B: hash_create (in /usr/bin/bash)
==2357==    by 0x157F8A: ??? (in /usr/bin/bash)
==2357==    by 0x15AAAB: initialize_shell_variables (in /usr/bin/bash)
==2357==    by 0x138DC9: ??? (in /usr/bin/bash)
==2357==    by 0x137544: main (in /usr/bin/bash)
==2357== 
==2357== LEAK SUMMARY:
==2357==    definitely lost: 2 bytes in 1 blocks
==2357==    indirectly lost: 0 bytes in 0 blocks
==2357==      possibly lost: 0 bytes in 0 blocks
==2357==    still reachable: 34,255 bytes in 386 blocks
==2357==         suppressed: 0 bytes in 0 blocks
==2357== 
==2357== For lists of detected and suppressed errors, rerun with: -s
==2357== ERROR SUMMARY: 1 errors from 1 contexts (suppressed: 0 from 0)
HTTP/1.1 200 OK
Content-Length: 61

HELLO\n
2357
\n
Press [CTRL+C] to stop...
/s1.sh
HTTP/1.1
\n
<<<<<<<<<<<<<<<<<<<<<<<<<<<<<<<<<<127.0.0.1==2358== Memcheck, a memory error detector
==2358== Copyright (C) 2002-2017, and GNU GPL'd, by Julian Seward et al.
==2358== Using Valgrind-3.15.0 and LibVEX; rerun with -h for copyright info
==2358== Command: /home/vscode/src/www/cgi/s1.sh
==2358== 
==2358== 
==2358== HEAP SUMMARY:
==2358==     in use at exit: 34,257 bytes in 387 blocks
==2358==   total heap usage: 587 allocs, 200 frees, 61,534 bytes allocated
==2358== 
==2358== 1 bytes in 1 blocks are still reachable in loss record 1 of 304
==2358==    at 0x483B7F3: malloc (in /usr/lib/x86_64-linux-gnu/valgrind/vgpreload_memcheck-amd64-linux.so)
==2358==    by 0x1984F3: xmalloc (in /usr/bin/bash)
==2358==    by 0x1920F9: set_locale_var (in /usr/bin/bash)
==2358==    by 0x192302: set_default_lang (in /usr/bin/bash)
==2358==    by 0x137549: main (in /usr/bin/bash)
==2358== 
==2358== 1 bytes in 1 blocks are still reachable in loss record 2 of 304
==2358==    at 0x483B7F3: malloc (in /usr/lib/x86_64-linux-gnu/valgrind/vgpreload_memcheck-amd64-linux.so)
==2358==    by 0x1984F3: xmalloc (in /usr/bin/bash)
==2358==    by 0x191E21: set_lang (in /usr/bin/bash)
==2358==    by 0x137549: main (in /usr/bin/bash)
==2358== 
==2358== 2 bytes in 1 blocks are still reachable in loss record 3 of 304
==2358==    at 0x483B7F3: malloc (in /usr/lib/x86_64-linux-gnu/valgrind/vgpreload_memcheck-amd64-linux.so)
==2358==    by 0x1984F3: xmalloc (in /usr/bin/bash)
==2358==    by 0x1544D7: ??? (in /usr/bin/bash)
==2358==    by 0x157FCF: ??? (in /usr/bin/bash)
==2358==    by 0x15805C: ??? (in /usr/bin/bash)
==2358==    by 0x15AB01: initialize_shell_variables (in /usr/bin/bash)
==2358==    by 0x138DC9: ??? (in /usr/bin/bash)
==2358==    by 0x137544: main (in /usr/bin/bash)
<<<<<<<<<<<<<<<<<<<<<<<<<<<<<<<<<<==2358== 
==2358== 2 bytes in 1 blocks are still reachable in loss record 4 of 304
127.0.0.1==2358==    at 0x483B7F3: malloc (in /usr/lib/x86_64-linux-gnu/valgrind/vgpreload_memcheck-amd64-linux.so)
==2358==    by 0x1984F3: xmalloc (in /usr/bin/bash)
==2358==    by 0x157FED: ??? (in /usr/bin/bash)
==2358==    by 0x15805C: ??? (in /usr/bin/bash)
==2358==    by 0x15AB01: initialize_shell_variables (in /usr/bin/bash)
==2358==    by 0x138DC9: ??? (in /usr/bin/bash)
==2358==    by 0x137544: main (in /usr/bin/bash)
==2358== 
==2358== 2 bytes in 1 blocks are still reachable in loss record 5 of 304
==2358==    at 0x483B7F3: malloc (in /usr/lib/x86_64-linux-gnu/valgrind/vgpreload_memcheck-amd64-linux.so)
==2358==    by 0x1984F3: xmalloc (in /usr/bin/bash)
==2358==    by 0x156DA1: make_variable_value (in /usr/bin/bash)
==2358==    by 0x15806D: ??? (in /usr/bin/bash)
==2358==    by 0x15929E: adjust_shell_level (in /usr/bin/bash)
==2358==    by 0x15AC10: initialize_shell_variables (in /usr/bin/bash)
==2358==    by 0x138DC9: ??? (in /usr/bin/bash)
==2358==    by 0x137544: main (in /usr/bin/bash)
==2358== 
==2358== 2 bytes in 1 blocks are still reachable in loss record 6 of 304
==2358==    at 0x483B7F3: malloc (in /usr/lib/x86_64-linux-gnu/valgrind/vgpreload_memcheck-amd64-linux.so)
==2358==    by 0x1984F3: xmalloc (in /usr/bin/bash)
==2358==    by 0x156DA1: make_variable_value (in /usr/bin/bash)
==2358==    by 0x15806D: ??? (in /usr/bin/bash)
==2358==    by 0x15AC2A: initialize_shell_variables (in /usr/bin/bash)
==2358==    by 0x138DC9: ??? (in /usr/bin/bash)
==2358==    by 0x137544: main (in /usr/bin/bash)
==2358== 
==2358== 2 bytes in 1 blocks are still reachable in loss record 7 of 304
==2358==    at 0x483B7F3: malloc (in /usr/lib/x86_64-linux-gnu/valgrind/vgpreload_memcheck-amd64-linux.so)
==2358==    by 0x1984F3: xmalloc (in /usr/bin/bash)
==2358==    by 0x156DA1: make_variable_value (in /usr/bin/bash)
==2358==    by 0x15806D: ??? (in /usr/bin/bash)
==2358==    by 0x15AC4A: initialize_shell_variables (in /usr/bin/bash)
==2358==    by 0x138DC9: ??? (in /usr/bin/bash)
==2358==    by 0x137544: main (in /usr/bin/bash)
==2358== 
==2358== 2 bytes in 1 blocks are still reachable in loss record 8 of 304
==2358==    at 0x483B7F3: malloc (in /usr/lib/x86_64-linux-gnu/valgrind/vgpreload_memcheck-amd64-linux.so)
==2358==    by 0x1984F3: xmalloc (in /usr/bin/bash)
==2358==    by 0x183473: array_create_element (in /usr/bin/bash)
==2358==    by 0x183987: array_insert (in /usr/bin/bash)
==2358==    by 0x15AF24: initialize_shell_variables (in /usr/bin/bash)
==2358==    by 0x138DC9: ??? (in /usr/bin/bash)
==2358==    by 0x137544: main (in /usr/bin/bash)
==2358== 
==2358== 2 bytes in 1 blocks are still reachable in loss record 9 of 304
==2358==    at 0x483B7F3: malloc (in /usr/lib/x86_64-linux-gnu/valgrind/vgpreload_memcheck-amd64-linux.so)
==2358==    by 0x1984F3: xmalloc (in /usr/bin/bash)
==2358==    by 0x183473: array_create_element (in /usr/bin/bash)
==2358==    by 0x183987: array_insert (in /usr/bin/bash)
==2358==    by 0x15AF34: initialize_shell_variables (in /usr/bin/bash)
==2358==    by 0x138DC9: ??? (in /usr/bin/bash)
==2358==    by 0x137544: main (in /usr/bin/bash)
==2358== 
==2358== 2 bytes in 1 blocks are still reachable in loss record 10 of 304
==2358==    at 0x483B7F3: malloc (in /usr/lib/x86_64-linux-gnu/valgrind/vgpreload_memcheck-amd64-linux.so)
==2358==    by 0x1984F3: xmalloc (in /usr/bin/bash)
==2358==    by 0x183473: array_create_element (in /usr/bin/bash)
==2358==    by 0x183987: array_insert (in /usr/bin/bash)
==2358==    by 0x15AF81: initialize_shell_variables (in /usr/bin/bash)
==2358==    by 0x138DC9: ??? (in /usr/bin/bash)
==2358==    by 0x137544: main (in /usr/bin/bash)
==2358== 
==2358== 2 bytes in 1 blocks are still reachable in loss record 11 of 304
==2358==    at 0x483B7F3: malloc (in /usr/lib/x86_64-linux-gnu/valgrind/vgpreload_memcheck-amd64-linux.so)
==2358==    by 0x1984F3: xmalloc (in /usr/bin/bash)
==2358==    by 0x156DA1: make_variable_value (in /usr/bin/bash)
==2358==    by 0x15806D: ??? (in /usr/bin/bash)
==2358==    by 0x15B7C8: initialize_shell_variables (in /usr/bin/bash)
==2358==    by 0x138DC9: ??? (in /usr/bin/bash)
==2358==    by 0x137544: main (in /usr/bin/bash)
==2358== 
==2358== 2 bytes in 1 blocks are still reachable in loss record 12 of 304
==2358==    at 0x483B7F3: malloc (in /usr/lib/x86_64-linux-gnu/valgrind/vgpreload_memcheck-amd64-linux.so)
==2358==    by 0x1984F3: xmalloc (in /usr/bin/bash)
==2358==    by 0x156DA1: make_variable_value (in /usr/bin/bash)
==2358==    by 0x15806D: ??? (in /usr/bin/bash)
==2358==    by 0x15B7AE: initialize_shell_variables (in /usr/bin/bash)
==2358==    by 0x138DC9: ??? (in /usr/bin/bash)
==2358==    by 0x137544: main (in /usr/bin/bash)
==2358== 
==2358== 2 bytes in 1 blocks are still reachable in loss record 13 of 304
==2358==    at 0x483B7F3: malloc (in /usr/lib/x86_64-linux-gnu/valgrind/vgpreload_memcheck-amd64-linux.so)
==2358==    by 0x1984F3: xmalloc (in /usr/bin/bash)
==2358==    by 0x183473: array_create_element (in /usr/bin/bash)
==2358==    by 0x18367F: ??? (in /usr/bin/bash)
==2358==    by 0x137CB1: main (in /usr/bin/bash)
==2358== 
==2358== 2 bytes in 1 blocks are still reachable in loss record 14 of 304
==2358==    at 0x483B7F3: malloc (in /usr/lib/x86_64-linux-gnu/valgrind/vgpreload_memcheck-amd64-linux.so)
==2358==    by 0x1984F3: xmalloc (in /usr/bin/bash)
==2358==    by 0x1B7D71: itos (in /usr/bin/bash)
==2358==    by 0x15C13B: set_pipestatus_array (in /usr/bin/bash)
==2358==    by 0x15172F: execute_command_internal (in /usr/bin/bash)
==2358==    by 0x1519D9: execute_command (in /usr/bin/bash)
==2358==    by 0x139664: reader_loop (in /usr/bin/bash)
==2358==    by 0x137EF8: main (in /usr/bin/bash)
==2358== 
==2358== 2 bytes in 1 blocks are definitely lost in loss record 15 of 304
==2358==    at 0x483B7F3: malloc (in /usr/lib/x86_64-linux-gnu/valgrind/vgpreload_memcheck-amd64-linux.so)
==2358==    by 0x1984F3: xmalloc (in /usr/bin/bash)
==2358==    by 0x19196E: set_default_locale (in /usr/bin/bash)
==2358==    by 0x136C8A: main (in /usr/bin/bash)
==2358== 
==2358== 3 bytes in 1 blocks are still reachable in loss record 16 of 304
==2358==    at 0x483B7F3: malloc (in /usr/lib/x86_64-linux-gnu/valgrind/vgpreload_memcheck-amd64-linux.so)
==2358==    by 0x1984F3: xmalloc (in /usr/bin/bash)
==2358==    by 0x156DA1: make_variable_value (in /usr/bin/bash)
==2358==    by 0x15806D: ??? (in /usr/bin/bash)
==2358==    by 0x15AB65: initialize_shell_variables (in /usr/bin/bash)
==2358==    by 0x138DC9: ??? (in /usr/bin/bash)
==2358==    by 0x137544: main (in /usr/bin/bash)
==2358== 
==2358== 3 bytes in 1 blocks are still reachable in loss record 17 of 304
==2358==    at 0x483B7F3: malloc (in /usr/lib/x86_64-linux-gnu/valgrind/vgpreload_memcheck-amd64-linux.so)
==2358==    by 0x1984F3: xmalloc (in /usr/bin/bash)
==2358==    by 0x183473: array_create_element (in /usr/bin/bash)
==2358==    by 0x183987: array_insert (in /usr/bin/bash)
==2358==    by 0x15AF5D: initialize_shell_variables (in /usr/bin/bash)
==2358==    by 0x138DC9: ??? (in /usr/bin/bash)
==2358==    by 0x137544: main (in /usr/bin/bash)
==2358== 
==2358== 3 bytes in 1 blocks are still reachable in loss record 18 of 304
==2358==    at 0x483B7F3: malloc (in /usr/lib/x86_64-linux-gnu/valgrind/vgpreload_memcheck-amd64-linux.so)
==2358==    by 0x1984F3: xmalloc (in /usr/bin/bash)
==2358==    by 0x156DA1: make_variable_value (in /usr/bin/bash)
==2358==    by 0x15844D: ??? (in /usr/bin/bash)
==2358==    by 0x14C342: ??? (in /usr/bin/bash)
==2358==    by 0x150B52: execute_command_internal (in /usr/bin/bash)
==2358==    by 0x1519D9: execute_command (in /usr/bin/bash)
==2358==    by 0x139664: reader_loop (in /usr/bin/bash)
==2358==    by 0x137EF8: main (in /usr/bin/bash)
==2358== 
==2358== 3 bytes in 3 blocks are still reachable in loss record 19 of 304
==2358==    at 0x483B7F3: malloc (in /usr/lib/x86_64-linux-gnu/valgrind/vgpreload_memcheck-amd64-linux.so)
==2358==    by 0x1984F3: xmalloc (in /usr/bin/bash)
==2358==    by 0x156DE1: make_variable_value (in /usr/bin/bash)
==2358==    by 0x15806D: ??? (in /usr/bin/bash)
==2358==    by 0x15AD0C: initialize_shell_variables (in /usr/bin/bash)
==2358==    by 0x138DC9: ??? (in /usr/bin/bash)
==2358==    by 0x137544: main (in /usr/bin/bash)
==2358== 
==2358== 4 bytes in 1 blocks are still reachable in loss record 20 of 304
==2358==    at 0x483B7F3: malloc (in /usr/lib/x86_64-linux-gnu/valgrind/vgpreload_memcheck-amd64-linux.so)
==2358==    by 0x1984F3: xmalloc (in /usr/bin/bash)
==2359== Memcheck, a memory error detector
==2359== Copyright (C) 2002-2017, and GNU GPL'd, by Julian Seward et al.
==2358==    by 0x1544D7: ??? (in /usr/bin/bash)
==2358==    by 0x157FCF: ??? (in /usr/bin/bash)
==2359== Using Valgrind-3.15.0 and LibVEX; rerun with -h for copyright info
==2359== Command: /home/vscode/src/www/cgi/s1.sh
==2358==    by 0x15805C: ??? (in /usr/bin/bash)
==2358==    by 0x159447: set_pwd (in /usr/bin/bash)
==2359== 
==2358==    by 0x15AAEE: initialize_shell_variables (in /usr/bin/bash)
==2358==    by 0x138DC9: ??? (in /usr/bin/bash)
==2358==    by 0x137544: main (in /usr/bin/bash)
==2358== 
==2358== 4 bytes in 1 blocks are still reachable in loss record 21 of 304
==2358==    at 0x483B7F3: malloc (in /usr/lib/x86_64-linux-gnu/valgrind/vgpreload_memcheck-amd64-linux.so)
==2358==    by 0x1984F3: xmalloc (in /usr/bin/bash)
==2358==    by 0x157FED: ??? (in /usr/bin/bash)
==2358==    by 0x15805C: ??? (in /usr/bin/bash)
==2358==    by 0x159447: set_pwd (in /usr/bin/bash)
==2358==    by 0x15AAEE: initialize_shell_variables (in /usr/bin/bash)
==2358==    by 0x138DC9: ??? (in /usr/bin/bash)
==2358==    by 0x137544: main (in /usr/bin/bash)
==2358== 
==2358== 4 bytes in 1 blocks are still reachable in loss record 22 of 304
==2358==    at 0x483B7F3: malloc (in /usr/lib/x86_64-linux-gnu/valgrind/vgpreload_memcheck-amd64-linux.so)
==2358==    by 0x1984F3: xmalloc (in /usr/bin/bash)
==2358==    by 0x1544D7: ??? (in /usr/bin/bash)
==2358==    by 0x157FCF: ??? (in /usr/bin/bash)
==2358==    by 0x15805C: ??? (in /usr/bin/bash)
==2358==    by 0x15AB65: initialize_shell_variables (in /usr/bin/bash)
==2358==    by 0x138DC9: ??? (in /usr/bin/bash)
==2358==    by 0x137544: main (in /usr/bin/bash)
==2358== 
==2358== 4 bytes in 1 blocks are still reachable in loss record 23 of 304
==2358==    at 0x483B7F3: malloc (in /usr/lib/x86_64-linux-gnu/valgrind/vgpreload_memcheck-amd64-linux.so)
==2358==    by 0x1984F3: xmalloc (in /usr/bin/bash)
==2358==    by 0x157FED: ??? (in /usr/bin/bash)
==2358==    by 0x15805C: ??? (in /usr/bin/bash)
==2358==    by 0x15AB65: initialize_shell_variables (in /usr/bin/bash)
==2358==    by 0x138DC9: ??? (in /usr/bin/bash)
==2358==    by 0x137544: main (in /usr/bin/bash)
==2358== 
==2358== 4 bytes in 1 blocks are still reachable in loss record 24 of 304
==2358==    at 0x483B7F3: malloc (in /usr/lib/x86_64-linux-gnu/valgrind/vgpreload_memcheck-amd64-linux.so)
==2358==    by 0x1984F3: xmalloc (in /usr/bin/bash)
==2358==    by 0x1544D7: ??? (in /usr/bin/bash)
==2358==    by 0x157FCF: ??? (in /usr/bin/bash)
==2358==    by 0x15805C: ??? (in /usr/bin/bash)
==2358==    by 0x15AB7A: initialize_shell_variables (in /usr/bin/bash)
==2358==    by 0x138DC9: ??? (in /usr/bin/bash)
==2358==    by 0x137544: main (in /usr/bin/bash)
==2358== 
==2358== 4 bytes in 1 blocks are still reachable in loss record 25 of 304
==2358==    at 0x483B7F3: malloc (in /usr/lib/x86_64-linux-gnu/valgrind/vgpreload_memcheck-amd64-linux.so)
==2358==    by 0x1984F3: xmalloc (in /usr/bin/bash)
==2358==    by 0x157FED: ??? (in /usr/bin/bash)
==2358==    by 0x15805C: ??? (in /usr/bin/bash)
==2358==    by 0x15AB7A: initialize_shell_variables (in /usr/bin/bash)
==2358==    by 0x138DC9: ??? (in /usr/bin/bash)
==2358==    by 0x137544: main (in /usr/bin/bash)
==2358== 
==2358== 4 bytes in 1 blocks are still reachable in loss record 26 of 304
==2358==    at 0x483B7F3: malloc (in /usr/lib/x86_64-linux-gnu/valgrind/vgpreload_memcheck-amd64-linux.so)
==2358==    by 0x1984F3: xmalloc (in /usr/bin/bash)
==2358==    by 0x156DA1: make_variable_value (in /usr/bin/bash)
==2358==    by 0x15806D: ??? (in /usr/bin/bash)
==2358==    by 0x15AB7A: initialize_shell_variables (in /usr/bin/bash)
==2358==    by 0x138DC9: ??? (in /usr/bin/bash)
==2358==    by 0x137544: main (in /usr/bin/bash)
==2358== 
==2358== 4 bytes in 1 blocks are still reachable in loss record 27 of 304
==2358==    at 0x483B7F3: malloc (in /usr/lib/x86_64-linux-gnu/valgrind/vgpreload_memcheck-amd64-linux.so)
==2358==    by 0x1984F3: xmalloc (in /usr/bin/bash)
==2358==    by 0x1544D7: ??? (in /usr/bin/bash)
==2358==    by 0x157FCF: ??? (in /usr/bin/bash)
==2358==    by 0x15805C: ??? (in /usr/bin/bash)
==2358==    by 0x15B7C8: initialize_shell_variables (in /usr/bin/bash)
==2358==    by 0x138DC9: ??? (in /usr/bin/bash)
==2358==    by 0x137544: main (in /usr/bin/bash)
==2358== 
==2358== 4 bytes in 1 blocks are still reachable in loss record 28 of 304
==2358==    at 0x483B7F3: malloc (in /usr/lib/x86_64-linux-gnu/valgrind/vgpreload_memcheck-amd64-linux.so)
==2358==    by 0x1984F3: xmalloc (in /usr/bin/bash)
==2358==    by 0x157FED: ??? (in /usr/bin/bash)
==2358==    by 0x15805C: ??? (in /usr/bin/bash)
==2358==    by 0x15B7C8: initialize_shell_variables (in /usr/bin/bash)
==2358==    by 0x138DC9: ??? (in /usr/bin/bash)
==2358==    by 0x137544: main (in /usr/bin/bash)
==2358== 
==2358== 5 bytes in 1 blocks are still reachable in loss record 29 of 304
==2358==    at 0x483B7F3: malloc (in /usr/lib/x86_64-linux-gnu/valgrind/vgpreload_memcheck-amd64-linux.so)
==2358==    by 0x1984F3: xmalloc (in /usr/bin/bash)
==2358==    by 0x1544D7: ??? (in /usr/bin/bash)
==2358==    by 0x157FCF: ??? (in /usr/bin/bash)
==2358==    by 0x15805C: ??? (in /usr/bin/bash)
==2358==    by 0x15AB1F: initialize_shell_variables (in /usr/bin/bash)
==2358==    by 0x138DC9: ??? (in /usr/bin/bash)
==2358==    by 0x137544: main (in /usr/bin/bash)
==2358== 
==2358== 5 bytes in 1 blocks are still reachable in loss record 30 of 304
==2358==    at 0x483B7F3: malloc (in /usr/lib/x86_64-linux-gnu/valgrind/vgpreload_memcheck-amd64-linux.so)
==2358==    by 0x1984F3: xmalloc (in /usr/bin/bash)
==2358==    by 0x157FED: ??? (in /usr/bin/bash)
==2358==    by 0x15805C: ??? (in /usr/bin/bash)
==2358==    by 0x15AB1F: initialize_shell_variables (in /usr/bin/bash)
==2358==    by 0x138DC9: ??? (in /usr/bin/bash)
==2358==    by 0x137544: main (in /usr/bin/bash)
==2358== 
==2358== 5 bytes in 1 blocks are still reachable in loss record 31 of 304
==2358==    at 0x483B7F3: malloc (in /usr/lib/x86_64-linux-gnu/valgrind/vgpreload_memcheck-amd64-linux.so)
==2358==    by 0x1984F3: xmalloc (in /usr/bin/bash)
==2358==    by 0x1544D7: ??? (in /usr/bin/bash)
==2358==    by 0x157FCF: ??? (in /usr/bin/bash)
==2358==    by 0x15805C: ??? (in /usr/bin/bash)
==2358==    by 0x15AB32: initialize_shell_variables (in /usr/bin/bash)
==2358==    by 0x138DC9: ??? (in /usr/bin/bash)
==2358==    by 0x137544: main (in /usr/bin/bash)
==2358== 
==2358== 5 bytes in 1 blocks are still reachable in loss record 32 of 304
==2358==    at 0x483B7F3: malloc (in /usr/lib/x86_64-linux-gnu/valgrind/vgpreload_memcheck-amd64-linux.so)
==2358==    by 0x1984F3: xmalloc (in /usr/bin/bash)
==2358==    by 0x157FED: ??? (in /usr/bin/bash)
==2358==    by 0x15805C: ??? (in /usr/bin/bash)
==2358==    by 0x15AB32: initialize_shell_variables (in /usr/bin/bash)
==2358==    by 0x138DC9: ??? (in /usr/bin/bash)
==2358==    by 0x137544: main (in /usr/bin/bash)
==2358== 
==2358== 5 bytes in 1 blocks are still reachable in loss record 33 of 304
==2358==    at 0x483B7F3: malloc (in /usr/lib/x86_64-linux-gnu/valgrind/vgpreload_memcheck-amd64-linux.so)
==2358==    by 0x1984F3: xmalloc (in /usr/bin/bash)
==2358==    by 0x156DA1: make_variable_value (in /usr/bin/bash)
==2358==    by 0x15806D: ??? (in /usr/bin/bash)
==2358==    by 0x15AB32: initialize_shell_variables (in /usr/bin/bash)
==2358==    by 0x138DC9: ??? (in /usr/bin/bash)
==2358==    by 0x137544: main (in /usr/bin/bash)
==2358== 
==2358== 5 bytes in 1 blocks are still reachable in loss record 34 of 304
==2358==    at 0x483B7F3: malloc (in /usr/lib/x86_64-linux-gnu/valgrind/vgpreload_memcheck-amd64-linux.so)
==2358==    by 0x1984F3: xmalloc (in /usr/bin/bash)
==2358==    by 0x1544D7: ??? (in /usr/bin/bash)
==2358==    by 0x157FCF: ??? (in /usr/bin/bash)
==2358==    by 0x15805C: ??? (in /usr/bin/bash)
==2358==    by 0x159628: set_ppid (in /usr/bin/bash)
==2358==    by 0x15AC15: initialize_shell_variables (in /usr/bin/bash)
==2358==    by 0x138DC9: ??? (in /usr/bin/bash)
==2358==    by 0x137544: main (in /usr/bin/bash)
==2358== 
==2358== 5 bytes in 1 blocks are still reachable in loss record 35 of 304
==2358==    at 0x483B7F3: malloc (in /usr/lib/x86_64-linux-gnu/valgrind/vgpreload_memcheck-amd64-linux.so)
==2358==    by 0x1984F3: xmalloc (in /usr/bin/bash)
==2358==    by 0x157FED: ??? (in /usr/bin/bash)
==2358==    by 0x15805C: ??? (in /usr/bin/bash)
==2358==    by 0x159628: set_ppid (in /usr/bin/bash)
==2358==    by 0x15AC15: initialize_shell_variables (in /usr/bin/bash)
==2358==    by 0x138DC9: ??? (in /usr/bin/bash)
==2358==    by 0x137544: main (in /usr/bin/bash)
==2358== 
==2358== 5 bytes in 1 blocks are still reachable in loss record 36 of 304
==2358==    at 0x483B7F3: malloc (in /usr/lib/x86_64-linux-gnu/valgrind/vgpreload_memcheck-amd64-linux.so)
==2358==    by 0x1984F3: xmalloc (in /usr/bin/bash)
==2358==    by 0x156DA1: make_variable_value (in /usr/bin/bash)
==2358==    by 0x15806D: ??? (in /usr/bin/bash)
==2358==    by 0x159628: set_ppid (in /usr/bin/bash)
==2358==    by 0x15AC15: initialize_shell_variables (in /usr/bin/bash)
==2358==    by 0x138DC9: ??? (in /usr/bin/bash)
==2358==    by 0x137544: main (in /usr/bin/bash)
==2358== 
==2358== 5 bytes in 1 blocks are still reachable in loss record 37 of 304
==2358==    at 0x483B7F3: malloc (in /usr/lib/x86_64-linux-gnu/valgrind/vgpreload_memcheck-amd64-linux.so)
==2358==    by 0x1984F3: xmalloc (in /usr/bin/bash)
==2358==    by 0x1544D7: ??? (in /usr/bin/bash)
==2358==    by 0x157FCF: ??? (in /usr/bin/bash)
==2358==    by 0x15805C: ??? (in /usr/bin/bash)
==2358==    by 0x15AE90: initialize_shell_variables (in /usr/bin/bash)
==2358==    by 0x138DC9: ??? (in /usr/bin/bash)
==2358==    by 0x137544: main (in /usr/bin/bash)
==2358== 
==2358== 5 bytes in 1 blocks are still reachable in loss record 38 of 304
==2358==    at 0x483B7F3: malloc (in /usr/lib/x86_64-linux-gnu/valgrind/vgpreload_memcheck-amd64-linux.so)
==2358==    by 0x1984F3: xmalloc (in /usr/bin/bash)
==2358==    by 0x157FED: ??? (in /usr/bin/bash)
==2358==    by 0x15805C: ??? (in /usr/bin/bash)
==2358==    by 0x15AE90: initialize_shell_variables (in /usr/bin/bash)
==2358==    by 0x138DC9: ??? (in /usr/bin/bash)
==2358==    by 0x137544: main (in /usr/bin/bash)
==2358== 
==2358== 5 bytes in 1 blocks are still reachable in loss record 39 of 304
==2358==    at 0x483B7F3: malloc (in /usr/lib/x86_64-linux-gnu/valgrind/vgpreload_memcheck-amd64-linux.so)
==2358==    by 0x1984F3: xmalloc (in /usr/bin/bash)
==2358==    by 0x138C10: ??? (in /usr/bin/bash)
==2358==    by 0x15B81C: initialize_shell_variables (in /usr/bin/bash)
==2358==    by 0x138DC9: ??? (in /usr/bin/bash)
==2358==    by 0x137544: main (in /usr/bin/bash)
==2358== 
==2358== 5 bytes in 1 blocks are still reachable in loss record 40 of 304
==2358==    at 0x483B7F3: malloc (in /usr/lib/x86_64-linux-gnu/valgrind/vgpreload_memcheck-amd64-linux.so)
==2358==    by 0x1984F3: xmalloc (in /usr/bin/bash)
==2358==    by 0x1544D7: ??? (in /usr/bin/bash)
==2358==    by 0x157FCF: ??? (in /usr/bin/bash)
==2358==    by 0x15805C: ??? (in /usr/bin/bash)
==2358==    by 0x15B7AE: initialize_shell_variables (in /usr/bin/bash)
==2358==    by 0x138DC9: ??? (in /usr/bin/bash)
==2358==    by 0x137544: main (in /usr/bin/bash)
==2358== 
==2358== 5 bytes in 1 blocks are still reachable in loss record 41 of 304
==2358==    at 0x483B7F3: malloc (in /usr/lib/x86_64-linux-gnu/valgrind/vgpreload_memcheck-amd64-linux.so)
==2358==    by 0x1984F3: xmalloc (in /usr/bin/bash)
==2358==    by 0x157FED: ??? (in /usr/bin/bash)
==2358==    by 0x15805C: ??? (in /usr/bin/bash)
==2358==    by 0x15B7AE: initialize_shell_variables (in /usr/bin/bash)
==2358==    by 0x138DC9: ??? (in /usr/bin/bash)
==2358==    by 0x137544: main (in /usr/bin/bash)
==2358== 
==2358== 5 bytes in 1 blocks are still reachable in loss record 42 of 304
==2358==    at 0x483B7F3: malloc (in /usr/lib/x86_64-linux-gnu/valgrind/vgpreload_memcheck-amd64-linux.so)
==2358==    by 0x1984F3: xmalloc (in /usr/bin/bash)
==2358==    by 0x183473: array_create_element (in /usr/bin/bash)
==2358==    by 0x18367F: ??? (in /usr/bin/bash)
==2358==    by 0x137CCD: main (in /usr/bin/bash)
==2358== 
==2358== 6 bytes in 1 blocks are still reachable in loss record 43 of 304
==2358==    at 0x483B7F3: malloc (in /usr/lib/x86_64-linux-gnu/valgrind/vgpreload_memcheck-amd64-linux.so)
==2358==    by 0x1984F3: xmalloc (in /usr/bin/bash)
==2358==    by 0x1544D7: ??? (in /usr/bin/bash)
==2358==    by 0x157FCF: ??? (in /usr/bin/bash)
==2358==    by 0x15805C: ??? (in /usr/bin/bash)
==2358==    by 0x15929E: adjust_shell_level (in /usr/bin/bash)
==2358==    by 0x15AC10: initialize_shell_variables (in /usr/bin/bash)
==2358==    by 0x138DC9: ??? (in /usr/bin/bash)
==2358==    by 0x137544: main (in /usr/bin/bash)
==2358== 
==2358== 6 bytes in 1 blocks are still reachable in loss record 44 of 304
==2358==    at 0x483B7F3: malloc (in /usr/lib/x86_64-linux-gnu/valgrind/vgpreload_memcheck-amd64-linux.so)
==2358==    by 0x1984F3: xmalloc (in /usr/bin/bash)
==2358==    by 0x157FED: ??? (in /usr/bin/bash)
==2358==    by 0x15805C: ??? (in /usr/bin/bash)
==2358==    by 0x15929E: adjust_shell_level (in /usr/bin/bash)
==2358==    by 0x15AC10: initialize_shell_variables (in /usr/bin/bash)
==2358==    by 0x138DC9: ??? (in /usr/bin/bash)
==2358==    by 0x137544: main (in /usr/bin/bash)
==2358== 
==2358== 6 bytes in 1 blocks are still reachable in loss record 45 of 304
==2358==    at 0x483B7F3: malloc (in /usr/lib/x86_64-linux-gnu/valgrind/vgpreload_memcheck-amd64-linux.so)
==2358==    by 0x1984F3: xmalloc (in /usr/bin/bash)
==2358==    by 0x138C68: ??? (in /usr/bin/bash)
==2358==    by 0x15B81C: initialize_shell_variables (in /usr/bin/bash)
==2358==    by 0x138DC9: ??? (in /usr/bin/bash)
==2358==    by 0x137544: main (in /usr/bin/bash)
==2358== 
==2358== 6 bytes in 1 blocks are still reachable in loss record 46 of 304
==2358==    at 0x483B7F3: malloc (in /usr/lib/x86_64-linux-gnu/valgrind/vgpreload_memcheck-amd64-linux.so)
==2358==    by 0x1984F3: xmalloc (in /usr/bin/bash)
==2358==    by 0x1544D7: ??? (in /usr/bin/bash)
==2358==    by 0x157FCF: ??? (in /usr/bin/bash)
==2358==    by 0x15805C: ??? (in /usr/bin/bash)
==2358==    by 0x15B635: initialize_shell_variables (in /usr/bin/bash)
==2358==    by 0x138DC9: ??? (in /usr/bin/bash)
==2358==    by 0x137544: main (in /usr/bin/bash)
==2358== 
==2358== 6 bytes in 1 blocks are still reachable in loss record 47 of 304
==2358==    at 0x483B7F3: malloc (in /usr/lib/x86_64-linux-gnu/valgrind/vgpreload_memcheck-amd64-linux.so)
==2358==    by 0x1984F3: xmalloc (in /usr/bin/bash)
==2358==    by 0x157FED: ??? (in /usr/bin/bash)
==2358==    by 0x15805C: ??? (in /usr/bin/bash)
==2358==    by 0x15B635: initialize_shell_variables (in /usr/bin/bash)
==2358==    by 0x138DC9: ??? (in /usr/bin/bash)
==2358==    by 0x137544: main (in /usr/bin/bash)
==2358== 
==2358== 7 bytes in 1 blocks are still reachable in loss record 48 of 304
==2358==    at 0x483B7F3: malloc (in /usr/lib/x86_64-linux-gnu/valgrind/vgpreload_memcheck-amd64-linux.so)
==2358==    by 0x1984F3: xmalloc (in /usr/bin/bash)
==2358==    by 0x1544D7: ??? (in /usr/bin/bash)
==2358==    by 0x157FCF: ??? (in /usr/bin/bash)
==2358==    by 0x15805C: ??? (in /usr/bin/bash)
==2358==    by 0x159490: set_pwd (in /usr/bin/bash)
==2358==    by 0x15AAEE: initialize_shell_variables (in /usr/bin/bash)
==2358==    by 0x138DC9: ??? (in /usr/bin/bash)
==2358==    by 0x137544: main (in /usr/bin/bash)
==2358== 
==2358== 7 bytes in 1 blocks are still reachable in loss record 49 of 304
==2358==    at 0x483B7F3: malloc (in /usr/lib/x86_64-linux-gnu/valgrind/vgpreload_memcheck-amd64-linux.so)
==2358==    by 0x1984F3: xmalloc (in /usr/bin/bash)
==2358==    by 0x157FED: ??? (in /usr/bin/bash)
==2358==    by 0x15805C: ??? (in /usr/bin/bash)
==2358==    by 0x159490: set_pwd (in /usr/bin/bash)
==2358==    by 0x15AAEE: initialize_shell_variables (in /usr/bin/bash)
==2358==    by 0x138DC9: ??? (in /usr/bin/bash)
==2358==    by 0x137544: main (in /usr/bin/bash)
==2358== 
==2358== 7 bytes in 1 blocks are still reachable in loss record 50 of 304
==2358==    at 0x483B7F3: malloc (in /usr/lib/x86_64-linux-gnu/valgrind/vgpreload_memcheck-amd64-linux.so)
==2358==    by 0x1984F3: xmalloc (in /usr/bin/bash)
==2358==    by 0x156DA1: make_variable_value (in /usr/bin/bash)
==2358==    by 0x15806D: ??? (in /usr/bin/bash)
==2358==    by 0x15AB95: initialize_shell_variables (in /usr/bin/bash)
==2358==    by 0x138DC9: ??? (in /usr/bin/bash)
==2358==    by 0x137544: main (in /usr/bin/bash)
==2358== 
==2358== 7 bytes in 1 blocks are still reachable in loss record 51 of 304
==2358==    at 0x483B7F3: malloc (in /usr/lib/x86_64-linux-gnu/valgrind/vgpreload_memcheck-amd64-linux.so)
==2358==    by 0x1984F3: xmalloc (in /usr/bin/bash)
==2358==    by 0x1544D7: ??? (in /usr/bin/bash)
==2358==    by 0x157FCF: ??? (in /usr/bin/bash)
==2358==    by 0x15805C: ??? (in /usr/bin/bash)
==2358==    by 0x15ABA8: initialize_shell_variables (in /usr/bin/bash)
==2358==    by 0x138DC9: ??? (in /usr/bin/bash)
==2358==    by 0x137544: main (in /usr/bin/bash)
==2358== 
==2358== 7 bytes in 1 blocks are still reachable in loss record 52 of 304
==2358==    at 0x483B7F3: malloc (in /usr/lib/x86_64-linux-gnu/valgrind/vgpreload_memcheck-amd64-linux.so)
==2358==    by 0x1984F3: xmalloc (in /usr/bin/bash)
==2358==    by 0x157FED: ??? (in /usr/bin/bash)
==2358==    by 0x15805C: ??? (in /usr/bin/bash)
==2358==    by 0x15ABA8: initialize_shell_variables (in /usr/bin/bash)
==2358==    by 0x138DC9: ??? (in /usr/bin/bash)
==2358==    by 0x137544: main (in /usr/bin/bash)
==2358== 
==2358== 7 bytes in 1 blocks are still reachable in loss record 53 of 304
==2358==    at 0x483B7F3: malloc (in /usr/lib/x86_64-linux-gnu/valgrind/vgpreload_memcheck-amd64-linux.so)
==2358==    by 0x1984F3: xmalloc (in /usr/bin/bash)
==2358==    by 0x1544D7: ??? (in /usr/bin/bash)
==2358==    by 0x157FCF: ??? (in /usr/bin/bash)
==2358==    by 0x15805C: ??? (in /usr/bin/bash)
==2358==    by 0x15AC2A: initialize_shell_variables (in /usr/bin/bash)
==2358==    by 0x138DC9: ??? (in /usr/bin/bash)
==2358==    by 0x137544: main (in /usr/bin/bash)
==2358== 
==2358== 7 bytes in 1 blocks are still reachable in loss record 54 of 304
==2358==    at 0x483B7F3: malloc (in /usr/lib/x86_64-linux-gnu/valgrind/vgpreload_memcheck-amd64-linux.so)
==2358==    by 0x1984F3: xmalloc (in /usr/bin/bash)
==2358==    by 0x157FED: ??? (in /usr/bin/bash)
==2358==    by 0x15805C: ??? (in /usr/bin/bash)
==2358==    by 0x15AC2A: initialize_shell_variables (in /usr/bin/bash)
==2358==    by 0x138DC9: ??? (in /usr/bin/bash)
==2358==    by 0x137544: main (in /usr/bin/bash)
==2358== 
==2358== 7 bytes in 1 blocks are still reachable in loss record 55 of 304
==2358==    at 0x483B7F3: malloc (in /usr/lib/x86_64-linux-gnu/valgrind/vgpreload_memcheck-amd64-linux.so)
==2358==    by 0x1984F3: xmalloc (in /usr/bin/bash)
==2358==    by 0x1544D7: ??? (in /usr/bin/bash)
==2358==    by 0x157FCF: ??? (in /usr/bin/bash)
==2358==    by 0x15805C: ??? (in /usr/bin/bash)
==2358==    by 0x15AC4A: initialize_shell_variables (in /usr/bin/bash)
==2358==    by 0x138DC9: ??? (in /usr/bin/bash)
==2358==    by 0x137544: main (in /usr/bin/bash)
==2358== 
==2358== 7 bytes in 1 blocks are still reachable in loss record 56 of 304
==2358==    at 0x483B7F3: malloc (in /usr/lib/x86_64-linux-gnu/valgrind/vgpreload_memcheck-amd64-linux.so)
==2358==    by 0x1984F3: xmalloc (in /usr/bin/bash)
==2358==    by 0x157FED: ??? (in /usr/bin/bash)
==2358==    by 0x15805C: ??? (in /usr/bin/bash)
==2358==    by 0x15AC4A: initialize_shell_variables (in /usr/bin/bash)
==2358==    by 0x138DC9: ??? (in /usr/bin/bash)
==2358==    by 0x137544: main (in /usr/bin/bash)
==2358== 
==2358== 7 bytes in 1 blocks are still reachable in loss record 57 of 304
==2358==    at 0x483B7F3: malloc (in /usr/lib/x86_64-linux-gnu/valgrind/vgpreload_memcheck-amd64-linux.so)
==2358==    by 0x1984F3: xmalloc (in /usr/bin/bash)
==2358==    by 0x1544D7: ??? (in /usr/bin/bash)
==2358==    by 0x157FCF: ??? (in /usr/bin/bash)
==2358==    by 0x15805C: ??? (in /usr/bin/bash)
==2358==    by 0x15B1AE: initialize_shell_variables (in /usr/bin/bash)
==2358==    by 0x138DC9: ??? (in /usr/bin/bash)
==2358==    by 0x137544: main (in /usr/bin/bash)
==2358== 
==2358== 7 bytes in 1 blocks are still reachable in loss record 58 of 304
==2358==    at 0x483B7F3: malloc (in /usr/lib/x86_64-linux-gnu/valgrind/vgpreload_memcheck-amd64-linux.so)
==2358==    by 0x1984F3: xmalloc (in /usr/bin/bash)
==2358==    by 0x157FED: ??? (in /usr/bin/bash)
==2358==    by 0x15805C: ??? (in /usr/bin/bash)
==2358==    by 0x15B1AE: initialize_shell_variables (in /usr/bin/bash)
==2358==    by 0x138DC9: ??? (in /usr/bin/bash)
==2358==    by 0x137544: main (in /usr/bin/bash)
==2358== 
==2358== 7 bytes in 1 blocks are still reachable in loss record 59 of 304
==2358==    at 0x483B7F3: malloc (in /usr/lib/x86_64-linux-gnu/valgrind/vgpreload_memcheck-amd64-linux.so)
==2358==    by 0x1984F3: xmalloc (in /usr/bin/bash)
==2358==    by 0x1544D7: ??? (in /usr/bin/bash)
==2358==    by 0x157FCF: ??? (in /usr/bin/bash)
==2358==    by 0x15805C: ??? (in /usr/bin/bash)
==2358==    by 0x15B1D8: initialize_shell_variables (in /usr/bin/bash)
==2358==    by 0x138DC9: ??? (in /usr/bin/bash)
==2358==    by 0x137544: main (in /usr/bin/bash)
==2358== 
==2358== 7 bytes in 1 blocks are still reachable in loss record 60 of 304
==2358==    at 0x483B7F3: malloc (in /usr/lib/x86_64-linux-gnu/valgrind/vgpreload_memcheck-amd64-linux.so)
==2358==    by 0x1984F3: xmalloc (in /usr/bin/bash)
==2358==    by 0x157FED: ??? (in /usr/bin/bash)
==2358==    by 0x15805C: ??? (in /usr/bin/bash)
==2358==    by 0x15B1D8: initialize_shell_variables (in /usr/bin/bash)
==2358==    by 0x138DC9: ??? (in /usr/bin/bash)
==2358==    by 0x137544: main (in /usr/bin/bash)
==2358== 
==2358== 7 bytes in 1 blocks are still reachable in loss record 61 of 304
==2358==    at 0x483B7F3: malloc (in /usr/lib/x86_64-linux-gnu/valgrind/vgpreload_memcheck-amd64-linux.so)
==2358==    by 0x1984F3: xmalloc (in /usr/bin/bash)
==2358==    by 0x1544D7: ??? (in /usr/bin/bash)
==2358==    by 0x157FCF: ??? (in /usr/bin/bash)
==2358==    by 0x158D55: make_new_array_variable (in /usr/bin/bash)
==2358==    by 0x158DA7: ??? (in /usr/bin/bash)
==2358==    by 0x15B2EC: initialize_shell_variables (in /usr/bin/bash)
==2358==    by 0x138DC9: ??? (in /usr/bin/bash)
==2358==    by 0x137544: main (in /usr/bin/bash)
==2358== 
==2358== 7 bytes in 1 blocks are still reachable in loss record 62 of 304
==2358==    at 0x483B7F3: malloc (in /usr/lib/x86_64-linux-gnu/valgrind/vgpreload_memcheck-amd64-linux.so)
==2358==    by 0x1984F3: xmalloc (in /usr/bin/bash)
==2358==    by 0x157FED: ??? (in /usr/bin/bash)
==2358==    by 0x158D55: make_new_array_variable (in /usr/bin/bash)
==2358==    by 0x158DA7: ??? (in /usr/bin/bash)
==2358==    by 0x15B2EC: initialize_shell_variables (in /usr/bin/bash)
==2358==    by 0x138DC9: ??? (in /usr/bin/bash)
==2358==    by 0x137544: main (in /usr/bin/bash)
==2358== 
==2358== 8 bytes in 1 blocks are still reachable in loss record 63 of 304
==2358==    at 0x483B7F3: malloc (in /usr/lib/x86_64-linux-gnu/valgrind/vgpreload_memcheck-amd64-linux.so)
==2358==    by 0x1984F3: xmalloc (in /usr/bin/bash)
==2358==    by 0x183473: array_create_element (in /usr/bin/bash)
==2358==    by 0x183987: array_insert (in /usr/bin/bash)
==2358==    by 0x15AF95: initialize_shell_variables (in /usr/bin/bash)
==2358==    by 0x138DC9: ??? (in /usr/bin/bash)
==2358==    by 0x137544: main (in /usr/bin/bash)
==2358== 
==2358== 8 bytes in 1 blocks are still reachable in loss record 64 of 304
==2358==    at 0x483B7F3: malloc (in /usr/lib/x86_64-linux-gnu/valgrind/vgpreload_memcheck-amd64-linux.so)
==2358==    by 0x1984F3: xmalloc (in /usr/bin/bash)
==2358==    by 0x1544D7: ??? (in /usr/bin/bash)
==2358==    by 0x157FCF: ??? (in /usr/bin/bash)
==2358==    by 0x15805C: ??? (in /usr/bin/bash)
==2358==    by 0x15B112: initialize_shell_variables (in /usr/bin/bash)
==2358==    by 0x138DC9: ??? (in /usr/bin/bash)
==2358==    by 0x137544: main (in /usr/bin/bash)
==2358== 
==2358== 8 bytes in 1 blocks are still reachable in loss record 65 of 304
==2358==    at 0x483B7F3: malloc (in /usr/lib/x86_64-linux-gnu/valgrind/vgpreload_memcheck-amd64-linux.so)
==2358==    by 0x1984F3: xmalloc (in /usr/bin/bash)
==2358==    by 0x157FED: ??? (in /usr/bin/bash)
==2358==    by 0x15805C: ??? (in /usr/bin/bash)
==2358==    by 0x15B112: initialize_shell_variables (in /usr/bin/bash)
==2358==    by 0x138DC9: ??? (in /usr/bin/bash)
==2358==    by 0x137544: main (in /usr/bin/bash)
==2358== 
==2358== 8 bytes in 1 blocks are still reachable in loss record 66 of 304
==2358==    at 0x483B7F3: malloc (in /usr/lib/x86_64-linux-gnu/valgrind/vgpreload_memcheck-amd64-linux.so)
==2358==    by 0x1984F3: xmalloc (in /usr/bin/bash)
==2358==    by 0x1544D7: ??? (in /usr/bin/bash)
==2358==    by 0x157FCF: ??? (in /usr/bin/bash)
==2358==    by 0x15805C: ??? (in /usr/bin/bash)
==2358==    by 0x15B205: initialize_shell_variables (in /usr/bin/bash)
==2358==    by 0x138DC9: ??? (in /usr/bin/bash)
==2358==    by 0x137544: main (in /usr/bin/bash)
==2358== 
==2358== 8 bytes in 1 blocks are still reachable in loss record 67 of 304
==2358==    at 0x483B7F3: malloc (in /usr/lib/x86_64-linux-gnu/valgrind/vgpreload_memcheck-amd64-linux.so)
==2358==    by 0x1984F3: xmalloc (in /usr/bin/bash)
==2358==    by 0x157FED: ??? (in /usr/bin/bash)
==2358==    by 0x15805C: ??? (in /usr/bin/bash)
==2358==    by 0x15B205: initialize_shell_variables (in /usr/bin/bash)
==2358==    by 0x138DC9: ??? (in /usr/bin/bash)
==2358==    by 0x137544: main (in /usr/bin/bash)
==2358== 
==2358== 8 bytes in 1 blocks are still reachable in loss record 68 of 304
==2358==    at 0x483B7F3: malloc (in /usr/lib/x86_64-linux-gnu/valgrind/vgpreload_memcheck-amd64-linux.so)
==2358==    by 0x1984F3: xmalloc (in /usr/bin/bash)
==2358==    by 0x1544D7: ??? (in /usr/bin/bash)
==2358==    by 0x157FCF: ??? (in /usr/bin/bash)
==2358==    by 0x15805C: ??? (in /usr/bin/bash)
==2358==    by 0x15B27B: initialize_shell_variables (in /usr/bin/bash)
==2358==    by 0x138DC9: ??? (in /usr/bin/bash)
==2358==    by 0x137544: main (in /usr/bin/bash)
==2358== 
==2358== 8 bytes in 1 blocks are still reachable in loss record 69 of 304
==2358==    at 0x483B7F3: malloc (in /usr/lib/x86_64-linux-gnu/valgrind/vgpreload_memcheck-amd64-linux.so)
==2358==    by 0x1984F3: xmalloc (in /usr/bin/bash)
==2358==    by 0x157FED: ??? (in /usr/bin/bash)
==2358==    by 0x15805C: ??? (in /usr/bin/bash)
==2358==    by 0x15B27B: initialize_shell_variables (in /usr/bin/bash)
==2358==    by 0x138DC9: ??? (in /usr/bin/bash)
==2358==    by 0x137544: main (in /usr/bin/bash)
==2358== 
==2358== 9 bytes in 1 blocks are still reachable in loss record 70 of 304
==2358==    at 0x483B7F3: malloc (in /usr/lib/x86_64-linux-gnu/valgrind/vgpreload_memcheck-amd64-linux.so)
==2358==    by 0x1984F3: xmalloc (in /usr/bin/bash)
==2358==    by 0x1544D7: ??? (in /usr/bin/bash)
==2358==    by 0x157FCF: ??? (in /usr/bin/bash)
==2358==    by 0x15805C: ??? (in /usr/bin/bash)
==2358==    by 0x15AB95: initialize_shell_variables (in /usr/bin/bash)
==2358==    by 0x138DC9: ??? (in /usr/bin/bash)
==2358==    by 0x137544: main (in /usr/bin/bash)
==2358== 
==2358== 9 bytes in 1 blocks are still reachable in loss record 71 of 304
==2358==    at 0x483B7F3: malloc (in /usr/lib/x86_64-linux-gnu/valgrind/vgpreload_memcheck-amd64-linux.so)
==2358==    by 0x1984F3: xmalloc (in /usr/bin/bash)
==2358==    by 0x157FED: ??? (in /usr/bin/bash)
==2358==    by 0x15805C: ??? (in /usr/bin/bash)
==2358==    by 0x15AB95: initialize_shell_variables (in /usr/bin/bash)
==2358==    by 0x138DC9: ??? (in /usr/bin/bash)
==2358==    by 0x137544: main (in /usr/bin/bash)
==2358== 
==2358== 9 bytes in 1 blocks are still reachable in loss record 72 of 304
==2358==    at 0x483B7F3: malloc (in /usr/lib/x86_64-linux-gnu/valgrind/vgpreload_memcheck-amd64-linux.so)
==2358==    by 0x1984F3: xmalloc (in /usr/bin/bash)
==2358==    by 0x1544D7: ??? (in /usr/bin/bash)
==2358==    by 0x157FCF: ??? (in /usr/bin/bash)
==2358==    by 0x15805C: ??? (in /usr/bin/bash)
==2358==    by 0x15ABBB: initialize_shell_variables (in /usr/bin/bash)
==2358==    by 0x138DC9: ??? (in /usr/bin/bash)
==2358==    by 0x137544: main (in /usr/bin/bash)
==2358== 
==2358== 9 bytes in 1 blocks are still reachable in loss record 73 of 304
==2358==    at 0x483B7F3: malloc (in /usr/lib/x86_64-linux-gnu/valgrind/vgpreload_memcheck-amd64-linux.so)
==2358==    by 0x1984F3: xmalloc (in /usr/bin/bash)
==2358==    by 0x157FED: ??? (in /usr/bin/bash)
==2358==    by 0x15805C: ??? (in /usr/bin/bash)
==2358==    by 0x15ABBB: initialize_shell_variables (in /usr/bin/bash)
==2358==    by 0x138DC9: ??? (in /usr/bin/bash)
==2358==    by 0x137544: main (in /usr/bin/bash)
==2358== 
==2358== 9 bytes in 1 blocks are still reachable in loss record 74 of 304
==2358==    at 0x483B7F3: malloc (in /usr/lib/x86_64-linux-gnu/valgrind/vgpreload_memcheck-amd64-linux.so)
==2358==    by 0x1984F3: xmalloc (in /usr/bin/bash)
==2358==    by 0x1544D7: ??? (in /usr/bin/bash)
==2358==    by 0x157FCF: ??? (in /usr/bin/bash)
==2358==    by 0x15805C: ??? (in /usr/bin/bash)
==2358==    by 0x15ABCE: initialize_shell_variables (in /usr/bin/bash)
==2358==    by 0x138DC9: ??? (in /usr/bin/bash)
==2358==    by 0x137544: main (in /usr/bin/bash)
==2358== 
==2358== 9 bytes in 1 blocks are still reachable in loss record 75 of 304
==2358==    at 0x483B7F3: malloc (in /usr/lib/x86_64-linux-gnu/valgrind/vgpreload_memcheck-amd64-linux.so)
==2358==    by 0x1984F3: xmalloc (in /usr/bin/bash)
==2358==    by 0x157FED: ??? (in /usr/bin/bash)
==2358==    by 0x15805C: ??? (in /usr/bin/bash)
==2358==    by 0x15ABCE: initialize_shell_variables (in /usr/bin/bash)
==2358==    by 0x138DC9: ??? (in /usr/bin/bash)
==2358==    by 0x137544: main (in /usr/bin/bash)
==2358== 
==2358== 9 bytes in 1 blocks are still reachable in loss record 76 of 304
==2358==    at 0x483B7F3: malloc (in /usr/lib/x86_64-linux-gnu/valgrind/vgpreload_memcheck-amd64-linux.so)
==2358==    by 0x1984F3: xmalloc (in /usr/bin/bash)
==2358==    by 0x1544D7: ??? (in /usr/bin/bash)
==2358==    by 0x157FCF: ??? (in /usr/bin/bash)
==2358==    by 0x158D55: make_new_array_variable (in /usr/bin/bash)
==2358==    by 0x158DA7: ??? (in /usr/bin/bash)
==2358==    by 0x15B2CD: initialize_shell_variables (in /usr/bin/bash)
==2358==    by 0x138DC9: ??? (in /usr/bin/bash)
==2358==    by 0x137544: main (in /usr/bin/bash)
==2358== 
==2358== 9 bytes in 1 blocks are still reachable in loss record 77 of 304
==2358==    at 0x483B7F3: malloc (in /usr/lib/x86_64-linux-gnu/valgrind/vgpreload_memcheck-amd64-linux.so)
==2358==    by 0x1984F3: xmalloc (in /usr/bin/bash)
==2358==    by 0x157FED: ??? (in /usr/bin/bash)
==2358==    by 0x158D55: make_new_array_variable (in /usr/bin/bash)
==2358==    by 0x158DA7: ??? (in /usr/bin/bash)
==2358==    by 0x15B2CD: initialize_shell_variables (in /usr/bin/bash)
==2358==    by 0x138DC9: ??? (in /usr/bin/bash)
==2358==    by 0x137544: main (in /usr/bin/bash)
==2358== 
==2358== 9 bytes in 1 blocks are still reachable in loss record 78 of 304
==2358==    at 0x483B7F3: malloc (in /usr/lib/x86_64-linux-gnu/valgrind/vgpreload_memcheck-amd64-linux.so)
==2358==    by 0x1984F3: xmalloc (in /usr/bin/bash)
==2358==    by 0x1544D7: ??? (in /usr/bin/bash)
==2358==    by 0x157FCF: ??? (in /usr/bin/bash)
==2358==    by 0x158D55: make_new_array_variable (in /usr/bin/bash)
==2358==    by 0x15B64D: initialize_shell_variables (in /usr/bin/bash)
==2358==    by 0x138DC9: ??? (in /usr/bin/bash)
==2358==    by 0x137544: main (in /usr/bin/bash)
==2358== 
==2358== 9 bytes in 1 blocks are still reachable in loss record 79 of 304
==2358==    at 0x483B7F3: malloc (in /usr/lib/x86_64-linux-gnu/valgrind/vgpreload_memcheck-amd64-linux.so)
==2358==    by 0x1984F3: xmalloc (in /usr/bin/bash)
==2358==    by 0x157FED: ??? (in /usr/bin/bash)
==2358==    by 0x158D55: make_new_array_variable (in /usr/bin/bash)
==2358==    by 0x15B64D: initialize_shell_variables (in /usr/bin/bash)
==2358==    by 0x138DC9: ??? (in /usr/bin/bash)
==2358==    by 0x137544: main (in /usr/bin/bash)
==2358== 
==2358== 9 bytes in 1 blocks are still reachable in loss record 80 of 304
==2358==    at 0x483B7F3: malloc (in /usr/lib/x86_64-linux-gnu/valgrind/vgpreload_memcheck-amd64-linux.so)
==2358==    by 0x1984F3: xmalloc (in /usr/bin/bash)
==2358==    by 0x1544D7: ??? (in /usr/bin/bash)
==2358==    by 0x157FCF: ??? (in /usr/bin/bash)
==2358==    by 0x15805C: ??? (in /usr/bin/bash)
==2358==    by 0x1AC4B0: set_bashopts (in /usr/bin/bash)
==2358==    by 0x138E1C: ??? (in /usr/bin/bash)
==2358==    by 0x137544: main (in /usr/bin/bash)
==2358== 
==2358== 9 bytes in 1 blocks are still reachable in loss record 81 of 304
==2358==    at 0x483B7F3: malloc (in /usr/lib/x86_64-linux-gnu/valgrind/vgpreload_memcheck-amd64-linux.so)
==2358==    by 0x1984F3: xmalloc (in /usr/bin/bash)
==2358==    by 0x157FED: ??? (in /usr/bin/bash)
==2358==    by 0x15805C: ??? (in /usr/bin/bash)
==2358==    by 0x1AC4B0: set_bashopts (in /usr/bin/bash)
==2358==    by 0x138E1C: ??? (in /usr/bin/bash)
==2358==    by 0x137544: main (in /usr/bin/bash)
==2358== 
==2358== 10 bytes in 1 blocks are still reachable in loss record 82 of 304
==2358==    at 0x483B7F3: malloc (in /usr/lib/x86_64-linux-gnu/valgrind/vgpreload_memcheck-amd64-linux.so)
==2358==    by 0x1984F3: xmalloc (in /usr/bin/bash)
==2358==    by 0x156DA1: make_variable_value (in /usr/bin/bash)
==2358==    by 0x15806D: ??? (in /usr/bin/bash)
==2358==    by 0x15ABA8: initialize_shell_variables (in /usr/bin/bash)
==2358==    by 0x138DC9: ??? (in /usr/bin/bash)
==2358==    by 0x137544: main (in /usr/bin/bash)
==2358== 
==2358== 10 bytes in 1 blocks are still reachable in loss record 83 of 304
==2358==    at 0x483B7F3: malloc (in /usr/lib/x86_64-linux-gnu/valgrind/vgpreload_memcheck-amd64-linux.so)
==2358==    by 0x1984F3: xmalloc (in /usr/bin/bash)
==2358==    by 0x156DA1: make_variable_value (in /usr/bin/bash)
==2358==    by 0x15806D: ??? (in /usr/bin/bash)
==2358==    by 0x15AE90: initialize_shell_variables (in /usr/bin/bash)
==2358==    by 0x138DC9: ??? (in /usr/bin/bash)
==2358==    by 0x137544: main (in /usr/bin/bash)
==2358== 
==2358== 10 bytes in 1 blocks are still reachable in loss record 84 of 304
==2358==    at 0x483B7F3: malloc (in /usr/lib/x86_64-linux-gnu/valgrind/vgpreload_memcheck-amd64-linux.so)
==2358==    by 0x1984F3: xmalloc (in /usr/bin/bash)
==2358==    by 0x138D28: ??? (in /usr/bin/bash)
==2358==    by 0x15B81C: initialize_shell_variables (in /usr/bin/bash)
==2358==    by 0x138DC9: ??? (in /usr/bin/bash)
==2358==    by 0x137544: main (in /usr/bin/bash)
==2358== 
==2358== 10 bytes in 1 blocks are still reachable in loss record 85 of 304
==2358==    at 0x483B7F3: malloc (in /usr/lib/x86_64-linux-gnu/valgrind/vgpreload_memcheck-amd64-linux.so)
==2358==    by 0x1984F3: xmalloc (in /usr/bin/bash)
==2358==    by 0x156DA1: make_variable_value (in /usr/bin/bash)
==2358==    by 0x15806D: ??? (in /usr/bin/bash)
==2358==    by 0x15B635: initialize_shell_variables (in /usr/bin/bash)
==2358==    by 0x138DC9: ??? (in /usr/bin/bash)
==2358==    by 0x137544: main (in /usr/bin/bash)
==2358== 
==2358== 10 bytes in 1 blocks are still reachable in loss record 86 of 304
==2358==    at 0x483B7F3: malloc (in /usr/lib/x86_64-linux-gnu/valgrind/vgpreload_memcheck-amd64-linux.so)
==2358==    by 0x1984F3: xmalloc (in /usr/bin/bash)
==2358==    by 0x1544D7: ??? (in /usr/bin/bash)
==2358==    by 0x157FCF: ??? (in /usr/bin/bash)
==2358==    by 0x158D55: make_new_array_variable (in /usr/bin/bash)
==2358==    by 0x158DA7: ??? (in /usr/bin/bash)
==2358==    by 0x15B30B: initialize_shell_variables (in /usr/bin/bash)
==2358==    by 0x138DC9: ??? (in /usr/bin/bash)
==2358==    by 0x137544: main (in /usr/bin/bash)
==2358== 
==2358== 10 bytes in 1 blocks are still reachable in loss record 87 of 304
==2358==    at 0x483B7F3: malloc (in /usr/lib/x86_64-linux-gnu/valgrind/vgpreload_memcheck-amd64-linux.so)
==2358==    by 0x1984F3: xmalloc (in /usr/bin/bash)
==2358==    by 0x157FED: ??? (in /usr/bin/bash)
==2358==    by 0x158D55: make_new_array_variable (in /usr/bin/bash)
==2358==    by 0x158DA7: ??? (in /usr/bin/bash)
==2358==    by 0x15B30B: initialize_shell_variables (in /usr/bin/bash)
==2358==    by 0x138DC9: ??? (in /usr/bin/bash)
==2358==    by 0x137544: main (in /usr/bin/bash)
==2358== 
==2358== 10 bytes in 1 blocks are still reachable in loss record 88 of 304
==2358==    at 0x483B7F3: malloc (in /usr/lib/x86_64-linux-gnu/valgrind/vgpreload_memcheck-amd64-linux.so)
==2358==    by 0x1984F3: xmalloc (in /usr/bin/bash)
==2358==    by 0x1544D7: ??? (in /usr/bin/bash)
==2358==    by 0x157FCF: ??? (in /usr/bin/bash)
==2358==    by 0x158D55: make_new_array_variable (in /usr/bin/bash)
==2358==    by 0x158DA7: ??? (in /usr/bin/bash)
==2358==    by 0x15B32A: initialize_shell_variables (in /usr/bin/bash)
==2358==    by 0x138DC9: ??? (in /usr/bin/bash)
==2358==    by 0x137544: main (in /usr/bin/bash)
==2358== 
==2358== 10 bytes in 1 blocks are still reachable in loss record 89 of 304
==2358==    at 0x483B7F3: malloc (in /usr/lib/x86_64-linux-gnu/valgrind/vgpreload_memcheck-amd64-linux.so)
==2358==    by 0x1984F3: xmalloc (in /usr/bin/bash)
==2358==    by 0x157FED: ??? (in /usr/bin/bash)
==2358==    by 0x158D55: make_new_array_variable (in /usr/bin/bash)
==2358==    by 0x158DA7: ??? (in /usr/bin/bash)
==2358==    by 0x15B32A: initialize_shell_variables (in /usr/bin/bash)
==2358==    by 0x138DC9: ??? (in /usr/bin/bash)
==2358==    by 0x137544: main (in /usr/bin/bash)
==2358== 
==2358== 10 bytes in 1 blocks are still reachable in loss record 90 of 304
==2358==    at 0x483B7F3: malloc (in /usr/lib/x86_64-linux-gnu/valgrind/vgpreload_memcheck-amd64-linux.so)
==2358==    by 0x1984F3: xmalloc (in /usr/bin/bash)
==2358==    by 0x1544D7: ??? (in /usr/bin/bash)
==2358==    by 0x157FCF: ??? (in /usr/bin/bash)
==2358==    by 0x158DE5: make_new_assoc_variable (in /usr/bin/bash)
==2358==    by 0x15B6A9: initialize_shell_variables (in /usr/bin/bash)
==2358==    by 0x138DC9: ??? (in /usr/bin/bash)
==2358==    by 0x137544: main (in /usr/bin/bash)
==2358== 
==2358== 10 bytes in 1 blocks are still reachable in loss record 91 of 304
==2358==    at 0x483B7F3: malloc (in /usr/lib/x86_64-linux-gnu/valgrind/vgpreload_memcheck-amd64-linux.so)
==2358==    by 0x1984F3: xmalloc (in /usr/bin/bash)
==2358==    by 0x157FED: ??? (in /usr/bin/bash)
==2358==    by 0x158DE5: make_new_assoc_variable (in /usr/bin/bash)
==2358==    by 0x15B6A9: initialize_shell_variables (in /usr/bin/bash)
==2358==    by 0x138DC9: ??? (in /usr/bin/bash)
==2358==    by 0x137544: main (in /usr/bin/bash)
==2358== 
==2358== 10 bytes in 1 blocks are still reachable in loss record 92 of 304
==2358==    at 0x483B7F3: malloc (in /usr/lib/x86_64-linux-gnu/valgrind/vgpreload_memcheck-amd64-linux.so)
==2358==    by 0x1984F3: xmalloc (in /usr/bin/bash)
==2358==    by 0x1544D7: ??? (in /usr/bin/bash)
==2358==    by 0x157FCF: ??? (in /usr/bin/bash)
==2358==    by 0x15805C: ??? (in /usr/bin/bash)
==2358==    by 0x1A76E0: set_shellopts (in /usr/bin/bash)
==2358==    by 0x138DFD: ??? (in /usr/bin/bash)
==2358==    by 0x137544: main (in /usr/bin/bash)
==2358== 
==2358== 10 bytes in 1 blocks are still reachable in loss record 93 of 304
==2358==    at 0x483B7F3: malloc (in /usr/lib/x86_64-linux-gnu/valgrind/vgpreload_memcheck-amd64-linux.so)
==2358==    by 0x1984F3: xmalloc (in /usr/bin/bash)
==2358==    by 0x157FED: ??? (in /usr/bin/bash)
==2358==    by 0x15805C: ??? (in /usr/bin/bash)
==2358==    by 0x1A76E0: set_shellopts (in /usr/bin/bash)
==2358==    by 0x138DFD: ??? (in /usr/bin/bash)
==2358==    by 0x137544: main (in /usr/bin/bash)
==2358== 
==2358== 10 bytes in 1 blocks are still reachable in loss record 94 of 304
==2358==    at 0x483B7F3: malloc (in /usr/lib/x86_64-linux-gnu/valgrind/vgpreload_memcheck-amd64-linux.so)
==2358==    by 0x198577: xrealloc (in /usr/bin/bash)
==2358==    by 0x13FAB0: ??? (in /usr/bin/bash)
==2358==    by 0x142EC7: yyparse (in /usr/bin/bash)
==2358==    by 0x13929A: parse_command (in /usr/bin/bash)
==2358==    by 0x1393A6: read_command (in /usr/bin/bash)
==2358==    by 0x1395C9: reader_loop (in /usr/bin/bash)
==2358==    by 0x137EF8: main (in /usr/bin/bash)
==2358== 
==2358== 10 bytes in 1 blocks are still reachable in loss record 95 of 304
==2358==    at 0x483B7F3: malloc (in /usr/lib/x86_64-linux-gnu/valgrind/vgpreload_memcheck-amd64-linux.so)
==2358==    by 0x1984F3: xmalloc (in /usr/bin/bash)
==2358==    by 0x14F948: execute_command_internal (in /usr/bin/bash)
==2358==    by 0x1519D9: execute_command (in /usr/bin/bash)
==2358==    by 0x139664: reader_loop (in /usr/bin/bash)
==2358==    by 0x137EF8: main (in /usr/bin/bash)
==2358== 
==2358== 11 bytes in 1 blocks are still reachable in loss record 96 of 304
==2358==    at 0x483B7F3: malloc (in /usr/lib/x86_64-linux-gnu/valgrind/vgpreload_memcheck-amd64-linux.so)
==2358==    by 0x1984F3: xmalloc (in /usr/bin/bash)
==2358==    by 0x1544D7: ??? (in /usr/bin/bash)
==2358==    by 0x157FCF: ??? (in /usr/bin/bash)
==2358==    by 0x15805C: ??? (in /usr/bin/bash)
==2358==    by 0x15B13F: initialize_shell_variables (in /usr/bin/bash)
==2358==    by 0x138DC9: ??? (in /usr/bin/bash)
==2358==    by 0x137544: main (in /usr/bin/bash)
==2358== 
==2358== 11 bytes in 1 blocks are still reachable in loss record 97 of 304
==2358==    at 0x483B7F3: malloc (in /usr/lib/x86_64-linux-gnu/valgrind/vgpreload_memcheck-amd64-linux.so)
==2358==    by 0x1984F3: xmalloc (in /usr/bin/bash)
==2358==    by 0x157FED: ??? (in /usr/bin/bash)
==2358==    by 0x15805C: ??? (in /usr/bin/bash)
==2358==    by 0x15B13F: initialize_shell_variables (in /usr/bin/bash)
==2358==    by 0x138DC9: ??? (in /usr/bin/bash)
==2358==    by 0x137544: main (in /usr/bin/bash)
==2358== 
==2358== 11 bytes in 1 blocks are still reachable in loss record 98 of 304
==2358==    at 0x483B7F3: malloc (in /usr/lib/x86_64-linux-gnu/valgrind/vgpreload_memcheck-amd64-linux.so)
==2358==    by 0x1984F3: xmalloc (in /usr/bin/bash)
==2358==    by 0x1544D7: ??? (in /usr/bin/bash)
==2358==    by 0x157FCF: ??? (in /usr/bin/bash)
==2358==    by 0x158D55: make_new_array_variable (in /usr/bin/bash)
==2358==    by 0x15C10B: set_pipestatus_array (in /usr/bin/bash)
==2358==    by 0x15172F: execute_command_internal (in /usr/bin/bash)
==2358==    by 0x1519D9: execute_command (in /usr/bin/bash)
==2358==    by 0x139664: reader_loop (in /usr/bin/bash)
==2358==    by 0x137EF8: main (in /usr/bin/bash)
==2358== 
==2358== 11 bytes in 1 blocks are still reachable in loss record 99 of 304
==2358==    at 0x483B7F3: malloc (in /usr/lib/x86_64-linux-gnu/valgrind/vgpreload_memcheck-amd64-linux.so)
==2358==    by 0x1984F3: xmalloc (in /usr/bin/bash)
==2358==    by 0x157FED: ??? (in /usr/bin/bash)
==2358==    by 0x158D55: make_new_array_variable (in /usr/bin/bash)
==2358==    by 0x15C10B: set_pipestatus_array (in /usr/bin/bash)
==2358==    by 0x15172F: execute_command_internal (in /usr/bin/bash)
==2358==    by 0x1519D9: execute_command (in /usr/bin/bash)
==2358==    by 0x139664: reader_loop (in /usr/bin/bash)
==2358==    by 0x137EF8: main (in /usr/bin/bash)
==2358== 
==2358== 12 bytes in 1 blocks are still reachable in loss record 100 of 304
==2358==    at 0x483B7F3: malloc (in /usr/lib/x86_64-linux-gnu/valgrind/vgpreload_memcheck-amd64-linux.so)
==2358==    by 0x1984F3: xmalloc (in /usr/bin/bash)
==2358==    by 0x1544D7: ??? (in /usr/bin/bash)
==2358==    by 0x157FCF: ??? (in /usr/bin/bash)
==2358==    by 0x158D55: make_new_array_variable (in /usr/bin/bash)
==2358==    by 0x158DA7: ??? (in /usr/bin/bash)
==2358==    by 0x15B349: initialize_shell_variables (in /usr/bin/bash)
==2358==    by 0x138DC9: ??? (in /usr/bin/bash)
==2358==    by 0x137544: main (in /usr/bin/bash)
==2358== 
==2358== 12 bytes in 1 blocks are still reachable in loss record 101 of 304
==2358==    at 0x483B7F3: malloc (in /usr/lib/x86_64-linux-gnu/valgrind/vgpreload_memcheck-amd64-linux.so)
==2358==    by 0x1984F3: xmalloc (in /usr/bin/bash)
==2358==    by 0x157FED: ??? (in /usr/bin/bash)
==2358==    by 0x158D55: make_new_array_variable (in /usr/bin/bash)
==2358==    by 0x158DA7: ??? (in /usr/bin/bash)
==2358==    by 0x15B349: initialize_shell_variables (in /usr/bin/bash)
==2358==    by 0x138DC9: ??? (in /usr/bin/bash)
==2358==    by 0x137544: main (in /usr/bin/bash)
==2358== 
==2358== 12 bytes in 1 blocks are still reachable in loss record 102 of 304
==2358==    at 0x483B7F3: malloc (in /usr/lib/x86_64-linux-gnu/valgrind/vgpreload_memcheck-amd64-linux.so)
==2358==    by 0x1984F3: xmalloc (in /usr/bin/bash)
==2358==    by 0x1544D7: ??? (in /usr/bin/bash)
==2358==    by 0x157FCF: ??? (in /usr/bin/bash)
==2358==    by 0x158D55: make_new_array_variable (in /usr/bin/bash)
==2358==    by 0x158DA7: ??? (in /usr/bin/bash)
==2358==    by 0x15B368: initialize_shell_variables (in /usr/bin/bash)
==2358==    by 0x138DC9: ??? (in /usr/bin/bash)
==2358==    by 0x137544: main (in /usr/bin/bash)
==2358== 
==2358== 12 bytes in 1 blocks are still reachable in loss record 103 of 304
==2358==    at 0x483B7F3: malloc (in /usr/lib/x86_64-linux-gnu/valgrind/vgpreload_memcheck-amd64-linux.so)
==2358==    by 0x1984F3: xmalloc (in /usr/bin/bash)
==2358==    by 0x157FED: ??? (in /usr/bin/bash)
==2358==    by 0x158D55: make_new_array_variable (in /usr/bin/bash)
==2358==    by 0x158DA7: ??? (in /usr/bin/bash)
==2358==    by 0x15B368: initialize_shell_variables (in /usr/bin/bash)
==2358==    by 0x138DC9: ??? (in /usr/bin/bash)
==2358==    by 0x137544: main (in /usr/bin/bash)
==2358== 
==2358== 13 bytes in 1 blocks are still reachable in loss record 104 of 304
==2358==    at 0x483B7F3: malloc (in /usr/lib/x86_64-linux-gnu/valgrind/vgpreload_memcheck-amd64-linux.so)
==2358==    by 0x1984F3: xmalloc (in /usr/bin/bash)
==2358==    by 0x138ECE: ??? (in /usr/bin/bash)
==2358==    by 0x137544: main (in /usr/bin/bash)
==2358== 
==2358== 13 bytes in 1 blocks are still reachable in loss record 105 of 304
==2358==    at 0x483B7F3: malloc (in /usr/lib/x86_64-linux-gnu/valgrind/vgpreload_memcheck-amd64-linux.so)
==2358==    by 0x1984F3: xmalloc (in /usr/bin/bash)
==2358==    by 0x156DA1: make_variable_value (in /usr/bin/bash)
==2358==    by 0x15806D: ??? (in /usr/bin/bash)
==2358==    by 0x15ABCE: initialize_shell_variables (in /usr/bin/bash)
==2358==    by 0x138DC9: ??? (in /usr/bin/bash)
==2358==    by 0x137544: main (in /usr/bin/bash)
==2358== 
==2358== 13 bytes in 1 blocks are still reachable in loss record 106 of 304
==2358==    at 0x483B7F3: malloc (in /usr/lib/x86_64-linux-gnu/valgrind/vgpreload_memcheck-amd64-linux.so)
==2358==    by 0x1984F3: xmalloc (in /usr/bin/bash)
==2358==    by 0x1544D7: ??? (in /usr/bin/bash)
==2358==    by 0x157FCF: ??? (in /usr/bin/bash)
==2358==    by 0x15805C: ??? (in /usr/bin/bash)
==2358==    by 0x15AECB: initialize_shell_variables (in /usr/bin/bash)
==2358==    by 0x138DC9: ??? (in /usr/bin/bash)
==2358==    by 0x137544: main (in /usr/bin/bash)
==2358== 
==2358== 13 bytes in 1 blocks are still reachable in loss record 107 of 304
==2358==    at 0x483B7F3: malloc (in /usr/lib/x86_64-linux-gnu/valgrind/vgpreload_memcheck-amd64-linux.so)
==2358==    by 0x1984F3: xmalloc (in /usr/bin/bash)
==2358==    by 0x157FED: ??? (in /usr/bin/bash)
==2358==    by 0x15805C: ??? (in /usr/bin/bash)
==2358==    by 0x15AECB: initialize_shell_variables (in /usr/bin/bash)
==2358==    by 0x138DC9: ??? (in /usr/bin/bash)
==2358==    by 0x137544: main (in /usr/bin/bash)
==2358== 
==2358== 13 bytes in 1 blocks are still reachable in loss record 108 of 304
==2358==    at 0x483B7F3: malloc (in /usr/lib/x86_64-linux-gnu/valgrind/vgpreload_memcheck-amd64-linux.so)
==2358==    by 0x1984F3: xmalloc (in /usr/bin/bash)
==2358==    by 0x1544D7: ??? (in /usr/bin/bash)
==2358==    by 0x157FCF: ??? (in /usr/bin/bash)
==2358==    by 0x15805C: ??? (in /usr/bin/bash)
==2358==    by 0x15B165: initialize_shell_variables (in /usr/bin/bash)
==2358==    by 0x138DC9: ??? (in /usr/bin/bash)
==2358==    by 0x137544: main (in /usr/bin/bash)
==2358== 
==2358== 13 bytes in 1 blocks are still reachable in loss record 109 of 304
==2358==    at 0x483B7F3: malloc (in /usr/lib/x86_64-linux-gnu/valgrind/vgpreload_memcheck-amd64-linux.so)
==2358==    by 0x1984F3: xmalloc (in /usr/bin/bash)
==2358==    by 0x157FED: ??? (in /usr/bin/bash)
==2358==    by 0x15805C: ??? (in /usr/bin/bash)
==2358==    by 0x15B165: initialize_shell_variables (in /usr/bin/bash)
==2358==    by 0x138DC9: ??? (in /usr/bin/bash)
==2358==    by 0x137544: main (in /usr/bin/bash)
==2358== 
==2358== 13 bytes in 1 blocks are still reachable in loss record 110 of 304
==2358==    at 0x483B7F3: malloc (in /usr/lib/x86_64-linux-gnu/valgrind/vgpreload_memcheck-amd64-linux.so)
==2358==    by 0x1984F3: xmalloc (in /usr/bin/bash)
==2358==    by 0x1544D7: ??? (in /usr/bin/bash)
==2358==    by 0x157FCF: ??? (in /usr/bin/bash)
==2358==    by 0x15805C: ??? (in /usr/bin/bash)
==2358==    by 0x15B228: initialize_shell_variables (in /usr/bin/bash)
==2358==    by 0x138DC9: ??? (in /usr/bin/bash)
==2358==    by 0x137544: main (in /usr/bin/bash)
==2358== 
==2358== 13 bytes in 1 blocks are still reachable in loss record 111 of 304
==2358==    at 0x483B7F3: malloc (in /usr/lib/x86_64-linux-gnu/valgrind/vgpreload_memcheck-amd64-linux.so)
==2358==    by 0x1984F3: xmalloc (in /usr/bin/bash)
==2358==    by 0x157FED: ??? (in /usr/bin/bash)
==2358==    by 0x15805C: ??? (in /usr/bin/bash)
==2358==    by 0x15B228: initialize_shell_variables (in /usr/bin/bash)
==2358==    by 0x138DC9: ??? (in /usr/bin/bash)
==2358==    by 0x137544: main (in /usr/bin/bash)
==2358== 
==2358== 13 bytes in 1 blocks are still reachable in loss record 112 of 304
==2358==    at 0x483B7F3: malloc (in /usr/lib/x86_64-linux-gnu/valgrind/vgpreload_memcheck-amd64-linux.so)
==2358==    by 0x1984F3: xmalloc (in /usr/bin/bash)
==2358==    by 0x1544D7: ??? (in /usr/bin/bash)
==2358==    by 0x157FCF: ??? (in /usr/bin/bash)
==2358==    by 0x158DE5: make_new_assoc_variable (in /usr/bin/bash)
==2358==    by 0x15B67B: initialize_shell_variables (in /usr/bin/bash)
==2358==    by 0x138DC9: ??? (in /usr/bin/bash)
==2358==    by 0x137544: main (in /usr/bin/bash)
==2358== 
==2358== 13 bytes in 1 blocks are still reachable in loss record 113 of 304
==2358==    at 0x483B7F3: malloc (in /usr/lib/x86_64-linux-gnu/valgrind/vgpreload_memcheck-amd64-linux.so)
==2358==    by 0x1984F3: xmalloc (in /usr/bin/bash)
==2358==    by 0x157FED: ??? (in /usr/bin/bash)
==2358==    by 0x158DE5: make_new_assoc_variable (in /usr/bin/bash)
==2358==    by 0x15B67B: initialize_shell_variables (in /usr/bin/bash)
==2358==    by 0x138DC9: ??? (in /usr/bin/bash)
==2358==    by 0x137544: main (in /usr/bin/bash)
==2358== 
==2358== 14 bytes in 1 blocks are still reachable in loss record 114 of 304
==2358==    at 0x483B7F3: malloc (in /usr/lib/x86_64-linux-gnu/valgrind/vgpreload_memcheck-amd64-linux.so)
==2358==    by 0x1984F3: xmalloc (in /usr/bin/bash)
==2358==    by 0x1544D7: ??? (in /usr/bin/bash)
==2358==    by 0x157FCF: ??? (in /usr/bin/bash)
==2358==    by 0x158D55: make_new_array_variable (in /usr/bin/bash)
==2358==    by 0x15AEE3: initialize_shell_variables (in /usr/bin/bash)
==2358==    by 0x138DC9: ??? (in /usr/bin/bash)
==2358==    by 0x137544: main (in /usr/bin/bash)
==2358== 
==2358== 14 bytes in 1 blocks are still reachable in loss record 115 of 304
==2358==    at 0x483B7F3: malloc (in /usr/lib/x86_64-linux-gnu/valgrind/vgpreload_memcheck-amd64-linux.so)
==2358==    by 0x1984F3: xmalloc (in /usr/bin/bash)
==2358==    by 0x157FED: ??? (in /usr/bin/bash)
==2358==    by 0x158D55: make_new_array_variable (in /usr/bin/bash)
==2358==    by 0x15AEE3: initialize_shell_variables (in /usr/bin/bash)
==2358==    by 0x138DC9: ??? (in /usr/bin/bash)
==2358==    by 0x137544: main (in /usr/bin/bash)
==2358== 
==2358== 14 bytes in 1 blocks are still reachable in loss record 116 of 304
==2358==    at 0x483B7F3: malloc (in /usr/lib/x86_64-linux-gnu/valgrind/vgpreload_memcheck-amd64-linux.so)
==2358==    by 0x1984F3: xmalloc (in /usr/bin/bash)
==2358==    by 0x1544D7: ??? (in /usr/bin/bash)
==2358==    by 0x157FCF: ??? (in /usr/bin/bash)
==2358==    by 0x15805C: ??? (in /usr/bin/bash)
==2358==    by 0x15B188: initialize_shell_variables (in /usr/bin/bash)
==2358==    by 0x138DC9: ??? (in /usr/bin/bash)
==2358==    by 0x137544: main (in /usr/bin/bash)
==2358== 
==2358== 14 bytes in 1 blocks are still reachable in loss record 117 of 304
==2358==    at 0x483B7F3: malloc (in /usr/lib/x86_64-linux-gnu/valgrind/vgpreload_memcheck-amd64-linux.so)
==2358==    by 0x1984F3: xmalloc (in /usr/bin/bash)
==2358==    by 0x157FED: ??? (in /usr/bin/bash)
==2358==    by 0x15805C: ??? (in /usr/bin/bash)
==2358==    by 0x15B188: initialize_shell_variables (in /usr/bin/bash)
==2358==    by 0x138DC9: ??? (in /usr/bin/bash)
==2358==    by 0x137544: main (in /usr/bin/bash)
==2358== 
==2358== 14 bytes in 1 blocks are still reachable in loss record 118 of 304
==2358==    at 0x483B7F3: malloc (in /usr/lib/x86_64-linux-gnu/valgrind/vgpreload_memcheck-amd64-linux.so)
==2358==    by 0x1984F3: xmalloc (in /usr/bin/bash)
==2358==    by 0x1544D7: ??? (in /usr/bin/bash)
==2358==    by 0x157FCF: ??? (in /usr/bin/bash)
==2358==    by 0x15805C: ??? (in /usr/bin/bash)
==2358==    by 0x15B24E: initialize_shell_variables (in /usr/bin/bash)
==2358==    by 0x138DC9: ??? (in /usr/bin/bash)
==2358==    by 0x137544: main (in /usr/bin/bash)
==2358== 
==2358== 14 bytes in 1 blocks are still reachable in loss record 119 of 304
==2358==    at 0x483B7F3: malloc (in /usr/lib/x86_64-linux-gnu/valgrind/vgpreload_memcheck-amd64-linux.so)
==2358==    by 0x1984F3: xmalloc (in /usr/bin/bash)
==2358==    by 0x157FED: ??? (in /usr/bin/bash)
==2358==    by 0x15805C: ??? (in /usr/bin/bash)
==2358==    by 0x15B24E: initialize_shell_variables (in /usr/bin/bash)
==2358==    by 0x138DC9: ??? (in /usr/bin/bash)
==2358==    by 0x137544: main (in /usr/bin/bash)
==2358== 
==2358== 16 bytes in 1 blocks are still reachable in loss record 120 of 304
==2358==    at 0x483B7F3: malloc (in /usr/lib/x86_64-linux-gnu/valgrind/vgpreload_memcheck-amd64-linux.so)
==2358==    by 0x1984F3: xmalloc (in /usr/bin/bash)
==2358==    by 0x14789D: tilde_initialize (in /usr/bin/bash)
==2358==    by 0x138DA5: ??? (in /usr/bin/bash)
==2358==    by 0x137544: main (in /usr/bin/bash)
==2358== 
==2358== 16 bytes in 1 blocks are still reachable in loss record 121 of 304
==2358==    at 0x483B7F3: malloc (in /usr/lib/x86_64-linux-gnu/valgrind/vgpreload_memcheck-amd64-linux.so)
==2358==    by 0x1984F3: xmalloc (in /usr/bin/bash)
==2358==    by 0x1478EE: tilde_initialize (in /usr/bin/bash)
==2358==    by 0x138DA5: ??? (in /usr/bin/bash)
==2358==    by 0x137544: main (in /usr/bin/bash)
==2358== 
==2358== 16 bytes in 1 blocks are still reachable in loss record 122 of 304
==2358==    at 0x483B7F3: malloc (in /usr/lib/x86_64-linux-gnu/valgrind/vgpreload_memcheck-amd64-linux.so)
==2358==    by 0x1984F3: xmalloc (in /usr/bin/bash)
==2358==    by 0x17B6F6: hash_create (in /usr/bin/bash)
==2358==    by 0x157F8A: ??? (in /usr/bin/bash)
==2358==    by 0x15AAAB: initialize_shell_variables (in /usr/bin/bash)
==2358==    by 0x138DC9: ??? (in /usr/bin/bash)
==2358==    by 0x137544: main (in /usr/bin/bash)
==2358== 
==2358== 16 bytes in 1 blocks are still reachable in loss record 123 of 304
==2358==    at 0x483B7F3: malloc (in /usr/lib/x86_64-linux-gnu/valgrind/vgpreload_memcheck-amd64-linux.so)
==2358==    by 0x1984F3: xmalloc (in /usr/bin/bash)
==2358==    by 0x17B6F6: hash_create (in /usr/bin/bash)
==2358==    by 0x157FA9: ??? (in /usr/bin/bash)
==2358==    by 0x15AAAB: initialize_shell_variables (in /usr/bin/bash)
==2358==    by 0x138DC9: ??? (in /usr/bin/bash)
==2358==    by 0x137544: main (in /usr/bin/bash)
==2358== 
==2358== 16 bytes in 1 blocks are still reachable in loss record 124 of 304
==2358==    at 0x483B7F3: malloc (in /usr/lib/x86_64-linux-gnu/valgrind/vgpreload_memcheck-amd64-linux.so)
==2358==    by 0x1984F3: xmalloc (in /usr/bin/bash)
==2358==    by 0x17B6F6: hash_create (in /usr/bin/bash)
==2358==    by 0x157F51: ??? (in /usr/bin/bash)
==2358==    by 0x15AAAB: initialize_shell_variables (in /usr/bin/bash)
==2358==    by 0x138DC9: ??? (in /usr/bin/bash)
==2358==    by 0x137544: main (in /usr/bin/bash)
==2358== 
==2358== 16 bytes in 1 blocks are still reachable in loss record 125 of 304
==2358==    at 0x483B7F3: malloc (in /usr/lib/x86_64-linux-gnu/valgrind/vgpreload_memcheck-amd64-linux.so)
==2358==    by 0x1984F3: xmalloc (in /usr/bin/bash)
==2358==    by 0x1544D7: ??? (in /usr/bin/bash)
==2358==    by 0x157FCF: ??? (in /usr/bin/bash)
==2358==    by 0x15805C: ??? (in /usr/bin/bash)
==2358==    by 0x15B2A2: initialize_shell_variables (in /usr/bin/bash)
==2358==    by 0x138DC9: ??? (in /usr/bin/bash)
==2358==    by 0x137544: main (in /usr/bin/bash)
==2358== 
==2358== 16 bytes in 1 blocks are still reachable in loss record 126 of 304
==2358==    at 0x483B7F3: malloc (in /usr/lib/x86_64-linux-gnu/valgrind/vgpreload_memcheck-amd64-linux.so)
==2358==    by 0x1984F3: xmalloc (in /usr/bin/bash)
==2358==    by 0x157FED: ??? (in /usr/bin/bash)
==2358==    by 0x15805C: ??? (in /usr/bin/bash)
==2358==    by 0x15B2A2: initialize_shell_variables (in /usr/bin/bash)
==2358==    by 0x138DC9: ??? (in /usr/bin/bash)
==2358==    by 0x137544: main (in /usr/bin/bash)
==2358== 
==2358== 16 bytes in 1 blocks are still reachable in loss record 127 of 304
==2358==    at 0x483B7F3: malloc (in /usr/lib/x86_64-linux-gnu/valgrind/vgpreload_memcheck-amd64-linux.so)
==2358==    by 0x1984F3: xmalloc (in /usr/bin/bash)
==2358==    by 0x17B6F6: hash_create (in /usr/bin/bash)
==2358==    by 0x158DEF: make_new_assoc_variable (in /usr/bin/bash)
==2358==    by 0x15B6A9: initialize_shell_variables (in /usr/bin/bash)
==2358==    by 0x138DC9: ??? (in /usr/bin/bash)
==2358==    by 0x137544: main (in /usr/bin/bash)
==2358== 
==2358== 16 bytes in 1 blocks are still reachable in loss record 128 of 304
==2358==    at 0x483B7F3: malloc (in /usr/lib/x86_64-linux-gnu/valgrind/vgpreload_memcheck-amd64-linux.so)
==2358==    by 0x1984F3: xmalloc (in /usr/bin/bash)
==2358==    by 0x17B6F6: hash_create (in /usr/bin/bash)
==2358==    by 0x158DEF: make_new_assoc_variable (in /usr/bin/bash)
==2358==    by 0x15B67B: initialize_shell_variables (in /usr/bin/bash)
==2358==    by 0x138DC9: ??? (in /usr/bin/bash)
==2358==    by 0x137544: main (in /usr/bin/bash)
==2358== 
==2358== 16 bytes in 1 blocks are still reachable in loss record 129 of 304
==2358==    at 0x483B7F3: malloc (in /usr/lib/x86_64-linux-gnu/valgrind/vgpreload_memcheck-amd64-linux.so)
==2358==    by 0x1984F3: xmalloc (in /usr/bin/bash)
==2358==    by 0x148045: alloc_word_desc (in /usr/bin/bash)
==2358==    by 0x141419: ??? (in /usr/bin/bash)
==2358==    by 0x142EC7: yyparse (in /usr/bin/bash)
==2358==    by 0x13929A: parse_command (in /usr/bin/bash)
==2358==    by 0x1393A6: read_command (in /usr/bin/bash)
==2358==    by 0x1395C9: reader_loop (in /usr/bin/bash)
==2358==    by 0x137EF8: main (in /usr/bin/bash)
==2358== 
==2358== 16 bytes in 1 blocks are still reachable in loss record 130 of 304
==2358==    at 0x483B7F3: malloc (in /usr/lib/x86_64-linux-gnu/valgrind/vgpreload_memcheck-amd64-linux.so)
==2358==    by 0x1984F3: xmalloc (in /usr/bin/bash)
==2358==    by 0x148045: alloc_word_desc (in /usr/bin/bash)
==2358==    by 0x140C67: ??? (in /usr/bin/bash)
==2358==    by 0x142EC7: yyparse (in /usr/bin/bash)
==2358==    by 0x13929A: parse_command (in /usr/bin/bash)
==2358==    by 0x1393A6: read_command (in /usr/bin/bash)
==2358==    by 0x1395C9: reader_loop (in /usr/bin/bash)
==2358==    by 0x137EF8: main (in /usr/bin/bash)
==2358== 
==2358== 16 bytes in 1 blocks are still reachable in loss record 131 of 304
==2358==    at 0x483B7F3: malloc (in /usr/lib/x86_64-linux-gnu/valgrind/vgpreload_memcheck-amd64-linux.so)
==2358==    by 0x1984F3: xmalloc (in /usr/bin/bash)
==2358==    by 0x1482D9: make_word_list (in /usr/bin/bash)
==2358==    by 0x148AB8: make_simple_command (in /usr/bin/bash)
==2358==    by 0x14353F: yyparse (in /usr/bin/bash)
==2358==    by 0x13929A: parse_command (in /usr/bin/bash)
==2358==    by 0x1393A6: read_command (in /usr/bin/bash)
==2358==    by 0x1395C9: reader_loop (in /usr/bin/bash)
==2358==    by 0x137EF8: main (in /usr/bin/bash)
==2358== 
==2358== 16 bytes in 1 blocks are still reachable in loss record 132 of 304
==2358==    at 0x483B7F3: malloc (in /usr/lib/x86_64-linux-gnu/valgrind/vgpreload_memcheck-amd64-linux.so)
==2358==    by 0x1984F3: xmalloc (in /usr/bin/bash)
==2358==    by 0x1482D9: make_word_list (in /usr/bin/bash)
==2358==    by 0x148AB8: make_simple_command (in /usr/bin/bash)
==2358==    by 0x143516: yyparse (in /usr/bin/bash)
==2358==    by 0x13929A: parse_command (in /usr/bin/bash)
==2358==    by 0x1393A6: read_command (in /usr/bin/bash)
==2358==    by 0x1395C9: reader_loop (in /usr/bin/bash)
==2358==    by 0x137EF8: main (in /usr/bin/bash)
==2358== 
==2358== 16 bytes in 1 blocks are still reachable in loss record 133 of 304
==2358==    at 0x483B7F3: malloc (in /usr/lib/x86_64-linux-gnu/valgrind/vgpreload_memcheck-amd64-linux.so)
==2358==    by 0x1984F3: xmalloc (in /usr/bin/bash)
==2358==    by 0x148045: alloc_word_desc (in /usr/bin/bash)
==2358==    by 0x148072: make_bare_word (in /usr/bin/bash)
==2358==    by 0x15C2F5: copy_word_list (in /usr/bin/bash)
==2358==    by 0x17A74F: ??? (in /usr/bin/bash)
==2358==    by 0x14FB29: execute_command_internal (in /usr/bin/bash)
==2358==    by 0x1519D9: execute_command (in /usr/bin/bash)
==2358==    by 0x139664: reader_loop (in /usr/bin/bash)
==2358==    by 0x137EF8: main (in /usr/bin/bash)
==2358== 
==2358== 16 bytes in 1 blocks are still reachable in loss record 134 of 304
==2358==    at 0x483B7F3: malloc (in /usr/lib/x86_64-linux-gnu/valgrind/vgpreload_memcheck-amd64-linux.so)
==2358==    by 0x1984F3: xmalloc (in /usr/bin/bash)
==2358==    by 0x1482D9: make_word_list (in /usr/bin/bash)
==2358==    by 0x15C305: copy_word_list (in /usr/bin/bash)
==2358==    by 0x17A74F: ??? (in /usr/bin/bash)
==2358==    by 0x14FB29: execute_command_internal (in /usr/bin/bash)
==2358==    by 0x1519D9: execute_command (in /usr/bin/bash)
==2358==    by 0x139664: reader_loop (in /usr/bin/bash)
==2358==    by 0x137EF8: main (in /usr/bin/bash)
==2358== 
==2358== 16 bytes in 1 blocks are still reachable in loss record 135 of 304
==2358==    at 0x483B7F3: malloc (in /usr/lib/x86_64-linux-gnu/valgrind/vgpreload_memcheck-amd64-linux.so)
==2358==    by 0x1984F3: xmalloc (in /usr/bin/bash)
==2358==    by 0x148045: alloc_word_desc (in /usr/bin/bash)
==2358==    by 0x148072: make_bare_word (in /usr/bin/bash)
==2358==    by 0x15C2C4: copy_word_list (in /usr/bin/bash)
==2358==    by 0x17A74F: ??? (in /usr/bin/bash)
==2358==    by 0x14FB29: execute_command_internal (in /usr/bin/bash)
==2358==    by 0x1519D9: execute_command (in /usr/bin/bash)
==2358==    by 0x139664: reader_loop (in /usr/bin/bash)
==2358==    by 0x137EF8: main (in /usr/bin/bash)
==2358== 
==2358== 16 bytes in 1 blocks are still reachable in loss record 136 of 304
==2358==    at 0x483B7F3: malloc (in /usr/lib/x86_64-linux-gnu/valgrind/vgpreload_memcheck-amd64-linux.so)
==2358==    by 0x1984F3: xmalloc (in /usr/bin/bash)
==2358==    by 0x1482D9: make_word_list (in /usr/bin/bash)
==2358==    by 0x15C2D4: copy_word_list (in /usr/bin/bash)
==2358==    by 0x17A74F: ??? (in /usr/bin/bash)
==2358==    by 0x14FB29: execute_command_internal (in /usr/bin/bash)
==2358==    by 0x1519D9: execute_command (in /usr/bin/bash)
==2358==    by 0x139664: reader_loop (in /usr/bin/bash)
==2358==    by 0x137EF8: main (in /usr/bin/bash)
==2358== 
==2358== 16 bytes in 1 blocks are still reachable in loss record 137 of 304
==2358==    at 0x483B7F3: malloc (in /usr/lib/x86_64-linux-gnu/valgrind/vgpreload_memcheck-amd64-linux.so)
==2358==    by 0x1984F3: xmalloc (in /usr/bin/bash)
==2358==    by 0x148045: alloc_word_desc (in /usr/bin/bash)
==2358==    by 0x176AFB: ??? (in /usr/bin/bash)
==2358==    by 0x17A90E: ??? (in /usr/bin/bash)
==2358==    by 0x14FB29: execute_command_internal (in /usr/bin/bash)
==2358==    by 0x1519D9: execute_command (in /usr/bin/bash)
==2358==    by 0x139664: reader_loop (in /usr/bin/bash)
==2358==    by 0x137EF8: main (in /usr/bin/bash)
==2358== 
==2358== 16 bytes in 1 blocks are still reachable in loss record 138 of 304
==2358==    at 0x483B7F3: malloc (in /usr/lib/x86_64-linux-gnu/valgrind/vgpreload_memcheck-amd64-linux.so)
==2358==    by 0x1984F3: xmalloc (in /usr/bin/bash)
==2358==    by 0x1482D9: make_word_list (in /usr/bin/bash)
==2358==    by 0x176BD0: ??? (in /usr/bin/bash)
==2358==    by 0x17A90E: ??? (in /usr/bin/bash)
==2358==    by 0x14FB29: execute_command_internal (in /usr/bin/bash)
==2358==    by 0x1519D9: execute_command (in /usr/bin/bash)
==2358==    by 0x139664: reader_loop (in /usr/bin/bash)
==2358==    by 0x137EF8: main (in /usr/bin/bash)
==2358== 
==2358== 16 bytes in 1 blocks are still reachable in loss record 139 of 304
==2358==    at 0x483B7F3: malloc (in /usr/lib/x86_64-linux-gnu/valgrind/vgpreload_memcheck-amd64-linux.so)
==2358==    by 0x1984F3: xmalloc (in /usr/bin/bash)
==2358==    by 0x148045: alloc_word_desc (in /usr/bin/bash)
==2358==    by 0x1773AC: ??? (in /usr/bin/bash)
==2358==    by 0x17A90E: ??? (in /usr/bin/bash)
==2358==    by 0x14FB29: execute_command_internal (in /usr/bin/bash)
==2358==    by 0x1519D9: execute_command (in /usr/bin/bash)
==2358==    by 0x139664: reader_loop (in /usr/bin/bash)
==2358==    by 0x137EF8: main (in /usr/bin/bash)
==2358== 
==2358== 16 bytes in 1 blocks are still reachable in loss record 140 of 304
==2358==    at 0x483B7F3: malloc (in /usr/lib/x86_64-linux-gnu/valgrind/vgpreload_memcheck-amd64-linux.so)
==2358==    by 0x1984F3: xmalloc (in /usr/bin/bash)
==2358==    by 0x148045: alloc_word_desc (in /usr/bin/bash)
==2358==    by 0x176AFB: ??? (in /usr/bin/bash)
==2358==    by 0x17742D: ??? (in /usr/bin/bash)
==2358==    by 0x17A90E: ??? (in /usr/bin/bash)
==2358==    by 0x14FB29: execute_command_internal (in /usr/bin/bash)
==2358==    by 0x1519D9: execute_command (in /usr/bin/bash)
==2358==    by 0x139664: reader_loop (in /usr/bin/bash)
==2358==    by 0x137EF8: main (in /usr/bin/bash)
==2358== 
==2358== 16 bytes in 1 blocks are still reachable in loss record 141 of 304
==2358==    at 0x483B7F3: malloc (in /usr/lib/x86_64-linux-gnu/valgrind/vgpreload_memcheck-amd64-linux.so)
==2358==    by 0x1984F3: xmalloc (in /usr/bin/bash)
==2358==    by 0x1482D9: make_word_list (in /usr/bin/bash)
==2358==    by 0x176BD0: ??? (in /usr/bin/bash)
==2358==    by 0x17742D: ??? (in /usr/bin/bash)
==2358==    by 0x17A90E: ??? (in /usr/bin/bash)
==2358==    by 0x14FB29: execute_command_internal (in /usr/bin/bash)
==2358==    by 0x1519D9: execute_command (in /usr/bin/bash)
==2358==    by 0x139664: reader_loop (in /usr/bin/bash)
==2358==    by 0x137EF8: main (in /usr/bin/bash)
==2358== 
==2358== 16 bytes in 1 blocks are still reachable in loss record 142 of 304
==2358==    at 0x483B7F3: malloc (in /usr/lib/x86_64-linux-gnu/valgrind/vgpreload_memcheck-amd64-linux.so)
==2358==    by 0x1984F3: xmalloc (in /usr/bin/bash)
==2358==    by 0x1482D9: make_word_list (in /usr/bin/bash)
==2358==    by 0x16F007: list_string (in /usr/bin/bash)
==2358==    by 0x1719CE: ??? (in /usr/bin/bash)
==2358==    by 0x17ABAC: ??? (in /usr/bin/bash)
==2358==    by 0x14FB29: execute_command_internal (in /usr/bin/bash)
==2358==    by 0x1519D9: execute_command (in /usr/bin/bash)
==2358==    by 0x139664: reader_loop (in /usr/bin/bash)
==2358==    by 0x137EF8: main (in /usr/bin/bash)
==2358== 
==2358== 17 bytes in 1 blocks are still reachable in loss record 143 of 304
==2358==    at 0x483DFAF: realloc (in /usr/lib/x86_64-linux-gnu/valgrind/vgpreload_memcheck-amd64-linux.so)
==2358==    by 0x4994297: getcwd (getcwd.c:84)
==2358==    by 0x19ADCC: get_working_directory (in /usr/bin/bash)
==2358==    by 0x15942E: set_pwd (in /usr/bin/bash)
==2358==    by 0x15AAEE: initialize_shell_variables (in /usr/bin/bash)
==2358==    by 0x138DC9: ??? (in /usr/bin/bash)
==2358==    by 0x137544: main (in /usr/bin/bash)
==2358== 
==2358== 17 bytes in 1 blocks are still reachable in loss record 144 of 304
==2358==    at 0x483B7F3: malloc (in /usr/lib/x86_64-linux-gnu/valgrind/vgpreload_memcheck-amd64-linux.so)
==2358==    by 0x1984F3: xmalloc (in /usr/bin/bash)
==2358==    by 0x156DA1: make_variable_value (in /usr/bin/bash)
==2358==    by 0x15806D: ??? (in /usr/bin/bash)
==2358==    by 0x159447: set_pwd (in /usr/bin/bash)
==2358==    by 0x15AAEE: initialize_shell_variables (in /usr/bin/bash)
==2358==    by 0x138DC9: ??? (in /usr/bin/bash)
==2358==    by 0x137544: main (in /usr/bin/bash)
==2358== 
==2358== 18 bytes in 1 blocks are still reachable in loss record 145 of 304
==2358==    at 0x483B7F3: malloc (in /usr/lib/x86_64-linux-gnu/valgrind/vgpreload_memcheck-amd64-linux.so)
==2358==    by 0x1984F3: xmalloc (in /usr/bin/bash)
==2358==    by 0x156DA1: make_variable_value (in /usr/bin/bash)
==2358==    by 0x15806D: ??? (in /usr/bin/bash)
==2358==    by 0x15AECB: initialize_shell_variables (in /usr/bin/bash)
==2358==    by 0x138DC9: ??? (in /usr/bin/bash)
==2358==    by 0x137544: main (in /usr/bin/bash)
==2358== 
==2358== 20 bytes in 1 blocks are still reachable in loss record 146 of 304
==2358==    at 0x483B7F3: malloc (in /usr/lib/x86_64-linux-gnu/valgrind/vgpreload_memcheck-amd64-linux.so)
==2358==    by 0x1984F3: xmalloc (in /usr/bin/bash)
==2358==    by 0x156DA1: make_variable_value (in /usr/bin/bash)
==2358==    by 0x15806D: ??? (in /usr/bin/bash)
==2358==    by 0x15ABBB: initialize_shell_variables (in /usr/bin/bash)
==2358==    by 0x138DC9: ??? (in /usr/bin/bash)
==2358==    by 0x137544: main (in /usr/bin/bash)
==2358== 
==2358== 20 bytes in 1 blocks are still reachable in loss record 147 of 304
==2358==    at 0x483B7F3: malloc (in /usr/lib/x86_64-linux-gnu/valgrind/vgpreload_memcheck-amd64-linux.so)
==2358==    by 0x1984F3: xmalloc (in /usr/bin/bash)
==2358==    by 0x183473: array_create_element (in /usr/bin/bash)
==2358==    by 0x183987: array_insert (in /usr/bin/bash)
==2358==    by 0x15AFA9: initialize_shell_variables (in /usr/bin/bash)
==2358==    by 0x138DC9: ??? (in /usr/bin/bash)
==2358==    by 0x137544: main (in /usr/bin/bash)
==2358== 
==2358== 24 bytes in 1 blocks are still reachable in loss record 148 of 304
==2358==    at 0x483B7F3: malloc (in /usr/lib/x86_64-linux-gnu/valgrind/vgpreload_memcheck-amd64-linux.so)
==2358==    by 0x1984F3: xmalloc (in /usr/bin/bash)
==2358==    by 0x14787D: tilde_initialize (in /usr/bin/bash)
==2358==    by 0x138DA5: ??? (in /usr/bin/bash)
==2358==    by 0x137544: main (in /usr/bin/bash)
==2358== 
==2358== 24 bytes in 1 blocks are still reachable in loss record 149 of 304
==2358==    at 0x483B7F3: malloc (in /usr/lib/x86_64-linux-gnu/valgrind/vgpreload_memcheck-amd64-linux.so)
==2358==    by 0x1984F3: xmalloc (in /usr/bin/bash)
==2358==    by 0x1478CE: tilde_initialize (in /usr/bin/bash)
==2358==    by 0x138DA5: ??? (in /usr/bin/bash)
==2358==    by 0x137544: main (in /usr/bin/bash)
==2358== 
==2358== 29 bytes in 2 blocks are still reachable in loss record 150 of 304
==2358==    at 0x483B7F3: malloc (in /usr/lib/x86_64-linux-gnu/valgrind/vgpreload_memcheck-amd64-linux.so)
==2358==    by 0x1984F3: xmalloc (in /usr/bin/bash)
==2358==    by 0x1556F3: ??? (in /usr/bin/bash)
==2358==    by 0x159B3E: ??? (in /usr/bin/bash)
==2358==    by 0x191D94: ??? (in /usr/bin/bash)
==2358==    by 0x192108: set_locale_var (in /usr/bin/bash)
==2358==    by 0x192302: set_default_lang (in /usr/bin/bash)
==2358==    by 0x137549: main (in /usr/bin/bash)
==2358== 
==2358== 29 bytes in 2 blocks are still reachable in loss record 151 of 304
==2358==    at 0x483B7F3: malloc (in /usr/lib/x86_64-linux-gnu/valgrind/vgpreload_memcheck-amd64-linux.so)
==2358==    by 0x1984F3: xmalloc (in /usr/bin/bash)
==2358==    by 0x1555B6: ??? (in /usr/bin/bash)
==2358==    by 0x159B3E: ??? (in /usr/bin/bash)
==2358==    by 0x191D94: ??? (in /usr/bin/bash)
==2358==    by 0x192108: set_locale_var (in /usr/bin/bash)
==2358==    by 0x192302: set_default_lang (in /usr/bin/bash)
==2358==    by 0x137549: main (in /usr/bin/bash)
==2358== 
==2358== 31 bytes in 1 blocks are still reachable in loss record 152 of 304
==2358==    at 0x483B7F3: malloc (in /usr/lib/x86_64-linux-gnu/valgrind/vgpreload_memcheck-amd64-linux.so)
==2358==    by 0x1984F3: xmalloc (in /usr/bin/bash)
==2358==    by 0x13816C: main (in /usr/bin/bash)
==2358== 
==2358== 31 bytes in 1 blocks are still reachable in loss record 153 of 304
==2358==    at 0x483B7F3: malloc (in /usr/lib/x86_64-linux-gnu/valgrind/vgpreload_memcheck-amd64-linux.so)
==2358==    by 0x1984F3: xmalloc (in /usr/bin/bash)
==2358==    by 0x183473: array_create_element (in /usr/bin/bash)
==2358==    by 0x18367F: ??? (in /usr/bin/bash)
==2358==    by 0x137C8C: main (in /usr/bin/bash)
==2358== 
==2358== 31 bytes in 1 blocks are still reachable in loss record 154 of 304
==2358==    at 0x483B7F3: malloc (in /usr/lib/x86_64-linux-gnu/valgrind/vgpreload_memcheck-amd64-linux.so)
==2358==    by 0x1984F3: xmalloc (in /usr/bin/bash)
==2358==    by 0x13A626: init_yy_io (in /usr/bin/bash)
==2358==    by 0x137DC4: main (in /usr/bin/bash)
==2358== 
==2358== 32 bytes in 1 blocks are still reachable in loss record 155 of 304
==2358==    at 0x483B7F3: malloc (in /usr/lib/x86_64-linux-gnu/valgrind/vgpreload_memcheck-amd64-linux.so)
==2358==    by 0x1984F3: xmalloc (in /usr/bin/bash)
==2358==    by 0x17BBFB: hash_insert (in /usr/bin/bash)
==2358==    by 0x158008: ??? (in /usr/bin/bash)
==2358==    by 0x15805C: ??? (in /usr/bin/bash)
==2358==    by 0x159447: set_pwd (in /usr/bin/bash)
==2358==    by 0x15AAEE: initialize_shell_variables (in /usr/bin/bash)
==2358==    by 0x138DC9: ??? (in /usr/bin/bash)
==2358==    by 0x137544: main (in /usr/bin/bash)
==2358== 
==2358== 32 bytes in 1 blocks are still reachable in loss record 156 of 304
==2358==    at 0x483B7F3: malloc (in /usr/lib/x86_64-linux-gnu/valgrind/vgpreload_memcheck-amd64-linux.so)
==2358==    by 0x1984F3: xmalloc (in /usr/bin/bash)
==2358==    by 0x17BBFB: hash_insert (in /usr/bin/bash)
==2358==    by 0x158008: ??? (in /usr/bin/bash)
==2358==    by 0x15805C: ??? (in /usr/bin/bash)
==2358==    by 0x159490: set_pwd (in /usr/bin/bash)
==2358==    by 0x15AAEE: initialize_shell_variables (in /usr/bin/bash)
==2358==    by 0x138DC9: ??? (in /usr/bin/bash)
==2358==    by 0x137544: main (in /usr/bin/bash)
==2358== 
==2358== 32 bytes in 1 blocks are still reachable in loss record 157 of 304
==2358==    at 0x483B7F3: malloc (in /usr/lib/x86_64-linux-gnu/valgrind/vgpreload_memcheck-amd64-linux.so)
==2358==    by 0x1984F3: xmalloc (in /usr/bin/bash)
==2358==    by 0x17BBFB: hash_insert (in /usr/bin/bash)
==2358==    by 0x158008: ??? (in /usr/bin/bash)
==2358==    by 0x15805C: ??? (in /usr/bin/bash)
==2358==    by 0x15AB01: initialize_shell_variables (in /usr/bin/bash)
==2358==    by 0x138DC9: ??? (in /usr/bin/bash)
==2358==    by 0x137544: main (in /usr/bin/bash)
==2358== 
==2358== 32 bytes in 1 blocks are still reachable in loss record 158 of 304
==2358==    at 0x483B7F3: malloc (in /usr/lib/x86_64-linux-gnu/valgrind/vgpreload_memcheck-amd64-linux.so)
==2358==    by 0x1984F3: xmalloc (in /usr/bin/bash)
==2358==    by 0x17BBFB: hash_insert (in /usr/bin/bash)
==2358==    by 0x158008: ??? (in /usr/bin/bash)
==2358==    by 0x15805C: ??? (in /usr/bin/bash)
==2358==    by 0x15AB1F: initialize_shell_variables (in /usr/bin/bash)
==2358==    by 0x138DC9: ??? (in /usr/bin/bash)
==2358==    by 0x137544: main (in /usr/bin/bash)
==2358== 
==2358== 32 bytes in 1 blocks are still reachable in loss record 159 of 304
==2358==    at 0x483B7F3: malloc (in /usr/lib/x86_64-linux-gnu/valgrind/vgpreload_memcheck-amd64-linux.so)
==2358==    by 0x1984F3: xmalloc (in /usr/bin/bash)
==2358==    by 0x17BBFB: hash_insert (in /usr/bin/bash)
==2358==    by 0x158008: ??? (in /usr/bin/bash)
==2358==    by 0x15805C: ??? (in /usr/bin/bash)
==2358==    by 0x15AB32: initialize_shell_variables (in /usr/bin/bash)
==2358==    by 0x138DC9: ??? (in /usr/bin/bash)
==2358==    by 0x137544: main (in /usr/bin/bash)
==2358== 
==2358== 32 bytes in 1 blocks are still reachable in loss record 160 of 304
==2358==    at 0x483B7F3: malloc (in /usr/lib/x86_64-linux-gnu/valgrind/vgpreload_memcheck-amd64-linux.so)
==2358==    by 0x1984F3: xmalloc (in /usr/bin/bash)
==2358==    by 0x17BBFB: hash_insert (in /usr/bin/bash)
==2358==    by 0x158008: ??? (in /usr/bin/bash)
==2358==    by 0x15805C: ??? (in /usr/bin/bash)
==2358==    by 0x15AB65: initialize_shell_variables (in /usr/bin/bash)
==2358==    by 0x138DC9: ??? (in /usr/bin/bash)
==2358==    by 0x137544: main (in /usr/bin/bash)
==2358== 
==2358== 32 bytes in 1 blocks are still reachable in loss record 161 of 304
==2358==    at 0x483B7F3: malloc (in /usr/lib/x86_64-linux-gnu/valgrind/vgpreload_memcheck-amd64-linux.so)
==2358==    by 0x1984F3: xmalloc (in /usr/bin/bash)
==2358==    by 0x17BBFB: hash_insert (in /usr/bin/bash)
==2358==    by 0x158008: ??? (in /usr/bin/bash)
==2358==    by 0x15805C: ??? (in /usr/bin/bash)
==2358==    by 0x15AB7A: initialize_shell_variables (in /usr/bin/bash)
==2358==    by 0x138DC9: ??? (in /usr/bin/bash)
==2358==    by 0x137544: main (in /usr/bin/bash)
==2358== 
==2358== 32 bytes in 1 blocks are still reachable in loss record 162 of 304
==2358==    at 0x483B7F3: malloc (in /usr/lib/x86_64-linux-gnu/valgrind/vgpreload_memcheck-amd64-linux.so)
==2358==    by 0x1984F3: xmalloc (in /usr/bin/bash)
==2358==    by 0x17BBFB: hash_insert (in /usr/bin/bash)
==2358==    by 0x158008: ??? (in /usr/bin/bash)
==2358==    by 0x15805C: ??? (in /usr/bin/bash)
==2358==    by 0x15AB95: initialize_shell_variables (in /usr/bin/bash)
==2358==    by 0x138DC9: ??? (in /usr/bin/bash)
==2358==    by 0x137544: main (in /usr/bin/bash)
==2358== 
==2358== 32 bytes in 1 blocks are still reachable in loss record 163 of 304
==2358==    at 0x483B7F3: malloc (in /usr/lib/x86_64-linux-gnu/valgrind/vgpreload_memcheck-amd64-linux.so)
==2358==    by 0x1984F3: xmalloc (in /usr/bin/bash)
==2358==    by 0x17BBFB: hash_insert (in /usr/bin/bash)
==2358==    by 0x158008: ??? (in /usr/bin/bash)
==2358==    by 0x15805C: ??? (in /usr/bin/bash)
==2358==    by 0x15ABA8: initialize_shell_variables (in /usr/bin/bash)
==2358==    by 0x138DC9: ??? (in /usr/bin/bash)
==2358==    by 0x137544: main (in /usr/bin/bash)
==2358== 
==2358== 32 bytes in 1 blocks are still reachable in loss record 164 of 304
==2358==    at 0x483B7F3: malloc (in /usr/lib/x86_64-linux-gnu/valgrind/vgpreload_memcheck-amd64-linux.so)
==2358==    by 0x1984F3: xmalloc (in /usr/bin/bash)
==2358==    by 0x17BBFB: hash_insert (in /usr/bin/bash)
==2358==    by 0x158008: ??? (in /usr/bin/bash)
==2358==    by 0x15805C: ??? (in /usr/bin/bash)
==2358==    by 0x15ABBB: initialize_shell_variables (in /usr/bin/bash)
==2358==    by 0x138DC9: ??? (in /usr/bin/bash)
==2358==    by 0x137544: main (in /usr/bin/bash)
==2358== 
==2358== 32 bytes in 1 blocks are still reachable in loss record 165 of 304
==2358==    at 0x483B7F3: malloc (in /usr/lib/x86_64-linux-gnu/valgrind/vgpreload_memcheck-amd64-linux.so)
==2358==    by 0x1984F3: xmalloc (in /usr/bin/bash)
==2358==    by 0x17BBFB: hash_insert (in /usr/bin/bash)
==2358==    by 0x158008: ??? (in /usr/bin/bash)
==2358==    by 0x15805C: ??? (in /usr/bin/bash)
==2358==    by 0x15ABCE: initialize_shell_variables (in /usr/bin/bash)
==2358==    by 0x138DC9: ??? (in /usr/bin/bash)
==2358==    by 0x137544: main (in /usr/bin/bash)
==2358== 
==2358== 32 bytes in 1 blocks are still reachable in loss record 166 of 304
==2358==    at 0x483B7F3: malloc (in /usr/lib/x86_64-linux-gnu/valgrind/vgpreload_memcheck-amd64-linux.so)
==2358==    by 0x1984F3: xmalloc (in /usr/bin/bash)
==2358==    by 0x17BBFB: hash_insert (in /usr/bin/bash)
==2358==    by 0x158008: ??? (in /usr/bin/bash)
==2358==    by 0x15805C: ??? (in /usr/bin/bash)
==2358==    by 0x15929E: adjust_shell_level (in /usr/bin/bash)
==2358==    by 0x15AC10: initialize_shell_variables (in /usr/bin/bash)
==2358==    by 0x138DC9: ??? (in /usr/bin/bash)
==2358==    by 0x137544: main (in /usr/bin/bash)
==2358== 
==2358== 32 bytes in 1 blocks are still reachable in loss record 167 of 304
==2358==    at 0x483B7F3: malloc (in /usr/lib/x86_64-linux-gnu/valgrind/vgpreload_memcheck-amd64-linux.so)
==2358==    by 0x1984F3: xmalloc (in /usr/bin/bash)
==2358==    by 0x17BBFB: hash_insert (in /usr/bin/bash)
==2358==    by 0x158008: ??? (in /usr/bin/bash)
==2358==    by 0x15805C: ??? (in /usr/bin/bash)
==2358==    by 0x159628: set_ppid (in /usr/bin/bash)
==2358==    by 0x15AC15: initialize_shell_variables (in /usr/bin/bash)
==2358==    by 0x138DC9: ??? (in /usr/bin/bash)
==2358==    by 0x137544: main (in /usr/bin/bash)
==2358== 
==2358== 32 bytes in 1 blocks are still reachable in loss record 168 of 304
==2358==    at 0x483B7F3: malloc (in /usr/lib/x86_64-linux-gnu/valgrind/vgpreload_memcheck-amd64-linux.so)
==2358==    by 0x1984F3: xmalloc (in /usr/bin/bash)
==2358==    by 0x17BBFB: hash_insert (in /usr/bin/bash)
==2358==    by 0x158008: ??? (in /usr/bin/bash)
==2358==    by 0x15805C: ??? (in /usr/bin/bash)
==2358==    by 0x15AC2A: initialize_shell_variables (in /usr/bin/bash)
==2358==    by 0x138DC9: ??? (in /usr/bin/bash)
==2358==    by 0x137544: main (in /usr/bin/bash)
==2358== 
==2358== 32 bytes in 1 blocks are still reachable in loss record 169 of 304
==2358==    at 0x483B7F3: malloc (in /usr/lib/x86_64-linux-gnu/valgrind/vgpreload_memcheck-amd64-linux.so)
==2358==    by 0x1984F3: xmalloc (in /usr/bin/bash)
==2358==    by 0x17BBFB: hash_insert (in /usr/bin/bash)
==2358==    by 0x158008: ??? (in /usr/bin/bash)
==2358==    by 0x15805C: ??? (in /usr/bin/bash)
==2358==    by 0x15AC4A: initialize_shell_variables (in /usr/bin/bash)
<<<<<<<<<<<<<<<<<<<<<<<<<<<<<<<<<<==2358==    by 0x138DC9: ??? (in /usr/bin/bash)
==2358==    by 0x137544: main (in /usr/bin/bash)
127.0.0.1==2358== 
==2358== 32 bytes in 1 blocks are still reachable in loss record 170 of 304
==2358==    at 0x483B7F3: malloc (in /usr/lib/x86_64-linux-gnu/valgrind/vgpreload_memcheck-amd64-linux.so)
==2358==    by 0x1984F3: xmalloc (in /usr/bin/bash)
==2358==    by 0x17BBFB: hash_insert (in /usr/bin/bash)
==2358==    by 0x158008: ??? (in /usr/bin/bash)
==2358==    by 0x15805C: ??? (in /usr/bin/bash)
==2358==    by 0x15AE90: initialize_shell_variables (in /usr/bin/bash)
==2358==    by 0x138DC9: ??? (in /usr/bin/bash)
==2358==    by 0x137544: main (in /usr/bin/bash)
==2358== 
==2358== 32 bytes in 1 blocks are still reachable in loss record 171 of 304
==2358==    at 0x483B7F3: malloc (in /usr/lib/x86_64-linux-gnu/valgrind/vgpreload_memcheck-amd64-linux.so)
==2358==    by 0x1984F3: xmalloc (in /usr/bin/bash)
==2358==    by 0x17BBFB: hash_insert (in /usr/bin/bash)
==2358==    by 0x158008: ??? (in /usr/bin/bash)
==2358==    by 0x15805C: ??? (in /usr/bin/bash)
==2358==    by 0x15B635: initialize_shell_variables (in /usr/bin/bash)
==2358==    by 0x138DC9: ??? (in /usr/bin/bash)
==2358==    by 0x137544: main (in /usr/bin/bash)
==2358== 
==2358== 32 bytes in 1 blocks are still reachable in loss record 172 of 304
==2358==    at 0x483B7F3: malloc (in /usr/lib/x86_64-linux-gnu/valgrind/vgpreload_memcheck-amd64-linux.so)
==2358==    by 0x1984F3: xmalloc (in /usr/bin/bash)
==2358==    by 0x17BBFB: hash_insert (in /usr/bin/bash)
==2358==    by 0x158008: ??? (in /usr/bin/bash)
==2358==    by 0x15805C: ??? (in /usr/bin/bash)
==2358==    by 0x15AECB: initialize_shell_variables (in /usr/bin/bash)
==2358==    by 0x138DC9: ??? (in /usr/bin/bash)
==2358==    by 0x137544: main (in /usr/bin/bash)
==2358== 
==2358== 32 bytes in 1 blocks are still reachable in loss record 173 of 304
==2358==    at 0x483B7F3: malloc (in /usr/lib/x86_64-linux-gnu/valgrind/vgpreload_memcheck-amd64-linux.so)
==2358==    by 0x1984F3: xmalloc (in /usr/bin/bash)
==2358==    by 0x17BBFB: hash_insert (in /usr/bin/bash)
==2358==    by 0x158008: ??? (in /usr/bin/bash)
==2358==    by 0x158D55: make_new_array_variable (in /usr/bin/bash)
==2358==    by 0x15AEE3: initialize_shell_variables (in /usr/bin/bash)
==2358==    by 0x138DC9: ??? (in /usr/bin/bash)
==2358==    by 0x137544: main (in /usr/bin/bash)
==2358== 
==2358== 32 bytes in 1 blocks are still reachable in loss record 174 of 304
==2358==    at 0x483B7F3: malloc (in /usr/lib/x86_64-linux-gnu/valgrind/vgpreload_memcheck-amd64-linux.so)
==2358==    by 0x1984F3: xmalloc (in /usr/bin/bash)
==2358==    by 0x183457: array_create_element (in /usr/bin/bash)
==2358==    by 0x1834ED: array_create (in /usr/bin/bash)
==2358==    by 0x158D5D: make_new_array_variable (in /usr/bin/bash)
==2358==    by 0x15AEE3: initialize_shell_variables (in /usr/bin/bash)
==2358==    by 0x138DC9: ??? (in /usr/bin/bash)
==2358==    by 0x137544: main (in /usr/bin/bash)
==2358== 
==2358== 32 bytes in 1 blocks are still reachable in loss record 175 of 304
==2358==    at 0x483B7F3: malloc (in /usr/lib/x86_64-linux-gnu/valgrind/vgpreload_memcheck-amd64-linux.so)
==2358==    by 0x1984F3: xmalloc (in /usr/bin/bash)
==2358==    by 0x183457: array_create_element (in /usr/bin/bash)
==2358==    by 0x183987: array_insert (in /usr/bin/bash)
==2358==    by 0x15AF24: initialize_shell_variables (in /usr/bin/bash)
==2358==    by 0x138DC9: ??? (in /usr/bin/bash)
==2358==    by 0x137544: main (in /usr/bin/bash)
==2358== 
==2358== 32 bytes in 1 blocks are still reachable in loss record 176 of 304
==2358==    at 0x483B7F3: malloc (in /usr/lib/x86_64-linux-gnu/valgrind/vgpreload_memcheck-amd64-linux.so)
==2358==    by 0x1984F3: xmalloc (in /usr/bin/bash)
==2358==    by 0x183457: array_create_element (in /usr/bin/bash)
==2358==    by 0x183987: array_insert (in /usr/bin/bash)
==2358==    by 0x15AF34: initialize_shell_variables (in /usr/bin/bash)
==2358==    by 0x138DC9: ??? (in /usr/bin/bash)
==2358==    by 0x137544: main (in /usr/bin/bash)
==2358== 
==2358== 32 bytes in 1 blocks are still reachable in loss record 177 of 304
==2358==    at 0x483B7F3: malloc (in /usr/lib/x86_64-linux-gnu/valgrind/vgpreload_memcheck-amd64-linux.so)
==2358==    by 0x1984F3: xmalloc (in /usr/bin/bash)
==2358==    by 0x183457: array_create_element (in /usr/bin/bash)
==2358==    by 0x183987: array_insert (in /usr/bin/bash)
==2358==    by 0x15AF5D: initialize_shell_variables (in /usr/bin/bash)
==2358==    by 0x138DC9: ??? (in /usr/bin/bash)
==2358==    by 0x137544: main (in /usr/bin/bash)
==2358== 
==2358== 32 bytes in 1 blocks are still reachable in loss record 178 of 304
==2358==    at 0x483B7F3: malloc (in /usr/lib/x86_64-linux-gnu/valgrind/vgpreload_memcheck-amd64-linux.so)
==2358==    by 0x1984F3: xmalloc (in /usr/bin/bash)
==2358==    by 0x183457: array_create_element (in /usr/bin/bash)
==2358==    by 0x183987: array_insert (in /usr/bin/bash)
==2358==    by 0x15AF81: initialize_shell_variables (in /usr/bin/bash)
==2358==    by 0x138DC9: ??? (in /usr/bin/bash)
==2358==    by 0x137544: main (in /usr/bin/bash)
==2358== 
==2358== 32 bytes in 1 blocks are still reachable in loss record 179 of 304
==2358==    at 0x483B7F3: malloc (in /usr/lib/x86_64-linux-gnu/valgrind/vgpreload_memcheck-amd64-linux.so)
==2358==    by 0x1984F3: xmalloc (in /usr/bin/bash)
==2358==    by 0x183457: array_create_element (in /usr/bin/bash)
==2358==    by 0x183987: array_insert (in /usr/bin/bash)
==2358==    by 0x15AF95: initialize_shell_variables (in /usr/bin/bash)
==2358==    by 0x138DC9: ??? (in /usr/bin/bash)
==2358==    by 0x137544: main (in /usr/bin/bash)
==2358== 
==2358== 32 bytes in 1 blocks are still reachable in loss record 180 of 304
==2358==    at 0x483B7F3: malloc (in /usr/lib/x86_64-linux-gnu/valgrind/vgpreload_memcheck-amd64-linux.so)
==2358==    by 0x1984F3: xmalloc (in /usr/bin/bash)
==2358==    by 0x183457: array_create_element (in /usr/bin/bash)
==2358==    by 0x183987: array_insert (in /usr/bin/bash)
==2358==    by 0x15AFA9: initialize_shell_variables (in /usr/bin/bash)
==2358==    by 0x138DC9: ??? (in /usr/bin/bash)
==2358==    by 0x137544: main (in /usr/bin/bash)
==2358== 
==2358== 32 bytes in 1 blocks are still reachable in loss record 181 of 304
==2358==    at 0x483B7F3: malloc (in /usr/lib/x86_64-linux-gnu/valgrind/vgpreload_memcheck-amd64-linux.so)
==2358==    by 0x1984F3: xmalloc (in /usr/bin/bash)
==2358==    by 0x17BBFB: hash_insert (in /usr/bin/bash)
==2358==    by 0x158008: ??? (in /usr/bin/bash)
==2358==    by 0x15805C: ??? (in /usr/bin/bash)
==2358==    by 0x15B7C8: initialize_shell_variables (in /usr/bin/bash)
==2358==    by 0x138DC9: ??? (in /usr/bin/bash)
==2358==    by 0x137544: main (in /usr/bin/bash)
==2358== 
==2358== 32 bytes in 1 blocks are still reachable in loss record 182 of 304
==2358==    at 0x483B7F3: malloc (in /usr/lib/x86_64-linux-gnu/valgrind/vgpreload_memcheck-amd64-linux.so)
==2358==    by 0x1984F3: xmalloc (in /usr/bin/bash)
==2358==    by 0x17BBFB: hash_insert (in /usr/bin/bash)
==2358==    by 0x158008: ??? (in /usr/bin/bash)
==2358==    by 0x15805C: ??? (in /usr/bin/bash)
==2358==    by 0x15B7AE: initialize_shell_variables (in /usr/bin/bash)
==2358==    by 0x138DC9: ??? (in /usr/bin/bash)
==2358==    by 0x137544: main (in /usr/bin/bash)
==2358== 
==2358== 32 bytes in 1 blocks are still reachable in loss record 183 of 304
==2358==    at 0x483B7F3: malloc (in /usr/lib/x86_64-linux-gnu/valgrind/vgpreload_memcheck-amd64-linux.so)
==2358==    by 0x1984F3: xmalloc (in /usr/bin/bash)
==2358==    by 0x17BBFB: hash_insert (in /usr/bin/bash)
==2358==    by 0x158008: ??? (in /usr/bin/bash)
==2358==    by 0x15805C: ??? (in /usr/bin/bash)
==2358==    by 0x15B112: initialize_shell_variables (in /usr/bin/bash)
==2358==    by 0x138DC9: ??? (in /usr/bin/bash)
==2358==    by 0x137544: main (in /usr/bin/bash)
==2358== 
==2358== 32 bytes in 1 blocks are still reachable in loss record 184 of 304
==2358==    at 0x483B7F3: malloc (in /usr/lib/x86_64-linux-gnu/valgrind/vgpreload_memcheck-amd64-linux.so)
==2358==    by 0x1984F3: xmalloc (in /usr/bin/bash)
==2358==    by 0x17BBFB: hash_insert (in /usr/bin/bash)
==2358==    by 0x158008: ??? (in /usr/bin/bash)
==2358==    by 0x15805C: ??? (in /usr/bin/bash)
==2358==    by 0x15B13F: initialize_shell_variables (in /usr/bin/bash)
==2358==    by 0x138DC9: ??? (in /usr/bin/bash)
==2358==    by 0x137544: main (in /usr/bin/bash)
==2358== 
==2358== 32 bytes in 1 blocks are still reachable in loss record 185 of 304
==2358==    at 0x483B7F3: malloc (in /usr/lib/x86_64-linux-gnu/valgrind/vgpreload_memcheck-amd64-linux.so)
==2358==    by 0x1984F3: xmalloc (in /usr/bin/bash)
==2358==    by 0x17BBFB: hash_insert (in /usr/bin/bash)
==2358==    by 0x158008: ??? (in /usr/bin/bash)
==2358==    by 0x15805C: ??? (in /usr/bin/bash)
==2358==    by 0x15B165: initialize_shell_variables (in /usr/bin/bash)
==2358==    by 0x138DC9: ??? (in /usr/bin/bash)
==2358==    by 0x137544: main (in /usr/bin/bash)
==2358== 
==2358== 32 bytes in 1 blocks are still reachable in loss record 186 of 304
==2358==    at 0x483B7F3: malloc (in /usr/lib/x86_64-linux-gnu/valgrind/vgpreload_memcheck-amd64-linux.so)
==2358==    by 0x1984F3: xmalloc (in /usr/bin/bash)
==2358==    by 0x17BBFB: hash_insert (in /usr/bin/bash)
==2358==    by 0x158008: ??? (in /usr/bin/bash)
==2358==    by 0x15805C: ??? (in /usr/bin/bash)
==2358==    by 0x15B188: initialize_shell_variables (in /usr/bin/bash)
==2358==    by 0x138DC9: ??? (in /usr/bin/bash)
==2358==    by 0x137544: main (in /usr/bin/bash)
==2358== 
==2358== 32 bytes in 1 blocks are still reachable in loss record 187 of 304
==2358==    at 0x483B7F3: malloc (in /usr/lib/x86_64-linux-gnu/valgrind/vgpreload_memcheck-amd64-linux.so)
==2358==    by 0x1984F3: xmalloc (in /usr/bin/bash)
==2358==    by 0x17BBFB: hash_insert (in /usr/bin/bash)
==2358==    by 0x158008: ??? (in /usr/bin/bash)
==2358==    by 0x15805C: ??? (in /usr/bin/bash)
==2358==    by 0x15B1AE: initialize_shell_variables (in /usr/bin/bash)
==2358==    by 0x138DC9: ??? (in /usr/bin/bash)
==2358==    by 0x137544: main (in /usr/bin/bash)
==2358== 
==2358== 32 bytes in 1 blocks are still reachable in loss record 188 of 304
==2358==    at 0x483B7F3: malloc (in /usr/lib/x86_64-linux-gnu/valgrind/vgpreload_memcheck-amd64-linux.so)
==2358==    by 0x1984F3: xmalloc (in /usr/bin/bash)
==2358==    by 0x17BBFB: hash_insert (in /usr/bin/bash)
==2358==    by 0x158008: ??? (in /usr/bin/bash)
==2358==    by 0x15805C: ??? (in /usr/bin/bash)
==2358==    by 0x15B1D8: initialize_shell_variables (in /usr/bin/bash)
==2358==    by 0x138DC9: ??? (in /usr/bin/bash)
==2358==    by 0x137544: main (in /usr/bin/bash)
==2358== 
==2358== 32 bytes in 1 blocks are still reachable in loss record 189 of 304
==2358==    at 0x483B7F3: malloc (in /usr/lib/x86_64-linux-gnu/valgrind/vgpreload_memcheck-amd64-linux.so)
==2358==    by 0x1984F3: xmalloc (in /usr/bin/bash)
==2358==    by 0x17BBFB: hash_insert (in /usr/bin/bash)
==2358==    by 0x158008: ??? (in /usr/bin/bash)
==2358==    by 0x15805C: ??? (in /usr/bin/bash)
==2358==    by 0x15B205: initialize_shell_variables (in /usr/bin/bash)
==2358==    by 0x138DC9: ??? (in /usr/bin/bash)
==2358==    by 0x137544: main (in /usr/bin/bash)
==2358== 
==2358== 32 bytes in 1 blocks are still reachable in loss record 190 of 304
==2358==    at 0x483B7F3: malloc (in /usr/lib/x86_64-linux-gnu/valgrind/vgpreload_memcheck-amd64-linux.so)
==2358==    by 0x1984F3: xmalloc (in /usr/bin/bash)
==2358==    by 0x17BBFB: hash_insert (in /usr/bin/bash)
==2358==    by 0x158008: ??? (in /usr/bin/bash)
==2358==    by 0x15805C: ??? (in /usr/bin/bash)
==2358==    by 0x15B228: initialize_shell_variables (in /usr/bin/bash)
==2358==    by 0x138DC9: ??? (in /usr/bin/bash)
==2358==    by 0x137544: main (in /usr/bin/bash)
==2358== 
==2358== 32 bytes in 1 blocks are still reachable in loss record 191 of 304
==2358==    at 0x483B7F3: malloc (in /usr/lib/x86_64-linux-gnu/valgrind/vgpreload_memcheck-amd64-linux.so)
==2358==    by 0x1984F3: xmalloc (in /usr/bin/bash)
==2358==    by 0x17BBFB: hash_insert (in /usr/bin/bash)
==2358==    by 0x158008: ??? (in /usr/bin/bash)
==2358==    by 0x15805C: ??? (in /usr/bin/bash)
==2358==    by 0x15B24E: initialize_shell_variables (in /usr/bin/bash)
==2358==    by 0x138DC9: ??? (in /usr/bin/bash)
==2358==    by 0x137544: main (in /usr/bin/bash)
==2358== 
==2358== 32 bytes in 1 blocks are still reachable in loss record 192 of 304
==2358==    at 0x483B7F3: malloc (in /usr/lib/x86_64-linux-gnu/valgrind/vgpreload_memcheck-amd64-linux.so)
==2358==    by 0x1984F3: xmalloc (in /usr/bin/bash)
==2358==    by 0x17BBFB: hash_insert (in /usr/bin/bash)
==2358==    by 0x158008: ??? (in /usr/bin/bash)
==2358==    by 0x15805C: ??? (in /usr/bin/bash)
==2358==    by 0x15B27B: initialize_shell_variables (in /usr/bin/bash)
==2358==    by 0x138DC9: ??? (in /usr/bin/bash)
==2358==    by 0x137544: main (in /usr/bin/bash)
==2358== 
==2358== 32 bytes in 1 blocks are still reachable in loss record 193 of 304
==2358==    at 0x483B7F3: malloc (in /usr/lib/x86_64-linux-gnu/valgrind/vgpreload_memcheck-amd64-linux.so)
==2358==    by 0x1984F3: xmalloc (in /usr/bin/bash)
==2358==    by 0x17BBFB: hash_insert (in /usr/bin/bash)
==2358==    by 0x158008: ??? (in /usr/bin/bash)
==2358==    by 0x15805C: ??? (in /usr/bin/bash)
==2358==    by 0x15B2A2: initialize_shell_variables (in /usr/bin/bash)
==2358==    by 0x138DC9: ??? (in /usr/bin/bash)
==2358==    by 0x137544: main (in /usr/bin/bash)
==2358== 
==2358== 32 bytes in 1 blocks are still reachable in loss record 194 of 304
==2358==    at 0x483B7F3: malloc (in /usr/lib/x86_64-linux-gnu/valgrind/vgpreload_memcheck-amd64-linux.so)
==2358==    by 0x1984F3: xmalloc (in /usr/bin/bash)
==2358==    by 0x17BBFB: hash_insert (in /usr/bin/bash)
==2360== Memcheck, a memory error detector
==2358==    by 0x158008: ??? (in /usr/bin/bash)
==2358==    by 0x158D55: make_new_array_variable (in /usr/bin/bash)
==2360== Copyright (C) 2002-2017, and GNU GPL'd, by Julian Seward et al.
==2358==    by 0x158DA7: ??? (in /usr/bin/bash)
==2358==    by 0x15B2CD: initialize_shell_variables (in /usr/bin/bash)
==2360== Using Valgrind-3.15.0 and LibVEX; rerun with -h for copyright info
==2360== Command: /home/vscode/src/www/cgi/s1.sh
==2358==    by 0x138DC9: ??? (in /usr/bin/bash)
==2358==    by 0x137544: main (in /usr/bin/bash)
==2360== 
==2358== 
==2358== 32 bytes in 1 blocks are still reachable in loss record 195 of 304
==2358==    at 0x483B7F3: malloc (in /usr/lib/x86_64-linux-gnu/valgrind/vgpreload_memcheck-amd64-linux.so)
==2358==    by 0x1984F3: xmalloc (in /usr/bin/bash)
==2358==    by 0x183457: array_create_element (in /usr/bin/bash)
==2358==    by 0x1834ED: array_create (in /usr/bin/bash)
==2358==    by 0x158D5D: make_new_array_variable (in /usr/bin/bash)
==2358==    by 0x158DA7: ??? (in /usr/bin/bash)
==2358==    by 0x15B2CD: initialize_shell_variables (in /usr/bin/bash)
==2358==    by 0x138DC9: ??? (in /usr/bin/bash)
==2358==    by 0x137544: main (in /usr/bin/bash)
==2358== 
==2358== 32 bytes in 1 blocks are still reachable in loss record 196 of 304
==2358==    at 0x483B7F3: malloc (in /usr/lib/x86_64-linux-gnu/valgrind/vgpreload_memcheck-amd64-linux.so)
==2358==    by 0x1984F3: xmalloc (in /usr/bin/bash)
==2358==    by 0x17BBFB: hash_insert (in /usr/bin/bash)
==2358==    by 0x158008: ??? (in /usr/bin/bash)
==2358==    by 0x158D55: make_new_array_variable (in /usr/bin/bash)
==2358==    by 0x158DA7: ??? (in /usr/bin/bash)
==2358==    by 0x15B2EC: initialize_shell_variables (in /usr/bin/bash)
==2358==    by 0x138DC9: ??? (in /usr/bin/bash)
==2358==    by 0x137544: main (in /usr/bin/bash)
==2358== 
==2358== 32 bytes in 1 blocks are still reachable in loss record 197 of 304
==2358==    at 0x483B7F3: malloc (in /usr/lib/x86_64-linux-gnu/valgrind/vgpreload_memcheck-amd64-linux.so)
==2358==    by 0x1984F3: xmalloc (in /usr/bin/bash)
==2358==    by 0x183457: array_create_element (in /usr/bin/bash)
==2358==    by 0x1834ED: array_create (in /usr/bin/bash)
==2358==    by 0x158D5D: make_new_array_variable (in /usr/bin/bash)
==2358==    by 0x158DA7: ??? (in /usr/bin/bash)
==2358==    by 0x15B2EC: initialize_shell_variables (in /usr/bin/bash)
==2358==    by 0x138DC9: ??? (in /usr/bin/bash)
==2358==    by 0x137544: main (in /usr/bin/bash)
==2358== 
==2358== 32 bytes in 1 blocks are still reachable in loss record 198 of 304
==2358==    at 0x483B7F3: malloc (in /usr/lib/x86_64-linux-gnu/valgrind/vgpreload_memcheck-amd64-linux.so)
==2358==    by 0x1984F3: xmalloc (in /usr/bin/bash)
==2358==    by 0x17BBFB: hash_insert (in /usr/bin/bash)
==2358==    by 0x158008: ??? (in /usr/bin/bash)
==2358==    by 0x158D55: make_new_array_variable (in /usr/bin/bash)
==2358==    by 0x158DA7: ??? (in /usr/bin/bash)
==2358==    by 0x15B30B: initialize_shell_variables (in /usr/bin/bash)
==2358==    by 0x138DC9: ??? (in /usr/bin/bash)
==2358==    by 0x137544: main (in /usr/bin/bash)
==2358== 
==2358== 32 bytes in 1 blocks are still reachable in loss record 199 of 304
==2358==    at 0x483B7F3: malloc (in /usr/lib/x86_64-linux-gnu/valgrind/vgpreload_memcheck-amd64-linux.so)
==2358==    by 0x1984F3: xmalloc (in /usr/bin/bash)
==2358==    by 0x183457: array_create_element (in /usr/bin/bash)
==2358==    by 0x1834ED: array_create (in /usr/bin/bash)
==2358==    by 0x158D5D: make_new_array_variable (in /usr/bin/bash)
==2358==    by 0x158DA7: ??? (in /usr/bin/bash)
==2358==    by 0x15B30B: initialize_shell_variables (in /usr/bin/bash)
==2358==    by 0x138DC9: ??? (in /usr/bin/bash)
==2358==    by 0x137544: main (in /usr/bin/bash)
==2358== 
==2358== 32 bytes in 1 blocks are still reachable in loss record 200 of 304
==2358==    at 0x483B7F3: malloc (in /usr/lib/x86_64-linux-gnu/valgrind/vgpreload_memcheck-amd64-linux.so)
==2358==    by 0x1984F3: xmalloc (in /usr/bin/bash)
==2358==    by 0x17BBFB: hash_insert (in /usr/bin/bash)
==2358==    by 0x158008: ??? (in /usr/bin/bash)
==2358==    by 0x158D55: make_new_array_variable (in /usr/bin/bash)
==2358==    by 0x158DA7: ??? (in /usr/bin/bash)
==2358==    by 0x15B32A: initialize_shell_variables (in /usr/bin/bash)
==2358==    by 0x138DC9: ??? (in /usr/bin/bash)
==2358==    by 0x137544: main (in /usr/bin/bash)
==2358== 
==2358== 32 bytes in 1 blocks are still reachable in loss record 201 of 304
==2358==    at 0x483B7F3: malloc (in /usr/lib/x86_64-linux-gnu/valgrind/vgpreload_memcheck-amd64-linux.so)
==2358==    by 0x1984F3: xmalloc (in /usr/bin/bash)
==2358==    by 0x183457: array_create_element (in /usr/bin/bash)
==2358==    by 0x1834ED: array_create (in /usr/bin/bash)
==2358==    by 0x158D5D: make_new_array_variable (in /usr/bin/bash)
==2358==    by 0x158DA7: ??? (in /usr/bin/bash)
==2358==    by 0x15B32A: initialize_shell_variables (in /usr/bin/bash)
==2358==    by 0x138DC9: ??? (in /usr/bin/bash)
==2358==    by 0x137544: main (in /usr/bin/bash)
==2358== 
==2358== 32 bytes in 1 blocks are still reachable in loss record 202 of 304
==2358==    at 0x483B7F3: malloc (in /usr/lib/x86_64-linux-gnu/valgrind/vgpreload_memcheck-amd64-linux.so)
==2358==    by 0x1984F3: xmalloc (in /usr/bin/bash)
==2358==    by 0x17BBFB: hash_insert (in /usr/bin/bash)
==2358==    by 0x158008: ??? (in /usr/bin/bash)
==2358==    by 0x158D55: make_new_array_variable (in /usr/bin/bash)
==2358==    by 0x158DA7: ??? (in /usr/bin/bash)
==2358==    by 0x15B349: initialize_shell_variables (in /usr/bin/bash)
==2358==    by 0x138DC9: ??? (in /usr/bin/bash)
==2358==    by 0x137544: main (in /usr/bin/bash)
==2358== 
==2358== 32 bytes in 1 blocks are still reachable in loss record 203 of 304
==2358==    at 0x483B7F3: malloc (in /usr/lib/x86_64-linux-gnu/valgrind/vgpreload_memcheck-amd64-linux.so)
==2358==    by 0x1984F3: xmalloc (in /usr/bin/bash)
==2358==    by 0x183457: array_create_element (in /usr/bin/bash)
==2358==    by 0x1834ED: array_create (in /usr/bin/bash)
==2358==    by 0x158D5D: make_new_array_variable (in /usr/bin/bash)
==2358==    by 0x158DA7: ??? (in /usr/bin/bash)
==2358==    by 0x15B349: initialize_shell_variables (in /usr/bin/bash)
==2358==    by 0x138DC9: ??? (in /usr/bin/bash)
==2358==    by 0x137544: main (in /usr/bin/bash)
==2358== 
==2358== 32 bytes in 1 blocks are still reachable in loss record 204 of 304
==2358==    at 0x483B7F3: malloc (in /usr/lib/x86_64-linux-gnu/valgrind/vgpreload_memcheck-amd64-linux.so)
==2358==    by 0x1984F3: xmalloc (in /usr/bin/bash)
==2358==    by 0x17BBFB: hash_insert (in /usr/bin/bash)
==2358==    by 0x158008: ??? (in /usr/bin/bash)
==2358==    by 0x158D55: make_new_array_variable (in /usr/bin/bash)
==2358==    by 0x158DA7: ??? (in /usr/bin/bash)
==2358==    by 0x15B368: initialize_shell_variables (in /usr/bin/bash)
==2358==    by 0x138DC9: ??? (in /usr/bin/bash)
==2358==    by 0x137544: main (in /usr/bin/bash)
==2358== 
==2358== 32 bytes in 1 blocks are still reachable in loss record 205 of 304
==2358==    at 0x483B7F3: malloc (in /usr/lib/x86_64-linux-gnu/valgrind/vgpreload_memcheck-amd64-linux.so)
==2358==    by 0x1984F3: xmalloc (in /usr/bin/bash)
==2358==    by 0x183457: array_create_element (in /usr/bin/bash)
==2358==    by 0x1834ED: array_create (in /usr/bin/bash)
==2358==    by 0x158D5D: make_new_array_variable (in /usr/bin/bash)
==2358==    by 0x158DA7: ??? (in /usr/bin/bash)
==2358==    by 0x15B368: initialize_shell_variables (in /usr/bin/bash)
==2358==    by 0x138DC9: ??? (in /usr/bin/bash)
==2358==    by 0x137544: main (in /usr/bin/bash)
==2358== 
==2358== 32 bytes in 1 blocks are still reachable in loss record 206 of 304
==2358==    at 0x483B7F3: malloc (in /usr/lib/x86_64-linux-gnu/valgrind/vgpreload_memcheck-amd64-linux.so)
==2358==    by 0x1984F3: xmalloc (in /usr/bin/bash)
==2358==    by 0x17BBFB: hash_insert (in /usr/bin/bash)
==2358==    by 0x158008: ??? (in /usr/bin/bash)
==2358==    by 0x158DE5: make_new_assoc_variable (in /usr/bin/bash)
==2358==    by 0x15B6A9: initialize_shell_variables (in /usr/bin/bash)
==2358==    by 0x138DC9: ??? (in /usr/bin/bash)
==2358==    by 0x137544: main (in /usr/bin/bash)
==2358== 
==2358== 32 bytes in 1 blocks are still reachable in loss record 207 of 304
==2358==    at 0x483B7F3: malloc (in /usr/lib/x86_64-linux-gnu/valgrind/vgpreload_memcheck-amd64-linux.so)
==2358==    by 0x1984F3: xmalloc (in /usr/bin/bash)
==2358==    by 0x17BBFB: hash_insert (in /usr/bin/bash)
==2358==    by 0x158008: ??? (in /usr/bin/bash)
==2358==    by 0x158DE5: make_new_assoc_variable (in /usr/bin/bash)
==2358==    by 0x15B67B: initialize_shell_variables (in /usr/bin/bash)
==2358==    by 0x138DC9: ??? (in /usr/bin/bash)
==2358==    by 0x137544: main (in /usr/bin/bash)
==2358== 
==2358== 32 bytes in 1 blocks are still reachable in loss record 208 of 304
==2358==    at 0x483B7F3: malloc (in /usr/lib/x86_64-linux-gnu/valgrind/vgpreload_memcheck-amd64-linux.so)
==2358==    by 0x1984F3: xmalloc (in /usr/bin/bash)
==2358==    by 0x17BBFB: hash_insert (in /usr/bin/bash)
==2358==    by 0x158008: ??? (in /usr/bin/bash)
==2358==    by 0x158D55: make_new_array_variable (in /usr/bin/bash)
==2358==    by 0x15B64D: initialize_shell_variables (in /usr/bin/bash)
==2358==    by 0x138DC9: ??? (in /usr/bin/bash)
==2358==    by 0x137544: main (in /usr/bin/bash)
==2358== 
==2358== 32 bytes in 1 blocks are still reachable in loss record 209 of 304
==2358==    at 0x483B7F3: malloc (in /usr/lib/x86_64-linux-gnu/valgrind/vgpreload_memcheck-amd64-linux.so)
==2358==    by 0x1984F3: xmalloc (in /usr/bin/bash)
==2358==    by 0x183457: array_create_element (in /usr/bin/bash)
==2358==    by 0x1834ED: array_create (in /usr/bin/bash)
==2358==    by 0x158D5D: make_new_array_variable (in /usr/bin/bash)
==2358==    by 0x15B64D: initialize_shell_variables (in /usr/bin/bash)
==2358==    by 0x138DC9: ??? (in /usr/bin/bash)
==2358==    by 0x137544: main (in /usr/bin/bash)
==2358== 
==2358== 32 bytes in 1 blocks are still reachable in loss record 210 of 304
==2358==    at 0x483B7F3: malloc (in /usr/lib/x86_64-linux-gnu/valgrind/vgpreload_memcheck-amd64-linux.so)
==2358==    by 0x1984F3: xmalloc (in /usr/bin/bash)
==2358==    by 0x17BBFB: hash_insert (in /usr/bin/bash)
==2358==    by 0x158008: ??? (in /usr/bin/bash)
==2358==    by 0x15805C: ??? (in /usr/bin/bash)
==2358==    by 0x1A76E0: set_shellopts (in /usr/bin/bash)
==2358==    by 0x138DFD: ??? (in /usr/bin/bash)
==2358==    by 0x137544: main (in /usr/bin/bash)
==2358== 
==2358== 32 bytes in 1 blocks are still reachable in loss record 211 of 304
==2358==    at 0x483B7F3: malloc (in /usr/lib/x86_64-linux-gnu/valgrind/vgpreload_memcheck-amd64-linux.so)
==2358==    by 0x1984F3: xmalloc (in /usr/bin/bash)
==2358==    by 0x17BBFB: hash_insert (in /usr/bin/bash)
==2358==    by 0x158008: ??? (in /usr/bin/bash)
==2358==    by 0x15805C: ??? (in /usr/bin/bash)
==2358==    by 0x1AC4B0: set_bashopts (in /usr/bin/bash)
==2358==    by 0x138E1C: ??? (in /usr/bin/bash)
==2358==    by 0x137544: main (in /usr/bin/bash)
==2358== 
==2358== 32 bytes in 1 blocks are still reachable in loss record 212 of 304
==2358==    at 0x483B7F3: malloc (in /usr/lib/x86_64-linux-gnu/valgrind/vgpreload_memcheck-amd64-linux.so)
==2358==    by 0x1984F3: xmalloc (in /usr/bin/bash)
==2358==    by 0x183457: array_create_element (in /usr/bin/bash)
==2358==    by 0x18367F: ??? (in /usr/bin/bash)
==2358==    by 0x137C8C: main (in /usr/bin/bash)
==2358== 
==2358== 32 bytes in 1 blocks are still reachable in loss record 213 of 304
==2358==    at 0x483B7F3: malloc (in /usr/lib/x86_64-linux-gnu/valgrind/vgpreload_memcheck-amd64-linux.so)
==2358==    by 0x1984F3: xmalloc (in /usr/bin/bash)
==2358==    by 0x183457: array_create_element (in /usr/bin/bash)
==2358==    by 0x18367F: ??? (in /usr/bin/bash)
==2358==    by 0x137CB1: main (in /usr/bin/bash)
==2358== 
==2358== 32 bytes in 1 blocks are still reachable in loss record 214 of 304
==2358==    at 0x483B7F3: malloc (in /usr/lib/x86_64-linux-gnu/valgrind/vgpreload_memcheck-amd64-linux.so)
==2358==    by 0x1984F3: xmalloc (in /usr/bin/bash)
==2358==    by 0x183457: array_create_element (in /usr/bin/bash)
==2358==    by 0x18367F: ??? (in /usr/bin/bash)
==2358==    by 0x137CCD: main (in /usr/bin/bash)
==2358== 
==2358== 32 bytes in 1 blocks are still reachable in loss record 215 of 304
==2358==    at 0x483B7F3: malloc (in /usr/lib/x86_64-linux-gnu/valgrind/vgpreload_memcheck-amd64-linux.so)
==2358==    by 0x1984F3: xmalloc (in /usr/bin/bash)
==2358==    by 0x17EFE9: ??? (in /usr/bin/bash)
==2358==    by 0x17F2CE: begin_unwind_frame (in /usr/bin/bash)
==2358==    by 0x1519B1: execute_command (in /usr/bin/bash)
==2358==    by 0x139664: reader_loop (in /usr/bin/bash)
==2358==    by 0x137EF8: main (in /usr/bin/bash)
==2358== 
==2358== 32 bytes in 1 blocks are still reachable in loss record 216 of 304
==2358==    at 0x483B7F3: malloc (in /usr/lib/x86_64-linux-gnu/valgrind/vgpreload_memcheck-amd64-linux.so)
==2358==    by 0x1984F3: xmalloc (in /usr/bin/bash)
==2358==    by 0x17EFE9: ??? (in /usr/bin/bash)
==2358==    by 0x17F4C9: add_unwind_protect (in /usr/bin/bash)
==2358==    by 0x1519C2: execute_command (in /usr/bin/bash)
==2358==    by 0x139664: reader_loop (in /usr/bin/bash)
==2358==    by 0x137EF8: main (in /usr/bin/bash)
==2358== 
==2358== 32 bytes in 1 blocks are still reachable in loss record 217 of 304
==2358==    at 0x483B7F3: malloc (in /usr/lib/x86_64-linux-gnu/valgrind/vgpreload_memcheck-amd64-linux.so)
==2358==    by 0x1984F3: xmalloc (in /usr/bin/bash)
==2358==    by 0x17EFE9: ??? (in /usr/bin/bash)
==2358==    by 0x17F2CE: begin_unwind_frame (in /usr/bin/bash)
==2358==    by 0x14FB5D: execute_command_internal (in /usr/bin/bash)
==2358==    by 0x1519D9: execute_command (in /usr/bin/bash)
==2358==    by 0x139664: reader_loop (in /usr/bin/bash)
==2358==    by 0x137EF8: main (in /usr/bin/bash)
==2358== 
==2358== 32 bytes in 1 blocks are still reachable in loss record 218 of 304
==2358==    at 0x483B7F3: malloc (in /usr/lib/x86_64-linux-gnu/valgrind/vgpreload_memcheck-amd64-linux.so)
==2358==    by 0x1984F3: xmalloc (in /usr/bin/bash)
==2358==    by 0x17EFE9: ??? (in /usr/bin/bash)
==2358==    by 0x17F4C9: add_unwind_protect (in /usr/bin/bash)
==2358==    by 0x14FBF2: execute_command_internal (in /usr/bin/bash)
==2358==    by 0x1519D9: execute_command (in /usr/bin/bash)
==2358==    by 0x139664: reader_loop (in /usr/bin/bash)
==2358==    by 0x137EF8: main (in /usr/bin/bash)
==2358== 
==2358== 32 bytes in 1 blocks are still reachable in loss record 219 of 304
==2358==    at 0x483B7F3: malloc (in /usr/lib/x86_64-linux-gnu/valgrind/vgpreload_memcheck-amd64-linux.so)
==2358==    by 0x1984F3: xmalloc (in /usr/bin/bash)
==2358==    by 0x17EFE9: ??? (in /usr/bin/bash)
==2358==    by 0x17F2CE: begin_unwind_frame (in /usr/bin/bash)
==2358==    by 0x151400: execute_command_internal (in /usr/bin/bash)
==2358==    by 0x1519D9: execute_command (in /usr/bin/bash)
==2358==    by 0x139664: reader_loop (in /usr/bin/bash)
==2358==    by 0x137EF8: main (in /usr/bin/bash)
==2358== 
==2358== 32 bytes in 1 blocks are still reachable in loss record 220 of 304
==2358==    at 0x483B7F3: malloc (in /usr/lib/x86_64-linux-gnu/valgrind/vgpreload_memcheck-amd64-linux.so)
==2358==    by 0x1984F3: xmalloc (in /usr/bin/bash)
==2358==    by 0x17BBFB: hash_insert (in /usr/bin/bash)
==2358==    by 0x158008: ??? (in /usr/bin/bash)
==2358==    by 0x158D55: make_new_array_variable (in /usr/bin/bash)
==2358==    by 0x15C10B: set_pipestatus_array (in /usr/bin/bash)
==2358==    by 0x15172F: execute_command_internal (in /usr/bin/bash)
==2358==    by 0x1519D9: execute_command (in /usr/bin/bash)
==2358==    by 0x139664: reader_loop (in /usr/bin/bash)
==2358==    by 0x137EF8: main (in /usr/bin/bash)
==2358== 
==2358== 32 bytes in 1 blocks are still reachable in loss record 221 of 304
==2358==    at 0x483B7F3: malloc (in /usr/lib/x86_64-linux-gnu/valgrind/vgpreload_memcheck-amd64-linux.so)
==2358==    by 0x1984F3: xmalloc (in /usr/bin/bash)
==2358==    by 0x183457: array_create_element (in /usr/bin/bash)
==2358==    by 0x1834ED: array_create (in /usr/bin/bash)
==2358==    by 0x158D5D: make_new_array_variable (in /usr/bin/bash)
==2358==    by 0x15C10B: set_pipestatus_array (in /usr/bin/bash)
==2358==    by 0x15172F: execute_command_internal (in /usr/bin/bash)
==2358==    by 0x1519D9: execute_command (in /usr/bin/bash)
==2358==    by 0x139664: reader_loop (in /usr/bin/bash)
==2358==    by 0x137EF8: main (in /usr/bin/bash)
==2358== 
==2358== 32 bytes in 1 blocks are still reachable in loss record 222 of 304
==2358==    at 0x483B7F3: malloc (in /usr/lib/x86_64-linux-gnu/valgrind/vgpreload_memcheck-amd64-linux.so)
==2358==    by 0x1984F3: xmalloc (in /usr/bin/bash)
==2358==    by 0x183457: array_create_element (in /usr/bin/bash)
==2358==    by 0x183987: array_insert (in /usr/bin/bash)
==2358==    by 0x15C09E: set_pipestatus_array (in /usr/bin/bash)
==2358==    by 0x15172F: execute_command_internal (in /usr/bin/bash)
==2358==    by 0x1519D9: execute_command (in /usr/bin/bash)
==2358==    by 0x139664: reader_loop (in /usr/bin/bash)
==2358==    by 0x137EF8: main (in /usr/bin/bash)
==2358== 
==2358== 34 bytes in 1 blocks are still reachable in loss record 223 of 304
==2358==    at 0x483DFAF: realloc (in /usr/lib/x86_64-linux-gnu/valgrind/vgpreload_memcheck-amd64-linux.so)
==2358==    by 0x198558: xrealloc (in /usr/bin/bash)
==2358==    by 0x13A097: ??? (in /usr/bin/bash)
==2358==    by 0x13C688: ??? (in /usr/bin/bash)
==2358==    by 0x13F5C9: ??? (in /usr/bin/bash)
==2358==    by 0x142EC7: yyparse (in /usr/bin/bash)
==2358==    by 0x13929A: parse_command (in /usr/bin/bash)
==2358==    by 0x1393A6: read_command (in /usr/bin/bash)
==2358==    by 0x1395C9: reader_loop (in /usr/bin/bash)
==2358==    by 0x137EF8: main (in /usr/bin/bash)
==2358== 
==2358== 40 bytes in 1 blocks are still reachable in loss record 224 of 304
==2358==    at 0x483B7F3: malloc (in /usr/lib/x86_64-linux-gnu/valgrind/vgpreload_memcheck-amd64-linux.so)
==2358==    by 0x1984F3: xmalloc (in /usr/bin/bash)
==2358==    by 0x157EB6: new_var_context (in /usr/bin/bash)
==2358==    by 0x157F68: ??? (in /usr/bin/bash)
==2358==    by 0x15AAAB: initialize_shell_variables (in /usr/bin/bash)
==2358==    by 0x138DC9: ??? (in /usr/bin/bash)
==2358==    by 0x137544: main (in /usr/bin/bash)
==2358== 
==2358== 40 bytes in 1 blocks are still reachable in loss record 225 of 304
==2358==    at 0x483B7F3: malloc (in /usr/lib/x86_64-linux-gnu/valgrind/vgpreload_memcheck-amd64-linux.so)
==2358==    by 0x1984F3: xmalloc (in /usr/bin/bash)
==2358==    by 0x1834BF: array_create (in /usr/bin/bash)
==2358==    by 0x158D5D: make_new_array_variable (in /usr/bin/bash)
==2358==    by 0x15AEE3: initialize_shell_variables (in /usr/bin/bash)
==2358==    by 0x138DC9: ??? (in /usr/bin/bash)
==2358==    by 0x137544: main (in /usr/bin/bash)
==2358== 
==2358== 40 bytes in 1 blocks are still reachable in loss record 226 of 304
==2358==    at 0x483B7F3: malloc (in /usr/lib/x86_64-linux-gnu/valgrind/vgpreload_memcheck-amd64-linux.so)
==2358==    by 0x1984F3: xmalloc (in /usr/bin/bash)
==2358==    by 0x1834BF: array_create (in /usr/bin/bash)
==2358==    by 0x158D5D: make_new_array_variable (in /usr/bin/bash)
==2358==    by 0x158DA7: ??? (in /usr/bin/bash)
==2358==    by 0x15B2CD: initialize_shell_variables (in /usr/bin/bash)
==2358==    by 0x138DC9: ??? (in /usr/bin/bash)
==2358==    by 0x137544: main (in /usr/bin/bash)
==2358== 
==2358== 40 bytes in 1 blocks are still reachable in loss record 227 of 304
==2358==    at 0x483B7F3: malloc (in /usr/lib/x86_64-linux-gnu/valgrind/vgpreload_memcheck-amd64-linux.so)
==2358==    by 0x1984F3: xmalloc (in /usr/bin/bash)
==2358==    by 0x1834BF: array_create (in /usr/bin/bash)
==2358==    by 0x158D5D: make_new_array_variable (in /usr/bin/bash)
==2358==    by 0x158DA7: ??? (in /usr/bin/bash)
==2358==    by 0x15B2EC: initialize_shell_variables (in /usr/bin/bash)
==2358==    by 0x138DC9: ??? (in /usr/bin/bash)
==2358==    by 0x137544: main (in /usr/bin/bash)
==2358== 
==2358== 40 bytes in 1 blocks are still reachable in loss record 228 of 304
==2358==    at 0x483B7F3: malloc (in /usr/lib/x86_64-linux-gnu/valgrind/vgpreload_memcheck-amd64-linux.so)
==2358==    by 0x1984F3: xmalloc (in /usr/bin/bash)
==2358==    by 0x1834BF: array_create (in /usr/bin/bash)
==2358==    by 0x158D5D: make_new_array_variable (in /usr/bin/bash)
==2358==    by 0x158DA7: ??? (in /usr/bin/bash)
==2358==    by 0x15B30B: initialize_shell_variables (in /usr/bin/bash)
==2358==    by 0x138DC9: ??? (in /usr/bin/bash)
==2358==    by 0x137544: main (in /usr/bin/bash)
==2358== 
==2358== 40 bytes in 1 blocks are still reachable in loss record 229 of 304
==2358==    at 0x483B7F3: malloc (in /usr/lib/x86_64-linux-gnu/valgrind/vgpreload_memcheck-amd64-linux.so)
==2358==    by 0x1984F3: xmalloc (in /usr/bin/bash)
==2358==    by 0x1834BF: array_create (in /usr/bin/bash)
==2358==    by 0x158D5D: make_new_array_variable (in /usr/bin/bash)
==2358==    by 0x158DA7: ??? (in /usr/bin/bash)
==2358==    by 0x15B32A: initialize_shell_variables (in /usr/bin/bash)
==2358==    by 0x138DC9: ??? (in /usr/bin/bash)
==2358==    by 0x137544: main (in /usr/bin/bash)
==2358== 
==2358== 40 bytes in 1 blocks are still reachable in loss record 230 of 304
==2358==    at 0x483B7F3: malloc (in /usr/lib/x86_64-linux-gnu/valgrind/vgpreload_memcheck-amd64-linux.so)
==2358==    by 0x1984F3: xmalloc (in /usr/bin/bash)
==2358==    by 0x1834BF: array_create (in /usr/bin/bash)
==2358==    by 0x158D5D: make_new_array_variable (in /usr/bin/bash)
==2358==    by 0x158DA7: ??? (in /usr/bin/bash)
==2358==    by 0x15B349: initialize_shell_variables (in /usr/bin/bash)
==2358==    by 0x138DC9: ??? (in /usr/bin/bash)
==2358==    by 0x137544: main (in /usr/bin/bash)
==2358== 
==2358== 40 bytes in 1 blocks are still reachable in loss record 231 of 304
==2358==    at 0x483B7F3: malloc (in /usr/lib/x86_64-linux-gnu/valgrind/vgpreload_memcheck-amd64-linux.so)
==2358==    by 0x1984F3: xmalloc (in /usr/bin/bash)
==2358==    by 0x1834BF: array_create (in /usr/bin/bash)
==2358==    by 0x158D5D: make_new_array_variable (in /usr/bin/bash)
==2358==    by 0x158DA7: ??? (in /usr/bin/bash)
==2358==    by 0x15B368: initialize_shell_variables (in /usr/bin/bash)
==2358==    by 0x138DC9: ??? (in /usr/bin/bash)
==2358==    by 0x137544: main (in /usr/bin/bash)
==2358== 
==2358== 40 bytes in 1 blocks are still reachable in loss record 232 of 304
==2358==    at 0x483B7F3: malloc (in /usr/lib/x86_64-linux-gnu/valgrind/vgpreload_memcheck-amd64-linux.so)
==2358==    by 0x1984F3: xmalloc (in /usr/bin/bash)
==2358==    by 0x1834BF: array_create (in /usr/bin/bash)
==2358==    by 0x158D5D: make_new_array_variable (in /usr/bin/bash)
==2358==    by 0x15B64D: initialize_shell_variables (in /usr/bin/bash)
==2358==    by 0x138DC9: ??? (in /usr/bin/bash)
==2358==    by 0x137544: main (in /usr/bin/bash)
==2358== 
==2358== 40 bytes in 1 blocks are still reachable in loss record 233 of 304
==2358==    at 0x483B7F3: malloc (in /usr/lib/x86_64-linux-gnu/valgrind/vgpreload_memcheck-amd64-linux.so)
==2358==    by 0x1984F3: xmalloc (in /usr/bin/bash)
==2358==    by 0x1834BF: array_create (in /usr/bin/bash)
==2358==    by 0x158D5D: make_new_array_variable (in /usr/bin/bash)
==2358==    by 0x15C10B: set_pipestatus_array (in /usr/bin/bash)
==2358==    by 0x15172F: execute_command_internal (in /usr/bin/bash)
==2358==    by 0x1519D9: execute_command (in /usr/bin/bash)
==2358==    by 0x139664: reader_loop (in /usr/bin/bash)
==2358==    by 0x137EF8: main (in /usr/bin/bash)
==2358== 
==2358== 41 bytes in 1 blocks are still reachable in loss record 234 of 304
==2358==    at 0x483B7F3: malloc (in /usr/lib/x86_64-linux-gnu/valgrind/vgpreload_memcheck-amd64-linux.so)
==2358==    by 0x1984F3: xmalloc (in /usr/bin/bash)
==2358==    by 0x156DA1: make_variable_value (in /usr/bin/bash)
==2358==    by 0x15806D: ??? (in /usr/bin/bash)
==2358==    by 0x1A76E0: set_shellopts (in /usr/bin/bash)
==2358==    by 0x138DFD: ??? (in /usr/bin/bash)
==2358==    by 0x137544: main (in /usr/bin/bash)
==2358== 
==2358== 48 bytes in 1 blocks are still reachable in loss record 235 of 304
==2358==    at 0x483B7F3: malloc (in /usr/lib/x86_64-linux-gnu/valgrind/vgpreload_memcheck-amd64-linux.so)
==2358==    by 0x1984F3: xmalloc (in /usr/bin/bash)
==2358==    by 0x1544C3: ??? (in /usr/bin/bash)
==2358==    by 0x157FCF: ??? (in /usr/bin/bash)
==2358==    by 0x15805C: ??? (in /usr/bin/bash)
==2358==    by 0x159447: set_pwd (in /usr/bin/bash)
==2358==    by 0x15AAEE: initialize_shell_variables (in /usr/bin/bash)
==2358==    by 0x138DC9: ??? (in /usr/bin/bash)
==2358==    by 0x137544: main (in /usr/bin/bash)
==2358== 
==2358== 48 bytes in 1 blocks are still reachable in loss record 236 of 304
==2358==    at 0x483B7F3: malloc (in /usr/lib/x86_64-linux-gnu/valgrind/vgpreload_memcheck-amd64-linux.so)
==2358==    by 0x1984F3: xmalloc (in /usr/bin/bash)
==2358==    by 0x1544C3: ??? (in /usr/bin/bash)
==2358==    by 0x157FCF: ??? (in /usr/bin/bash)
==2358==    by 0x15805C: ??? (in /usr/bin/bash)
==2358==    by 0x159490: set_pwd (in /usr/bin/bash)
==2358==    by 0x15AAEE: initialize_shell_variables (in /usr/bin/bash)
==2358==    by 0x138DC9: ??? (in /usr/bin/bash)
==2358==    by 0x137544: main (in /usr/bin/bash)
==2358== 
==2358== 48 bytes in 1 blocks are still reachable in loss record 237 of 304
==2358==    at 0x483B7F3: malloc (in /usr/lib/x86_64-linux-gnu/valgrind/vgpreload_memcheck-amd64-linux.so)
==2358==    by 0x1984F3: xmalloc (in /usr/bin/bash)
==2358==    by 0x1544C3: ??? (in /usr/bin/bash)
==2358==    by 0x157FCF: ??? (in /usr/bin/bash)
==2358==    by 0x15805C: ??? (in /usr/bin/bash)
==2358==    by 0x15AB01: initialize_shell_variables (in /usr/bin/bash)
==2358==    by 0x138DC9: ??? (in /usr/bin/bash)
==2358==    by 0x137544: main (in /usr/bin/bash)
==2358== 
==2358== 48 bytes in 1 blocks are still reachable in loss record 238 of 304
==2358==    at 0x483B7F3: malloc (in /usr/lib/x86_64-linux-gnu/valgrind/vgpreload_memcheck-amd64-linux.so)
==2358==    by 0x1984F3: xmalloc (in /usr/bin/bash)
==2358==    by 0x1544C3: ??? (in /usr/bin/bash)
==2358==    by 0x157FCF: ??? (in /usr/bin/bash)
==2358==    by 0x15805C: ??? (in /usr/bin/bash)
==2358==    by 0x15AB1F: initialize_shell_variables (in /usr/bin/bash)
==2358==    by 0x138DC9: ??? (in /usr/bin/bash)
==2358==    by 0x137544: main (in /usr/bin/bash)
==2358== 
==2358== 48 bytes in 1 blocks are still reachable in loss record 239 of 304
==2358==    at 0x483B7F3: malloc (in /usr/lib/x86_64-linux-gnu/valgrind/vgpreload_memcheck-amd64-linux.so)
==2358==    by 0x1984F3: xmalloc (in /usr/bin/bash)
==2358==    by 0x1544C3: ??? (in /usr/bin/bash)
==2358==    by 0x157FCF: ??? (in /usr/bin/bash)
==2358==    by 0x15805C: ??? (in /usr/bin/bash)
==2358==    by 0x15AB32: initialize_shell_variables (in /usr/bin/bash)
==2358==    by 0x138DC9: ??? (in /usr/bin/bash)
==2358==    by 0x137544: main (in /usr/bin/bash)
==2358== 
==2358== 48 bytes in 1 blocks are still reachable in loss record 240 of 304
==2358==    at 0x483B7F3: malloc (in /usr/lib/x86_64-linux-gnu/valgrind/vgpreload_memcheck-amd64-linux.so)
==2358==    by 0x1984F3: xmalloc (in /usr/bin/bash)
==2358==    by 0x1544C3: ??? (in /usr/bin/bash)
==2358==    by 0x157FCF: ??? (in /usr/bin/bash)
==2358==    by 0x15805C: ??? (in /usr/bin/bash)
==2358==    by 0x15AB65: initialize_shell_variables (in /usr/bin/bash)
==2358==    by 0x138DC9: ??? (in /usr/bin/bash)
==2358==    by 0x137544: main (in /usr/bin/bash)
==2358== 
==2358== 48 bytes in 1 blocks are still reachable in loss record 241 of 304
==2358==    at 0x483B7F3: malloc (in /usr/lib/x86_64-linux-gnu/valgrind/vgpreload_memcheck-amd64-linux.so)
==2358==    by 0x1984F3: xmalloc (in /usr/bin/bash)
==2358==    by 0x1544C3: ??? (in /usr/bin/bash)
==2358==    by 0x157FCF: ??? (in /usr/bin/bash)
==2358==    by 0x15805C: ??? (in /usr/bin/bash)
==2358==    by 0x15AB7A: initialize_shell_variables (in /usr/bin/bash)
==2358==    by 0x138DC9: ??? (in /usr/bin/bash)
==2358==    by 0x137544: main (in /usr/bin/bash)
==2358== 
==2358== 48 bytes in 1 blocks are still reachable in loss record 242 of 304
==2358==    at 0x483B7F3: malloc (in /usr/lib/x86_64-linux-gnu/valgrind/vgpreload_memcheck-amd64-linux.so)
==2358==    by 0x1984F3: xmalloc (in /usr/bin/bash)
==2358==    by 0x1544C3: ??? (in /usr/bin/bash)
==2358==    by 0x157FCF: ??? (in /usr/bin/bash)
==2358==    by 0x15805C: ??? (in /usr/bin/bash)
==2358==    by 0x15AB95: initialize_shell_variables (in /usr/bin/bash)
==2358==    by 0x138DC9: ??? (in /usr/bin/bash)
==2358==    by 0x137544: main (in /usr/bin/bash)
==2358== 
==2358== 48 bytes in 1 blocks are still reachable in loss record 243 of 304
==2358==    at 0x483B7F3: malloc (in /usr/lib/x86_64-linux-gnu/valgrind/vgpreload_memcheck-amd64-linux.so)
==2358==    by 0x1984F3: xmalloc (in /usr/bin/bash)
==2358==    by 0x1544C3: ??? (in /usr/bin/bash)
==2358==    by 0x157FCF: ??? (in /usr/bin/bash)
==2358==    by 0x15805C: ??? (in /usr/bin/bash)
==2358==    by 0x15ABA8: initialize_shell_variables (in /usr/bin/bash)
==2358==    by 0x138DC9: ??? (in /usr/bin/bash)
==2358==    by 0x137544: main (in /usr/bin/bash)
==2358== 
==2358== 48 bytes in 1 blocks are still reachable in loss record 244 of 304
==2358==    at 0x483B7F3: malloc (in /usr/lib/x86_64-linux-gnu/valgrind/vgpreload_memcheck-amd64-linux.so)
==2358==    by 0x1984F3: xmalloc (in /usr/bin/bash)
==2358==    by 0x1544C3: ??? (in /usr/bin/bash)
==2358==    by 0x157FCF: ??? (in /usr/bin/bash)
==2358==    by 0x15805C: ??? (in /usr/bin/bash)
==2358==    by 0x15ABBB: initialize_shell_variables (in /usr/bin/bash)
==2358==    by 0x138DC9: ??? (in /usr/bin/bash)
==2358==    by 0x137544: main (in /usr/bin/bash)
==2358== 
==2358== 48 bytes in 1 blocks are still reachable in loss record 245 of 304
==2358==    at 0x483B7F3: malloc (in /usr/lib/x86_64-linux-gnu/valgrind/vgpreload_memcheck-amd64-linux.so)
==2358==    by 0x1984F3: xmalloc (in /usr/bin/bash)
==2358==    by 0x1544C3: ??? (in /usr/bin/bash)
==2358==    by 0x157FCF: ??? (in /usr/bin/bash)
==2358==    by 0x15805C: ??? (in /usr/bin/bash)
==2358==    by 0x15ABCE: initialize_shell_variables (in /usr/bin/bash)
==2358==    by 0x138DC9: ??? (in /usr/bin/bash)
==2358==    by 0x137544: main (in /usr/bin/bash)
==2358== 
==2358== 48 bytes in 1 blocks are still reachable in loss record 246 of 304
==2358==    at 0x483B7F3: malloc (in /usr/lib/x86_64-linux-gnu/valgrind/vgpreload_memcheck-amd64-linux.so)
==2358==    by 0x1984F3: xmalloc (in /usr/bin/bash)
==2358==    by 0x1544C3: ??? (in /usr/bin/bash)
==2358==    by 0x157FCF: ??? (in /usr/bin/bash)
==2358==    by 0x15805C: ??? (in /usr/bin/bash)
==2358==    by 0x15929E: adjust_shell_level (in /usr/bin/bash)
==2358==    by 0x15AC10: initialize_shell_variables (in /usr/bin/bash)
==2358==    by 0x138DC9: ??? (in /usr/bin/bash)
==2358==    by 0x137544: main (in /usr/bin/bash)
==2358== 
==2358== 48 bytes in 1 blocks are still reachable in loss record 247 of 304
==2358==    at 0x483B7F3: malloc (in /usr/lib/x86_64-linux-gnu/valgrind/vgpreload_memcheck-amd64-linux.so)
==2358==    by 0x1984F3: xmalloc (in /usr/bin/bash)
==2358==    by 0x1544C3: ??? (in /usr/bin/bash)
==2358==    by 0x157FCF: ??? (in /usr/bin/bash)
==2358==    by 0x15805C: ??? (in /usr/bin/bash)
==2358==    by 0x159628: set_ppid (in /usr/bin/bash)
==2358==    by 0x15AC15: initialize_shell_variables (in /usr/bin/bash)
==2358==    by 0x138DC9: ??? (in /usr/bin/bash)
==2358==    by 0x137544: main (in /usr/bin/bash)
==2358== 
==2358== 48 bytes in 1 blocks are still reachable in loss record 248 of 304
==2358==    at 0x483B7F3: malloc (in /usr/lib/x86_64-linux-gnu/valgrind/vgpreload_memcheck-amd64-linux.so)
==2358==    by 0x1984F3: xmalloc (in /usr/bin/bash)
==2358==    by 0x1544C3: ??? (in /usr/bin/bash)
==2358==    by 0x157FCF: ??? (in /usr/bin/bash)
==2358==    by 0x15805C: ??? (in /usr/bin/bash)
==2358==    by 0x15AC2A: initialize_shell_variables (in /usr/bin/bash)
==2358==    by 0x138DC9: ??? (in /usr/bin/bash)
==2358==    by 0x137544: main (in /usr/bin/bash)
==2358== 
==2358== 48 bytes in 1 blocks are still reachable in loss record 249 of 304
==2358==    at 0x483B7F3: malloc (in /usr/lib/x86_64-linux-gnu/valgrind/vgpreload_memcheck-amd64-linux.so)
==2358==    by 0x1984F3: xmalloc (in /usr/bin/bash)
==2358==    by 0x1544C3: ??? (in /usr/bin/bash)
==2358==    by 0x157FCF: ??? (in /usr/bin/bash)
==2358==    by 0x15805C: ??? (in /usr/bin/bash)
==2358==    by 0x15AC4A: initialize_shell_variables (in /usr/bin/bash)
==2358==    by 0x138DC9: ??? (in /usr/bin/bash)
==2358==    by 0x137544: main (in /usr/bin/bash)
==2358== 
==2358== 48 bytes in 1 blocks are still reachable in loss record 250 of 304
==2358==    at 0x483B7F3: malloc (in /usr/lib/x86_64-linux-gnu/valgrind/vgpreload_memcheck-amd64-linux.so)
==2358==    by 0x1984F3: xmalloc (in /usr/bin/bash)
==2358==    by 0x1544C3: ??? (in /usr/bin/bash)
==2358==    by 0x157FCF: ??? (in /usr/bin/bash)
==2358==    by 0x15805C: ??? (in /usr/bin/bash)
==2358==    by 0x15AE90: initialize_shell_variables (in /usr/bin/bash)
==2358==    by 0x138DC9: ??? (in /usr/bin/bash)
==2358==    by 0x137544: main (in /usr/bin/bash)
==2358== 
==2358== 48 bytes in 1 blocks are still reachable in loss record 251 of 304
==2358==    at 0x483B7F3: malloc (in /usr/lib/x86_64-linux-gnu/valgrind/vgpreload_memcheck-amd64-linux.so)
==2358==    by 0x1984F3: xmalloc (in /usr/bin/bash)
==2358==    by 0x1544C3: ??? (in /usr/bin/bash)
==2358==    by 0x157FCF: ??? (in /usr/bin/bash)
==2358==    by 0x15805C: ??? (in /usr/bin/bash)
==2358==    by 0x15B635: initialize_shell_variables (in /usr/bin/bash)
==2358==    by 0x138DC9: ??? (in /usr/bin/bash)
==2358==    by 0x137544: main (in /usr/bin/bash)
==2358== 
==2358== 48 bytes in 1 blocks are still reachable in loss record 252 of 304
==2358==    at 0x483B7F3: malloc (in /usr/lib/x86_64-linux-gnu/valgrind/vgpreload_memcheck-amd64-linux.so)
==2358==    by 0x1984F3: xmalloc (in /usr/bin/bash)
==2358==    by 0x1544C3: ??? (in /usr/bin/bash)
==2358==    by 0x157FCF: ??? (in /usr/bin/bash)
==2358==    by 0x15805C: ??? (in /usr/bin/bash)
==2358==    by 0x15AECB: initialize_shell_variables (in /usr/bin/bash)
==2358==    by 0x138DC9: ??? (in /usr/bin/bash)
==2358==    by 0x137544: main (in /usr/bin/bash)
==2358== 
==2358== 48 bytes in 1 blocks are still reachable in loss record 253 of 304
==2358==    at 0x483B7F3: malloc (in /usr/lib/x86_64-linux-gnu/valgrind/vgpreload_memcheck-amd64-linux.so)
==2358==    by 0x1984F3: xmalloc (in /usr/bin/bash)
==2358==    by 0x1544C3: ??? (in /usr/bin/bash)
==2358==    by 0x157FCF: ??? (in /usr/bin/bash)
==2358==    by 0x158D55: make_new_array_variable (in /usr/bin/bash)
==2358==    by 0x15AEE3: initialize_shell_variables (in /usr/bin/bash)
==2358==    by 0x138DC9: ??? (in /usr/bin/bash)
==2358==    by 0x137544: main (in /usr/bin/bash)
==2358== 
==2358== 48 bytes in 1 blocks are still reachable in loss record 254 of 304
==2358==    at 0x483B7F3: malloc (in /usr/lib/x86_64-linux-gnu/valgrind/vgpreload_memcheck-amd64-linux.so)
==2358==    by 0x1984F3: xmalloc (in /usr/bin/bash)
==2358==    by 0x1544C3: ??? (in /usr/bin/bash)
==2358==    by 0x157FCF: ??? (in /usr/bin/bash)
==2358==    by 0x15805C: ??? (in /usr/bin/bash)
==2358==    by 0x15B7C8: initialize_shell_variables (in /usr/bin/bash)
==2358==    by 0x138DC9: ??? (in /usr/bin/bash)
==2359== 
==2358==    by 0x137544: main (in /usr/bin/bash)
==2358== 
==2359== HEAP SUMMARY:
==2359==     in use at exit: 34,257 bytes in 387 blocks
==2359==   total heap usage: 587 allocs, 200 frees, 61,534 bytes allocated
==2359== 
==2358== 48 bytes in 1 blocks are still reachable in loss record 255 of 304
==2358==    at 0x483B7F3: malloc (in /usr/lib/x86_64-linux-gnu/valgrind/vgpreload_memcheck-amd64-linux.so)
==2359== 1 bytes in 1 blocks are still reachable in loss record 1 of 304
==2358==    by 0x1984F3: xmalloc (in /usr/bin/bash)
==2358==    by 0x1544C3: ??? (in /usr/bin/bash)
==2359==    at 0x483B7F3: malloc (in /usr/lib/x86_64-linux-gnu/valgrind/vgpreload_memcheck-amd64-linux.so)
==2358==    by 0x157FCF: ??? (in /usr/bin/bash)
==2358==    by 0x15805C: ??? (in /usr/bin/bash)
==2359==    by 0x1984F3: xmalloc (in /usr/bin/bash)
==2359==    by 0x1920F9: set_locale_var (in /usr/bin/bash)
==2358==    by 0x15B7AE: initialize_shell_variables (in /usr/bin/bash)
==2358==    by 0x138DC9: ??? (in /usr/bin/bash)
==2359==    by 0x192302: set_default_lang (in /usr/bin/bash)
==2359==    by 0x137549: main (in /usr/bin/bash)
==2358==    by 0x137544: main (in /usr/bin/bash)
==2358== 
==2359== 
==2358== 48 bytes in 1 blocks are still reachable in loss record 256 of 304
==2358==    at 0x483B7F3: malloc (in /usr/lib/x86_64-linux-gnu/valgrind/vgpreload_memcheck-amd64-linux.so)
==2359== 1 bytes in 1 blocks are still reachable in loss record 2 of 304
==2358==    by 0x1984F3: xmalloc (in /usr/bin/bash)
==2358==    by 0x1544C3: ??? (in /usr/bin/bash)
==2359==    at 0x483B7F3: malloc (in /usr/lib/x86_64-linux-gnu/valgrind/vgpreload_memcheck-amd64-linux.so)
==2359==    by 0x1984F3: xmalloc (in /usr/bin/bash)
==2358==    by 0x157FCF: ??? (in /usr/bin/bash)
==2358==    by 0x15805C: ??? (in /usr/bin/bash)
==2359==    by 0x191E21: set_lang (in /usr/bin/bash)
==2359==    by 0x137549: main (in /usr/bin/bash)
==2358==    by 0x15B112: initialize_shell_variables (in /usr/bin/bash)
==2358==    by 0x138DC9: ??? (in /usr/bin/bash)
==2359== 
==2359== 2 bytes in 1 blocks are still reachable in loss record 3 of 304
==2358==    by 0x137544: main (in /usr/bin/bash)
==2358== 
==2359==    at 0x483B7F3: malloc (in /usr/lib/x86_64-linux-gnu/valgrind/vgpreload_memcheck-amd64-linux.so)
==2359==    by 0x1984F3: xmalloc (in /usr/bin/bash)
==2358== 48 bytes in 1 blocks are still reachable in loss record 257 of 304
==2358==    at 0x483B7F3: malloc (in /usr/lib/x86_64-linux-gnu/valgrind/vgpreload_memcheck-amd64-linux.so)
==2359==    by 0x1544D7: ??? (in /usr/bin/bash)
==2358==    by 0x1984F3: xmalloc (in /usr/bin/bash)
==2358==    by 0x1544C3: ??? (in /usr/bin/bash)
==2359==    by 0x157FCF: ??? (in /usr/bin/bash)
==2359==    by 0x15805C: ??? (in /usr/bin/bash)
==2358==    by 0x157FCF: ??? (in /usr/bin/bash)
==2358==    by 0x15805C: ??? (in /usr/bin/bash)
==2359==    by 0x15AB01: initialize_shell_variables (in /usr/bin/bash)
==2359==    by 0x138DC9: ??? (in /usr/bin/bash)
==2358==    by 0x15B13F: initialize_shell_variables (in /usr/bin/bash)
==2358==    by 0x138DC9: ??? (in /usr/bin/bash)
==2359==    by 0x137544: main (in /usr/bin/bash)
==2359== 
==2358==    by 0x137544: main (in /usr/bin/bash)
==2358== 
==2359== 2 bytes in 1 blocks are still reachable in loss record 4 of 304
==2359==    at 0x483B7F3: malloc (in /usr/lib/x86_64-linux-gnu/valgrind/vgpreload_memcheck-amd64-linux.so)
==2358== 48 bytes in 1 blocks are still reachable in loss record 258 of 304
==2358==    at 0x483B7F3: malloc (in /usr/lib/x86_64-linux-gnu/valgrind/vgpreload_memcheck-amd64-linux.so)
==2359==    by 0x1984F3: xmalloc (in /usr/bin/bash)
==2359==    by 0x157FED: ??? (in /usr/bin/bash)
==2358==    by 0x1984F3: xmalloc (in /usr/bin/bash)
==2358==    by 0x1544C3: ??? (in /usr/bin/bash)
==2359==    by 0x15805C: ??? (in /usr/bin/bash)
==2359==    by 0x15AB01: initialize_shell_variables (in /usr/bin/bash)
==2358==    by 0x157FCF: ??? (in /usr/bin/bash)
==2358==    by 0x15805C: ??? (in /usr/bin/bash)
==2359==    by 0x138DC9: ??? (in /usr/bin/bash)
==2359==    by 0x137544: main (in /usr/bin/bash)
==2358==    by 0x15B165: initialize_shell_variables (in /usr/bin/bash)
==2358==    by 0x138DC9: ??? (in /usr/bin/bash)
==2359== 
==2359== 2 bytes in 1 blocks are still reachable in loss record 5 of 304
==2358==    by 0x137544: main (in /usr/bin/bash)
==2358== 
==2359==    at 0x483B7F3: malloc (in /usr/lib/x86_64-linux-gnu/valgrind/vgpreload_memcheck-amd64-linux.so)
==2359==    by 0x1984F3: xmalloc (in /usr/bin/bash)
==2358== 48 bytes in 1 blocks are still reachable in loss record 259 of 304
==2358==    at 0x483B7F3: malloc (in /usr/lib/x86_64-linux-gnu/valgrind/vgpreload_memcheck-amd64-linux.so)
==2359==    by 0x156DA1: make_variable_value (in /usr/bin/bash)
==2359==    by 0x15806D: ??? (in /usr/bin/bash)
==2358==    by 0x1984F3: xmalloc (in /usr/bin/bash)
==2358==    by 0x1544C3: ??? (in /usr/bin/bash)
==2359==    by 0x15929E: adjust_shell_level (in /usr/bin/bash)
==2359==    by 0x15AC10: initialize_shell_variables (in /usr/bin/bash)
==2358==    by 0x157FCF: ??? (in /usr/bin/bash)
==2358==    by 0x15805C: ??? (in /usr/bin/bash)
==2359==    by 0x138DC9: ??? (in /usr/bin/bash)
==2359==    by 0x137544: main (in /usr/bin/bash)
==2358==    by 0x15B188: initialize_shell_variables (in /usr/bin/bash)
==2358==    by 0x138DC9: ??? (in /usr/bin/bash)
==2359== 
==2359== 2 bytes in 1 blocks are still reachable in loss record 6 of 304
==2358==    by 0x137544: main (in /usr/bin/bash)
==2358== 
==2359==    at 0x483B7F3: malloc (in /usr/lib/x86_64-linux-gnu/valgrind/vgpreload_memcheck-amd64-linux.so)
==2359==    by 0x1984F3: xmalloc (in /usr/bin/bash)
==2358== 48 bytes in 1 blocks are still reachable in loss record 260 of 304
==2358==    at 0x483B7F3: malloc (in /usr/lib/x86_64-linux-gnu/valgrind/vgpreload_memcheck-amd64-linux.so)
==2359==    by 0x156DA1: make_variable_value (in /usr/bin/bash)
==2359==    by 0x15806D: ??? (in /usr/bin/bash)
==2358==    by 0x1984F3: xmalloc (in /usr/bin/bash)
==2358==    by 0x1544C3: ??? (in /usr/bin/bash)
==2359==    by 0x15AC2A: initialize_shell_variables (in /usr/bin/bash)
==2359==    by 0x138DC9: ??? (in /usr/bin/bash)
==2358==    by 0x157FCF: ??? (in /usr/bin/bash)
==2358==    by 0x15805C: ??? (in /usr/bin/bash)
==2359==    by 0x137544: main (in /usr/bin/bash)
==2359== 
==2358==    by 0x15B1AE: initialize_shell_variables (in /usr/bin/bash)
==2358==    by 0x138DC9: ??? (in /usr/bin/bash)
==2359== 2 bytes in 1 blocks are still reachable in loss record 7 of 304
==2359==    at 0x483B7F3: malloc (in /usr/lib/x86_64-linux-gnu/valgrind/vgpreload_memcheck-amd64-linux.so)
==2358==    by 0x137544: main (in /usr/bin/bash)
==2358== 
==2359==    by 0x1984F3: xmalloc (in /usr/bin/bash)
==2359==    by 0x156DA1: make_variable_value (in /usr/bin/bash)
==2358== 48 bytes in 1 blocks are still reachable in loss record 261 of 304
==2358==    at 0x483B7F3: malloc (in /usr/lib/x86_64-linux-gnu/valgrind/vgpreload_memcheck-amd64-linux.so)
==2359==    by 0x15806D: ??? (in /usr/bin/bash)
==2359==    by 0x15AC4A: initialize_shell_variables (in /usr/bin/bash)
==2358==    by 0x1984F3: xmalloc (in /usr/bin/bash)
==2358==    by 0x1544C3: ??? (in /usr/bin/bash)
==2359==    by 0x138DC9: ??? (in /usr/bin/bash)
==2359==    by 0x137544: main (in /usr/bin/bash)
==2358==    by 0x157FCF: ??? (in /usr/bin/bash)
==2358==    by 0x15805C: ??? (in /usr/bin/bash)
==2359== 
==2359== 2 bytes in 1 blocks are still reachable in loss record 8 of 304
==2358==    by 0x15B1D8: initialize_shell_variables (in /usr/bin/bash)
==2358==    by 0x138DC9: ??? (in /usr/bin/bash)
==2359==    at 0x483B7F3: malloc (in /usr/lib/x86_64-linux-gnu/valgrind/vgpreload_memcheck-amd64-linux.so)
==2359==    by 0x1984F3: xmalloc (in /usr/bin/bash)
==2358==    by 0x137544: main (in /usr/bin/bash)
==2358== 
==2359==    by 0x183473: array_create_element (in /usr/bin/bash)
==2359==    by 0x183987: array_insert (in /usr/bin/bash)
==2358== 48 bytes in 1 blocks are still reachable in loss record 262 of 304
==2358==    at 0x483B7F3: malloc (in /usr/lib/x86_64-linux-gnu/valgrind/vgpreload_memcheck-amd64-linux.so)
==2359==    by 0x15AF24: initialize_shell_variables (in /usr/bin/bash)
==2359==    by 0x138DC9: ??? (in /usr/bin/bash)
==2358==    by 0x1984F3: xmalloc (in /usr/bin/bash)
==2358==    by 0x1544C3: ??? (in /usr/bin/bash)
==2359==    by 0x137544: main (in /usr/bin/bash)
==2359== 
==2358==    by 0x157FCF: ??? (in /usr/bin/bash)
==2358==    by 0x15805C: ??? (in /usr/bin/bash)
==2359== 2 bytes in 1 blocks are still reachable in loss record 9 of 304
==2359==    at 0x483B7F3: malloc (in /usr/lib/x86_64-linux-gnu/valgrind/vgpreload_memcheck-amd64-linux.so)
==2358==    by 0x15B205: initialize_shell_variables (in /usr/bin/bash)
==2358==    by 0x138DC9: ??? (in /usr/bin/bash)
==2359==    by 0x1984F3: xmalloc (in /usr/bin/bash)
==2359==    by 0x183473: array_create_element (in /usr/bin/bash)
==2358==    by 0x137544: main (in /usr/bin/bash)
==2358== 
==2359==    by 0x183987: array_insert (in /usr/bin/bash)
==2359==    by 0x15AF34: initialize_shell_variables (in /usr/bin/bash)
==2358== 48 bytes in 1 blocks are still reachable in loss record 263 of 304
==2358==    at 0x483B7F3: malloc (in /usr/lib/x86_64-linux-gnu/valgrind/vgpreload_memcheck-amd64-linux.so)
==2359==    by 0x138DC9: ??? (in /usr/bin/bash)
==2359==    by 0x137544: main (in /usr/bin/bash)
==2358==    by 0x1984F3: xmalloc (in /usr/bin/bash)
==2358==    by 0x1544C3: ??? (in /usr/bin/bash)
==2359== 
==2358==    by 0x157FCF: ??? (in /usr/bin/bash)
==2358==    by 0x15805C: ??? (in /usr/bin/bash)
==2359== 2 bytes in 1 blocks are still reachable in loss record 10 of 304
==2359==    at 0x483B7F3: malloc (in /usr/lib/x86_64-linux-gnu/valgrind/vgpreload_memcheck-amd64-linux.so)
==2358==    by 0x15B228: initialize_shell_variables (in /usr/bin/bash)
==2358==    by 0x138DC9: ??? (in /usr/bin/bash)
==2359==    by 0x1984F3: xmalloc (in /usr/bin/bash)
==2359==    by 0x183473: array_create_element (in /usr/bin/bash)
==2358==    by 0x137544: main (in /usr/bin/bash)
==2358== 
==2359==    by 0x183987: array_insert (in /usr/bin/bash)
==2359==    by 0x15AF81: initialize_shell_variables (in /usr/bin/bash)
==2358== 48 bytes in 1 blocks are still reachable in loss record 264 of 304
==2358==    at 0x483B7F3: malloc (in /usr/lib/x86_64-linux-gnu/valgrind/vgpreload_memcheck-amd64-linux.so)
==2359==    by 0x138DC9: ??? (in /usr/bin/bash)
==2359==    by 0x137544: main (in /usr/bin/bash)
==2358==    by 0x1984F3: xmalloc (in /usr/bin/bash)
==2358==    by 0x1544C3: ??? (in /usr/bin/bash)
==2359== 
==2359== 2 bytes in 1 blocks are still reachable in loss record 11 of 304
==2358==    by 0x157FCF: ??? (in /usr/bin/bash)
==2358==    by 0x15805C: ??? (in /usr/bin/bash)
==2359==    at 0x483B7F3: malloc (in /usr/lib/x86_64-linux-gnu/valgrind/vgpreload_memcheck-amd64-linux.so)
==2359==    by 0x1984F3: xmalloc (in /usr/bin/bash)
==2358==    by 0x15B24E: initialize_shell_variables (in /usr/bin/bash)
==2358==    by 0x138DC9: ??? (in /usr/bin/bash)
==2359==    by 0x156DA1: make_variable_value (in /usr/bin/bash)
==2359==    by 0x15806D: ??? (in /usr/bin/bash)
==2358==    by 0x137544: main (in /usr/bin/bash)
==2358== 
==2359==    by 0x15B7C8: initialize_shell_variables (in /usr/bin/bash)
==2358== 48 bytes in 1 blocks are still reachable in loss record 265 of 304
==2358==    at 0x483B7F3: malloc (in /usr/lib/x86_64-linux-gnu/valgrind/vgpreload_memcheck-amd64-linux.so)
==2359==    by 0x138DC9: ??? (in /usr/bin/bash)
==2359==    by 0x137544: main (in /usr/bin/bash)
==2358==    by 0x1984F3: xmalloc (in /usr/bin/bash)
==2358==    by 0x1544C3: ??? (in /usr/bin/bash)
==2359== 
==2359== 2 bytes in 1 blocks are still reachable in loss record 12 of 304
==2358==    by 0x157FCF: ??? (in /usr/bin/bash)
==2359==    at 0x483B7F3: malloc (in /usr/lib/x86_64-linux-gnu/valgrind/vgpreload_memcheck-amd64-linux.so)
==2359==    by 0x1984F3: xmalloc (in /usr/bin/bash)
==2358==    by 0x15805C: ??? (in /usr/bin/bash)
==2358==    by 0x15B27B: initialize_shell_variables (in /usr/bin/bash)
==2359==    by 0x156DA1: make_variable_value (in /usr/bin/bash)
==2359==    by 0x15806D: ??? (in /usr/bin/bash)
==2358==    by 0x138DC9: ??? (in /usr/bin/bash)
==2358==    by 0x137544: main (in /usr/bin/bash)
==2359==    by 0x15B7AE: initialize_shell_variables (in /usr/bin/bash)
==2359==    by 0x138DC9: ??? (in /usr/bin/bash)
==2358== 
==2359==    by 0x137544: main (in /usr/bin/bash)
==2359== 
==2358== 48 bytes in 1 blocks are still reachable in loss record 266 of 304
==2358==    at 0x483B7F3: malloc (in /usr/lib/x86_64-linux-gnu/valgrind/vgpreload_memcheck-amd64-linux.so)
==2359== 2 bytes in 1 blocks are still reachable in loss record 13 of 304
==2358==    by 0x1984F3: xmalloc (in /usr/bin/bash)
==2358==    by 0x1544C3: ??? (in /usr/bin/bash)
==2359==    at 0x483B7F3: malloc (in /usr/lib/x86_64-linux-gnu/valgrind/vgpreload_memcheck-amd64-linux.so)
==2359==    by 0x1984F3: xmalloc (in /usr/bin/bash)
==2358==    by 0x157FCF: ??? (in /usr/bin/bash)
==2358==    by 0x15805C: ??? (in /usr/bin/bash)
==2359==    by 0x183473: array_create_element (in /usr/bin/bash)
==2359==    by 0x18367F: ??? (in /usr/bin/bash)
==2358==    by 0x15B2A2: initialize_shell_variables (in /usr/bin/bash)
==2358==    by 0x138DC9: ??? (in /usr/bin/bash)
==2359==    by 0x137CB1: main (in /usr/bin/bash)
==2359== 
==2358==    by 0x137544: main (in /usr/bin/bash)
==2358== 
==2359== 2 bytes in 1 blocks are still reachable in loss record 14 of 304
==2359==    at 0x483B7F3: malloc (in /usr/lib/x86_64-linux-gnu/valgrind/vgpreload_memcheck-amd64-linux.so)
==2358== 48 bytes in 1 blocks are still reachable in loss record 267 of 304
==2358==    at 0x483B7F3: malloc (in /usr/lib/x86_64-linux-gnu/valgrind/vgpreload_memcheck-amd64-linux.so)
==2359==    by 0x1984F3: xmalloc (in /usr/bin/bash)
==2359==    by 0x1B7D71: itos (in /usr/bin/bash)
==2358==    by 0x1984F3: xmalloc (in /usr/bin/bash)
==2358==    by 0x1544C3: ??? (in /usr/bin/bash)
==2359==    by 0x15C13B: set_pipestatus_array (in /usr/bin/bash)
==2358==    by 0x157FCF: ??? (in /usr/bin/bash)
==2358==    by 0x158D55: make_new_array_variable (in /usr/bin/bash)
==2359==    by 0x15172F: execute_command_internal (in /usr/bin/bash)
==2359==    by 0x1519D9: execute_command (in /usr/bin/bash)
==2358==    by 0x158DA7: ??? (in /usr/bin/bash)
==2358==    by 0x15B2CD: initialize_shell_variables (in /usr/bin/bash)
==2359==    by 0x139664: reader_loop (in /usr/bin/bash)
==2359==    by 0x137EF8: main (in /usr/bin/bash)
==2358==    by 0x138DC9: ??? (in /usr/bin/bash)
==2358==    by 0x137544: main (in /usr/bin/bash)
==2359== 
==2359== 2 bytes in 1 blocks are definitely lost in loss record 15 of 304
==2358== 
==2358== 48 bytes in 1 blocks are still reachable in loss record 268 of 304
==2359==    at 0x483B7F3: malloc (in /usr/lib/x86_64-linux-gnu/valgrind/vgpreload_memcheck-amd64-linux.so)
==2359==    by 0x1984F3: xmalloc (in /usr/bin/bash)
==2358==    at 0x483B7F3: malloc (in /usr/lib/x86_64-linux-gnu/valgrind/vgpreload_memcheck-amd64-linux.so)
==2358==    by 0x1984F3: xmalloc (in /usr/bin/bash)
==2359==    by 0x19196E: set_default_locale (in /usr/bin/bash)
==2359==    by 0x136C8A: main (in /usr/bin/bash)
==2358==    by 0x1544C3: ??? (in /usr/bin/bash)
==2358==    by 0x157FCF: ??? (in /usr/bin/bash)
==2359== 
==2359== 3 bytes in 1 blocks are still reachable in loss record 16 of 304
==2358==    by 0x158D55: make_new_array_variable (in /usr/bin/bash)
==2358==    by 0x158DA7: ??? (in /usr/bin/bash)
==2359==    at 0x483B7F3: malloc (in /usr/lib/x86_64-linux-gnu/valgrind/vgpreload_memcheck-amd64-linux.so)
==2359==    by 0x1984F3: xmalloc (in /usr/bin/bash)
==2358==    by 0x15B2EC: initialize_shell_variables (in /usr/bin/bash)
==2358==    by 0x138DC9: ??? (in /usr/bin/bash)
==2359==    by 0x156DA1: make_variable_value (in /usr/bin/bash)
==2359==    by 0x15806D: ??? (in /usr/bin/bash)
==2358==    by 0x137544: main (in /usr/bin/bash)
==2358== 
==2359==    by 0x15AB65: initialize_shell_variables (in /usr/bin/bash)
==2359==    by 0x138DC9: ??? (in /usr/bin/bash)
==2358== 48 bytes in 1 blocks are still reachable in loss record 269 of 304
==2358==    at 0x483B7F3: malloc (in /usr/lib/x86_64-linux-gnu/valgrind/vgpreload_memcheck-amd64-linux.so)
==2359==    by 0x137544: main (in /usr/bin/bash)
==2359== 
==2358==    by 0x1984F3: xmalloc (in /usr/bin/bash)
==2358==    by 0x1544C3: ??? (in /usr/bin/bash)
==2359== 3 bytes in 1 blocks are still reachable in loss record 17 of 304
==2359==    at 0x483B7F3: malloc (in /usr/lib/x86_64-linux-gnu/valgrind/vgpreload_memcheck-amd64-linux.so)
==2358==    by 0x157FCF: ??? (in /usr/bin/bash)
==2358==    by 0x158D55: make_new_array_variable (in /usr/bin/bash)
==2359==    by 0x1984F3: xmalloc (in /usr/bin/bash)
==2359==    by 0x183473: array_create_element (in /usr/bin/bash)
==2358==    by 0x158DA7: ??? (in /usr/bin/bash)
==2358==    by 0x15B30B: initialize_shell_variables (in /usr/bin/bash)
==2359==    by 0x183987: array_insert (in /usr/bin/bash)
==2359==    by 0x15AF5D: initialize_shell_variables (in /usr/bin/bash)
==2358==    by 0x138DC9: ??? (in /usr/bin/bash)
==2358==    by 0x137544: main (in /usr/bin/bash)
==2359==    by 0x138DC9: ??? (in /usr/bin/bash)
==2359==    by 0x137544: main (in /usr/bin/bash)
==2358== 
==2359== 
==2359== 3 bytes in 1 blocks are still reachable in loss record 18 of 304
==2358== 48 bytes in 1 blocks are still reachable in loss record 270 of 304
==2358==    at 0x483B7F3: malloc (in /usr/lib/x86_64-linux-gnu/valgrind/vgpreload_memcheck-amd64-linux.so)
==2359==    at 0x483B7F3: malloc (in /usr/lib/x86_64-linux-gnu/valgrind/vgpreload_memcheck-amd64-linux.so)
==2359==    by 0x1984F3: xmalloc (in /usr/bin/bash)
==2358==    by 0x1984F3: xmalloc (in /usr/bin/bash)
==2358==    by 0x1544C3: ??? (in /usr/bin/bash)
==2359==    by 0x156DA1: make_variable_value (in /usr/bin/bash)
==2359==    by 0x15844D: ??? (in /usr/bin/bash)
==2358==    by 0x157FCF: ??? (in /usr/bin/bash)
==2358==    by 0x158D55: make_new_array_variable (in /usr/bin/bash)
==2359==    by 0x14C342: ??? (in /usr/bin/bash)
==2358==    by 0x158DA7: ??? (in /usr/bin/bash)
==2358==    by 0x15B32A: initialize_shell_variables (in /usr/bin/bash)
==2359==    by 0x150B52: execute_command_internal (in /usr/bin/bash)
==2359==    by 0x1519D9: execute_command (in /usr/bin/bash)
==2358==    by 0x138DC9: ??? (in /usr/bin/bash)
==2358==    by 0x137544: main (in /usr/bin/bash)
==2359==    by 0x139664: reader_loop (in /usr/bin/bash)
==2359==    by 0x137EF8: main (in /usr/bin/bash)
==2358== 
==2358== 48 bytes in 1 blocks are still reachable in loss record 271 of 304
==2359== 
==2359== 3 bytes in 3 blocks are still reachable in loss record 19 of 304
==2358==    at 0x483B7F3: malloc (in /usr/lib/x86_64-linux-gnu/valgrind/vgpreload_memcheck-amd64-linux.so)
==2358==    by 0x1984F3: xmalloc (in /usr/bin/bash)
==2359==    at 0x483B7F3: malloc (in /usr/lib/x86_64-linux-gnu/valgrind/vgpreload_memcheck-amd64-linux.so)
==2359==    by 0x1984F3: xmalloc (in /usr/bin/bash)
==2358==    by 0x1544C3: ??? (in /usr/bin/bash)
==2358==    by 0x157FCF: ??? (in /usr/bin/bash)
==2359==    by 0x156DE1: make_variable_value (in /usr/bin/bash)
==2359==    by 0x15806D: ??? (in /usr/bin/bash)
==2358==    by 0x158D55: make_new_array_variable (in /usr/bin/bash)
==2358==    by 0x158DA7: ??? (in /usr/bin/bash)
==2359==    by 0x15AD0C: initialize_shell_variables (in /usr/bin/bash)
==2359==    by 0x138DC9: ??? (in /usr/bin/bash)
==2358==    by 0x15B349: initialize_shell_variables (in /usr/bin/bash)
==2358==    by 0x138DC9: ??? (in /usr/bin/bash)
==2359==    by 0x137544: main (in /usr/bin/bash)
==2358==    by 0x137544: main (in /usr/bin/bash)
==2358== 
==2359== 
==2359== 4 bytes in 1 blocks are still reachable in loss record 20 of 304
==2358== 48 bytes in 1 blocks are still reachable in loss record 272 of 304
==2358==    at 0x483B7F3: malloc (in /usr/lib/x86_64-linux-gnu/valgrind/vgpreload_memcheck-amd64-linux.so)
==2359==    at 0x483B7F3: malloc (in /usr/lib/x86_64-linux-gnu/valgrind/vgpreload_memcheck-amd64-linux.so)
==2359==    by 0x1984F3: xmalloc (in /usr/bin/bash)
==2358==    by 0x1984F3: xmalloc (in /usr/bin/bash)
==2358==    by 0x1544C3: ??? (in /usr/bin/bash)
==2359==    by 0x1544D7: ??? (in /usr/bin/bash)
==2359==    by 0x157FCF: ??? (in /usr/bin/bash)
==2358==    by 0x157FCF: ??? (in /usr/bin/bash)
==2358==    by 0x158D55: make_new_array_variable (in /usr/bin/bash)
==2359==    by 0x15805C: ??? (in /usr/bin/bash)
==2359==    by 0x159447: set_pwd (in /usr/bin/bash)
==2358==    by 0x158DA7: ??? (in /usr/bin/bash)
==2358==    by 0x15B368: initialize_shell_variables (in /usr/bin/bash)
==2359==    by 0x15AAEE: initialize_shell_variables (in /usr/bin/bash)
==2359==    by 0x138DC9: ??? (in /usr/bin/bash)
==2358==    by 0x138DC9: ??? (in /usr/bin/bash)
==2358==    by 0x137544: main (in /usr/bin/bash)
==2359==    by 0x137544: main (in /usr/bin/bash)
==2359== 
==2358== 
==2358== 48 bytes in 1 blocks are still reachable in loss record 273 of 304
==2359== 4 bytes in 1 blocks are still reachable in loss record 21 of 304
==2359==    at 0x483B7F3: malloc (in /usr/lib/x86_64-linux-gnu/valgrind/vgpreload_memcheck-amd64-linux.so)
==2358==    at 0x483B7F3: malloc (in /usr/lib/x86_64-linux-gnu/valgrind/vgpreload_memcheck-amd64-linux.so)
==2358==    by 0x1984F3: xmalloc (in /usr/bin/bash)
==2359==    by 0x1984F3: xmalloc (in /usr/bin/bash)
==2359==    by 0x157FED: ??? (in /usr/bin/bash)
==2358==    by 0x1544C3: ??? (in /usr/bin/bash)
==2358==    by 0x157FCF: ??? (in /usr/bin/bash)
==2359==    by 0x15805C: ??? (in /usr/bin/bash)
==2358==    by 0x158DE5: make_new_assoc_variable (in /usr/bin/bash)
==2358==    by 0x15B6A9: initialize_shell_variables (in /usr/bin/bash)
==2359==    by 0x159447: set_pwd (in /usr/bin/bash)
==2359==    by 0x15AAEE: initialize_shell_variables (in /usr/bin/bash)
==2358==    by 0x138DC9: ??? (in /usr/bin/bash)
==2358==    by 0x137544: main (in /usr/bin/bash)
==2359==    by 0x138DC9: ??? (in /usr/bin/bash)
==2359==    by 0x137544: main (in /usr/bin/bash)
==2358== 
==2359== 
==2359== 4 bytes in 1 blocks are still reachable in loss record 22 of 304
==2358== 48 bytes in 1 blocks are still reachable in loss record 274 of 304
==2358==    at 0x483B7F3: malloc (in /usr/lib/x86_64-linux-gnu/valgrind/vgpreload_memcheck-amd64-linux.so)
==2359==    at 0x483B7F3: malloc (in /usr/lib/x86_64-linux-gnu/valgrind/vgpreload_memcheck-amd64-linux.so)
==2359==    by 0x1984F3: xmalloc (in /usr/bin/bash)
==2358==    by 0x1984F3: xmalloc (in /usr/bin/bash)
==2358==    by 0x1544C3: ??? (in /usr/bin/bash)
==2359==    by 0x1544D7: ??? (in /usr/bin/bash)
==2359==    by 0x157FCF: ??? (in /usr/bin/bash)
==2358==    by 0x157FCF: ??? (in /usr/bin/bash)
==2358==    by 0x158DE5: make_new_assoc_variable (in /usr/bin/bash)
==2359==    by 0x15805C: ??? (in /usr/bin/bash)
==2359==    by 0x15AB65: initialize_shell_variables (in /usr/bin/bash)
==2358==    by 0x15B67B: initialize_shell_variables (in /usr/bin/bash)
==2359==    by 0x138DC9: ??? (in /usr/bin/bash)
==2359==    by 0x137544: main (in /usr/bin/bash)
==2358==    by 0x138DC9: ??? (in /usr/bin/bash)
==2358==    by 0x137544: main (in /usr/bin/bash)
==2359== 
==2359== 4 bytes in 1 blocks are still reachable in loss record 23 of 304
==2358== 
==2358== 48 bytes in 1 blocks are still reachable in loss record 275 of 304
==2359==    at 0x483B7F3: malloc (in /usr/lib/x86_64-linux-gnu/valgrind/vgpreload_memcheck-amd64-linux.so)
==2358==    at 0x483B7F3: malloc (in /usr/lib/x86_64-linux-gnu/valgrind/vgpreload_memcheck-amd64-linux.so)
==2358==    by 0x1984F3: xmalloc (in /usr/bin/bash)
==2359==    by 0x1984F3: xmalloc (in /usr/bin/bash)
==2359==    by 0x157FED: ??? (in /usr/bin/bash)
==2358==    by 0x1544C3: ??? (in /usr/bin/bash)
==2358==    by 0x157FCF: ??? (in /usr/bin/bash)
==2359==    by 0x15805C: ??? (in /usr/bin/bash)
==2359==    by 0x15AB65: initialize_shell_variables (in /usr/bin/bash)
==2358==    by 0x158D55: make_new_array_variable (in /usr/bin/bash)
==2358==    by 0x15B64D: initialize_shell_variables (in /usr/bin/bash)
==2359==    by 0x138DC9: ??? (in /usr/bin/bash)
==2359==    by 0x137544: main (in /usr/bin/bash)
==2358==    by 0x138DC9: ??? (in /usr/bin/bash)
==2358==    by 0x137544: main (in /usr/bin/bash)
==2359== 
==2359== 4 bytes in 1 blocks are still reachable in loss record 24 of 304
==2358== 
==2358== 48 bytes in 1 blocks are still reachable in loss record 276 of 304
==2359==    at 0x483B7F3: malloc (in /usr/lib/x86_64-linux-gnu/valgrind/vgpreload_memcheck-amd64-linux.so)
==2359==    by 0x1984F3: xmalloc (in /usr/bin/bash)
==2358==    at 0x483B7F3: malloc (in /usr/lib/x86_64-linux-gnu/valgrind/vgpreload_memcheck-amd64-linux.so)
==2358==    by 0x1984F3: xmalloc (in /usr/bin/bash)
==2359==    by 0x1544D7: ??? (in /usr/bin/bash)
==2359==    by 0x157FCF: ??? (in /usr/bin/bash)
==2358==    by 0x1544C3: ??? (in /usr/bin/bash)
==2358==    by 0x157FCF: ??? (in /usr/bin/bash)
==2359==    by 0x15805C: ??? (in /usr/bin/bash)
==2359==    by 0x15AB7A: initialize_shell_variables (in /usr/bin/bash)
==2358==    by 0x15805C: ??? (in /usr/bin/bash)
==2359==    by 0x138DC9: ??? (in /usr/bin/bash)
==2358==    by 0x1A76E0: set_shellopts (in /usr/bin/bash)
==2358==    by 0x138DFD: ??? (in /usr/bin/bash)
==2359==    by 0x137544: main (in /usr/bin/bash)
==2359== 
==2358==    by 0x137544: main (in /usr/bin/bash)
==2358== 
==2359== 4 bytes in 1 blocks are still reachable in loss record 25 of 304
==2359==    at 0x483B7F3: malloc (in /usr/lib/x86_64-linux-gnu/valgrind/vgpreload_memcheck-amd64-linux.so)
==2358== 48 bytes in 1 blocks are still reachable in loss record 277 of 304
==2358==    at 0x483B7F3: malloc (in /usr/lib/x86_64-linux-gnu/valgrind/vgpreload_memcheck-amd64-linux.so)
==2359==    by 0x1984F3: xmalloc (in /usr/bin/bash)
==2358==    by 0x1984F3: xmalloc (in /usr/bin/bash)
==2358==    by 0x1544C3: ??? (in /usr/bin/bash)
==2359==    by 0x157FED: ??? (in /usr/bin/bash)
==2358==    by 0x157FCF: ??? (in /usr/bin/bash)
==2358==    by 0x15805C: ??? (in /usr/bin/bash)
==2359==    by 0x15805C: ??? (in /usr/bin/bash)
==2359==    by 0x15AB7A: initialize_shell_variables (in /usr/bin/bash)
==2358==    by 0x1AC4B0: set_bashopts (in /usr/bin/bash)
==2358==    by 0x138E1C: ??? (in /usr/bin/bash)
==2359==    by 0x138DC9: ??? (in /usr/bin/bash)
==2359==    by 0x137544: main (in /usr/bin/bash)
==2358==    by 0x137544: main (in /usr/bin/bash)
==2358== 
==2359== 
==2358== 48 bytes in 1 blocks are still reachable in loss record 278 of 304
==2358==    at 0x483B7F3: malloc (in /usr/lib/x86_64-linux-gnu/valgrind/vgpreload_memcheck-amd64-linux.so)
==2359== 4 bytes in 1 blocks are still reachable in loss record 26 of 304
==2359==    at 0x483B7F3: malloc (in /usr/lib/x86_64-linux-gnu/valgrind/vgpreload_memcheck-amd64-linux.so)
==2358==    by 0x1984F3: xmalloc (in /usr/bin/bash)
==2358==    by 0x17E939: fd_to_buffered_stream (in /usr/bin/bash)
==2359==    by 0x1984F3: xmalloc (in /usr/bin/bash)
==2359==    by 0x156DA1: make_variable_value (in /usr/bin/bash)
==2358==    by 0x17EF54: with_input_from_buffered_stream (in /usr/bin/bash)
==2358==    by 0x137DC4: main (in /usr/bin/bash)
==2359==    by 0x15806D: ??? (in /usr/bin/bash)
==2359==    by 0x15AB7A: initialize_shell_variables (in /usr/bin/bash)
==2358== 
==2358== 48 bytes in 1 blocks are still reachable in loss record 279 of 304
==2359==    by 0x138DC9: ??? (in /usr/bin/bash)
==2359==    by 0x137544: main (in /usr/bin/bash)
==2358==    at 0x483B7F3: malloc (in /usr/lib/x86_64-linux-gnu/valgrind/vgpreload_memcheck-amd64-linux.so)
==2358==    by 0x1984F3: xmalloc (in /usr/bin/bash)
==2359== 
==2358==    by 0x1544C3: ??? (in /usr/bin/bash)
==2358==    by 0x157FCF: ??? (in /usr/bin/bash)
==2359== 4 bytes in 1 blocks are still reachable in loss record 27 of 304
==2359==    at 0x483B7F3: malloc (in /usr/lib/x86_64-linux-gnu/valgrind/vgpreload_memcheck-amd64-linux.so)
==2358==    by 0x158D55: make_new_array_variable (in /usr/bin/bash)
==2359==    by 0x1984F3: xmalloc (in /usr/bin/bash)
==2359==    by 0x1544D7: ??? (in /usr/bin/bash)
==2358==    by 0x15C10B: set_pipestatus_array (in /usr/bin/bash)
==2358==    by 0x15172F: execute_command_internal (in /usr/bin/bash)
==2359==    by 0x157FCF: ??? (in /usr/bin/bash)
==2359==    by 0x15805C: ??? (in /usr/bin/bash)
==2358==    by 0x1519D9: execute_command (in /usr/bin/bash)
==2358==    by 0x139664: reader_loop (in /usr/bin/bash)
==2359==    by 0x15B7C8: initialize_shell_variables (in /usr/bin/bash)
==2359==    by 0x138DC9: ??? (in /usr/bin/bash)
==2358==    by 0x137EF8: main (in /usr/bin/bash)
==2358== 
==2359==    by 0x137544: main (in /usr/bin/bash)
==2359== 
==2358== 61 bytes in 1 blocks are still reachable in loss record 280 of 304
==2358==    at 0x483B7F3: malloc (in /usr/lib/x86_64-linux-gnu/valgrind/vgpreload_memcheck-amd64-linux.so)
==2359== 4 bytes in 1 blocks are still reachable in loss record 28 of 304
==2359==    at 0x483B7F3: malloc (in /usr/lib/x86_64-linux-gnu/valgrind/vgpreload_memcheck-amd64-linux.so)
==2358==    by 0x1984F3: xmalloc (in /usr/bin/bash)
==2358==    by 0x156DA1: make_variable_value (in /usr/bin/bash)
==2359==    by 0x1984F3: xmalloc (in /usr/bin/bash)
==2359==    by 0x157FED: ??? (in /usr/bin/bash)
==2358==    by 0x15806D: ??? (in /usr/bin/bash)
==2358==    by 0x15AB1F: initialize_shell_variables (in /usr/bin/bash)
==2359==    by 0x15805C: ??? (in /usr/bin/bash)
==2359==    by 0x15B7C8: initialize_shell_variables (in /usr/bin/bash)
==2358==    by 0x138DC9: ??? (in /usr/bin/bash)
==2358==    by 0x137544: main (in /usr/bin/bash)
==2359==    by 0x138DC9: ??? (in /usr/bin/bash)
==2359==    by 0x137544: main (in /usr/bin/bash)
==2358== 
==2358== 64 bytes in 1 blocks are still reachable in loss record 281 of 304
==2359== 
==2359== 5 bytes in 1 blocks are still reachable in loss record 29 of 304
==2358==    at 0x483B7F3: malloc (in /usr/lib/x86_64-linux-gnu/valgrind/vgpreload_memcheck-amd64-linux.so)
==2358==    by 0x1984F3: xmalloc (in /usr/bin/bash)
==2359==    at 0x483B7F3: malloc (in /usr/lib/x86_64-linux-gnu/valgrind/vgpreload_memcheck-amd64-linux.so)
==2359==    by 0x1984F3: xmalloc (in /usr/bin/bash)
==2358==    by 0x149383: ??? (in /usr/bin/bash)
==2358==    by 0x149402: ??? (in /usr/bin/bash)
==2359==    by 0x1544D7: ??? (in /usr/bin/bash)
==2359==    by 0x157FCF: ??? (in /usr/bin/bash)
==2358==    by 0x1496BF: ??? (in /usr/bin/bash)
==2358==    by 0x14AE57: print_simple_command (in /usr/bin/bash)
==2359==    by 0x15805C: ??? (in /usr/bin/bash)
==2359==    by 0x15AB1F: initialize_shell_variables (in /usr/bin/bash)
==2358==    by 0x14F903: execute_command_internal (in /usr/bin/bash)
==2358==    by 0x1519D9: execute_command (in /usr/bin/bash)
==2359==    by 0x138DC9: ??? (in /usr/bin/bash)
==2359==    by 0x137544: main (in /usr/bin/bash)
==2358==    by 0x139664: reader_loop (in /usr/bin/bash)
==2358==    by 0x137EF8: main (in /usr/bin/bash)
==2359== 
==2359== 5 bytes in 1 blocks are still reachable in loss record 30 of 304
==2358== 
==2358== 128 bytes in 1 blocks are still reachable in loss record 282 of 304
==2359==    at 0x483B7F3: malloc (in /usr/lib/x86_64-linux-gnu/valgrind/vgpreload_memcheck-amd64-linux.so)
==2359==    by 0x1984F3: xmalloc (in /usr/bin/bash)
==2358==    at 0x483B7F3: malloc (in /usr/lib/x86_64-linux-gnu/valgrind/vgpreload_memcheck-amd64-linux.so)
==2358==    by 0x1984F3: xmalloc (in /usr/bin/bash)
==2359==    by 0x157FED: ??? (in /usr/bin/bash)
==2359==    by 0x15805C: ??? (in /usr/bin/bash)
==2358==    by 0x17E92C: fd_to_buffered_stream (in /usr/bin/bash)
==2358==    by 0x17EF54: with_input_from_buffered_stream (in /usr/bin/bash)
==2359==    by 0x15AB1F: initialize_shell_variables (in /usr/bin/bash)
==2359==    by 0x138DC9: ??? (in /usr/bin/bash)
==2358==    by 0x137DC4: main (in /usr/bin/bash)
==2358== 
==2359==    by 0x137544: main (in /usr/bin/bash)
==2359== 
==2358== 144 bytes in 1 blocks are still reachable in loss record 283 of 304
==2358==    at 0x483B7F3: malloc (in /usr/lib/x86_64-linux-gnu/valgrind/vgpreload_memcheck-amd64-linux.so)
==2359== 5 bytes in 1 blocks are still reachable in loss record 31 of 304
==2359==    at 0x483B7F3: malloc (in /usr/lib/x86_64-linux-gnu/valgrind/vgpreload_memcheck-amd64-linux.so)
==2358==    by 0x1984F3: xmalloc (in /usr/bin/bash)
==2358==    by 0x156DA1: make_variable_value (in /usr/bin/bash)
==2359==    by 0x1984F3: xmalloc (in /usr/bin/bash)
==2359==    by 0x1544D7: ??? (in /usr/bin/bash)
==2358==    by 0x15806D: ??? (in /usr/bin/bash)
==2358==    by 0x1AC4B0: set_bashopts (in /usr/bin/bash)
==2359==    by 0x157FCF: ??? (in /usr/bin/bash)
==2358==    by 0x138E1C: ??? (in /usr/bin/bash)
==2358==    by 0x137544: main (in /usr/bin/bash)
==2359==    by 0x15805C: ??? (in /usr/bin/bash)
==2359==    by 0x15AB32: initialize_shell_variables (in /usr/bin/bash)
==2358== 
==2358== 150 bytes in 11 blocks are still reachable in loss record 284 of 304
==2359==    by 0x138DC9: ??? (in /usr/bin/bash)
==2359==    by 0x137544: main (in /usr/bin/bash)
==2358==    at 0x483B7F3: malloc (in /usr/lib/x86_64-linux-gnu/valgrind/vgpreload_memcheck-amd64-linux.so)
==2358==    by 0x1984F3: xmalloc (in /usr/bin/bash)
==2359== 
==2359== 5 bytes in 1 blocks are still reachable in loss record 32 of 304
==2358==    by 0x1544D7: ??? (in /usr/bin/bash)
==2358==    by 0x157FCF: ??? (in /usr/bin/bash)
==2359==    at 0x483B7F3: malloc (in /usr/lib/x86_64-linux-gnu/valgrind/vgpreload_memcheck-amd64-linux.so)
==2359==    by 0x1984F3: xmalloc (in /usr/bin/bash)
==2358==    by 0x15805C: ??? (in /usr/bin/bash)
==2358==    by 0x15AD0C: initialize_shell_variables (in /usr/bin/bash)
==2359==    by 0x157FED: ??? (in /usr/bin/bash)
==2359==    by 0x15805C: ??? (in /usr/bin/bash)
==2358==    by 0x138DC9: ??? (in /usr/bin/bash)
==2358==    by 0x137544: main (in /usr/bin/bash)
==2359==    by 0x15AB32: initialize_shell_variables (in /usr/bin/bash)
==2359==    by 0x138DC9: ??? (in /usr/bin/bash)
==2358== 
==2358== 150 bytes in 11 blocks are still reachable in loss record 285 of 304
==2359==    by 0x137544: main (in /usr/bin/bash)
==2359== 
==2358==    at 0x483B7F3: malloc (in /usr/lib/x86_64-linux-gnu/valgrind/vgpreload_memcheck-amd64-linux.so)
==2358==    by 0x1984F3: xmalloc (in /usr/bin/bash)
==2359== 5 bytes in 1 blocks are still reachable in loss record 33 of 304
==2359==    at 0x483B7F3: malloc (in /usr/lib/x86_64-linux-gnu/valgrind/vgpreload_memcheck-amd64-linux.so)
==2358==    by 0x157FED: ??? (in /usr/bin/bash)
==2358==    by 0x15805C: ??? (in /usr/bin/bash)
==2359==    by 0x1984F3: xmalloc (in /usr/bin/bash)
==2359==    by 0x156DA1: make_variable_value (in /usr/bin/bash)
==2358==    by 0x15AD0C: initialize_shell_variables (in /usr/bin/bash)
==2358==    by 0x138DC9: ??? (in /usr/bin/bash)
==2359==    by 0x15806D: ??? (in /usr/bin/bash)
==2359==    by 0x15AB32: initialize_shell_variables (in /usr/bin/bash)
==2358==    by 0x137544: main (in /usr/bin/bash)
==2358== 
==2359==    by 0x138DC9: ??? (in /usr/bin/bash)
==2359==    by 0x137544: main (in /usr/bin/bash)
==2358== 223 bytes in 8 blocks are still reachable in loss record 286 of 304
==2358==    at 0x483B7F3: malloc (in /usr/lib/x86_64-linux-gnu/valgrind/vgpreload_memcheck-amd64-linux.so)
==2359== 
==2358==    by 0x1984F3: xmalloc (in /usr/bin/bash)
==2359== 5 bytes in 1 blocks are still reachable in loss record 34 of 304
==2358==    by 0x156DA1: make_variable_value (in /usr/bin/bash)
==2358==    by 0x15806D: ??? (in /usr/bin/bash)
==2359==    at 0x483B7F3: malloc (in /usr/lib/x86_64-linux-gnu/valgrind/vgpreload_memcheck-amd64-linux.so)
==2359==    by 0x1984F3: xmalloc (in /usr/bin/bash)
==2358==    by 0x15AD0C: initialize_shell_variables (in /usr/bin/bash)
==2359==    by 0x1544D7: ??? (in /usr/bin/bash)
==2359==    by 0x157FCF: ??? (in /usr/bin/bash)
==2358==    by 0x138DC9: ??? (in /usr/bin/bash)
==2358==    by 0x137544: main (in /usr/bin/bash)
==2359==    by 0x15805C: ??? (in /usr/bin/bash)
==2359==    by 0x159628: set_ppid (in /usr/bin/bash)
==2358== 
==2358== 224 bytes in 7 blocks are still reachable in loss record 287 of 304
==2359==    by 0x15AC15: initialize_shell_variables (in /usr/bin/bash)
==2359==    by 0x138DC9: ??? (in /usr/bin/bash)
==2358==    at 0x483B7F3: malloc (in /usr/lib/x86_64-linux-gnu/valgrind/vgpreload_memcheck-amd64-linux.so)
==2358==    by 0x1984F3: xmalloc (in /usr/bin/bash)
==2359==    by 0x137544: main (in /usr/bin/bash)
==2359== 
==2358==    by 0x17F66E: unwind_protect_mem (in /usr/bin/bash)
==2358==    by 0x14FD00: execute_command_internal (in /usr/bin/bash)
==2359== 5 bytes in 1 blocks are still reachable in loss record 35 of 304
==2359==    at 0x483B7F3: malloc (in /usr/lib/x86_64-linux-gnu/valgrind/vgpreload_memcheck-amd64-linux.so)
==2358==    by 0x1519D9: execute_command (in /usr/bin/bash)
==2358==    by 0x139664: reader_loop (in /usr/bin/bash)
==2359==    by 0x1984F3: xmalloc (in /usr/bin/bash)
==2358==    by 0x137EF8: main (in /usr/bin/bash)
==2358== 
==2359==    by 0x157FED: ??? (in /usr/bin/bash)
==2359==    by 0x15805C: ??? (in /usr/bin/bash)
==2358== 224 bytes in 7 blocks are still reachable in loss record 288 of 304
==2358==    at 0x483B7F3: malloc (in /usr/lib/x86_64-linux-gnu/valgrind/vgpreload_memcheck-amd64-linux.so)
==2359==    by 0x159628: set_ppid (in /usr/bin/bash)
==2358==    by 0x1984F3: xmalloc (in /usr/bin/bash)
==2358==    by 0x17F66E: unwind_protect_mem (in /usr/bin/bash)
==2359==    by 0x15AC15: initialize_shell_variables (in /usr/bin/bash)
==2359==    by 0x138DC9: ??? (in /usr/bin/bash)
==2358==    by 0x14FD11: execute_command_internal (in /usr/bin/bash)
==2358==    by 0x1519D9: execute_command (in /usr/bin/bash)
==2359==    by 0x137544: main (in /usr/bin/bash)
==2359== 
==2358==    by 0x139664: reader_loop (in /usr/bin/bash)
==2358==    by 0x137EF8: main (in /usr/bin/bash)
==2359== 5 bytes in 1 blocks are still reachable in loss record 36 of 304
==2359==    at 0x483B7F3: malloc (in /usr/lib/x86_64-linux-gnu/valgrind/vgpreload_memcheck-amd64-linux.so)
==2358== 
==2359==    by 0x1984F3: xmalloc (in /usr/bin/bash)
==2359==    by 0x156DA1: make_variable_value (in /usr/bin/bash)
==2358== 256 bytes in 1 blocks are still reachable in loss record 289 of 304
==2358==    at 0x483B7F3: malloc (in /usr/lib/x86_64-linux-gnu/valgrind/vgpreload_memcheck-amd64-linux.so)
==2359==    by 0x15806D: ??? (in /usr/bin/bash)
<<<<<<<<<<<<<<<<<<<<<<<<<<<<<<<<<<==2358==    by 0x198577: xrealloc (in /usr/bin/bash)
==2358==    by 0x13C3B7: ??? (in /usr/bin/bash)
==2359==    by 0x159628: set_ppid (in /usr/bin/bash)
==2359==    by 0x15AC15: initialize_shell_variables (in /usr/bin/bash)
127.0.0.1==2358==    by 0x13F5C9: ??? (in /usr/bin/bash)
==2358==    by 0x142EC7: yyparse (in /usr/bin/bash)
==2359==    by 0x138DC9: ??? (in /usr/bin/bash)
==2359==    by 0x137544: main (in /usr/bin/bash)
==2358==    by 0x13929A: parse_command (in /usr/bin/bash)
==2358==    by 0x1393A6: read_command (in /usr/bin/bash)
==2359== 
==2359== 5 bytes in 1 blocks are still reachable in loss record 37 of 304
==2358==    by 0x1395C9: reader_loop (in /usr/bin/bash)
==2358==    by 0x137EF8: main (in /usr/bin/bash)
==2359==    at 0x483B7F3: malloc (in /usr/lib/x86_64-linux-gnu/valgrind/vgpreload_memcheck-amd64-linux.so)
==2359==    by 0x1984F3: xmalloc (in /usr/bin/bash)
==2358== 
==2359==    by 0x1544D7: ??? (in /usr/bin/bash)
==2359==    by 0x157FCF: ??? (in /usr/bin/bash)
==2358== 352 bytes in 11 blocks are still reachable in loss record 290 of 304
==2358==    at 0x483B7F3: malloc (in /usr/lib/x86_64-linux-gnu/valgrind/vgpreload_memcheck-amd64-linux.so)
==2359==    by 0x15805C: ??? (in /usr/bin/bash)
==2358==    by 0x1984F3: xmalloc (in /usr/bin/bash)
==2358==    by 0x17BBFB: hash_insert (in /usr/bin/bash)
==2359==    by 0x15AE90: initialize_shell_variables (in /usr/bin/bash)
==2358==    by 0x158008: ??? (in /usr/bin/bash)
==2358==    by 0x15805C: ??? (in /usr/bin/bash)
==2359==    by 0x138DC9: ??? (in /usr/bin/bash)
==2359==    by 0x137544: main (in /usr/bin/bash)
==2358==    by 0x15AD0C: initialize_shell_variables (in /usr/bin/bash)
==2358==    by 0x138DC9: ??? (in /usr/bin/bash)
==2359== 
==2359== 5 bytes in 1 blocks are still reachable in loss record 38 of 304
==2358==    by 0x137544: main (in /usr/bin/bash)
==2358== 
==2359==    at 0x483B7F3: malloc (in /usr/lib/x86_64-linux-gnu/valgrind/vgpreload_memcheck-amd64-linux.so)
==2359==    by 0x1984F3: xmalloc (in /usr/bin/bash)
==2358== 376 bytes in 11 blocks are still reachable in loss record 291 of 304
==2358==    at 0x483B7F3: malloc (in /usr/lib/x86_64-linux-gnu/valgrind/vgpreload_memcheck-amd64-linux.so)
==2359==    by 0x157FED: ??? (in /usr/bin/bash)
==2359==    by 0x15805C: ??? (in /usr/bin/bash)
==2358==    by 0x1984F3: xmalloc (in /usr/bin/bash)
==2358==    by 0x15AD62: initialize_shell_variables (in /usr/bin/bash)
==2359==    by 0x15AE90: initialize_shell_variables (in /usr/bin/bash)
==2359==    by 0x138DC9: ??? (in /usr/bin/bash)
==2358==    by 0x138DC9: ??? (in /usr/bin/bash)
==2358==    by 0x137544: main (in /usr/bin/bash)
==2359==    by 0x137544: main (in /usr/bin/bash)
==2359== 
==2358== 
==2359== 5 bytes in 1 blocks are still reachable in loss record 39 of 304
==2359==    at 0x483B7F3: malloc (in /usr/lib/x86_64-linux-gnu/valgrind/vgpreload_memcheck-amd64-linux.so)
==2358== 376 bytes in 11 blocks are still reachable in loss record 292 of 304
==2358==    at 0x483B7F3: malloc (in /usr/lib/x86_64-linux-gnu/valgrind/vgpreload_memcheck-amd64-linux.so)
==2359==    by 0x1984F3: xmalloc (in /usr/bin/bash)
==2359==    by 0x138C10: ??? (in /usr/bin/bash)
==2358==    by 0x1984F3: xmalloc (in /usr/bin/bash)
==2358==    by 0x155585: ??? (in /usr/bin/bash)
==2359==    by 0x15B81C: initialize_shell_variables (in /usr/bin/bash)
==2359==    by 0x138DC9: ??? (in /usr/bin/bash)
==2358==    by 0x159B3E: ??? (in /usr/bin/bash)
==2358==    by 0x191D94: ??? (in /usr/bin/bash)
==2359==    by 0x137544: main (in /usr/bin/bash)
==2359== 
==2358==    by 0x192108: set_locale_var (in /usr/bin/bash)
==2358==    by 0x192302: set_default_lang (in /usr/bin/bash)
==2358==    by 0x137549: main (in /usr/bin/bash)
==2359== 5 bytes in 1 blocks are still reachable in loss record 40 of 304
==2359==    at 0x483B7F3: malloc (in /usr/lib/x86_64-linux-gnu/valgrind/vgpreload_memcheck-amd64-linux.so)
==2358== 
==2359==    by 0x1984F3: xmalloc (in /usr/bin/bash)
==2359==    by 0x1544D7: ??? (in /usr/bin/bash)
==2358== 440 bytes in 1 blocks are still reachable in loss record 293 of 304
==2358==    at 0x483B7F3: malloc (in /usr/lib/x86_64-linux-gnu/valgrind/vgpreload_memcheck-amd64-linux.so)
==2359==    by 0x157FCF: ??? (in /usr/bin/bash)
==2359==    by 0x15805C: ??? (in /usr/bin/bash)
==2358==    by 0x198577: xrealloc (in /usr/bin/bash)
==2358==    by 0x159B62: ??? (in /usr/bin/bash)
==2359==    by 0x15B7AE: initialize_shell_variables (in /usr/bin/bash)
==2359==    by 0x138DC9: ??? (in /usr/bin/bash)
==2358==    by 0x191D94: ??? (in /usr/bin/bash)
==2358==    by 0x192108: set_locale_var (in /usr/bin/bash)
==2359==    by 0x137544: main (in /usr/bin/bash)
==2359== 
==2358==    by 0x192302: set_default_lang (in /usr/bin/bash)
==2358==    by 0x137549: main (in /usr/bin/bash)
==2359== 5 bytes in 1 blocks are still reachable in loss record 41 of 304
==2359==    at 0x483B7F3: malloc (in /usr/lib/x86_64-linux-gnu/valgrind/vgpreload_memcheck-amd64-linux.so)
==2358== 
==2359==    by 0x1984F3: xmalloc (in /usr/bin/bash)
==2359==    by 0x157FED: ??? (in /usr/bin/bash)
==2358== 496 bytes in 1 blocks are still reachable in loss record 294 of 304
==2358==    at 0x483B7F3: malloc (in /usr/lib/x86_64-linux-gnu/valgrind/vgpreload_memcheck-amd64-linux.so)
==2359==    by 0x15805C: ??? (in /usr/bin/bash)
==2359==    by 0x15B7AE: initialize_shell_variables (in /usr/bin/bash)
==2358==    by 0x198577: xrealloc (in /usr/bin/bash)
==2358==    by 0x140A3A: ??? (in /usr/bin/bash)
==2359==    by 0x138DC9: ??? (in /usr/bin/bash)
==2359==    by 0x137544: main (in /usr/bin/bash)
==2358==    by 0x142EC7: yyparse (in /usr/bin/bash)
==2358==    by 0x13929A: parse_command (in /usr/bin/bash)
==2359== 
==2358==    by 0x1393A6: read_command (in /usr/bin/bash)
==2358==    by 0x1395C9: reader_loop (in /usr/bin/bash)
==2359== 5 bytes in 1 blocks are still reachable in loss record 42 of 304
==2359==    at 0x483B7F3: malloc (in /usr/lib/x86_64-linux-gnu/valgrind/vgpreload_memcheck-amd64-linux.so)
==2358==    by 0x137EF8: main (in /usr/bin/bash)
==2358== 
==2359==    by 0x1984F3: xmalloc (in /usr/bin/bash)
==2359==    by 0x183473: array_create_element (in /usr/bin/bash)
==2358== 528 bytes in 11 blocks are still reachable in loss record 295 of 304
==2358==    at 0x483B7F3: malloc (in /usr/lib/x86_64-linux-gnu/valgrind/vgpreload_memcheck-amd64-linux.so)
==2359==    by 0x18367F: ??? (in /usr/bin/bash)
==2359==    by 0x137CCD: main (in /usr/bin/bash)
==2358==    by 0x1984F3: xmalloc (in /usr/bin/bash)
==2358==    by 0x1544C3: ??? (in /usr/bin/bash)
==2359== 
==2359== 6 bytes in 1 blocks are still reachable in loss record 43 of 304
==2361== Memcheck, a memory error detector
==2361== Copyright (C) 2002-2017, and GNU GPL'd, by Julian Seward et al.
==2358==    by 0x157FCF: ??? (in /usr/bin/bash)
==2358==    by 0x15805C: ??? (in /usr/bin/bash)
==2359==    at 0x483B7F3: malloc (in /usr/lib/x86_64-linux-gnu/valgrind/vgpreload_memcheck-amd64-linux.so)
==2359==    by 0x1984F3: xmalloc (in /usr/bin/bash)
==2361== Using Valgrind-3.15.0 and LibVEX; rerun with -h for copyright info
==2361== Command: /home/vscode/src/www/cgi/s1.sh
==2358==    by 0x15AD0C: initialize_shell_variables (in /usr/bin/bash)
==2358==    by 0x138DC9: ??? (in /usr/bin/bash)
==2359==    by 0x1544D7: ??? (in /usr/bin/bash)
==2359==    by 0x157FCF: ??? (in /usr/bin/bash)
==2361== 
==2358==    by 0x137544: main (in /usr/bin/bash)
==2358== 
==2359==    by 0x15805C: ??? (in /usr/bin/bash)
==2359==    by 0x15929E: adjust_shell_level (in /usr/bin/bash)
==2358== 1,024 bytes in 1 blocks are still reachable in loss record 296 of 304
==2358==    at 0x483B7F3: malloc (in /usr/lib/x86_64-linux-gnu/valgrind/vgpreload_memcheck-amd64-linux.so)
==2359==    by 0x15AC10: initialize_shell_variables (in /usr/bin/bash)
==2359==    by 0x138DC9: ??? (in /usr/bin/bash)
==2358==    by 0x1984F3: xmalloc (in /usr/bin/bash)
==2358==    by 0x17B70C: hash_create (in /usr/bin/bash)
==2359==    by 0x137544: main (in /usr/bin/bash)
==2359== 
==2358==    by 0x158DEF: make_new_assoc_variable (in /usr/bin/bash)
==2358==    by 0x15B6A9: initialize_shell_variables (in /usr/bin/bash)
==2359== 6 bytes in 1 blocks are still reachable in loss record 44 of 304
==2358==    by 0x138DC9: ??? (in /usr/bin/bash)
==2358==    by 0x137544: main (in /usr/bin/bash)
==2359==    at 0x483B7F3: malloc (in /usr/lib/x86_64-linux-gnu/valgrind/vgpreload_memcheck-amd64-linux.so)
==2359==    by 0x1984F3: xmalloc (in /usr/bin/bash)
==2358== 
==2359==    by 0x157FED: ??? (in /usr/bin/bash)
==2359==    by 0x15805C: ??? (in /usr/bin/bash)
==2358== 1,024 bytes in 1 blocks are still reachable in loss record 297 of 304
==2358==    at 0x483B7F3: malloc (in /usr/lib/x86_64-linux-gnu/valgrind/vgpreload_memcheck-amd64-linux.so)
==2359==    by 0x15929E: adjust_shell_level (in /usr/bin/bash)
==2359==    by 0x15AC10: initialize_shell_variables (in /usr/bin/bash)
==2358==    by 0x1984F3: xmalloc (in /usr/bin/bash)
==2358==    by 0x17B70C: hash_create (in /usr/bin/bash)
==2359==    by 0x138DC9: ??? (in /usr/bin/bash)
==2359==    by 0x137544: main (in /usr/bin/bash)
==2358==    by 0x158DEF: make_new_assoc_variable (in /usr/bin/bash)
==2358==    by 0x15B67B: initialize_shell_variables (in /usr/bin/bash)
==2359== 
==2358==    by 0x138DC9: ??? (in /usr/bin/bash)
==2358==    by 0x137544: main (in /usr/bin/bash)
==2359== 6 bytes in 1 blocks are still reachable in loss record 45 of 304
==2359==    at 0x483B7F3: malloc (in /usr/lib/x86_64-linux-gnu/valgrind/vgpreload_memcheck-amd64-linux.so)
==2358== 
==2359==    by 0x1984F3: xmalloc (in /usr/bin/bash)
==2359==    by 0x138C68: ??? (in /usr/bin/bash)
==2358== 1,024 bytes in 1 blocks are still reachable in loss record 298 of 304
==2358==    at 0x483B7F3: malloc (in /usr/lib/x86_64-linux-gnu/valgrind/vgpreload_memcheck-amd64-linux.so)
==2359==    by 0x15B81C: initialize_shell_variables (in /usr/bin/bash)
==2359==    by 0x138DC9: ??? (in /usr/bin/bash)
==2358==    by 0x1984F3: xmalloc (in /usr/bin/bash)
==2358==    by 0x147FC1: cmd_init (in /usr/bin/bash)
==2359==    by 0x137544: main (in /usr/bin/bash)
==2359== 
==2358==    by 0x137690: main (in /usr/bin/bash)
==2358== 
==2359== 6 bytes in 1 blocks are still reachable in loss record 46 of 304
==2359==    at 0x483B7F3: malloc (in /usr/lib/x86_64-linux-gnu/valgrind/vgpreload_memcheck-amd64-linux.so)
==2358== 1,024 bytes in 1 blocks are still reachable in loss record 299 of 304
==2359==    by 0x1984F3: xmalloc (in /usr/bin/bash)
==2359==    by 0x1544D7: ??? (in /usr/bin/bash)
==2358==    at 0x483B7F3: malloc (in /usr/lib/x86_64-linux-gnu/valgrind/vgpreload_memcheck-amd64-linux.so)
==2359==    by 0x157FCF: ??? (in /usr/bin/bash)
==2359==    by 0x15805C: ??? (in /usr/bin/bash)
==2358==    by 0x1984F3: xmalloc (in /usr/bin/bash)
==2358==    by 0x147FDD: cmd_init (in /usr/bin/bash)
==2359==    by 0x15B635: initialize_shell_variables (in /usr/bin/bash)
==2358==    by 0x137690: main (in /usr/bin/bash)
==2358== 
==2359==    by 0x138DC9: ??? (in /usr/bin/bash)
==2359==    by 0x137544: main (in /usr/bin/bash)
==2358== 1,024 bytes in 1 blocks are still reachable in loss record 300 of 304
==2358==    at 0x483B7F3: malloc (in /usr/lib/x86_64-linux-gnu/valgrind/vgpreload_memcheck-amd64-linux.so)
==2359== 
==2359== 6 bytes in 1 blocks are still reachable in loss record 47 of 304
==2358==    by 0x1984F3: xmalloc (in /usr/bin/bash)
==2358==    by 0x17F291: uwp_init (in /usr/bin/bash)
==2359==    at 0x483B7F3: malloc (in /usr/lib/x86_64-linux-gnu/valgrind/vgpreload_memcheck-amd64-linux.so)
==2359==    by 0x1984F3: xmalloc (in /usr/bin/bash)
==2358==    by 0x137695: main (in /usr/bin/bash)
==2358== 
==2359==    by 0x157FED: ??? (in /usr/bin/bash)
==2359==    by 0x15805C: ??? (in /usr/bin/bash)
==2358== 2,200 bytes in 1 blocks are still reachable in loss record 301 of 304
==2358==    at 0x483B7F3: malloc (in /usr/lib/x86_64-linux-gnu/valgrind/vgpreload_memcheck-amd64-linux.so)
==2359==    by 0x15B635: initialize_shell_variables (in /usr/bin/bash)
==2359==    by 0x138DC9: ??? (in /usr/bin/bash)
==2358==    by 0x198577: xrealloc (in /usr/bin/bash)
==2358==    by 0x17E446: ??? (in /usr/bin/bash)
==2359==    by 0x137544: main (in /usr/bin/bash)
==2359== 
==2358==    by 0x17E9B8: fd_to_buffered_stream (in /usr/bin/bash)
==2358==    by 0x17EF54: with_input_from_buffered_stream (in /usr/bin/bash)
==2359== 7 bytes in 1 blocks are still reachable in loss record 48 of 304
==2359==    at 0x483B7F3: malloc (in /usr/lib/x86_64-linux-gnu/valgrind/vgpreload_memcheck-amd64-linux.so)
==2358==    by 0x137DC4: main (in /usr/bin/bash)
==2358== 
==2359==    by 0x1984F3: xmalloc (in /usr/bin/bash)
==2359==    by 0x1544D7: ??? (in /usr/bin/bash)
==2358== 4,096 bytes in 1 blocks are still reachable in loss record 302 of 304
==2358==    at 0x483B7F3: malloc (in /usr/lib/x86_64-linux-gnu/valgrind/vgpreload_memcheck-amd64-linux.so)
==2359==    by 0x157FCF: ??? (in /usr/bin/bash)
==2359==    by 0x15805C: ??? (in /usr/bin/bash)
==2358==    by 0x1984F3: xmalloc (in /usr/bin/bash)
==2358==    by 0x17B74B: hash_create (in /usr/bin/bash)
==2359==    by 0x159490: set_pwd (in /usr/bin/bash)
==2359==    by 0x15AAEE: initialize_shell_variables (in /usr/bin/bash)
==2358==    by 0x157FA9: ??? (in /usr/bin/bash)
==2358==    by 0x15AAAB: initialize_shell_variables (in /usr/bin/bash)
==2359==    by 0x138DC9: ??? (in /usr/bin/bash)
==2359==    by 0x137544: main (in /usr/bin/bash)
==2358==    by 0x138DC9: ??? (in /usr/bin/bash)
==2358==    by 0x137544: main (in /usr/bin/bash)
==2359== 
==2359== 7 bytes in 1 blocks are still reachable in loss record 49 of 304
==2358== 
==2359==    at 0x483B7F3: malloc (in /usr/lib/x86_64-linux-gnu/valgrind/vgpreload_memcheck-amd64-linux.so)
==2359==    by 0x1984F3: xmalloc (in /usr/bin/bash)
==2358== 4,096 bytes in 1 blocks are still reachable in loss record 303 of 304
==2358==    at 0x483B7F3: malloc (in /usr/lib/x86_64-linux-gnu/valgrind/vgpreload_memcheck-amd64-linux.so)
==2359==    by 0x157FED: ??? (in /usr/bin/bash)
==2359==    by 0x15805C: ??? (in /usr/bin/bash)
==2358==    by 0x1984F3: xmalloc (in /usr/bin/bash)
==2358==    by 0x17B74B: hash_create (in /usr/bin/bash)
==2359==    by 0x159490: set_pwd (in /usr/bin/bash)
==2359==    by 0x15AAEE: initialize_shell_variables (in /usr/bin/bash)
==2358==    by 0x157F51: ??? (in /usr/bin/bash)
==2358==    by 0x15AAAB: initialize_shell_variables (in /usr/bin/bash)
==2359==    by 0x138DC9: ??? (in /usr/bin/bash)
==2359==    by 0x137544: main (in /usr/bin/bash)
==2358==    by 0x138DC9: ??? (in /usr/bin/bash)
==2358==    by 0x137544: main (in /usr/bin/bash)
==2359== 
==2359== 7 bytes in 1 blocks are still reachable in loss record 50 of 304
==2358== 
==2358== 8,192 bytes in 1 blocks are still reachable in loss record 304 of 304
==2359==    at 0x483B7F3: malloc (in /usr/lib/x86_64-linux-gnu/valgrind/vgpreload_memcheck-amd64-linux.so)
==2359==    by 0x1984F3: xmalloc (in /usr/bin/bash)
==2358==    at 0x483B7F3: malloc (in /usr/lib/x86_64-linux-gnu/valgrind/vgpreload_memcheck-amd64-linux.so)
==2358==    by 0x1984F3: xmalloc (in /usr/bin/bash)
==2359==    by 0x156DA1: make_variable_value (in /usr/bin/bash)
==2359==    by 0x15806D: ??? (in /usr/bin/bash)
==2358==    by 0x17B74B: hash_create (in /usr/bin/bash)
==2358==    by 0x157F8A: ??? (in /usr/bin/bash)
==2359==    by 0x15AB95: initialize_shell_variables (in /usr/bin/bash)
==2359==    by 0x138DC9: ??? (in /usr/bin/bash)
==2358==    by 0x15AAAB: initialize_shell_variables (in /usr/bin/bash)
==2358==    by 0x138DC9: ??? (in /usr/bin/bash)
==2359==    by 0x137544: main (in /usr/bin/bash)
==2359== 
==2358==    by 0x137544: main (in /usr/bin/bash)
==2358== 
==2359== 7 bytes in 1 blocks are still reachable in loss record 51 of 304
==2359==    at 0x483B7F3: malloc (in /usr/lib/x86_64-linux-gnu/valgrind/vgpreload_memcheck-amd64-linux.so)
==2358== LEAK SUMMARY:
==2358==    definitely lost: 2 bytes in 1 blocks
==2359==    by 0x1984F3: xmalloc (in /usr/bin/bash)
==2359==    by 0x1544D7: ??? (in /usr/bin/bash)
==2358==    indirectly lost: 0 bytes in 0 blocks
==2358==      possibly lost: 0 bytes in 0 blocks
==2359==    by 0x157FCF: ??? (in /usr/bin/bash)
==2359==    by 0x15805C: ??? (in /usr/bin/bash)
==2358==    still reachable: 34,255 bytes in 386 blocks
==2358==         suppressed: 0 bytes in 0 blocks
==2359==    by 0x15ABA8: initialize_shell_variables (in /usr/bin/bash)
==2359==    by 0x138DC9: ??? (in /usr/bin/bash)
==2358== 
==2358== For lists of detected and suppressed errors, rerun with: -s
==2359==    by 0x137544: main (in /usr/bin/bash)
==2358== ERROR SUMMARY: 1 errors from 1 contexts (suppressed: 0 from 0)
==2359== 
==2359== 7 bytes in 1 blocks are still reachable in loss record 52 of 304
==2359==    at 0x483B7F3: malloc (in /usr/lib/x86_64-linux-gnu/valgrind/vgpreload_memcheck-amd64-linux.so)
==2359==    by 0x1984F3: xmalloc (in /usr/bin/bash)
==2359==    by 0x157FED: ??? (in /usr/bin/bash)
==2359==    by 0x15805C: ??? (in /usr/bin/bash)
==2359==    by 0x15ABA8: initialize_shell_variables (in /usr/bin/bash)
==2359==    by 0x138DC9: ??? (in /usr/bin/bash)
==2359==    by 0x137544: main (in /usr/bin/bash)
==2359== 
==2359== 7 bytes in 1 blocks are still reachable in loss record 53 of 304
==2359==    at 0x483B7F3: malloc (in /usr/lib/x86_64-linux-gnu/valgrind/vgpreload_memcheck-amd64-linux.so)
==2359==    by 0x1984F3: xmalloc (in /usr/bin/bash)
==2359==    by 0x1544D7: ??? (in /usr/bin/bash)
==2359==    by 0x157FCF: ??? (in /usr/bin/bash)
==2359==    by 0x15805C: ??? (in /usr/bin/bash)
==2359==    by 0x15AC2A: initialize_shell_variables (in /usr/bin/bash)
==2359==    by 0x138DC9: ??? (in /usr/bin/bash)
==2359==    by 0x137544: main (in /usr/bin/bash)
==2359== 
==2359== 7 bytes in 1 blocks are still reachable in loss record 54 of 304
==2359==    at 0x483B7F3: malloc (in /usr/lib/x86_64-linux-gnu/valgrind/vgpreload_memcheck-amd64-linux.so)
==2359==    by 0x1984F3: xmalloc (in /usr/bin/bash)
==2359==    by 0x157FED: ??? (in /usr/bin/bash)
==2359==    by 0x15805C: ??? (in /usr/bin/bash)
==2359==    by 0x15AC2A: initialize_shell_variables (in /usr/bin/bash)
==2359==    by 0x138DC9: ??? (in /usr/bin/bash)
==2359==    by 0x137544: main (in /usr/bin/bash)
==2359== 
==2359== 7 bytes in 1 blocks are still reachable in loss record 55 of 304
==2359==    at 0x483B7F3: malloc (in /usr/lib/x86_64-linux-gnu/valgrind/vgpreload_memcheck-amd64-linux.so)
==2359==    by 0x1984F3: xmalloc (in /usr/bin/bash)
==2359==    by 0x1544D7: ??? (in /usr/bin/bash)
==2359==    by 0x157FCF: ??? (in /usr/bin/bash)
==2359==    by 0x15805C: ??? (in /usr/bin/bash)
==2359==    by 0x15AC4A: initialize_shell_variables (in /usr/bin/bash)
==2359==    by 0x138DC9: ??? (in /usr/bin/bash)
==2359==    by 0x137544: main (in /usr/bin/bash)
==2359== 
==2359== 7 bytes in 1 blocks are still reachable in loss record 56 of 304
==2359==    at 0x483B7F3: malloc (in /usr/lib/x86_64-linux-gnu/valgrind/vgpreload_memcheck-amd64-linux.so)
==2359==    by 0x1984F3: xmalloc (in /usr/bin/bash)
==2359==    by 0x157FED: ??? (in /usr/bin/bash)
==2359==    by 0x15805C: ??? (in /usr/bin/bash)
==2359==    by 0x15AC4A: initialize_shell_variables (in /usr/bin/bash)
==2359==    by 0x138DC9: ??? (in /usr/bin/bash)
==2359==    by 0x137544: main (in /usr/bin/bash)
==2359== 
==2359== 7 bytes in 1 blocks are still reachable in loss record 57 of 304
==2359==    at 0x483B7F3: malloc (in /usr/lib/x86_64-linux-gnu/valgrind/vgpreload_memcheck-amd64-linux.so)
==2359==    by 0x1984F3: xmalloc (in /usr/bin/bash)
==2359==    by 0x1544D7: ??? (in /usr/bin/bash)
==2359==    by 0x157FCF: ??? (in /usr/bin/bash)
==2359==    by 0x15805C: ??? (in /usr/bin/bash)
==2359==    by 0x15B1AE: initialize_shell_variables (in /usr/bin/bash)
==2359==    by 0x138DC9: ??? (in /usr/bin/bash)
==2359==    by 0x137544: main (in /usr/bin/bash)
==2359== 
==2359== 7 bytes in 1 blocks are still reachable in loss record 58 of 304
==2359==    at 0x483B7F3: malloc (in /usr/lib/x86_64-linux-gnu/valgrind/vgpreload_memcheck-amd64-linux.so)
==2359==    by 0x1984F3: xmalloc (in /usr/bin/bash)
==2359==    by 0x157FED: ??? (in /usr/bin/bash)
==2359==    by 0x15805C: ??? (in /usr/bin/bash)
==2359==    by 0x15B1AE: initialize_shell_variables (in /usr/bin/bash)
==2359==    by 0x138DC9: ??? (in /usr/bin/bash)
==2359==    by 0x137544: main (in /usr/bin/bash)
==2359== 
==2359== 7 bytes in 1 blocks are still reachable in loss record 59 of 304
==2359==    at 0x483B7F3: malloc (in /usr/lib/x86_64-linux-gnu/valgrind/vgpreload_memcheck-amd64-linux.so)
==2359==    by 0x1984F3: xmalloc (in /usr/bin/bash)
==2359==    by 0x1544D7: ??? (in /usr/bin/bash)
==2359==    by 0x157FCF: ??? (in /usr/bin/bash)
==2359==    by 0x15805C: ??? (in /usr/bin/bash)
==2359==    by 0x15B1D8: initialize_shell_variables (in /usr/bin/bash)
==2359==    by 0x138DC9: ??? (in /usr/bin/bash)
==2359==    by 0x137544: main (in /usr/bin/bash)
==2359== 
==2359== 7 bytes in 1 blocks are still reachable in loss record 60 of 304
==2359==    at 0x483B7F3: malloc (in /usr/lib/x86_64-linux-gnu/valgrind/vgpreload_memcheck-amd64-linux.so)
==2359==    by 0x1984F3: xmalloc (in /usr/bin/bash)
==2359==    by 0x157FED: ??? (in /usr/bin/bash)
==2359==    by 0x15805C: ??? (in /usr/bin/bash)
==2359==    by 0x15B1D8: initialize_shell_variables (in /usr/bin/bash)
==2359==    by 0x138DC9: ??? (in /usr/bin/bash)
==2359==    by 0x137544: main (in /usr/bin/bash)
==2359== 
==2359== 7 bytes in 1 blocks are still reachable in loss record 61 of 304
==2359==    at 0x483B7F3: malloc (in /usr/lib/x86_64-linux-gnu/valgrind/vgpreload_memcheck-amd64-linux.so)
==2359==    by 0x1984F3: xmalloc (in /usr/bin/bash)
==2359==    by 0x1544D7: ??? (in /usr/bin/bash)
==2359==    by 0x157FCF: ??? (in /usr/bin/bash)
==2359==    by 0x158D55: make_new_array_variable (in /usr/bin/bash)
==2359==    by 0x158DA7: ??? (in /usr/bin/bash)
==2359==    by 0x15B2EC: initialize_shell_variables (in /usr/bin/bash)
==2359==    by 0x138DC9: ??? (in /usr/bin/bash)
==2359==    by 0x137544: main (in /usr/bin/bash)
==2359== 
==2359== 7 bytes in 1 blocks are still reachable in loss record 62 of 304
==2359==    at 0x483B7F3: malloc (in /usr/lib/x86_64-linux-gnu/valgrind/vgpreload_memcheck-amd64-linux.so)
==2359==    by 0x1984F3: xmalloc (in /usr/bin/bash)
==2359==    by 0x157FED: ??? (in /usr/bin/bash)
==2359==    by 0x158D55: make_new_array_variable (in /usr/bin/bash)
==2359==    by 0x158DA7: ??? (in /usr/bin/bash)
==2359==    by 0x15B2EC: initialize_shell_variables (in /usr/bin/bash)
==2359==    by 0x138DC9: ??? (in /usr/bin/bash)
==2359==    by 0x137544: main (in /usr/bin/bash)
==2359== 
==2359== 8 bytes in 1 blocks are still reachable in loss record 63 of 304
==2359==    at 0x483B7F3: malloc (in /usr/lib/x86_64-linux-gnu/valgrind/vgpreload_memcheck-amd64-linux.so)
==2359==    by 0x1984F3: xmalloc (in /usr/bin/bash)
==2359==    by 0x183473: array_create_element (in /usr/bin/bash)
==2359==    by 0x183987: array_insert (in /usr/bin/bash)
==2360== 
==2359==    by 0x15AF95: initialize_shell_variables (in /usr/bin/bash)
==2359==    by 0x138DC9: ??? (in /usr/bin/bash)
==2360== HEAP SUMMARY:
==2360==     in use at exit: 34,257 bytes in 387 blocks
==2360==   total heap usage: 587 allocs, 200 frees, 61,534 bytes allocated
==2360== 
==2359==    by 0x137544: main (in /usr/bin/bash)
==2359== 
==2359== 8 bytes in 1 blocks are still reachable in loss record 64 of 304
==2360== 1 bytes in 1 blocks are still reachable in loss record 1 of 304
==2359==    at 0x483B7F3: malloc (in /usr/lib/x86_64-linux-gnu/valgrind/vgpreload_memcheck-amd64-linux.so)
==2359==    by 0x1984F3: xmalloc (in /usr/bin/bash)
==2360==    at 0x483B7F3: malloc (in /usr/lib/x86_64-linux-gnu/valgrind/vgpreload_memcheck-amd64-linux.so)
==2360==    by 0x1984F3: xmalloc (in /usr/bin/bash)
==2359==    by 0x1544D7: ??? (in /usr/bin/bash)
==2359==    by 0x157FCF: ??? (in /usr/bin/bash)
==2360==    by 0x1920F9: set_locale_var (in /usr/bin/bash)
==2360==    by 0x192302: set_default_lang (in /usr/bin/bash)
==2359==    by 0x15805C: ??? (in /usr/bin/bash)
==2359==    by 0x15B112: initialize_shell_variables (in /usr/bin/bash)
==2360==    by 0x137549: main (in /usr/bin/bash)
==2360== 
==2359==    by 0x138DC9: ??? (in /usr/bin/bash)
==2359==    by 0x137544: main (in /usr/bin/bash)
==2360== 1 bytes in 1 blocks are still reachable in loss record 2 of 304
==2360==    at 0x483B7F3: malloc (in /usr/lib/x86_64-linux-gnu/valgrind/vgpreload_memcheck-amd64-linux.so)
==2359== 
==2359== 8 bytes in 1 blocks are still reachable in loss record 65 of 304
==2360==    by 0x1984F3: xmalloc (in /usr/bin/bash)
==2360==    by 0x191E21: set_lang (in /usr/bin/bash)
==2359==    at 0x483B7F3: malloc (in /usr/lib/x86_64-linux-gnu/valgrind/vgpreload_memcheck-amd64-linux.so)
==2360==    by 0x137549: main (in /usr/bin/bash)
==2360== 
==2359==    by 0x1984F3: xmalloc (in /usr/bin/bash)
==2359==    by 0x157FED: ??? (in /usr/bin/bash)
==2360== 2 bytes in 1 blocks are still reachable in loss record 3 of 304
==2360==    at 0x483B7F3: malloc (in /usr/lib/x86_64-linux-gnu/valgrind/vgpreload_memcheck-amd64-linux.so)
==2359==    by 0x15805C: ??? (in /usr/bin/bash)
==2359==    by 0x15B112: initialize_shell_variables (in /usr/bin/bash)
==2360==    by 0x1984F3: xmalloc (in /usr/bin/bash)
==2360==    by 0x1544D7: ??? (in /usr/bin/bash)
==2359==    by 0x138DC9: ??? (in /usr/bin/bash)
==2359==    by 0x137544: main (in /usr/bin/bash)
==2360==    by 0x157FCF: ??? (in /usr/bin/bash)
==2360==    by 0x15805C: ??? (in /usr/bin/bash)
==2359== 
==2360==    by 0x15AB01: initialize_shell_variables (in /usr/bin/bash)
==2359== 8 bytes in 1 blocks are still reachable in loss record 66 of 304
==2359==    at 0x483B7F3: malloc (in /usr/lib/x86_64-linux-gnu/valgrind/vgpreload_memcheck-amd64-linux.so)
==2360==    by 0x138DC9: ??? (in /usr/bin/bash)
==2360==    by 0x137544: main (in /usr/bin/bash)
==2359==    by 0x1984F3: xmalloc (in /usr/bin/bash)
==2359==    by 0x1544D7: ??? (in /usr/bin/bash)
==2360== 
==2359==    by 0x157FCF: ??? (in /usr/bin/bash)
==2359==    by 0x15805C: ??? (in /usr/bin/bash)
==2360== 2 bytes in 1 blocks are still reachable in loss record 4 of 304
==2360==    at 0x483B7F3: malloc (in /usr/lib/x86_64-linux-gnu/valgrind/vgpreload_memcheck-amd64-linux.so)
==2359==    by 0x15B205: initialize_shell_variables (in /usr/bin/bash)
==2359==    by 0x138DC9: ??? (in /usr/bin/bash)
==2360==    by 0x1984F3: xmalloc (in /usr/bin/bash)
==2360==    by 0x157FED: ??? (in /usr/bin/bash)
==2359==    by 0x137544: main (in /usr/bin/bash)
==2359== 
==2360==    by 0x15805C: ??? (in /usr/bin/bash)
==2360==    by 0x15AB01: initialize_shell_variables (in /usr/bin/bash)
==2359== 8 bytes in 1 blocks are still reachable in loss record 67 of 304
==2359==    at 0x483B7F3: malloc (in /usr/lib/x86_64-linux-gnu/valgrind/vgpreload_memcheck-amd64-linux.so)
==2360==    by 0x138DC9: ??? (in /usr/bin/bash)
==2360==    by 0x137544: main (in /usr/bin/bash)
==2359==    by 0x1984F3: xmalloc (in /usr/bin/bash)
==2359==    by 0x157FED: ??? (in /usr/bin/bash)
==2360== 
==2359==    by 0x15805C: ??? (in /usr/bin/bash)
==2359==    by 0x15B205: initialize_shell_variables (in /usr/bin/bash)
==2360== 2 bytes in 1 blocks are still reachable in loss record 5 of 304
==2360==    at 0x483B7F3: malloc (in /usr/lib/x86_64-linux-gnu/valgrind/vgpreload_memcheck-amd64-linux.so)
==2359==    by 0x138DC9: ??? (in /usr/bin/bash)
==2359==    by 0x137544: main (in /usr/bin/bash)
==2360==    by 0x1984F3: xmalloc (in /usr/bin/bash)
==2360==    by 0x156DA1: make_variable_value (in /usr/bin/bash)
==2359== 
==2359== 8 bytes in 1 blocks are still reachable in loss record 68 of 304
==2360==    by 0x15806D: ??? (in /usr/bin/bash)
==2360==    by 0x15929E: adjust_shell_level (in /usr/bin/bash)
==2359==    at 0x483B7F3: malloc (in /usr/lib/x86_64-linux-gnu/valgrind/vgpreload_memcheck-amd64-linux.so)
==2359==    by 0x1984F3: xmalloc (in /usr/bin/bash)
==2360==    by 0x15AC10: initialize_shell_variables (in /usr/bin/bash)
==2360==    by 0x138DC9: ??? (in /usr/bin/bash)
==2359==    by 0x1544D7: ??? (in /usr/bin/bash)
==2359==    by 0x157FCF: ??? (in /usr/bin/bash)
==2360==    by 0x137544: main (in /usr/bin/bash)
==2360== 
==2359==    by 0x15805C: ??? (in /usr/bin/bash)
==2359==    by 0x15B27B: initialize_shell_variables (in /usr/bin/bash)
==2360== 2 bytes in 1 blocks are still reachable in loss record 6 of 304
==2360==    at 0x483B7F3: malloc (in /usr/lib/x86_64-linux-gnu/valgrind/vgpreload_memcheck-amd64-linux.so)
==2359==    by 0x138DC9: ??? (in /usr/bin/bash)
==2359==    by 0x137544: main (in /usr/bin/bash)
==2360==    by 0x1984F3: xmalloc (in /usr/bin/bash)
==2360==    by 0x156DA1: make_variable_value (in /usr/bin/bash)
==2359== 
==2359== 8 bytes in 1 blocks are still reachable in loss record 69 of 304
==2360==    by 0x15806D: ??? (in /usr/bin/bash)
==2360==    by 0x15AC2A: initialize_shell_variables (in /usr/bin/bash)
==2359==    at 0x483B7F3: malloc (in /usr/lib/x86_64-linux-gnu/valgrind/vgpreload_memcheck-amd64-linux.so)
==2359==    by 0x1984F3: xmalloc (in /usr/bin/bash)
==2360==    by 0x138DC9: ??? (in /usr/bin/bash)
==2360==    by 0x137544: main (in /usr/bin/bash)
==2359==    by 0x157FED: ??? (in /usr/bin/bash)
==2359==    by 0x15805C: ??? (in /usr/bin/bash)
==2360== 
==2360== 2 bytes in 1 blocks are still reachable in loss record 7 of 304
==2359==    by 0x15B27B: initialize_shell_variables (in /usr/bin/bash)
==2359==    by 0x138DC9: ??? (in /usr/bin/bash)
==2360==    at 0x483B7F3: malloc (in /usr/lib/x86_64-linux-gnu/valgrind/vgpreload_memcheck-amd64-linux.so)
==2360==    by 0x1984F3: xmalloc (in /usr/bin/bash)
==2359==    by 0x137544: main (in /usr/bin/bash)
==2359== 
==2360==    by 0x156DA1: make_variable_value (in /usr/bin/bash)
==2360==    by 0x15806D: ??? (in /usr/bin/bash)
==2359== 9 bytes in 1 blocks are still reachable in loss record 70 of 304
==2359==    at 0x483B7F3: malloc (in /usr/lib/x86_64-linux-gnu/valgrind/vgpreload_memcheck-amd64-linux.so)
==2360==    by 0x15AC4A: initialize_shell_variables (in /usr/bin/bash)
==2360==    by 0x138DC9: ??? (in /usr/bin/bash)
==2359==    by 0x1984F3: xmalloc (in /usr/bin/bash)
==2359==    by 0x1544D7: ??? (in /usr/bin/bash)
==2360==    by 0x137544: main (in /usr/bin/bash)
==2360== 
==2359==    by 0x157FCF: ??? (in /usr/bin/bash)
==2359==    by 0x15805C: ??? (in /usr/bin/bash)
==2360== 2 bytes in 1 blocks are still reachable in loss record 8 of 304
==2360==    at 0x483B7F3: malloc (in /usr/lib/x86_64-linux-gnu/valgrind/vgpreload_memcheck-amd64-linux.so)
==2359==    by 0x15AB95: initialize_shell_variables (in /usr/bin/bash)
==2359==    by 0x138DC9: ??? (in /usr/bin/bash)
==2360==    by 0x1984F3: xmalloc (in /usr/bin/bash)
==2360==    by 0x183473: array_create_element (in /usr/bin/bash)
==2359==    by 0x137544: main (in /usr/bin/bash)
==2359== 
==2360==    by 0x183987: array_insert (in /usr/bin/bash)
==2360==    by 0x15AF24: initialize_shell_variables (in /usr/bin/bash)
==2359== 9 bytes in 1 blocks are still reachable in loss record 71 of 304
==2359==    at 0x483B7F3: malloc (in /usr/lib/x86_64-linux-gnu/valgrind/vgpreload_memcheck-amd64-linux.so)
==2360==    by 0x138DC9: ??? (in /usr/bin/bash)
==2360==    by 0x137544: main (in /usr/bin/bash)
==2359==    by 0x1984F3: xmalloc (in /usr/bin/bash)
==2359==    by 0x157FED: ??? (in /usr/bin/bash)
==2360== 
==2359==    by 0x15805C: ??? (in /usr/bin/bash)
==2360== 2 bytes in 1 blocks are still reachable in loss record 9 of 304
==2360==    at 0x483B7F3: malloc (in /usr/lib/x86_64-linux-gnu/valgrind/vgpreload_memcheck-amd64-linux.so)
==2359==    by 0x15AB95: initialize_shell_variables (in /usr/bin/bash)
==2360==    by 0x1984F3: xmalloc (in /usr/bin/bash)
==2360==    by 0x183473: array_create_element (in /usr/bin/bash)
==2359==    by 0x138DC9: ??? (in /usr/bin/bash)
==2359==    by 0x137544: main (in /usr/bin/bash)
==2360==    by 0x183987: array_insert (in /usr/bin/bash)
==2360==    by 0x15AF34: initialize_shell_variables (in /usr/bin/bash)
==2359== 
==2360==    by 0x138DC9: ??? (in /usr/bin/bash)
==2360==    by 0x137544: main (in /usr/bin/bash)
==2359== 9 bytes in 1 blocks are still reachable in loss record 72 of 304
==2359==    at 0x483B7F3: malloc (in /usr/lib/x86_64-linux-gnu/valgrind/vgpreload_memcheck-amd64-linux.so)
==2360== 
==2360== 2 bytes in 1 blocks are still reachable in loss record 10 of 304
==2359==    by 0x1984F3: xmalloc (in /usr/bin/bash)
==2359==    by 0x1544D7: ??? (in /usr/bin/bash)
==2360==    at 0x483B7F3: malloc (in /usr/lib/x86_64-linux-gnu/valgrind/vgpreload_memcheck-amd64-linux.so)
==2360==    by 0x1984F3: xmalloc (in /usr/bin/bash)
==2359==    by 0x157FCF: ??? (in /usr/bin/bash)
==2359==    by 0x15805C: ??? (in /usr/bin/bash)
==2360==    by 0x183473: array_create_element (in /usr/bin/bash)
==2360==    by 0x183987: array_insert (in /usr/bin/bash)
==2359==    by 0x15ABBB: initialize_shell_variables (in /usr/bin/bash)
==2359==    by 0x138DC9: ??? (in /usr/bin/bash)
==2360==    by 0x15AF81: initialize_shell_variables (in /usr/bin/bash)
==2360==    by 0x138DC9: ??? (in /usr/bin/bash)
==2359==    by 0x137544: main (in /usr/bin/bash)
==2359== 
==2360==    by 0x137544: main (in /usr/bin/bash)
==2360== 
==2359== 9 bytes in 1 blocks are still reachable in loss record 73 of 304
==2359==    at 0x483B7F3: malloc (in /usr/lib/x86_64-linux-gnu/valgrind/vgpreload_memcheck-amd64-linux.so)
==2360== 2 bytes in 1 blocks are still reachable in loss record 11 of 304
==2360==    at 0x483B7F3: malloc (in /usr/lib/x86_64-linux-gnu/valgrind/vgpreload_memcheck-amd64-linux.so)
==2359==    by 0x1984F3: xmalloc (in /usr/bin/bash)
==2360==    by 0x1984F3: xmalloc (in /usr/bin/bash)
==2360==    by 0x156DA1: make_variable_value (in /usr/bin/bash)
==2359==    by 0x157FED: ??? (in /usr/bin/bash)
==2359==    by 0x15805C: ??? (in /usr/bin/bash)
==2360==    by 0x15806D: ??? (in /usr/bin/bash)
==2360==    by 0x15B7C8: initialize_shell_variables (in /usr/bin/bash)
==2359==    by 0x15ABBB: initialize_shell_variables (in /usr/bin/bash)
==2359==    by 0x138DC9: ??? (in /usr/bin/bash)
==2360==    by 0x138DC9: ??? (in /usr/bin/bash)
==2360==    by 0x137544: main (in /usr/bin/bash)
==2359==    by 0x137544: main (in /usr/bin/bash)
==2359== 
==2360== 
==2359== 9 bytes in 1 blocks are still reachable in loss record 74 of 304
==2359==    at 0x483B7F3: malloc (in /usr/lib/x86_64-linux-gnu/valgrind/vgpreload_memcheck-amd64-linux.so)
==2360== 2 bytes in 1 blocks are still reachable in loss record 12 of 304
==2360==    at 0x483B7F3: malloc (in /usr/lib/x86_64-linux-gnu/valgrind/vgpreload_memcheck-amd64-linux.so)
==2359==    by 0x1984F3: xmalloc (in /usr/bin/bash)
==2359==    by 0x1544D7: ??? (in /usr/bin/bash)
==2360==    by 0x1984F3: xmalloc (in /usr/bin/bash)
==2360==    by 0x156DA1: make_variable_value (in /usr/bin/bash)
==2359==    by 0x157FCF: ??? (in /usr/bin/bash)
==2359==    by 0x15805C: ??? (in /usr/bin/bash)
==2360==    by 0x15806D: ??? (in /usr/bin/bash)
==2360==    by 0x15B7AE: initialize_shell_variables (in /usr/bin/bash)
==2359==    by 0x15ABCE: initialize_shell_variables (in /usr/bin/bash)
==2359==    by 0x138DC9: ??? (in /usr/bin/bash)
==2360==    by 0x138DC9: ??? (in /usr/bin/bash)
==2360==    by 0x137544: main (in /usr/bin/bash)
==2359==    by 0x137544: main (in /usr/bin/bash)
==2359== 
==2360== 
==2359== 9 bytes in 1 blocks are still reachable in loss record 75 of 304
==2359==    at 0x483B7F3: malloc (in /usr/lib/x86_64-linux-gnu/valgrind/vgpreload_memcheck-amd64-linux.so)
==2360== 2 bytes in 1 blocks are still reachable in loss record 13 of 304
==2360==    at 0x483B7F3: malloc (in /usr/lib/x86_64-linux-gnu/valgrind/vgpreload_memcheck-amd64-linux.so)
==2359==    by 0x1984F3: xmalloc (in /usr/bin/bash)
==2359==    by 0x157FED: ??? (in /usr/bin/bash)
==2360==    by 0x1984F3: xmalloc (in /usr/bin/bash)
==2360==    by 0x183473: array_create_element (in /usr/bin/bash)
==2359==    by 0x15805C: ??? (in /usr/bin/bash)
==2359==    by 0x15ABCE: initialize_shell_variables (in /usr/bin/bash)
==2360==    by 0x18367F: ??? (in /usr/bin/bash)
==2360==    by 0x137CB1: main (in /usr/bin/bash)
==2359==    by 0x138DC9: ??? (in /usr/bin/bash)
==2359==    by 0x137544: main (in /usr/bin/bash)
==2360== 
==2359== 
==2359== 9 bytes in 1 blocks are still reachable in loss record 76 of 304
==2360== 2 bytes in 1 blocks are still reachable in loss record 14 of 304
==2360==    at 0x483B7F3: malloc (in /usr/lib/x86_64-linux-gnu/valgrind/vgpreload_memcheck-amd64-linux.so)
==2359==    at 0x483B7F3: malloc (in /usr/lib/x86_64-linux-gnu/valgrind/vgpreload_memcheck-amd64-linux.so)
==2359==    by 0x1984F3: xmalloc (in /usr/bin/bash)
==2360==    by 0x1984F3: xmalloc (in /usr/bin/bash)
==2360==    by 0x1B7D71: itos (in /usr/bin/bash)
==2359==    by 0x1544D7: ??? (in /usr/bin/bash)
==2359==    by 0x157FCF: ??? (in /usr/bin/bash)
==2360==    by 0x15C13B: set_pipestatus_array (in /usr/bin/bash)
==2360==    by 0x15172F: execute_command_internal (in /usr/bin/bash)
==2359==    by 0x158D55: make_new_array_variable (in /usr/bin/bash)
==2359==    by 0x158DA7: ??? (in /usr/bin/bash)
==2360==    by 0x1519D9: execute_command (in /usr/bin/bash)
==2360==    by 0x139664: reader_loop (in /usr/bin/bash)
==2359==    by 0x15B2CD: initialize_shell_variables (in /usr/bin/bash)
==2359==    by 0x138DC9: ??? (in /usr/bin/bash)
==2360==    by 0x137EF8: main (in /usr/bin/bash)
==2360== 
==2359==    by 0x137544: main (in /usr/bin/bash)
==2359== 
==2360== 2 bytes in 1 blocks are definitely lost in loss record 15 of 304
==2360==    at 0x483B7F3: malloc (in /usr/lib/x86_64-linux-gnu/valgrind/vgpreload_memcheck-amd64-linux.so)
==2359== 9 bytes in 1 blocks are still reachable in loss record 77 of 304
==2360==    by 0x1984F3: xmalloc (in /usr/bin/bash)
==2360==    by 0x19196E: set_default_locale (in /usr/bin/bash)
==2359==    at 0x483B7F3: malloc (in /usr/lib/x86_64-linux-gnu/valgrind/vgpreload_memcheck-amd64-linux.so)
==2360==    by 0x136C8A: main (in /usr/bin/bash)
==2360== 
==2359==    by 0x1984F3: xmalloc (in /usr/bin/bash)
==2359==    by 0x157FED: ??? (in /usr/bin/bash)
==2360== 3 bytes in 1 blocks are still reachable in loss record 16 of 304
==2360==    at 0x483B7F3: malloc (in /usr/lib/x86_64-linux-gnu/valgrind/vgpreload_memcheck-amd64-linux.so)
==2359==    by 0x158D55: make_new_array_variable (in /usr/bin/bash)
==2359==    by 0x158DA7: ??? (in /usr/bin/bash)
==2360==    by 0x1984F3: xmalloc (in /usr/bin/bash)
==2360==    by 0x156DA1: make_variable_value (in /usr/bin/bash)
==2359==    by 0x15B2CD: initialize_shell_variables (in /usr/bin/bash)
==2359==    by 0x138DC9: ??? (in /usr/bin/bash)
==2360==    by 0x15806D: ??? (in /usr/bin/bash)
==2360==    by 0x15AB65: initialize_shell_variables (in /usr/bin/bash)
==2359==    by 0x137544: main (in /usr/bin/bash)
==2359== 
==2360==    by 0x138DC9: ??? (in /usr/bin/bash)
==2360==    by 0x137544: main (in /usr/bin/bash)
==2359== 9 bytes in 1 blocks are still reachable in loss record 78 of 304
==2359==    at 0x483B7F3: malloc (in /usr/lib/x86_64-linux-gnu/valgrind/vgpreload_memcheck-amd64-linux.so)
==2360== 
==2360== 3 bytes in 1 blocks are still reachable in loss record 17 of 304
==2359==    by 0x1984F3: xmalloc (in /usr/bin/bash)
==2359==    by 0x1544D7: ??? (in /usr/bin/bash)
==2360==    at 0x483B7F3: malloc (in /usr/lib/x86_64-linux-gnu/valgrind/vgpreload_memcheck-amd64-linux.so)
==2360==    by 0x1984F3: xmalloc (in /usr/bin/bash)
==2359==    by 0x157FCF: ??? (in /usr/bin/bash)
==2359==    by 0x158D55: make_new_array_variable (in /usr/bin/bash)
==2360==    by 0x183473: array_create_element (in /usr/bin/bash)
==2359==    by 0x15B64D: initialize_shell_variables (in /usr/bin/bash)
==2359==    by 0x138DC9: ??? (in /usr/bin/bash)
==2360==    by 0x183987: array_insert (in /usr/bin/bash)
==2360==    by 0x15AF5D: initialize_shell_variables (in /usr/bin/bash)
==2359==    by 0x137544: main (in /usr/bin/bash)
==2359== 
==2360==    by 0x138DC9: ??? (in /usr/bin/bash)
==2360==    by 0x137544: main (in /usr/bin/bash)
==2359== 9 bytes in 1 blocks are still reachable in loss record 79 of 304
==2359==    at 0x483B7F3: malloc (in /usr/lib/x86_64-linux-gnu/valgrind/vgpreload_memcheck-amd64-linux.so)
==2360== 
==2360== 3 bytes in 1 blocks are still reachable in loss record 18 of 304
==2359==    by 0x1984F3: xmalloc (in /usr/bin/bash)
==2359==    by 0x157FED: ??? (in /usr/bin/bash)
==2360==    at 0x483B7F3: malloc (in /usr/lib/x86_64-linux-gnu/valgrind/vgpreload_memcheck-amd64-linux.so)
==2360==    by 0x1984F3: xmalloc (in /usr/bin/bash)
==2359==    by 0x158D55: make_new_array_variable (in /usr/bin/bash)
==2360==    by 0x156DA1: make_variable_value (in /usr/bin/bash)
==2360==    by 0x15844D: ??? (in /usr/bin/bash)
==2359==    by 0x15B64D: initialize_shell_variables (in /usr/bin/bash)
==2359==    by 0x138DC9: ??? (in /usr/bin/bash)
==2360==    by 0x14C342: ??? (in /usr/bin/bash)
==2360==    by 0x150B52: execute_command_internal (in /usr/bin/bash)
==2359==    by 0x137544: main (in /usr/bin/bash)
==2359== 
==2360==    by 0x1519D9: execute_command (in /usr/bin/bash)
==2360==    by 0x139664: reader_loop (in /usr/bin/bash)
==2359== 9 bytes in 1 blocks are still reachable in loss record 80 of 304
==2359==    at 0x483B7F3: malloc (in /usr/lib/x86_64-linux-gnu/valgrind/vgpreload_memcheck-amd64-linux.so)
==2360==    by 0x137EF8: main (in /usr/bin/bash)
==2360== 
==2359==    by 0x1984F3: xmalloc (in /usr/bin/bash)
==2359==    by 0x1544D7: ??? (in /usr/bin/bash)
==2360== 3 bytes in 3 blocks are still reachable in loss record 19 of 304
==2360==    at 0x483B7F3: malloc (in /usr/lib/x86_64-linux-gnu/valgrind/vgpreload_memcheck-amd64-linux.so)
==2359==    by 0x157FCF: ??? (in /usr/bin/bash)
==2359==    by 0x15805C: ??? (in /usr/bin/bash)
==2360==    by 0x1984F3: xmalloc (in /usr/bin/bash)
==2360==    by 0x156DE1: make_variable_value (in /usr/bin/bash)
==2359==    by 0x1AC4B0: set_bashopts (in /usr/bin/bash)
==2359==    by 0x138E1C: ??? (in /usr/bin/bash)
==2360==    by 0x15806D: ??? (in /usr/bin/bash)
==2360==    by 0x15AD0C: initialize_shell_variables (in /usr/bin/bash)
==2359==    by 0x137544: main (in /usr/bin/bash)
==2359== 
==2360==    by 0x138DC9: ??? (in /usr/bin/bash)
==2360==    by 0x137544: main (in /usr/bin/bash)
==2359== 9 bytes in 1 blocks are still reachable in loss record 81 of 304
==2359==    at 0x483B7F3: malloc (in /usr/lib/x86_64-linux-gnu/valgrind/vgpreload_memcheck-amd64-linux.so)
==2360== 
==2359==    by 0x1984F3: xmalloc (in /usr/bin/bash)
==2359==    by 0x157FED: ??? (in /usr/bin/bash)
==2360== 4 bytes in 1 blocks are still reachable in loss record 20 of 304
==2360==    at 0x483B7F3: malloc (in /usr/lib/x86_64-linux-gnu/valgrind/vgpreload_memcheck-amd64-linux.so)
==2359==    by 0x15805C: ??? (in /usr/bin/bash)
==2359==    by 0x1AC4B0: set_bashopts (in /usr/bin/bash)
==2360==    by 0x1984F3: xmalloc (in /usr/bin/bash)
==2360==    by 0x1544D7: ??? (in /usr/bin/bash)
==2359==    by 0x138E1C: ??? (in /usr/bin/bash)
==2359==    by 0x137544: main (in /usr/bin/bash)
==2360==    by 0x157FCF: ??? (in /usr/bin/bash)
==2360==    by 0x15805C: ??? (in /usr/bin/bash)
==2359== 
==2359== 10 bytes in 1 blocks are still reachable in loss record 82 of 304
==2360==    by 0x159447: set_pwd (in /usr/bin/bash)
==2360==    by 0x15AAEE: initialize_shell_variables (in /usr/bin/bash)
==2359==    at 0x483B7F3: malloc (in /usr/lib/x86_64-linux-gnu/valgrind/vgpreload_memcheck-amd64-linux.so)
==2359==    by 0x1984F3: xmalloc (in /usr/bin/bash)
==2360==    by 0x138DC9: ??? (in /usr/bin/bash)
==2360==    by 0x137544: main (in /usr/bin/bash)
==2359==    by 0x156DA1: make_variable_value (in /usr/bin/bash)
==2359==    by 0x15806D: ??? (in /usr/bin/bash)
==2360== 
==2359==    by 0x15ABA8: initialize_shell_variables (in /usr/bin/bash)
==2359==    by 0x138DC9: ??? (in /usr/bin/bash)
==2360== 4 bytes in 1 blocks are still reachable in loss record 21 of 304
==2360==    at 0x483B7F3: malloc (in /usr/lib/x86_64-linux-gnu/valgrind/vgpreload_memcheck-amd64-linux.so)
==2359==    by 0x137544: main (in /usr/bin/bash)
==2359== 
==2360==    by 0x1984F3: xmalloc (in /usr/bin/bash)
==2360==    by 0x157FED: ??? (in /usr/bin/bash)
==2359== 10 bytes in 1 blocks are still reachable in loss record 83 of 304
==2360==    by 0x15805C: ??? (in /usr/bin/bash)
==2360==    by 0x159447: set_pwd (in /usr/bin/bash)
==2359==    at 0x483B7F3: malloc (in /usr/lib/x86_64-linux-gnu/valgrind/vgpreload_memcheck-amd64-linux.so)
==2359==    by 0x1984F3: xmalloc (in /usr/bin/bash)
==2360==    by 0x15AAEE: initialize_shell_variables (in /usr/bin/bash)
==2360==    by 0x138DC9: ??? (in /usr/bin/bash)
==2359==    by 0x156DA1: make_variable_value (in /usr/bin/bash)
==2359==    by 0x15806D: ??? (in /usr/bin/bash)
==2360==    by 0x137544: main (in /usr/bin/bash)
==2360== 
==2359==    by 0x15AE90: initialize_shell_variables (in /usr/bin/bash)
==2359==    by 0x138DC9: ??? (in /usr/bin/bash)
==2360== 4 bytes in 1 blocks are still reachable in loss record 22 of 304
==2360==    at 0x483B7F3: malloc (in /usr/lib/x86_64-linux-gnu/valgrind/vgpreload_memcheck-amd64-linux.so)
==2359==    by 0x137544: main (in /usr/bin/bash)
==2359== 
==2360==    by 0x1984F3: xmalloc (in /usr/bin/bash)
==2360==    by 0x1544D7: ??? (in /usr/bin/bash)
==2359== 10 bytes in 1 blocks are still reachable in loss record 84 of 304
==2359==    at 0x483B7F3: malloc (in /usr/lib/x86_64-linux-gnu/valgrind/vgpreload_memcheck-amd64-linux.so)
==2360==    by 0x157FCF: ??? (in /usr/bin/bash)
==2360==    by 0x15805C: ??? (in /usr/bin/bash)
==2359==    by 0x1984F3: xmalloc (in /usr/bin/bash)
==2359==    by 0x138D28: ??? (in /usr/bin/bash)
==2360==    by 0x15AB65: initialize_shell_variables (in /usr/bin/bash)
==2360==    by 0x138DC9: ??? (in /usr/bin/bash)
==2359==    by 0x15B81C: initialize_shell_variables (in /usr/bin/bash)
==2359==    by 0x138DC9: ??? (in /usr/bin/bash)
==2360==    by 0x137544: main (in /usr/bin/bash)
==2360== 
==2359==    by 0x137544: main (in /usr/bin/bash)
==2359== 
==2360== 4 bytes in 1 blocks are still reachable in loss record 23 of 304
==2360==    at 0x483B7F3: malloc (in /usr/lib/x86_64-linux-gnu/valgrind/vgpreload_memcheck-amd64-linux.so)
==2359== 10 bytes in 1 blocks are still reachable in loss record 85 of 304
==2359==    at 0x483B7F3: malloc (in /usr/lib/x86_64-linux-gnu/valgrind/vgpreload_memcheck-amd64-linux.so)
==2360==    by 0x1984F3: xmalloc (in /usr/bin/bash)
==2360==    by 0x157FED: ??? (in /usr/bin/bash)
==2359==    by 0x1984F3: xmalloc (in /usr/bin/bash)
==2360==    by 0x15805C: ??? (in /usr/bin/bash)
==2360==    by 0x15AB65: initialize_shell_variables (in /usr/bin/bash)
==2359==    by 0x156DA1: make_variable_value (in /usr/bin/bash)
==2359==    by 0x15806D: ??? (in /usr/bin/bash)
==2360==    by 0x138DC9: ??? (in /usr/bin/bash)
==2360==    by 0x137544: main (in /usr/bin/bash)
==2359==    by 0x15B635: initialize_shell_variables (in /usr/bin/bash)
==2359==    by 0x138DC9: ??? (in /usr/bin/bash)
==2360== 
==2359==    by 0x137544: main (in /usr/bin/bash)
==2359== 
==2360== 4 bytes in 1 blocks are still reachable in loss record 24 of 304
==2360==    at 0x483B7F3: malloc (in /usr/lib/x86_64-linux-gnu/valgrind/vgpreload_memcheck-amd64-linux.so)
==2359== 10 bytes in 1 blocks are still reachable in loss record 86 of 304
==2359==    at 0x483B7F3: malloc (in /usr/lib/x86_64-linux-gnu/valgrind/vgpreload_memcheck-amd64-linux.so)
==2360==    by 0x1984F3: xmalloc (in /usr/bin/bash)
==2360==    by 0x1544D7: ??? (in /usr/bin/bash)
==2359==    by 0x1984F3: xmalloc (in /usr/bin/bash)
==2359==    by 0x1544D7: ??? (in /usr/bin/bash)
==2360==    by 0x157FCF: ??? (in /usr/bin/bash)
==2360==    by 0x15805C: ??? (in /usr/bin/bash)
==2359==    by 0x157FCF: ??? (in /usr/bin/bash)
==2359==    by 0x158D55: make_new_array_variable (in /usr/bin/bash)
==2360==    by 0x15AB7A: initialize_shell_variables (in /usr/bin/bash)
==2360==    by 0x138DC9: ??? (in /usr/bin/bash)
==2359==    by 0x158DA7: ??? (in /usr/bin/bash)
==2359==    by 0x15B30B: initialize_shell_variables (in /usr/bin/bash)
==2360==    by 0x137544: main (in /usr/bin/bash)
==2360== 
==2359==    by 0x138DC9: ??? (in /usr/bin/bash)
==2359==    by 0x137544: main (in /usr/bin/bash)
==2360== 4 bytes in 1 blocks are still reachable in loss record 25 of 304
==2360==    at 0x483B7F3: malloc (in /usr/lib/x86_64-linux-gnu/valgrind/vgpreload_memcheck-amd64-linux.so)
==2359== 
==2360==    by 0x1984F3: xmalloc (in /usr/bin/bash)
==2360==    by 0x157FED: ??? (in /usr/bin/bash)
==2359== 10 bytes in 1 blocks are still reachable in loss record 87 of 304
==2359==    at 0x483B7F3: malloc (in /usr/lib/x86_64-linux-gnu/valgrind/vgpreload_memcheck-amd64-linux.so)
==2360==    by 0x15805C: ??? (in /usr/bin/bash)
==2360==    by 0x15AB7A: initialize_shell_variables (in /usr/bin/bash)
==2359==    by 0x1984F3: xmalloc (in /usr/bin/bash)
==2359==    by 0x157FED: ??? (in /usr/bin/bash)
==2360==    by 0x138DC9: ??? (in /usr/bin/bash)
==2360==    by 0x137544: main (in /usr/bin/bash)
==2359==    by 0x158D55: make_new_array_variable (in /usr/bin/bash)
==2359==    by 0x158DA7: ??? (in /usr/bin/bash)
==2360== 
==2359==    by 0x15B30B: initialize_shell_variables (in /usr/bin/bash)
==2359==    by 0x138DC9: ??? (in /usr/bin/bash)
==2360== 4 bytes in 1 blocks are still reachable in loss record 26 of 304
==2360==    at 0x483B7F3: malloc (in /usr/lib/x86_64-linux-gnu/valgrind/vgpreload_memcheck-amd64-linux.so)
==2359==    by 0x137544: main (in /usr/bin/bash)
==2359== 
==2360==    by 0x1984F3: xmalloc (in /usr/bin/bash)
==2360==    by 0x156DA1: make_variable_value (in /usr/bin/bash)
==2359== 10 bytes in 1 blocks are still reachable in loss record 88 of 304
==2359==    at 0x483B7F3: malloc (in /usr/lib/x86_64-linux-gnu/valgrind/vgpreload_memcheck-amd64-linux.so)
==2360==    by 0x15806D: ??? (in /usr/bin/bash)
==2360==    by 0x15AB7A: initialize_shell_variables (in /usr/bin/bash)
==2359==    by 0x1984F3: xmalloc (in /usr/bin/bash)
==2359==    by 0x1544D7: ??? (in /usr/bin/bash)
==2360==    by 0x138DC9: ??? (in /usr/bin/bash)
==2360==    by 0x137544: main (in /usr/bin/bash)
==2359==    by 0x157FCF: ??? (in /usr/bin/bash)
==2359==    by 0x158D55: make_new_array_variable (in /usr/bin/bash)
==2360== 
==2359==    by 0x158DA7: ??? (in /usr/bin/bash)
==2359==    by 0x15B32A: initialize_shell_variables (in /usr/bin/bash)
==2360== 4 bytes in 1 blocks are still reachable in loss record 27 of 304
==2360==    at 0x483B7F3: malloc (in /usr/lib/x86_64-linux-gnu/valgrind/vgpreload_memcheck-amd64-linux.so)
==2359==    by 0x138DC9: ??? (in /usr/bin/bash)
==2359==    by 0x137544: main (in /usr/bin/bash)
==2360==    by 0x1984F3: xmalloc (in /usr/bin/bash)
==2360==    by 0x1544D7: ??? (in /usr/bin/bash)
==2359== 
==2359== 10 bytes in 1 blocks are still reachable in loss record 89 of 304
==2360==    by 0x157FCF: ??? (in /usr/bin/bash)
==2360==    by 0x15805C: ??? (in /usr/bin/bash)
==2359==    at 0x483B7F3: malloc (in /usr/lib/x86_64-linux-gnu/valgrind/vgpreload_memcheck-amd64-linux.so)
==2359==    by 0x1984F3: xmalloc (in /usr/bin/bash)
==2360==    by 0x15B7C8: initialize_shell_variables (in /usr/bin/bash)
==2360==    by 0x138DC9: ??? (in /usr/bin/bash)
==2359==    by 0x157FED: ??? (in /usr/bin/bash)
==2359==    by 0x158D55: make_new_array_variable (in /usr/bin/bash)
==2360==    by 0x137544: main (in /usr/bin/bash)
==2360== 
==2359==    by 0x158DA7: ??? (in /usr/bin/bash)
==2359==    by 0x15B32A: initialize_shell_variables (in /usr/bin/bash)
==2360== 4 bytes in 1 blocks are still reachable in loss record 28 of 304
==2360==    at 0x483B7F3: malloc (in /usr/lib/x86_64-linux-gnu/valgrind/vgpreload_memcheck-amd64-linux.so)
==2359==    by 0x138DC9: ??? (in /usr/bin/bash)
==2359==    by 0x137544: main (in /usr/bin/bash)
==2360==    by 0x1984F3: xmalloc (in /usr/bin/bash)
==2360==    by 0x157FED: ??? (in /usr/bin/bash)
==2359== 
==2359== 10 bytes in 1 blocks are still reachable in loss record 90 of 304
==2360==    by 0x15805C: ??? (in /usr/bin/bash)
==2360==    by 0x15B7C8: initialize_shell_variables (in /usr/bin/bash)
==2359==    at 0x483B7F3: malloc (in /usr/lib/x86_64-linux-gnu/valgrind/vgpreload_memcheck-amd64-linux.so)
==2359==    by 0x1984F3: xmalloc (in /usr/bin/bash)
==2360==    by 0x138DC9: ??? (in /usr/bin/bash)
==2360==    by 0x137544: main (in /usr/bin/bash)
==2359==    by 0x1544D7: ??? (in /usr/bin/bash)
==2359==    by 0x157FCF: ??? (in /usr/bin/bash)
==2360== 
==2359==    by 0x158DE5: make_new_assoc_variable (in /usr/bin/bash)
==2359==    by 0x15B6A9: initialize_shell_variables (in /usr/bin/bash)
==2360== 5 bytes in 1 blocks are still reachable in loss record 29 of 304
==2360==    at 0x483B7F3: malloc (in /usr/lib/x86_64-linux-gnu/valgrind/vgpreload_memcheck-amd64-linux.so)
==2359==    by 0x138DC9: ??? (in /usr/bin/bash)
==2360==    by 0x1984F3: xmalloc (in /usr/bin/bash)
==2360==    by 0x1544D7: ??? (in /usr/bin/bash)
==2359==    by 0x137544: main (in /usr/bin/bash)
==2360==    by 0x157FCF: ??? (in /usr/bin/bash)
==2360==    by 0x15805C: ??? (in /usr/bin/bash)
==2359== 
==2359== 10 bytes in 1 blocks are still reachable in loss record 91 of 304
==2360==    by 0x15AB1F: initialize_shell_variables (in /usr/bin/bash)
==2360==    by 0x138DC9: ??? (in /usr/bin/bash)
==2359==    at 0x483B7F3: malloc (in /usr/lib/x86_64-linux-gnu/valgrind/vgpreload_memcheck-amd64-linux.so)
==2359==    by 0x1984F3: xmalloc (in /usr/bin/bash)
==2360==    by 0x137544: main (in /usr/bin/bash)
==2360== 
==2359==    by 0x157FED: ??? (in /usr/bin/bash)
==2359==    by 0x158DE5: make_new_assoc_variable (in /usr/bin/bash)
==2360== 5 bytes in 1 blocks are still reachable in loss record 30 of 304
==2360==    at 0x483B7F3: malloc (in /usr/lib/x86_64-linux-gnu/valgrind/vgpreload_memcheck-amd64-linux.so)
==2359==    by 0x15B6A9: initialize_shell_variables (in /usr/bin/bash)
==2359==    by 0x138DC9: ??? (in /usr/bin/bash)
==2360==    by 0x1984F3: xmalloc (in /usr/bin/bash)
==2360==    by 0x157FED: ??? (in /usr/bin/bash)
==2359==    by 0x137544: main (in /usr/bin/bash)
==2359== 
==2360==    by 0x15805C: ??? (in /usr/bin/bash)
==2360==    by 0x15AB1F: initialize_shell_variables (in /usr/bin/bash)
==2359== 10 bytes in 1 blocks are still reachable in loss record 92 of 304
==2359==    at 0x483B7F3: malloc (in /usr/lib/x86_64-linux-gnu/valgrind/vgpreload_memcheck-amd64-linux.so)
==2360==    by 0x138DC9: ??? (in /usr/bin/bash)
==2360==    by 0x137544: main (in /usr/bin/bash)
==2359==    by 0x1984F3: xmalloc (in /usr/bin/bash)
==2359==    by 0x1544D7: ??? (in /usr/bin/bash)
==2360== 
==2360== 5 bytes in 1 blocks are still reachable in loss record 31 of 304
==2359==    by 0x157FCF: ??? (in /usr/bin/bash)
==2360==    at 0x483B7F3: malloc (in /usr/lib/x86_64-linux-gnu/valgrind/vgpreload_memcheck-amd64-linux.so)
==2360==    by 0x1984F3: xmalloc (in /usr/bin/bash)
==2359==    by 0x15805C: ??? (in /usr/bin/bash)
==2359==    by 0x1A76E0: set_shellopts (in /usr/bin/bash)
==2360==    by 0x1544D7: ??? (in /usr/bin/bash)
==2360==    by 0x157FCF: ??? (in /usr/bin/bash)
==2359==    by 0x138DFD: ??? (in /usr/bin/bash)
==2359==    by 0x137544: main (in /usr/bin/bash)
==2360==    by 0x15805C: ??? (in /usr/bin/bash)
==2360==    by 0x15AB32: initialize_shell_variables (in /usr/bin/bash)
==2359== 
==2359== 10 bytes in 1 blocks are still reachable in loss record 93 of 304
==2360==    by 0x138DC9: ??? (in /usr/bin/bash)
==2360==    by 0x137544: main (in /usr/bin/bash)
==2359==    at 0x483B7F3: malloc (in /usr/lib/x86_64-linux-gnu/valgrind/vgpreload_memcheck-amd64-linux.so)
==2359==    by 0x1984F3: xmalloc (in /usr/bin/bash)
==2360== 
==2359==    by 0x157FED: ??? (in /usr/bin/bash)
==2359==    by 0x15805C: ??? (in /usr/bin/bash)
==2360== 5 bytes in 1 blocks are still reachable in loss record 32 of 304
==2360==    at 0x483B7F3: malloc (in /usr/lib/x86_64-linux-gnu/valgrind/vgpreload_memcheck-amd64-linux.so)
==2359==    by 0x1A76E0: set_shellopts (in /usr/bin/bash)
==2359==    by 0x138DFD: ??? (in /usr/bin/bash)
==2360==    by 0x1984F3: xmalloc (in /usr/bin/bash)
==2360==    by 0x157FED: ??? (in /usr/bin/bash)
==2359==    by 0x137544: main (in /usr/bin/bash)
==2359== 
==2360==    by 0x15805C: ??? (in /usr/bin/bash)
==2360==    by 0x15AB32: initialize_shell_variables (in /usr/bin/bash)
==2359== 10 bytes in 1 blocks are still reachable in loss record 94 of 304
==2359==    at 0x483B7F3: malloc (in /usr/lib/x86_64-linux-gnu/valgrind/vgpreload_memcheck-amd64-linux.so)
==2360==    by 0x138DC9: ??? (in /usr/bin/bash)
==2360==    by 0x137544: main (in /usr/bin/bash)
==2359==    by 0x198577: xrealloc (in /usr/bin/bash)
==2359==    by 0x13FAB0: ??? (in /usr/bin/bash)
==2360== 
==2359==    by 0x142EC7: yyparse (in /usr/bin/bash)
==2359==    by 0x13929A: parse_command (in /usr/bin/bash)
==2360== 5 bytes in 1 blocks are still reachable in loss record 33 of 304
==2360==    at 0x483B7F3: malloc (in /usr/lib/x86_64-linux-gnu/valgrind/vgpreload_memcheck-amd64-linux.so)
==2359==    by 0x1393A6: read_command (in /usr/bin/bash)
==2359==    by 0x1395C9: reader_loop (in /usr/bin/bash)
==2360==    by 0x1984F3: xmalloc (in /usr/bin/bash)
==2360==    by 0x156DA1: make_variable_value (in /usr/bin/bash)
==2359==    by 0x137EF8: main (in /usr/bin/bash)
==2359== 
==2360==    by 0x15806D: ??? (in /usr/bin/bash)
==2360==    by 0x15AB32: initialize_shell_variables (in /usr/bin/bash)
==2359== 10 bytes in 1 blocks are still reachable in loss record 95 of 304
==2359==    at 0x483B7F3: malloc (in /usr/lib/x86_64-linux-gnu/valgrind/vgpreload_memcheck-amd64-linux.so)
==2360==    by 0x138DC9: ??? (in /usr/bin/bash)
==2360==    by 0x137544: main (in /usr/bin/bash)
==2359==    by 0x1984F3: xmalloc (in /usr/bin/bash)
==2359==    by 0x14F948: execute_command_internal (in /usr/bin/bash)
==2360== 
==2359==    by 0x1519D9: execute_command (in /usr/bin/bash)
==2359==    by 0x139664: reader_loop (in /usr/bin/bash)
==2360== 5 bytes in 1 blocks are still reachable in loss record 34 of 304
==2360==    at 0x483B7F3: malloc (in /usr/lib/x86_64-linux-gnu/valgrind/vgpreload_memcheck-amd64-linux.so)
==2359==    by 0x137EF8: main (in /usr/bin/bash)
==2359== 
==2360==    by 0x1984F3: xmalloc (in /usr/bin/bash)
==2360==    by 0x1544D7: ??? (in /usr/bin/bash)
==2359== 11 bytes in 1 blocks are still reachable in loss record 96 of 304
==2359==    at 0x483B7F3: malloc (in /usr/lib/x86_64-linux-gnu/valgrind/vgpreload_memcheck-amd64-linux.so)
==2360==    by 0x157FCF: ??? (in /usr/bin/bash)
==2360==    by 0x15805C: ??? (in /usr/bin/bash)
==2359==    by 0x1984F3: xmalloc (in /usr/bin/bash)
==2360==    by 0x159628: set_ppid (in /usr/bin/bash)
==2360==    by 0x15AC15: initialize_shell_variables (in /usr/bin/bash)
==2359==    by 0x1544D7: ??? (in /usr/bin/bash)
==2359==    by 0x157FCF: ??? (in /usr/bin/bash)
==2360==    by 0x138DC9: ??? (in /usr/bin/bash)
==2360==    by 0x137544: main (in /usr/bin/bash)
==2359==    by 0x15805C: ??? (in /usr/bin/bash)
==2359==    by 0x15B13F: initialize_shell_variables (in /usr/bin/bash)
==2360== 
==2360== 5 bytes in 1 blocks are still reachable in loss record 35 of 304
==2359==    by 0x138DC9: ??? (in /usr/bin/bash)
==2359==    by 0x137544: main (in /usr/bin/bash)
==2360==    at 0x483B7F3: malloc (in /usr/lib/x86_64-linux-gnu/valgrind/vgpreload_memcheck-amd64-linux.so)
==2360==    by 0x1984F3: xmalloc (in /usr/bin/bash)
==2359== 
==2359== 11 bytes in 1 blocks are still reachable in loss record 97 of 304
==2360==    by 0x157FED: ??? (in /usr/bin/bash)
==2360==    by 0x15805C: ??? (in /usr/bin/bash)
==2359==    at 0x483B7F3: malloc (in /usr/lib/x86_64-linux-gnu/valgrind/vgpreload_memcheck-amd64-linux.so)
==2359==    by 0x1984F3: xmalloc (in /usr/bin/bash)
==2360==    by 0x159628: set_ppid (in /usr/bin/bash)
==2360==    by 0x15AC15: initialize_shell_variables (in /usr/bin/bash)
==2359==    by 0x157FED: ??? (in /usr/bin/bash)
==2359==    by 0x15805C: ??? (in /usr/bin/bash)
==2360==    by 0x138DC9: ??? (in /usr/bin/bash)
==2360==    by 0x137544: main (in /usr/bin/bash)
==2359==    by 0x15B13F: initialize_shell_variables (in /usr/bin/bash)
==2360== 
==2359==    by 0x138DC9: ??? (in /usr/bin/bash)
==2359==    by 0x137544: main (in /usr/bin/bash)
==2360== 5 bytes in 1 blocks are still reachable in loss record 36 of 304
==2360==    at 0x483B7F3: malloc (in /usr/lib/x86_64-linux-gnu/valgrind/vgpreload_memcheck-amd64-linux.so)
==2359== 
==2359== 11 bytes in 1 blocks are still reachable in loss record 98 of 304
==2360==    by 0x1984F3: xmalloc (in /usr/bin/bash)
==2360==    by 0x156DA1: make_variable_value (in /usr/bin/bash)
==2359==    at 0x483B7F3: malloc (in /usr/lib/x86_64-linux-gnu/valgrind/vgpreload_memcheck-amd64-linux.so)
==2359==    by 0x1984F3: xmalloc (in /usr/bin/bash)
==2360==    by 0x15806D: ??? (in /usr/bin/bash)
==2360==    by 0x159628: set_ppid (in /usr/bin/bash)
==2359==    by 0x1544D7: ??? (in /usr/bin/bash)
==2359==    by 0x157FCF: ??? (in /usr/bin/bash)
==2360==    by 0x15AC15: initialize_shell_variables (in /usr/bin/bash)
==2360==    by 0x138DC9: ??? (in /usr/bin/bash)
==2359==    by 0x158D55: make_new_array_variable (in /usr/bin/bash)
==2359==    by 0x15C10B: set_pipestatus_array (in /usr/bin/bash)
==2360==    by 0x137544: main (in /usr/bin/bash)
==2360== 
==2359==    by 0x15172F: execute_command_internal (in /usr/bin/bash)
==2359==    by 0x1519D9: execute_command (in /usr/bin/bash)
==2360== 5 bytes in 1 blocks are still reachable in loss record 37 of 304
==2360==    at 0x483B7F3: malloc (in /usr/lib/x86_64-linux-gnu/valgrind/vgpreload_memcheck-amd64-linux.so)
==2359==    by 0x139664: reader_loop (in /usr/bin/bash)
==2359==    by 0x137EF8: main (in /usr/bin/bash)
==2360==    by 0x1984F3: xmalloc (in /usr/bin/bash)
==2360==    by 0x1544D7: ??? (in /usr/bin/bash)
==2359== 
==2359== 11 bytes in 1 blocks are still reachable in loss record 99 of 304
==2360==    by 0x157FCF: ??? (in /usr/bin/bash)
==2360==    by 0x15805C: ??? (in /usr/bin/bash)
==2359==    at 0x483B7F3: malloc (in /usr/lib/x86_64-linux-gnu/valgrind/vgpreload_memcheck-amd64-linux.so)
==2359==    by 0x1984F3: xmalloc (in /usr/bin/bash)
==2360==    by 0x15AE90: initialize_shell_variables (in /usr/bin/bash)
==2360==    by 0x138DC9: ??? (in /usr/bin/bash)
==2359==    by 0x157FED: ??? (in /usr/bin/bash)
==2359==    by 0x158D55: make_new_array_variable (in /usr/bin/bash)
==2360==    by 0x137544: main (in /usr/bin/bash)
==2360== 
==2359==    by 0x15C10B: set_pipestatus_array (in /usr/bin/bash)
==2359==    by 0x15172F: execute_command_internal (in /usr/bin/bash)
==2360== 5 bytes in 1 blocks are still reachable in loss record 38 of 304
==2360==    at 0x483B7F3: malloc (in /usr/lib/x86_64-linux-gnu/valgrind/vgpreload_memcheck-amd64-linux.so)
==2359==    by 0x1519D9: execute_command (in /usr/bin/bash)
==2359==    by 0x139664: reader_loop (in /usr/bin/bash)
==2360==    by 0x1984F3: xmalloc (in /usr/bin/bash)
==2360==    by 0x157FED: ??? (in /usr/bin/bash)
==2359==    by 0x137EF8: main (in /usr/bin/bash)
==2359== 
==2360==    by 0x15805C: ??? (in /usr/bin/bash)
==2360==    by 0x15AE90: initialize_shell_variables (in /usr/bin/bash)
==2359== 12 bytes in 1 blocks are still reachable in loss record 100 of 304
==2359==    at 0x483B7F3: malloc (in /usr/lib/x86_64-linux-gnu/valgrind/vgpreload_memcheck-amd64-linux.so)
==2360==    by 0x138DC9: ??? (in /usr/bin/bash)
==2360==    by 0x137544: main (in /usr/bin/bash)
==2359==    by 0x1984F3: xmalloc (in /usr/bin/bash)
==2359==    by 0x1544D7: ??? (in /usr/bin/bash)
==2360== 
==2359==    by 0x157FCF: ??? (in /usr/bin/bash)
==2359==    by 0x158D55: make_new_array_variable (in /usr/bin/bash)
==2360== 5 bytes in 1 blocks are still reachable in loss record 39 of 304
==2360==    at 0x483B7F3: malloc (in /usr/lib/x86_64-linux-gnu/valgrind/vgpreload_memcheck-amd64-linux.so)
==2359==    by 0x158DA7: ??? (in /usr/bin/bash)
==2359==    by 0x15B349: initialize_shell_variables (in /usr/bin/bash)
==2360==    by 0x1984F3: xmalloc (in /usr/bin/bash)
==2360==    by 0x138C10: ??? (in /usr/bin/bash)
==2359==    by 0x138DC9: ??? (in /usr/bin/bash)
==2359==    by 0x137544: main (in /usr/bin/bash)
==2360==    by 0x15B81C: initialize_shell_variables (in /usr/bin/bash)
==2360==    by 0x138DC9: ??? (in /usr/bin/bash)
==2359== 
==2359== 12 bytes in 1 blocks are still reachable in loss record 101 of 304
==2360==    by 0x137544: main (in /usr/bin/bash)
==2360== 
==2359==    at 0x483B7F3: malloc (in /usr/lib/x86_64-linux-gnu/valgrind/vgpreload_memcheck-amd64-linux.so)
==2359==    by 0x1984F3: xmalloc (in /usr/bin/bash)
==2360== 5 bytes in 1 blocks are still reachable in loss record 40 of 304
==2360==    at 0x483B7F3: malloc (in /usr/lib/x86_64-linux-gnu/valgrind/vgpreload_memcheck-amd64-linux.so)
==2359==    by 0x157FED: ??? (in /usr/bin/bash)
==2359==    by 0x158D55: make_new_array_variable (in /usr/bin/bash)
==2360==    by 0x1984F3: xmalloc (in /usr/bin/bash)
==2360==    by 0x1544D7: ??? (in /usr/bin/bash)
==2359==    by 0x158DA7: ??? (in /usr/bin/bash)
==2360==    by 0x157FCF: ??? (in /usr/bin/bash)
==2360==    by 0x15805C: ??? (in /usr/bin/bash)
==2359==    by 0x15B349: initialize_shell_variables (in /usr/bin/bash)
==2359==    by 0x138DC9: ??? (in /usr/bin/bash)
==2360==    by 0x15B7AE: initialize_shell_variables (in /usr/bin/bash)
==2360==    by 0x138DC9: ??? (in /usr/bin/bash)
==2359==    by 0x137544: main (in /usr/bin/bash)
==2359== 
==2360==    by 0x137544: main (in /usr/bin/bash)
==2360== 
==2359== 12 bytes in 1 blocks are still reachable in loss record 102 of 304
==2359==    at 0x483B7F3: malloc (in /usr/lib/x86_64-linux-gnu/valgrind/vgpreload_memcheck-amd64-linux.so)
==2360== 5 bytes in 1 blocks are still reachable in loss record 41 of 304
==2360==    at 0x483B7F3: malloc (in /usr/lib/x86_64-linux-gnu/valgrind/vgpreload_memcheck-amd64-linux.so)
==2359==    by 0x1984F3: xmalloc (in /usr/bin/bash)
==2359==    by 0x1544D7: ??? (in /usr/bin/bash)
==2360==    by 0x1984F3: xmalloc (in /usr/bin/bash)
==2360==    by 0x157FED: ??? (in /usr/bin/bash)
==2359==    by 0x157FCF: ??? (in /usr/bin/bash)
==2359==    by 0x158D55: make_new_array_variable (in /usr/bin/bash)
==2360==    by 0x15805C: ??? (in /usr/bin/bash)
==2360==    by 0x15B7AE: initialize_shell_variables (in /usr/bin/bash)
==2359==    by 0x158DA7: ??? (in /usr/bin/bash)
==2359==    by 0x15B368: initialize_shell_variables (in /usr/bin/bash)
==2360==    by 0x138DC9: ??? (in /usr/bin/bash)
==2360==    by 0x137544: main (in /usr/bin/bash)
==2359==    by 0x138DC9: ??? (in /usr/bin/bash)
==2359==    by 0x137544: main (in /usr/bin/bash)
==2360== 
==2359== 
==2359== 12 bytes in 1 blocks are still reachable in loss record 103 of 304
==2360== 5 bytes in 1 blocks are still reachable in loss record 42 of 304
==2360==    at 0x483B7F3: malloc (in /usr/lib/x86_64-linux-gnu/valgrind/vgpreload_memcheck-amd64-linux.so)
==2359==    at 0x483B7F3: malloc (in /usr/lib/x86_64-linux-gnu/valgrind/vgpreload_memcheck-amd64-linux.so)
==2359==    by 0x1984F3: xmalloc (in /usr/bin/bash)
==2360==    by 0x1984F3: xmalloc (in /usr/bin/bash)
==2360==    by 0x183473: array_create_element (in /usr/bin/bash)
==2359==    by 0x157FED: ??? (in /usr/bin/bash)
==2359==    by 0x158D55: make_new_array_variable (in /usr/bin/bash)
==2360==    by 0x18367F: ??? (in /usr/bin/bash)
==2360==    by 0x137CCD: main (in /usr/bin/bash)
==2359==    by 0x158DA7: ??? (in /usr/bin/bash)
==2359==    by 0x15B368: initialize_shell_variables (in /usr/bin/bash)
==2360== 
==2359==    by 0x138DC9: ??? (in /usr/bin/bash)
==2359==    by 0x137544: main (in /usr/bin/bash)
==2360== 6 bytes in 1 blocks are still reachable in loss record 43 of 304
==2360==    at 0x483B7F3: malloc (in /usr/lib/x86_64-linux-gnu/valgrind/vgpreload_memcheck-amd64-linux.so)
==2359== 
==2359== 13 bytes in 1 blocks are still reachable in loss record 104 of 304
==2360==    by 0x1984F3: xmalloc (in /usr/bin/bash)
==2360==    by 0x1544D7: ??? (in /usr/bin/bash)
==2359==    at 0x483B7F3: malloc (in /usr/lib/x86_64-linux-gnu/valgrind/vgpreload_memcheck-amd64-linux.so)
==2359==    by 0x1984F3: xmalloc (in /usr/bin/bash)
==2360==    by 0x157FCF: ??? (in /usr/bin/bash)
==2360==    by 0x15805C: ??? (in /usr/bin/bash)
==2359==    by 0x138ECE: ??? (in /usr/bin/bash)
==2359==    by 0x137544: main (in /usr/bin/bash)
==2360==    by 0x15929E: adjust_shell_level (in /usr/bin/bash)
==2360==    by 0x15AC10: initialize_shell_variables (in /usr/bin/bash)
==2359== 
==2359== 13 bytes in 1 blocks are still reachable in loss record 105 of 304
==2360==    by 0x138DC9: ??? (in /usr/bin/bash)
==2360==    by 0x137544: main (in /usr/bin/bash)
==2360== 
==2359==    at 0x483B7F3: malloc (in /usr/lib/x86_64-linux-gnu/valgrind/vgpreload_memcheck-amd64-linux.so)
==2359==    by 0x1984F3: xmalloc (in /usr/bin/bash)
==2360== 6 bytes in 1 blocks are still reachable in loss record 44 of 304
==2360==    at 0x483B7F3: malloc (in /usr/lib/x86_64-linux-gnu/valgrind/vgpreload_memcheck-amd64-linux.so)
==2359==    by 0x156DA1: make_variable_value (in /usr/bin/bash)
==2360==    by 0x1984F3: xmalloc (in /usr/bin/bash)
==2360==    by 0x157FED: ??? (in /usr/bin/bash)
==2359==    by 0x15806D: ??? (in /usr/bin/bash)
==2359==    by 0x15ABCE: initialize_shell_variables (in /usr/bin/bash)
==2360==    by 0x15805C: ??? (in /usr/bin/bash)
==2360==    by 0x15929E: adjust_shell_level (in /usr/bin/bash)
==2359==    by 0x138DC9: ??? (in /usr/bin/bash)
==2359==    by 0x137544: main (in /usr/bin/bash)
==2360==    by 0x15AC10: initialize_shell_variables (in /usr/bin/bash)
==2360==    by 0x138DC9: ??? (in /usr/bin/bash)
==2359== 
==2359== 13 bytes in 1 blocks are still reachable in loss record 106 of 304
==2360==    by 0x137544: main (in /usr/bin/bash)
==2360== 
==2359==    at 0x483B7F3: malloc (in /usr/lib/x86_64-linux-gnu/valgrind/vgpreload_memcheck-amd64-linux.so)
==2359==    by 0x1984F3: xmalloc (in /usr/bin/bash)
==2360== 6 bytes in 1 blocks are still reachable in loss record 45 of 304
==2360==    at 0x483B7F3: malloc (in /usr/lib/x86_64-linux-gnu/valgrind/vgpreload_memcheck-amd64-linux.so)
==2359==    by 0x1544D7: ??? (in /usr/bin/bash)
==2359==    by 0x157FCF: ??? (in /usr/bin/bash)
==2360==    by 0x1984F3: xmalloc (in /usr/bin/bash)
==2360==    by 0x138C68: ??? (in /usr/bin/bash)
==2359==    by 0x15805C: ??? (in /usr/bin/bash)
==2359==    by 0x15AECB: initialize_shell_variables (in /usr/bin/bash)
==2360==    by 0x15B81C: initialize_shell_variables (in /usr/bin/bash)
==2360==    by 0x138DC9: ??? (in /usr/bin/bash)
==2359==    by 0x138DC9: ??? (in /usr/bin/bash)
==2359==    by 0x137544: main (in /usr/bin/bash)
==2360==    by 0x137544: main (in /usr/bin/bash)
==2360== 
==2359== 
==2359== 13 bytes in 1 blocks are still reachable in loss record 107 of 304
==2360== 6 bytes in 1 blocks are still reachable in loss record 46 of 304
==2360==    at 0x483B7F3: malloc (in /usr/lib/x86_64-linux-gnu/valgrind/vgpreload_memcheck-amd64-linux.so)
==2359==    at 0x483B7F3: malloc (in /usr/lib/x86_64-linux-gnu/valgrind/vgpreload_memcheck-amd64-linux.so)
==2359==    by 0x1984F3: xmalloc (in /usr/bin/bash)
==2360==    by 0x1984F3: xmalloc (in /usr/bin/bash)
==2360==    by 0x1544D7: ??? (in /usr/bin/bash)
==2359==    by 0x157FED: ??? (in /usr/bin/bash)
==2359==    by 0x15805C: ??? (in /usr/bin/bash)
==2360==    by 0x157FCF: ??? (in /usr/bin/bash)
==2360==    by 0x15805C: ??? (in /usr/bin/bash)
==2359==    by 0x15AECB: initialize_shell_variables (in /usr/bin/bash)
==2359==    by 0x138DC9: ??? (in /usr/bin/bash)
==2360==    by 0x15B635: initialize_shell_variables (in /usr/bin/bash)
==2360==    by 0x138DC9: ??? (in /usr/bin/bash)
==2359==    by 0x137544: main (in /usr/bin/bash)
==2359== 
==2360==    by 0x137544: main (in /usr/bin/bash)
==2360== 
==2359== 13 bytes in 1 blocks are still reachable in loss record 108 of 304
==2359==    at 0x483B7F3: malloc (in /usr/lib/x86_64-linux-gnu/valgrind/vgpreload_memcheck-amd64-linux.so)
==2360== 6 bytes in 1 blocks are still reachable in loss record 47 of 304
==2360==    at 0x483B7F3: malloc (in /usr/lib/x86_64-linux-gnu/valgrind/vgpreload_memcheck-amd64-linux.so)
==2359==    by 0x1984F3: xmalloc (in /usr/bin/bash)
==2360==    by 0x1984F3: xmalloc (in /usr/bin/bash)
==2360==    by 0x157FED: ??? (in /usr/bin/bash)
==2359==    by 0x1544D7: ??? (in /usr/bin/bash)
==2359==    by 0x157FCF: ??? (in /usr/bin/bash)
==2360==    by 0x15805C: ??? (in /usr/bin/bash)
==2360==    by 0x15B635: initialize_shell_variables (in /usr/bin/bash)
==2359==    by 0x15805C: ??? (in /usr/bin/bash)
==2359==    by 0x15B165: initialize_shell_variables (in /usr/bin/bash)
==2360==    by 0x138DC9: ??? (in /usr/bin/bash)
==2360==    by 0x137544: main (in /usr/bin/bash)
==2359==    by 0x138DC9: ??? (in /usr/bin/bash)
==2359==    by 0x137544: main (in /usr/bin/bash)
==2360== 
==2359== 
==2359== 13 bytes in 1 blocks are still reachable in loss record 109 of 304
==2360== 7 bytes in 1 blocks are still reachable in loss record 48 of 304
==2360==    at 0x483B7F3: malloc (in /usr/lib/x86_64-linux-gnu/valgrind/vgpreload_memcheck-amd64-linux.so)
==2359==    at 0x483B7F3: malloc (in /usr/lib/x86_64-linux-gnu/valgrind/vgpreload_memcheck-amd64-linux.so)
==2359==    by 0x1984F3: xmalloc (in /usr/bin/bash)
==2360==    by 0x1984F3: xmalloc (in /usr/bin/bash)
==2360==    by 0x1544D7: ??? (in /usr/bin/bash)
==2359==    by 0x157FED: ??? (in /usr/bin/bash)
==2359==    by 0x15805C: ??? (in /usr/bin/bash)
==2360==    by 0x157FCF: ??? (in /usr/bin/bash)
==2360==    by 0x15805C: ??? (in /usr/bin/bash)
==2359==    by 0x15B165: initialize_shell_variables (in /usr/bin/bash)
==2359==    by 0x138DC9: ??? (in /usr/bin/bash)
==2360==    by 0x159490: set_pwd (in /usr/bin/bash)
==2360==    by 0x15AAEE: initialize_shell_variables (in /usr/bin/bash)
==2359==    by 0x137544: main (in /usr/bin/bash)
==2359== 
==2360==    by 0x138DC9: ??? (in /usr/bin/bash)
==2360==    by 0x137544: main (in /usr/bin/bash)
==2359== 13 bytes in 1 blocks are still reachable in loss record 110 of 304
==2359==    at 0x483B7F3: malloc (in /usr/lib/x86_64-linux-gnu/valgrind/vgpreload_memcheck-amd64-linux.so)
==2360== 
==2359==    by 0x1984F3: xmalloc (in /usr/bin/bash)
==2359==    by 0x1544D7: ??? (in /usr/bin/bash)
==2360== 7 bytes in 1 blocks are still reachable in loss record 49 of 304
==2360==    at 0x483B7F3: malloc (in /usr/lib/x86_64-linux-gnu/valgrind/vgpreload_memcheck-amd64-linux.so)
==2359==    by 0x157FCF: ??? (in /usr/bin/bash)
==2359==    by 0x15805C: ??? (in /usr/bin/bash)
==2360==    by 0x1984F3: xmalloc (in /usr/bin/bash)
==2360==    by 0x157FED: ??? (in /usr/bin/bash)
==2359==    by 0x15B228: initialize_shell_variables (in /usr/bin/bash)
==2359==    by 0x138DC9: ??? (in /usr/bin/bash)
==2360==    by 0x15805C: ??? (in /usr/bin/bash)
==2360==    by 0x159490: set_pwd (in /usr/bin/bash)
==2359==    by 0x137544: main (in /usr/bin/bash)
==2359== 
==2360==    by 0x15AAEE: initialize_shell_variables (in /usr/bin/bash)
==2360==    by 0x138DC9: ??? (in /usr/bin/bash)
==2359== 13 bytes in 1 blocks are still reachable in loss record 111 of 304
==2359==    at 0x483B7F3: malloc (in /usr/lib/x86_64-linux-gnu/valgrind/vgpreload_memcheck-amd64-linux.so)
==2360==    by 0x137544: main (in /usr/bin/bash)
==2360== 
==2359==    by 0x1984F3: xmalloc (in /usr/bin/bash)
==2359==    by 0x157FED: ??? (in /usr/bin/bash)
==2360== 7 bytes in 1 blocks are still reachable in loss record 50 of 304
==2360==    at 0x483B7F3: malloc (in /usr/lib/x86_64-linux-gnu/valgrind/vgpreload_memcheck-amd64-linux.so)
==2359==    by 0x15805C: ??? (in /usr/bin/bash)
==2360==    by 0x1984F3: xmalloc (in /usr/bin/bash)
==2360==    by 0x156DA1: make_variable_value (in /usr/bin/bash)
==2359==    by 0x15B228: initialize_shell_variables (in /usr/bin/bash)
==2359==    by 0x138DC9: ??? (in /usr/bin/bash)
==2360==    by 0x15806D: ??? (in /usr/bin/bash)
==2360==    by 0x15AB95: initialize_shell_variables (in /usr/bin/bash)
==2359==    by 0x137544: main (in /usr/bin/bash)
==2359== 
==2360==    by 0x138DC9: ??? (in /usr/bin/bash)
==2360==    by 0x137544: main (in /usr/bin/bash)
==2359== 13 bytes in 1 blocks are still reachable in loss record 112 of 304
==2359==    at 0x483B7F3: malloc (in /usr/lib/x86_64-linux-gnu/valgrind/vgpreload_memcheck-amd64-linux.so)
==2360== 
==2359==    by 0x1984F3: xmalloc (in /usr/bin/bash)
==2359==    by 0x1544D7: ??? (in /usr/bin/bash)
==2360== 7 bytes in 1 blocks are still reachable in loss record 51 of 304
==2360==    at 0x483B7F3: malloc (in /usr/lib/x86_64-linux-gnu/valgrind/vgpreload_memcheck-amd64-linux.so)
==2359==    by 0x157FCF: ??? (in /usr/bin/bash)
==2359==    by 0x158DE5: make_new_assoc_variable (in /usr/bin/bash)
==2360==    by 0x1984F3: xmalloc (in /usr/bin/bash)
==2360==    by 0x1544D7: ??? (in /usr/bin/bash)
==2359==    by 0x15B67B: initialize_shell_variables (in /usr/bin/bash)
==2359==    by 0x138DC9: ??? (in /usr/bin/bash)
==2360==    by 0x157FCF: ??? (in /usr/bin/bash)
==2360==    by 0x15805C: ??? (in /usr/bin/bash)
==2359==    by 0x137544: main (in /usr/bin/bash)
==2359== 
==2360==    by 0x15ABA8: initialize_shell_variables (in /usr/bin/bash)
==2360==    by 0x138DC9: ??? (in /usr/bin/bash)
==2359== 13 bytes in 1 blocks are still reachable in loss record 113 of 304
==2359==    at 0x483B7F3: malloc (in /usr/lib/x86_64-linux-gnu/valgrind/vgpreload_memcheck-amd64-linux.so)
==2360==    by 0x137544: main (in /usr/bin/bash)
==2360== 
==2359==    by 0x1984F3: xmalloc (in /usr/bin/bash)
==2359==    by 0x157FED: ??? (in /usr/bin/bash)
==2360== 7 bytes in 1 blocks are still reachable in loss record 52 of 304
==2360==    at 0x483B7F3: malloc (in /usr/lib/x86_64-linux-gnu/valgrind/vgpreload_memcheck-amd64-linux.so)
==2359==    by 0x158DE5: make_new_assoc_variable (in /usr/bin/bash)
==2359==    by 0x15B67B: initialize_shell_variables (in /usr/bin/bash)
==2360==    by 0x1984F3: xmalloc (in /usr/bin/bash)
==2360==    by 0x157FED: ??? (in /usr/bin/bash)
==2359==    by 0x138DC9: ??? (in /usr/bin/bash)
==2359==    by 0x137544: main (in /usr/bin/bash)
==2360==    by 0x15805C: ??? (in /usr/bin/bash)
==2360==    by 0x15ABA8: initialize_shell_variables (in /usr/bin/bash)
==2359== 
==2360==    by 0x138DC9: ??? (in /usr/bin/bash)
==2360==    by 0x137544: main (in /usr/bin/bash)
==2359== 14 bytes in 1 blocks are still reachable in loss record 114 of 304
==2359==    at 0x483B7F3: malloc (in /usr/lib/x86_64-linux-gnu/valgrind/vgpreload_memcheck-amd64-linux.so)
==2360== 
==2359==    by 0x1984F3: xmalloc (in /usr/bin/bash)
==2359==    by 0x1544D7: ??? (in /usr/bin/bash)
==2360== 7 bytes in 1 blocks are still reachable in loss record 53 of 304
==2360==    at 0x483B7F3: malloc (in /usr/lib/x86_64-linux-gnu/valgrind/vgpreload_memcheck-amd64-linux.so)
==2359==    by 0x157FCF: ??? (in /usr/bin/bash)
==2359==    by 0x158D55: make_new_array_variable (in /usr/bin/bash)
==2360==    by 0x1984F3: xmalloc (in /usr/bin/bash)
==2360==    by 0x1544D7: ??? (in /usr/bin/bash)
==2359==    by 0x15AEE3: initialize_shell_variables (in /usr/bin/bash)
==2359==    by 0x138DC9: ??? (in /usr/bin/bash)
==2360==    by 0x157FCF: ??? (in /usr/bin/bash)
==2360==    by 0x15805C: ??? (in /usr/bin/bash)
==2359==    by 0x137544: main (in /usr/bin/bash)
==2359== 
==2360==    by 0x15AC2A: initialize_shell_variables (in /usr/bin/bash)
==2360==    by 0x138DC9: ??? (in /usr/bin/bash)
==2359== 14 bytes in 1 blocks are still reachable in loss record 115 of 304
==2359==    at 0x483B7F3: malloc (in /usr/lib/x86_64-linux-gnu/valgrind/vgpreload_memcheck-amd64-linux.so)
==2360==    by 0x137544: main (in /usr/bin/bash)
==2360== 
==2359==    by 0x1984F3: xmalloc (in /usr/bin/bash)
==2359==    by 0x157FED: ??? (in /usr/bin/bash)
==2360== 7 bytes in 1 blocks are still reachable in loss record 54 of 304
==2360==    at 0x483B7F3: malloc (in /usr/lib/x86_64-linux-gnu/valgrind/vgpreload_memcheck-amd64-linux.so)
==2359==    by 0x158D55: make_new_array_variable (in /usr/bin/bash)
==2359==    by 0x15AEE3: initialize_shell_variables (in /usr/bin/bash)
==2360==    by 0x1984F3: xmalloc (in /usr/bin/bash)
==2360==    by 0x157FED: ??? (in /usr/bin/bash)
==2359==    by 0x138DC9: ??? (in /usr/bin/bash)
==2359==    by 0x137544: main (in /usr/bin/bash)
==2360==    by 0x15805C: ??? (in /usr/bin/bash)
==2360==    by 0x15AC2A: initialize_shell_variables (in /usr/bin/bash)
==2359== 
==2359== 14 bytes in 1 blocks are still reachable in loss record 116 of 304
==2360==    by 0x138DC9: ??? (in /usr/bin/bash)
==2360==    by 0x137544: main (in /usr/bin/bash)
==2359==    at 0x483B7F3: malloc (in /usr/lib/x86_64-linux-gnu/valgrind/vgpreload_memcheck-amd64-linux.so)
==2359==    by 0x1984F3: xmalloc (in /usr/bin/bash)
==2360== 
==2360== 7 bytes in 1 blocks are still reachable in loss record 55 of 304
==2359==    by 0x1544D7: ??? (in /usr/bin/bash)
==2359==    by 0x157FCF: ??? (in /usr/bin/bash)
==2360==    at 0x483B7F3: malloc (in /usr/lib/x86_64-linux-gnu/valgrind/vgpreload_memcheck-amd64-linux.so)
==2360==    by 0x1984F3: xmalloc (in /usr/bin/bash)
==2359==    by 0x15805C: ??? (in /usr/bin/bash)
==2359==    by 0x15B188: initialize_shell_variables (in /usr/bin/bash)
==2360==    by 0x1544D7: ??? (in /usr/bin/bash)
==2360==    by 0x157FCF: ??? (in /usr/bin/bash)
==2359==    by 0x138DC9: ??? (in /usr/bin/bash)
==2359==    by 0x137544: main (in /usr/bin/bash)
==2360==    by 0x15805C: ??? (in /usr/bin/bash)
==2360==    by 0x15AC4A: initialize_shell_variables (in /usr/bin/bash)
==2359== 
==2360==    by 0x138DC9: ??? (in /usr/bin/bash)
==2360==    by 0x137544: main (in /usr/bin/bash)
==2359== 14 bytes in 1 blocks are still reachable in loss record 117 of 304
==2360== 
==2359==    at 0x483B7F3: malloc (in /usr/lib/x86_64-linux-gnu/valgrind/vgpreload_memcheck-amd64-linux.so)
==2359==    by 0x1984F3: xmalloc (in /usr/bin/bash)
==2360== 7 bytes in 1 blocks are still reachable in loss record 56 of 304
==2360==    at 0x483B7F3: malloc (in /usr/lib/x86_64-linux-gnu/valgrind/vgpreload_memcheck-amd64-linux.so)
==2359==    by 0x157FED: ??? (in /usr/bin/bash)
==2360==    by 0x1984F3: xmalloc (in /usr/bin/bash)
==2360==    by 0x157FED: ??? (in /usr/bin/bash)
==2359==    by 0x15805C: ??? (in /usr/bin/bash)
==2359==    by 0x15B188: initialize_shell_variables (in /usr/bin/bash)
==2360==    by 0x15805C: ??? (in /usr/bin/bash)
==2360==    by 0x15AC4A: initialize_shell_variables (in /usr/bin/bash)
==2359==    by 0x138DC9: ??? (in /usr/bin/bash)
==2359==    by 0x137544: main (in /usr/bin/bash)
==2360==    by 0x138DC9: ??? (in /usr/bin/bash)
==2360==    by 0x137544: main (in /usr/bin/bash)
==2359== 
==2359== 14 bytes in 1 blocks are still reachable in loss record 118 of 304
==2360== 
==2360== 7 bytes in 1 blocks are still reachable in loss record 57 of 304
==2359==    at 0x483B7F3: malloc (in /usr/lib/x86_64-linux-gnu/valgrind/vgpreload_memcheck-amd64-linux.so)
==2359==    by 0x1984F3: xmalloc (in /usr/bin/bash)
==2360==    at 0x483B7F3: malloc (in /usr/lib/x86_64-linux-gnu/valgrind/vgpreload_memcheck-amd64-linux.so)
==2360==    by 0x1984F3: xmalloc (in /usr/bin/bash)
==2359==    by 0x1544D7: ??? (in /usr/bin/bash)
==2359==    by 0x157FCF: ??? (in /usr/bin/bash)
==2360==    by 0x1544D7: ??? (in /usr/bin/bash)
==2360==    by 0x157FCF: ??? (in /usr/bin/bash)
==2359==    by 0x15805C: ??? (in /usr/bin/bash)
==2360==    by 0x15805C: ??? (in /usr/bin/bash)
==2360==    by 0x15B1AE: initialize_shell_variables (in /usr/bin/bash)
==2359==    by 0x15B24E: initialize_shell_variables (in /usr/bin/bash)
==2360==    by 0x138DC9: ??? (in /usr/bin/bash)
==2360==    by 0x137544: main (in /usr/bin/bash)
==2359==    by 0x138DC9: ??? (in /usr/bin/bash)
==2359==    by 0x137544: main (in /usr/bin/bash)
==2360== 
==2360== 7 bytes in 1 blocks are still reachable in loss record 58 of 304
==2359== 
==2359== 14 bytes in 1 blocks are still reachable in loss record 119 of 304
==2360==    at 0x483B7F3: malloc (in /usr/lib/x86_64-linux-gnu/valgrind/vgpreload_memcheck-amd64-linux.so)
==2360==    by 0x1984F3: xmalloc (in /usr/bin/bash)
==2359==    at 0x483B7F3: malloc (in /usr/lib/x86_64-linux-gnu/valgrind/vgpreload_memcheck-amd64-linux.so)
==2359==    by 0x1984F3: xmalloc (in /usr/bin/bash)
==2360==    by 0x157FED: ??? (in /usr/bin/bash)
==2360==    by 0x15805C: ??? (in /usr/bin/bash)
==2359==    by 0x157FED: ??? (in /usr/bin/bash)
==2359==    by 0x15805C: ??? (in /usr/bin/bash)
==2360==    by 0x15B1AE: initialize_shell_variables (in /usr/bin/bash)
==2360==    by 0x138DC9: ??? (in /usr/bin/bash)
==2359==    by 0x15B24E: initialize_shell_variables (in /usr/bin/bash)
==2359==    by 0x138DC9: ??? (in /usr/bin/bash)
==2360==    by 0x137544: main (in /usr/bin/bash)
==2360== 
==2359==    by 0x137544: main (in /usr/bin/bash)
==2359== 
==2360== 7 bytes in 1 blocks are still reachable in loss record 59 of 304
==2360==    at 0x483B7F3: malloc (in /usr/lib/x86_64-linux-gnu/valgrind/vgpreload_memcheck-amd64-linux.so)
==2359== 16 bytes in 1 blocks are still reachable in loss record 120 of 304
==2359==    at 0x483B7F3: malloc (in /usr/lib/x86_64-linux-gnu/valgrind/vgpreload_memcheck-amd64-linux.so)
==2360==    by 0x1984F3: xmalloc (in /usr/bin/bash)
==2360==    by 0x1544D7: ??? (in /usr/bin/bash)
==2359==    by 0x1984F3: xmalloc (in /usr/bin/bash)
==2359==    by 0x14789D: tilde_initialize (in /usr/bin/bash)
==2360==    by 0x157FCF: ??? (in /usr/bin/bash)
==2360==    by 0x15805C: ??? (in /usr/bin/bash)
==2359==    by 0x138DA5: ??? (in /usr/bin/bash)
==2359==    by 0x137544: main (in /usr/bin/bash)
==2360==    by 0x15B1D8: initialize_shell_variables (in /usr/bin/bash)
==2360==    by 0x138DC9: ??? (in /usr/bin/bash)
==2359== 
==2360==    by 0x137544: main (in /usr/bin/bash)
==2360== 
==2359== 16 bytes in 1 blocks are still reachable in loss record 121 of 304
==2359==    at 0x483B7F3: malloc (in /usr/lib/x86_64-linux-gnu/valgrind/vgpreload_memcheck-amd64-linux.so)
==2360== 7 bytes in 1 blocks are still reachable in loss record 60 of 304
==2360==    at 0x483B7F3: malloc (in /usr/lib/x86_64-linux-gnu/valgrind/vgpreload_memcheck-amd64-linux.so)
==2359==    by 0x1984F3: xmalloc (in /usr/bin/bash)
==2359==    by 0x1478EE: tilde_initialize (in /usr/bin/bash)
==2360==    by 0x1984F3: xmalloc (in /usr/bin/bash)
==2360==    by 0x157FED: ??? (in /usr/bin/bash)
==2359==    by 0x138DA5: ??? (in /usr/bin/bash)
==2360==    by 0x15805C: ??? (in /usr/bin/bash)
==2360==    by 0x15B1D8: initialize_shell_variables (in /usr/bin/bash)
==2359==    by 0x137544: main (in /usr/bin/bash)
==2359== 
==2360==    by 0x138DC9: ??? (in /usr/bin/bash)
==2360==    by 0x137544: main (in /usr/bin/bash)
==2359== 16 bytes in 1 blocks are still reachable in loss record 122 of 304
==2359==    at 0x483B7F3: malloc (in /usr/lib/x86_64-linux-gnu/valgrind/vgpreload_memcheck-amd64-linux.so)
==2360== 
==2360== 7 bytes in 1 blocks are still reachable in loss record 61 of 304
==2359==    by 0x1984F3: xmalloc (in /usr/bin/bash)
==2359==    by 0x17B6F6: hash_create (in /usr/bin/bash)
==2360==    at 0x483B7F3: malloc (in /usr/lib/x86_64-linux-gnu/valgrind/vgpreload_memcheck-amd64-linux.so)
==2360==    by 0x1984F3: xmalloc (in /usr/bin/bash)
==2359==    by 0x157F8A: ??? (in /usr/bin/bash)
==2359==    by 0x15AAAB: initialize_shell_variables (in /usr/bin/bash)
==2360==    by 0x1544D7: ??? (in /usr/bin/bash)
==2360==    by 0x157FCF: ??? (in /usr/bin/bash)
==2359==    by 0x138DC9: ??? (in /usr/bin/bash)
==2359==    by 0x137544: main (in /usr/bin/bash)
==2360==    by 0x158D55: make_new_array_variable (in /usr/bin/bash)
==2359== 
==2359== 16 bytes in 1 blocks are still reachable in loss record 123 of 304
==2360==    by 0x158DA7: ??? (in /usr/bin/bash)
==2360==    by 0x15B2EC: initialize_shell_variables (in /usr/bin/bash)
==2359==    at 0x483B7F3: malloc (in /usr/lib/x86_64-linux-gnu/valgrind/vgpreload_memcheck-amd64-linux.so)
==2359==    by 0x1984F3: xmalloc (in /usr/bin/bash)
==2360==    by 0x138DC9: ??? (in /usr/bin/bash)
==2360==    by 0x137544: main (in /usr/bin/bash)
==2359==    by 0x17B6F6: hash_create (in /usr/bin/bash)
==2359==    by 0x157FA9: ??? (in /usr/bin/bash)
==2360== 
==2360== 7 bytes in 1 blocks are still reachable in loss record 62 of 304
==2359==    by 0x15AAAB: initialize_shell_variables (in /usr/bin/bash)
==2359==    by 0x138DC9: ??? (in /usr/bin/bash)
==2360==    at 0x483B7F3: malloc (in /usr/lib/x86_64-linux-gnu/valgrind/vgpreload_memcheck-amd64-linux.so)
==2360==    by 0x1984F3: xmalloc (in /usr/bin/bash)
==2359==    by 0x137544: main (in /usr/bin/bash)
==2359== 
==2360==    by 0x157FED: ??? (in /usr/bin/bash)
==2360==    by 0x158D55: make_new_array_variable (in /usr/bin/bash)
==2359== 16 bytes in 1 blocks are still reachable in loss record 124 of 304
==2359==    at 0x483B7F3: malloc (in /usr/lib/x86_64-linux-gnu/valgrind/vgpreload_memcheck-amd64-linux.so)
==2360==    by 0x158DA7: ??? (in /usr/bin/bash)
==2360==    by 0x15B2EC: initialize_shell_variables (in /usr/bin/bash)
==2359==    by 0x1984F3: xmalloc (in /usr/bin/bash)
==2359==    by 0x17B6F6: hash_create (in /usr/bin/bash)
==2360==    by 0x138DC9: ??? (in /usr/bin/bash)
==2360==    by 0x137544: main (in /usr/bin/bash)
==2359==    by 0x157F51: ??? (in /usr/bin/bash)
==2359==    by 0x15AAAB: initialize_shell_variables (in /usr/bin/bash)
==2360== 
==2359==    by 0x138DC9: ??? (in /usr/bin/bash)
==2359==    by 0x137544: main (in /usr/bin/bash)
==2360== 8 bytes in 1 blocks are still reachable in loss record 63 of 304
==2360==    at 0x483B7F3: malloc (in /usr/lib/x86_64-linux-gnu/valgrind/vgpreload_memcheck-amd64-linux.so)
==2359== 
==2359== 16 bytes in 1 blocks are still reachable in loss record 125 of 304
==2360==    by 0x1984F3: xmalloc (in /usr/bin/bash)
==2360==    by 0x183473: array_create_element (in /usr/bin/bash)
==2359==    at 0x483B7F3: malloc (in /usr/lib/x86_64-linux-gnu/valgrind/vgpreload_memcheck-amd64-linux.so)
==2359==    by 0x1984F3: xmalloc (in /usr/bin/bash)
==2360==    by 0x183987: array_insert (in /usr/bin/bash)
==2360==    by 0x15AF95: initialize_shell_variables (in /usr/bin/bash)
==2359==    by 0x1544D7: ??? (in /usr/bin/bash)
==2359==    by 0x157FCF: ??? (in /usr/bin/bash)
==2360==    by 0x138DC9: ??? (in /usr/bin/bash)
==2360==    by 0x137544: main (in /usr/bin/bash)
==2359==    by 0x15805C: ??? (in /usr/bin/bash)
==2359==    by 0x15B2A2: initialize_shell_variables (in /usr/bin/bash)
==2360== 
==2360== 8 bytes in 1 blocks are still reachable in loss record 64 of 304
==2359==    by 0x138DC9: ??? (in /usr/bin/bash)
==2359==    by 0x137544: main (in /usr/bin/bash)
==2360==    at 0x483B7F3: malloc (in /usr/lib/x86_64-linux-gnu/valgrind/vgpreload_memcheck-amd64-linux.so)
==2360==    by 0x1984F3: xmalloc (in /usr/bin/bash)
==2359== 
==2360==    by 0x1544D7: ??? (in /usr/bin/bash)
==2360==    by 0x157FCF: ??? (in /usr/bin/bash)
==2359== 16 bytes in 1 blocks are still reachable in loss record 126 of 304
==2359==    at 0x483B7F3: malloc (in /usr/lib/x86_64-linux-gnu/valgrind/vgpreload_memcheck-amd64-linux.so)
==2360==    by 0x15805C: ??? (in /usr/bin/bash)
==2360==    by 0x15B112: initialize_shell_variables (in /usr/bin/bash)
==2359==    by 0x1984F3: xmalloc (in /usr/bin/bash)
==2359==    by 0x157FED: ??? (in /usr/bin/bash)
==2360==    by 0x138DC9: ??? (in /usr/bin/bash)
==2359==    by 0x15805C: ??? (in /usr/bin/bash)
==2359==    by 0x15B2A2: initialize_shell_variables (in /usr/bin/bash)
==2360==    by 0x137544: main (in /usr/bin/bash)
==2360== 
==2359==    by 0x138DC9: ??? (in /usr/bin/bash)
==2359==    by 0x137544: main (in /usr/bin/bash)
==2360== 8 bytes in 1 blocks are still reachable in loss record 65 of 304
==2360==    at 0x483B7F3: malloc (in /usr/lib/x86_64-linux-gnu/valgrind/vgpreload_memcheck-amd64-linux.so)
==2359== 
==2359== 16 bytes in 1 blocks are still reachable in loss record 127 of 304
==2360==    by 0x1984F3: xmalloc (in /usr/bin/bash)
==2360==    by 0x157FED: ??? (in /usr/bin/bash)
==2359==    at 0x483B7F3: malloc (in /usr/lib/x86_64-linux-gnu/valgrind/vgpreload_memcheck-amd64-linux.so)
==2359==    by 0x1984F3: xmalloc (in /usr/bin/bash)
==2360==    by 0x15805C: ??? (in /usr/bin/bash)
==2360==    by 0x15B112: initialize_shell_variables (in /usr/bin/bash)
==2359==    by 0x17B6F6: hash_create (in /usr/bin/bash)
==2359==    by 0x158DEF: make_new_assoc_variable (in /usr/bin/bash)
==2360==    by 0x138DC9: ??? (in /usr/bin/bash)
==2360==    by 0x137544: main (in /usr/bin/bash)
==2359==    by 0x15B6A9: initialize_shell_variables (in /usr/bin/bash)
==2359==    by 0x138DC9: ??? (in /usr/bin/bash)
==2360== 
==2359==    by 0x137544: main (in /usr/bin/bash)
==2359== 
==2360== 8 bytes in 1 blocks are still reachable in loss record 66 of 304
==2360==    at 0x483B7F3: malloc (in /usr/lib/x86_64-linux-gnu/valgrind/vgpreload_memcheck-amd64-linux.so)
==2359== 16 bytes in 1 blocks are still reachable in loss record 128 of 304
==2359==    at 0x483B7F3: malloc (in /usr/lib/x86_64-linux-gnu/valgrind/vgpreload_memcheck-amd64-linux.so)
==2360==    by 0x1984F3: xmalloc (in /usr/bin/bash)
==2360==    by 0x1544D7: ??? (in /usr/bin/bash)
==2359==    by 0x1984F3: xmalloc (in /usr/bin/bash)
==2359==    by 0x17B6F6: hash_create (in /usr/bin/bash)
==2360==    by 0x157FCF: ??? (in /usr/bin/bash)
==2360==    by 0x15805C: ??? (in /usr/bin/bash)
==2359==    by 0x158DEF: make_new_assoc_variable (in /usr/bin/bash)
==2359==    by 0x15B67B: initialize_shell_variables (in /usr/bin/bash)
==2360==    by 0x15B205: initialize_shell_variables (in /usr/bin/bash)
==2360==    by 0x138DC9: ??? (in /usr/bin/bash)
==2359==    by 0x138DC9: ??? (in /usr/bin/bash)
==2359==    by 0x137544: main (in /usr/bin/bash)
==2360==    by 0x137544: main (in /usr/bin/bash)
==2360== 
==2359== 
==2359== 16 bytes in 1 blocks are still reachable in loss record 129 of 304
==2360== 8 bytes in 1 blocks are still reachable in loss record 67 of 304
==2360==    at 0x483B7F3: malloc (in /usr/lib/x86_64-linux-gnu/valgrind/vgpreload_memcheck-amd64-linux.so)
==2359==    at 0x483B7F3: malloc (in /usr/lib/x86_64-linux-gnu/valgrind/vgpreload_memcheck-amd64-linux.so)
==2359==    by 0x1984F3: xmalloc (in /usr/bin/bash)
==2360==    by 0x1984F3: xmalloc (in /usr/bin/bash)
==2360==    by 0x157FED: ??? (in /usr/bin/bash)
==2359==    by 0x148045: alloc_word_desc (in /usr/bin/bash)
==2359==    by 0x141419: ??? (in /usr/bin/bash)
==2360==    by 0x15805C: ??? (in /usr/bin/bash)
==2360==    by 0x15B205: initialize_shell_variables (in /usr/bin/bash)
==2359==    by 0x142EC7: yyparse (in /usr/bin/bash)
==2359==    by 0x13929A: parse_command (in /usr/bin/bash)
==2360==    by 0x138DC9: ??? (in /usr/bin/bash)
==2360==    by 0x137544: main (in /usr/bin/bash)
==2359==    by 0x1393A6: read_command (in /usr/bin/bash)
==2359==    by 0x1395C9: reader_loop (in /usr/bin/bash)
==2360== 
==2360== 8 bytes in 1 blocks are still reachable in loss record 68 of 304
==2359==    by 0x137EF8: main (in /usr/bin/bash)
==2359== 
==2360==    at 0x483B7F3: malloc (in /usr/lib/x86_64-linux-gnu/valgrind/vgpreload_memcheck-amd64-linux.so)
==2360==    by 0x1984F3: xmalloc (in /usr/bin/bash)
==2359== 16 bytes in 1 blocks are still reachable in loss record 130 of 304
==2359==    at 0x483B7F3: malloc (in /usr/lib/x86_64-linux-gnu/valgrind/vgpreload_memcheck-amd64-linux.so)
==2360==    by 0x1544D7: ??? (in /usr/bin/bash)
==2360==    by 0x157FCF: ??? (in /usr/bin/bash)
==2359==    by 0x1984F3: xmalloc (in /usr/bin/bash)
==2359==    by 0x148045: alloc_word_desc (in /usr/bin/bash)
==2360==    by 0x15805C: ??? (in /usr/bin/bash)
==2360==    by 0x15B27B: initialize_shell_variables (in /usr/bin/bash)
==2359==    by 0x140C67: ??? (in /usr/bin/bash)
==2359==    by 0x142EC7: yyparse (in /usr/bin/bash)
==2360==    by 0x138DC9: ??? (in /usr/bin/bash)
==2360==    by 0x137544: main (in /usr/bin/bash)
==2359==    by 0x13929A: parse_command (in /usr/bin/bash)
==2359==    by 0x1393A6: read_command (in /usr/bin/bash)
==2360== 
==2359==    by 0x1395C9: reader_loop (in /usr/bin/bash)
==2359==    by 0x137EF8: main (in /usr/bin/bash)
==2360== 8 bytes in 1 blocks are still reachable in loss record 69 of 304
==2360==    at 0x483B7F3: malloc (in /usr/lib/x86_64-linux-gnu/valgrind/vgpreload_memcheck-amd64-linux.so)
==2359== 
==2359== 16 bytes in 1 blocks are still reachable in loss record 131 of 304
==2360==    by 0x1984F3: xmalloc (in /usr/bin/bash)
==2360==    by 0x157FED: ??? (in /usr/bin/bash)
==2359==    at 0x483B7F3: malloc (in /usr/lib/x86_64-linux-gnu/valgrind/vgpreload_memcheck-amd64-linux.so)
==2360==    by 0x15805C: ??? (in /usr/bin/bash)
==2360==    by 0x15B27B: initialize_shell_variables (in /usr/bin/bash)
==2359==    by 0x1984F3: xmalloc (in /usr/bin/bash)
==2359==    by 0x1482D9: make_word_list (in /usr/bin/bash)
==2360==    by 0x138DC9: ??? (in /usr/bin/bash)
==2359==    by 0x148AB8: make_simple_command (in /usr/bin/bash)
==2360==    by 0x137544: main (in /usr/bin/bash)
==2360== 
==2359==    by 0x14353F: yyparse (in /usr/bin/bash)
==2359==    by 0x13929A: parse_command (in /usr/bin/bash)
==2360== 9 bytes in 1 blocks are still reachable in loss record 70 of 304
==2359==    by 0x1393A6: read_command (in /usr/bin/bash)
==2359==    by 0x1395C9: reader_loop (in /usr/bin/bash)
==2360==    at 0x483B7F3: malloc (in /usr/lib/x86_64-linux-gnu/valgrind/vgpreload_memcheck-amd64-linux.so)
==2360==    by 0x1984F3: xmalloc (in /usr/bin/bash)
==2359==    by 0x137EF8: main (in /usr/bin/bash)
==2359== 
==2360==    by 0x1544D7: ??? (in /usr/bin/bash)
==2360==    by 0x157FCF: ??? (in /usr/bin/bash)
==2359== 16 bytes in 1 blocks are still reachable in loss record 132 of 304
==2359==    at 0x483B7F3: malloc (in /usr/lib/x86_64-linux-gnu/valgrind/vgpreload_memcheck-amd64-linux.so)
==2360==    by 0x15805C: ??? (in /usr/bin/bash)
==2360==    by 0x15AB95: initialize_shell_variables (in /usr/bin/bash)
==2359==    by 0x1984F3: xmalloc (in /usr/bin/bash)
==2359==    by 0x1482D9: make_word_list (in /usr/bin/bash)
==2360==    by 0x138DC9: ??? (in /usr/bin/bash)
==2360==    by 0x137544: main (in /usr/bin/bash)
==2359==    by 0x148AB8: make_simple_command (in /usr/bin/bash)
==2359==    by 0x143516: yyparse (in /usr/bin/bash)
==2360== 
==2360== 9 bytes in 1 blocks are still reachable in loss record 71 of 304
==2359==    by 0x13929A: parse_command (in /usr/bin/bash)
==2359==    by 0x1393A6: read_command (in /usr/bin/bash)
==2360==    at 0x483B7F3: malloc (in /usr/lib/x86_64-linux-gnu/valgrind/vgpreload_memcheck-amd64-linux.so)
==2360==    by 0x1984F3: xmalloc (in /usr/bin/bash)
==2359==    by 0x1395C9: reader_loop (in /usr/bin/bash)
==2359==    by 0x137EF8: main (in /usr/bin/bash)
==2360==    by 0x157FED: ??? (in /usr/bin/bash)
==2360==    by 0x15805C: ??? (in /usr/bin/bash)
==2359== 
==2359== 16 bytes in 1 blocks are still reachable in loss record 133 of 304
==2360==    by 0x15AB95: initialize_shell_variables (in /usr/bin/bash)
==2360==    by 0x138DC9: ??? (in /usr/bin/bash)
==2359==    at 0x483B7F3: malloc (in /usr/lib/x86_64-linux-gnu/valgrind/vgpreload_memcheck-amd64-linux.so)
==2360==    by 0x137544: main (in /usr/bin/bash)
==2360== 
==2359==    by 0x1984F3: xmalloc (in /usr/bin/bash)
==2359==    by 0x148045: alloc_word_desc (in /usr/bin/bash)
==2360== 9 bytes in 1 blocks are still reachable in loss record 72 of 304
==2360==    at 0x483B7F3: malloc (in /usr/lib/x86_64-linux-gnu/valgrind/vgpreload_memcheck-amd64-linux.so)
==2359==    by 0x148072: make_bare_word (in /usr/bin/bash)
==2359==    by 0x15C2F5: copy_word_list (in /usr/bin/bash)
==2360==    by 0x1984F3: xmalloc (in /usr/bin/bash)
==2360==    by 0x1544D7: ??? (in /usr/bin/bash)
==2359==    by 0x17A74F: ??? (in /usr/bin/bash)
==2359==    by 0x14FB29: execute_command_internal (in /usr/bin/bash)
==2360==    by 0x157FCF: ??? (in /usr/bin/bash)
==2360==    by 0x15805C: ??? (in /usr/bin/bash)
==2359==    by 0x1519D9: execute_command (in /usr/bin/bash)
==2359==    by 0x139664: reader_loop (in /usr/bin/bash)
==2360==    by 0x15ABBB: initialize_shell_variables (in /usr/bin/bash)
==2360==    by 0x138DC9: ??? (in /usr/bin/bash)
==2359==    by 0x137EF8: main (in /usr/bin/bash)
==2359== 
==2360==    by 0x137544: main (in /usr/bin/bash)
==2360== 
==2359== 16 bytes in 1 blocks are still reachable in loss record 134 of 304
==2359==    at 0x483B7F3: malloc (in /usr/lib/x86_64-linux-gnu/valgrind/vgpreload_memcheck-amd64-linux.so)
==2360== 9 bytes in 1 blocks are still reachable in loss record 73 of 304
==2360==    at 0x483B7F3: malloc (in /usr/lib/x86_64-linux-gnu/valgrind/vgpreload_memcheck-amd64-linux.so)
==2359==    by 0x1984F3: xmalloc (in /usr/bin/bash)
==2359==    by 0x1482D9: make_word_list (in /usr/bin/bash)
==2360==    by 0x1984F3: xmalloc (in /usr/bin/bash)
==2360==    by 0x157FED: ??? (in /usr/bin/bash)
==2359==    by 0x15C305: copy_word_list (in /usr/bin/bash)
==2359==    by 0x17A74F: ??? (in /usr/bin/bash)
==2360==    by 0x15805C: ??? (in /usr/bin/bash)
==2360==    by 0x15ABBB: initialize_shell_variables (in /usr/bin/bash)
==2359==    by 0x14FB29: execute_command_internal (in /usr/bin/bash)
==2359==    by 0x1519D9: execute_command (in /usr/bin/bash)
==2360==    by 0x138DC9: ??? (in /usr/bin/bash)
==2360==    by 0x137544: main (in /usr/bin/bash)
==2359==    by 0x139664: reader_loop (in /usr/bin/bash)
==2359==    by 0x137EF8: main (in /usr/bin/bash)
==2360== 
==2360== 9 bytes in 1 blocks are still reachable in loss record 74 of 304
==2359== 
==2359== 16 bytes in 1 blocks are still reachable in loss record 135 of 304
==2360==    at 0x483B7F3: malloc (in /usr/lib/x86_64-linux-gnu/valgrind/vgpreload_memcheck-amd64-linux.so)
==2360==    by 0x1984F3: xmalloc (in /usr/bin/bash)
==2359==    at 0x483B7F3: malloc (in /usr/lib/x86_64-linux-gnu/valgrind/vgpreload_memcheck-amd64-linux.so)
==2359==    by 0x1984F3: xmalloc (in /usr/bin/bash)
==2360==    by 0x1544D7: ??? (in /usr/bin/bash)
==2360==    by 0x157FCF: ??? (in /usr/bin/bash)
==2359==    by 0x148045: alloc_word_desc (in /usr/bin/bash)
==2359==    by 0x148072: make_bare_word (in /usr/bin/bash)
==2360==    by 0x15805C: ??? (in /usr/bin/bash)
==2360==    by 0x15ABCE: initialize_shell_variables (in /usr/bin/bash)
==2359==    by 0x15C2C4: copy_word_list (in /usr/bin/bash)
==2359==    by 0x17A74F: ??? (in /usr/bin/bash)
==2360==    by 0x138DC9: ??? (in /usr/bin/bash)
==2360==    by 0x137544: main (in /usr/bin/bash)
==2359==    by 0x14FB29: execute_command_internal (in /usr/bin/bash)
==2359==    by 0x1519D9: execute_command (in /usr/bin/bash)
==2360== 
==2360== 9 bytes in 1 blocks are still reachable in loss record 75 of 304
==2359==    by 0x139664: reader_loop (in /usr/bin/bash)
==2359==    by 0x137EF8: main (in /usr/bin/bash)
==2360==    at 0x483B7F3: malloc (in /usr/lib/x86_64-linux-gnu/valgrind/vgpreload_memcheck-amd64-linux.so)
==2360==    by 0x1984F3: xmalloc (in /usr/bin/bash)
==2359== 
==2360==    by 0x157FED: ??? (in /usr/bin/bash)
==2360==    by 0x15805C: ??? (in /usr/bin/bash)
==2359== 16 bytes in 1 blocks are still reachable in loss record 136 of 304
==2359==    at 0x483B7F3: malloc (in /usr/lib/x86_64-linux-gnu/valgrind/vgpreload_memcheck-amd64-linux.so)
==2360==    by 0x15ABCE: initialize_shell_variables (in /usr/bin/bash)
==2360==    by 0x138DC9: ??? (in /usr/bin/bash)
==2359==    by 0x1984F3: xmalloc (in /usr/bin/bash)
==2359==    by 0x1482D9: make_word_list (in /usr/bin/bash)
==2360==    by 0x137544: main (in /usr/bin/bash)
==2360== 
==2359==    by 0x15C2D4: copy_word_list (in /usr/bin/bash)
==2359==    by 0x17A74F: ??? (in /usr/bin/bash)
==2360== 9 bytes in 1 blocks are still reachable in loss record 76 of 304
==2360==    at 0x483B7F3: malloc (in /usr/lib/x86_64-linux-gnu/valgrind/vgpreload_memcheck-amd64-linux.so)
==2359==    by 0x14FB29: execute_command_internal (in /usr/bin/bash)
==2359==    by 0x1519D9: execute_command (in /usr/bin/bash)
==2360==    by 0x1984F3: xmalloc (in /usr/bin/bash)
==2360==    by 0x1544D7: ??? (in /usr/bin/bash)
==2359==    by 0x139664: reader_loop (in /usr/bin/bash)
==2359==    by 0x137EF8: main (in /usr/bin/bash)
==2360==    by 0x157FCF: ??? (in /usr/bin/bash)
==2360==    by 0x158D55: make_new_array_variable (in /usr/bin/bash)
==2359== 
==2359== 16 bytes in 1 blocks are still reachable in loss record 137 of 304
==2360==    by 0x158DA7: ??? (in /usr/bin/bash)
==2359==    at 0x483B7F3: malloc (in /usr/lib/x86_64-linux-gnu/valgrind/vgpreload_memcheck-amd64-linux.so)
==2359==    by 0x1984F3: xmalloc (in /usr/bin/bash)
==2360==    by 0x15B2CD: initialize_shell_variables (in /usr/bin/bash)
==2360==    by 0x138DC9: ??? (in /usr/bin/bash)
==2359==    by 0x148045: alloc_word_desc (in /usr/bin/bash)
==2359==    by 0x176AFB: ??? (in /usr/bin/bash)
==2360==    by 0x137544: main (in /usr/bin/bash)
==2360== 
==2359==    by 0x17A90E: ??? (in /usr/bin/bash)
==2359==    by 0x14FB29: execute_command_internal (in /usr/bin/bash)
==2360== 9 bytes in 1 blocks are still reachable in loss record 77 of 304
==2359==    by 0x1519D9: execute_command (in /usr/bin/bash)
==2359==    by 0x139664: reader_loop (in /usr/bin/bash)
==2360==    at 0x483B7F3: malloc (in /usr/lib/x86_64-linux-gnu/valgrind/vgpreload_memcheck-amd64-linux.so)
==2360==    by 0x1984F3: xmalloc (in /usr/bin/bash)
==2359==    by 0x137EF8: main (in /usr/bin/bash)
==2359== 
==2360==    by 0x157FED: ??? (in /usr/bin/bash)
==2360==    by 0x158D55: make_new_array_variable (in /usr/bin/bash)
==2359== 16 bytes in 1 blocks are still reachable in loss record 138 of 304
==2359==    at 0x483B7F3: malloc (in /usr/lib/x86_64-linux-gnu/valgrind/vgpreload_memcheck-amd64-linux.so)
==2360==    by 0x158DA7: ??? (in /usr/bin/bash)
==2360==    by 0x15B2CD: initialize_shell_variables (in /usr/bin/bash)
==2359==    by 0x1984F3: xmalloc (in /usr/bin/bash)
==2359==    by 0x1482D9: make_word_list (in /usr/bin/bash)
==2360==    by 0x138DC9: ??? (in /usr/bin/bash)
==2360==    by 0x137544: main (in /usr/bin/bash)
==2359==    by 0x176BD0: ??? (in /usr/bin/bash)
==2359==    by 0x17A90E: ??? (in /usr/bin/bash)
==2360== 
==2360== 9 bytes in 1 blocks are still reachable in loss record 78 of 304
==2359==    by 0x14FB29: execute_command_internal (in /usr/bin/bash)
==2359==    by 0x1519D9: execute_command (in /usr/bin/bash)
==2360==    at 0x483B7F3: malloc (in /usr/lib/x86_64-linux-gnu/valgrind/vgpreload_memcheck-amd64-linux.so)
==2360==    by 0x1984F3: xmalloc (in /usr/bin/bash)
==2359==    by 0x139664: reader_loop (in /usr/bin/bash)
==2359==    by 0x137EF8: main (in /usr/bin/bash)
==2360==    by 0x1544D7: ??? (in /usr/bin/bash)
==2360==    by 0x157FCF: ??? (in /usr/bin/bash)
==2359== 
==2360==    by 0x158D55: make_new_array_variable (in /usr/bin/bash)
==2359== 16 bytes in 1 blocks are still reachable in loss record 139 of 304
==2359==    at 0x483B7F3: malloc (in /usr/lib/x86_64-linux-gnu/valgrind/vgpreload_memcheck-amd64-linux.so)
==2360==    by 0x15B64D: initialize_shell_variables (in /usr/bin/bash)
==2360==    by 0x138DC9: ??? (in /usr/bin/bash)
==2359==    by 0x1984F3: xmalloc (in /usr/bin/bash)
==2359==    by 0x148045: alloc_word_desc (in /usr/bin/bash)
==2360==    by 0x137544: main (in /usr/bin/bash)
==2360== 
==2359==    by 0x1773AC: ??? (in /usr/bin/bash)
==2359==    by 0x17A90E: ??? (in /usr/bin/bash)
==2360== 9 bytes in 1 blocks are still reachable in loss record 79 of 304
==2360==    at 0x483B7F3: malloc (in /usr/lib/x86_64-linux-gnu/valgrind/vgpreload_memcheck-amd64-linux.so)
==2359==    by 0x14FB29: execute_command_internal (in /usr/bin/bash)
==2359==    by 0x1519D9: execute_command (in /usr/bin/bash)
==2360==    by 0x1984F3: xmalloc (in /usr/bin/bash)
==2360==    by 0x157FED: ??? (in /usr/bin/bash)
==2359==    by 0x139664: reader_loop (in /usr/bin/bash)
==2359==    by 0x137EF8: main (in /usr/bin/bash)
==2360==    by 0x158D55: make_new_array_variable (in /usr/bin/bash)
==2360==    by 0x15B64D: initialize_shell_variables (in /usr/bin/bash)
==2359== 
==2360==    by 0x138DC9: ??? (in /usr/bin/bash)
==2360==    by 0x137544: main (in /usr/bin/bash)
==2359== 16 bytes in 1 blocks are still reachable in loss record 140 of 304
==2359==    at 0x483B7F3: malloc (in /usr/lib/x86_64-linux-gnu/valgrind/vgpreload_memcheck-amd64-linux.so)
==2360== 
==2360== 9 bytes in 1 blocks are still reachable in loss record 80 of 304
==2359==    by 0x1984F3: xmalloc (in /usr/bin/bash)
==2359==    by 0x148045: alloc_word_desc (in /usr/bin/bash)
==2360==    at 0x483B7F3: malloc (in /usr/lib/x86_64-linux-gnu/valgrind/vgpreload_memcheck-amd64-linux.so)
==2360==    by 0x1984F3: xmalloc (in /usr/bin/bash)
==2359==    by 0x176AFB: ??? (in /usr/bin/bash)
==2359==    by 0x17742D: ??? (in /usr/bin/bash)
==2360==    by 0x1544D7: ??? (in /usr/bin/bash)
==2360==    by 0x157FCF: ??? (in /usr/bin/bash)
==2359==    by 0x17A90E: ??? (in /usr/bin/bash)
==2359==    by 0x14FB29: execute_command_internal (in /usr/bin/bash)
==2360==    by 0x15805C: ??? (in /usr/bin/bash)
==2360==    by 0x1AC4B0: set_bashopts (in /usr/bin/bash)
==2359==    by 0x1519D9: execute_command (in /usr/bin/bash)
==2359==    by 0x139664: reader_loop (in /usr/bin/bash)
==2360==    by 0x138E1C: ??? (in /usr/bin/bash)
==2360==    by 0x137544: main (in /usr/bin/bash)
==2359==    by 0x137EF8: main (in /usr/bin/bash)
==2359== 
==2360== 
==2360== 9 bytes in 1 blocks are still reachable in loss record 81 of 304
==2359== 16 bytes in 1 blocks are still reachable in loss record 141 of 304
==2359==    at 0x483B7F3: malloc (in /usr/lib/x86_64-linux-gnu/valgrind/vgpreload_memcheck-amd64-linux.so)
==2360==    at 0x483B7F3: malloc (in /usr/lib/x86_64-linux-gnu/valgrind/vgpreload_memcheck-amd64-linux.so)
==2360==    by 0x1984F3: xmalloc (in /usr/bin/bash)
==2359==    by 0x1984F3: xmalloc (in /usr/bin/bash)
==2359==    by 0x1482D9: make_word_list (in /usr/bin/bash)
==2360==    by 0x157FED: ??? (in /usr/bin/bash)
==2360==    by 0x15805C: ??? (in /usr/bin/bash)
==2359==    by 0x176BD0: ??? (in /usr/bin/bash)
==2359==    by 0x17742D: ??? (in /usr/bin/bash)
==2360==    by 0x1AC4B0: set_bashopts (in /usr/bin/bash)
==2360==    by 0x138E1C: ??? (in /usr/bin/bash)
==2359==    by 0x17A90E: ??? (in /usr/bin/bash)
==2359==    by 0x14FB29: execute_command_internal (in /usr/bin/bash)
==2360==    by 0x137544: main (in /usr/bin/bash)
==2360== 
==2359==    by 0x1519D9: execute_command (in /usr/bin/bash)
==2359==    by 0x139664: reader_loop (in /usr/bin/bash)
==2360== 10 bytes in 1 blocks are still reachable in loss record 82 of 304
==2360==    at 0x483B7F3: malloc (in /usr/lib/x86_64-linux-gnu/valgrind/vgpreload_memcheck-amd64-linux.so)
==2359==    by 0x137EF8: main (in /usr/bin/bash)
==2359== 
==2360==    by 0x1984F3: xmalloc (in /usr/bin/bash)
==2360==    by 0x156DA1: make_variable_value (in /usr/bin/bash)
==2359== 16 bytes in 1 blocks are still reachable in loss record 142 of 304
==2359==    at 0x483B7F3: malloc (in /usr/lib/x86_64-linux-gnu/valgrind/vgpreload_memcheck-amd64-linux.so)
==2360==    by 0x15806D: ??? (in /usr/bin/bash)
==2360==    by 0x15ABA8: initialize_shell_variables (in /usr/bin/bash)
==2359==    by 0x1984F3: xmalloc (in /usr/bin/bash)
==2359==    by 0x1482D9: make_word_list (in /usr/bin/bash)
==2360==    by 0x138DC9: ??? (in /usr/bin/bash)
==2360==    by 0x137544: main (in /usr/bin/bash)
==2359==    by 0x16F007: list_string (in /usr/bin/bash)
==2359==    by 0x1719CE: ??? (in /usr/bin/bash)
==2360== 
==2359==    by 0x17ABAC: ??? (in /usr/bin/bash)
==2359==    by 0x14FB29: execute_command_internal (in /usr/bin/bash)
==2360== 10 bytes in 1 blocks are still reachable in loss record 83 of 304
==2360==    at 0x483B7F3: malloc (in /usr/lib/x86_64-linux-gnu/valgrind/vgpreload_memcheck-amd64-linux.so)
==2359==    by 0x1519D9: execute_command (in /usr/bin/bash)
==2359==    by 0x139664: reader_loop (in /usr/bin/bash)
==2360==    by 0x1984F3: xmalloc (in /usr/bin/bash)
==2360==    by 0x156DA1: make_variable_value (in /usr/bin/bash)
==2359==    by 0x137EF8: main (in /usr/bin/bash)
==2359== 
==2360==    by 0x15806D: ??? (in /usr/bin/bash)
==2360==    by 0x15AE90: initialize_shell_variables (in /usr/bin/bash)
==2359== 17 bytes in 1 blocks are still reachable in loss record 143 of 304
==2359==    at 0x483DFAF: realloc (in /usr/lib/x86_64-linux-gnu/valgrind/vgpreload_memcheck-amd64-linux.so)
==2360==    by 0x138DC9: ??? (in /usr/bin/bash)
==2359==    by 0x4994297: getcwd (getcwd.c:84)
==2359==    by 0x19ADCC: get_working_directory (in /usr/bin/bash)
==2360==    by 0x137544: main (in /usr/bin/bash)
==2360== 
==2359==    by 0x15942E: set_pwd (in /usr/bin/bash)
==2359==    by 0x15AAEE: initialize_shell_variables (in /usr/bin/bash)
==2360== 10 bytes in 1 blocks are still reachable in loss record 84 of 304
==2360==    at 0x483B7F3: malloc (in /usr/lib/x86_64-linux-gnu/valgrind/vgpreload_memcheck-amd64-linux.so)
==2359==    by 0x138DC9: ??? (in /usr/bin/bash)
==2359==    by 0x137544: main (in /usr/bin/bash)
==2360==    by 0x1984F3: xmalloc (in /usr/bin/bash)
==2360==    by 0x138D28: ??? (in /usr/bin/bash)
==2359== 
==2359== 17 bytes in 1 blocks are still reachable in loss record 144 of 304
==2360==    by 0x15B81C: initialize_shell_variables (in /usr/bin/bash)
==2360==    by 0x138DC9: ??? (in /usr/bin/bash)
==2359==    at 0x483B7F3: malloc (in /usr/lib/x86_64-linux-gnu/valgrind/vgpreload_memcheck-amd64-linux.so)
==2359==    by 0x1984F3: xmalloc (in /usr/bin/bash)
==2360==    by 0x137544: main (in /usr/bin/bash)
==2360== 
==2359==    by 0x156DA1: make_variable_value (in /usr/bin/bash)
==2359==    by 0x15806D: ??? (in /usr/bin/bash)
==2360== 10 bytes in 1 blocks are still reachable in loss record 85 of 304
==2360==    at 0x483B7F3: malloc (in /usr/lib/x86_64-linux-gnu/valgrind/vgpreload_memcheck-amd64-linux.so)
==2359==    by 0x159447: set_pwd (in /usr/bin/bash)
==2359==    by 0x15AAEE: initialize_shell_variables (in /usr/bin/bash)
==2360==    by 0x1984F3: xmalloc (in /usr/bin/bash)
==2360==    by 0x156DA1: make_variable_value (in /usr/bin/bash)
==2359==    by 0x138DC9: ??? (in /usr/bin/bash)
==2359==    by 0x137544: main (in /usr/bin/bash)
==2360==    by 0x15806D: ??? (in /usr/bin/bash)
==2360==    by 0x15B635: initialize_shell_variables (in /usr/bin/bash)
==2359== 
==2359== 18 bytes in 1 blocks are still reachable in loss record 145 of 304
==2360==    by 0x138DC9: ??? (in /usr/bin/bash)
==2360==    by 0x137544: main (in /usr/bin/bash)
==2359==    at 0x483B7F3: malloc (in /usr/lib/x86_64-linux-gnu/valgrind/vgpreload_memcheck-amd64-linux.so)
==2359==    by 0x1984F3: xmalloc (in /usr/bin/bash)
==2360== 
==2360== 10 bytes in 1 blocks are still reachable in loss record 86 of 304
==2359==    by 0x156DA1: make_variable_value (in /usr/bin/bash)
==2359==    by 0x15806D: ??? (in /usr/bin/bash)
==2360==    at 0x483B7F3: malloc (in /usr/lib/x86_64-linux-gnu/valgrind/vgpreload_memcheck-amd64-linux.so)
==2360==    by 0x1984F3: xmalloc (in /usr/bin/bash)
==2359==    by 0x15AECB: initialize_shell_variables (in /usr/bin/bash)
==2359==    by 0x138DC9: ??? (in /usr/bin/bash)
==2360==    by 0x1544D7: ??? (in /usr/bin/bash)
==2360==    by 0x157FCF: ??? (in /usr/bin/bash)
==2359==    by 0x137544: main (in /usr/bin/bash)
==2359== 
==2360==    by 0x158D55: make_new_array_variable (in /usr/bin/bash)
==2360==    by 0x158DA7: ??? (in /usr/bin/bash)
==2359== 20 bytes in 1 blocks are still reachable in loss record 146 of 304
==2359==    at 0x483B7F3: malloc (in /usr/lib/x86_64-linux-gnu/valgrind/vgpreload_memcheck-amd64-linux.so)
==2360==    by 0x15B30B: initialize_shell_variables (in /usr/bin/bash)
==2360==    by 0x138DC9: ??? (in /usr/bin/bash)
==2359==    by 0x1984F3: xmalloc (in /usr/bin/bash)
==2359==    by 0x156DA1: make_variable_value (in /usr/bin/bash)
==2360==    by 0x137544: main (in /usr/bin/bash)
==2360== 
==2359==    by 0x15806D: ??? (in /usr/bin/bash)
==2360== 10 bytes in 1 blocks are still reachable in loss record 87 of 304
==2360==    at 0x483B7F3: malloc (in /usr/lib/x86_64-linux-gnu/valgrind/vgpreload_memcheck-amd64-linux.so)
==2359==    by 0x15ABBB: initialize_shell_variables (in /usr/bin/bash)
==2359==    by 0x138DC9: ??? (in /usr/bin/bash)
==2360==    by 0x1984F3: xmalloc (in /usr/bin/bash)
==2360==    by 0x157FED: ??? (in /usr/bin/bash)
==2359==    by 0x137544: main (in /usr/bin/bash)
==2359== 
==2360==    by 0x158D55: make_new_array_variable (in /usr/bin/bash)
==2360==    by 0x158DA7: ??? (in /usr/bin/bash)
==2359== 20 bytes in 1 blocks are still reachable in loss record 147 of 304
==2359==    at 0x483B7F3: malloc (in /usr/lib/x86_64-linux-gnu/valgrind/vgpreload_memcheck-amd64-linux.so)
==2360==    by 0x15B30B: initialize_shell_variables (in /usr/bin/bash)
==2360==    by 0x138DC9: ??? (in /usr/bin/bash)
==2359==    by 0x1984F3: xmalloc (in /usr/bin/bash)
==2359==    by 0x183473: array_create_element (in /usr/bin/bash)
==2360==    by 0x137544: main (in /usr/bin/bash)
==2360== 
==2359==    by 0x183987: array_insert (in /usr/bin/bash)
==2359==    by 0x15AFA9: initialize_shell_variables (in /usr/bin/bash)
==2360== 10 bytes in 1 blocks are still reachable in loss record 88 of 304
==2360==    at 0x483B7F3: malloc (in /usr/lib/x86_64-linux-gnu/valgrind/vgpreload_memcheck-amd64-linux.so)
<<<<<<<<<<<<<<<<<<<<<<<<<<<<<<<<<<127.0.0.1==2359==    by 0x138DC9: ??? (in /usr/bin/bash)
==2359==    by 0x137544: main (in /usr/bin/bash)
==2360==    by 0x1984F3: xmalloc (in /usr/bin/bash)
==2360==    by 0x1544D7: ??? (in /usr/bin/bash)
==2359== 
==2359== 24 bytes in 1 blocks are still reachable in loss record 148 of 304
==2360==    by 0x157FCF: ??? (in /usr/bin/bash)
==2360==    by 0x158D55: make_new_array_variable (in /usr/bin/bash)
==2359==    at 0x483B7F3: malloc (in /usr/lib/x86_64-linux-gnu/valgrind/vgpreload_memcheck-amd64-linux.so)
==2359==    by 0x1984F3: xmalloc (in /usr/bin/bash)
==2360==    by 0x158DA7: ??? (in /usr/bin/bash)
==2360==    by 0x15B32A: initialize_shell_variables (in /usr/bin/bash)
==2359==    by 0x14787D: tilde_initialize (in /usr/bin/bash)
==2359==    by 0x138DA5: ??? (in /usr/bin/bash)
==2360==    by 0x138DC9: ??? (in /usr/bin/bash)
==2360==    by 0x137544: main (in /usr/bin/bash)
==2359==    by 0x137544: main (in /usr/bin/bash)
==2359== 
==2360== 
==2360== 10 bytes in 1 blocks are still reachable in loss record 89 of 304
==2359== 24 bytes in 1 blocks are still reachable in loss record 149 of 304
==2359==    at 0x483B7F3: malloc (in /usr/lib/x86_64-linux-gnu/valgrind/vgpreload_memcheck-amd64-linux.so)
==2360==    at 0x483B7F3: malloc (in /usr/lib/x86_64-linux-gnu/valgrind/vgpreload_memcheck-amd64-linux.so)
==2360==    by 0x1984F3: xmalloc (in /usr/bin/bash)
==2359==    by 0x1984F3: xmalloc (in /usr/bin/bash)
==2360==    by 0x157FED: ??? (in /usr/bin/bash)
==2360==    by 0x158D55: make_new_array_variable (in /usr/bin/bash)
==2359==    by 0x1478CE: tilde_initialize (in /usr/bin/bash)
==2359==    by 0x138DA5: ??? (in /usr/bin/bash)
==2360==    by 0x158DA7: ??? (in /usr/bin/bash)
==2360==    by 0x15B32A: initialize_shell_variables (in /usr/bin/bash)
==2359==    by 0x137544: main (in /usr/bin/bash)
==2359== 
==2360==    by 0x138DC9: ??? (in /usr/bin/bash)
==2360==    by 0x137544: main (in /usr/bin/bash)
==2359== 29 bytes in 2 blocks are still reachable in loss record 150 of 304
==2359==    at 0x483B7F3: malloc (in /usr/lib/x86_64-linux-gnu/valgrind/vgpreload_memcheck-amd64-linux.so)
==2360== 
==2359==    by 0x1984F3: xmalloc (in /usr/bin/bash)
==2359==    by 0x1556F3: ??? (in /usr/bin/bash)
==2360== 10 bytes in 1 blocks are still reachable in loss record 90 of 304
==2360==    at 0x483B7F3: malloc (in /usr/lib/x86_64-linux-gnu/valgrind/vgpreload_memcheck-amd64-linux.so)
==2359==    by 0x159B3E: ??? (in /usr/bin/bash)
==2359==    by 0x191D94: ??? (in /usr/bin/bash)
==2360==    by 0x1984F3: xmalloc (in /usr/bin/bash)
==2360==    by 0x1544D7: ??? (in /usr/bin/bash)
==2359==    by 0x192108: set_locale_var (in /usr/bin/bash)
==2359==    by 0x192302: set_default_lang (in /usr/bin/bash)
==2360==    by 0x157FCF: ??? (in /usr/bin/bash)
==2360==    by 0x158DE5: make_new_assoc_variable (in /usr/bin/bash)
==2359==    by 0x137549: main (in /usr/bin/bash)
==2360==    by 0x15B6A9: initialize_shell_variables (in /usr/bin/bash)
==2360==    by 0x138DC9: ??? (in /usr/bin/bash)
==2359== 
==2360==    by 0x137544: main (in /usr/bin/bash)
==2360== 
==2359== 29 bytes in 2 blocks are still reachable in loss record 151 of 304
==2360== 10 bytes in 1 blocks are still reachable in loss record 91 of 304
==2359==    at 0x483B7F3: malloc (in /usr/lib/x86_64-linux-gnu/valgrind/vgpreload_memcheck-amd64-linux.so)
==2359==    by 0x1984F3: xmalloc (in /usr/bin/bash)
==2360==    at 0x483B7F3: malloc (in /usr/lib/x86_64-linux-gnu/valgrind/vgpreload_memcheck-amd64-linux.so)
==2360==    by 0x1984F3: xmalloc (in /usr/bin/bash)
==2359==    by 0x1555B6: ??? (in /usr/bin/bash)
==2359==    by 0x159B3E: ??? (in /usr/bin/bash)
==2360==    by 0x157FED: ??? (in /usr/bin/bash)
==2360==    by 0x158DE5: make_new_assoc_variable (in /usr/bin/bash)
==2359==    by 0x191D94: ??? (in /usr/bin/bash)
==2359==    by 0x192108: set_locale_var (in /usr/bin/bash)
==2360==    by 0x15B6A9: initialize_shell_variables (in /usr/bin/bash)
==2360==    by 0x138DC9: ??? (in /usr/bin/bash)
==2359==    by 0x192302: set_default_lang (in /usr/bin/bash)
==2359==    by 0x137549: main (in /usr/bin/bash)
==2360==    by 0x137544: main (in /usr/bin/bash)
==2360== 
==2359== 
==2359== 31 bytes in 1 blocks are still reachable in loss record 152 of 304
==2360== 10 bytes in 1 blocks are still reachable in loss record 92 of 304
==2360==    at 0x483B7F3: malloc (in /usr/lib/x86_64-linux-gnu/valgrind/vgpreload_memcheck-amd64-linux.so)
==2359==    at 0x483B7F3: malloc (in /usr/lib/x86_64-linux-gnu/valgrind/vgpreload_memcheck-amd64-linux.so)
==2360==    by 0x1984F3: xmalloc (in /usr/bin/bash)
==2360==    by 0x1544D7: ??? (in /usr/bin/bash)
==2359==    by 0x1984F3: xmalloc (in /usr/bin/bash)
==2359==    by 0x13816C: main (in /usr/bin/bash)
==2360==    by 0x157FCF: ??? (in /usr/bin/bash)
==2360==    by 0x15805C: ??? (in /usr/bin/bash)
==2362== Memcheck, a memory error detector
==2362== Copyright (C) 2002-2017, and GNU GPL'd, by Julian Seward et al.
==2359== 
==2359== 31 bytes in 1 blocks are still reachable in loss record 153 of 304
==2360==    by 0x1A76E0: set_shellopts (in /usr/bin/bash)
==2360==    by 0x138DFD: ??? (in /usr/bin/bash)
==2362== Using Valgrind-3.15.0 and LibVEX; rerun with -h for copyright info
==2362== Command: /home/vscode/src/www/cgi/s1.sh
==2359==    at 0x483B7F3: malloc (in /usr/lib/x86_64-linux-gnu/valgrind/vgpreload_memcheck-amd64-linux.so)
==2359==    by 0x1984F3: xmalloc (in /usr/bin/bash)
==2360==    by 0x137544: main (in /usr/bin/bash)
==2360== 
==2362== 
==2359==    by 0x183473: array_create_element (in /usr/bin/bash)
==2359==    by 0x18367F: ??? (in /usr/bin/bash)
==2360== 10 bytes in 1 blocks are still reachable in loss record 93 of 304
==2360==    at 0x483B7F3: malloc (in /usr/lib/x86_64-linux-gnu/valgrind/vgpreload_memcheck-amd64-linux.so)
==2359==    by 0x137C8C: main (in /usr/bin/bash)
==2359== 
==2360==    by 0x1984F3: xmalloc (in /usr/bin/bash)
==2360==    by 0x157FED: ??? (in /usr/bin/bash)
==2359== 31 bytes in 1 blocks are still reachable in loss record 154 of 304
==2359==    at 0x483B7F3: malloc (in /usr/lib/x86_64-linux-gnu/valgrind/vgpreload_memcheck-amd64-linux.so)
==2360==    by 0x15805C: ??? (in /usr/bin/bash)
==2360==    by 0x1A76E0: set_shellopts (in /usr/bin/bash)
==2361== 
==2361== HEAP SUMMARY:
==2361==     in use at exit: 34,257 bytes in 387 blocks
==2361==   total heap usage: 587 allocs, 200 frees, 61,534 bytes allocated
==2361== 
==2359==    by 0x1984F3: xmalloc (in /usr/bin/bash)
==2359==    by 0x13A626: init_yy_io (in /usr/bin/bash)
==2360==    by 0x138DFD: ??? (in /usr/bin/bash)
==2360==    by 0x137544: main (in /usr/bin/bash)
==2361== 1 bytes in 1 blocks are still reachable in loss record 1 of 304
==2361==    at 0x483B7F3: malloc (in /usr/lib/x86_64-linux-gnu/valgrind/vgpreload_memcheck-amd64-linux.so)
==2359==    by 0x137DC4: main (in /usr/bin/bash)
==2360== 
==2360== 10 bytes in 1 blocks are still reachable in loss record 94 of 304
==2361==    by 0x1984F3: xmalloc (in /usr/bin/bash)
==2361==    by 0x1920F9: set_locale_var (in /usr/bin/bash)
==2359== 
==2360==    at 0x483B7F3: malloc (in /usr/lib/x86_64-linux-gnu/valgrind/vgpreload_memcheck-amd64-linux.so)
==2360==    by 0x198577: xrealloc (in /usr/bin/bash)
==2361==    by 0x192302: set_default_lang (in /usr/bin/bash)
==2361==    by 0x137549: main (in /usr/bin/bash)
==2359== 32 bytes in 1 blocks are still reachable in loss record 155 of 304
==2359==    at 0x483B7F3: malloc (in /usr/lib/x86_64-linux-gnu/valgrind/vgpreload_memcheck-amd64-linux.so)
==2360==    by 0x13FAB0: ??? (in /usr/bin/bash)
==2360==    by 0x142EC7: yyparse (in /usr/bin/bash)
==2361== 
==2359==    by 0x1984F3: xmalloc (in /usr/bin/bash)
==2359==    by 0x17BBFB: hash_insert (in /usr/bin/bash)
==2360==    by 0x13929A: parse_command (in /usr/bin/bash)
==2360==    by 0x1393A6: read_command (in /usr/bin/bash)
==2361== 1 bytes in 1 blocks are still reachable in loss record 2 of 304
==2361==    at 0x483B7F3: malloc (in /usr/lib/x86_64-linux-gnu/valgrind/vgpreload_memcheck-amd64-linux.so)
==2359==    by 0x158008: ??? (in /usr/bin/bash)
==2359==    by 0x15805C: ??? (in /usr/bin/bash)
==2360==    by 0x1395C9: reader_loop (in /usr/bin/bash)
==2360==    by 0x137EF8: main (in /usr/bin/bash)
==2361==    by 0x1984F3: xmalloc (in /usr/bin/bash)
==2361==    by 0x191E21: set_lang (in /usr/bin/bash)
==2359==    by 0x159447: set_pwd (in /usr/bin/bash)
==2359==    by 0x15AAEE: initialize_shell_variables (in /usr/bin/bash)
==2360== 
==2360== 10 bytes in 1 blocks are still reachable in loss record 95 of 304
==2361==    by 0x137549: main (in /usr/bin/bash)
==2361== 
==2359==    by 0x138DC9: ??? (in /usr/bin/bash)
==2359==    by 0x137544: main (in /usr/bin/bash)
==2360==    at 0x483B7F3: malloc (in /usr/lib/x86_64-linux-gnu/valgrind/vgpreload_memcheck-amd64-linux.so)
==2360==    by 0x1984F3: xmalloc (in /usr/bin/bash)
==2361== 2 bytes in 1 blocks are still reachable in loss record 3 of 304
==2361==    at 0x483B7F3: malloc (in /usr/lib/x86_64-linux-gnu/valgrind/vgpreload_memcheck-amd64-linux.so)
==2359== 
==2360==    by 0x14F948: execute_command_internal (in /usr/bin/bash)
==2360==    by 0x1519D9: execute_command (in /usr/bin/bash)
==2361==    by 0x1984F3: xmalloc (in /usr/bin/bash)
==2361==    by 0x1544D7: ??? (in /usr/bin/bash)
==2359== 32 bytes in 1 blocks are still reachable in loss record 156 of 304
==2360==    by 0x139664: reader_loop (in /usr/bin/bash)
==2360==    by 0x137EF8: main (in /usr/bin/bash)
==2361==    by 0x157FCF: ??? (in /usr/bin/bash)
==2361==    by 0x15805C: ??? (in /usr/bin/bash)
==2359==    at 0x483B7F3: malloc (in /usr/lib/x86_64-linux-gnu/valgrind/vgpreload_memcheck-amd64-linux.so)
==2359==    by 0x1984F3: xmalloc (in /usr/bin/bash)
==2360== 
==2360== 11 bytes in 1 blocks are still reachable in loss record 96 of 304
==2361==    by 0x15AB01: initialize_shell_variables (in /usr/bin/bash)
==2361==    by 0x138DC9: ??? (in /usr/bin/bash)
==2359==    by 0x17BBFB: hash_insert (in /usr/bin/bash)
==2359==    by 0x158008: ??? (in /usr/bin/bash)
==2360==    at 0x483B7F3: malloc (in /usr/lib/x86_64-linux-gnu/valgrind/vgpreload_memcheck-amd64-linux.so)
==2360==    by 0x1984F3: xmalloc (in /usr/bin/bash)
==2361==    by 0x137544: main (in /usr/bin/bash)
==2361== 
==2359==    by 0x15805C: ??? (in /usr/bin/bash)
==2359==    by 0x159490: set_pwd (in /usr/bin/bash)
==2360==    by 0x1544D7: ??? (in /usr/bin/bash)
==2360==    by 0x157FCF: ??? (in /usr/bin/bash)
==2361== 2 bytes in 1 blocks are still reachable in loss record 4 of 304
==2359==    by 0x15AAEE: initialize_shell_variables (in /usr/bin/bash)
==2359==    by 0x138DC9: ??? (in /usr/bin/bash)
==2360==    by 0x15805C: ??? (in /usr/bin/bash)
==2360==    by 0x15B13F: initialize_shell_variables (in /usr/bin/bash)
==2361==    at 0x483B7F3: malloc (in /usr/lib/x86_64-linux-gnu/valgrind/vgpreload_memcheck-amd64-linux.so)
==2361==    by 0x1984F3: xmalloc (in /usr/bin/bash)
==2359==    by 0x137544: main (in /usr/bin/bash)
==2359== 
==2360==    by 0x138DC9: ??? (in /usr/bin/bash)
==2360==    by 0x137544: main (in /usr/bin/bash)
==2361==    by 0x157FED: ??? (in /usr/bin/bash)
==2361==    by 0x15805C: ??? (in /usr/bin/bash)
==2359== 32 bytes in 1 blocks are still reachable in loss record 157 of 304
==2359==    at 0x483B7F3: malloc (in /usr/lib/x86_64-linux-gnu/valgrind/vgpreload_memcheck-amd64-linux.so)
==2360== 
==2360== 11 bytes in 1 blocks are still reachable in loss record 97 of 304
==2361==    by 0x15AB01: initialize_shell_variables (in /usr/bin/bash)
==2361==    by 0x138DC9: ??? (in /usr/bin/bash)
==2359==    by 0x1984F3: xmalloc (in /usr/bin/bash)
==2359==    by 0x17BBFB: hash_insert (in /usr/bin/bash)
==2360==    at 0x483B7F3: malloc (in /usr/lib/x86_64-linux-gnu/valgrind/vgpreload_memcheck-amd64-linux.so)
==2360==    by 0x1984F3: xmalloc (in /usr/bin/bash)
==2361==    by 0x137544: main (in /usr/bin/bash)
==2361== 
==2359==    by 0x158008: ??? (in /usr/bin/bash)
==2359==    by 0x15805C: ??? (in /usr/bin/bash)
==2360==    by 0x157FED: ??? (in /usr/bin/bash)
==2360==    by 0x15805C: ??? (in /usr/bin/bash)
==2361== 2 bytes in 1 blocks are still reachable in loss record 5 of 304
==2361==    at 0x483B7F3: malloc (in /usr/lib/x86_64-linux-gnu/valgrind/vgpreload_memcheck-amd64-linux.so)
==2359==    by 0x15AB01: initialize_shell_variables (in /usr/bin/bash)
==2359==    by 0x138DC9: ??? (in /usr/bin/bash)
==2360==    by 0x15B13F: initialize_shell_variables (in /usr/bin/bash)
==2360==    by 0x138DC9: ??? (in /usr/bin/bash)
==2361==    by 0x1984F3: xmalloc (in /usr/bin/bash)
==2361==    by 0x156DA1: make_variable_value (in /usr/bin/bash)
==2359==    by 0x137544: main (in /usr/bin/bash)
==2359== 
==2360==    by 0x137544: main (in /usr/bin/bash)
==2360== 
==2361==    by 0x15806D: ??? (in /usr/bin/bash)
==2361==    by 0x15929E: adjust_shell_level (in /usr/bin/bash)
==2359== 32 bytes in 1 blocks are still reachable in loss record 158 of 304
==2359==    at 0x483B7F3: malloc (in /usr/lib/x86_64-linux-gnu/valgrind/vgpreload_memcheck-amd64-linux.so)
==2360== 11 bytes in 1 blocks are still reachable in loss record 98 of 304
==2360==    at 0x483B7F3: malloc (in /usr/lib/x86_64-linux-gnu/valgrind/vgpreload_memcheck-amd64-linux.so)
==2361==    by 0x15AC10: initialize_shell_variables (in /usr/bin/bash)
==2361==    by 0x138DC9: ??? (in /usr/bin/bash)
==2359==    by 0x1984F3: xmalloc (in /usr/bin/bash)
==2359==    by 0x17BBFB: hash_insert (in /usr/bin/bash)
==2360==    by 0x1984F3: xmalloc (in /usr/bin/bash)
==2360==    by 0x1544D7: ??? (in /usr/bin/bash)
==2361==    by 0x137544: main (in /usr/bin/bash)
==2361== 
==2359==    by 0x158008: ??? (in /usr/bin/bash)
==2359==    by 0x15805C: ??? (in /usr/bin/bash)
==2360==    by 0x157FCF: ??? (in /usr/bin/bash)
==2360==    by 0x158D55: make_new_array_variable (in /usr/bin/bash)
==2361== 2 bytes in 1 blocks are still reachable in loss record 6 of 304
==2361==    at 0x483B7F3: malloc (in /usr/lib/x86_64-linux-gnu/valgrind/vgpreload_memcheck-amd64-linux.so)
==2359==    by 0x15AB1F: initialize_shell_variables (in /usr/bin/bash)
==2359==    by 0x138DC9: ??? (in /usr/bin/bash)
==2360==    by 0x15C10B: set_pipestatus_array (in /usr/bin/bash)
==2360==    by 0x15172F: execute_command_internal (in /usr/bin/bash)
==2361==    by 0x1984F3: xmalloc (in /usr/bin/bash)
==2361==    by 0x156DA1: make_variable_value (in /usr/bin/bash)
==2359==    by 0x137544: main (in /usr/bin/bash)
==2359== 
==2360==    by 0x1519D9: execute_command (in /usr/bin/bash)
==2360==    by 0x139664: reader_loop (in /usr/bin/bash)
==2361==    by 0x15806D: ??? (in /usr/bin/bash)
==2361==    by 0x15AC2A: initialize_shell_variables (in /usr/bin/bash)
==2359== 32 bytes in 1 blocks are still reachable in loss record 159 of 304
==2359==    at 0x483B7F3: malloc (in /usr/lib/x86_64-linux-gnu/valgrind/vgpreload_memcheck-amd64-linux.so)
==2360==    by 0x137EF8: main (in /usr/bin/bash)
==2360== 
==2361==    by 0x138DC9: ??? (in /usr/bin/bash)
==2359==    by 0x1984F3: xmalloc (in /usr/bin/bash)
==2359==    by 0x17BBFB: hash_insert (in /usr/bin/bash)
==2360== 11 bytes in 1 blocks are still reachable in loss record 99 of 304
==2360==    at 0x483B7F3: malloc (in /usr/lib/x86_64-linux-gnu/valgrind/vgpreload_memcheck-amd64-linux.so)
==2361==    by 0x137544: main (in /usr/bin/bash)
==2361== 
==2359==    by 0x158008: ??? (in /usr/bin/bash)
==2359==    by 0x15805C: ??? (in /usr/bin/bash)
==2360==    by 0x1984F3: xmalloc (in /usr/bin/bash)
==2360==    by 0x157FED: ??? (in /usr/bin/bash)
==2361== 2 bytes in 1 blocks are still reachable in loss record 7 of 304
==2361==    at 0x483B7F3: malloc (in /usr/lib/x86_64-linux-gnu/valgrind/vgpreload_memcheck-amd64-linux.so)
==2359==    by 0x15AB32: initialize_shell_variables (in /usr/bin/bash)
==2359==    by 0x138DC9: ??? (in /usr/bin/bash)
==2360==    by 0x158D55: make_new_array_variable (in /usr/bin/bash)
==2360==    by 0x15C10B: set_pipestatus_array (in /usr/bin/bash)
==2361==    by 0x1984F3: xmalloc (in /usr/bin/bash)
==2361==    by 0x156DA1: make_variable_value (in /usr/bin/bash)
==2359==    by 0x137544: main (in /usr/bin/bash)
==2359== 
==2360==    by 0x15172F: execute_command_internal (in /usr/bin/bash)
==2360==    by 0x1519D9: execute_command (in /usr/bin/bash)
==2361==    by 0x15806D: ??? (in /usr/bin/bash)
==2361==    by 0x15AC4A: initialize_shell_variables (in /usr/bin/bash)
==2359== 32 bytes in 1 blocks are still reachable in loss record 160 of 304
==2359==    at 0x483B7F3: malloc (in /usr/lib/x86_64-linux-gnu/valgrind/vgpreload_memcheck-amd64-linux.so)
==2360==    by 0x139664: reader_loop (in /usr/bin/bash)
==2360==    by 0x137EF8: main (in /usr/bin/bash)
==2361==    by 0x138DC9: ??? (in /usr/bin/bash)
==2361==    by 0x137544: main (in /usr/bin/bash)
==2359==    by 0x1984F3: xmalloc (in /usr/bin/bash)
==2359==    by 0x17BBFB: hash_insert (in /usr/bin/bash)
==2360== 
==2361== 
==2359==    by 0x158008: ??? (in /usr/bin/bash)
==2360== 12 bytes in 1 blocks are still reachable in loss record 100 of 304
==2360==    at 0x483B7F3: malloc (in /usr/lib/x86_64-linux-gnu/valgrind/vgpreload_memcheck-amd64-linux.so)
==2361== 2 bytes in 1 blocks are still reachable in loss record 8 of 304
==2361==    at 0x483B7F3: malloc (in /usr/lib/x86_64-linux-gnu/valgrind/vgpreload_memcheck-amd64-linux.so)
==2359==    by 0x15805C: ??? (in /usr/bin/bash)
==2359==    by 0x15AB65: initialize_shell_variables (in /usr/bin/bash)
==2360==    by 0x1984F3: xmalloc (in /usr/bin/bash)
==2360==    by 0x1544D7: ??? (in /usr/bin/bash)
==2361==    by 0x1984F3: xmalloc (in /usr/bin/bash)
==2361==    by 0x183473: array_create_element (in /usr/bin/bash)
==2359==    by 0x138DC9: ??? (in /usr/bin/bash)
==2359==    by 0x137544: main (in /usr/bin/bash)
==2360==    by 0x157FCF: ??? (in /usr/bin/bash)
==2360==    by 0x158D55: make_new_array_variable (in /usr/bin/bash)
==2361==    by 0x183987: array_insert (in /usr/bin/bash)
==2361==    by 0x15AF24: initialize_shell_variables (in /usr/bin/bash)
==2359== 
==2360==    by 0x158DA7: ??? (in /usr/bin/bash)
==2360==    by 0x15B349: initialize_shell_variables (in /usr/bin/bash)
==2361==    by 0x138DC9: ??? (in /usr/bin/bash)
==2361==    by 0x137544: main (in /usr/bin/bash)
==2359== 32 bytes in 1 blocks are still reachable in loss record 161 of 304
==2359==    at 0x483B7F3: malloc (in /usr/lib/x86_64-linux-gnu/valgrind/vgpreload_memcheck-amd64-linux.so)
==2360==    by 0x138DC9: ??? (in /usr/bin/bash)
==2360==    by 0x137544: main (in /usr/bin/bash)
==2361== 
==2361== 2 bytes in 1 blocks are still reachable in loss record 9 of 304
==2359==    by 0x1984F3: xmalloc (in /usr/bin/bash)
==2359==    by 0x17BBFB: hash_insert (in /usr/bin/bash)
==2360== 
==2360== 12 bytes in 1 blocks are still reachable in loss record 101 of 304
==2361==    at 0x483B7F3: malloc (in /usr/lib/x86_64-linux-gnu/valgrind/vgpreload_memcheck-amd64-linux.so)
==2361==    by 0x1984F3: xmalloc (in /usr/bin/bash)
==2359==    by 0x158008: ??? (in /usr/bin/bash)
==2360==    at 0x483B7F3: malloc (in /usr/lib/x86_64-linux-gnu/valgrind/vgpreload_memcheck-amd64-linux.so)
==2360==    by 0x1984F3: xmalloc (in /usr/bin/bash)
==2361==    by 0x183473: array_create_element (in /usr/bin/bash)
==2361==    by 0x183987: array_insert (in /usr/bin/bash)
==2359==    by 0x15805C: ??? (in /usr/bin/bash)
==2359==    by 0x15AB7A: initialize_shell_variables (in /usr/bin/bash)
==2360==    by 0x157FED: ??? (in /usr/bin/bash)
==2360==    by 0x158D55: make_new_array_variable (in /usr/bin/bash)
==2361==    by 0x15AF34: initialize_shell_variables (in /usr/bin/bash)
==2361==    by 0x138DC9: ??? (in /usr/bin/bash)
==2359==    by 0x138DC9: ??? (in /usr/bin/bash)
==2360==    by 0x158DA7: ??? (in /usr/bin/bash)
==2360==    by 0x15B349: initialize_shell_variables (in /usr/bin/bash)
==2361==    by 0x137544: main (in /usr/bin/bash)
==2359==    by 0x137544: main (in /usr/bin/bash)
==2359== 
==2360==    by 0x138DC9: ??? (in /usr/bin/bash)
==2360==    by 0x137544: main (in /usr/bin/bash)
==2361== 
==2359== 32 bytes in 1 blocks are still reachable in loss record 162 of 304
==2359==    at 0x483B7F3: malloc (in /usr/lib/x86_64-linux-gnu/valgrind/vgpreload_memcheck-amd64-linux.so)
==2360== 
==2360== 12 bytes in 1 blocks are still reachable in loss record 102 of 304
==2361== 2 bytes in 1 blocks are still reachable in loss record 10 of 304
==2361==    at 0x483B7F3: malloc (in /usr/lib/x86_64-linux-gnu/valgrind/vgpreload_memcheck-amd64-linux.so)
==2359==    by 0x1984F3: xmalloc (in /usr/bin/bash)
==2359==    by 0x17BBFB: hash_insert (in /usr/bin/bash)
==2360==    at 0x483B7F3: malloc (in /usr/lib/x86_64-linux-gnu/valgrind/vgpreload_memcheck-amd64-linux.so)
==2360==    by 0x1984F3: xmalloc (in /usr/bin/bash)
==2361==    by 0x1984F3: xmalloc (in /usr/bin/bash)
==2361==    by 0x183473: array_create_element (in /usr/bin/bash)
==2359==    by 0x158008: ??? (in /usr/bin/bash)
==2359==    by 0x15805C: ??? (in /usr/bin/bash)
==2360==    by 0x1544D7: ??? (in /usr/bin/bash)
==2360==    by 0x157FCF: ??? (in /usr/bin/bash)
==2361==    by 0x183987: array_insert (in /usr/bin/bash)
==2361==    by 0x15AF81: initialize_shell_variables (in /usr/bin/bash)
==2359==    by 0x15AB95: initialize_shell_variables (in /usr/bin/bash)
==2359==    by 0x138DC9: ??? (in /usr/bin/bash)
==2360==    by 0x158D55: make_new_array_variable (in /usr/bin/bash)
==2360==    by 0x158DA7: ??? (in /usr/bin/bash)
==2361==    by 0x138DC9: ??? (in /usr/bin/bash)
==2361==    by 0x137544: main (in /usr/bin/bash)
==2359==    by 0x137544: main (in /usr/bin/bash)
==2359== 
==2360==    by 0x15B368: initialize_shell_variables (in /usr/bin/bash)
==2360==    by 0x138DC9: ??? (in /usr/bin/bash)
==2361== 
==2361== 2 bytes in 1 blocks are still reachable in loss record 11 of 304
==2359== 32 bytes in 1 blocks are still reachable in loss record 163 of 304
==2359==    at 0x483B7F3: malloc (in /usr/lib/x86_64-linux-gnu/valgrind/vgpreload_memcheck-amd64-linux.so)
==2360==    by 0x137544: main (in /usr/bin/bash)
==2360== 
==2361==    at 0x483B7F3: malloc (in /usr/lib/x86_64-linux-gnu/valgrind/vgpreload_memcheck-amd64-linux.so)
==2361==    by 0x1984F3: xmalloc (in /usr/bin/bash)
==2359==    by 0x1984F3: xmalloc (in /usr/bin/bash)
==2359==    by 0x17BBFB: hash_insert (in /usr/bin/bash)
==2360== 12 bytes in 1 blocks are still reachable in loss record 103 of 304
==2360==    at 0x483B7F3: malloc (in /usr/lib/x86_64-linux-gnu/valgrind/vgpreload_memcheck-amd64-linux.so)
==2361==    by 0x156DA1: make_variable_value (in /usr/bin/bash)
==2361==    by 0x15806D: ??? (in /usr/bin/bash)
==2359==    by 0x158008: ??? (in /usr/bin/bash)
==2359==    by 0x15805C: ??? (in /usr/bin/bash)
==2360==    by 0x1984F3: xmalloc (in /usr/bin/bash)
==2360==    by 0x157FED: ??? (in /usr/bin/bash)
==2361==    by 0x15B7C8: initialize_shell_variables (in /usr/bin/bash)
==2361==    by 0x138DC9: ??? (in /usr/bin/bash)
==2359==    by 0x15ABA8: initialize_shell_variables (in /usr/bin/bash)
==2359==    by 0x138DC9: ??? (in /usr/bin/bash)
==2360==    by 0x158D55: make_new_array_variable (in /usr/bin/bash)
==2360==    by 0x158DA7: ??? (in /usr/bin/bash)
==2361==    by 0x137544: main (in /usr/bin/bash)
==2361== 
==2359==    by 0x137544: main (in /usr/bin/bash)
==2359== 
==2360==    by 0x15B368: initialize_shell_variables (in /usr/bin/bash)
==2360==    by 0x138DC9: ??? (in /usr/bin/bash)
==2361== 2 bytes in 1 blocks are still reachable in loss record 12 of 304
==2361==    at 0x483B7F3: malloc (in /usr/lib/x86_64-linux-gnu/valgrind/vgpreload_memcheck-amd64-linux.so)
==2359== 32 bytes in 1 blocks are still reachable in loss record 164 of 304
==2359==    at 0x483B7F3: malloc (in /usr/lib/x86_64-linux-gnu/valgrind/vgpreload_memcheck-amd64-linux.so)
==2360==    by 0x137544: main (in /usr/bin/bash)
==2360== 
==2361==    by 0x1984F3: xmalloc (in /usr/bin/bash)
==2359==    by 0x1984F3: xmalloc (in /usr/bin/bash)
==2359==    by 0x17BBFB: hash_insert (in /usr/bin/bash)
==2360== 13 bytes in 1 blocks are still reachable in loss record 104 of 304
==2360==    at 0x483B7F3: malloc (in /usr/lib/x86_64-linux-gnu/valgrind/vgpreload_memcheck-amd64-linux.so)
==2361==    by 0x156DA1: make_variable_value (in /usr/bin/bash)
==2361==    by 0x15806D: ??? (in /usr/bin/bash)
==2359==    by 0x158008: ??? (in /usr/bin/bash)
==2360==    by 0x1984F3: xmalloc (in /usr/bin/bash)
==2360==    by 0x138ECE: ??? (in /usr/bin/bash)
==2361==    by 0x15B7AE: initialize_shell_variables (in /usr/bin/bash)
==2361==    by 0x138DC9: ??? (in /usr/bin/bash)
==2359==    by 0x15805C: ??? (in /usr/bin/bash)
==2359==    by 0x15ABBB: initialize_shell_variables (in /usr/bin/bash)
==2360==    by 0x137544: main (in /usr/bin/bash)
==2360== 
==2361==    by 0x137544: main (in /usr/bin/bash)
==2361== 
==2359==    by 0x138DC9: ??? (in /usr/bin/bash)
==2359==    by 0x137544: main (in /usr/bin/bash)
==2360== 13 bytes in 1 blocks are still reachable in loss record 105 of 304
==2360==    at 0x483B7F3: malloc (in /usr/lib/x86_64-linux-gnu/valgrind/vgpreload_memcheck-amd64-linux.so)
==2361== 2 bytes in 1 blocks are still reachable in loss record 13 of 304
==2361==    at 0x483B7F3: malloc (in /usr/lib/x86_64-linux-gnu/valgrind/vgpreload_memcheck-amd64-linux.so)
==2359== 
==2360==    by 0x1984F3: xmalloc (in /usr/bin/bash)
==2360==    by 0x156DA1: make_variable_value (in /usr/bin/bash)
==2361==    by 0x1984F3: xmalloc (in /usr/bin/bash)
==2361==    by 0x183473: array_create_element (in /usr/bin/bash)
==2359== 32 bytes in 1 blocks are still reachable in loss record 165 of 304
==2360==    by 0x15806D: ??? (in /usr/bin/bash)
==2360==    by 0x15ABCE: initialize_shell_variables (in /usr/bin/bash)
==2361==    by 0x18367F: ??? (in /usr/bin/bash)
==2361==    by 0x137CB1: main (in /usr/bin/bash)
==2359==    at 0x483B7F3: malloc (in /usr/lib/x86_64-linux-gnu/valgrind/vgpreload_memcheck-amd64-linux.so)
==2359==    by 0x1984F3: xmalloc (in /usr/bin/bash)
==2360==    by 0x138DC9: ??? (in /usr/bin/bash)
==2360==    by 0x137544: main (in /usr/bin/bash)
==2361== 
==2361== 2 bytes in 1 blocks are still reachable in loss record 14 of 304
==2359==    by 0x17BBFB: hash_insert (in /usr/bin/bash)
==2359==    by 0x158008: ??? (in /usr/bin/bash)
==2360== 
==2360== 13 bytes in 1 blocks are still reachable in loss record 106 of 304
==2361==    at 0x483B7F3: malloc (in /usr/lib/x86_64-linux-gnu/valgrind/vgpreload_memcheck-amd64-linux.so)
==2361==    by 0x1984F3: xmalloc (in /usr/bin/bash)
==2359==    by 0x15805C: ??? (in /usr/bin/bash)
==2359==    by 0x15ABCE: initialize_shell_variables (in /usr/bin/bash)
==2360==    at 0x483B7F3: malloc (in /usr/lib/x86_64-linux-gnu/valgrind/vgpreload_memcheck-amd64-linux.so)
==2360==    by 0x1984F3: xmalloc (in /usr/bin/bash)
==2361==    by 0x1B7D71: itos (in /usr/bin/bash)
==2361==    by 0x15C13B: set_pipestatus_array (in /usr/bin/bash)
==2359==    by 0x138DC9: ??? (in /usr/bin/bash)
==2359==    by 0x137544: main (in /usr/bin/bash)
==2360==    by 0x1544D7: ??? (in /usr/bin/bash)
==2360==    by 0x157FCF: ??? (in /usr/bin/bash)
==2361==    by 0x15172F: execute_command_internal (in /usr/bin/bash)
==2361==    by 0x1519D9: execute_command (in /usr/bin/bash)
==2359== 
==2360==    by 0x15805C: ??? (in /usr/bin/bash)
==2360==    by 0x15AECB: initialize_shell_variables (in /usr/bin/bash)
==2361==    by 0x139664: reader_loop (in /usr/bin/bash)
==2361==    by 0x137EF8: main (in /usr/bin/bash)
==2359== 32 bytes in 1 blocks are still reachable in loss record 166 of 304
==2359==    at 0x483B7F3: malloc (in /usr/lib/x86_64-linux-gnu/valgrind/vgpreload_memcheck-amd64-linux.so)
==2360==    by 0x138DC9: ??? (in /usr/bin/bash)
==2360==    by 0x137544: main (in /usr/bin/bash)
==2361== 
==2361== 2 bytes in 1 blocks are definitely lost in loss record 15 of 304
==2359==    by 0x1984F3: xmalloc (in /usr/bin/bash)
==2359==    by 0x17BBFB: hash_insert (in /usr/bin/bash)
==2360== 
==2360== 13 bytes in 1 blocks are still reachable in loss record 107 of 304
==2361==    at 0x483B7F3: malloc (in /usr/lib/x86_64-linux-gnu/valgrind/vgpreload_memcheck-amd64-linux.so)
==2359==    by 0x158008: ??? (in /usr/bin/bash)
==2359==    by 0x15805C: ??? (in /usr/bin/bash)
==2360==    at 0x483B7F3: malloc (in /usr/lib/x86_64-linux-gnu/valgrind/vgpreload_memcheck-amd64-linux.so)
==2360==    by 0x1984F3: xmalloc (in /usr/bin/bash)
==2361==    by 0x1984F3: xmalloc (in /usr/bin/bash)
==2359==    by 0x15929E: adjust_shell_level (in /usr/bin/bash)
==2359==    by 0x15AC10: initialize_shell_variables (in /usr/bin/bash)
==2360==    by 0x157FED: ??? (in /usr/bin/bash)
==2360==    by 0x15805C: ??? (in /usr/bin/bash)
==2361==    by 0x19196E: set_default_locale (in /usr/bin/bash)
==2361==    by 0x136C8A: main (in /usr/bin/bash)
==2359==    by 0x138DC9: ??? (in /usr/bin/bash)
==2359==    by 0x137544: main (in /usr/bin/bash)
==2360==    by 0x15AECB: initialize_shell_variables (in /usr/bin/bash)
==2360==    by 0x138DC9: ??? (in /usr/bin/bash)
==2361== 
==2359== 
==2360==    by 0x137544: main (in /usr/bin/bash)
==2360== 
==2361== 3 bytes in 1 blocks are still reachable in loss record 16 of 304
==2361==    at 0x483B7F3: malloc (in /usr/lib/x86_64-linux-gnu/valgrind/vgpreload_memcheck-amd64-linux.so)
==2359== 32 bytes in 1 blocks are still reachable in loss record 167 of 304
==2359==    at 0x483B7F3: malloc (in /usr/lib/x86_64-linux-gnu/valgrind/vgpreload_memcheck-amd64-linux.so)
==2360== 13 bytes in 1 blocks are still reachable in loss record 108 of 304
==2360==    at 0x483B7F3: malloc (in /usr/lib/x86_64-linux-gnu/valgrind/vgpreload_memcheck-amd64-linux.so)
==2361==    by 0x1984F3: xmalloc (in /usr/bin/bash)
==2361==    by 0x156DA1: make_variable_value (in /usr/bin/bash)
==2359==    by 0x1984F3: xmalloc (in /usr/bin/bash)
==2359==    by 0x17BBFB: hash_insert (in /usr/bin/bash)
==2360==    by 0x1984F3: xmalloc (in /usr/bin/bash)
==2360==    by 0x1544D7: ??? (in /usr/bin/bash)
==2361==    by 0x15806D: ??? (in /usr/bin/bash)
==2361==    by 0x15AB65: initialize_shell_variables (in /usr/bin/bash)
==2359==    by 0x158008: ??? (in /usr/bin/bash)
==2359==    by 0x15805C: ??? (in /usr/bin/bash)
==2360==    by 0x157FCF: ??? (in /usr/bin/bash)
==2360==    by 0x15805C: ??? (in /usr/bin/bash)
==2361==    by 0x138DC9: ??? (in /usr/bin/bash)
==2361==    by 0x137544: main (in /usr/bin/bash)
==2359==    by 0x159628: set_ppid (in /usr/bin/bash)
==2359==    by 0x15AC15: initialize_shell_variables (in /usr/bin/bash)
==2360==    by 0x15B165: initialize_shell_variables (in /usr/bin/bash)
==2360==    by 0x138DC9: ??? (in /usr/bin/bash)
==2361== 
==2361== 3 bytes in 1 blocks are still reachable in loss record 17 of 304
==2359==    by 0x138DC9: ??? (in /usr/bin/bash)
==2359==    by 0x137544: main (in /usr/bin/bash)
==2360==    by 0x137544: main (in /usr/bin/bash)
==2360== 
==2361==    at 0x483B7F3: malloc (in /usr/lib/x86_64-linux-gnu/valgrind/vgpreload_memcheck-amd64-linux.so)
==2361==    by 0x1984F3: xmalloc (in /usr/bin/bash)
==2359== 
==2359== 32 bytes in 1 blocks are still reachable in loss record 168 of 304
==2360== 13 bytes in 1 blocks are still reachable in loss record 109 of 304
==2360==    at 0x483B7F3: malloc (in /usr/lib/x86_64-linux-gnu/valgrind/vgpreload_memcheck-amd64-linux.so)
==2361==    by 0x183473: array_create_element (in /usr/bin/bash)
==2361==    by 0x183987: array_insert (in /usr/bin/bash)
==2359==    at 0x483B7F3: malloc (in /usr/lib/x86_64-linux-gnu/valgrind/vgpreload_memcheck-amd64-linux.so)
==2359==    by 0x1984F3: xmalloc (in /usr/bin/bash)
==2360==    by 0x1984F3: xmalloc (in /usr/bin/bash)
==2360==    by 0x157FED: ??? (in /usr/bin/bash)
==2361==    by 0x15AF5D: initialize_shell_variables (in /usr/bin/bash)
==2361==    by 0x138DC9: ??? (in /usr/bin/bash)
==2359==    by 0x17BBFB: hash_insert (in /usr/bin/bash)
==2359==    by 0x158008: ??? (in /usr/bin/bash)
==2360==    by 0x15805C: ??? (in /usr/bin/bash)
==2360==    by 0x15B165: initialize_shell_variables (in /usr/bin/bash)
==2361==    by 0x137544: main (in /usr/bin/bash)
==2361== 
==2359==    by 0x15805C: ??? (in /usr/bin/bash)
==2359==    by 0x15AC2A: initialize_shell_variables (in /usr/bin/bash)
==2360==    by 0x138DC9: ??? (in /usr/bin/bash)
==2360==    by 0x137544: main (in /usr/bin/bash)
==2361== 3 bytes in 1 blocks are still reachable in loss record 18 of 304
==2361==    at 0x483B7F3: malloc (in /usr/lib/x86_64-linux-gnu/valgrind/vgpreload_memcheck-amd64-linux.so)
==2359==    by 0x138DC9: ??? (in /usr/bin/bash)
==2359==    by 0x137544: main (in /usr/bin/bash)
==2360== 
==2361==    by 0x1984F3: xmalloc (in /usr/bin/bash)
==2361==    by 0x156DA1: make_variable_value (in /usr/bin/bash)
==2359== 
==2360== 13 bytes in 1 blocks are still reachable in loss record 110 of 304
==2360==    at 0x483B7F3: malloc (in /usr/lib/x86_64-linux-gnu/valgrind/vgpreload_memcheck-amd64-linux.so)
==2361==    by 0x15844D: ??? (in /usr/bin/bash)
==2361==    by 0x14C342: ??? (in /usr/bin/bash)
==2359== 32 bytes in 1 blocks are still reachable in loss record 169 of 304
==2359==    at 0x483B7F3: malloc (in /usr/lib/x86_64-linux-gnu/valgrind/vgpreload_memcheck-amd64-linux.so)
==2360==    by 0x1984F3: xmalloc (in /usr/bin/bash)
==2360==    by 0x1544D7: ??? (in /usr/bin/bash)
==2361==    by 0x150B52: execute_command_internal (in /usr/bin/bash)
==2361==    by 0x1519D9: execute_command (in /usr/bin/bash)
==2359==    by 0x1984F3: xmalloc (in /usr/bin/bash)
==2359==    by 0x17BBFB: hash_insert (in /usr/bin/bash)
==2360==    by 0x157FCF: ??? (in /usr/bin/bash)
==2360==    by 0x15805C: ??? (in /usr/bin/bash)
==2361==    by 0x139664: reader_loop (in /usr/bin/bash)
==2361==    by 0x137EF8: main (in /usr/bin/bash)
==2359==    by 0x158008: ??? (in /usr/bin/bash)
==2359==    by 0x15805C: ??? (in /usr/bin/bash)
==2360==    by 0x15B228: initialize_shell_variables (in /usr/bin/bash)
==2360==    by 0x138DC9: ??? (in /usr/bin/bash)
==2361== 
==2359==    by 0x15AC4A: initialize_shell_variables (in /usr/bin/bash)
==2359==    by 0x138DC9: ??? (in /usr/bin/bash)
==2360==    by 0x137544: main (in /usr/bin/bash)
==2360== 
==2361== 3 bytes in 3 blocks are still reachable in loss record 19 of 304
==2361==    at 0x483B7F3: malloc (in /usr/lib/x86_64-linux-gnu/valgrind/vgpreload_memcheck-amd64-linux.so)
==2359==    by 0x137544: main (in /usr/bin/bash)
==2360== 13 bytes in 1 blocks are still reachable in loss record 111 of 304
==2360==    at 0x483B7F3: malloc (in /usr/lib/x86_64-linux-gnu/valgrind/vgpreload_memcheck-amd64-linux.so)
==2361==    by 0x1984F3: xmalloc (in /usr/bin/bash)
==2361==    by 0x156DE1: make_variable_value (in /usr/bin/bash)
==2359== 
==2360==    by 0x1984F3: xmalloc (in /usr/bin/bash)
==2360==    by 0x157FED: ??? (in /usr/bin/bash)
==2361==    by 0x15806D: ??? (in /usr/bin/bash)
==2361==    by 0x15AD0C: initialize_shell_variables (in /usr/bin/bash)
==2359== 32 bytes in 1 blocks are still reachable in loss record 170 of 304
==2359==    at 0x483B7F3: malloc (in /usr/lib/x86_64-linux-gnu/valgrind/vgpreload_memcheck-amd64-linux.so)
==2360==    by 0x15805C: ??? (in /usr/bin/bash)
==2360==    by 0x15B228: initialize_shell_variables (in /usr/bin/bash)
==2361==    by 0x138DC9: ??? (in /usr/bin/bash)
==2359==    by 0x1984F3: xmalloc (in /usr/bin/bash)
==2359==    by 0x17BBFB: hash_insert (in /usr/bin/bash)
==2360==    by 0x138DC9: ??? (in /usr/bin/bash)
==2360==    by 0x137544: main (in /usr/bin/bash)
==2361==    by 0x137544: main (in /usr/bin/bash)
==2361== 
==2359==    by 0x158008: ??? (in /usr/bin/bash)
==2359==    by 0x15805C: ??? (in /usr/bin/bash)
==2360== 
==2360== 13 bytes in 1 blocks are still reachable in loss record 112 of 304
==2361== 4 bytes in 1 blocks are still reachable in loss record 20 of 304
==2359==    by 0x15AE90: initialize_shell_variables (in /usr/bin/bash)
==2359==    by 0x138DC9: ??? (in /usr/bin/bash)
==2360==    at 0x483B7F3: malloc (in /usr/lib/x86_64-linux-gnu/valgrind/vgpreload_memcheck-amd64-linux.so)
==2360==    by 0x1984F3: xmalloc (in /usr/bin/bash)
==2361==    at 0x483B7F3: malloc (in /usr/lib/x86_64-linux-gnu/valgrind/vgpreload_memcheck-amd64-linux.so)
==2361==    by 0x1984F3: xmalloc (in /usr/bin/bash)
==2359==    by 0x137544: main (in /usr/bin/bash)
==2359== 
==2360==    by 0x1544D7: ??? (in /usr/bin/bash)
==2360==    by 0x157FCF: ??? (in /usr/bin/bash)
==2361==    by 0x1544D7: ??? (in /usr/bin/bash)
==2361==    by 0x157FCF: ??? (in /usr/bin/bash)
==2359== 32 bytes in 1 blocks are still reachable in loss record 171 of 304
==2359==    at 0x483B7F3: malloc (in /usr/lib/x86_64-linux-gnu/valgrind/vgpreload_memcheck-amd64-linux.so)
==2360==    by 0x158DE5: make_new_assoc_variable (in /usr/bin/bash)
==2360==    by 0x15B67B: initialize_shell_variables (in /usr/bin/bash)
==2361==    by 0x15805C: ??? (in /usr/bin/bash)
==2361==    by 0x159447: set_pwd (in /usr/bin/bash)
==2359==    by 0x1984F3: xmalloc (in /usr/bin/bash)
==2359==    by 0x17BBFB: hash_insert (in /usr/bin/bash)
==2360==    by 0x138DC9: ??? (in /usr/bin/bash)
==2360==    by 0x137544: main (in /usr/bin/bash)
==2361==    by 0x15AAEE: initialize_shell_variables (in /usr/bin/bash)
==2361==    by 0x138DC9: ??? (in /usr/bin/bash)
==2359==    by 0x158008: ??? (in /usr/bin/bash)
==2359==    by 0x15805C: ??? (in /usr/bin/bash)
==2360== 
==2361==    by 0x137544: main (in /usr/bin/bash)
==2361== 
==2359==    by 0x15B635: initialize_shell_variables (in /usr/bin/bash)
==2359==    by 0x138DC9: ??? (in /usr/bin/bash)
==2360== 13 bytes in 1 blocks are still reachable in loss record 113 of 304
==2360==    at 0x483B7F3: malloc (in /usr/lib/x86_64-linux-gnu/valgrind/vgpreload_memcheck-amd64-linux.so)
==2361== 4 bytes in 1 blocks are still reachable in loss record 21 of 304
==2359==    by 0x137544: main (in /usr/bin/bash)
==2359== 
==2360==    by 0x1984F3: xmalloc (in /usr/bin/bash)
==2360==    by 0x157FED: ??? (in /usr/bin/bash)
==2361==    at 0x483B7F3: malloc (in /usr/lib/x86_64-linux-gnu/valgrind/vgpreload_memcheck-amd64-linux.so)
==2361==    by 0x1984F3: xmalloc (in /usr/bin/bash)
==2359== 32 bytes in 1 blocks are still reachable in loss record 172 of 304
==2359==    at 0x483B7F3: malloc (in /usr/lib/x86_64-linux-gnu/valgrind/vgpreload_memcheck-amd64-linux.so)
==2360==    by 0x158DE5: make_new_assoc_variable (in /usr/bin/bash)
==2360==    by 0x15B67B: initialize_shell_variables (in /usr/bin/bash)
==2361==    by 0x157FED: ??? (in /usr/bin/bash)
==2359==    by 0x1984F3: xmalloc (in /usr/bin/bash)
==2359==    by 0x17BBFB: hash_insert (in /usr/bin/bash)
==2360==    by 0x138DC9: ??? (in /usr/bin/bash)
==2360==    by 0x137544: main (in /usr/bin/bash)
==2361==    by 0x15805C: ??? (in /usr/bin/bash)
==2361==    by 0x159447: set_pwd (in /usr/bin/bash)
==2359==    by 0x158008: ??? (in /usr/bin/bash)
==2359==    by 0x15805C: ??? (in /usr/bin/bash)
==2360== 
==2360== 14 bytes in 1 blocks are still reachable in loss record 114 of 304
==2361==    by 0x15AAEE: initialize_shell_variables (in /usr/bin/bash)
==2361==    by 0x138DC9: ??? (in /usr/bin/bash)
==2359==    by 0x15AECB: initialize_shell_variables (in /usr/bin/bash)
==2359==    by 0x138DC9: ??? (in /usr/bin/bash)
==2360==    at 0x483B7F3: malloc (in /usr/lib/x86_64-linux-gnu/valgrind/vgpreload_memcheck-amd64-linux.so)
==2360==    by 0x1984F3: xmalloc (in /usr/bin/bash)
==2361==    by 0x137544: main (in /usr/bin/bash)
==2361== 
==2359==    by 0x137544: main (in /usr/bin/bash)
==2359== 
==2360==    by 0x1544D7: ??? (in /usr/bin/bash)
==2360==    by 0x157FCF: ??? (in /usr/bin/bash)
==2361== 4 bytes in 1 blocks are still reachable in loss record 22 of 304
==2361==    at 0x483B7F3: malloc (in /usr/lib/x86_64-linux-gnu/valgrind/vgpreload_memcheck-amd64-linux.so)
==2359== 32 bytes in 1 blocks are still reachable in loss record 173 of 304
==2359==    at 0x483B7F3: malloc (in /usr/lib/x86_64-linux-gnu/valgrind/vgpreload_memcheck-amd64-linux.so)
==2360==    by 0x158D55: make_new_array_variable (in /usr/bin/bash)
==2361==    by 0x1984F3: xmalloc (in /usr/bin/bash)
==2361==    by 0x1544D7: ??? (in /usr/bin/bash)
==2359==    by 0x1984F3: xmalloc (in /usr/bin/bash)
==2359==    by 0x17BBFB: hash_insert (in /usr/bin/bash)
==2360==    by 0x15AEE3: initialize_shell_variables (in /usr/bin/bash)
==2360==    by 0x138DC9: ??? (in /usr/bin/bash)
==2361==    by 0x157FCF: ??? (in /usr/bin/bash)
==2361==    by 0x15805C: ??? (in /usr/bin/bash)
==2359==    by 0x158008: ??? (in /usr/bin/bash)
==2359==    by 0x158D55: make_new_array_variable (in /usr/bin/bash)
==2360==    by 0x137544: main (in /usr/bin/bash)
==2360== 
==2361==    by 0x15AB65: initialize_shell_variables (in /usr/bin/bash)
==2361==    by 0x138DC9: ??? (in /usr/bin/bash)
==2359==    by 0x15AEE3: initialize_shell_variables (in /usr/bin/bash)
==2359==    by 0x138DC9: ??? (in /usr/bin/bash)
==2360== 14 bytes in 1 blocks are still reachable in loss record 115 of 304
==2360==    at 0x483B7F3: malloc (in /usr/lib/x86_64-linux-gnu/valgrind/vgpreload_memcheck-amd64-linux.so)
==2361==    by 0x137544: main (in /usr/bin/bash)
==2361== 
==2359==    by 0x137544: main (in /usr/bin/bash)
==2359== 
==2360==    by 0x1984F3: xmalloc (in /usr/bin/bash)
==2360==    by 0x157FED: ??? (in /usr/bin/bash)
==2361== 4 bytes in 1 blocks are still reachable in loss record 23 of 304
==2361==    at 0x483B7F3: malloc (in /usr/lib/x86_64-linux-gnu/valgrind/vgpreload_memcheck-amd64-linux.so)
==2359== 32 bytes in 1 blocks are still reachable in loss record 174 of 304
==2359==    at 0x483B7F3: malloc (in /usr/lib/x86_64-linux-gnu/valgrind/vgpreload_memcheck-amd64-linux.so)
==2360==    by 0x158D55: make_new_array_variable (in /usr/bin/bash)
==2360==    by 0x15AEE3: initialize_shell_variables (in /usr/bin/bash)
==2361==    by 0x1984F3: xmalloc (in /usr/bin/bash)
==2361==    by 0x157FED: ??? (in /usr/bin/bash)
==2359==    by 0x1984F3: xmalloc (in /usr/bin/bash)
==2359==    by 0x183457: array_create_element (in /usr/bin/bash)
==2360==    by 0x138DC9: ??? (in /usr/bin/bash)
==2360==    by 0x137544: main (in /usr/bin/bash)
==2361==    by 0x15805C: ??? (in /usr/bin/bash)
==2361==    by 0x15AB65: initialize_shell_variables (in /usr/bin/bash)
==2359==    by 0x1834ED: array_create (in /usr/bin/bash)
==2359==    by 0x158D5D: make_new_array_variable (in /usr/bin/bash)
==2360== 
==2360== 14 bytes in 1 blocks are still reachable in loss record 116 of 304
==2361==    by 0x138DC9: ??? (in /usr/bin/bash)
==2361==    by 0x137544: main (in /usr/bin/bash)
==2359==    by 0x15AEE3: initialize_shell_variables (in /usr/bin/bash)
==2359==    by 0x138DC9: ??? (in /usr/bin/bash)
==2360==    at 0x483B7F3: malloc (in /usr/lib/x86_64-linux-gnu/valgrind/vgpreload_memcheck-amd64-linux.so)
==2360==    by 0x1984F3: xmalloc (in /usr/bin/bash)
==2361== 
==2361== 4 bytes in 1 blocks are still reachable in loss record 24 of 304
==2359==    by 0x137544: main (in /usr/bin/bash)
==2359== 
==2360==    by 0x1544D7: ??? (in /usr/bin/bash)
==2360==    by 0x157FCF: ??? (in /usr/bin/bash)
==2361==    at 0x483B7F3: malloc (in /usr/lib/x86_64-linux-gnu/valgrind/vgpreload_memcheck-amd64-linux.so)
==2361==    by 0x1984F3: xmalloc (in /usr/bin/bash)
==2359== 32 bytes in 1 blocks are still reachable in loss record 175 of 304
==2359==    at 0x483B7F3: malloc (in /usr/lib/x86_64-linux-gnu/valgrind/vgpreload_memcheck-amd64-linux.so)
==2360==    by 0x15805C: ??? (in /usr/bin/bash)
==2360==    by 0x15B188: initialize_shell_variables (in /usr/bin/bash)
==2361==    by 0x1544D7: ??? (in /usr/bin/bash)
==2361==    by 0x157FCF: ??? (in /usr/bin/bash)
==2359==    by 0x1984F3: xmalloc (in /usr/bin/bash)
==2359==    by 0x183457: array_create_element (in /usr/bin/bash)
==2360==    by 0x138DC9: ??? (in /usr/bin/bash)
==2360==    by 0x137544: main (in /usr/bin/bash)
==2361==    by 0x15805C: ??? (in /usr/bin/bash)
==2361==    by 0x15AB7A: initialize_shell_variables (in /usr/bin/bash)
==2359==    by 0x183987: array_insert (in /usr/bin/bash)
==2359==    by 0x15AF24: initialize_shell_variables (in /usr/bin/bash)
==2360== 
==2360== 14 bytes in 1 blocks are still reachable in loss record 117 of 304
==2361==    by 0x138DC9: ??? (in /usr/bin/bash)
==2361==    by 0x137544: main (in /usr/bin/bash)
==2359==    by 0x138DC9: ??? (in /usr/bin/bash)
==2359==    by 0x137544: main (in /usr/bin/bash)
==2360==    at 0x483B7F3: malloc (in /usr/lib/x86_64-linux-gnu/valgrind/vgpreload_memcheck-amd64-linux.so)
==2360==    by 0x1984F3: xmalloc (in /usr/bin/bash)
==2361== 
==2361== 4 bytes in 1 blocks are still reachable in loss record 25 of 304
==2359== 
==2360==    by 0x157FED: ??? (in /usr/bin/bash)
==2360==    by 0x15805C: ??? (in /usr/bin/bash)
==2361==    at 0x483B7F3: malloc (in /usr/lib/x86_64-linux-gnu/valgrind/vgpreload_memcheck-amd64-linux.so)
==2361==    by 0x1984F3: xmalloc (in /usr/bin/bash)
==2359== 32 bytes in 1 blocks are still reachable in loss record 176 of 304
==2359==    at 0x483B7F3: malloc (in /usr/lib/x86_64-linux-gnu/valgrind/vgpreload_memcheck-amd64-linux.so)
==2360==    by 0x15B188: initialize_shell_variables (in /usr/bin/bash)
==2360==    by 0x138DC9: ??? (in /usr/bin/bash)
==2361==    by 0x157FED: ??? (in /usr/bin/bash)
==2361==    by 0x15805C: ??? (in /usr/bin/bash)
==2359==    by 0x1984F3: xmalloc (in /usr/bin/bash)
==2359==    by 0x183457: array_create_element (in /usr/bin/bash)
==2360==    by 0x137544: main (in /usr/bin/bash)
==2360== 
==2361==    by 0x15AB7A: initialize_shell_variables (in /usr/bin/bash)
==2361==    by 0x138DC9: ??? (in /usr/bin/bash)
==2359==    by 0x183987: array_insert (in /usr/bin/bash)
==2359==    by 0x15AF34: initialize_shell_variables (in /usr/bin/bash)
==2360== 14 bytes in 1 blocks are still reachable in loss record 118 of 304
==2360==    at 0x483B7F3: malloc (in /usr/lib/x86_64-linux-gnu/valgrind/vgpreload_memcheck-amd64-linux.so)
==2361==    by 0x137544: main (in /usr/bin/bash)
==2361== 
==2359==    by 0x138DC9: ??? (in /usr/bin/bash)
==2359==    by 0x137544: main (in /usr/bin/bash)
==2360==    by 0x1984F3: xmalloc (in /usr/bin/bash)
==2361== 4 bytes in 1 blocks are still reachable in loss record 26 of 304
==2361==    at 0x483B7F3: malloc (in /usr/lib/x86_64-linux-gnu/valgrind/vgpreload_memcheck-amd64-linux.so)
==2359== 
==2360==    by 0x1544D7: ??? (in /usr/bin/bash)
==2360==    by 0x157FCF: ??? (in /usr/bin/bash)
==2361==    by 0x1984F3: xmalloc (in /usr/bin/bash)
==2361==    by 0x156DA1: make_variable_value (in /usr/bin/bash)
==2359== 32 bytes in 1 blocks are still reachable in loss record 177 of 304
==2359==    at 0x483B7F3: malloc (in /usr/lib/x86_64-linux-gnu/valgrind/vgpreload_memcheck-amd64-linux.so)
==2360==    by 0x15805C: ??? (in /usr/bin/bash)
==2360==    by 0x15B24E: initialize_shell_variables (in /usr/bin/bash)
==2361==    by 0x15806D: ??? (in /usr/bin/bash)
==2361==    by 0x15AB7A: initialize_shell_variables (in /usr/bin/bash)
==2359==    by 0x1984F3: xmalloc (in /usr/bin/bash)
==2359==    by 0x183457: array_create_element (in /usr/bin/bash)
==2360==    by 0x138DC9: ??? (in /usr/bin/bash)
==2360==    by 0x137544: main (in /usr/bin/bash)
==2361==    by 0x138DC9: ??? (in /usr/bin/bash)
==2361==    by 0x137544: main (in /usr/bin/bash)
==2359==    by 0x183987: array_insert (in /usr/bin/bash)
==2359==    by 0x15AF5D: initialize_shell_variables (in /usr/bin/bash)
==2360== 
==2360== 14 bytes in 1 blocks are still reachable in loss record 119 of 304
==2361== 
==2359==    by 0x138DC9: ??? (in /usr/bin/bash)
==2359==    by 0x137544: main (in /usr/bin/bash)
==2360==    at 0x483B7F3: malloc (in /usr/lib/x86_64-linux-gnu/valgrind/vgpreload_memcheck-amd64-linux.so)
==2360==    by 0x1984F3: xmalloc (in /usr/bin/bash)
==2361== 4 bytes in 1 blocks are still reachable in loss record 27 of 304
==2359== 
==2360==    by 0x157FED: ??? (in /usr/bin/bash)
==2360==    by 0x15805C: ??? (in /usr/bin/bash)
==2361==    at 0x483B7F3: malloc (in /usr/lib/x86_64-linux-gnu/valgrind/vgpreload_memcheck-amd64-linux.so)
==2361==    by 0x1984F3: xmalloc (in /usr/bin/bash)
==2359== 32 bytes in 1 blocks are still reachable in loss record 178 of 304
==2359==    at 0x483B7F3: malloc (in /usr/lib/x86_64-linux-gnu/valgrind/vgpreload_memcheck-amd64-linux.so)
==2360==    by 0x15B24E: initialize_shell_variables (in /usr/bin/bash)
==2360==    by 0x138DC9: ??? (in /usr/bin/bash)
==2361==    by 0x1544D7: ??? (in /usr/bin/bash)
==2361==    by 0x157FCF: ??? (in /usr/bin/bash)
==2359==    by 0x1984F3: xmalloc (in /usr/bin/bash)
==2359==    by 0x183457: array_create_element (in /usr/bin/bash)
==2360==    by 0x137544: main (in /usr/bin/bash)
==2360== 
==2361==    by 0x15805C: ??? (in /usr/bin/bash)
==2359==    by 0x183987: array_insert (in /usr/bin/bash)
==2359==    by 0x15AF81: initialize_shell_variables (in /usr/bin/bash)
==2360== 16 bytes in 1 blocks are still reachable in loss record 120 of 304
==2360==    at 0x483B7F3: malloc (in /usr/lib/x86_64-linux-gnu/valgrind/vgpreload_memcheck-amd64-linux.so)
==2361==    by 0x15B7C8: initialize_shell_variables (in /usr/bin/bash)
==2361==    by 0x138DC9: ??? (in /usr/bin/bash)
==2359==    by 0x138DC9: ??? (in /usr/bin/bash)
==2360==    by 0x1984F3: xmalloc (in /usr/bin/bash)
==2360==    by 0x14789D: tilde_initialize (in /usr/bin/bash)
==2361==    by 0x137544: main (in /usr/bin/bash)
==2361== 
==2359==    by 0x137544: main (in /usr/bin/bash)
==2359== 
==2360==    by 0x138DA5: ??? (in /usr/bin/bash)
==2360==    by 0x137544: main (in /usr/bin/bash)
==2361== 4 bytes in 1 blocks are still reachable in loss record 28 of 304
==2361==    at 0x483B7F3: malloc (in /usr/lib/x86_64-linux-gnu/valgrind/vgpreload_memcheck-amd64-linux.so)
==2359== 32 bytes in 1 blocks are still reachable in loss record 179 of 304
==2359==    at 0x483B7F3: malloc (in /usr/lib/x86_64-linux-gnu/valgrind/vgpreload_memcheck-amd64-linux.so)
==2360== 
==2360== 16 bytes in 1 blocks are still reachable in loss record 121 of 304
==2361==    by 0x1984F3: xmalloc (in /usr/bin/bash)
==2361==    by 0x157FED: ??? (in /usr/bin/bash)
==2359==    by 0x1984F3: xmalloc (in /usr/bin/bash)
==2360==    at 0x483B7F3: malloc (in /usr/lib/x86_64-linux-gnu/valgrind/vgpreload_memcheck-amd64-linux.so)
==2360==    by 0x1984F3: xmalloc (in /usr/bin/bash)
==2361==    by 0x15805C: ??? (in /usr/bin/bash)
==2359==    by 0x183457: array_create_element (in /usr/bin/bash)
==2359==    by 0x183987: array_insert (in /usr/bin/bash)
==2360==    by 0x1478EE: tilde_initialize (in /usr/bin/bash)
==2360==    by 0x138DA5: ??? (in /usr/bin/bash)
==2361==    by 0x15B7C8: initialize_shell_variables (in /usr/bin/bash)
==2361==    by 0x138DC9: ??? (in /usr/bin/bash)
==2359==    by 0x15AF95: initialize_shell_variables (in /usr/bin/bash)
==2359==    by 0x138DC9: ??? (in /usr/bin/bash)
==2360==    by 0x137544: main (in /usr/bin/bash)
==2360== 
==2361==    by 0x137544: main (in /usr/bin/bash)
==2359==    by 0x137544: main (in /usr/bin/bash)
==2359== 
==2360== 16 bytes in 1 blocks are still reachable in loss record 122 of 304
==2360==    at 0x483B7F3: malloc (in /usr/lib/x86_64-linux-gnu/valgrind/vgpreload_memcheck-amd64-linux.so)
==2361== 
==2361== 5 bytes in 1 blocks are still reachable in loss record 29 of 304
==2359== 32 bytes in 1 blocks are still reachable in loss record 180 of 304
==2359==    at 0x483B7F3: malloc (in /usr/lib/x86_64-linux-gnu/valgrind/vgpreload_memcheck-amd64-linux.so)
==2360==    by 0x1984F3: xmalloc (in /usr/bin/bash)
==2360==    by 0x17B6F6: hash_create (in /usr/bin/bash)
==2361==    at 0x483B7F3: malloc (in /usr/lib/x86_64-linux-gnu/valgrind/vgpreload_memcheck-amd64-linux.so)
==2361==    by 0x1984F3: xmalloc (in /usr/bin/bash)
==2359==    by 0x1984F3: xmalloc (in /usr/bin/bash)
==2359==    by 0x183457: array_create_element (in /usr/bin/bash)
==2360==    by 0x157F8A: ??? (in /usr/bin/bash)
==2360==    by 0x15AAAB: initialize_shell_variables (in /usr/bin/bash)
==2361==    by 0x1544D7: ??? (in /usr/bin/bash)
==2361==    by 0x157FCF: ??? (in /usr/bin/bash)
==2359==    by 0x183987: array_insert (in /usr/bin/bash)
==2359==    by 0x15AFA9: initialize_shell_variables (in /usr/bin/bash)
==2360==    by 0x138DC9: ??? (in /usr/bin/bash)
==2360==    by 0x137544: main (in /usr/bin/bash)
==2361==    by 0x15805C: ??? (in /usr/bin/bash)
==2361==    by 0x15AB1F: initialize_shell_variables (in /usr/bin/bash)
==2359==    by 0x138DC9: ??? (in /usr/bin/bash)
==2359==    by 0x137544: main (in /usr/bin/bash)
==2360== 
==2360== 16 bytes in 1 blocks are still reachable in loss record 123 of 304
==2361==    by 0x138DC9: ??? (in /usr/bin/bash)
==2361==    by 0x137544: main (in /usr/bin/bash)
==2359== 
==2360==    at 0x483B7F3: malloc (in /usr/lib/x86_64-linux-gnu/valgrind/vgpreload_memcheck-amd64-linux.so)
==2361== 
==2361== 5 bytes in 1 blocks are still reachable in loss record 30 of 304
==2359== 32 bytes in 1 blocks are still reachable in loss record 181 of 304
==2359==    at 0x483B7F3: malloc (in /usr/lib/x86_64-linux-gnu/valgrind/vgpreload_memcheck-amd64-linux.so)
==2360==    by 0x1984F3: xmalloc (in /usr/bin/bash)
==2360==    by 0x17B6F6: hash_create (in /usr/bin/bash)
==2361==    at 0x483B7F3: malloc (in /usr/lib/x86_64-linux-gnu/valgrind/vgpreload_memcheck-amd64-linux.so)
==2361==    by 0x1984F3: xmalloc (in /usr/bin/bash)
==2359==    by 0x1984F3: xmalloc (in /usr/bin/bash)
==2359==    by 0x17BBFB: hash_insert (in /usr/bin/bash)
==2360==    by 0x157FA9: ??? (in /usr/bin/bash)
==2360==    by 0x15AAAB: initialize_shell_variables (in /usr/bin/bash)
==2361==    by 0x157FED: ??? (in /usr/bin/bash)
==2361==    by 0x15805C: ??? (in /usr/bin/bash)
==2359==    by 0x158008: ??? (in /usr/bin/bash)
==2359==    by 0x15805C: ??? (in /usr/bin/bash)
==2360==    by 0x138DC9: ??? (in /usr/bin/bash)
==2360==    by 0x137544: main (in /usr/bin/bash)
==2361==    by 0x15AB1F: initialize_shell_variables (in /usr/bin/bash)
==2361==    by 0x138DC9: ??? (in /usr/bin/bash)
==2359==    by 0x15B7C8: initialize_shell_variables (in /usr/bin/bash)
==2359==    by 0x138DC9: ??? (in /usr/bin/bash)
==2360== 
==2360== 16 bytes in 1 blocks are still reachable in loss record 124 of 304
==2361==    by 0x137544: main (in /usr/bin/bash)
==2361== 
==2359==    by 0x137544: main (in /usr/bin/bash)
==2359== 
==2360==    at 0x483B7F3: malloc (in /usr/lib/x86_64-linux-gnu/valgrind/vgpreload_memcheck-amd64-linux.so)
==2360==    by 0x1984F3: xmalloc (in /usr/bin/bash)
==2361== 5 bytes in 1 blocks are still reachable in loss record 31 of 304
==2361==    at 0x483B7F3: malloc (in /usr/lib/x86_64-linux-gnu/valgrind/vgpreload_memcheck-amd64-linux.so)
==2359== 32 bytes in 1 blocks are still reachable in loss record 182 of 304
==2359==    at 0x483B7F3: malloc (in /usr/lib/x86_64-linux-gnu/valgrind/vgpreload_memcheck-amd64-linux.so)
==2360==    by 0x17B6F6: hash_create (in /usr/bin/bash)
==2360==    by 0x157F51: ??? (in /usr/bin/bash)
==2361==    by 0x1984F3: xmalloc (in /usr/bin/bash)
==2361==    by 0x1544D7: ??? (in /usr/bin/bash)
==2359==    by 0x1984F3: xmalloc (in /usr/bin/bash)
==2359==    by 0x17BBFB: hash_insert (in /usr/bin/bash)
==2360==    by 0x15AAAB: initialize_shell_variables (in /usr/bin/bash)
==2360==    by 0x138DC9: ??? (in /usr/bin/bash)
==2361==    by 0x157FCF: ??? (in /usr/bin/bash)
==2361==    by 0x15805C: ??? (in /usr/bin/bash)
==2359==    by 0x158008: ??? (in /usr/bin/bash)
==2359==    by 0x15805C: ??? (in /usr/bin/bash)
==2360==    by 0x137544: main (in /usr/bin/bash)
==2360== 
==2361==    by 0x15AB32: initialize_shell_variables (in /usr/bin/bash)
==2359==    by 0x15B7AE: initialize_shell_variables (in /usr/bin/bash)
==2359==    by 0x138DC9: ??? (in /usr/bin/bash)
==2360== 16 bytes in 1 blocks are still reachable in loss record 125 of 304
==2360==    at 0x483B7F3: malloc (in /usr/lib/x86_64-linux-gnu/valgrind/vgpreload_memcheck-amd64-linux.so)
==2361==    by 0x138DC9: ??? (in /usr/bin/bash)
==2361==    by 0x137544: main (in /usr/bin/bash)
==2359==    by 0x137544: main (in /usr/bin/bash)
==2359== 
==2360==    by 0x1984F3: xmalloc (in /usr/bin/bash)
==2360==    by 0x1544D7: ??? (in /usr/bin/bash)
==2361== 
==2359== 32 bytes in 1 blocks are still reachable in loss record 183 of 304
==2360==    by 0x157FCF: ??? (in /usr/bin/bash)
==2360==    by 0x15805C: ??? (in /usr/bin/bash)
==2361== 5 bytes in 1 blocks are still reachable in loss record 32 of 304
==2361==    at 0x483B7F3: malloc (in /usr/lib/x86_64-linux-gnu/valgrind/vgpreload_memcheck-amd64-linux.so)
==2359==    at 0x483B7F3: malloc (in /usr/lib/x86_64-linux-gnu/valgrind/vgpreload_memcheck-amd64-linux.so)
==2360==    by 0x15B2A2: initialize_shell_variables (in /usr/bin/bash)
==2360==    by 0x138DC9: ??? (in /usr/bin/bash)
==2361==    by 0x1984F3: xmalloc (in /usr/bin/bash)
==2361==    by 0x157FED: ??? (in /usr/bin/bash)
==2359==    by 0x1984F3: xmalloc (in /usr/bin/bash)
==2359==    by 0x17BBFB: hash_insert (in /usr/bin/bash)
==2360==    by 0x137544: main (in /usr/bin/bash)
==2360== 
==2361==    by 0x15805C: ??? (in /usr/bin/bash)
==2359==    by 0x158008: ??? (in /usr/bin/bash)
==2359==    by 0x15805C: ??? (in /usr/bin/bash)
==2360== 16 bytes in 1 blocks are still reachable in loss record 126 of 304
==2360==    at 0x483B7F3: malloc (in /usr/lib/x86_64-linux-gnu/valgrind/vgpreload_memcheck-amd64-linux.so)
==2361==    by 0x15AB32: initialize_shell_variables (in /usr/bin/bash)
==2361==    by 0x138DC9: ??? (in /usr/bin/bash)
==2359==    by 0x15B112: initialize_shell_variables (in /usr/bin/bash)
==2359==    by 0x138DC9: ??? (in /usr/bin/bash)
==2360==    by 0x1984F3: xmalloc (in /usr/bin/bash)
==2360==    by 0x157FED: ??? (in /usr/bin/bash)
==2361==    by 0x137544: main (in /usr/bin/bash)
==2361== 
==2359==    by 0x137544: main (in /usr/bin/bash)
==2359== 
==2360==    by 0x15805C: ??? (in /usr/bin/bash)
==2360==    by 0x15B2A2: initialize_shell_variables (in /usr/bin/bash)
==2361== 5 bytes in 1 blocks are still reachable in loss record 33 of 304
==2361==    at 0x483B7F3: malloc (in /usr/lib/x86_64-linux-gnu/valgrind/vgpreload_memcheck-amd64-linux.so)
==2359== 32 bytes in 1 blocks are still reachable in loss record 184 of 304
==2360==    by 0x138DC9: ??? (in /usr/bin/bash)
==2360==    by 0x137544: main (in /usr/bin/bash)
==2361==    by 0x1984F3: xmalloc (in /usr/bin/bash)
==2361==    by 0x156DA1: make_variable_value (in /usr/bin/bash)
==2359==    at 0x483B7F3: malloc (in /usr/lib/x86_64-linux-gnu/valgrind/vgpreload_memcheck-amd64-linux.so)
==2360== 
==2360== 16 bytes in 1 blocks are still reachable in loss record 127 of 304
==2361==    by 0x15806D: ??? (in /usr/bin/bash)
==2361==    by 0x15AB32: initialize_shell_variables (in /usr/bin/bash)
==2359==    by 0x1984F3: xmalloc (in /usr/bin/bash)
==2359==    by 0x17BBFB: hash_insert (in /usr/bin/bash)
==2360==    at 0x483B7F3: malloc (in /usr/lib/x86_64-linux-gnu/valgrind/vgpreload_memcheck-amd64-linux.so)
==2360==    by 0x1984F3: xmalloc (in /usr/bin/bash)
==2361==    by 0x138DC9: ??? (in /usr/bin/bash)
==2361==    by 0x137544: main (in /usr/bin/bash)
==2359==    by 0x158008: ??? (in /usr/bin/bash)
==2359==    by 0x15805C: ??? (in /usr/bin/bash)
==2360==    by 0x17B6F6: hash_create (in /usr/bin/bash)
==2360==    by 0x158DEF: make_new_assoc_variable (in /usr/bin/bash)
==2361== 
==2361== 5 bytes in 1 blocks are still reachable in loss record 34 of 304
==2359==    by 0x15B13F: initialize_shell_variables (in /usr/bin/bash)
==2359==    by 0x138DC9: ??? (in /usr/bin/bash)
==2360==    by 0x15B6A9: initialize_shell_variables (in /usr/bin/bash)
==2360==    by 0x138DC9: ??? (in /usr/bin/bash)
==2361==    at 0x483B7F3: malloc (in /usr/lib/x86_64-linux-gnu/valgrind/vgpreload_memcheck-amd64-linux.so)
==2361==    by 0x1984F3: xmalloc (in /usr/bin/bash)
==2359==    by 0x137544: main (in /usr/bin/bash)
==2359== 
==2360==    by 0x137544: main (in /usr/bin/bash)
==2360== 
==2361==    by 0x1544D7: ??? (in /usr/bin/bash)
==2361==    by 0x157FCF: ??? (in /usr/bin/bash)
==2359== 32 bytes in 1 blocks are still reachable in loss record 185 of 304
==2359==    at 0x483B7F3: malloc (in /usr/lib/x86_64-linux-gnu/valgrind/vgpreload_memcheck-amd64-linux.so)
==2360== 16 bytes in 1 blocks are still reachable in loss record 128 of 304
==2360==    at 0x483B7F3: malloc (in /usr/lib/x86_64-linux-gnu/valgrind/vgpreload_memcheck-amd64-linux.so)
==2361==    by 0x15805C: ??? (in /usr/bin/bash)
==2361==    by 0x159628: set_ppid (in /usr/bin/bash)
==2359==    by 0x1984F3: xmalloc (in /usr/bin/bash)
==2359==    by 0x17BBFB: hash_insert (in /usr/bin/bash)
==2360==    by 0x1984F3: xmalloc (in /usr/bin/bash)
==2360==    by 0x17B6F6: hash_create (in /usr/bin/bash)
==2361==    by 0x15AC15: initialize_shell_variables (in /usr/bin/bash)
==2361==    by 0x138DC9: ??? (in /usr/bin/bash)
==2359==    by 0x158008: ??? (in /usr/bin/bash)
==2359==    by 0x15805C: ??? (in /usr/bin/bash)
==2360==    by 0x158DEF: make_new_assoc_variable (in /usr/bin/bash)
==2360==    by 0x15B67B: initialize_shell_variables (in /usr/bin/bash)
==2361==    by 0x137544: main (in /usr/bin/bash)
==2361== 
==2359==    by 0x15B165: initialize_shell_variables (in /usr/bin/bash)
==2359==    by 0x138DC9: ??? (in /usr/bin/bash)
==2360==    by 0x138DC9: ??? (in /usr/bin/bash)
==2360==    by 0x137544: main (in /usr/bin/bash)
==2361== 5 bytes in 1 blocks are still reachable in loss record 35 of 304
==2361==    at 0x483B7F3: malloc (in /usr/lib/x86_64-linux-gnu/valgrind/vgpreload_memcheck-amd64-linux.so)
==2359==    by 0x137544: main (in /usr/bin/bash)
==2359== 
==2360== 
==2360== 16 bytes in 1 blocks are still reachable in loss record 129 of 304
==2361==    by 0x1984F3: xmalloc (in /usr/bin/bash)
==2359== 32 bytes in 1 blocks are still reachable in loss record 186 of 304
==2359==    at 0x483B7F3: malloc (in /usr/lib/x86_64-linux-gnu/valgrind/vgpreload_memcheck-amd64-linux.so)
==2360==    at 0x483B7F3: malloc (in /usr/lib/x86_64-linux-gnu/valgrind/vgpreload_memcheck-amd64-linux.so)
==2360==    by 0x1984F3: xmalloc (in /usr/bin/bash)
==2361==    by 0x157FED: ??? (in /usr/bin/bash)
==2361==    by 0x15805C: ??? (in /usr/bin/bash)
==2359==    by 0x1984F3: xmalloc (in /usr/bin/bash)
==2359==    by 0x17BBFB: hash_insert (in /usr/bin/bash)
==2360==    by 0x148045: alloc_word_desc (in /usr/bin/bash)
==2360==    by 0x141419: ??? (in /usr/bin/bash)
==2361==    by 0x159628: set_ppid (in /usr/bin/bash)
==2361==    by 0x15AC15: initialize_shell_variables (in /usr/bin/bash)
==2359==    by 0x158008: ??? (in /usr/bin/bash)
==2359==    by 0x15805C: ??? (in /usr/bin/bash)
==2360==    by 0x142EC7: yyparse (in /usr/bin/bash)
==2360==    by 0x13929A: parse_command (in /usr/bin/bash)
==2361==    by 0x138DC9: ??? (in /usr/bin/bash)
==2361==    by 0x137544: main (in /usr/bin/bash)
==2359==    by 0x15B188: initialize_shell_variables (in /usr/bin/bash)
==2359==    by 0x138DC9: ??? (in /usr/bin/bash)
==2360==    by 0x1393A6: read_command (in /usr/bin/bash)
==2360==    by 0x1395C9: reader_loop (in /usr/bin/bash)
==2361== 
==2359==    by 0x137544: main (in /usr/bin/bash)
==2359== 
==2360==    by 0x137EF8: main (in /usr/bin/bash)
==2360== 
==2361== 5 bytes in 1 blocks are still reachable in loss record 36 of 304
==2361==    at 0x483B7F3: malloc (in /usr/lib/x86_64-linux-gnu/valgrind/vgpreload_memcheck-amd64-linux.so)
==2359== 32 bytes in 1 blocks are still reachable in loss record 187 of 304
==2359==    at 0x483B7F3: malloc (in /usr/lib/x86_64-linux-gnu/valgrind/vgpreload_memcheck-amd64-linux.so)
==2360== 16 bytes in 1 blocks are still reachable in loss record 130 of 304
==2360==    at 0x483B7F3: malloc (in /usr/lib/x86_64-linux-gnu/valgrind/vgpreload_memcheck-amd64-linux.so)
==2361==    by 0x1984F3: xmalloc (in /usr/bin/bash)
==2359==    by 0x1984F3: xmalloc (in /usr/bin/bash)
==2359==    by 0x17BBFB: hash_insert (in /usr/bin/bash)
==2360==    by 0x1984F3: xmalloc (in /usr/bin/bash)
==2360==    by 0x148045: alloc_word_desc (in /usr/bin/bash)
==2361==    by 0x156DA1: make_variable_value (in /usr/bin/bash)
==2361==    by 0x15806D: ??? (in /usr/bin/bash)
==2359==    by 0x158008: ??? (in /usr/bin/bash)
==2359==    by 0x15805C: ??? (in /usr/bin/bash)
==2360==    by 0x140C67: ??? (in /usr/bin/bash)
==2360==    by 0x142EC7: yyparse (in /usr/bin/bash)
==2361==    by 0x159628: set_ppid (in /usr/bin/bash)
==2361==    by 0x15AC15: initialize_shell_variables (in /usr/bin/bash)
==2359==    by 0x15B1AE: initialize_shell_variables (in /usr/bin/bash)
==2359==    by 0x138DC9: ??? (in /usr/bin/bash)
==2360==    by 0x13929A: parse_command (in /usr/bin/bash)
==2360==    by 0x1393A6: read_command (in /usr/bin/bash)
==2361==    by 0x138DC9: ??? (in /usr/bin/bash)
==2361==    by 0x137544: main (in /usr/bin/bash)
==2359==    by 0x137544: main (in /usr/bin/bash)
==2359== 
==2360==    by 0x1395C9: reader_loop (in /usr/bin/bash)
==2360==    by 0x137EF8: main (in /usr/bin/bash)
==2361== 
==2359== 32 bytes in 1 blocks are still reachable in loss record 188 of 304
==2359==    at 0x483B7F3: malloc (in /usr/lib/x86_64-linux-gnu/valgrind/vgpreload_memcheck-amd64-linux.so)
==2360== 
==2360== 16 bytes in 1 blocks are still reachable in loss record 131 of 304
==2361== 5 bytes in 1 blocks are still reachable in loss record 37 of 304
==2361==    at 0x483B7F3: malloc (in /usr/lib/x86_64-linux-gnu/valgrind/vgpreload_memcheck-amd64-linux.so)
==2359==    by 0x1984F3: xmalloc (in /usr/bin/bash)
==2359==    by 0x17BBFB: hash_insert (in /usr/bin/bash)
==2360==    at 0x483B7F3: malloc (in /usr/lib/x86_64-linux-gnu/valgrind/vgpreload_memcheck-amd64-linux.so)
==2360==    by 0x1984F3: xmalloc (in /usr/bin/bash)
==2361==    by 0x1984F3: xmalloc (in /usr/bin/bash)
==2361==    by 0x1544D7: ??? (in /usr/bin/bash)
==2359==    by 0x158008: ??? (in /usr/bin/bash)
==2359==    by 0x15805C: ??? (in /usr/bin/bash)
==2360==    by 0x1482D9: make_word_list (in /usr/bin/bash)
==2360==    by 0x148AB8: make_simple_command (in /usr/bin/bash)
==2361==    by 0x157FCF: ??? (in /usr/bin/bash)
==2361==    by 0x15805C: ??? (in /usr/bin/bash)
==2359==    by 0x15B1D8: initialize_shell_variables (in /usr/bin/bash)
==2359==    by 0x138DC9: ??? (in /usr/bin/bash)
==2360==    by 0x14353F: yyparse (in /usr/bin/bash)
==2360==    by 0x13929A: parse_command (in /usr/bin/bash)
==2361==    by 0x15AE90: initialize_shell_variables (in /usr/bin/bash)
==2361==    by 0x138DC9: ??? (in /usr/bin/bash)
==2359==    by 0x137544: main (in /usr/bin/bash)
==2360==    by 0x1393A6: read_command (in /usr/bin/bash)
==2360==    by 0x1395C9: reader_loop (in /usr/bin/bash)
==2361==    by 0x137544: main (in /usr/bin/bash)
==2361== 
==2359== 
==2360==    by 0x137EF8: main (in /usr/bin/bash)
==2360== 
==2361== 5 bytes in 1 blocks are still reachable in loss record 38 of 304
==2359== 32 bytes in 1 blocks are still reachable in loss record 189 of 304
==2360== 16 bytes in 1 blocks are still reachable in loss record 132 of 304
==2360==    at 0x483B7F3: malloc (in /usr/lib/x86_64-linux-gnu/valgrind/vgpreload_memcheck-amd64-linux.so)
==2361==    at 0x483B7F3: malloc (in /usr/lib/x86_64-linux-gnu/valgrind/vgpreload_memcheck-amd64-linux.so)
==2361==    by 0x1984F3: xmalloc (in /usr/bin/bash)
==2359==    at 0x483B7F3: malloc (in /usr/lib/x86_64-linux-gnu/valgrind/vgpreload_memcheck-amd64-linux.so)
==2359==    by 0x1984F3: xmalloc (in /usr/bin/bash)
==2360==    by 0x1984F3: xmalloc (in /usr/bin/bash)
==2360==    by 0x1482D9: make_word_list (in /usr/bin/bash)
==2361==    by 0x157FED: ??? (in /usr/bin/bash)
==2361==    by 0x15805C: ??? (in /usr/bin/bash)
==2359==    by 0x17BBFB: hash_insert (in /usr/bin/bash)
==2359==    by 0x158008: ??? (in /usr/bin/bash)
==2360==    by 0x148AB8: make_simple_command (in /usr/bin/bash)
==2360==    by 0x143516: yyparse (in /usr/bin/bash)
==2361==    by 0x15AE90: initialize_shell_variables (in /usr/bin/bash)
==2361==    by 0x138DC9: ??? (in /usr/bin/bash)
==2359==    by 0x15805C: ??? (in /usr/bin/bash)
==2359==    by 0x15B205: initialize_shell_variables (in /usr/bin/bash)
==2360==    by 0x13929A: parse_command (in /usr/bin/bash)
==2360==    by 0x1393A6: read_command (in /usr/bin/bash)
==2361==    by 0x137544: main (in /usr/bin/bash)
==2361== 
==2359==    by 0x138DC9: ??? (in /usr/bin/bash)
==2360==    by 0x1395C9: reader_loop (in /usr/bin/bash)
==2360==    by 0x137EF8: main (in /usr/bin/bash)
==2361== 5 bytes in 1 blocks are still reachable in loss record 39 of 304
==2361==    at 0x483B7F3: malloc (in /usr/lib/x86_64-linux-gnu/valgrind/vgpreload_memcheck-amd64-linux.so)
==2359==    by 0x137544: main (in /usr/bin/bash)
==2359== 
==2360== 
==2360== 16 bytes in 1 blocks are still reachable in loss record 133 of 304
==2361==    by 0x1984F3: xmalloc (in /usr/bin/bash)
==2359== 32 bytes in 1 blocks are still reachable in loss record 190 of 304
==2359==    at 0x483B7F3: malloc (in /usr/lib/x86_64-linux-gnu/valgrind/vgpreload_memcheck-amd64-linux.so)
==2360==    at 0x483B7F3: malloc (in /usr/lib/x86_64-linux-gnu/valgrind/vgpreload_memcheck-amd64-linux.so)
==2360==    by 0x1984F3: xmalloc (in /usr/bin/bash)
==2361==    by 0x138C10: ??? (in /usr/bin/bash)
==2361==    by 0x15B81C: initialize_shell_variables (in /usr/bin/bash)
==2359==    by 0x1984F3: xmalloc (in /usr/bin/bash)
==2359==    by 0x17BBFB: hash_insert (in /usr/bin/bash)
==2360==    by 0x148045: alloc_word_desc (in /usr/bin/bash)
==2360==    by 0x148072: make_bare_word (in /usr/bin/bash)
==2361==    by 0x138DC9: ??? (in /usr/bin/bash)
==2361==    by 0x137544: main (in /usr/bin/bash)
==2359==    by 0x158008: ??? (in /usr/bin/bash)
==2359==    by 0x15805C: ??? (in /usr/bin/bash)
==2360==    by 0x15C2F5: copy_word_list (in /usr/bin/bash)
==2360==    by 0x17A74F: ??? (in /usr/bin/bash)
==2361== 
==2359==    by 0x15B228: initialize_shell_variables (in /usr/bin/bash)
==2359==    by 0x138DC9: ??? (in /usr/bin/bash)
==2360==    by 0x14FB29: execute_command_internal (in /usr/bin/bash)
==2360==    by 0x1519D9: execute_command (in /usr/bin/bash)
==2361== 5 bytes in 1 blocks are still reachable in loss record 40 of 304
==2359==    by 0x137544: main (in /usr/bin/bash)
==2359== 
==2360==    by 0x139664: reader_loop (in /usr/bin/bash)
==2360==    by 0x137EF8: main (in /usr/bin/bash)
==2361==    at 0x483B7F3: malloc (in /usr/lib/x86_64-linux-gnu/valgrind/vgpreload_memcheck-amd64-linux.so)
==2361==    by 0x1984F3: xmalloc (in /usr/bin/bash)
==2359== 32 bytes in 1 blocks are still reachable in loss record 191 of 304
==2359==    at 0x483B7F3: malloc (in /usr/lib/x86_64-linux-gnu/valgrind/vgpreload_memcheck-amd64-linux.so)
==2360== 
==2361==    by 0x1544D7: ??? (in /usr/bin/bash)
==2361==    by 0x157FCF: ??? (in /usr/bin/bash)
==2359==    by 0x1984F3: xmalloc (in /usr/bin/bash)
==2359==    by 0x17BBFB: hash_insert (in /usr/bin/bash)
==2360== 16 bytes in 1 blocks are still reachable in loss record 134 of 304
==2360==    at 0x483B7F3: malloc (in /usr/lib/x86_64-linux-gnu/valgrind/vgpreload_memcheck-amd64-linux.so)
==2361==    by 0x15805C: ??? (in /usr/bin/bash)
==2361==    by 0x15B7AE: initialize_shell_variables (in /usr/bin/bash)
==2359==    by 0x158008: ??? (in /usr/bin/bash)
==2359==    by 0x15805C: ??? (in /usr/bin/bash)
==2360==    by 0x1984F3: xmalloc (in /usr/bin/bash)
==2360==    by 0x1482D9: make_word_list (in /usr/bin/bash)
==2361==    by 0x138DC9: ??? (in /usr/bin/bash)
==2361==    by 0x137544: main (in /usr/bin/bash)
==2359==    by 0x15B24E: initialize_shell_variables (in /usr/bin/bash)
==2359==    by 0x138DC9: ??? (in /usr/bin/bash)
==2360==    by 0x15C305: copy_word_list (in /usr/bin/bash)
==2360==    by 0x17A74F: ??? (in /usr/bin/bash)
==2361== 
==2361== 5 bytes in 1 blocks are still reachable in loss record 41 of 304
==2359==    by 0x137544: main (in /usr/bin/bash)
==2359== 
==2360==    by 0x14FB29: execute_command_internal (in /usr/bin/bash)
==2360==    by 0x1519D9: execute_command (in /usr/bin/bash)
==2361==    at 0x483B7F3: malloc (in /usr/lib/x86_64-linux-gnu/valgrind/vgpreload_memcheck-amd64-linux.so)
==2361==    by 0x1984F3: xmalloc (in /usr/bin/bash)
==2359== 32 bytes in 1 blocks are still reachable in loss record 192 of 304
==2360==    by 0x139664: reader_loop (in /usr/bin/bash)
==2360==    by 0x137EF8: main (in /usr/bin/bash)
==2361==    by 0x157FED: ??? (in /usr/bin/bash)
==2361==    by 0x15805C: ??? (in /usr/bin/bash)
==2359==    at 0x483B7F3: malloc (in /usr/lib/x86_64-linux-gnu/valgrind/vgpreload_memcheck-amd64-linux.so)
==2359==    by 0x1984F3: xmalloc (in /usr/bin/bash)
==2360== 
==2360== 16 bytes in 1 blocks are still reachable in loss record 135 of 304
==2361==    by 0x15B7AE: initialize_shell_variables (in /usr/bin/bash)
==2361==    by 0x138DC9: ??? (in /usr/bin/bash)
==2359==    by 0x17BBFB: hash_insert (in /usr/bin/bash)
==2360==    at 0x483B7F3: malloc (in /usr/lib/x86_64-linux-gnu/valgrind/vgpreload_memcheck-amd64-linux.so)
==2360==    by 0x1984F3: xmalloc (in /usr/bin/bash)
==2361==    by 0x137544: main (in /usr/bin/bash)
==2361== 
==2359==    by 0x158008: ??? (in /usr/bin/bash)
==2359==    by 0x15805C: ??? (in /usr/bin/bash)
==2360==    by 0x148045: alloc_word_desc (in /usr/bin/bash)
==2360==    by 0x148072: make_bare_word (in /usr/bin/bash)
==2361== 5 bytes in 1 blocks are still reachable in loss record 42 of 304
==2361==    at 0x483B7F3: malloc (in /usr/lib/x86_64-linux-gnu/valgrind/vgpreload_memcheck-amd64-linux.so)
==2359==    by 0x15B27B: initialize_shell_variables (in /usr/bin/bash)
==2359==    by 0x138DC9: ??? (in /usr/bin/bash)
==2360==    by 0x15C2C4: copy_word_list (in /usr/bin/bash)
==2360==    by 0x17A74F: ??? (in /usr/bin/bash)
==2361==    by 0x1984F3: xmalloc (in /usr/bin/bash)
==2361==    by 0x183473: array_create_element (in /usr/bin/bash)
==2359==    by 0x137544: main (in /usr/bin/bash)
==2359== 
==2360==    by 0x14FB29: execute_command_internal (in /usr/bin/bash)
==2360==    by 0x1519D9: execute_command (in /usr/bin/bash)
==2361==    by 0x18367F: ??? (in /usr/bin/bash)
==2361==    by 0x137CCD: main (in /usr/bin/bash)
==2359== 32 bytes in 1 blocks are still reachable in loss record 193 of 304
==2360==    by 0x139664: reader_loop (in /usr/bin/bash)
==2360==    by 0x137EF8: main (in /usr/bin/bash)
==2361== 
==2359==    at 0x483B7F3: malloc (in /usr/lib/x86_64-linux-gnu/valgrind/vgpreload_memcheck-amd64-linux.so)
==2360== 
==2360== 16 bytes in 1 blocks are still reachable in loss record 136 of 304
==2361== 6 bytes in 1 blocks are still reachable in loss record 43 of 304
==2361==    at 0x483B7F3: malloc (in /usr/lib/x86_64-linux-gnu/valgrind/vgpreload_memcheck-amd64-linux.so)
==2359==    by 0x1984F3: xmalloc (in /usr/bin/bash)
==2359==    by 0x17BBFB: hash_insert (in /usr/bin/bash)
==2360==    at 0x483B7F3: malloc (in /usr/lib/x86_64-linux-gnu/valgrind/vgpreload_memcheck-amd64-linux.so)
==2360==    by 0x1984F3: xmalloc (in /usr/bin/bash)
==2361==    by 0x1984F3: xmalloc (in /usr/bin/bash)
==2361==    by 0x1544D7: ??? (in /usr/bin/bash)
==2359==    by 0x158008: ??? (in /usr/bin/bash)
==2360==    by 0x1482D9: make_word_list (in /usr/bin/bash)
==2360==    by 0x15C2D4: copy_word_list (in /usr/bin/bash)
==2361==    by 0x157FCF: ??? (in /usr/bin/bash)
==2361==    by 0x15805C: ??? (in /usr/bin/bash)
==2359==    by 0x15805C: ??? (in /usr/bin/bash)
==2359==    by 0x15B2A2: initialize_shell_variables (in /usr/bin/bash)
==2360==    by 0x17A74F: ??? (in /usr/bin/bash)
==2360==    by 0x14FB29: execute_command_internal (in /usr/bin/bash)
==2361==    by 0x15929E: adjust_shell_level (in /usr/bin/bash)
==2361==    by 0x15AC10: initialize_shell_variables (in /usr/bin/bash)
==2359==    by 0x138DC9: ??? (in /usr/bin/bash)
==2359==    by 0x137544: main (in /usr/bin/bash)
==2360==    by 0x1519D9: execute_command (in /usr/bin/bash)
==2360==    by 0x139664: reader_loop (in /usr/bin/bash)
==2361==    by 0x138DC9: ??? (in /usr/bin/bash)
==2361==    by 0x137544: main (in /usr/bin/bash)
==2359== 
==2360==    by 0x137EF8: main (in /usr/bin/bash)
==2360== 
==2361== 
==2359== 32 bytes in 1 blocks are still reachable in loss record 194 of 304
==2360== 16 bytes in 1 blocks are still reachable in loss record 137 of 304
==2360==    at 0x483B7F3: malloc (in /usr/lib/x86_64-linux-gnu/valgrind/vgpreload_memcheck-amd64-linux.so)
==2361== 6 bytes in 1 blocks are still reachable in loss record 44 of 304
==2359==    at 0x483B7F3: malloc (in /usr/lib/x86_64-linux-gnu/valgrind/vgpreload_memcheck-amd64-linux.so)
==2360==    by 0x1984F3: xmalloc (in /usr/bin/bash)
==2360==    by 0x148045: alloc_word_desc (in /usr/bin/bash)
==2361==    at 0x483B7F3: malloc (in /usr/lib/x86_64-linux-gnu/valgrind/vgpreload_memcheck-amd64-linux.so)
==2361==    by 0x1984F3: xmalloc (in /usr/bin/bash)
==2359==    by 0x1984F3: xmalloc (in /usr/bin/bash)
==2359==    by 0x17BBFB: hash_insert (in /usr/bin/bash)
==2360==    by 0x176AFB: ??? (in /usr/bin/bash)
==2360==    by 0x17A90E: ??? (in /usr/bin/bash)
==2361==    by 0x157FED: ??? (in /usr/bin/bash)
==2361==    by 0x15805C: ??? (in /usr/bin/bash)
==2359==    by 0x158008: ??? (in /usr/bin/bash)
==2359==    by 0x158D55: make_new_array_variable (in /usr/bin/bash)
==2360==    by 0x14FB29: execute_command_internal (in /usr/bin/bash)
==2360==    by 0x1519D9: execute_command (in /usr/bin/bash)
==2361==    by 0x15929E: adjust_shell_level (in /usr/bin/bash)
==2361==    by 0x15AC10: initialize_shell_variables (in /usr/bin/bash)
==2359==    by 0x158DA7: ??? (in /usr/bin/bash)
==2360==    by 0x139664: reader_loop (in /usr/bin/bash)
==2360==    by 0x137EF8: main (in /usr/bin/bash)
==2361==    by 0x138DC9: ??? (in /usr/bin/bash)
==2361==    by 0x137544: main (in /usr/bin/bash)
==2359==    by 0x15B2CD: initialize_shell_variables (in /usr/bin/bash)
==2359==    by 0x138DC9: ??? (in /usr/bin/bash)
==2360== 
==2360== 16 bytes in 1 blocks are still reachable in loss record 138 of 304
==2361== 
==2359==    by 0x137544: main (in /usr/bin/bash)
==2359== 
==2360==    at 0x483B7F3: malloc (in /usr/lib/x86_64-linux-gnu/valgrind/vgpreload_memcheck-amd64-linux.so)
==2360==    by 0x1984F3: xmalloc (in /usr/bin/bash)
==2361== 6 bytes in 1 blocks are still reachable in loss record 45 of 304
==2361==    at 0x483B7F3: malloc (in /usr/lib/x86_64-linux-gnu/valgrind/vgpreload_memcheck-amd64-linux.so)
==2359== 32 bytes in 1 blocks are still reachable in loss record 195 of 304
==2359==    at 0x483B7F3: malloc (in /usr/lib/x86_64-linux-gnu/valgrind/vgpreload_memcheck-amd64-linux.so)
==2360==    by 0x1482D9: make_word_list (in /usr/bin/bash)
==2360==    by 0x176BD0: ??? (in /usr/bin/bash)
==2361==    by 0x1984F3: xmalloc (in /usr/bin/bash)
==2361==    by 0x138C68: ??? (in /usr/bin/bash)
==2359==    by 0x1984F3: xmalloc (in /usr/bin/bash)
==2359==    by 0x183457: array_create_element (in /usr/bin/bash)
==2360==    by 0x17A90E: ??? (in /usr/bin/bash)
==2360==    by 0x14FB29: execute_command_internal (in /usr/bin/bash)
==2361==    by 0x15B81C: initialize_shell_variables (in /usr/bin/bash)
==2361==    by 0x138DC9: ??? (in /usr/bin/bash)
==2359==    by 0x1834ED: array_create (in /usr/bin/bash)
==2359==    by 0x158D5D: make_new_array_variable (in /usr/bin/bash)
==2360==    by 0x1519D9: execute_command (in /usr/bin/bash)
==2360==    by 0x139664: reader_loop (in /usr/bin/bash)
==2361==    by 0x137544: main (in /usr/bin/bash)
==2361== 
==2359==    by 0x158DA7: ??? (in /usr/bin/bash)
==2359==    by 0x15B2CD: initialize_shell_variables (in /usr/bin/bash)
==2360==    by 0x137EF8: main (in /usr/bin/bash)
==2360== 
==2361== 6 bytes in 1 blocks are still reachable in loss record 46 of 304
==2361==    at 0x483B7F3: malloc (in /usr/lib/x86_64-linux-gnu/valgrind/vgpreload_memcheck-amd64-linux.so)
==2359==    by 0x138DC9: ??? (in /usr/bin/bash)
==2359==    by 0x137544: main (in /usr/bin/bash)
==2360== 16 bytes in 1 blocks are still reachable in loss record 139 of 304
==2360==    at 0x483B7F3: malloc (in /usr/lib/x86_64-linux-gnu/valgrind/vgpreload_memcheck-amd64-linux.so)
==2361==    by 0x1984F3: xmalloc (in /usr/bin/bash)
==2361==    by 0x1544D7: ??? (in /usr/bin/bash)
==2359== 
==2360==    by 0x1984F3: xmalloc (in /usr/bin/bash)
==2360==    by 0x148045: alloc_word_desc (in /usr/bin/bash)
==2361==    by 0x157FCF: ??? (in /usr/bin/bash)
==2361==    by 0x15805C: ??? (in /usr/bin/bash)
==2359== 32 bytes in 1 blocks are still reachable in loss record 196 of 304
==2359==    at 0x483B7F3: malloc (in /usr/lib/x86_64-linux-gnu/valgrind/vgpreload_memcheck-amd64-linux.so)
==2360==    by 0x1773AC: ??? (in /usr/bin/bash)
==2360==    by 0x17A90E: ??? (in /usr/bin/bash)
==2361==    by 0x15B635: initialize_shell_variables (in /usr/bin/bash)
==2359==    by 0x1984F3: xmalloc (in /usr/bin/bash)
==2359==    by 0x17BBFB: hash_insert (in /usr/bin/bash)
==2360==    by 0x14FB29: execute_command_internal (in /usr/bin/bash)
==2360==    by 0x1519D9: execute_command (in /usr/bin/bash)
==2361==    by 0x138DC9: ??? (in /usr/bin/bash)
==2359==    by 0x158008: ??? (in /usr/bin/bash)
==2360==    by 0x139664: reader_loop (in /usr/bin/bash)
==2360==    by 0x137EF8: main (in /usr/bin/bash)
==2361==    by 0x137544: main (in /usr/bin/bash)
==2361== 
==2359==    by 0x158D55: make_new_array_variable (in /usr/bin/bash)
==2359==    by 0x158DA7: ??? (in /usr/bin/bash)
==2360== 
==2361== 6 bytes in 1 blocks are still reachable in loss record 47 of 304
==2361==    at 0x483B7F3: malloc (in /usr/lib/x86_64-linux-gnu/valgrind/vgpreload_memcheck-amd64-linux.so)
==2359==    by 0x15B2EC: initialize_shell_variables (in /usr/bin/bash)
==2359==    by 0x138DC9: ??? (in /usr/bin/bash)
==2360== 16 bytes in 1 blocks are still reachable in loss record 140 of 304
==2360==    at 0x483B7F3: malloc (in /usr/lib/x86_64-linux-gnu/valgrind/vgpreload_memcheck-amd64-linux.so)
==2361==    by 0x1984F3: xmalloc (in /usr/bin/bash)
==2361==    by 0x157FED: ??? (in /usr/bin/bash)
==2359==    by 0x137544: main (in /usr/bin/bash)
==2359== 
==2360==    by 0x1984F3: xmalloc (in /usr/bin/bash)
==2360==    by 0x148045: alloc_word_desc (in /usr/bin/bash)
==2361==    by 0x15805C: ??? (in /usr/bin/bash)
==2361==    by 0x15B635: initialize_shell_variables (in /usr/bin/bash)
==2359== 32 bytes in 1 blocks are still reachable in loss record 197 of 304
==2359==    at 0x483B7F3: malloc (in /usr/lib/x86_64-linux-gnu/valgrind/vgpreload_memcheck-amd64-linux.so)
==2360==    by 0x176AFB: ??? (in /usr/bin/bash)
==2360==    by 0x17742D: ??? (in /usr/bin/bash)
==2361==    by 0x138DC9: ??? (in /usr/bin/bash)
==2361==    by 0x137544: main (in /usr/bin/bash)
==2359==    by 0x1984F3: xmalloc (in /usr/bin/bash)
==2359==    by 0x183457: array_create_element (in /usr/bin/bash)
==2360==    by 0x17A90E: ??? (in /usr/bin/bash)
==2360==    by 0x14FB29: execute_command_internal (in /usr/bin/bash)
==2361== 
==2359==    by 0x1834ED: array_create (in /usr/bin/bash)
==2360==    by 0x1519D9: execute_command (in /usr/bin/bash)
==2360==    by 0x139664: reader_loop (in /usr/bin/bash)
==2361== 7 bytes in 1 blocks are still reachable in loss record 48 of 304
==2361==    at 0x483B7F3: malloc (in /usr/lib/x86_64-linux-gnu/valgrind/vgpreload_memcheck-amd64-linux.so)
==2359==    by 0x158D5D: make_new_array_variable (in /usr/bin/bash)
==2359==    by 0x158DA7: ??? (in /usr/bin/bash)
==2360==    by 0x137EF8: main (in /usr/bin/bash)
==2360== 
==2361==    by 0x1984F3: xmalloc (in /usr/bin/bash)
==2361==    by 0x1544D7: ??? (in /usr/bin/bash)
==2359==    by 0x15B2EC: initialize_shell_variables (in /usr/bin/bash)
==2359==    by 0x138DC9: ??? (in /usr/bin/bash)
==2360== 16 bytes in 1 blocks are still reachable in loss record 141 of 304
==2360==    at 0x483B7F3: malloc (in /usr/lib/x86_64-linux-gnu/valgrind/vgpreload_memcheck-amd64-linux.so)
==2361==    by 0x157FCF: ??? (in /usr/bin/bash)
==2361==    by 0x15805C: ??? (in /usr/bin/bash)
==2359==    by 0x137544: main (in /usr/bin/bash)
==2359== 
==2360==    by 0x1984F3: xmalloc (in /usr/bin/bash)
==2360==    by 0x1482D9: make_word_list (in /usr/bin/bash)
==2361==    by 0x159490: set_pwd (in /usr/bin/bash)
==2361==    by 0x15AAEE: initialize_shell_variables (in /usr/bin/bash)
==2359== 32 bytes in 1 blocks are still reachable in loss record 198 of 304
==2359==    at 0x483B7F3: malloc (in /usr/lib/x86_64-linux-gnu/valgrind/vgpreload_memcheck-amd64-linux.so)
==2360==    by 0x176BD0: ??? (in /usr/bin/bash)
==2360==    by 0x17742D: ??? (in /usr/bin/bash)
==2361==    by 0x138DC9: ??? (in /usr/bin/bash)
==2361==    by 0x137544: main (in /usr/bin/bash)
==2359==    by 0x1984F3: xmalloc (in /usr/bin/bash)
==2359==    by 0x17BBFB: hash_insert (in /usr/bin/bash)
==2360==    by 0x17A90E: ??? (in /usr/bin/bash)
==2360==    by 0x14FB29: execute_command_internal (in /usr/bin/bash)
==2361== 
==2361== 7 bytes in 1 blocks are still reachable in loss record 49 of 304
==2359==    by 0x158008: ??? (in /usr/bin/bash)
==2360==    by 0x1519D9: execute_command (in /usr/bin/bash)
==2360==    by 0x139664: reader_loop (in /usr/bin/bash)
==2361==    at 0x483B7F3: malloc (in /usr/lib/x86_64-linux-gnu/valgrind/vgpreload_memcheck-amd64-linux.so)
==2361==    by 0x1984F3: xmalloc (in /usr/bin/bash)
==2359==    by 0x158D55: make_new_array_variable (in /usr/bin/bash)
==2360==    by 0x137EF8: main (in /usr/bin/bash)
==2360== 
==2361==    by 0x157FED: ??? (in /usr/bin/bash)
==2359==    by 0x158DA7: ??? (in /usr/bin/bash)
==2359==    by 0x15B30B: initialize_shell_variables (in /usr/bin/bash)
==2360== 16 bytes in 1 blocks are still reachable in loss record 142 of 304
==2360==    at 0x483B7F3: malloc (in /usr/lib/x86_64-linux-gnu/valgrind/vgpreload_memcheck-amd64-linux.so)
==2361==    by 0x15805C: ??? (in /usr/bin/bash)
==2361==    by 0x159490: set_pwd (in /usr/bin/bash)
==2359==    by 0x138DC9: ??? (in /usr/bin/bash)
==2359==    by 0x137544: main (in /usr/bin/bash)
==2360==    by 0x1984F3: xmalloc (in /usr/bin/bash)
==2360==    by 0x1482D9: make_word_list (in /usr/bin/bash)
==2361==    by 0x15AAEE: initialize_shell_variables (in /usr/bin/bash)
==2361==    by 0x138DC9: ??? (in /usr/bin/bash)
==2359== 
==2360==    by 0x16F007: list_string (in /usr/bin/bash)
==2360==    by 0x1719CE: ??? (in /usr/bin/bash)
==2361==    by 0x137544: main (in /usr/bin/bash)
==2361== 
==2359== 32 bytes in 1 blocks are still reachable in loss record 199 of 304
==2359==    at 0x483B7F3: malloc (in /usr/lib/x86_64-linux-gnu/valgrind/vgpreload_memcheck-amd64-linux.so)
==2360==    by 0x17ABAC: ??? (in /usr/bin/bash)
==2360==    by 0x14FB29: execute_command_internal (in /usr/bin/bash)
==2361== 7 bytes in 1 blocks are still reachable in loss record 50 of 304
==2361==    at 0x483B7F3: malloc (in /usr/lib/x86_64-linux-gnu/valgrind/vgpreload_memcheck-amd64-linux.so)
==2359==    by 0x1984F3: xmalloc (in /usr/bin/bash)
==2359==    by 0x183457: array_create_element (in /usr/bin/bash)
==2360==    by 0x1519D9: execute_command (in /usr/bin/bash)
==2360==    by 0x139664: reader_loop (in /usr/bin/bash)
==2361==    by 0x1984F3: xmalloc (in /usr/bin/bash)
==2361==    by 0x156DA1: make_variable_value (in /usr/bin/bash)
==2359==    by 0x1834ED: array_create (in /usr/bin/bash)
==2359==    by 0x158D5D: make_new_array_variable (in /usr/bin/bash)
==2360==    by 0x137EF8: main (in /usr/bin/bash)
==2360== 
==2361==    by 0x15806D: ??? (in /usr/bin/bash)
==2361==    by 0x15AB95: initialize_shell_variables (in /usr/bin/bash)
==2359==    by 0x158DA7: ??? (in /usr/bin/bash)
==2360== 17 bytes in 1 blocks are still reachable in loss record 143 of 304
==2360==    at 0x483DFAF: realloc (in /usr/lib/x86_64-linux-gnu/valgrind/vgpreload_memcheck-amd64-linux.so)
==2361==    by 0x138DC9: ??? (in /usr/bin/bash)
==2361==    by 0x137544: main (in /usr/bin/bash)
==2359==    by 0x15B30B: initialize_shell_variables (in /usr/bin/bash)
==2359==    by 0x138DC9: ??? (in /usr/bin/bash)
==2360==    by 0x4994297: getcwd (getcwd.c:84)
==2360==    by 0x19ADCC: get_working_directory (in /usr/bin/bash)
==2361== 
==2361== 7 bytes in 1 blocks are still reachable in loss record 51 of 304
==2359==    by 0x137544: main (in /usr/bin/bash)
==2359== 
==2360==    by 0x15942E: set_pwd (in /usr/bin/bash)
==2360==    by 0x15AAEE: initialize_shell_variables (in /usr/bin/bash)
==2361==    at 0x483B7F3: malloc (in /usr/lib/x86_64-linux-gnu/valgrind/vgpreload_memcheck-amd64-linux.so)
==2361==    by 0x1984F3: xmalloc (in /usr/bin/bash)
==2359== 32 bytes in 1 blocks are still reachable in loss record 200 of 304
==2359==    at 0x483B7F3: malloc (in /usr/lib/x86_64-linux-gnu/valgrind/vgpreload_memcheck-amd64-linux.so)
==2360==    by 0x138DC9: ??? (in /usr/bin/bash)
==2360==    by 0x137544: main (in /usr/bin/bash)
==2361==    by 0x1544D7: ??? (in /usr/bin/bash)
==2361==    by 0x157FCF: ??? (in /usr/bin/bash)
==2359==    by 0x1984F3: xmalloc (in /usr/bin/bash)
==2359==    by 0x17BBFB: hash_insert (in /usr/bin/bash)
==2360== 
==2361==    by 0x15805C: ??? (in /usr/bin/bash)
==2361==    by 0x15ABA8: initialize_shell_variables (in /usr/bin/bash)
==2359==    by 0x158008: ??? (in /usr/bin/bash)
==2359==    by 0x158D55: make_new_array_variable (in /usr/bin/bash)
==2360== 17 bytes in 1 blocks are still reachable in loss record 144 of 304
==2360==    at 0x483B7F3: malloc (in /usr/lib/x86_64-linux-gnu/valgrind/vgpreload_memcheck-amd64-linux.so)
==2361==    by 0x138DC9: ??? (in /usr/bin/bash)
==2361==    by 0x137544: main (in /usr/bin/bash)
==2359==    by 0x158DA7: ??? (in /usr/bin/bash)
==2359==    by 0x15B32A: initialize_shell_variables (in /usr/bin/bash)
==2360==    by 0x1984F3: xmalloc (in /usr/bin/bash)
==2360==    by 0x156DA1: make_variable_value (in /usr/bin/bash)
==2361== 
==2361== 7 bytes in 1 blocks are still reachable in loss record 52 of 304
==2359==    by 0x138DC9: ??? (in /usr/bin/bash)
==2360==    by 0x15806D: ??? (in /usr/bin/bash)
==2360==    by 0x159447: set_pwd (in /usr/bin/bash)
==2361==    at 0x483B7F3: malloc (in /usr/lib/x86_64-linux-gnu/valgrind/vgpreload_memcheck-amd64-linux.so)
==2361==    by 0x1984F3: xmalloc (in /usr/bin/bash)
==2359==    by 0x137544: main (in /usr/bin/bash)
==2359== 
==2360==    by 0x15AAEE: initialize_shell_variables (in /usr/bin/bash)
==2360==    by 0x138DC9: ??? (in /usr/bin/bash)
==2361==    by 0x157FED: ??? (in /usr/bin/bash)
==2361==    by 0x15805C: ??? (in /usr/bin/bash)
==2359== 32 bytes in 1 blocks are still reachable in loss record 201 of 304
==2359==    at 0x483B7F3: malloc (in /usr/lib/x86_64-linux-gnu/valgrind/vgpreload_memcheck-amd64-linux.so)
==2360==    by 0x137544: main (in /usr/bin/bash)
==2360== 
==2361==    by 0x15ABA8: initialize_shell_variables (in /usr/bin/bash)
==2361==    by 0x138DC9: ??? (in /usr/bin/bash)
==2359==    by 0x1984F3: xmalloc (in /usr/bin/bash)
==2359==    by 0x183457: array_create_element (in /usr/bin/bash)
==2360== 18 bytes in 1 blocks are still reachable in loss record 145 of 304
==2360==    at 0x483B7F3: malloc (in /usr/lib/x86_64-linux-gnu/valgrind/vgpreload_memcheck-amd64-linux.so)
==2361==    by 0x137544: main (in /usr/bin/bash)
==2361== 
==2359==    by 0x1834ED: array_create (in /usr/bin/bash)
==2359==    by 0x158D5D: make_new_array_variable (in /usr/bin/bash)
==2360==    by 0x1984F3: xmalloc (in /usr/bin/bash)
==2360==    by 0x156DA1: make_variable_value (in /usr/bin/bash)
==2361== 7 bytes in 1 blocks are still reachable in loss record 53 of 304
==2361==    at 0x483B7F3: malloc (in /usr/lib/x86_64-linux-gnu/valgrind/vgpreload_memcheck-amd64-linux.so)
==2359==    by 0x158DA7: ??? (in /usr/bin/bash)
==2359==    by 0x15B32A: initialize_shell_variables (in /usr/bin/bash)
==2360==    by 0x15806D: ??? (in /usr/bin/bash)
==2360==    by 0x15AECB: initialize_shell_variables (in /usr/bin/bash)
==2361==    by 0x1984F3: xmalloc (in /usr/bin/bash)
==2361==    by 0x1544D7: ??? (in /usr/bin/bash)
==2359==    by 0x138DC9: ??? (in /usr/bin/bash)
==2359==    by 0x137544: main (in /usr/bin/bash)
==2360==    by 0x138DC9: ??? (in /usr/bin/bash)
==2360==    by 0x137544: main (in /usr/bin/bash)
==2361==    by 0x157FCF: ??? (in /usr/bin/bash)
==2361==    by 0x15805C: ??? (in /usr/bin/bash)
==2359== 
==2360== 
==2360== 20 bytes in 1 blocks are still reachable in loss record 146 of 304
==2361==    by 0x15AC2A: initialize_shell_variables (in /usr/bin/bash)
==2361==    by 0x138DC9: ??? (in /usr/bin/bash)
==2359== 32 bytes in 1 blocks are still reachable in loss record 202 of 304
==2360==    at 0x483B7F3: malloc (in /usr/lib/x86_64-linux-gnu/valgrind/vgpreload_memcheck-amd64-linux.so)
==2360==    by 0x1984F3: xmalloc (in /usr/bin/bash)
==2361==    by 0x137544: main (in /usr/bin/bash)
==2361== 
==2359==    at 0x483B7F3: malloc (in /usr/lib/x86_64-linux-gnu/valgrind/vgpreload_memcheck-amd64-linux.so)
==2359==    by 0x1984F3: xmalloc (in /usr/bin/bash)
==2360==    by 0x156DA1: make_variable_value (in /usr/bin/bash)
==2360==    by 0x15806D: ??? (in /usr/bin/bash)
==2361== 7 bytes in 1 blocks are still reachable in loss record 54 of 304
==2361==    at 0x483B7F3: malloc (in /usr/lib/x86_64-linux-gnu/valgrind/vgpreload_memcheck-amd64-linux.so)
==2359==    by 0x17BBFB: hash_insert (in /usr/bin/bash)
==2360==    by 0x15ABBB: initialize_shell_variables (in /usr/bin/bash)
==2360==    by 0x138DC9: ??? (in /usr/bin/bash)
==2361==    by 0x1984F3: xmalloc (in /usr/bin/bash)
==2361==    by 0x157FED: ??? (in /usr/bin/bash)
==2359==    by 0x158008: ??? (in /usr/bin/bash)
==2359==    by 0x158D55: make_new_array_variable (in /usr/bin/bash)
==2360==    by 0x137544: main (in /usr/bin/bash)
==2360== 
==2361==    by 0x15805C: ??? (in /usr/bin/bash)
==2361==    by 0x15AC2A: initialize_shell_variables (in /usr/bin/bash)
==2359==    by 0x158DA7: ??? (in /usr/bin/bash)
==2359==    by 0x15B349: initialize_shell_variables (in /usr/bin/bash)
==2360== 20 bytes in 1 blocks are still reachable in loss record 147 of 304
==2360==    at 0x483B7F3: malloc (in /usr/lib/x86_64-linux-gnu/valgrind/vgpreload_memcheck-amd64-linux.so)
==2361==    by 0x138DC9: ??? (in /usr/bin/bash)
==2361==    by 0x137544: main (in /usr/bin/bash)
==2359==    by 0x138DC9: ??? (in /usr/bin/bash)
==2359==    by 0x137544: main (in /usr/bin/bash)
==2360==    by 0x1984F3: xmalloc (in /usr/bin/bash)
==2360==    by 0x183473: array_create_element (in /usr/bin/bash)
==2361== 
==2361== 7 bytes in 1 blocks are still reachable in loss record 55 of 304
==2359== 
==2359== 32 bytes in 1 blocks are still reachable in loss record 203 of 304
==2360==    by 0x183987: array_insert (in /usr/bin/bash)
==2360==    by 0x15AFA9: initialize_shell_variables (in /usr/bin/bash)
==2361==    at 0x483B7F3: malloc (in /usr/lib/x86_64-linux-gnu/valgrind/vgpreload_memcheck-amd64-linux.so)
==2361==    by 0x1984F3: xmalloc (in /usr/bin/bash)
==2359==    at 0x483B7F3: malloc (in /usr/lib/x86_64-linux-gnu/valgrind/vgpreload_memcheck-amd64-linux.so)
==2359==    by 0x1984F3: xmalloc (in /usr/bin/bash)
==2360==    by 0x138DC9: ??? (in /usr/bin/bash)
==2360==    by 0x137544: main (in /usr/bin/bash)
==2361==    by 0x1544D7: ??? (in /usr/bin/bash)
==2361==    by 0x157FCF: ??? (in /usr/bin/bash)
==2359==    by 0x183457: array_create_element (in /usr/bin/bash)
==2359==    by 0x1834ED: array_create (in /usr/bin/bash)
==2360== 
==2360== 24 bytes in 1 blocks are still reachable in loss record 148 of 304
==2361==    by 0x15805C: ??? (in /usr/bin/bash)
==2361==    by 0x15AC4A: initialize_shell_variables (in /usr/bin/bash)
==2359==    by 0x158D5D: make_new_array_variable (in /usr/bin/bash)
==2359==    by 0x158DA7: ??? (in /usr/bin/bash)
==2360==    at 0x483B7F3: malloc (in /usr/lib/x86_64-linux-gnu/valgrind/vgpreload_memcheck-amd64-linux.so)
==2360==    by 0x1984F3: xmalloc (in /usr/bin/bash)
==2361==    by 0x138DC9: ??? (in /usr/bin/bash)
==2361==    by 0x137544: main (in /usr/bin/bash)
==2359==    by 0x15B349: initialize_shell_variables (in /usr/bin/bash)
==2359==    by 0x138DC9: ??? (in /usr/bin/bash)
==2360==    by 0x14787D: tilde_initialize (in /usr/bin/bash)
==2360==    by 0x138DA5: ??? (in /usr/bin/bash)
==2361== 
==2359==    by 0x137544: main (in /usr/bin/bash)
==2359== 
==2360==    by 0x137544: main (in /usr/bin/bash)
==2360== 
==2361== 7 bytes in 1 blocks are still reachable in loss record 56 of 304
==2361==    at 0x483B7F3: malloc (in /usr/lib/x86_64-linux-gnu/valgrind/vgpreload_memcheck-amd64-linux.so)
==2359== 32 bytes in 1 blocks are still reachable in loss record 204 of 304
==2359==    at 0x483B7F3: malloc (in /usr/lib/x86_64-linux-gnu/valgrind/vgpreload_memcheck-amd64-linux.so)
==2360== 24 bytes in 1 blocks are still reachable in loss record 149 of 304
==2360==    at 0x483B7F3: malloc (in /usr/lib/x86_64-linux-gnu/valgrind/vgpreload_memcheck-amd64-linux.so)
==2361==    by 0x1984F3: xmalloc (in /usr/bin/bash)
==2361==    by 0x157FED: ??? (in /usr/bin/bash)
==2359==    by 0x1984F3: xmalloc (in /usr/bin/bash)
==2360==    by 0x1984F3: xmalloc (in /usr/bin/bash)
==2360==    by 0x1478CE: tilde_initialize (in /usr/bin/bash)
==2361==    by 0x15805C: ??? (in /usr/bin/bash)
==2361==    by 0x15AC4A: initialize_shell_variables (in /usr/bin/bash)
==2359==    by 0x17BBFB: hash_insert (in /usr/bin/bash)
==2359==    by 0x158008: ??? (in /usr/bin/bash)
==2360==    by 0x138DA5: ??? (in /usr/bin/bash)
==2360==    by 0x137544: main (in /usr/bin/bash)
==2361==    by 0x138DC9: ??? (in /usr/bin/bash)
==2361==    by 0x137544: main (in /usr/bin/bash)
==2359==    by 0x158D55: make_new_array_variable (in /usr/bin/bash)
==2359==    by 0x158DA7: ??? (in /usr/bin/bash)
==2360== 
==2360== 29 bytes in 2 blocks are still reachable in loss record 150 of 304
==2361== 
==2361== 7 bytes in 1 blocks are still reachable in loss record 57 of 304
==2359==    by 0x15B368: initialize_shell_variables (in /usr/bin/bash)
==2359==    by 0x138DC9: ??? (in /usr/bin/bash)
==2360==    at 0x483B7F3: malloc (in /usr/lib/x86_64-linux-gnu/valgrind/vgpreload_memcheck-amd64-linux.so)
==2360==    by 0x1984F3: xmalloc (in /usr/bin/bash)
==2361==    at 0x483B7F3: malloc (in /usr/lib/x86_64-linux-gnu/valgrind/vgpreload_memcheck-amd64-linux.so)
==2361==    by 0x1984F3: xmalloc (in /usr/bin/bash)
==2359==    by 0x137544: main (in /usr/bin/bash)
==2359== 
==2360==    by 0x1556F3: ??? (in /usr/bin/bash)
==2360==    by 0x159B3E: ??? (in /usr/bin/bash)
==2361==    by 0x1544D7: ??? (in /usr/bin/bash)
==2361==    by 0x157FCF: ??? (in /usr/bin/bash)
==2359== 32 bytes in 1 blocks are still reachable in loss record 205 of 304
==2360==    by 0x191D94: ??? (in /usr/bin/bash)
==2360==    by 0x192108: set_locale_var (in /usr/bin/bash)
==2361==    by 0x15805C: ??? (in /usr/bin/bash)
==2361==    by 0x15B1AE: initialize_shell_variables (in /usr/bin/bash)
==2359==    at 0x483B7F3: malloc (in /usr/lib/x86_64-linux-gnu/valgrind/vgpreload_memcheck-amd64-linux.so)
==2359==    by 0x1984F3: xmalloc (in /usr/bin/bash)
==2360==    by 0x192302: set_default_lang (in /usr/bin/bash)
==2360==    by 0x137549: main (in /usr/bin/bash)
==2361==    by 0x138DC9: ??? (in /usr/bin/bash)
==2361==    by 0x137544: main (in /usr/bin/bash)
==2359==    by 0x183457: array_create_element (in /usr/bin/bash)
==2359==    by 0x1834ED: array_create (in /usr/bin/bash)
==2360== 
==2361== 
==2359==    by 0x158D5D: make_new_array_variable (in /usr/bin/bash)
==2359==    by 0x158DA7: ??? (in /usr/bin/bash)
==2360== 29 bytes in 2 blocks are still reachable in loss record 151 of 304
==2360==    at 0x483B7F3: malloc (in /usr/lib/x86_64-linux-gnu/valgrind/vgpreload_memcheck-amd64-linux.so)
==2361== 7 bytes in 1 blocks are still reachable in loss record 58 of 304
==2361==    at 0x483B7F3: malloc (in /usr/lib/x86_64-linux-gnu/valgrind/vgpreload_memcheck-amd64-linux.so)
==2359==    by 0x15B368: initialize_shell_variables (in /usr/bin/bash)
==2359==    by 0x138DC9: ??? (in /usr/bin/bash)
==2360==    by 0x1984F3: xmalloc (in /usr/bin/bash)
==2360==    by 0x1555B6: ??? (in /usr/bin/bash)
==2361==    by 0x1984F3: xmalloc (in /usr/bin/bash)
==2361==    by 0x157FED: ??? (in /usr/bin/bash)
==2359==    by 0x137544: main (in /usr/bin/bash)
==2359== 
==2360==    by 0x159B3E: ??? (in /usr/bin/bash)
==2360==    by 0x191D94: ??? (in /usr/bin/bash)
==2361==    by 0x15805C: ??? (in /usr/bin/bash)
==2361==    by 0x15B1AE: initialize_shell_variables (in /usr/bin/bash)
==2359== 32 bytes in 1 blocks are still reachable in loss record 206 of 304
==2359==    at 0x483B7F3: malloc (in /usr/lib/x86_64-linux-gnu/valgrind/vgpreload_memcheck-amd64-linux.so)
==2360==    by 0x192108: set_locale_var (in /usr/bin/bash)
==2360==    by 0x192302: set_default_lang (in /usr/bin/bash)
==2361==    by 0x138DC9: ??? (in /usr/bin/bash)
==2361==    by 0x137544: main (in /usr/bin/bash)
==2359==    by 0x1984F3: xmalloc (in /usr/bin/bash)
==2360==    by 0x137549: main (in /usr/bin/bash)
==2360== 
==2361== 
==2361== 7 bytes in 1 blocks are still reachable in loss record 59 of 304
==2359==    by 0x17BBFB: hash_insert (in /usr/bin/bash)
==2359==    by 0x158008: ??? (in /usr/bin/bash)
==2360== 31 bytes in 1 blocks are still reachable in loss record 152 of 304
==2360==    at 0x483B7F3: malloc (in /usr/lib/x86_64-linux-gnu/valgrind/vgpreload_memcheck-amd64-linux.so)
==2361==    at 0x483B7F3: malloc (in /usr/lib/x86_64-linux-gnu/valgrind/vgpreload_memcheck-amd64-linux.so)
==2361==    by 0x1984F3: xmalloc (in /usr/bin/bash)
==2359==    by 0x158DE5: make_new_assoc_variable (in /usr/bin/bash)
==2359==    by 0x15B6A9: initialize_shell_variables (in /usr/bin/bash)
==2360==    by 0x1984F3: xmalloc (in /usr/bin/bash)
==2360==    by 0x13816C: main (in /usr/bin/bash)
==2361==    by 0x1544D7: ??? (in /usr/bin/bash)
==2361==    by 0x157FCF: ??? (in /usr/bin/bash)
==2359==    by 0x138DC9: ??? (in /usr/bin/bash)
==2360== 
==2360== 31 bytes in 1 blocks are still reachable in loss record 153 of 304
==2361==    by 0x15805C: ??? (in /usr/bin/bash)
==2361==    by 0x15B1D8: initialize_shell_variables (in /usr/bin/bash)
==2359==    by 0x137544: main (in /usr/bin/bash)
==2359== 
==2360==    at 0x483B7F3: malloc (in /usr/lib/x86_64-linux-gnu/valgrind/vgpreload_memcheck-amd64-linux.so)
==2360==    by 0x1984F3: xmalloc (in /usr/bin/bash)
==2361==    by 0x138DC9: ??? (in /usr/bin/bash)
==2361==    by 0x137544: main (in /usr/bin/bash)
==2359== 32 bytes in 1 blocks are still reachable in loss record 207 of 304
==2359==    at 0x483B7F3: malloc (in /usr/lib/x86_64-linux-gnu/valgrind/vgpreload_memcheck-amd64-linux.so)
==2360==    by 0x183473: array_create_element (in /usr/bin/bash)
==2360==    by 0x18367F: ??? (in /usr/bin/bash)
==2361== 
==2359==    by 0x1984F3: xmalloc (in /usr/bin/bash)
==2359==    by 0x17BBFB: hash_insert (in /usr/bin/bash)
==2360==    by 0x137C8C: main (in /usr/bin/bash)
==2360== 
==2361== 7 bytes in 1 blocks are still reachable in loss record 60 of 304
==2361==    at 0x483B7F3: malloc (in /usr/lib/x86_64-linux-gnu/valgrind/vgpreload_memcheck-amd64-linux.so)
==2359==    by 0x158008: ??? (in /usr/bin/bash)
==2359==    by 0x158DE5: make_new_assoc_variable (in /usr/bin/bash)
==2360== 31 bytes in 1 blocks are still reachable in loss record 154 of 304
==2360==    at 0x483B7F3: malloc (in /usr/lib/x86_64-linux-gnu/valgrind/vgpreload_memcheck-amd64-linux.so)
==2361==    by 0x1984F3: xmalloc (in /usr/bin/bash)
==2361==    by 0x157FED: ??? (in /usr/bin/bash)
==2359==    by 0x15B67B: initialize_shell_variables (in /usr/bin/bash)
==2359==    by 0x138DC9: ??? (in /usr/bin/bash)
==2360==    by 0x1984F3: xmalloc (in /usr/bin/bash)
==2360==    by 0x13A626: init_yy_io (in /usr/bin/bash)
==2361==    by 0x15805C: ??? (in /usr/bin/bash)
==2361==    by 0x15B1D8: initialize_shell_variables (in /usr/bin/bash)
==2359==    by 0x137544: main (in /usr/bin/bash)
==2359== 
==2360==    by 0x137DC4: main (in /usr/bin/bash)
==2360== 
==2361==    by 0x138DC9: ??? (in /usr/bin/bash)
==2361==    by 0x137544: main (in /usr/bin/bash)
==2359== 32 bytes in 1 blocks are still reachable in loss record 208 of 304
==2359==    at 0x483B7F3: malloc (in /usr/lib/x86_64-linux-gnu/valgrind/vgpreload_memcheck-amd64-linux.so)
==2360== 32 bytes in 1 blocks are still reachable in loss record 155 of 304
==2360==    at 0x483B7F3: malloc (in /usr/lib/x86_64-linux-gnu/valgrind/vgpreload_memcheck-amd64-linux.so)
==2361== 
==2359==    by 0x1984F3: xmalloc (in /usr/bin/bash)
==2359==    by 0x17BBFB: hash_insert (in /usr/bin/bash)
==2360==    by 0x1984F3: xmalloc (in /usr/bin/bash)
==2360==    by 0x17BBFB: hash_insert (in /usr/bin/bash)
==2361== 7 bytes in 1 blocks are still reachable in loss record 61 of 304
==2361==    at 0x483B7F3: malloc (in /usr/lib/x86_64-linux-gnu/valgrind/vgpreload_memcheck-amd64-linux.so)
==2359==    by 0x158008: ??? (in /usr/bin/bash)
==2359==    by 0x158D55: make_new_array_variable (in /usr/bin/bash)
==2360==    by 0x158008: ??? (in /usr/bin/bash)
==2360==    by 0x15805C: ??? (in /usr/bin/bash)
==2361==    by 0x1984F3: xmalloc (in /usr/bin/bash)
==2361==    by 0x1544D7: ??? (in /usr/bin/bash)
==2359==    by 0x15B64D: initialize_shell_variables (in /usr/bin/bash)
==2359==    by 0x138DC9: ??? (in /usr/bin/bash)
==2360==    by 0x159447: set_pwd (in /usr/bin/bash)
==2360==    by 0x15AAEE: initialize_shell_variables (in /usr/bin/bash)
==2361==    by 0x157FCF: ??? (in /usr/bin/bash)
==2361==    by 0x158D55: make_new_array_variable (in /usr/bin/bash)
==2359==    by 0x137544: main (in /usr/bin/bash)
==2359== 
==2360==    by 0x138DC9: ??? (in /usr/bin/bash)
==2360==    by 0x137544: main (in /usr/bin/bash)
==2361==    by 0x158DA7: ??? (in /usr/bin/bash)
==2361==    by 0x15B2EC: initialize_shell_variables (in /usr/bin/bash)
==2359== 32 bytes in 1 blocks are still reachable in loss record 209 of 304
==2359==    at 0x483B7F3: malloc (in /usr/lib/x86_64-linux-gnu/valgrind/vgpreload_memcheck-amd64-linux.so)
==2360== 
==2360== 32 bytes in 1 blocks are still reachable in loss record 156 of 304
==2361==    by 0x138DC9: ??? (in /usr/bin/bash)
==2361==    by 0x137544: main (in /usr/bin/bash)
==2359==    by 0x1984F3: xmalloc (in /usr/bin/bash)
==2360==    at 0x483B7F3: malloc (in /usr/lib/x86_64-linux-gnu/valgrind/vgpreload_memcheck-amd64-linux.so)
==2360==    by 0x1984F3: xmalloc (in /usr/bin/bash)
==2361== 
==2359==    by 0x183457: array_create_element (in /usr/bin/bash)
==2359==    by 0x1834ED: array_create (in /usr/bin/bash)
==2360==    by 0x17BBFB: hash_insert (in /usr/bin/bash)
==2360==    by 0x158008: ??? (in /usr/bin/bash)
==2361== 7 bytes in 1 blocks are still reachable in loss record 62 of 304
==2361==    at 0x483B7F3: malloc (in /usr/lib/x86_64-linux-gnu/valgrind/vgpreload_memcheck-amd64-linux.so)
==2359==    by 0x158D5D: make_new_array_variable (in /usr/bin/bash)
==2359==    by 0x15B64D: initialize_shell_variables (in /usr/bin/bash)
==2360==    by 0x15805C: ??? (in /usr/bin/bash)
==2360==    by 0x159490: set_pwd (in /usr/bin/bash)
==2361==    by 0x1984F3: xmalloc (in /usr/bin/bash)
==2361==    by 0x157FED: ??? (in /usr/bin/bash)
==2359==    by 0x138DC9: ??? (in /usr/bin/bash)
==2359==    by 0x137544: main (in /usr/bin/bash)
==2360==    by 0x15AAEE: initialize_shell_variables (in /usr/bin/bash)
==2360==    by 0x138DC9: ??? (in /usr/bin/bash)
==2361==    by 0x158D55: make_new_array_variable (in /usr/bin/bash)
==2361==    by 0x158DA7: ??? (in /usr/bin/bash)
==2359== 
==2360==    by 0x137544: main (in /usr/bin/bash)
==2360== 
==2361==    by 0x15B2EC: initialize_shell_variables (in /usr/bin/bash)
==2361==    by 0x138DC9: ??? (in /usr/bin/bash)
==2359== 32 bytes in 1 blocks are still reachable in loss record 210 of 304
==2360== 32 bytes in 1 blocks are still reachable in loss record 157 of 304
==2360==    at 0x483B7F3: malloc (in /usr/lib/x86_64-linux-gnu/valgrind/vgpreload_memcheck-amd64-linux.so)
==2361==    by 0x137544: main (in /usr/bin/bash)
==2361== 
==2359==    at 0x483B7F3: malloc (in /usr/lib/x86_64-linux-gnu/valgrind/vgpreload_memcheck-amd64-linux.so)
==2360==    by 0x1984F3: xmalloc (in /usr/bin/bash)
==2360==    by 0x17BBFB: hash_insert (in /usr/bin/bash)
==2361== 8 bytes in 1 blocks are still reachable in loss record 63 of 304
==2361==    at 0x483B7F3: malloc (in /usr/lib/x86_64-linux-gnu/valgrind/vgpreload_memcheck-amd64-linux.so)
==2359==    by 0x1984F3: xmalloc (in /usr/bin/bash)
==2360==    by 0x158008: ??? (in /usr/bin/bash)
==2360==    by 0x15805C: ??? (in /usr/bin/bash)
==2361==    by 0x1984F3: xmalloc (in /usr/bin/bash)
==2361==    by 0x183473: array_create_element (in /usr/bin/bash)
==2359==    by 0x17BBFB: hash_insert (in /usr/bin/bash)
==2360==    by 0x15AB01: initialize_shell_variables (in /usr/bin/bash)
==2361==    by 0x183987: array_insert (in /usr/bin/bash)
==2359==    by 0x158008: ??? (in /usr/bin/bash)
==2360==    by 0x138DC9: ??? (in /usr/bin/bash)
==2360==    by 0x137544: main (in /usr/bin/bash)
==2361==    by 0x15AF95: initialize_shell_variables (in /usr/bin/bash)
==2361==    by 0x138DC9: ??? (in /usr/bin/bash)
==2359==    by 0x15805C: ??? (in /usr/bin/bash)
==2360== 
==2360== 32 bytes in 1 blocks are still reachable in loss record 158 of 304
==2361==    by 0x137544: main (in /usr/bin/bash)
==2361== 
==2359==    by 0x1A76E0: set_shellopts (in /usr/bin/bash)
==2360==    at 0x483B7F3: malloc (in /usr/lib/x86_64-linux-gnu/valgrind/vgpreload_memcheck-amd64-linux.so)
==2360==    by 0x1984F3: xmalloc (in /usr/bin/bash)
==2361== 8 bytes in 1 blocks are still reachable in loss record 64 of 304
==2361==    at 0x483B7F3: malloc (in /usr/lib/x86_64-linux-gnu/valgrind/vgpreload_memcheck-amd64-linux.so)
==2359==    by 0x138DFD: ??? (in /usr/bin/bash)
==2360==    by 0x17BBFB: hash_insert (in /usr/bin/bash)
==2360==    by 0x158008: ??? (in /usr/bin/bash)
==2361==    by 0x1984F3: xmalloc (in /usr/bin/bash)
==2361==    by 0x1544D7: ??? (in /usr/bin/bash)
==2359==    by 0x137544: main (in /usr/bin/bash)
==2360==    by 0x15805C: ??? (in /usr/bin/bash)
==2360==    by 0x15AB1F: initialize_shell_variables (in /usr/bin/bash)
==2361==    by 0x157FCF: ??? (in /usr/bin/bash)
==2361==    by 0x15805C: ??? (in /usr/bin/bash)
==2359== 
==2360==    by 0x138DC9: ??? (in /usr/bin/bash)
==2360==    by 0x137544: main (in /usr/bin/bash)
==2361==    by 0x15B112: initialize_shell_variables (in /usr/bin/bash)
==2361==    by 0x138DC9: ??? (in /usr/bin/bash)
==2359== 32 bytes in 1 blocks are still reachable in loss record 211 of 304
==2360== 
==2360== 32 bytes in 1 blocks are still reachable in loss record 159 of 304
==2361==    by 0x137544: main (in /usr/bin/bash)
==2361== 
==2359==    at 0x483B7F3: malloc (in /usr/lib/x86_64-linux-gnu/valgrind/vgpreload_memcheck-amd64-linux.so)
==2360==    at 0x483B7F3: malloc (in /usr/lib/x86_64-linux-gnu/valgrind/vgpreload_memcheck-amd64-linux.so)
==2360==    by 0x1984F3: xmalloc (in /usr/bin/bash)
==2361== 8 bytes in 1 blocks are still reachable in loss record 65 of 304
==2359==    by 0x1984F3: xmalloc (in /usr/bin/bash)
==2360==    by 0x17BBFB: hash_insert (in /usr/bin/bash)
==2360==    by 0x158008: ??? (in /usr/bin/bash)
==2361==    at 0x483B7F3: malloc (in /usr/lib/x86_64-linux-gnu/valgrind/vgpreload_memcheck-amd64-linux.so)
==2361==    by 0x1984F3: xmalloc (in /usr/bin/bash)
==2359==    by 0x17BBFB: hash_insert (in /usr/bin/bash)
==2360==    by 0x15805C: ??? (in /usr/bin/bash)
==2360==    by 0x15AB32: initialize_shell_variables (in /usr/bin/bash)
==2361==    by 0x157FED: ??? (in /usr/bin/bash)
==2361==    by 0x15805C: ??? (in /usr/bin/bash)
==2359==    by 0x158008: ??? (in /usr/bin/bash)
==2360==    by 0x138DC9: ??? (in /usr/bin/bash)
==2360==    by 0x137544: main (in /usr/bin/bash)
==2361==    by 0x15B112: initialize_shell_variables (in /usr/bin/bash)
==2361==    by 0x138DC9: ??? (in /usr/bin/bash)
==2359==    by 0x15805C: ??? (in /usr/bin/bash)
==2360== 
==2362== 
==2362== HEAP SUMMARY:
==2362==     in use at exit: 34,257 bytes in 387 blocks
==2362==   total heap usage: 587 allocs, 200 frees, 61,534 bytes allocated
==2362== 
==2361==    by 0x137544: main (in /usr/bin/bash)
==2361== 
==2359==    by 0x1AC4B0: set_bashopts (in /usr/bin/bash)
==2360== 32 bytes in 1 blocks are still reachable in loss record 160 of 304
==2360==    at 0x483B7F3: malloc (in /usr/lib/x86_64-linux-gnu/valgrind/vgpreload_memcheck-amd64-linux.so)
==2362== 1 bytes in 1 blocks are still reachable in loss record 1 of 304
==2362==    at 0x483B7F3: malloc (in /usr/lib/x86_64-linux-gnu/valgrind/vgpreload_memcheck-amd64-linux.so)
==2361== 8 bytes in 1 blocks are still reachable in loss record 66 of 304
==2361==    at 0x483B7F3: malloc (in /usr/lib/x86_64-linux-gnu/valgrind/vgpreload_memcheck-amd64-linux.so)
==2359==    by 0x138E1C: ??? (in /usr/bin/bash)
==2360==    by 0x1984F3: xmalloc (in /usr/bin/bash)
==2360==    by 0x17BBFB: hash_insert (in /usr/bin/bash)
==2362==    by 0x1984F3: xmalloc (in /usr/bin/bash)
==2362==    by 0x1920F9: set_locale_var (in /usr/bin/bash)
==2361==    by 0x1984F3: xmalloc (in /usr/bin/bash)
==2361==    by 0x1544D7: ??? (in /usr/bin/bash)
==2359==    by 0x137544: main (in /usr/bin/bash)
==2360==    by 0x158008: ??? (in /usr/bin/bash)
==2360==    by 0x15805C: ??? (in /usr/bin/bash)
==2362==    by 0x192302: set_default_lang (in /usr/bin/bash)
==2362==    by 0x137549: main (in /usr/bin/bash)
==2361==    by 0x157FCF: ??? (in /usr/bin/bash)
==2361==    by 0x15805C: ??? (in /usr/bin/bash)
==2359== 
==2360==    by 0x15AB65: initialize_shell_variables (in /usr/bin/bash)
==2360==    by 0x138DC9: ??? (in /usr/bin/bash)
==2362== 
==2362== 1 bytes in 1 blocks are still reachable in loss record 2 of 304
==2361==    by 0x15B205: initialize_shell_variables (in /usr/bin/bash)
==2361==    by 0x138DC9: ??? (in /usr/bin/bash)
==2359== 32 bytes in 1 blocks are still reachable in loss record 212 of 304
==2360==    by 0x137544: main (in /usr/bin/bash)
==2360== 
==2362==    at 0x483B7F3: malloc (in /usr/lib/x86_64-linux-gnu/valgrind/vgpreload_memcheck-amd64-linux.so)
==2362==    by 0x1984F3: xmalloc (in /usr/bin/bash)
==2361==    by 0x137544: main (in /usr/bin/bash)
==2361== 
==2359==    at 0x483B7F3: malloc (in /usr/lib/x86_64-linux-gnu/valgrind/vgpreload_memcheck-amd64-linux.so)
==2360== 32 bytes in 1 blocks are still reachable in loss record 161 of 304
==2360==    at 0x483B7F3: malloc (in /usr/lib/x86_64-linux-gnu/valgrind/vgpreload_memcheck-amd64-linux.so)
==2362==    by 0x191E21: set_lang (in /usr/bin/bash)
==2362==    by 0x137549: main (in /usr/bin/bash)
==2361== 8 bytes in 1 blocks are still reachable in loss record 67 of 304
==2361==    at 0x483B7F3: malloc (in /usr/lib/x86_64-linux-gnu/valgrind/vgpreload_memcheck-amd64-linux.so)
==2359==    by 0x1984F3: xmalloc (in /usr/bin/bash)
==2360==    by 0x1984F3: xmalloc (in /usr/bin/bash)
==2360==    by 0x17BBFB: hash_insert (in /usr/bin/bash)
==2362== 
==2362== 2 bytes in 1 blocks are still reachable in loss record 3 of 304
==2361==    by 0x1984F3: xmalloc (in /usr/bin/bash)
==2359==    by 0x183457: array_create_element (in /usr/bin/bash)
==2360==    by 0x158008: ??? (in /usr/bin/bash)
==2360==    by 0x15805C: ??? (in /usr/bin/bash)
==2362==    at 0x483B7F3: malloc (in /usr/lib/x86_64-linux-gnu/valgrind/vgpreload_memcheck-amd64-linux.so)
==2362==    by 0x1984F3: xmalloc (in /usr/bin/bash)
==2361==    by 0x157FED: ??? (in /usr/bin/bash)
==2359==    by 0x18367F: ??? (in /usr/bin/bash)
==2360==    by 0x15AB7A: initialize_shell_variables (in /usr/bin/bash)
==2360==    by 0x138DC9: ??? (in /usr/bin/bash)
==2362==    by 0x1544D7: ??? (in /usr/bin/bash)
==2362==    by 0x157FCF: ??? (in /usr/bin/bash)
==2361==    by 0x15805C: ??? (in /usr/bin/bash)
==2361==    by 0x15B205: initialize_shell_variables (in /usr/bin/bash)
==2359==    by 0x137C8C: main (in /usr/bin/bash)
==2360==    by 0x137544: main (in /usr/bin/bash)
==2360== 
==2362==    by 0x15805C: ??? (in /usr/bin/bash)
==2362==    by 0x15AB01: initialize_shell_variables (in /usr/bin/bash)
==2361==    by 0x138DC9: ??? (in /usr/bin/bash)
==2361==    by 0x137544: main (in /usr/bin/bash)
==2359== 
==2360== 32 bytes in 1 blocks are still reachable in loss record 162 of 304
==2360==    at 0x483B7F3: malloc (in /usr/lib/x86_64-linux-gnu/valgrind/vgpreload_memcheck-amd64-linux.so)
==2362==    by 0x138DC9: ??? (in /usr/bin/bash)
==2362==    by 0x137544: main (in /usr/bin/bash)
==2361== 
==2361== 8 bytes in 1 blocks are still reachable in loss record 68 of 304
==2359== 32 bytes in 1 blocks are still reachable in loss record 213 of 304
==2360==    by 0x1984F3: xmalloc (in /usr/bin/bash)
==2360==    by 0x17BBFB: hash_insert (in /usr/bin/bash)
==2362== 
==2362== 2 bytes in 1 blocks are still reachable in loss record 4 of 304
==2361==    at 0x483B7F3: malloc (in /usr/lib/x86_64-linux-gnu/valgrind/vgpreload_memcheck-amd64-linux.so)
==2361==    by 0x1984F3: xmalloc (in /usr/bin/bash)
==2359==    at 0x483B7F3: malloc (in /usr/lib/x86_64-linux-gnu/valgrind/vgpreload_memcheck-amd64-linux.so)
==2360==    by 0x158008: ??? (in /usr/bin/bash)
==2360==    by 0x15805C: ??? (in /usr/bin/bash)
==2362==    at 0x483B7F3: malloc (in /usr/lib/x86_64-linux-gnu/valgrind/vgpreload_memcheck-amd64-linux.so)
==2362==    by 0x1984F3: xmalloc (in /usr/bin/bash)
==2361==    by 0x1544D7: ??? (in /usr/bin/bash)
==2361==    by 0x157FCF: ??? (in /usr/bin/bash)
==2359==    by 0x1984F3: xmalloc (in /usr/bin/bash)
==2360==    by 0x15AB95: initialize_shell_variables (in /usr/bin/bash)
==2360==    by 0x138DC9: ??? (in /usr/bin/bash)
==2362==    by 0x157FED: ??? (in /usr/bin/bash)
==2362==    by 0x15805C: ??? (in /usr/bin/bash)
==2361==    by 0x15805C: ??? (in /usr/bin/bash)
==2361==    by 0x15B27B: initialize_shell_variables (in /usr/bin/bash)
==2359==    by 0x183457: array_create_element (in /usr/bin/bash)
==2360==    by 0x137544: main (in /usr/bin/bash)
==2360== 
==2362==    by 0x15AB01: initialize_shell_variables (in /usr/bin/bash)
==2362==    by 0x138DC9: ??? (in /usr/bin/bash)
==2361==    by 0x138DC9: ??? (in /usr/bin/bash)
==2361==    by 0x137544: main (in /usr/bin/bash)
==2359==    by 0x18367F: ??? (in /usr/bin/bash)
==2360== 32 bytes in 1 blocks are still reachable in loss record 163 of 304
==2360==    at 0x483B7F3: malloc (in /usr/lib/x86_64-linux-gnu/valgrind/vgpreload_memcheck-amd64-linux.so)
==2362==    by 0x137544: main (in /usr/bin/bash)
==2362== 
==2361== 
==2359==    by 0x137CB1: main (in /usr/bin/bash)
==2360==    by 0x1984F3: xmalloc (in /usr/bin/bash)
==2360==    by 0x17BBFB: hash_insert (in /usr/bin/bash)
==2362== 2 bytes in 1 blocks are still reachable in loss record 5 of 304
==2362==    at 0x483B7F3: malloc (in /usr/lib/x86_64-linux-gnu/valgrind/vgpreload_memcheck-amd64-linux.so)
==2361== 8 bytes in 1 blocks are still reachable in loss record 69 of 304
==2361==    at 0x483B7F3: malloc (in /usr/lib/x86_64-linux-gnu/valgrind/vgpreload_memcheck-amd64-linux.so)
==2359== 
==2360==    by 0x158008: ??? (in /usr/bin/bash)
==2360==    by 0x15805C: ??? (in /usr/bin/bash)
==2362==    by 0x1984F3: xmalloc (in /usr/bin/bash)
==2362==    by 0x156DA1: make_variable_value (in /usr/bin/bash)
==2361==    by 0x1984F3: xmalloc (in /usr/bin/bash)
==2359== 32 bytes in 1 blocks are still reachable in loss record 214 of 304
==2360==    by 0x15ABA8: initialize_shell_variables (in /usr/bin/bash)
==2360==    by 0x138DC9: ??? (in /usr/bin/bash)
==2362==    by 0x15806D: ??? (in /usr/bin/bash)
==2362==    by 0x15929E: adjust_shell_level (in /usr/bin/bash)
==2361==    by 0x157FED: ??? (in /usr/bin/bash)
==2361==    by 0x15805C: ??? (in /usr/bin/bash)
==2359==    at 0x483B7F3: malloc (in /usr/lib/x86_64-linux-gnu/valgrind/vgpreload_memcheck-amd64-linux.so)
==2360==    by 0x137544: main (in /usr/bin/bash)
==2360== 
==2362==    by 0x15AC10: initialize_shell_variables (in /usr/bin/bash)
==2362==    by 0x138DC9: ??? (in /usr/bin/bash)
==2361==    by 0x15B27B: initialize_shell_variables (in /usr/bin/bash)
==2361==    by 0x138DC9: ??? (in /usr/bin/bash)
==2359==    by 0x1984F3: xmalloc (in /usr/bin/bash)
==2360== 32 bytes in 1 blocks are still reachable in loss record 164 of 304
==2360==    at 0x483B7F3: malloc (in /usr/lib/x86_64-linux-gnu/valgrind/vgpreload_memcheck-amd64-linux.so)
==2362==    by 0x137544: main (in /usr/bin/bash)
==2362== 
==2361==    by 0x137544: main (in /usr/bin/bash)
==2361== 
==2359==    by 0x183457: array_create_element (in /usr/bin/bash)
==2360==    by 0x1984F3: xmalloc (in /usr/bin/bash)
==2360==    by 0x17BBFB: hash_insert (in /usr/bin/bash)
==2362== 2 bytes in 1 blocks are still reachable in loss record 6 of 304
==2362==    at 0x483B7F3: malloc (in /usr/lib/x86_64-linux-gnu/valgrind/vgpreload_memcheck-amd64-linux.so)
==2361== 9 bytes in 1 blocks are still reachable in loss record 70 of 304
==2361==    at 0x483B7F3: malloc (in /usr/lib/x86_64-linux-gnu/valgrind/vgpreload_memcheck-amd64-linux.so)
==2359==    by 0x18367F: ??? (in /usr/bin/bash)
==2360==    by 0x158008: ??? (in /usr/bin/bash)
==2360==    by 0x15805C: ??? (in /usr/bin/bash)
==2362==    by 0x1984F3: xmalloc (in /usr/bin/bash)
==2362==    by 0x156DA1: make_variable_value (in /usr/bin/bash)
==2361==    by 0x1984F3: xmalloc (in /usr/bin/bash)
==2361==    by 0x1544D7: ??? (in /usr/bin/bash)
==2359==    by 0x137CCD: main (in /usr/bin/bash)
==2360==    by 0x15ABBB: initialize_shell_variables (in /usr/bin/bash)
==2360==    by 0x138DC9: ??? (in /usr/bin/bash)
==2362==    by 0x15806D: ??? (in /usr/bin/bash)
==2362==    by 0x15AC2A: initialize_shell_variables (in /usr/bin/bash)
==2361==    by 0x157FCF: ??? (in /usr/bin/bash)
==2361==    by 0x15805C: ??? (in /usr/bin/bash)
==2359== 
==2360==    by 0x137544: main (in /usr/bin/bash)
==2360== 
==2362==    by 0x138DC9: ??? (in /usr/bin/bash)
==2362==    by 0x137544: main (in /usr/bin/bash)
==2361==    by 0x15AB95: initialize_shell_variables (in /usr/bin/bash)
==2361==    by 0x138DC9: ??? (in /usr/bin/bash)
==2359== 32 bytes in 1 blocks are still reachable in loss record 215 of 304
==2360== 32 bytes in 1 blocks are still reachable in loss record 165 of 304
==2360==    at 0x483B7F3: malloc (in /usr/lib/x86_64-linux-gnu/valgrind/vgpreload_memcheck-amd64-linux.so)
==2362== 
==2362== 2 bytes in 1 blocks are still reachable in loss record 7 of 304
==2361==    by 0x137544: main (in /usr/bin/bash)
==2361== 
==2359==    at 0x483B7F3: malloc (in /usr/lib/x86_64-linux-gnu/valgrind/vgpreload_memcheck-amd64-linux.so)
==2360==    by 0x1984F3: xmalloc (in /usr/bin/bash)
==2360==    by 0x17BBFB: hash_insert (in /usr/bin/bash)
==2362==    at 0x483B7F3: malloc (in /usr/lib/x86_64-linux-gnu/valgrind/vgpreload_memcheck-amd64-linux.so)
==2362==    by 0x1984F3: xmalloc (in /usr/bin/bash)
==2361== 9 bytes in 1 blocks are still reachable in loss record 71 of 304
==2361==    at 0x483B7F3: malloc (in /usr/lib/x86_64-linux-gnu/valgrind/vgpreload_memcheck-amd64-linux.so)
==2359==    by 0x1984F3: xmalloc (in /usr/bin/bash)
==2360==    by 0x158008: ??? (in /usr/bin/bash)
==2360==    by 0x15805C: ??? (in /usr/bin/bash)
==2362==    by 0x156DA1: make_variable_value (in /usr/bin/bash)
==2362==    by 0x15806D: ??? (in /usr/bin/bash)
==2361==    by 0x1984F3: xmalloc (in /usr/bin/bash)
==2361==    by 0x157FED: ??? (in /usr/bin/bash)
==2359==    by 0x17EFE9: ??? (in /usr/bin/bash)
==2360==    by 0x15ABCE: initialize_shell_variables (in /usr/bin/bash)
==2360==    by 0x138DC9: ??? (in /usr/bin/bash)
==2362==    by 0x15AC4A: initialize_shell_variables (in /usr/bin/bash)
==2362==    by 0x138DC9: ??? (in /usr/bin/bash)
==2361==    by 0x15805C: ??? (in /usr/bin/bash)
==2361==    by 0x15AB95: initialize_shell_variables (in /usr/bin/bash)
==2359==    by 0x17F2CE: begin_unwind_frame (in /usr/bin/bash)
==2360==    by 0x137544: main (in /usr/bin/bash)
==2360== 
==2362==    by 0x137544: main (in /usr/bin/bash)
==2362== 
==2361==    by 0x138DC9: ??? (in /usr/bin/bash)
==2361==    by 0x137544: main (in /usr/bin/bash)
==2359==    by 0x1519B1: execute_command (in /usr/bin/bash)
==2360== 32 bytes in 1 blocks are still reachable in loss record 166 of 304
==2360==    at 0x483B7F3: malloc (in /usr/lib/x86_64-linux-gnu/valgrind/vgpreload_memcheck-amd64-linux.so)
==2362== 2 bytes in 1 blocks are still reachable in loss record 8 of 304
==2362==    at 0x483B7F3: malloc (in /usr/lib/x86_64-linux-gnu/valgrind/vgpreload_memcheck-amd64-linux.so)
==2361== 
==2361== 9 bytes in 1 blocks are still reachable in loss record 72 of 304
==2359==    by 0x139664: reader_loop (in /usr/bin/bash)
==2360==    by 0x1984F3: xmalloc (in /usr/bin/bash)
==2360==    by 0x17BBFB: hash_insert (in /usr/bin/bash)
==2362==    by 0x1984F3: xmalloc (in /usr/bin/bash)
==2362==    by 0x183473: array_create_element (in /usr/bin/bash)
==2361==    at 0x483B7F3: malloc (in /usr/lib/x86_64-linux-gnu/valgrind/vgpreload_memcheck-amd64-linux.so)
==2361==    by 0x1984F3: xmalloc (in /usr/bin/bash)
==2359==    by 0x137EF8: main (in /usr/bin/bash)
==2360==    by 0x158008: ??? (in /usr/bin/bash)
==2360==    by 0x15805C: ??? (in /usr/bin/bash)
==2362==    by 0x183987: array_insert (in /usr/bin/bash)
==2362==    by 0x15AF24: initialize_shell_variables (in /usr/bin/bash)
==2361==    by 0x1544D7: ??? (in /usr/bin/bash)
==2361==    by 0x157FCF: ??? (in /usr/bin/bash)
==2359== 
==2360==    by 0x15929E: adjust_shell_level (in /usr/bin/bash)
==2360==    by 0x15AC10: initialize_shell_variables (in /usr/bin/bash)
==2362==    by 0x138DC9: ??? (in /usr/bin/bash)
==2362==    by 0x137544: main (in /usr/bin/bash)
==2361==    by 0x15805C: ??? (in /usr/bin/bash)
==2361==    by 0x15ABBB: initialize_shell_variables (in /usr/bin/bash)
==2359== 32 bytes in 1 blocks are still reachable in loss record 216 of 304
==2360==    by 0x138DC9: ??? (in /usr/bin/bash)
==2360==    by 0x137544: main (in /usr/bin/bash)
==2362== 
==2362== 2 bytes in 1 blocks are still reachable in loss record 9 of 304
==2361==    by 0x138DC9: ??? (in /usr/bin/bash)
==2361==    by 0x137544: main (in /usr/bin/bash)
==2359==    at 0x483B7F3: malloc (in /usr/lib/x86_64-linux-gnu/valgrind/vgpreload_memcheck-amd64-linux.so)
==2360== 
==2360== 32 bytes in 1 blocks are still reachable in loss record 167 of 304
==2362==    at 0x483B7F3: malloc (in /usr/lib/x86_64-linux-gnu/valgrind/vgpreload_memcheck-amd64-linux.so)
==2362==    by 0x1984F3: xmalloc (in /usr/bin/bash)
==2361== 
==2361== 9 bytes in 1 blocks are still reachable in loss record 73 of 304
==2359==    by 0x1984F3: xmalloc (in /usr/bin/bash)
==2360==    at 0x483B7F3: malloc (in /usr/lib/x86_64-linux-gnu/valgrind/vgpreload_memcheck-amd64-linux.so)
==2360==    by 0x1984F3: xmalloc (in /usr/bin/bash)
==2362==    by 0x183473: array_create_element (in /usr/bin/bash)
==2362==    by 0x183987: array_insert (in /usr/bin/bash)
==2361==    at 0x483B7F3: malloc (in /usr/lib/x86_64-linux-gnu/valgrind/vgpreload_memcheck-amd64-linux.so)
==2361==    by 0x1984F3: xmalloc (in /usr/bin/bash)
==2359==    by 0x17EFE9: ??? (in /usr/bin/bash)
==2360==    by 0x17BBFB: hash_insert (in /usr/bin/bash)
==2360==    by 0x158008: ??? (in /usr/bin/bash)
==2362==    by 0x15AF34: initialize_shell_variables (in /usr/bin/bash)
==2362==    by 0x138DC9: ??? (in /usr/bin/bash)
==2361==    by 0x157FED: ??? (in /usr/bin/bash)
==2361==    by 0x15805C: ??? (in /usr/bin/bash)
==2359==    by 0x17F4C9: add_unwind_protect (in /usr/bin/bash)
==2360==    by 0x15805C: ??? (in /usr/bin/bash)
==2360==    by 0x159628: set_ppid (in /usr/bin/bash)
==2362==    by 0x137544: main (in /usr/bin/bash)
==2362== 
==2361==    by 0x15ABBB: initialize_shell_variables (in /usr/bin/bash)
==2359==    by 0x1519C2: execute_command (in /usr/bin/bash)
==2360==    by 0x15AC15: initialize_shell_variables (in /usr/bin/bash)
==2360==    by 0x138DC9: ??? (in /usr/bin/bash)
==2362== 2 bytes in 1 blocks are still reachable in loss record 10 of 304
==2362==    at 0x483B7F3: malloc (in /usr/lib/x86_64-linux-gnu/valgrind/vgpreload_memcheck-amd64-linux.so)
==2361==    by 0x138DC9: ??? (in /usr/bin/bash)
==2361==    by 0x137544: main (in /usr/bin/bash)
==2359==    by 0x139664: reader_loop (in /usr/bin/bash)
==2360==    by 0x137544: main (in /usr/bin/bash)
==2360== 
==2362==    by 0x1984F3: xmalloc (in /usr/bin/bash)
==2362==    by 0x183473: array_create_element (in /usr/bin/bash)
==2361== 
==2361== 9 bytes in 1 blocks are still reachable in loss record 74 of 304
==2359==    by 0x137EF8: main (in /usr/bin/bash)
==2360== 32 bytes in 1 blocks are still reachable in loss record 168 of 304
==2360==    at 0x483B7F3: malloc (in /usr/lib/x86_64-linux-gnu/valgrind/vgpreload_memcheck-amd64-linux.so)
==2362==    by 0x183987: array_insert (in /usr/bin/bash)
==2362==    by 0x15AF81: initialize_shell_variables (in /usr/bin/bash)
==2361==    at 0x483B7F3: malloc (in /usr/lib/x86_64-linux-gnu/valgrind/vgpreload_memcheck-amd64-linux.so)
==2361==    by 0x1984F3: xmalloc (in /usr/bin/bash)
==2359== 
==2360==    by 0x1984F3: xmalloc (in /usr/bin/bash)
==2360==    by 0x17BBFB: hash_insert (in /usr/bin/bash)
==2362==    by 0x138DC9: ??? (in /usr/bin/bash)
==2362==    by 0x137544: main (in /usr/bin/bash)
==2361==    by 0x1544D7: ??? (in /usr/bin/bash)
==2359== 32 bytes in 1 blocks are still reachable in loss record 217 of 304
==2360==    by 0x158008: ??? (in /usr/bin/bash)
==2360==    by 0x15805C: ??? (in /usr/bin/bash)
==2362== 
==2362== 2 bytes in 1 blocks are still reachable in loss record 11 of 304
==2361==    by 0x157FCF: ??? (in /usr/bin/bash)
==2361==    by 0x15805C: ??? (in /usr/bin/bash)
==2359==    at 0x483B7F3: malloc (in /usr/lib/x86_64-linux-gnu/valgrind/vgpreload_memcheck-amd64-linux.so)
==2360==    by 0x15AC2A: initialize_shell_variables (in /usr/bin/bash)
==2360==    by 0x138DC9: ??? (in /usr/bin/bash)
==2362==    at 0x483B7F3: malloc (in /usr/lib/x86_64-linux-gnu/valgrind/vgpreload_memcheck-amd64-linux.so)
==2362==    by 0x1984F3: xmalloc (in /usr/bin/bash)
==2361==    by 0x15ABCE: initialize_shell_variables (in /usr/bin/bash)
==2361==    by 0x138DC9: ??? (in /usr/bin/bash)
==2359==    by 0x1984F3: xmalloc (in /usr/bin/bash)
==2360==    by 0x137544: main (in /usr/bin/bash)
==2360== 
==2362==    by 0x156DA1: make_variable_value (in /usr/bin/bash)
==2362==    by 0x15806D: ??? (in /usr/bin/bash)
==2361==    by 0x137544: main (in /usr/bin/bash)
==2361== 
==2359==    by 0x17EFE9: ??? (in /usr/bin/bash)
==2360== 32 bytes in 1 blocks are still reachable in loss record 169 of 304
==2360==    at 0x483B7F3: malloc (in /usr/lib/x86_64-linux-gnu/valgrind/vgpreload_memcheck-amd64-linux.so)
==2362==    by 0x15B7C8: initialize_shell_variables (in /usr/bin/bash)
==2362==    by 0x138DC9: ??? (in /usr/bin/bash)
==2361== 9 bytes in 1 blocks are still reachable in loss record 75 of 304
==2359==    by 0x17F2CE: begin_unwind_frame (in /usr/bin/bash)
==2360==    by 0x1984F3: xmalloc (in /usr/bin/bash)
==2360==    by 0x17BBFB: hash_insert (in /usr/bin/bash)
==2362==    by 0x137544: main (in /usr/bin/bash)
==2362== 
==2361==    at 0x483B7F3: malloc (in /usr/lib/x86_64-linux-gnu/valgrind/vgpreload_memcheck-amd64-linux.so)
==2361==    by 0x1984F3: xmalloc (in /usr/bin/bash)
==2359==    by 0x14FB5D: execute_command_internal (in /usr/bin/bash)
==2360==    by 0x158008: ??? (in /usr/bin/bash)
==2360==    by 0x15805C: ??? (in /usr/bin/bash)
==2362== 2 bytes in 1 blocks are still reachable in loss record 12 of 304
==2361==    by 0x157FED: ??? (in /usr/bin/bash)
==2361==    by 0x15805C: ??? (in /usr/bin/bash)
==2359==    by 0x1519D9: execute_command (in /usr/bin/bash)
==2360==    by 0x15AC4A: initialize_shell_variables (in /usr/bin/bash)
==2360==    by 0x138DC9: ??? (in /usr/bin/bash)
==2362==    at 0x483B7F3: malloc (in /usr/lib/x86_64-linux-gnu/valgrind/vgpreload_memcheck-amd64-linux.so)
==2362==    by 0x1984F3: xmalloc (in /usr/bin/bash)
==2361==    by 0x15ABCE: initialize_shell_variables (in /usr/bin/bash)
==2361==    by 0x138DC9: ??? (in /usr/bin/bash)
==2359==    by 0x139664: reader_loop (in /usr/bin/bash)
==2360==    by 0x137544: main (in /usr/bin/bash)
==2360== 
==2362==    by 0x156DA1: make_variable_value (in /usr/bin/bash)
==2362==    by 0x15806D: ??? (in /usr/bin/bash)
==2361==    by 0x137544: main (in /usr/bin/bash)
==2361== 
==2359==    by 0x137EF8: main (in /usr/bin/bash)
==2360== 32 bytes in 1 blocks are still reachable in loss record 170 of 304
==2360==    at 0x483B7F3: malloc (in /usr/lib/x86_64-linux-gnu/valgrind/vgpreload_memcheck-amd64-linux.so)
==2362==    by 0x15B7AE: initialize_shell_variables (in /usr/bin/bash)
==2362==    by 0x138DC9: ??? (in /usr/bin/bash)
==2361== 9 bytes in 1 blocks are still reachable in loss record 76 of 304
==2361==    at 0x483B7F3: malloc (in /usr/lib/x86_64-linux-gnu/valgrind/vgpreload_memcheck-amd64-linux.so)
==2359== 
==2360==    by 0x1984F3: xmalloc (in /usr/bin/bash)
==2360==    by 0x17BBFB: hash_insert (in /usr/bin/bash)
==2362==    by 0x137544: main (in /usr/bin/bash)
==2362== 
==2361==    by 0x1984F3: xmalloc (in /usr/bin/bash)
==2361==    by 0x1544D7: ??? (in /usr/bin/bash)
==2359== 32 bytes in 1 blocks are still reachable in loss record 218 of 304
==2360==    by 0x158008: ??? (in /usr/bin/bash)
==2360==    by 0x15805C: ??? (in /usr/bin/bash)
==2362== 2 bytes in 1 blocks are still reachable in loss record 13 of 304
==2362==    at 0x483B7F3: malloc (in /usr/lib/x86_64-linux-gnu/valgrind/vgpreload_memcheck-amd64-linux.so)
==2361==    by 0x157FCF: ??? (in /usr/bin/bash)
==2359==    at 0x483B7F3: malloc (in /usr/lib/x86_64-linux-gnu/valgrind/vgpreload_memcheck-amd64-linux.so)
==2360==    by 0x15AE90: initialize_shell_variables (in /usr/bin/bash)
==2360==    by 0x138DC9: ??? (in /usr/bin/bash)
==2362==    by 0x1984F3: xmalloc (in /usr/bin/bash)
==2362==    by 0x183473: array_create_element (in /usr/bin/bash)
==2361==    by 0x158D55: make_new_array_variable (in /usr/bin/bash)
==2361==    by 0x158DA7: ??? (in /usr/bin/bash)
==2359==    by 0x1984F3: xmalloc (in /usr/bin/bash)
==2360==    by 0x137544: main (in /usr/bin/bash)
==2360== 
==2362==    by 0x18367F: ??? (in /usr/bin/bash)
==2362==    by 0x137CB1: main (in /usr/bin/bash)
==2361==    by 0x15B2CD: initialize_shell_variables (in /usr/bin/bash)
==2361==    by 0x138DC9: ??? (in /usr/bin/bash)
==2359==    by 0x17EFE9: ??? (in /usr/bin/bash)
==2360== 32 bytes in 1 blocks are still reachable in loss record 171 of 304
==2360==    at 0x483B7F3: malloc (in /usr/lib/x86_64-linux-gnu/valgrind/vgpreload_memcheck-amd64-linux.so)
==2362== 
==2362== 2 bytes in 1 blocks are still reachable in loss record 14 of 304
==2361==    by 0x137544: main (in /usr/bin/bash)
==2361== 
==2359==    by 0x17F4C9: add_unwind_protect (in /usr/bin/bash)
==2360==    by 0x1984F3: xmalloc (in /usr/bin/bash)
==2360==    by 0x17BBFB: hash_insert (in /usr/bin/bash)
==2362==    at 0x483B7F3: malloc (in /usr/lib/x86_64-linux-gnu/valgrind/vgpreload_memcheck-amd64-linux.so)
==2362==    by 0x1984F3: xmalloc (in /usr/bin/bash)
==2361== 9 bytes in 1 blocks are still reachable in loss record 77 of 304
==2359==    by 0x14FBF2: execute_command_internal (in /usr/bin/bash)
==2360==    by 0x158008: ??? (in /usr/bin/bash)
==2360==    by 0x15805C: ??? (in /usr/bin/bash)
==2362==    by 0x1B7D71: itos (in /usr/bin/bash)
==2362==    by 0x15C13B: set_pipestatus_array (in /usr/bin/bash)
==2361==    at 0x483B7F3: malloc (in /usr/lib/x86_64-linux-gnu/valgrind/vgpreload_memcheck-amd64-linux.so)
==2361==    by 0x1984F3: xmalloc (in /usr/bin/bash)
==2359==    by 0x1519D9: execute_command (in /usr/bin/bash)
==2360==    by 0x15B635: initialize_shell_variables (in /usr/bin/bash)
==2360==    by 0x138DC9: ??? (in /usr/bin/bash)
==2362==    by 0x15172F: execute_command_internal (in /usr/bin/bash)
==2362==    by 0x1519D9: execute_command (in /usr/bin/bash)
==2361==    by 0x157FED: ??? (in /usr/bin/bash)
==2361==    by 0x158D55: make_new_array_variable (in /usr/bin/bash)
==2359==    by 0x139664: reader_loop (in /usr/bin/bash)
==2360==    by 0x137544: main (in /usr/bin/bash)
==2360== 
==2362==    by 0x139664: reader_loop (in /usr/bin/bash)
==2362==    by 0x137EF8: main (in /usr/bin/bash)
==2361==    by 0x158DA7: ??? (in /usr/bin/bash)
==2361==    by 0x15B2CD: initialize_shell_variables (in /usr/bin/bash)
==2359==    by 0x137EF8: main (in /usr/bin/bash)
==2360== 32 bytes in 1 blocks are still reachable in loss record 172 of 304
==2360==    at 0x483B7F3: malloc (in /usr/lib/x86_64-linux-gnu/valgrind/vgpreload_memcheck-amd64-linux.so)
==2362== 
==2362== 2 bytes in 1 blocks are definitely lost in loss record 15 of 304
==2361==    by 0x138DC9: ??? (in /usr/bin/bash)
==2361==    by 0x137544: main (in /usr/bin/bash)
==2359== 
==2360==    by 0x1984F3: xmalloc (in /usr/bin/bash)
==2360==    by 0x17BBFB: hash_insert (in /usr/bin/bash)
==2362==    at 0x483B7F3: malloc (in /usr/lib/x86_64-linux-gnu/valgrind/vgpreload_memcheck-amd64-linux.so)
==2362==    by 0x1984F3: xmalloc (in /usr/bin/bash)
==2361== 
==2361== 9 bytes in 1 blocks are still reachable in loss record 78 of 304
==2359== 32 bytes in 1 blocks are still reachable in loss record 219 of 304
==2360==    by 0x158008: ??? (in /usr/bin/bash)
==2360==    by 0x15805C: ??? (in /usr/bin/bash)
==2362==    by 0x19196E: set_default_locale (in /usr/bin/bash)
==2362==    by 0x136C8A: main (in /usr/bin/bash)
==2361==    at 0x483B7F3: malloc (in /usr/lib/x86_64-linux-gnu/valgrind/vgpreload_memcheck-amd64-linux.so)
==2361==    by 0x1984F3: xmalloc (in /usr/bin/bash)
==2359==    at 0x483B7F3: malloc (in /usr/lib/x86_64-linux-gnu/valgrind/vgpreload_memcheck-amd64-linux.so)
==2360==    by 0x15AECB: initialize_shell_variables (in /usr/bin/bash)
==2360==    by 0x138DC9: ??? (in /usr/bin/bash)
==2362== 
==2362== 3 bytes in 1 blocks are still reachable in loss record 16 of 304
==2361==    by 0x1544D7: ??? (in /usr/bin/bash)
==2361==    by 0x157FCF: ??? (in /usr/bin/bash)
==2359==    by 0x1984F3: xmalloc (in /usr/bin/bash)
==2360==    by 0x137544: main (in /usr/bin/bash)
==2360== 
==2362==    at 0x483B7F3: malloc (in /usr/lib/x86_64-linux-gnu/valgrind/vgpreload_memcheck-amd64-linux.so)
==2362==    by 0x1984F3: xmalloc (in /usr/bin/bash)
==2361==    by 0x158D55: make_new_array_variable (in /usr/bin/bash)
==2361==    by 0x15B64D: initialize_shell_variables (in /usr/bin/bash)
==2359==    by 0x17EFE9: ??? (in /usr/bin/bash)
==2360== 32 bytes in 1 blocks are still reachable in loss record 173 of 304
==2360==    at 0x483B7F3: malloc (in /usr/lib/x86_64-linux-gnu/valgrind/vgpreload_memcheck-amd64-linux.so)
==2362==    by 0x156DA1: make_variable_value (in /usr/bin/bash)
==2362==    by 0x15806D: ??? (in /usr/bin/bash)
==2361==    by 0x138DC9: ??? (in /usr/bin/bash)
==2359==    by 0x17F2CE: begin_unwind_frame (in /usr/bin/bash)
==2360==    by 0x1984F3: xmalloc (in /usr/bin/bash)
==2360==    by 0x17BBFB: hash_insert (in /usr/bin/bash)
==2362==    by 0x15AB65: initialize_shell_variables (in /usr/bin/bash)
==2362==    by 0x138DC9: ??? (in /usr/bin/bash)
==2361==    by 0x137544: main (in /usr/bin/bash)
==2361== 
==2359==    by 0x151400: execute_command_internal (in /usr/bin/bash)
==2360==    by 0x158008: ??? (in /usr/bin/bash)
==2360==    by 0x158D55: make_new_array_variable (in /usr/bin/bash)
==2362==    by 0x137544: main (in /usr/bin/bash)
==2362== 
==2361== 9 bytes in 1 blocks are still reachable in loss record 79 of 304
==2361==    at 0x483B7F3: malloc (in /usr/lib/x86_64-linux-gnu/valgrind/vgpreload_memcheck-amd64-linux.so)
==2359==    by 0x1519D9: execute_command (in /usr/bin/bash)
==2360==    by 0x15AEE3: initialize_shell_variables (in /usr/bin/bash)
==2360==    by 0x138DC9: ??? (in /usr/bin/bash)
==2362== 3 bytes in 1 blocks are still reachable in loss record 17 of 304
==2362==    at 0x483B7F3: malloc (in /usr/lib/x86_64-linux-gnu/valgrind/vgpreload_memcheck-amd64-linux.so)
==2361==    by 0x1984F3: xmalloc (in /usr/bin/bash)
==2359==    by 0x139664: reader_loop (in /usr/bin/bash)
==2360==    by 0x137544: main (in /usr/bin/bash)
==2360== 
==2362==    by 0x1984F3: xmalloc (in /usr/bin/bash)
==2362==    by 0x183473: array_create_element (in /usr/bin/bash)
==2361==    by 0x157FED: ??? (in /usr/bin/bash)
==2359==    by 0x137EF8: main (in /usr/bin/bash)
==2360== 32 bytes in 1 blocks are still reachable in loss record 174 of 304
==2360==    at 0x483B7F3: malloc (in /usr/lib/x86_64-linux-gnu/valgrind/vgpreload_memcheck-amd64-linux.so)
==2362==    by 0x183987: array_insert (in /usr/bin/bash)
==2362==    by 0x15AF5D: initialize_shell_variables (in /usr/bin/bash)
==2361==    by 0x158D55: make_new_array_variable (in /usr/bin/bash)
==2359== 
==2360==    by 0x1984F3: xmalloc (in /usr/bin/bash)
==2360==    by 0x183457: array_create_element (in /usr/bin/bash)
==2362==    by 0x138DC9: ??? (in /usr/bin/bash)
==2362==    by 0x137544: main (in /usr/bin/bash)
==2361==    by 0x15B64D: initialize_shell_variables (in /usr/bin/bash)
==2361==    by 0x138DC9: ??? (in /usr/bin/bash)
==2359== 32 bytes in 1 blocks are still reachable in loss record 220 of 304
==2360==    by 0x1834ED: array_create (in /usr/bin/bash)
==2360==    by 0x158D5D: make_new_array_variable (in /usr/bin/bash)
==2362== 
==2362== 3 bytes in 1 blocks are still reachable in loss record 18 of 304
==2361==    by 0x137544: main (in /usr/bin/bash)
==2361== 
==2359==    at 0x483B7F3: malloc (in /usr/lib/x86_64-linux-gnu/valgrind/vgpreload_memcheck-amd64-linux.so)
==2360==    by 0x15AEE3: initialize_shell_variables (in /usr/bin/bash)
==2362==    at 0x483B7F3: malloc (in /usr/lib/x86_64-linux-gnu/valgrind/vgpreload_memcheck-amd64-linux.so)
==2362==    by 0x1984F3: xmalloc (in /usr/bin/bash)
==2361== 9 bytes in 1 blocks are still reachable in loss record 80 of 304
==2361==    at 0x483B7F3: malloc (in /usr/lib/x86_64-linux-gnu/valgrind/vgpreload_memcheck-amd64-linux.so)
==2359==    by 0x1984F3: xmalloc (in /usr/bin/bash)
==2360==    by 0x138DC9: ??? (in /usr/bin/bash)
==2360==    by 0x137544: main (in /usr/bin/bash)
==2362==    by 0x156DA1: make_variable_value (in /usr/bin/bash)
==2362==    by 0x15844D: ??? (in /usr/bin/bash)
==2361==    by 0x1984F3: xmalloc (in /usr/bin/bash)
==2361==    by 0x1544D7: ??? (in /usr/bin/bash)
==2359==    by 0x17BBFB: hash_insert (in /usr/bin/bash)
==2360== 
==2360== 32 bytes in 1 blocks are still reachable in loss record 175 of 304
==2362==    by 0x14C342: ??? (in /usr/bin/bash)
==2362==    by 0x150B52: execute_command_internal (in /usr/bin/bash)
==2361==    by 0x157FCF: ??? (in /usr/bin/bash)
==2359==    by 0x158008: ??? (in /usr/bin/bash)
==2360==    at 0x483B7F3: malloc (in /usr/lib/x86_64-linux-gnu/valgrind/vgpreload_memcheck-amd64-linux.so)
==2360==    by 0x1984F3: xmalloc (in /usr/bin/bash)
==2362==    by 0x1519D9: execute_command (in /usr/bin/bash)
==2362==    by 0x139664: reader_loop (in /usr/bin/bash)
==2361==    by 0x15805C: ??? (in /usr/bin/bash)
==2361==    by 0x1AC4B0: set_bashopts (in /usr/bin/bash)
==2359==    by 0x158D55: make_new_array_variable (in /usr/bin/bash)
==2360==    by 0x183457: array_create_element (in /usr/bin/bash)
==2360==    by 0x183987: array_insert (in /usr/bin/bash)
==2362==    by 0x137EF8: main (in /usr/bin/bash)
==2362== 
==2361==    by 0x138E1C: ??? (in /usr/bin/bash)
==2361==    by 0x137544: main (in /usr/bin/bash)
==2359==    by 0x15C10B: set_pipestatus_array (in /usr/bin/bash)
==2360==    by 0x15AF24: initialize_shell_variables (in /usr/bin/bash)
==2360==    by 0x138DC9: ??? (in /usr/bin/bash)
==2362== 3 bytes in 3 blocks are still reachable in loss record 19 of 304
==2362==    at 0x483B7F3: malloc (in /usr/lib/x86_64-linux-gnu/valgrind/vgpreload_memcheck-amd64-linux.so)
==2361== 
==2359==    by 0x15172F: execute_command_internal (in /usr/bin/bash)
==2360==    by 0x137544: main (in /usr/bin/bash)
==2360== 
==2362==    by 0x1984F3: xmalloc (in /usr/bin/bash)
==2362==    by 0x156DE1: make_variable_value (in /usr/bin/bash)
==2361== 9 bytes in 1 blocks are still reachable in loss record 81 of 304
==2361==    at 0x483B7F3: malloc (in /usr/lib/x86_64-linux-gnu/valgrind/vgpreload_memcheck-amd64-linux.so)
==2359==    by 0x1519D9: execute_command (in /usr/bin/bash)
==2360== 32 bytes in 1 blocks are still reachable in loss record 176 of 304
==2360==    at 0x483B7F3: malloc (in /usr/lib/x86_64-linux-gnu/valgrind/vgpreload_memcheck-amd64-linux.so)
==2362==    by 0x15806D: ??? (in /usr/bin/bash)
==2362==    by 0x15AD0C: initialize_shell_variables (in /usr/bin/bash)
==2361==    by 0x1984F3: xmalloc (in /usr/bin/bash)
==2361==    by 0x157FED: ??? (in /usr/bin/bash)
==2359==    by 0x139664: reader_loop (in /usr/bin/bash)
==2360==    by 0x1984F3: xmalloc (in /usr/bin/bash)
==2360==    by 0x183457: array_create_element (in /usr/bin/bash)
==2362==    by 0x138DC9: ??? (in /usr/bin/bash)
==2362==    by 0x137544: main (in /usr/bin/bash)
==2361==    by 0x15805C: ??? (in /usr/bin/bash)
==2361==    by 0x1AC4B0: set_bashopts (in /usr/bin/bash)
==2359==    by 0x137EF8: main (in /usr/bin/bash)
==2360==    by 0x183987: array_insert (in /usr/bin/bash)
==2360==    by 0x15AF34: initialize_shell_variables (in /usr/bin/bash)
==2362== 
==2362== 4 bytes in 1 blocks are still reachable in loss record 20 of 304
==2361==    by 0x138E1C: ??? (in /usr/bin/bash)
==2361==    by 0x137544: main (in /usr/bin/bash)
==2359== 
==2360==    by 0x138DC9: ??? (in /usr/bin/bash)
==2360==    by 0x137544: main (in /usr/bin/bash)
==2362==    at 0x483B7F3: malloc (in /usr/lib/x86_64-linux-gnu/valgrind/vgpreload_memcheck-amd64-linux.so)
==2362==    by 0x1984F3: xmalloc (in /usr/bin/bash)
==2361== 
==2359== 32 bytes in 1 blocks are still reachable in loss record 221 of 304
==2360== 
==2360== 32 bytes in 1 blocks are still reachable in loss record 177 of 304
==2362==    by 0x1544D7: ??? (in /usr/bin/bash)
==2362==    by 0x157FCF: ??? (in /usr/bin/bash)
==2361== 10 bytes in 1 blocks are still reachable in loss record 82 of 304
==2361==    at 0x483B7F3: malloc (in /usr/lib/x86_64-linux-gnu/valgrind/vgpreload_memcheck-amd64-linux.so)
==2359==    at 0x483B7F3: malloc (in /usr/lib/x86_64-linux-gnu/valgrind/vgpreload_memcheck-amd64-linux.so)
==2360==    at 0x483B7F3: malloc (in /usr/lib/x86_64-linux-gnu/valgrind/vgpreload_memcheck-amd64-linux.so)
==2360==    by 0x1984F3: xmalloc (in /usr/bin/bash)
==2362==    by 0x15805C: ??? (in /usr/bin/bash)
==2362==    by 0x159447: set_pwd (in /usr/bin/bash)
==2361==    by 0x1984F3: xmalloc (in /usr/bin/bash)
==2361==    by 0x156DA1: make_variable_value (in /usr/bin/bash)
==2359==    by 0x1984F3: xmalloc (in /usr/bin/bash)
==2360==    by 0x183457: array_create_element (in /usr/bin/bash)
==2360==    by 0x183987: array_insert (in /usr/bin/bash)
==2362==    by 0x15AAEE: initialize_shell_variables (in /usr/bin/bash)
==2362==    by 0x138DC9: ??? (in /usr/bin/bash)
==2361==    by 0x15806D: ??? (in /usr/bin/bash)
==2361==    by 0x15ABA8: initialize_shell_variables (in /usr/bin/bash)
==2359==    by 0x183457: array_create_element (in /usr/bin/bash)
==2360==    by 0x15AF5D: initialize_shell_variables (in /usr/bin/bash)
==2360==    by 0x138DC9: ??? (in /usr/bin/bash)
==2362==    by 0x137544: main (in /usr/bin/bash)
==2362== 
==2361==    by 0x138DC9: ??? (in /usr/bin/bash)
==2361==    by 0x137544: main (in /usr/bin/bash)
==2359==    by 0x1834ED: array_create (in /usr/bin/bash)
==2360==    by 0x137544: main (in /usr/bin/bash)
==2360== 
==2362== 4 bytes in 1 blocks are still reachable in loss record 21 of 304
==2362==    at 0x483B7F3: malloc (in /usr/lib/x86_64-linux-gnu/valgrind/vgpreload_memcheck-amd64-linux.so)
==2361== 
==2359==    by 0x158D5D: make_new_array_variable (in /usr/bin/bash)
==2360== 32 bytes in 1 blocks are still reachable in loss record 178 of 304
==2360==    at 0x483B7F3: malloc (in /usr/lib/x86_64-linux-gnu/valgrind/vgpreload_memcheck-amd64-linux.so)
==2362==    by 0x1984F3: xmalloc (in /usr/bin/bash)
==2362==    by 0x157FED: ??? (in /usr/bin/bash)
==2361== 10 bytes in 1 blocks are still reachable in loss record 83 of 304
==2361==    at 0x483B7F3: malloc (in /usr/lib/x86_64-linux-gnu/valgrind/vgpreload_memcheck-amd64-linux.so)
==2359==    by 0x15C10B: set_pipestatus_array (in /usr/bin/bash)
==2360==    by 0x1984F3: xmalloc (in /usr/bin/bash)
==2360==    by 0x183457: array_create_element (in /usr/bin/bash)
==2362==    by 0x15805C: ??? (in /usr/bin/bash)
==2362==    by 0x159447: set_pwd (in /usr/bin/bash)
==2361==    by 0x1984F3: xmalloc (in /usr/bin/bash)
==2361==    by 0x156DA1: make_variable_value (in /usr/bin/bash)
==2359==    by 0x15172F: execute_command_internal (in /usr/bin/bash)
==2360==    by 0x183987: array_insert (in /usr/bin/bash)
==2360==    by 0x15AF81: initialize_shell_variables (in /usr/bin/bash)
==2362==    by 0x15AAEE: initialize_shell_variables (in /usr/bin/bash)
==2362==    by 0x138DC9: ??? (in /usr/bin/bash)
==2361==    by 0x15806D: ??? (in /usr/bin/bash)
==2361==    by 0x15AE90: initialize_shell_variables (in /usr/bin/bash)
==2359==    by 0x1519D9: execute_command (in /usr/bin/bash)
==2360==    by 0x138DC9: ??? (in /usr/bin/bash)
==2360==    by 0x137544: main (in /usr/bin/bash)
==2362==    by 0x137544: main (in /usr/bin/bash)
==2362== 
==2361==    by 0x138DC9: ??? (in /usr/bin/bash)
==2361==    by 0x137544: main (in /usr/bin/bash)
==2359==    by 0x139664: reader_loop (in /usr/bin/bash)
==2360== 
==2360== 32 bytes in 1 blocks are still reachable in loss record 179 of 304
==2362== 4 bytes in 1 blocks are still reachable in loss record 22 of 304
==2362==    at 0x483B7F3: malloc (in /usr/lib/x86_64-linux-gnu/valgrind/vgpreload_memcheck-amd64-linux.so)
==2361== 
==2361== 10 bytes in 1 blocks are still reachable in loss record 84 of 304
==2359==    by 0x137EF8: main (in /usr/bin/bash)
==2360==    at 0x483B7F3: malloc (in /usr/lib/x86_64-linux-gnu/valgrind/vgpreload_memcheck-amd64-linux.so)
==2360==    by 0x1984F3: xmalloc (in /usr/bin/bash)
==2362==    by 0x1984F3: xmalloc (in /usr/bin/bash)
==2362==    by 0x1544D7: ??? (in /usr/bin/bash)
==2361==    at 0x483B7F3: malloc (in /usr/lib/x86_64-linux-gnu/valgrind/vgpreload_memcheck-amd64-linux.so)
==2361==    by 0x1984F3: xmalloc (in /usr/bin/bash)
==2359== 
==2360==    by 0x183457: array_create_element (in /usr/bin/bash)
==2360==    by 0x183987: array_insert (in /usr/bin/bash)
==2362==    by 0x157FCF: ??? (in /usr/bin/bash)
==2362==    by 0x15805C: ??? (in /usr/bin/bash)
==2361==    by 0x138D28: ??? (in /usr/bin/bash)
==2361==    by 0x15B81C: initialize_shell_variables (in /usr/bin/bash)
==2359== 32 bytes in 1 blocks are still reachable in loss record 222 of 304
==2360==    by 0x15AF95: initialize_shell_variables (in /usr/bin/bash)
==2360==    by 0x138DC9: ??? (in /usr/bin/bash)
==2362==    by 0x15AB65: initialize_shell_variables (in /usr/bin/bash)
==2362==    by 0x138DC9: ??? (in /usr/bin/bash)
==2361==    by 0x138DC9: ??? (in /usr/bin/bash)
==2359==    at 0x483B7F3: malloc (in /usr/lib/x86_64-linux-gnu/valgrind/vgpreload_memcheck-amd64-linux.so)
==2360==    by 0x137544: main (in /usr/bin/bash)
==2360== 
==2362==    by 0x137544: main (in /usr/bin/bash)
==2362== 
==2361==    by 0x137544: main (in /usr/bin/bash)
==2361== 
==2359==    by 0x1984F3: xmalloc (in /usr/bin/bash)
==2360== 32 bytes in 1 blocks are still reachable in loss record 180 of 304
==2360==    at 0x483B7F3: malloc (in /usr/lib/x86_64-linux-gnu/valgrind/vgpreload_memcheck-amd64-linux.so)
==2362== 4 bytes in 1 blocks are still reachable in loss record 23 of 304
==2362==    at 0x483B7F3: malloc (in /usr/lib/x86_64-linux-gnu/valgrind/vgpreload_memcheck-amd64-linux.so)
==2361== 10 bytes in 1 blocks are still reachable in loss record 85 of 304
==2361==    at 0x483B7F3: malloc (in /usr/lib/x86_64-linux-gnu/valgrind/vgpreload_memcheck-amd64-linux.so)
==2359==    by 0x183457: array_create_element (in /usr/bin/bash)
==2360==    by 0x1984F3: xmalloc (in /usr/bin/bash)
==2360==    by 0x183457: array_create_element (in /usr/bin/bash)
==2362==    by 0x1984F3: xmalloc (in /usr/bin/bash)
==2362==    by 0x157FED: ??? (in /usr/bin/bash)
==2361==    by 0x1984F3: xmalloc (in /usr/bin/bash)
==2359==    by 0x183987: array_insert (in /usr/bin/bash)
==2360==    by 0x183987: array_insert (in /usr/bin/bash)
==2360==    by 0x15AFA9: initialize_shell_variables (in /usr/bin/bash)
==2362==    by 0x15805C: ??? (in /usr/bin/bash)
==2362==    by 0x15AB65: initialize_shell_variables (in /usr/bin/bash)
==2361==    by 0x156DA1: make_variable_value (in /usr/bin/bash)
==2361==    by 0x15806D: ??? (in /usr/bin/bash)
==2359==    by 0x15C09E: set_pipestatus_array (in /usr/bin/bash)
==2360==    by 0x138DC9: ??? (in /usr/bin/bash)
==2360==    by 0x137544: main (in /usr/bin/bash)
==2362==    by 0x138DC9: ??? (in /usr/bin/bash)
==2362==    by 0x137544: main (in /usr/bin/bash)
==2361==    by 0x15B635: initialize_shell_variables (in /usr/bin/bash)
==2361==    by 0x138DC9: ??? (in /usr/bin/bash)
==2359==    by 0x15172F: execute_command_internal (in /usr/bin/bash)
==2360== 
==2360== 32 bytes in 1 blocks are still reachable in loss record 181 of 304
==2362== 
==2362== 4 bytes in 1 blocks are still reachable in loss record 24 of 304
==2361==    by 0x137544: main (in /usr/bin/bash)
==2361== 
==2359==    by 0x1519D9: execute_command (in /usr/bin/bash)
==2360==    at 0x483B7F3: malloc (in /usr/lib/x86_64-linux-gnu/valgrind/vgpreload_memcheck-amd64-linux.so)
==2360==    by 0x1984F3: xmalloc (in /usr/bin/bash)
==2362==    at 0x483B7F3: malloc (in /usr/lib/x86_64-linux-gnu/valgrind/vgpreload_memcheck-amd64-linux.so)
==2362==    by 0x1984F3: xmalloc (in /usr/bin/bash)
==2361== 10 bytes in 1 blocks are still reachable in loss record 86 of 304
==2361==    at 0x483B7F3: malloc (in /usr/lib/x86_64-linux-gnu/valgrind/vgpreload_memcheck-amd64-linux.so)
==2359==    by 0x139664: reader_loop (in /usr/bin/bash)
==2360==    by 0x17BBFB: hash_insert (in /usr/bin/bash)
==2360==    by 0x158008: ??? (in /usr/bin/bash)
==2362==    by 0x1544D7: ??? (in /usr/bin/bash)
==2362==    by 0x157FCF: ??? (in /usr/bin/bash)
==2361==    by 0x1984F3: xmalloc (in /usr/bin/bash)
==2361==    by 0x1544D7: ??? (in /usr/bin/bash)
==2359==    by 0x137EF8: main (in /usr/bin/bash)
==2360==    by 0x15805C: ??? (in /usr/bin/bash)
==2360==    by 0x15B7C8: initialize_shell_variables (in /usr/bin/bash)
==2362==    by 0x15805C: ??? (in /usr/bin/bash)
==2362==    by 0x15AB7A: initialize_shell_variables (in /usr/bin/bash)
==2361==    by 0x157FCF: ??? (in /usr/bin/bash)
==2361==    by 0x158D55: make_new_array_variable (in /usr/bin/bash)
==2359== 
==2360==    by 0x138DC9: ??? (in /usr/bin/bash)
==2360==    by 0x137544: main (in /usr/bin/bash)
==2362==    by 0x138DC9: ??? (in /usr/bin/bash)
==2362==    by 0x137544: main (in /usr/bin/bash)
==2361==    by 0x158DA7: ??? (in /usr/bin/bash)
==2361==    by 0x15B30B: initialize_shell_variables (in /usr/bin/bash)
==2359== 34 bytes in 1 blocks are still reachable in loss record 223 of 304
==2360== 
==2360== 32 bytes in 1 blocks are still reachable in loss record 182 of 304
==2362== 
==2362== 4 bytes in 1 blocks are still reachable in loss record 25 of 304
==2361==    by 0x138DC9: ??? (in /usr/bin/bash)
==2361==    by 0x137544: main (in /usr/bin/bash)
==2359==    at 0x483DFAF: realloc (in /usr/lib/x86_64-linux-gnu/valgrind/vgpreload_memcheck-amd64-linux.so)
==2360==    at 0x483B7F3: malloc (in /usr/lib/x86_64-linux-gnu/valgrind/vgpreload_memcheck-amd64-linux.so)
==2360==    by 0x1984F3: xmalloc (in /usr/bin/bash)
==2362==    at 0x483B7F3: malloc (in /usr/lib/x86_64-linux-gnu/valgrind/vgpreload_memcheck-amd64-linux.so)
==2362==    by 0x1984F3: xmalloc (in /usr/bin/bash)
==2361== 
==2361== 10 bytes in 1 blocks are still reachable in loss record 87 of 304
==2359==    by 0x198558: xrealloc (in /usr/bin/bash)
==2360==    by 0x17BBFB: hash_insert (in /usr/bin/bash)
==2360==    by 0x158008: ??? (in /usr/bin/bash)
==2362==    by 0x157FED: ??? (in /usr/bin/bash)
==2362==    by 0x15805C: ??? (in /usr/bin/bash)
==2361==    at 0x483B7F3: malloc (in /usr/lib/x86_64-linux-gnu/valgrind/vgpreload_memcheck-amd64-linux.so)
==2361==    by 0x1984F3: xmalloc (in /usr/bin/bash)
==2359==    by 0x13A097: ??? (in /usr/bin/bash)
==2360==    by 0x15805C: ??? (in /usr/bin/bash)
==2360==    by 0x15B7AE: initialize_shell_variables (in /usr/bin/bash)
==2362==    by 0x15AB7A: initialize_shell_variables (in /usr/bin/bash)
==2362==    by 0x138DC9: ??? (in /usr/bin/bash)
==2361==    by 0x157FED: ??? (in /usr/bin/bash)
==2361==    by 0x158D55: make_new_array_variable (in /usr/bin/bash)
==2359==    by 0x13C688: ??? (in /usr/bin/bash)
==2360==    by 0x138DC9: ??? (in /usr/bin/bash)
==2360==    by 0x137544: main (in /usr/bin/bash)
==2362==    by 0x137544: main (in /usr/bin/bash)
==2362== 
==2361==    by 0x158DA7: ??? (in /usr/bin/bash)
==2361==    by 0x15B30B: initialize_shell_variables (in /usr/bin/bash)
==2359==    by 0x13F5C9: ??? (in /usr/bin/bash)
==2360== 
==2360== 32 bytes in 1 blocks are still reachable in loss record 183 of 304
==2362== 4 bytes in 1 blocks are still reachable in loss record 26 of 304
==2362==    at 0x483B7F3: malloc (in /usr/lib/x86_64-linux-gnu/valgrind/vgpreload_memcheck-amd64-linux.so)
==2361==    by 0x138DC9: ??? (in /usr/bin/bash)
==2361==    by 0x137544: main (in /usr/bin/bash)
==2359==    by 0x142EC7: yyparse (in /usr/bin/bash)
==2360==    at 0x483B7F3: malloc (in /usr/lib/x86_64-linux-gnu/valgrind/vgpreload_memcheck-amd64-linux.so)
==2360==    by 0x1984F3: xmalloc (in /usr/bin/bash)
==2362==    by 0x1984F3: xmalloc (in /usr/bin/bash)
==2362==    by 0x156DA1: make_variable_value (in /usr/bin/bash)
==2361== 
==2361== 10 bytes in 1 blocks are still reachable in loss record 88 of 304
==2359==    by 0x13929A: parse_command (in /usr/bin/bash)
==2360==    by 0x17BBFB: hash_insert (in /usr/bin/bash)
==2360==    by 0x158008: ??? (in /usr/bin/bash)
==2362==    by 0x15806D: ??? (in /usr/bin/bash)
==2362==    by 0x15AB7A: initialize_shell_variables (in /usr/bin/bash)
==2361==    at 0x483B7F3: malloc (in /usr/lib/x86_64-linux-gnu/valgrind/vgpreload_memcheck-amd64-linux.so)
==2361==    by 0x1984F3: xmalloc (in /usr/bin/bash)
==2359==    by 0x1393A6: read_command (in /usr/bin/bash)
==2360==    by 0x15805C: ??? (in /usr/bin/bash)
==2360==    by 0x15B112: initialize_shell_variables (in /usr/bin/bash)
==2362==    by 0x138DC9: ??? (in /usr/bin/bash)
==2362==    by 0x137544: main (in /usr/bin/bash)
==2361==    by 0x1544D7: ??? (in /usr/bin/bash)
==2361==    by 0x157FCF: ??? (in /usr/bin/bash)
==2359==    by 0x1395C9: reader_loop (in /usr/bin/bash)
==2360==    by 0x138DC9: ??? (in /usr/bin/bash)
==2360==    by 0x137544: main (in /usr/bin/bash)
==2362== 
==2362== 4 bytes in 1 blocks are still reachable in loss record 27 of 304
==2361==    by 0x158D55: make_new_array_variable (in /usr/bin/bash)
==2361==    by 0x158DA7: ??? (in /usr/bin/bash)
==2359==    by 0x137EF8: main (in /usr/bin/bash)
==2360== 
==2360== 32 bytes in 1 blocks are still reachable in loss record 184 of 304
==2362==    at 0x483B7F3: malloc (in /usr/lib/x86_64-linux-gnu/valgrind/vgpreload_memcheck-amd64-linux.so)
==2362==    by 0x1984F3: xmalloc (in /usr/bin/bash)
==2361==    by 0x15B32A: initialize_shell_variables (in /usr/bin/bash)
==2361==    by 0x138DC9: ??? (in /usr/bin/bash)
==2359== 
==2360==    at 0x483B7F3: malloc (in /usr/lib/x86_64-linux-gnu/valgrind/vgpreload_memcheck-amd64-linux.so)
==2360==    by 0x1984F3: xmalloc (in /usr/bin/bash)
==2362==    by 0x1544D7: ??? (in /usr/bin/bash)
==2362==    by 0x157FCF: ??? (in /usr/bin/bash)
==2361==    by 0x137544: main (in /usr/bin/bash)
==2361== 
==2359== 40 bytes in 1 blocks are still reachable in loss record 224 of 304
==2360==    by 0x17BBFB: hash_insert (in /usr/bin/bash)
==2360==    by 0x158008: ??? (in /usr/bin/bash)
==2362==    by 0x15805C: ??? (in /usr/bin/bash)
==2362==    by 0x15B7C8: initialize_shell_variables (in /usr/bin/bash)
==2361== 10 bytes in 1 blocks are still reachable in loss record 89 of 304
==2361==    at 0x483B7F3: malloc (in /usr/lib/x86_64-linux-gnu/valgrind/vgpreload_memcheck-amd64-linux.so)
==2359==    at 0x483B7F3: malloc (in /usr/lib/x86_64-linux-gnu/valgrind/vgpreload_memcheck-amd64-linux.so)
==2360==    by 0x15805C: ??? (in /usr/bin/bash)
==2360==    by 0x15B13F: initialize_shell_variables (in /usr/bin/bash)
==2362==    by 0x138DC9: ??? (in /usr/bin/bash)
==2362==    by 0x137544: main (in /usr/bin/bash)
==2361==    by 0x1984F3: xmalloc (in /usr/bin/bash)
==2361==    by 0x157FED: ??? (in /usr/bin/bash)
==2359==    by 0x1984F3: xmalloc (in /usr/bin/bash)
==2359==    by 0x157EB6: new_var_context (in /usr/bin/bash)
==2360==    by 0x138DC9: ??? (in /usr/bin/bash)
==2360==    by 0x137544: main (in /usr/bin/bash)
==2362== 
==2362== 4 bytes in 1 blocks are still reachable in loss record 28 of 304
==2361==    by 0x158D55: make_new_array_variable (in /usr/bin/bash)
==2361==    by 0x158DA7: ??? (in /usr/bin/bash)
==2359==    by 0x157F68: ??? (in /usr/bin/bash)
==2359==    by 0x15AAAB: initialize_shell_variables (in /usr/bin/bash)
==2360== 
==2360== 32 bytes in 1 blocks are still reachable in loss record 185 of 304
==2362==    at 0x483B7F3: malloc (in /usr/lib/x86_64-linux-gnu/valgrind/vgpreload_memcheck-amd64-linux.so)
==2362==    by 0x1984F3: xmalloc (in /usr/bin/bash)
==2361==    by 0x15B32A: initialize_shell_variables (in /usr/bin/bash)
==2361==    by 0x138DC9: ??? (in /usr/bin/bash)
==2359==    by 0x138DC9: ??? (in /usr/bin/bash)
==2360==    at 0x483B7F3: malloc (in /usr/lib/x86_64-linux-gnu/valgrind/vgpreload_memcheck-amd64-linux.so)
==2360==    by 0x1984F3: xmalloc (in /usr/bin/bash)
==2362==    by 0x157FED: ??? (in /usr/bin/bash)
==2362==    by 0x15805C: ??? (in /usr/bin/bash)
==2361==    by 0x137544: main (in /usr/bin/bash)
==2361== 
==2359==    by 0x137544: main (in /usr/bin/bash)
==2359== 
==2360==    by 0x17BBFB: hash_insert (in /usr/bin/bash)
==2360==    by 0x158008: ??? (in /usr/bin/bash)
==2362==    by 0x15B7C8: initialize_shell_variables (in /usr/bin/bash)
==2362==    by 0x138DC9: ??? (in /usr/bin/bash)
==2361== 10 bytes in 1 blocks are still reachable in loss record 90 of 304
==2361==    at 0x483B7F3: malloc (in /usr/lib/x86_64-linux-gnu/valgrind/vgpreload_memcheck-amd64-linux.so)
==2359== 40 bytes in 1 blocks are still reachable in loss record 225 of 304
==2359==    at 0x483B7F3: malloc (in /usr/lib/x86_64-linux-gnu/valgrind/vgpreload_memcheck-amd64-linux.so)
==2360==    by 0x15805C: ??? (in /usr/bin/bash)
==2360==    by 0x15B165: initialize_shell_variables (in /usr/bin/bash)
==2362==    by 0x137544: main (in /usr/bin/bash)
==2362== 
==2361==    by 0x1984F3: xmalloc (in /usr/bin/bash)
==2361==    by 0x1544D7: ??? (in /usr/bin/bash)
==2359==    by 0x1984F3: xmalloc (in /usr/bin/bash)
==2360==    by 0x138DC9: ??? (in /usr/bin/bash)
==2360==    by 0x137544: main (in /usr/bin/bash)
==2362== 5 bytes in 1 blocks are still reachable in loss record 29 of 304
==2362==    at 0x483B7F3: malloc (in /usr/lib/x86_64-linux-gnu/valgrind/vgpreload_memcheck-amd64-linux.so)
==2361==    by 0x157FCF: ??? (in /usr/bin/bash)
==2361==    by 0x158DE5: make_new_assoc_variable (in /usr/bin/bash)
==2359==    by 0x1834BF: array_create (in /usr/bin/bash)
==2359==    by 0x158D5D: make_new_array_variable (in /usr/bin/bash)
==2360== 
==2360== 32 bytes in 1 blocks are still reachable in loss record 186 of 304
==2362==    by 0x1984F3: xmalloc (in /usr/bin/bash)
==2362==    by 0x1544D7: ??? (in /usr/bin/bash)
==2361==    by 0x15B6A9: initialize_shell_variables (in /usr/bin/bash)
==2361==    by 0x138DC9: ??? (in /usr/bin/bash)
==2359==    by 0x15AEE3: initialize_shell_variables (in /usr/bin/bash)
==2359==    by 0x138DC9: ??? (in /usr/bin/bash)
==2360==    at 0x483B7F3: malloc (in /usr/lib/x86_64-linux-gnu/valgrind/vgpreload_memcheck-amd64-linux.so)
==2360==    by 0x1984F3: xmalloc (in /usr/bin/bash)
==2362==    by 0x157FCF: ??? (in /usr/bin/bash)
==2362==    by 0x15805C: ??? (in /usr/bin/bash)
==2361==    by 0x137544: main (in /usr/bin/bash)
==2361== 
==2359==    by 0x137544: main (in /usr/bin/bash)
==2359== 
==2360==    by 0x17BBFB: hash_insert (in /usr/bin/bash)
==2360==    by 0x158008: ??? (in /usr/bin/bash)
==2362==    by 0x15AB1F: initialize_shell_variables (in /usr/bin/bash)
==2362==    by 0x138DC9: ??? (in /usr/bin/bash)
==2361== 10 bytes in 1 blocks are still reachable in loss record 91 of 304
==2361==    at 0x483B7F3: malloc (in /usr/lib/x86_64-linux-gnu/valgrind/vgpreload_memcheck-amd64-linux.so)
==2359== 40 bytes in 1 blocks are still reachable in loss record 226 of 304
==2359==    at 0x483B7F3: malloc (in /usr/lib/x86_64-linux-gnu/valgrind/vgpreload_memcheck-amd64-linux.so)
==2360==    by 0x15805C: ??? (in /usr/bin/bash)
==2360==    by 0x15B188: initialize_shell_variables (in /usr/bin/bash)
==2362==    by 0x137544: main (in /usr/bin/bash)
==2362== 
==2361==    by 0x1984F3: xmalloc (in /usr/bin/bash)
==2361==    by 0x157FED: ??? (in /usr/bin/bash)
==2359==    by 0x1984F3: xmalloc (in /usr/bin/bash)
==2360==    by 0x138DC9: ??? (in /usr/bin/bash)
==2360==    by 0x137544: main (in /usr/bin/bash)
==2362== 5 bytes in 1 blocks are still reachable in loss record 30 of 304
==2362==    at 0x483B7F3: malloc (in /usr/lib/x86_64-linux-gnu/valgrind/vgpreload_memcheck-amd64-linux.so)
==2361==    by 0x158DE5: make_new_assoc_variable (in /usr/bin/bash)
==2359==    by 0x1834BF: array_create (in /usr/bin/bash)
==2360== 
==2360== 32 bytes in 1 blocks are still reachable in loss record 187 of 304
==2362==    by 0x1984F3: xmalloc (in /usr/bin/bash)
==2362==    by 0x157FED: ??? (in /usr/bin/bash)
==2361==    by 0x15B6A9: initialize_shell_variables (in /usr/bin/bash)
==2361==    by 0x138DC9: ??? (in /usr/bin/bash)
==2359==    by 0x158D5D: make_new_array_variable (in /usr/bin/bash)
==2359==    by 0x158DA7: ??? (in /usr/bin/bash)
==2360==    at 0x483B7F3: malloc (in /usr/lib/x86_64-linux-gnu/valgrind/vgpreload_memcheck-amd64-linux.so)
==2360==    by 0x1984F3: xmalloc (in /usr/bin/bash)
==2362==    by 0x15805C: ??? (in /usr/bin/bash)
==2362==    by 0x15AB1F: initialize_shell_variables (in /usr/bin/bash)
==2361==    by 0x137544: main (in /usr/bin/bash)
==2359==    by 0x15B2CD: initialize_shell_variables (in /usr/bin/bash)
==2359==    by 0x138DC9: ??? (in /usr/bin/bash)
==2360==    by 0x17BBFB: hash_insert (in /usr/bin/bash)
==2360==    by 0x158008: ??? (in /usr/bin/bash)
==2362==    by 0x138DC9: ??? (in /usr/bin/bash)
==2362==    by 0x137544: main (in /usr/bin/bash)
==2361== 
==2359==    by 0x137544: main (in /usr/bin/bash)
==2359== 
==2360==    by 0x15805C: ??? (in /usr/bin/bash)
==2360==    by 0x15B1AE: initialize_shell_variables (in /usr/bin/bash)
==2362== 
==2362== 5 bytes in 1 blocks are still reachable in loss record 31 of 304
==2361== 10 bytes in 1 blocks are still reachable in loss record 92 of 304
==2361==    at 0x483B7F3: malloc (in /usr/lib/x86_64-linux-gnu/valgrind/vgpreload_memcheck-amd64-linux.so)
==2359== 40 bytes in 1 blocks are still reachable in loss record 227 of 304
==2359==    at 0x483B7F3: malloc (in /usr/lib/x86_64-linux-gnu/valgrind/vgpreload_memcheck-amd64-linux.so)
==2360==    by 0x138DC9: ??? (in /usr/bin/bash)
==2360==    by 0x137544: main (in /usr/bin/bash)
==2362==    at 0x483B7F3: malloc (in /usr/lib/x86_64-linux-gnu/valgrind/vgpreload_memcheck-amd64-linux.so)
==2362==    by 0x1984F3: xmalloc (in /usr/bin/bash)
==2361==    by 0x1984F3: xmalloc (in /usr/bin/bash)
==2361==    by 0x1544D7: ??? (in /usr/bin/bash)
==2359==    by 0x1984F3: xmalloc (in /usr/bin/bash)
==2359==    by 0x1834BF: array_create (in /usr/bin/bash)
==2360== 
==2360== 32 bytes in 1 blocks are still reachable in loss record 188 of 304
==2362==    by 0x1544D7: ??? (in /usr/bin/bash)
==2362==    by 0x157FCF: ??? (in /usr/bin/bash)
==2361==    by 0x157FCF: ??? (in /usr/bin/bash)
==2361==    by 0x15805C: ??? (in /usr/bin/bash)
==2359==    by 0x158D5D: make_new_array_variable (in /usr/bin/bash)
==2359==    by 0x158DA7: ??? (in /usr/bin/bash)
==2360==    at 0x483B7F3: malloc (in /usr/lib/x86_64-linux-gnu/valgrind/vgpreload_memcheck-amd64-linux.so)
==2360==    by 0x1984F3: xmalloc (in /usr/bin/bash)
==2362==    by 0x15805C: ??? (in /usr/bin/bash)
==2362==    by 0x15AB32: initialize_shell_variables (in /usr/bin/bash)
==2361==    by 0x1A76E0: set_shellopts (in /usr/bin/bash)
==2361==    by 0x138DFD: ??? (in /usr/bin/bash)
==2359==    by 0x15B2EC: initialize_shell_variables (in /usr/bin/bash)
==2359==    by 0x138DC9: ??? (in /usr/bin/bash)
==2360==    by 0x17BBFB: hash_insert (in /usr/bin/bash)
==2360==    by 0x158008: ??? (in /usr/bin/bash)
==2362==    by 0x138DC9: ??? (in /usr/bin/bash)
==2362==    by 0x137544: main (in /usr/bin/bash)
==2361==    by 0x137544: main (in /usr/bin/bash)
==2361== 
==2359==    by 0x137544: main (in /usr/bin/bash)
==2359== 
==2360==    by 0x15805C: ??? (in /usr/bin/bash)
==2360==    by 0x15B1D8: initialize_shell_variables (in /usr/bin/bash)
==2362== 
==2362== 5 bytes in 1 blocks are still reachable in loss record 32 of 304
==2361== 10 bytes in 1 blocks are still reachable in loss record 93 of 304
==2361==    at 0x483B7F3: malloc (in /usr/lib/x86_64-linux-gnu/valgrind/vgpreload_memcheck-amd64-linux.so)
==2359== 40 bytes in 1 blocks are still reachable in loss record 228 of 304
==2359==    at 0x483B7F3: malloc (in /usr/lib/x86_64-linux-gnu/valgrind/vgpreload_memcheck-amd64-linux.so)
==2360==    by 0x138DC9: ??? (in /usr/bin/bash)
==2360==    by 0x137544: main (in /usr/bin/bash)
==2362==    at 0x483B7F3: malloc (in /usr/lib/x86_64-linux-gnu/valgrind/vgpreload_memcheck-amd64-linux.so)
==2362==    by 0x1984F3: xmalloc (in /usr/bin/bash)
==2361==    by 0x1984F3: xmalloc (in /usr/bin/bash)
==2361==    by 0x157FED: ??? (in /usr/bin/bash)
==2359==    by 0x1984F3: xmalloc (in /usr/bin/bash)
==2359==    by 0x1834BF: array_create (in /usr/bin/bash)
==2360== 
==2360== 32 bytes in 1 blocks are still reachable in loss record 189 of 304
==2362==    by 0x157FED: ??? (in /usr/bin/bash)
==2362==    by 0x15805C: ??? (in /usr/bin/bash)
==2361==    by 0x15805C: ??? (in /usr/bin/bash)
==2361==    by 0x1A76E0: set_shellopts (in /usr/bin/bash)
==2359==    by 0x158D5D: make_new_array_variable (in /usr/bin/bash)
==2359==    by 0x158DA7: ??? (in /usr/bin/bash)
==2360==    at 0x483B7F3: malloc (in /usr/lib/x86_64-linux-gnu/valgrind/vgpreload_memcheck-amd64-linux.so)
==2360==    by 0x1984F3: xmalloc (in /usr/bin/bash)
==2362==    by 0x15AB32: initialize_shell_variables (in /usr/bin/bash)
==2362==    by 0x138DC9: ??? (in /usr/bin/bash)
==2361==    by 0x138DFD: ??? (in /usr/bin/bash)
==2361==    by 0x137544: main (in /usr/bin/bash)
==2359==    by 0x15B30B: initialize_shell_variables (in /usr/bin/bash)
==2359==    by 0x138DC9: ??? (in /usr/bin/bash)
==2360==    by 0x17BBFB: hash_insert (in /usr/bin/bash)
==2360==    by 0x158008: ??? (in /usr/bin/bash)
==2362==    by 0x137544: main (in /usr/bin/bash)
==2362== 
==2361== 
==2359==    by 0x137544: main (in /usr/bin/bash)
==2359== 
==2360==    by 0x15805C: ??? (in /usr/bin/bash)
==2362== 5 bytes in 1 blocks are still reachable in loss record 33 of 304
==2362==    at 0x483B7F3: malloc (in /usr/lib/x86_64-linux-gnu/valgrind/vgpreload_memcheck-amd64-linux.so)
==2361== 10 bytes in 1 blocks are still reachable in loss record 94 of 304
==2359== 40 bytes in 1 blocks are still reachable in loss record 229 of 304
==2359==    at 0x483B7F3: malloc (in /usr/lib/x86_64-linux-gnu/valgrind/vgpreload_memcheck-amd64-linux.so)
==2360==    by 0x15B205: initialize_shell_variables (in /usr/bin/bash)
==2360==    by 0x138DC9: ??? (in /usr/bin/bash)
==2362==    by 0x1984F3: xmalloc (in /usr/bin/bash)
==2362==    by 0x156DA1: make_variable_value (in /usr/bin/bash)
==2361==    at 0x483B7F3: malloc (in /usr/lib/x86_64-linux-gnu/valgrind/vgpreload_memcheck-amd64-linux.so)
==2361==    by 0x198577: xrealloc (in /usr/bin/bash)
==2359==    by 0x1984F3: xmalloc (in /usr/bin/bash)
==2359==    by 0x1834BF: array_create (in /usr/bin/bash)
==2360==    by 0x137544: main (in /usr/bin/bash)
==2360== 
==2362==    by 0x15806D: ??? (in /usr/bin/bash)
==2362==    by 0x15AB32: initialize_shell_variables (in /usr/bin/bash)
==2361==    by 0x13FAB0: ??? (in /usr/bin/bash)
==2361==    by 0x142EC7: yyparse (in /usr/bin/bash)
==2359==    by 0x158D5D: make_new_array_variable (in /usr/bin/bash)
==2359==    by 0x158DA7: ??? (in /usr/bin/bash)
==2360== 32 bytes in 1 blocks are still reachable in loss record 190 of 304
==2360==    at 0x483B7F3: malloc (in /usr/lib/x86_64-linux-gnu/valgrind/vgpreload_memcheck-amd64-linux.so)
==2362==    by 0x138DC9: ??? (in /usr/bin/bash)
==2362==    by 0x137544: main (in /usr/bin/bash)
==2361==    by 0x13929A: parse_command (in /usr/bin/bash)
==2361==    by 0x1393A6: read_command (in /usr/bin/bash)
==2359==    by 0x15B32A: initialize_shell_variables (in /usr/bin/bash)
==2359==    by 0x138DC9: ??? (in /usr/bin/bash)
==2360==    by 0x1984F3: xmalloc (in /usr/bin/bash)
==2360==    by 0x17BBFB: hash_insert (in /usr/bin/bash)
==2362== 
==2362== 5 bytes in 1 blocks are still reachable in loss record 34 of 304
==2361==    by 0x1395C9: reader_loop (in /usr/bin/bash)
==2361==    by 0x137EF8: main (in /usr/bin/bash)
==2359==    by 0x137544: main (in /usr/bin/bash)
==2359== 
==2360==    by 0x158008: ??? (in /usr/bin/bash)
==2360==    by 0x15805C: ??? (in /usr/bin/bash)
==2362==    at 0x483B7F3: malloc (in /usr/lib/x86_64-linux-gnu/valgrind/vgpreload_memcheck-amd64-linux.so)
==2362==    by 0x1984F3: xmalloc (in /usr/bin/bash)
==2361== 
==2361== 10 bytes in 1 blocks are still reachable in loss record 95 of 304
==2359== 40 bytes in 1 blocks are still reachable in loss record 230 of 304
==2359==    at 0x483B7F3: malloc (in /usr/lib/x86_64-linux-gnu/valgrind/vgpreload_memcheck-amd64-linux.so)
==2360==    by 0x15B228: initialize_shell_variables (in /usr/bin/bash)
==2360==    by 0x138DC9: ??? (in /usr/bin/bash)
==2362==    by 0x1544D7: ??? (in /usr/bin/bash)
==2362==    by 0x157FCF: ??? (in /usr/bin/bash)
==2361==    at 0x483B7F3: malloc (in /usr/lib/x86_64-linux-gnu/valgrind/vgpreload_memcheck-amd64-linux.so)
==2361==    by 0x1984F3: xmalloc (in /usr/bin/bash)
==2359==    by 0x1984F3: xmalloc (in /usr/bin/bash)
==2359==    by 0x1834BF: array_create (in /usr/bin/bash)
==2360==    by 0x137544: main (in /usr/bin/bash)
==2360== 
==2362==    by 0x15805C: ??? (in /usr/bin/bash)
==2362==    by 0x159628: set_ppid (in /usr/bin/bash)
==2361==    by 0x14F948: execute_command_internal (in /usr/bin/bash)
==2361==    by 0x1519D9: execute_command (in /usr/bin/bash)
==2359==    by 0x158D5D: make_new_array_variable (in /usr/bin/bash)
==2359==    by 0x158DA7: ??? (in /usr/bin/bash)
==2360== 32 bytes in 1 blocks are still reachable in loss record 191 of 304
==2360==    at 0x483B7F3: malloc (in /usr/lib/x86_64-linux-gnu/valgrind/vgpreload_memcheck-amd64-linux.so)
==2362==    by 0x15AC15: initialize_shell_variables (in /usr/bin/bash)
==2362==    by 0x138DC9: ??? (in /usr/bin/bash)
==2361==    by 0x139664: reader_loop (in /usr/bin/bash)
==2361==    by 0x137EF8: main (in /usr/bin/bash)
==2359==    by 0x15B349: initialize_shell_variables (in /usr/bin/bash)
==2359==    by 0x138DC9: ??? (in /usr/bin/bash)
==2360==    by 0x1984F3: xmalloc (in /usr/bin/bash)
==2360==    by 0x17BBFB: hash_insert (in /usr/bin/bash)
==2362==    by 0x137544: main (in /usr/bin/bash)
==2362== 
==2361== 
==2359==    by 0x137544: main (in /usr/bin/bash)
==2359== 
==2360==    by 0x158008: ??? (in /usr/bin/bash)
==2360==    by 0x15805C: ??? (in /usr/bin/bash)
==2362== 5 bytes in 1 blocks are still reachable in loss record 35 of 304
==2362==    at 0x483B7F3: malloc (in /usr/lib/x86_64-linux-gnu/valgrind/vgpreload_memcheck-amd64-linux.so)
==2361== 11 bytes in 1 blocks are still reachable in loss record 96 of 304
==2361==    at 0x483B7F3: malloc (in /usr/lib/x86_64-linux-gnu/valgrind/vgpreload_memcheck-amd64-linux.so)
==2359== 40 bytes in 1 blocks are still reachable in loss record 231 of 304
==2359==    at 0x483B7F3: malloc (in /usr/lib/x86_64-linux-gnu/valgrind/vgpreload_memcheck-amd64-linux.so)
==2360==    by 0x15B24E: initialize_shell_variables (in /usr/bin/bash)
==2360==    by 0x138DC9: ??? (in /usr/bin/bash)
==2362==    by 0x1984F3: xmalloc (in /usr/bin/bash)
==2362==    by 0x157FED: ??? (in /usr/bin/bash)
==2361==    by 0x1984F3: xmalloc (in /usr/bin/bash)
==2361==    by 0x1544D7: ??? (in /usr/bin/bash)
==2359==    by 0x1984F3: xmalloc (in /usr/bin/bash)
==2359==    by 0x1834BF: array_create (in /usr/bin/bash)
==2360==    by 0x137544: main (in /usr/bin/bash)
==2360== 
==2362==    by 0x15805C: ??? (in /usr/bin/bash)
==2362==    by 0x159628: set_ppid (in /usr/bin/bash)
==2361==    by 0x157FCF: ??? (in /usr/bin/bash)
==2361==    by 0x15805C: ??? (in /usr/bin/bash)
==2359==    by 0x158D5D: make_new_array_variable (in /usr/bin/bash)
==2359==    by 0x158DA7: ??? (in /usr/bin/bash)
==2360== 32 bytes in 1 blocks are still reachable in loss record 192 of 304
==2360==    at 0x483B7F3: malloc (in /usr/lib/x86_64-linux-gnu/valgrind/vgpreload_memcheck-amd64-linux.so)
==2362==    by 0x15AC15: initialize_shell_variables (in /usr/bin/bash)
==2362==    by 0x138DC9: ??? (in /usr/bin/bash)
==2361==    by 0x15B13F: initialize_shell_variables (in /usr/bin/bash)
==2361==    by 0x138DC9: ??? (in /usr/bin/bash)
==2359==    by 0x15B368: initialize_shell_variables (in /usr/bin/bash)
==2359==    by 0x138DC9: ??? (in /usr/bin/bash)
==2360==    by 0x1984F3: xmalloc (in /usr/bin/bash)
==2360==    by 0x17BBFB: hash_insert (in /usr/bin/bash)
==2362==    by 0x137544: main (in /usr/bin/bash)
==2362== 
==2361==    by 0x137544: main (in /usr/bin/bash)
==2361== 
==2359==    by 0x137544: main (in /usr/bin/bash)
==2359== 
==2360==    by 0x158008: ??? (in /usr/bin/bash)
==2360==    by 0x15805C: ??? (in /usr/bin/bash)
==2362== 5 bytes in 1 blocks are still reachable in loss record 36 of 304
==2362==    at 0x483B7F3: malloc (in /usr/lib/x86_64-linux-gnu/valgrind/vgpreload_memcheck-amd64-linux.so)
==2361== 11 bytes in 1 blocks are still reachable in loss record 97 of 304
==2361==    at 0x483B7F3: malloc (in /usr/lib/x86_64-linux-gnu/valgrind/vgpreload_memcheck-amd64-linux.so)
==2359== 40 bytes in 1 blocks are still reachable in loss record 232 of 304
==2359==    at 0x483B7F3: malloc (in /usr/lib/x86_64-linux-gnu/valgrind/vgpreload_memcheck-amd64-linux.so)
==2360==    by 0x15B27B: initialize_shell_variables (in /usr/bin/bash)
==2360==    by 0x138DC9: ??? (in /usr/bin/bash)
==2362==    by 0x1984F3: xmalloc (in /usr/bin/bash)
==2362==    by 0x156DA1: make_variable_value (in /usr/bin/bash)
==2361==    by 0x1984F3: xmalloc (in /usr/bin/bash)
==2361==    by 0x157FED: ??? (in /usr/bin/bash)
==2359==    by 0x1984F3: xmalloc (in /usr/bin/bash)
==2359==    by 0x1834BF: array_create (in /usr/bin/bash)
==2360==    by 0x137544: main (in /usr/bin/bash)
==2360== 
==2362==    by 0x15806D: ??? (in /usr/bin/bash)
==2362==    by 0x159628: set_ppid (in /usr/bin/bash)
==2361==    by 0x15805C: ??? (in /usr/bin/bash)
==2361==    by 0x15B13F: initialize_shell_variables (in /usr/bin/bash)
==2359==    by 0x158D5D: make_new_array_variable (in /usr/bin/bash)
==2359==    by 0x15B64D: initialize_shell_variables (in /usr/bin/bash)
==2360== 32 bytes in 1 blocks are still reachable in loss record 193 of 304
==2360==    at 0x483B7F3: malloc (in /usr/lib/x86_64-linux-gnu/valgrind/vgpreload_memcheck-amd64-linux.so)
==2362==    by 0x15AC15: initialize_shell_variables (in /usr/bin/bash)
==2362==    by 0x138DC9: ??? (in /usr/bin/bash)
==2361==    by 0x138DC9: ??? (in /usr/bin/bash)
==2361==    by 0x137544: main (in /usr/bin/bash)
==2359==    by 0x138DC9: ??? (in /usr/bin/bash)
==2359==    by 0x137544: main (in /usr/bin/bash)
==2360==    by 0x1984F3: xmalloc (in /usr/bin/bash)
==2360==    by 0x17BBFB: hash_insert (in /usr/bin/bash)
==2362==    by 0x137544: main (in /usr/bin/bash)
==2362== 
==2361== 
==2361== 11 bytes in 1 blocks are still reachable in loss record 98 of 304
==2359== 
==2359== 40 bytes in 1 blocks are still reachable in loss record 233 of 304
==2360==    by 0x158008: ??? (in /usr/bin/bash)
==2360==    by 0x15805C: ??? (in /usr/bin/bash)
==2362== 5 bytes in 1 blocks are still reachable in loss record 37 of 304
==2362==    at 0x483B7F3: malloc (in /usr/lib/x86_64-linux-gnu/valgrind/vgpreload_memcheck-amd64-linux.so)
==2361==    at 0x483B7F3: malloc (in /usr/lib/x86_64-linux-gnu/valgrind/vgpreload_memcheck-amd64-linux.so)
==2359==    at 0x483B7F3: malloc (in /usr/lib/x86_64-linux-gnu/valgrind/vgpreload_memcheck-amd64-linux.so)
==2359==    by 0x1984F3: xmalloc (in /usr/bin/bash)
==2360==    by 0x15B2A2: initialize_shell_variables (in /usr/bin/bash)
==2360==    by 0x138DC9: ??? (in /usr/bin/bash)
==2362==    by 0x1984F3: xmalloc (in /usr/bin/bash)
==2362==    by 0x1544D7: ??? (in /usr/bin/bash)
==2361==    by 0x1984F3: xmalloc (in /usr/bin/bash)
==2361==    by 0x1544D7: ??? (in /usr/bin/bash)
==2359==    by 0x1834BF: array_create (in /usr/bin/bash)
==2359==    by 0x158D5D: make_new_array_variable (in /usr/bin/bash)
==2360==    by 0x137544: main (in /usr/bin/bash)
==2360== 
==2362==    by 0x157FCF: ??? (in /usr/bin/bash)
==2362==    by 0x15805C: ??? (in /usr/bin/bash)
==2361==    by 0x157FCF: ??? (in /usr/bin/bash)
==2361==    by 0x158D55: make_new_array_variable (in /usr/bin/bash)
==2359==    by 0x15C10B: set_pipestatus_array (in /usr/bin/bash)
==2359==    by 0x15172F: execute_command_internal (in /usr/bin/bash)
==2360== 32 bytes in 1 blocks are still reachable in loss record 194 of 304
==2360==    at 0x483B7F3: malloc (in /usr/lib/x86_64-linux-gnu/valgrind/vgpreload_memcheck-amd64-linux.so)
==2362==    by 0x15AE90: initialize_shell_variables (in /usr/bin/bash)
==2362==    by 0x138DC9: ??? (in /usr/bin/bash)
==2361==    by 0x15C10B: set_pipestatus_array (in /usr/bin/bash)
==2361==    by 0x15172F: execute_command_internal (in /usr/bin/bash)
==2359==    by 0x1519D9: execute_command (in /usr/bin/bash)
==2359==    by 0x139664: reader_loop (in /usr/bin/bash)
==2360==    by 0x1984F3: xmalloc (in /usr/bin/bash)
==2360==    by 0x17BBFB: hash_insert (in /usr/bin/bash)
==2362==    by 0x137544: main (in /usr/bin/bash)
==2362== 
==2361==    by 0x1519D9: execute_command (in /usr/bin/bash)
==2361==    by 0x139664: reader_loop (in /usr/bin/bash)
==2359==    by 0x137EF8: main (in /usr/bin/bash)
==2359== 
==2360==    by 0x158008: ??? (in /usr/bin/bash)
==2360==    by 0x158D55: make_new_array_variable (in /usr/bin/bash)
==2362== 5 bytes in 1 blocks are still reachable in loss record 38 of 304
==2362==    at 0x483B7F3: malloc (in /usr/lib/x86_64-linux-gnu/valgrind/vgpreload_memcheck-amd64-linux.so)
==2361==    by 0x137EF8: main (in /usr/bin/bash)
==2361== 
==2359== 41 bytes in 1 blocks are still reachable in loss record 234 of 304
==2359==    at 0x483B7F3: malloc (in /usr/lib/x86_64-linux-gnu/valgrind/vgpreload_memcheck-amd64-linux.so)
==2360==    by 0x158DA7: ??? (in /usr/bin/bash)
==2360==    by 0x15B2CD: initialize_shell_variables (in /usr/bin/bash)
==2362==    by 0x1984F3: xmalloc (in /usr/bin/bash)
==2361== 11 bytes in 1 blocks are still reachable in loss record 99 of 304
==2361==    at 0x483B7F3: malloc (in /usr/lib/x86_64-linux-gnu/valgrind/vgpreload_memcheck-amd64-linux.so)
==2359==    by 0x1984F3: xmalloc (in /usr/bin/bash)
==2359==    by 0x156DA1: make_variable_value (in /usr/bin/bash)
==2360==    by 0x138DC9: ??? (in /usr/bin/bash)
==2360==    by 0x137544: main (in /usr/bin/bash)
==2362==    by 0x157FED: ??? (in /usr/bin/bash)
==2362==    by 0x15805C: ??? (in /usr/bin/bash)
==2361==    by 0x1984F3: xmalloc (in /usr/bin/bash)
==2361==    by 0x157FED: ??? (in /usr/bin/bash)
==2359==    by 0x15806D: ??? (in /usr/bin/bash)
==2359==    by 0x1A76E0: set_shellopts (in /usr/bin/bash)
==2360== 
==2362==    by 0x15AE90: initialize_shell_variables (in /usr/bin/bash)
==2362==    by 0x138DC9: ??? (in /usr/bin/bash)
==2361==    by 0x158D55: make_new_array_variable (in /usr/bin/bash)
==2361==    by 0x15C10B: set_pipestatus_array (in /usr/bin/bash)
==2359==    by 0x138DFD: ??? (in /usr/bin/bash)
==2359==    by 0x137544: main (in /usr/bin/bash)
==2360== 32 bytes in 1 blocks are still reachable in loss record 195 of 304
==2360==    at 0x483B7F3: malloc (in /usr/lib/x86_64-linux-gnu/valgrind/vgpreload_memcheck-amd64-linux.so)
==2362==    by 0x137544: main (in /usr/bin/bash)
==2362== 
==2361==    by 0x15172F: execute_command_internal (in /usr/bin/bash)
==2359== 
==2359== 48 bytes in 1 blocks are still reachable in loss record 235 of 304
==2360==    by 0x1984F3: xmalloc (in /usr/bin/bash)
==2360==    by 0x183457: array_create_element (in /usr/bin/bash)
==2362== 5 bytes in 1 blocks are still reachable in loss record 39 of 304
==2362==    at 0x483B7F3: malloc (in /usr/lib/x86_64-linux-gnu/valgrind/vgpreload_memcheck-amd64-linux.so)
==2361==    by 0x1519D9: execute_command (in /usr/bin/bash)
==2361==    by 0x139664: reader_loop (in /usr/bin/bash)
==2359==    at 0x483B7F3: malloc (in /usr/lib/x86_64-linux-gnu/valgrind/vgpreload_memcheck-amd64-linux.so)
==2359==    by 0x1984F3: xmalloc (in /usr/bin/bash)
==2360==    by 0x1834ED: array_create (in /usr/bin/bash)
==2360==    by 0x158D5D: make_new_array_variable (in /usr/bin/bash)
==2362==    by 0x1984F3: xmalloc (in /usr/bin/bash)
==2362==    by 0x138C10: ??? (in /usr/bin/bash)
==2361==    by 0x137EF8: main (in /usr/bin/bash)
==2361== 
==2359==    by 0x1544C3: ??? (in /usr/bin/bash)
==2359==    by 0x157FCF: ??? (in /usr/bin/bash)
==2360==    by 0x158DA7: ??? (in /usr/bin/bash)
==2360==    by 0x15B2CD: initialize_shell_variables (in /usr/bin/bash)
==2362==    by 0x15B81C: initialize_shell_variables (in /usr/bin/bash)
==2362==    by 0x138DC9: ??? (in /usr/bin/bash)
==2361== 12 bytes in 1 blocks are still reachable in loss record 100 of 304
==2361==    at 0x483B7F3: malloc (in /usr/lib/x86_64-linux-gnu/valgrind/vgpreload_memcheck-amd64-linux.so)
==2359==    by 0x15805C: ??? (in /usr/bin/bash)
==2359==    by 0x159447: set_pwd (in /usr/bin/bash)
==2360==    by 0x138DC9: ??? (in /usr/bin/bash)
==2360==    by 0x137544: main (in /usr/bin/bash)
==2362==    by 0x137544: main (in /usr/bin/bash)
==2362== 
==2361==    by 0x1984F3: xmalloc (in /usr/bin/bash)
==2361==    by 0x1544D7: ??? (in /usr/bin/bash)
==2359==    by 0x15AAEE: initialize_shell_variables (in /usr/bin/bash)
==2359==    by 0x138DC9: ??? (in /usr/bin/bash)
==2360== 
==2360== 32 bytes in 1 blocks are still reachable in loss record 196 of 304
==2362== 5 bytes in 1 blocks are still reachable in loss record 40 of 304
==2362==    at 0x483B7F3: malloc (in /usr/lib/x86_64-linux-gnu/valgrind/vgpreload_memcheck-amd64-linux.so)
==2361==    by 0x157FCF: ??? (in /usr/bin/bash)
==2361==    by 0x158D55: make_new_array_variable (in /usr/bin/bash)
==2359==    by 0x137544: main (in /usr/bin/bash)
==2359== 
==2360==    at 0x483B7F3: malloc (in /usr/lib/x86_64-linux-gnu/valgrind/vgpreload_memcheck-amd64-linux.so)
==2360==    by 0x1984F3: xmalloc (in /usr/bin/bash)
==2362==    by 0x1984F3: xmalloc (in /usr/bin/bash)
==2362==    by 0x1544D7: ??? (in /usr/bin/bash)
==2361==    by 0x158DA7: ??? (in /usr/bin/bash)
==2359== 48 bytes in 1 blocks are still reachable in loss record 236 of 304
==2359==    at 0x483B7F3: malloc (in /usr/lib/x86_64-linux-gnu/valgrind/vgpreload_memcheck-amd64-linux.so)
==2360==    by 0x17BBFB: hash_insert (in /usr/bin/bash)
==2360==    by 0x158008: ??? (in /usr/bin/bash)
==2362==    by 0x157FCF: ??? (in /usr/bin/bash)
==2362==    by 0x15805C: ??? (in /usr/bin/bash)
==2361==    by 0x15B349: initialize_shell_variables (in /usr/bin/bash)
==2359==    by 0x1984F3: xmalloc (in /usr/bin/bash)
==2359==    by 0x1544C3: ??? (in /usr/bin/bash)
==2360==    by 0x158D55: make_new_array_variable (in /usr/bin/bash)
==2360==    by 0x158DA7: ??? (in /usr/bin/bash)
==2362==    by 0x15B7AE: initialize_shell_variables (in /usr/bin/bash)
==2362==    by 0x138DC9: ??? (in /usr/bin/bash)
==2361==    by 0x138DC9: ??? (in /usr/bin/bash)
==2361==    by 0x137544: main (in /usr/bin/bash)
==2359==    by 0x157FCF: ??? (in /usr/bin/bash)
==2359==    by 0x15805C: ??? (in /usr/bin/bash)
==2360==    by 0x15B2EC: initialize_shell_variables (in /usr/bin/bash)
==2360==    by 0x138DC9: ??? (in /usr/bin/bash)
==2362==    by 0x137544: main (in /usr/bin/bash)
==2362== 
==2361== 
==2361== 12 bytes in 1 blocks are still reachable in loss record 101 of 304
==2359==    by 0x159490: set_pwd (in /usr/bin/bash)
==2359==    by 0x15AAEE: initialize_shell_variables (in /usr/bin/bash)
==2360==    by 0x137544: main (in /usr/bin/bash)
==2360== 
==2362== 5 bytes in 1 blocks are still reachable in loss record 41 of 304
==2362==    at 0x483B7F3: malloc (in /usr/lib/x86_64-linux-gnu/valgrind/vgpreload_memcheck-amd64-linux.so)
==2361==    at 0x483B7F3: malloc (in /usr/lib/x86_64-linux-gnu/valgrind/vgpreload_memcheck-amd64-linux.so)
==2361==    by 0x1984F3: xmalloc (in /usr/bin/bash)
==2359==    by 0x138DC9: ??? (in /usr/bin/bash)
==2359==    by 0x137544: main (in /usr/bin/bash)
==2360== 32 bytes in 1 blocks are still reachable in loss record 197 of 304
==2360==    at 0x483B7F3: malloc (in /usr/lib/x86_64-linux-gnu/valgrind/vgpreload_memcheck-amd64-linux.so)
==2362==    by 0x1984F3: xmalloc (in /usr/bin/bash)
==2362==    by 0x157FED: ??? (in /usr/bin/bash)
==2361==    by 0x157FED: ??? (in /usr/bin/bash)
==2361==    by 0x158D55: make_new_array_variable (in /usr/bin/bash)
==2359== 
==2359== 48 bytes in 1 blocks are still reachable in loss record 237 of 304
==2360==    by 0x1984F3: xmalloc (in /usr/bin/bash)
==2360==    by 0x183457: array_create_element (in /usr/bin/bash)
==2362==    by 0x15805C: ??? (in /usr/bin/bash)
==2362==    by 0x15B7AE: initialize_shell_variables (in /usr/bin/bash)
==2361==    by 0x158DA7: ??? (in /usr/bin/bash)
==2361==    by 0x15B349: initialize_shell_variables (in /usr/bin/bash)
==2359==    at 0x483B7F3: malloc (in /usr/lib/x86_64-linux-gnu/valgrind/vgpreload_memcheck-amd64-linux.so)
==2359==    by 0x1984F3: xmalloc (in /usr/bin/bash)
==2360==    by 0x1834ED: array_create (in /usr/bin/bash)
==2360==    by 0x158D5D: make_new_array_variable (in /usr/bin/bash)
==2362==    by 0x138DC9: ??? (in /usr/bin/bash)
==2362==    by 0x137544: main (in /usr/bin/bash)
==2361==    by 0x138DC9: ??? (in /usr/bin/bash)
==2361==    by 0x137544: main (in /usr/bin/bash)
==2359==    by 0x1544C3: ??? (in /usr/bin/bash)
==2359==    by 0x157FCF: ??? (in /usr/bin/bash)
==2360==    by 0x158DA7: ??? (in /usr/bin/bash)
==2360==    by 0x15B2EC: initialize_shell_variables (in /usr/bin/bash)
==2362== 
==2362== 5 bytes in 1 blocks are still reachable in loss record 42 of 304
==2361== 
==2361== 12 bytes in 1 blocks are still reachable in loss record 102 of 304
==2359==    by 0x15805C: ??? (in /usr/bin/bash)
==2359==    by 0x15AB01: initialize_shell_variables (in /usr/bin/bash)
==2360==    by 0x138DC9: ??? (in /usr/bin/bash)
==2360==    by 0x137544: main (in /usr/bin/bash)
==2362==    at 0x483B7F3: malloc (in /usr/lib/x86_64-linux-gnu/valgrind/vgpreload_memcheck-amd64-linux.so)
==2362==    by 0x1984F3: xmalloc (in /usr/bin/bash)
==2361==    at 0x483B7F3: malloc (in /usr/lib/x86_64-linux-gnu/valgrind/vgpreload_memcheck-amd64-linux.so)
==2361==    by 0x1984F3: xmalloc (in /usr/bin/bash)
==2359==    by 0x138DC9: ??? (in /usr/bin/bash)
==2359==    by 0x137544: main (in /usr/bin/bash)
==2360== 
==2360== 32 bytes in 1 blocks are still reachable in loss record 198 of 304
==2362==    by 0x183473: array_create_element (in /usr/bin/bash)
==2362==    by 0x18367F: ??? (in /usr/bin/bash)
==2361==    by 0x1544D7: ??? (in /usr/bin/bash)
==2361==    by 0x157FCF: ??? (in /usr/bin/bash)
==2359== 
==2359== 48 bytes in 1 blocks are still reachable in loss record 238 of 304
==2360==    at 0x483B7F3: malloc (in /usr/lib/x86_64-linux-gnu/valgrind/vgpreload_memcheck-amd64-linux.so)
==2360==    by 0x1984F3: xmalloc (in /usr/bin/bash)
==2362==    by 0x137CCD: main (in /usr/bin/bash)
==2362== 
==2361==    by 0x158D55: make_new_array_variable (in /usr/bin/bash)
==2361==    by 0x158DA7: ??? (in /usr/bin/bash)
==2359==    at 0x483B7F3: malloc (in /usr/lib/x86_64-linux-gnu/valgrind/vgpreload_memcheck-amd64-linux.so)
==2359==    by 0x1984F3: xmalloc (in /usr/bin/bash)
==2360==    by 0x17BBFB: hash_insert (in /usr/bin/bash)
==2360==    by 0x158008: ??? (in /usr/bin/bash)
==2362== 6 bytes in 1 blocks are still reachable in loss record 43 of 304
==2362==    at 0x483B7F3: malloc (in /usr/lib/x86_64-linux-gnu/valgrind/vgpreload_memcheck-amd64-linux.so)
==2361==    by 0x15B368: initialize_shell_variables (in /usr/bin/bash)
==2361==    by 0x138DC9: ??? (in /usr/bin/bash)
==2359==    by 0x1544C3: ??? (in /usr/bin/bash)
==2359==    by 0x157FCF: ??? (in /usr/bin/bash)
==2360==    by 0x158D55: make_new_array_variable (in /usr/bin/bash)
==2360==    by 0x158DA7: ??? (in /usr/bin/bash)
==2362==    by 0x1984F3: xmalloc (in /usr/bin/bash)
==2362==    by 0x1544D7: ??? (in /usr/bin/bash)
==2361==    by 0x137544: main (in /usr/bin/bash)
==2361== 
==2359==    by 0x15805C: ??? (in /usr/bin/bash)
==2359==    by 0x15AB1F: initialize_shell_variables (in /usr/bin/bash)
==2360==    by 0x15B30B: initialize_shell_variables (in /usr/bin/bash)
==2360==    by 0x138DC9: ??? (in /usr/bin/bash)
==2362==    by 0x157FCF: ??? (in /usr/bin/bash)
==2362==    by 0x15805C: ??? (in /usr/bin/bash)
==2361== 12 bytes in 1 blocks are still reachable in loss record 103 of 304
==2361==    at 0x483B7F3: malloc (in /usr/lib/x86_64-linux-gnu/valgrind/vgpreload_memcheck-amd64-linux.so)
==2359==    by 0x138DC9: ??? (in /usr/bin/bash)
==2359==    by 0x137544: main (in /usr/bin/bash)
==2360==    by 0x137544: main (in /usr/bin/bash)
==2360== 
==2362==    by 0x15929E: adjust_shell_level (in /usr/bin/bash)
==2362==    by 0x15AC10: initialize_shell_variables (in /usr/bin/bash)
==2361==    by 0x1984F3: xmalloc (in /usr/bin/bash)
==2361==    by 0x157FED: ??? (in /usr/bin/bash)
==2359== 
==2359== 48 bytes in 1 blocks are still reachable in loss record 239 of 304
==2360== 32 bytes in 1 blocks are still reachable in loss record 199 of 304
==2360==    at 0x483B7F3: malloc (in /usr/lib/x86_64-linux-gnu/valgrind/vgpreload_memcheck-amd64-linux.so)
==2362==    by 0x138DC9: ??? (in /usr/bin/bash)
==2362==    by 0x137544: main (in /usr/bin/bash)
==2361==    by 0x158D55: make_new_array_variable (in /usr/bin/bash)
==2361==    by 0x158DA7: ??? (in /usr/bin/bash)
==2359==    at 0x483B7F3: malloc (in /usr/lib/x86_64-linux-gnu/valgrind/vgpreload_memcheck-amd64-linux.so)
==2359==    by 0x1984F3: xmalloc (in /usr/bin/bash)
==2360==    by 0x1984F3: xmalloc (in /usr/bin/bash)
==2360==    by 0x183457: array_create_element (in /usr/bin/bash)
==2362== 
==2362== 6 bytes in 1 blocks are still reachable in loss record 44 of 304
==2361==    by 0x15B368: initialize_shell_variables (in /usr/bin/bash)
==2361==    by 0x138DC9: ??? (in /usr/bin/bash)
==2359==    by 0x1544C3: ??? (in /usr/bin/bash)
==2359==    by 0x157FCF: ??? (in /usr/bin/bash)
==2360==    by 0x1834ED: array_create (in /usr/bin/bash)
==2360==    by 0x158D5D: make_new_array_variable (in /usr/bin/bash)
==2362==    at 0x483B7F3: malloc (in /usr/lib/x86_64-linux-gnu/valgrind/vgpreload_memcheck-amd64-linux.so)
==2362==    by 0x1984F3: xmalloc (in /usr/bin/bash)
==2361==    by 0x137544: main (in /usr/bin/bash)
==2361== 
==2359==    by 0x15805C: ??? (in /usr/bin/bash)
==2359==    by 0x15AB32: initialize_shell_variables (in /usr/bin/bash)
==2360==    by 0x158DA7: ??? (in /usr/bin/bash)
==2360==    by 0x15B30B: initialize_shell_variables (in /usr/bin/bash)
==2362==    by 0x157FED: ??? (in /usr/bin/bash)
==2362==    by 0x15805C: ??? (in /usr/bin/bash)
==2361== 13 bytes in 1 blocks are still reachable in loss record 104 of 304
==2361==    at 0x483B7F3: malloc (in /usr/lib/x86_64-linux-gnu/valgrind/vgpreload_memcheck-amd64-linux.so)
==2359==    by 0x138DC9: ??? (in /usr/bin/bash)
==2359==    by 0x137544: main (in /usr/bin/bash)
==2360==    by 0x138DC9: ??? (in /usr/bin/bash)
==2360==    by 0x137544: main (in /usr/bin/bash)
==2362==    by 0x15929E: adjust_shell_level (in /usr/bin/bash)
==2362==    by 0x15AC10: initialize_shell_variables (in /usr/bin/bash)
==2361==    by 0x1984F3: xmalloc (in /usr/bin/bash)
==2361==    by 0x138ECE: ??? (in /usr/bin/bash)
==2359== 
==2359== 48 bytes in 1 blocks are still reachable in loss record 240 of 304
==2360== 
==2360== 32 bytes in 1 blocks are still reachable in loss record 200 of 304
==2362==    by 0x138DC9: ??? (in /usr/bin/bash)
==2362==    by 0x137544: main (in /usr/bin/bash)
==2361==    by 0x137544: main (in /usr/bin/bash)
==2361== 
==2359==    at 0x483B7F3: malloc (in /usr/lib/x86_64-linux-gnu/valgrind/vgpreload_memcheck-amd64-linux.so)
==2359==    by 0x1984F3: xmalloc (in /usr/bin/bash)
==2360==    at 0x483B7F3: malloc (in /usr/lib/x86_64-linux-gnu/valgrind/vgpreload_memcheck-amd64-linux.so)
==2360==    by 0x1984F3: xmalloc (in /usr/bin/bash)
==2362== 
==2362== 6 bytes in 1 blocks are still reachable in loss record 45 of 304
==2361== 13 bytes in 1 blocks are still reachable in loss record 105 of 304
==2359==    by 0x1544C3: ??? (in /usr/bin/bash)
==2359==    by 0x157FCF: ??? (in /usr/bin/bash)
==2360==    by 0x17BBFB: hash_insert (in /usr/bin/bash)
==2360==    by 0x158008: ??? (in /usr/bin/bash)
==2362==    at 0x483B7F3: malloc (in /usr/lib/x86_64-linux-gnu/valgrind/vgpreload_memcheck-amd64-linux.so)
==2362==    by 0x1984F3: xmalloc (in /usr/bin/bash)
==2361==    at 0x483B7F3: malloc (in /usr/lib/x86_64-linux-gnu/valgrind/vgpreload_memcheck-amd64-linux.so)
==2361==    by 0x1984F3: xmalloc (in /usr/bin/bash)
==2359==    by 0x15805C: ??? (in /usr/bin/bash)
==2359==    by 0x15AB65: initialize_shell_variables (in /usr/bin/bash)
==2360==    by 0x158D55: make_new_array_variable (in /usr/bin/bash)
==2360==    by 0x158DA7: ??? (in /usr/bin/bash)
==2362==    by 0x138C68: ??? (in /usr/bin/bash)
==2362==    by 0x15B81C: initialize_shell_variables (in /usr/bin/bash)
==2361==    by 0x156DA1: make_variable_value (in /usr/bin/bash)
==2359==    by 0x138DC9: ??? (in /usr/bin/bash)
==2359==    by 0x137544: main (in /usr/bin/bash)
==2360==    by 0x15B32A: initialize_shell_variables (in /usr/bin/bash)
==2360==    by 0x138DC9: ??? (in /usr/bin/bash)
==2362==    by 0x138DC9: ??? (in /usr/bin/bash)
==2362==    by 0x137544: main (in /usr/bin/bash)
==2361==    by 0x15806D: ??? (in /usr/bin/bash)
==2361==    by 0x15ABCE: initialize_shell_variables (in /usr/bin/bash)
==2359== 
==2359== 48 bytes in 1 blocks are still reachable in loss record 241 of 304
==2360==    by 0x137544: main (in /usr/bin/bash)
==2360== 
==2362== 
==2362== 6 bytes in 1 blocks are still reachable in loss record 46 of 304
==2361==    by 0x138DC9: ??? (in /usr/bin/bash)
==2361==    by 0x137544: main (in /usr/bin/bash)
==2359==    at 0x483B7F3: malloc (in /usr/lib/x86_64-linux-gnu/valgrind/vgpreload_memcheck-amd64-linux.so)
==2359==    by 0x1984F3: xmalloc (in /usr/bin/bash)
==2360== 32 bytes in 1 blocks are still reachable in loss record 201 of 304
==2360==    at 0x483B7F3: malloc (in /usr/lib/x86_64-linux-gnu/valgrind/vgpreload_memcheck-amd64-linux.so)
==2362==    at 0x483B7F3: malloc (in /usr/lib/x86_64-linux-gnu/valgrind/vgpreload_memcheck-amd64-linux.so)
==2362==    by 0x1984F3: xmalloc (in /usr/bin/bash)
==2361== 
==2361== 13 bytes in 1 blocks are still reachable in loss record 106 of 304
==2359==    by 0x1544C3: ??? (in /usr/bin/bash)
==2359==    by 0x157FCF: ??? (in /usr/bin/bash)
==2360==    by 0x1984F3: xmalloc (in /usr/bin/bash)
==2360==    by 0x183457: array_create_element (in /usr/bin/bash)
==2362==    by 0x1544D7: ??? (in /usr/bin/bash)
==2362==    by 0x157FCF: ??? (in /usr/bin/bash)
==2361==    at 0x483B7F3: malloc (in /usr/lib/x86_64-linux-gnu/valgrind/vgpreload_memcheck-amd64-linux.so)
==2361==    by 0x1984F3: xmalloc (in /usr/bin/bash)
==2359==    by 0x15805C: ??? (in /usr/bin/bash)
==2359==    by 0x15AB7A: initialize_shell_variables (in /usr/bin/bash)
==2360==    by 0x1834ED: array_create (in /usr/bin/bash)
==2360==    by 0x158D5D: make_new_array_variable (in /usr/bin/bash)
==2362==    by 0x15805C: ??? (in /usr/bin/bash)
==2362==    by 0x15B635: initialize_shell_variables (in /usr/bin/bash)
==2361==    by 0x1544D7: ??? (in /usr/bin/bash)
==2361==    by 0x157FCF: ??? (in /usr/bin/bash)
==2359==    by 0x138DC9: ??? (in /usr/bin/bash)
==2359==    by 0x137544: main (in /usr/bin/bash)
==2360==    by 0x158DA7: ??? (in /usr/bin/bash)
==2360==    by 0x15B32A: initialize_shell_variables (in /usr/bin/bash)
==2362==    by 0x138DC9: ??? (in /usr/bin/bash)
==2362==    by 0x137544: main (in /usr/bin/bash)
==2361==    by 0x15805C: ??? (in /usr/bin/bash)
==2361==    by 0x15AECB: initialize_shell_variables (in /usr/bin/bash)
==2359== 
==2359== 48 bytes in 1 blocks are still reachable in loss record 242 of 304
==2360==    by 0x138DC9: ??? (in /usr/bin/bash)
==2360==    by 0x137544: main (in /usr/bin/bash)
==2362== 
==2362== 6 bytes in 1 blocks are still reachable in loss record 47 of 304
==2361==    by 0x138DC9: ??? (in /usr/bin/bash)
==2361==    by 0x137544: main (in /usr/bin/bash)
==2359==    at 0x483B7F3: malloc (in /usr/lib/x86_64-linux-gnu/valgrind/vgpreload_memcheck-amd64-linux.so)
==2359==    by 0x1984F3: xmalloc (in /usr/bin/bash)
==2360== 
==2360== 32 bytes in 1 blocks are still reachable in loss record 202 of 304
==2362==    at 0x483B7F3: malloc (in /usr/lib/x86_64-linux-gnu/valgrind/vgpreload_memcheck-amd64-linux.so)
==2362==    by 0x1984F3: xmalloc (in /usr/bin/bash)
==2361== 
==2361== 13 bytes in 1 blocks are still reachable in loss record 107 of 304
==2359==    by 0x1544C3: ??? (in /usr/bin/bash)
==2359==    by 0x157FCF: ??? (in /usr/bin/bash)
==2360==    at 0x483B7F3: malloc (in /usr/lib/x86_64-linux-gnu/valgrind/vgpreload_memcheck-amd64-linux.so)
==2360==    by 0x1984F3: xmalloc (in /usr/bin/bash)
==2362==    by 0x157FED: ??? (in /usr/bin/bash)
==2362==    by 0x15805C: ??? (in /usr/bin/bash)
==2361==    at 0x483B7F3: malloc (in /usr/lib/x86_64-linux-gnu/valgrind/vgpreload_memcheck-amd64-linux.so)
==2361==    by 0x1984F3: xmalloc (in /usr/bin/bash)
==2359==    by 0x15805C: ??? (in /usr/bin/bash)
==2359==    by 0x15AB95: initialize_shell_variables (in /usr/bin/bash)
==2360==    by 0x17BBFB: hash_insert (in /usr/bin/bash)
==2360==    by 0x158008: ??? (in /usr/bin/bash)
==2362==    by 0x15B635: initialize_shell_variables (in /usr/bin/bash)
==2362==    by 0x138DC9: ??? (in /usr/bin/bash)
==2361==    by 0x157FED: ??? (in /usr/bin/bash)
==2361==    by 0x15805C: ??? (in /usr/bin/bash)
==2359==    by 0x138DC9: ??? (in /usr/bin/bash)
==2359==    by 0x137544: main (in /usr/bin/bash)
==2360==    by 0x158D55: make_new_array_variable (in /usr/bin/bash)
==2360==    by 0x158DA7: ??? (in /usr/bin/bash)
==2362==    by 0x137544: main (in /usr/bin/bash)
==2362== 
==2361==    by 0x15AECB: initialize_shell_variables (in /usr/bin/bash)
==2361==    by 0x138DC9: ??? (in /usr/bin/bash)
==2359== 
==2359== 48 bytes in 1 blocks are still reachable in loss record 243 of 304
==2360==    by 0x15B349: initialize_shell_variables (in /usr/bin/bash)
==2360==    by 0x138DC9: ??? (in /usr/bin/bash)
==2362== 7 bytes in 1 blocks are still reachable in loss record 48 of 304
==2362==    at 0x483B7F3: malloc (in /usr/lib/x86_64-linux-gnu/valgrind/vgpreload_memcheck-amd64-linux.so)
==2361==    by 0x137544: main (in /usr/bin/bash)
==2361== 
==2359==    at 0x483B7F3: malloc (in /usr/lib/x86_64-linux-gnu/valgrind/vgpreload_memcheck-amd64-linux.so)
==2359==    by 0x1984F3: xmalloc (in /usr/bin/bash)
==2360==    by 0x137544: main (in /usr/bin/bash)
==2360== 
==2362==    by 0x1984F3: xmalloc (in /usr/bin/bash)
==2362==    by 0x1544D7: ??? (in /usr/bin/bash)
==2361== 13 bytes in 1 blocks are still reachable in loss record 108 of 304
==2361==    at 0x483B7F3: malloc (in /usr/lib/x86_64-linux-gnu/valgrind/vgpreload_memcheck-amd64-linux.so)
==2359==    by 0x1544C3: ??? (in /usr/bin/bash)
==2359==    by 0x157FCF: ??? (in /usr/bin/bash)
==2360== 32 bytes in 1 blocks are still reachable in loss record 203 of 304
==2360==    at 0x483B7F3: malloc (in /usr/lib/x86_64-linux-gnu/valgrind/vgpreload_memcheck-amd64-linux.so)
==2362==    by 0x157FCF: ??? (in /usr/bin/bash)
==2362==    by 0x15805C: ??? (in /usr/bin/bash)
==2361==    by 0x1984F3: xmalloc (in /usr/bin/bash)
==2361==    by 0x1544D7: ??? (in /usr/bin/bash)
==2359==    by 0x15805C: ??? (in /usr/bin/bash)
==2359==    by 0x15ABA8: initialize_shell_variables (in /usr/bin/bash)
==2360==    by 0x1984F3: xmalloc (in /usr/bin/bash)
==2360==    by 0x183457: array_create_element (in /usr/bin/bash)
==2362==    by 0x159490: set_pwd (in /usr/bin/bash)
==2362==    by 0x15AAEE: initialize_shell_variables (in /usr/bin/bash)
==2361==    by 0x157FCF: ??? (in /usr/bin/bash)
==2361==    by 0x15805C: ??? (in /usr/bin/bash)
==2359==    by 0x138DC9: ??? (in /usr/bin/bash)
==2359==    by 0x137544: main (in /usr/bin/bash)
==2360==    by 0x1834ED: array_create (in /usr/bin/bash)
==2360==    by 0x158D5D: make_new_array_variable (in /usr/bin/bash)
==2362==    by 0x138DC9: ??? (in /usr/bin/bash)
==2362==    by 0x137544: main (in /usr/bin/bash)
==2361==    by 0x15B165: initialize_shell_variables (in /usr/bin/bash)
==2361==    by 0x138DC9: ??? (in /usr/bin/bash)
==2359== 
==2359== 48 bytes in 1 blocks are still reachable in loss record 244 of 304
==2360==    by 0x158DA7: ??? (in /usr/bin/bash)
==2360==    by 0x15B349: initialize_shell_variables (in /usr/bin/bash)
==2362== 
==2362== 7 bytes in 1 blocks are still reachable in loss record 49 of 304
==2361==    by 0x137544: main (in /usr/bin/bash)
==2361== 
==2359==    at 0x483B7F3: malloc (in /usr/lib/x86_64-linux-gnu/valgrind/vgpreload_memcheck-amd64-linux.so)
==2359==    by 0x1984F3: xmalloc (in /usr/bin/bash)
==2360==    by 0x138DC9: ??? (in /usr/bin/bash)
==2362==    at 0x483B7F3: malloc (in /usr/lib/x86_64-linux-gnu/valgrind/vgpreload_memcheck-amd64-linux.so)
==2362==    by 0x1984F3: xmalloc (in /usr/bin/bash)
==2361== 13 bytes in 1 blocks are still reachable in loss record 109 of 304
==2361==    at 0x483B7F3: malloc (in /usr/lib/x86_64-linux-gnu/valgrind/vgpreload_memcheck-amd64-linux.so)
==2359==    by 0x1544C3: ??? (in /usr/bin/bash)
==2359==    by 0x157FCF: ??? (in /usr/bin/bash)
==2360==    by 0x137544: main (in /usr/bin/bash)
==2360== 
==2362==    by 0x157FED: ??? (in /usr/bin/bash)
==2362==    by 0x15805C: ??? (in /usr/bin/bash)
==2361==    by 0x1984F3: xmalloc (in /usr/bin/bash)
==2361==    by 0x157FED: ??? (in /usr/bin/bash)
==2359==    by 0x15805C: ??? (in /usr/bin/bash)
==2359==    by 0x15ABBB: initialize_shell_variables (in /usr/bin/bash)
==2360== 32 bytes in 1 blocks are still reachable in loss record 204 of 304
==2360==    at 0x483B7F3: malloc (in /usr/lib/x86_64-linux-gnu/valgrind/vgpreload_memcheck-amd64-linux.so)
==2362==    by 0x159490: set_pwd (in /usr/bin/bash)
==2362==    by 0x15AAEE: initialize_shell_variables (in /usr/bin/bash)
==2361==    by 0x15805C: ??? (in /usr/bin/bash)
==2361==    by 0x15B165: initialize_shell_variables (in /usr/bin/bash)
==2359==    by 0x138DC9: ??? (in /usr/bin/bash)
==2359==    by 0x137544: main (in /usr/bin/bash)
==2360==    by 0x1984F3: xmalloc (in /usr/bin/bash)
==2360==    by 0x17BBFB: hash_insert (in /usr/bin/bash)
==2362==    by 0x138DC9: ??? (in /usr/bin/bash)
==2362==    by 0x137544: main (in /usr/bin/bash)
==2361==    by 0x138DC9: ??? (in /usr/bin/bash)
==2359== 
==2359== 48 bytes in 1 blocks are still reachable in loss record 245 of 304
==2360==    by 0x158008: ??? (in /usr/bin/bash)
==2360==    by 0x158D55: make_new_array_variable (in /usr/bin/bash)
==2362== 
==2362== 7 bytes in 1 blocks are still reachable in loss record 50 of 304
==2361==    by 0x137544: main (in /usr/bin/bash)
==2361== 
==2359==    at 0x483B7F3: malloc (in /usr/lib/x86_64-linux-gnu/valgrind/vgpreload_memcheck-amd64-linux.so)
==2359==    by 0x1984F3: xmalloc (in /usr/bin/bash)
==2360==    by 0x158DA7: ??? (in /usr/bin/bash)
==2360==    by 0x15B368: initialize_shell_variables (in /usr/bin/bash)
==2362==    at 0x483B7F3: malloc (in /usr/lib/x86_64-linux-gnu/valgrind/vgpreload_memcheck-amd64-linux.so)
==2362==    by 0x1984F3: xmalloc (in /usr/bin/bash)
==2361== 13 bytes in 1 blocks are still reachable in loss record 110 of 304
==2361==    at 0x483B7F3: malloc (in /usr/lib/x86_64-linux-gnu/valgrind/vgpreload_memcheck-amd64-linux.so)
==2359==    by 0x1544C3: ??? (in /usr/bin/bash)
==2359==    by 0x157FCF: ??? (in /usr/bin/bash)
==2360==    by 0x138DC9: ??? (in /usr/bin/bash)
==2360==    by 0x137544: main (in /usr/bin/bash)
==2362==    by 0x156DA1: make_variable_value (in /usr/bin/bash)
==2362==    by 0x15806D: ??? (in /usr/bin/bash)
==2361==    by 0x1984F3: xmalloc (in /usr/bin/bash)
==2361==    by 0x1544D7: ??? (in /usr/bin/bash)
==2359==    by 0x15805C: ??? (in /usr/bin/bash)
==2359==    by 0x15ABCE: initialize_shell_variables (in /usr/bin/bash)
==2360== 
==2360== 32 bytes in 1 blocks are still reachable in loss record 205 of 304
==2362==    by 0x15AB95: initialize_shell_variables (in /usr/bin/bash)
==2362==    by 0x138DC9: ??? (in /usr/bin/bash)
==2361==    by 0x157FCF: ??? (in /usr/bin/bash)
==2361==    by 0x15805C: ??? (in /usr/bin/bash)
==2359==    by 0x138DC9: ??? (in /usr/bin/bash)
==2359==    by 0x137544: main (in /usr/bin/bash)
==2360==    at 0x483B7F3: malloc (in /usr/lib/x86_64-linux-gnu/valgrind/vgpreload_memcheck-amd64-linux.so)
==2360==    by 0x1984F3: xmalloc (in /usr/bin/bash)
==2362==    by 0x137544: main (in /usr/bin/bash)
==2362== 
==2361==    by 0x15B228: initialize_shell_variables (in /usr/bin/bash)
==2361==    by 0x138DC9: ??? (in /usr/bin/bash)
==2359== 
==2359== 48 bytes in 1 blocks are still reachable in loss record 246 of 304
==2360==    by 0x183457: array_create_element (in /usr/bin/bash)
==2360==    by 0x1834ED: array_create (in /usr/bin/bash)
==2362== 7 bytes in 1 blocks are still reachable in loss record 51 of 304
==2362==    at 0x483B7F3: malloc (in /usr/lib/x86_64-linux-gnu/valgrind/vgpreload_memcheck-amd64-linux.so)
==2361==    by 0x137544: main (in /usr/bin/bash)
==2361== 
==2359==    at 0x483B7F3: malloc (in /usr/lib/x86_64-linux-gnu/valgrind/vgpreload_memcheck-amd64-linux.so)
==2359==    by 0x1984F3: xmalloc (in /usr/bin/bash)
==2360==    by 0x158D5D: make_new_array_variable (in /usr/bin/bash)
==2360==    by 0x158DA7: ??? (in /usr/bin/bash)
==2362==    by 0x1984F3: xmalloc (in /usr/bin/bash)
==2362==    by 0x1544D7: ??? (in /usr/bin/bash)
==2361== 13 bytes in 1 blocks are still reachable in loss record 111 of 304
==2361==    at 0x483B7F3: malloc (in /usr/lib/x86_64-linux-gnu/valgrind/vgpreload_memcheck-amd64-linux.so)
==2359==    by 0x1544C3: ??? (in /usr/bin/bash)
==2359==    by 0x157FCF: ??? (in /usr/bin/bash)
==2360==    by 0x15B368: initialize_shell_variables (in /usr/bin/bash)
==2360==    by 0x138DC9: ??? (in /usr/bin/bash)
==2362==    by 0x157FCF: ??? (in /usr/bin/bash)
==2362==    by 0x15805C: ??? (in /usr/bin/bash)
==2361==    by 0x1984F3: xmalloc (in /usr/bin/bash)
==2361==    by 0x157FED: ??? (in /usr/bin/bash)
==2359==    by 0x15805C: ??? (in /usr/bin/bash)
==2359==    by 0x15929E: adjust_shell_level (in /usr/bin/bash)
==2360==    by 0x137544: main (in /usr/bin/bash)
==2360== 
==2362==    by 0x15ABA8: initialize_shell_variables (in /usr/bin/bash)
==2362==    by 0x138DC9: ??? (in /usr/bin/bash)
==2361==    by 0x15805C: ??? (in /usr/bin/bash)
==2361==    by 0x15B228: initialize_shell_variables (in /usr/bin/bash)
==2359==    by 0x15AC10: initialize_shell_variables (in /usr/bin/bash)
==2359==    by 0x138DC9: ??? (in /usr/bin/bash)
==2360== 32 bytes in 1 blocks are still reachable in loss record 206 of 304
==2360==    at 0x483B7F3: malloc (in /usr/lib/x86_64-linux-gnu/valgrind/vgpreload_memcheck-amd64-linux.so)
==2362==    by 0x137544: main (in /usr/bin/bash)
==2362== 
==2361==    by 0x138DC9: ??? (in /usr/bin/bash)
==2361==    by 0x137544: main (in /usr/bin/bash)
==2359==    by 0x137544: main (in /usr/bin/bash)
==2359== 
==2360==    by 0x1984F3: xmalloc (in /usr/bin/bash)
==2360==    by 0x17BBFB: hash_insert (in /usr/bin/bash)
==2362== 7 bytes in 1 blocks are still reachable in loss record 52 of 304
==2362==    at 0x483B7F3: malloc (in /usr/lib/x86_64-linux-gnu/valgrind/vgpreload_memcheck-amd64-linux.so)
==2361== 
==2359== 48 bytes in 1 blocks are still reachable in loss record 247 of 304
==2359==    at 0x483B7F3: malloc (in /usr/lib/x86_64-linux-gnu/valgrind/vgpreload_memcheck-amd64-linux.so)
==2360==    by 0x158008: ??? (in /usr/bin/bash)
==2360==    by 0x158DE5: make_new_assoc_variable (in /usr/bin/bash)
==2362==    by 0x1984F3: xmalloc (in /usr/bin/bash)
==2362==    by 0x157FED: ??? (in /usr/bin/bash)
==2361== 13 bytes in 1 blocks are still reachable in loss record 112 of 304
==2361==    at 0x483B7F3: malloc (in /usr/lib/x86_64-linux-gnu/valgrind/vgpreload_memcheck-amd64-linux.so)
==2359==    by 0x1984F3: xmalloc (in /usr/bin/bash)
==2359==    by 0x1544C3: ??? (in /usr/bin/bash)
==2360==    by 0x15B6A9: initialize_shell_variables (in /usr/bin/bash)
==2360==    by 0x138DC9: ??? (in /usr/bin/bash)
==2362==    by 0x15805C: ??? (in /usr/bin/bash)
==2362==    by 0x15ABA8: initialize_shell_variables (in /usr/bin/bash)
==2361==    by 0x1984F3: xmalloc (in /usr/bin/bash)
==2361==    by 0x1544D7: ??? (in /usr/bin/bash)
==2359==    by 0x157FCF: ??? (in /usr/bin/bash)
==2359==    by 0x15805C: ??? (in /usr/bin/bash)
==2360==    by 0x137544: main (in /usr/bin/bash)
==2360== 
==2362==    by 0x138DC9: ??? (in /usr/bin/bash)
==2362==    by 0x137544: main (in /usr/bin/bash)
==2361==    by 0x157FCF: ??? (in /usr/bin/bash)
==2361==    by 0x158DE5: make_new_assoc_variable (in /usr/bin/bash)
==2359==    by 0x159628: set_ppid (in /usr/bin/bash)
==2359==    by 0x15AC15: initialize_shell_variables (in /usr/bin/bash)
==2360== 32 bytes in 1 blocks are still reachable in loss record 207 of 304
==2360==    at 0x483B7F3: malloc (in /usr/lib/x86_64-linux-gnu/valgrind/vgpreload_memcheck-amd64-linux.so)
==2362== 
==2362== 7 bytes in 1 blocks are still reachable in loss record 53 of 304
==2361==    by 0x15B67B: initialize_shell_variables (in /usr/bin/bash)
==2359==    by 0x138DC9: ??? (in /usr/bin/bash)
==2359==    by 0x137544: main (in /usr/bin/bash)
==2360==    by 0x1984F3: xmalloc (in /usr/bin/bash)
==2360==    by 0x17BBFB: hash_insert (in /usr/bin/bash)
==2362==    at 0x483B7F3: malloc (in /usr/lib/x86_64-linux-gnu/valgrind/vgpreload_memcheck-amd64-linux.so)
==2362==    by 0x1984F3: xmalloc (in /usr/bin/bash)
==2361==    by 0x138DC9: ??? (in /usr/bin/bash)
==2361==    by 0x137544: main (in /usr/bin/bash)
==2359== 
==2359== 48 bytes in 1 blocks are still reachable in loss record 248 of 304
==2360==    by 0x158008: ??? (in /usr/bin/bash)
==2360==    by 0x158DE5: make_new_assoc_variable (in /usr/bin/bash)
==2362==    by 0x1544D7: ??? (in /usr/bin/bash)
==2361== 
==2361== 13 bytes in 1 blocks are still reachable in loss record 113 of 304
==2359==    at 0x483B7F3: malloc (in /usr/lib/x86_64-linux-gnu/valgrind/vgpreload_memcheck-amd64-linux.so)
==2359==    by 0x1984F3: xmalloc (in /usr/bin/bash)
==2360==    by 0x15B67B: initialize_shell_variables (in /usr/bin/bash)
==2360==    by 0x138DC9: ??? (in /usr/bin/bash)
==2362==    by 0x157FCF: ??? (in /usr/bin/bash)
==2362==    by 0x15805C: ??? (in /usr/bin/bash)
==2361==    at 0x483B7F3: malloc (in /usr/lib/x86_64-linux-gnu/valgrind/vgpreload_memcheck-amd64-linux.so)
==2361==    by 0x1984F3: xmalloc (in /usr/bin/bash)
==2359==    by 0x1544C3: ??? (in /usr/bin/bash)
==2359==    by 0x157FCF: ??? (in /usr/bin/bash)
==2360==    by 0x137544: main (in /usr/bin/bash)
==2360== 
==2362==    by 0x15AC2A: initialize_shell_variables (in /usr/bin/bash)
==2362==    by 0x138DC9: ??? (in /usr/bin/bash)
==2361==    by 0x157FED: ??? (in /usr/bin/bash)
==2361==    by 0x158DE5: make_new_assoc_variable (in /usr/bin/bash)
==2359==    by 0x15805C: ??? (in /usr/bin/bash)
==2359==    by 0x15AC2A: initialize_shell_variables (in /usr/bin/bash)
==2360== 32 bytes in 1 blocks are still reachable in loss record 208 of 304
==2360==    at 0x483B7F3: malloc (in /usr/lib/x86_64-linux-gnu/valgrind/vgpreload_memcheck-amd64-linux.so)
==2362==    by 0x137544: main (in /usr/bin/bash)
==2362== 
==2361==    by 0x15B67B: initialize_shell_variables (in /usr/bin/bash)
==2361==    by 0x138DC9: ??? (in /usr/bin/bash)
==2359==    by 0x138DC9: ??? (in /usr/bin/bash)
==2359==    by 0x137544: main (in /usr/bin/bash)
==2360==    by 0x1984F3: xmalloc (in /usr/bin/bash)
==2360==    by 0x17BBFB: hash_insert (in /usr/bin/bash)
==2362== 7 bytes in 1 blocks are still reachable in loss record 54 of 304
==2362==    at 0x483B7F3: malloc (in /usr/lib/x86_64-linux-gnu/valgrind/vgpreload_memcheck-amd64-linux.so)
==2361==    by 0x137544: main (in /usr/bin/bash)
==2361== 
==2359== 
==2359== 48 bytes in 1 blocks are still reachable in loss record 249 of 304
==2360==    by 0x158008: ??? (in /usr/bin/bash)
==2360==    by 0x158D55: make_new_array_variable (in /usr/bin/bash)
==2362==    by 0x1984F3: xmalloc (in /usr/bin/bash)
==2362==    by 0x157FED: ??? (in /usr/bin/bash)
==2361== 14 bytes in 1 blocks are still reachable in loss record 114 of 304
==2361==    at 0x483B7F3: malloc (in /usr/lib/x86_64-linux-gnu/valgrind/vgpreload_memcheck-amd64-linux.so)
==2359==    at 0x483B7F3: malloc (in /usr/lib/x86_64-linux-gnu/valgrind/vgpreload_memcheck-amd64-linux.so)
==2359==    by 0x1984F3: xmalloc (in /usr/bin/bash)
==2360==    by 0x15B64D: initialize_shell_variables (in /usr/bin/bash)
==2360==    by 0x138DC9: ??? (in /usr/bin/bash)
==2362==    by 0x15805C: ??? (in /usr/bin/bash)
==2362==    by 0x15AC2A: initialize_shell_variables (in /usr/bin/bash)
==2361==    by 0x1984F3: xmalloc (in /usr/bin/bash)
==2361==    by 0x1544D7: ??? (in /usr/bin/bash)
==2359==    by 0x1544C3: ??? (in /usr/bin/bash)
==2359==    by 0x157FCF: ??? (in /usr/bin/bash)
==2360==    by 0x137544: main (in /usr/bin/bash)
==2360== 
==2362==    by 0x138DC9: ??? (in /usr/bin/bash)
==2362==    by 0x137544: main (in /usr/bin/bash)
==2361==    by 0x157FCF: ??? (in /usr/bin/bash)
==2361==    by 0x158D55: make_new_array_variable (in /usr/bin/bash)
==2359==    by 0x15805C: ??? (in /usr/bin/bash)
==2359==    by 0x15AC4A: initialize_shell_variables (in /usr/bin/bash)
==2360== 32 bytes in 1 blocks are still reachable in loss record 209 of 304
==2360==    at 0x483B7F3: malloc (in /usr/lib/x86_64-linux-gnu/valgrind/vgpreload_memcheck-amd64-linux.so)
==2362== 
==2362== 7 bytes in 1 blocks are still reachable in loss record 55 of 304
==2361==    by 0x15AEE3: initialize_shell_variables (in /usr/bin/bash)
==2361==    by 0x138DC9: ??? (in /usr/bin/bash)
==2359==    by 0x138DC9: ??? (in /usr/bin/bash)
==2359==    by 0x137544: main (in /usr/bin/bash)
==2360==    by 0x1984F3: xmalloc (in /usr/bin/bash)
==2360==    by 0x183457: array_create_element (in /usr/bin/bash)
==2362==    at 0x483B7F3: malloc (in /usr/lib/x86_64-linux-gnu/valgrind/vgpreload_memcheck-amd64-linux.so)
==2362==    by 0x1984F3: xmalloc (in /usr/bin/bash)
==2361==    by 0x137544: main (in /usr/bin/bash)
==2361== 
==2359== 
==2359== 48 bytes in 1 blocks are still reachable in loss record 250 of 304
==2360==    by 0x1834ED: array_create (in /usr/bin/bash)
==2360==    by 0x158D5D: make_new_array_variable (in /usr/bin/bash)
==2362==    by 0x1544D7: ??? (in /usr/bin/bash)
==2362==    by 0x157FCF: ??? (in /usr/bin/bash)
==2361== 14 bytes in 1 blocks are still reachable in loss record 115 of 304
==2361==    at 0x483B7F3: malloc (in /usr/lib/x86_64-linux-gnu/valgrind/vgpreload_memcheck-amd64-linux.so)
==2359==    at 0x483B7F3: malloc (in /usr/lib/x86_64-linux-gnu/valgrind/vgpreload_memcheck-amd64-linux.so)
==2359==    by 0x1984F3: xmalloc (in /usr/bin/bash)
==2360==    by 0x15B64D: initialize_shell_variables (in /usr/bin/bash)
==2360==    by 0x138DC9: ??? (in /usr/bin/bash)
==2362==    by 0x15805C: ??? (in /usr/bin/bash)
==2362==    by 0x15AC4A: initialize_shell_variables (in /usr/bin/bash)
==2361==    by 0x1984F3: xmalloc (in /usr/bin/bash)
==2361==    by 0x157FED: ??? (in /usr/bin/bash)
==2359==    by 0x1544C3: ??? (in /usr/bin/bash)
==2359==    by 0x157FCF: ??? (in /usr/bin/bash)
==2360==    by 0x137544: main (in /usr/bin/bash)
==2360== 
==2362==    by 0x138DC9: ??? (in /usr/bin/bash)
==2362==    by 0x137544: main (in /usr/bin/bash)
==2361==    by 0x158D55: make_new_array_variable (in /usr/bin/bash)
==2361==    by 0x15AEE3: initialize_shell_variables (in /usr/bin/bash)
==2359==    by 0x15805C: ??? (in /usr/bin/bash)
==2359==    by 0x15AE90: initialize_shell_variables (in /usr/bin/bash)
==2360== 32 bytes in 1 blocks are still reachable in loss record 210 of 304
==2360==    at 0x483B7F3: malloc (in /usr/lib/x86_64-linux-gnu/valgrind/vgpreload_memcheck-amd64-linux.so)
==2362== 
==2362== 7 bytes in 1 blocks are still reachable in loss record 56 of 304
==2361==    by 0x138DC9: ??? (in /usr/bin/bash)
==2361==    by 0x137544: main (in /usr/bin/bash)
==2359==    by 0x138DC9: ??? (in /usr/bin/bash)
==2359==    by 0x137544: main (in /usr/bin/bash)
==2360==    by 0x1984F3: xmalloc (in /usr/bin/bash)
==2360==    by 0x17BBFB: hash_insert (in /usr/bin/bash)
==2362==    at 0x483B7F3: malloc (in /usr/lib/x86_64-linux-gnu/valgrind/vgpreload_memcheck-amd64-linux.so)
==2362==    by 0x1984F3: xmalloc (in /usr/bin/bash)
==2361== 
==2361== 14 bytes in 1 blocks are still reachable in loss record 116 of 304
==2359== 
==2359== 48 bytes in 1 blocks are still reachable in loss record 251 of 304
==2360==    by 0x158008: ??? (in /usr/bin/bash)
==2360==    by 0x15805C: ??? (in /usr/bin/bash)
==2362==    by 0x157FED: ??? (in /usr/bin/bash)
==2362==    by 0x15805C: ??? (in /usr/bin/bash)
==2361==    at 0x483B7F3: malloc (in /usr/lib/x86_64-linux-gnu/valgrind/vgpreload_memcheck-amd64-linux.so)
==2361==    by 0x1984F3: xmalloc (in /usr/bin/bash)
==2359==    at 0x483B7F3: malloc (in /usr/lib/x86_64-linux-gnu/valgrind/vgpreload_memcheck-amd64-linux.so)
==2359==    by 0x1984F3: xmalloc (in /usr/bin/bash)
==2360==    by 0x1A76E0: set_shellopts (in /usr/bin/bash)
==2360==    by 0x138DFD: ??? (in /usr/bin/bash)
==2362==    by 0x15AC4A: initialize_shell_variables (in /usr/bin/bash)
==2362==    by 0x138DC9: ??? (in /usr/bin/bash)
==2361==    by 0x1544D7: ??? (in /usr/bin/bash)
==2361==    by 0x157FCF: ??? (in /usr/bin/bash)
==2359==    by 0x1544C3: ??? (in /usr/bin/bash)
==2359==    by 0x157FCF: ??? (in /usr/bin/bash)
==2360==    by 0x137544: main (in /usr/bin/bash)
==2360== 
==2362==    by 0x137544: main (in /usr/bin/bash)
==2362== 
==2361==    by 0x15805C: ??? (in /usr/bin/bash)
==2361==    by 0x15B188: initialize_shell_variables (in /usr/bin/bash)
==2359==    by 0x15805C: ??? (in /usr/bin/bash)
==2359==    by 0x15B635: initialize_shell_variables (in /usr/bin/bash)
==2360== 32 bytes in 1 blocks are still reachable in loss record 211 of 304
==2360==    at 0x483B7F3: malloc (in /usr/lib/x86_64-linux-gnu/valgrind/vgpreload_memcheck-amd64-linux.so)
==2362== 7 bytes in 1 blocks are still reachable in loss record 57 of 304
==2362==    at 0x483B7F3: malloc (in /usr/lib/x86_64-linux-gnu/valgrind/vgpreload_memcheck-amd64-linux.so)
==2361==    by 0x138DC9: ??? (in /usr/bin/bash)
==2361==    by 0x137544: main (in /usr/bin/bash)
==2359==    by 0x138DC9: ??? (in /usr/bin/bash)
==2359==    by 0x137544: main (in /usr/bin/bash)
==2360==    by 0x1984F3: xmalloc (in /usr/bin/bash)
==2360==    by 0x17BBFB: hash_insert (in /usr/bin/bash)
==2362==    by 0x1984F3: xmalloc (in /usr/bin/bash)
==2362==    by 0x1544D7: ??? (in /usr/bin/bash)
==2361== 
==2361== 14 bytes in 1 blocks are still reachable in loss record 117 of 304
==2359== 
==2359== 48 bytes in 1 blocks are still reachable in loss record 252 of 304
==2360==    by 0x158008: ??? (in /usr/bin/bash)
==2360==    by 0x15805C: ??? (in /usr/bin/bash)
==2362==    by 0x157FCF: ??? (in /usr/bin/bash)
==2362==    by 0x15805C: ??? (in /usr/bin/bash)
==2361==    at 0x483B7F3: malloc (in /usr/lib/x86_64-linux-gnu/valgrind/vgpreload_memcheck-amd64-linux.so)
==2361==    by 0x1984F3: xmalloc (in /usr/bin/bash)
==2359==    at 0x483B7F3: malloc (in /usr/lib/x86_64-linux-gnu/valgrind/vgpreload_memcheck-amd64-linux.so)
==2359==    by 0x1984F3: xmalloc (in /usr/bin/bash)
==2360==    by 0x1AC4B0: set_bashopts (in /usr/bin/bash)
==2360==    by 0x138E1C: ??? (in /usr/bin/bash)
==2362==    by 0x15B1AE: initialize_shell_variables (in /usr/bin/bash)
==2362==    by 0x138DC9: ??? (in /usr/bin/bash)
==2361==    by 0x157FED: ??? (in /usr/bin/bash)
==2361==    by 0x15805C: ??? (in /usr/bin/bash)
==2359==    by 0x1544C3: ??? (in /usr/bin/bash)
==2359==    by 0x157FCF: ??? (in /usr/bin/bash)
==2360==    by 0x137544: main (in /usr/bin/bash)
==2360== 
==2362==    by 0x137544: main (in /usr/bin/bash)
==2362== 
==2361==    by 0x15B188: initialize_shell_variables (in /usr/bin/bash)
==2361==    by 0x138DC9: ??? (in /usr/bin/bash)
==2359==    by 0x15805C: ??? (in /usr/bin/bash)
==2359==    by 0x15AECB: initialize_shell_variables (in /usr/bin/bash)
==2360== 32 bytes in 1 blocks are still reachable in loss record 212 of 304
==2360==    at 0x483B7F3: malloc (in /usr/lib/x86_64-linux-gnu/valgrind/vgpreload_memcheck-amd64-linux.so)
==2362== 7 bytes in 1 blocks are still reachable in loss record 58 of 304
==2362==    at 0x483B7F3: malloc (in /usr/lib/x86_64-linux-gnu/valgrind/vgpreload_memcheck-amd64-linux.so)
==2361==    by 0x137544: main (in /usr/bin/bash)
==2359==    by 0x138DC9: ??? (in /usr/bin/bash)
==2359==    by 0x137544: main (in /usr/bin/bash)
==2360==    by 0x1984F3: xmalloc (in /usr/bin/bash)
==2360==    by 0x183457: array_create_element (in /usr/bin/bash)
==2362==    by 0x1984F3: xmalloc (in /usr/bin/bash)
==2362==    by 0x157FED: ??? (in /usr/bin/bash)
==2361== 
==2359== 
==2359== 48 bytes in 1 blocks are still reachable in loss record 253 of 304
==2360==    by 0x18367F: ??? (in /usr/bin/bash)
==2360==    by 0x137C8C: main (in /usr/bin/bash)
==2362==    by 0x15805C: ??? (in /usr/bin/bash)
==2362==    by 0x15B1AE: initialize_shell_variables (in /usr/bin/bash)
==2361== 14 bytes in 1 blocks are still reachable in loss record 118 of 304
==2361==    at 0x483B7F3: malloc (in /usr/lib/x86_64-linux-gnu/valgrind/vgpreload_memcheck-amd64-linux.so)
==2359==    at 0x483B7F3: malloc (in /usr/lib/x86_64-linux-gnu/valgrind/vgpreload_memcheck-amd64-linux.so)
==2359==    by 0x1984F3: xmalloc (in /usr/bin/bash)
==2360== 
==2360== 32 bytes in 1 blocks are still reachable in loss record 213 of 304
==2362==    by 0x138DC9: ??? (in /usr/bin/bash)
==2362==    by 0x137544: main (in /usr/bin/bash)
==2361==    by 0x1984F3: xmalloc (in /usr/bin/bash)
==2361==    by 0x1544D7: ??? (in /usr/bin/bash)
==2359==    by 0x1544C3: ??? (in /usr/bin/bash)
==2359==    by 0x157FCF: ??? (in /usr/bin/bash)
==2360==    at 0x483B7F3: malloc (in /usr/lib/x86_64-linux-gnu/valgrind/vgpreload_memcheck-amd64-linux.so)
==2360==    by 0x1984F3: xmalloc (in /usr/bin/bash)
==2362== 
==2362== 7 bytes in 1 blocks are still reachable in loss record 59 of 304
==2361==    by 0x157FCF: ??? (in /usr/bin/bash)
==2359==    by 0x158D55: make_new_array_variable (in /usr/bin/bash)
==2359==    by 0x15AEE3: initialize_shell_variables (in /usr/bin/bash)
==2360==    by 0x183457: array_create_element (in /usr/bin/bash)
==2360==    by 0x18367F: ??? (in /usr/bin/bash)
==2362==    at 0x483B7F3: malloc (in /usr/lib/x86_64-linux-gnu/valgrind/vgpreload_memcheck-amd64-linux.so)
==2362==    by 0x1984F3: xmalloc (in /usr/bin/bash)
==2361==    by 0x15805C: ??? (in /usr/bin/bash)
==2359==    by 0x138DC9: ??? (in /usr/bin/bash)
==2359==    by 0x137544: main (in /usr/bin/bash)
==2360==    by 0x137CB1: main (in /usr/bin/bash)
==2360== 
==2362==    by 0x1544D7: ??? (in /usr/bin/bash)
==2362==    by 0x157FCF: ??? (in /usr/bin/bash)
==2361==    by 0x15B24E: initialize_shell_variables (in /usr/bin/bash)
==2361==    by 0x138DC9: ??? (in /usr/bin/bash)
==2359== 
==2359== 48 bytes in 1 blocks are still reachable in loss record 254 of 304
==2360== 32 bytes in 1 blocks are still reachable in loss record 214 of 304
==2360==    at 0x483B7F3: malloc (in /usr/lib/x86_64-linux-gnu/valgrind/vgpreload_memcheck-amd64-linux.so)
==2362==    by 0x15805C: ??? (in /usr/bin/bash)
==2362==    by 0x15B1D8: initialize_shell_variables (in /usr/bin/bash)
==2361==    by 0x137544: main (in /usr/bin/bash)
==2359==    at 0x483B7F3: malloc (in /usr/lib/x86_64-linux-gnu/valgrind/vgpreload_memcheck-amd64-linux.so)
==2359==    by 0x1984F3: xmalloc (in /usr/bin/bash)
==2360==    by 0x1984F3: xmalloc (in /usr/bin/bash)
==2360==    by 0x183457: array_create_element (in /usr/bin/bash)
==2362==    by 0x138DC9: ??? (in /usr/bin/bash)
==2361== 
==2361== 14 bytes in 1 blocks are still reachable in loss record 119 of 304
==2359==    by 0x1544C3: ??? (in /usr/bin/bash)
==2359==    by 0x157FCF: ??? (in /usr/bin/bash)
==2360==    by 0x18367F: ??? (in /usr/bin/bash)
==2360==    by 0x137CCD: main (in /usr/bin/bash)
==2362==    by 0x137544: main (in /usr/bin/bash)
==2362== 
==2361==    at 0x483B7F3: malloc (in /usr/lib/x86_64-linux-gnu/valgrind/vgpreload_memcheck-amd64-linux.so)
==2361==    by 0x1984F3: xmalloc (in /usr/bin/bash)
==2359==    by 0x15805C: ??? (in /usr/bin/bash)
==2359==    by 0x15B7C8: initialize_shell_variables (in /usr/bin/bash)
==2360== 
==2360== 32 bytes in 1 blocks are still reachable in loss record 215 of 304
==2362== 7 bytes in 1 blocks are still reachable in loss record 60 of 304
==2362==    at 0x483B7F3: malloc (in /usr/lib/x86_64-linux-gnu/valgrind/vgpreload_memcheck-amd64-linux.so)
==2361==    by 0x157FED: ??? (in /usr/bin/bash)
==2361==    by 0x15805C: ??? (in /usr/bin/bash)
==2359==    by 0x138DC9: ??? (in /usr/bin/bash)
==2359==    by 0x137544: main (in /usr/bin/bash)
==2360==    at 0x483B7F3: malloc (in /usr/lib/x86_64-linux-gnu/valgrind/vgpreload_memcheck-amd64-linux.so)
==2360==    by 0x1984F3: xmalloc (in /usr/bin/bash)
==2362==    by 0x1984F3: xmalloc (in /usr/bin/bash)
==2362==    by 0x157FED: ??? (in /usr/bin/bash)
==2361==    by 0x15B24E: initialize_shell_variables (in /usr/bin/bash)
==2361==    by 0x138DC9: ??? (in /usr/bin/bash)
==2359== 
==2359== 48 bytes in 1 blocks are still reachable in loss record 255 of 304
==2360==    by 0x17EFE9: ??? (in /usr/bin/bash)
==2360==    by 0x17F2CE: begin_unwind_frame (in /usr/bin/bash)
==2362==    by 0x15805C: ??? (in /usr/bin/bash)
==2362==    by 0x15B1D8: initialize_shell_variables (in /usr/bin/bash)
==2361==    by 0x137544: main (in /usr/bin/bash)
==2361== 
==2359==    at 0x483B7F3: malloc (in /usr/lib/x86_64-linux-gnu/valgrind/vgpreload_memcheck-amd64-linux.so)
==2359==    by 0x1984F3: xmalloc (in /usr/bin/bash)
==2360==    by 0x1519B1: execute_command (in /usr/bin/bash)
==2360==    by 0x139664: reader_loop (in /usr/bin/bash)
==2362==    by 0x138DC9: ??? (in /usr/bin/bash)
==2362==    by 0x137544: main (in /usr/bin/bash)
==2361== 16 bytes in 1 blocks are still reachable in loss record 120 of 304
==2361==    at 0x483B7F3: malloc (in /usr/lib/x86_64-linux-gnu/valgrind/vgpreload_memcheck-amd64-linux.so)
==2359==    by 0x1544C3: ??? (in /usr/bin/bash)
==2359==    by 0x157FCF: ??? (in /usr/bin/bash)
==2360==    by 0x137EF8: main (in /usr/bin/bash)
==2360== 
==2362== 
==2362== 7 bytes in 1 blocks are still reachable in loss record 61 of 304
==2361==    by 0x1984F3: xmalloc (in /usr/bin/bash)
==2361==    by 0x14789D: tilde_initialize (in /usr/bin/bash)
==2359==    by 0x15805C: ??? (in /usr/bin/bash)
==2359==    by 0x15B7AE: initialize_shell_variables (in /usr/bin/bash)
==2360== 32 bytes in 1 blocks are still reachable in loss record 216 of 304
==2360==    at 0x483B7F3: malloc (in /usr/lib/x86_64-linux-gnu/valgrind/vgpreload_memcheck-amd64-linux.so)
==2362==    at 0x483B7F3: malloc (in /usr/lib/x86_64-linux-gnu/valgrind/vgpreload_memcheck-amd64-linux.so)
==2362==    by 0x1984F3: xmalloc (in /usr/bin/bash)
==2361==    by 0x138DA5: ??? (in /usr/bin/bash)
==2361==    by 0x137544: main (in /usr/bin/bash)
==2359==    by 0x138DC9: ??? (in /usr/bin/bash)
==2359==    by 0x137544: main (in /usr/bin/bash)
==2360==    by 0x1984F3: xmalloc (in /usr/bin/bash)
==2360==    by 0x17EFE9: ??? (in /usr/bin/bash)
==2362==    by 0x1544D7: ??? (in /usr/bin/bash)
==2362==    by 0x157FCF: ??? (in /usr/bin/bash)
==2361== 
==2361== 16 bytes in 1 blocks are still reachable in loss record 121 of 304
==2359== 
==2359== 48 bytes in 1 blocks are still reachable in loss record 256 of 304
==2360==    by 0x17F4C9: add_unwind_protect (in /usr/bin/bash)
==2360==    by 0x1519C2: execute_command (in /usr/bin/bash)
==2362==    by 0x158D55: make_new_array_variable (in /usr/bin/bash)
==2362==    by 0x158DA7: ??? (in /usr/bin/bash)
==2361==    at 0x483B7F3: malloc (in /usr/lib/x86_64-linux-gnu/valgrind/vgpreload_memcheck-amd64-linux.so)
==2361==    by 0x1984F3: xmalloc (in /usr/bin/bash)
==2359==    at 0x483B7F3: malloc (in /usr/lib/x86_64-linux-gnu/valgrind/vgpreload_memcheck-amd64-linux.so)
==2359==    by 0x1984F3: xmalloc (in /usr/bin/bash)
==2360==    by 0x139664: reader_loop (in /usr/bin/bash)
==2360==    by 0x137EF8: main (in /usr/bin/bash)
==2362==    by 0x15B2EC: initialize_shell_variables (in /usr/bin/bash)
==2362==    by 0x138DC9: ??? (in /usr/bin/bash)
==2361==    by 0x1478EE: tilde_initialize (in /usr/bin/bash)
==2361==    by 0x138DA5: ??? (in /usr/bin/bash)
==2359==    by 0x1544C3: ??? (in /usr/bin/bash)
==2359==    by 0x157FCF: ??? (in /usr/bin/bash)
==2360== 
==2360== 32 bytes in 1 blocks are still reachable in loss record 217 of 304
==2362==    by 0x137544: main (in /usr/bin/bash)
==2362== 
==2361==    by 0x137544: main (in /usr/bin/bash)
==2361== 
==2359==    by 0x15805C: ??? (in /usr/bin/bash)
==2359==    by 0x15B112: initialize_shell_variables (in /usr/bin/bash)
==2360==    at 0x483B7F3: malloc (in /usr/lib/x86_64-linux-gnu/valgrind/vgpreload_memcheck-amd64-linux.so)
==2360==    by 0x1984F3: xmalloc (in /usr/bin/bash)
==2362== 7 bytes in 1 blocks are still reachable in loss record 62 of 304
==2362==    at 0x483B7F3: malloc (in /usr/lib/x86_64-linux-gnu/valgrind/vgpreload_memcheck-amd64-linux.so)
==2361== 16 bytes in 1 blocks are still reachable in loss record 122 of 304
==2361==    at 0x483B7F3: malloc (in /usr/lib/x86_64-linux-gnu/valgrind/vgpreload_memcheck-amd64-linux.so)
==2359==    by 0x138DC9: ??? (in /usr/bin/bash)
==2359==    by 0x137544: main (in /usr/bin/bash)
==2360==    by 0x17EFE9: ??? (in /usr/bin/bash)
==2360==    by 0x17F2CE: begin_unwind_frame (in /usr/bin/bash)
==2362==    by 0x1984F3: xmalloc (in /usr/bin/bash)
==2362==    by 0x157FED: ??? (in /usr/bin/bash)
==2361==    by 0x1984F3: xmalloc (in /usr/bin/bash)
==2361==    by 0x17B6F6: hash_create (in /usr/bin/bash)
==2359== 
==2359== 48 bytes in 1 blocks are still reachable in loss record 257 of 304
==2360==    by 0x14FB5D: execute_command_internal (in /usr/bin/bash)
==2360==    by 0x1519D9: execute_command (in /usr/bin/bash)
==2362==    by 0x158D55: make_new_array_variable (in /usr/bin/bash)
==2362==    by 0x158DA7: ??? (in /usr/bin/bash)
==2361==    by 0x157F8A: ??? (in /usr/bin/bash)
==2361==    by 0x15AAAB: initialize_shell_variables (in /usr/bin/bash)
==2359==    at 0x483B7F3: malloc (in /usr/lib/x86_64-linux-gnu/valgrind/vgpreload_memcheck-amd64-linux.so)
==2359==    by 0x1984F3: xmalloc (in /usr/bin/bash)
==2360==    by 0x139664: reader_loop (in /usr/bin/bash)
==2360==    by 0x137EF8: main (in /usr/bin/bash)
==2362==    by 0x15B2EC: initialize_shell_variables (in /usr/bin/bash)
==2362==    by 0x138DC9: ??? (in /usr/bin/bash)
==2361==    by 0x138DC9: ??? (in /usr/bin/bash)
==2361==    by 0x137544: main (in /usr/bin/bash)
==2359==    by 0x1544C3: ??? (in /usr/bin/bash)
==2359==    by 0x157FCF: ??? (in /usr/bin/bash)
==2360== 
==2360== 32 bytes in 1 blocks are still reachable in loss record 218 of 304
==2362==    by 0x137544: main (in /usr/bin/bash)
==2362== 
==2361== 
==2361== 16 bytes in 1 blocks are still reachable in loss record 123 of 304
==2359==    by 0x15805C: ??? (in /usr/bin/bash)
==2359==    by 0x15B13F: initialize_shell_variables (in /usr/bin/bash)
==2360==    at 0x483B7F3: malloc (in /usr/lib/x86_64-linux-gnu/valgrind/vgpreload_memcheck-amd64-linux.so)
==2360==    by 0x1984F3: xmalloc (in /usr/bin/bash)
==2362== 8 bytes in 1 blocks are still reachable in loss record 63 of 304
==2362==    at 0x483B7F3: malloc (in /usr/lib/x86_64-linux-gnu/valgrind/vgpreload_memcheck-amd64-linux.so)
==2361==    at 0x483B7F3: malloc (in /usr/lib/x86_64-linux-gnu/valgrind/vgpreload_memcheck-amd64-linux.so)
==2361==    by 0x1984F3: xmalloc (in /usr/bin/bash)
==2359==    by 0x138DC9: ??? (in /usr/bin/bash)
==2359==    by 0x137544: main (in /usr/bin/bash)
==2360==    by 0x17EFE9: ??? (in /usr/bin/bash)
==2360==    by 0x17F4C9: add_unwind_protect (in /usr/bin/bash)
==2362==    by 0x1984F3: xmalloc (in /usr/bin/bash)
==2362==    by 0x183473: array_create_element (in /usr/bin/bash)
==2361==    by 0x17B6F6: hash_create (in /usr/bin/bash)
==2359== 
==2359== 48 bytes in 1 blocks are still reachable in loss record 258 of 304
==2360==    by 0x14FBF2: execute_command_internal (in /usr/bin/bash)
==2360==    by 0x1519D9: execute_command (in /usr/bin/bash)
==2362==    by 0x183987: array_insert (in /usr/bin/bash)
==2361==    by 0x157FA9: ??? (in /usr/bin/bash)
==2361==    by 0x15AAAB: initialize_shell_variables (in /usr/bin/bash)
==2359==    at 0x483B7F3: malloc (in /usr/lib/x86_64-linux-gnu/valgrind/vgpreload_memcheck-amd64-linux.so)
==2359==    by 0x1984F3: xmalloc (in /usr/bin/bash)
==2360==    by 0x139664: reader_loop (in /usr/bin/bash)
==2360==    by 0x137EF8: main (in /usr/bin/bash)
==2362==    by 0x15AF95: initialize_shell_variables (in /usr/bin/bash)
==2362==    by 0x138DC9: ??? (in /usr/bin/bash)
==2361==    by 0x138DC9: ??? (in /usr/bin/bash)
==2359==    by 0x1544C3: ??? (in /usr/bin/bash)
==2359==    by 0x157FCF: ??? (in /usr/bin/bash)
==2360== 
==2360== 32 bytes in 1 blocks are still reachable in loss record 219 of 304
==2362==    by 0x137544: main (in /usr/bin/bash)
==2362== 
==2361==    by 0x137544: main (in /usr/bin/bash)
==2361== 
==2359==    by 0x15805C: ??? (in /usr/bin/bash)
==2359==    by 0x15B165: initialize_shell_variables (in /usr/bin/bash)
==2360==    at 0x483B7F3: malloc (in /usr/lib/x86_64-linux-gnu/valgrind/vgpreload_memcheck-amd64-linux.so)
==2360==    by 0x1984F3: xmalloc (in /usr/bin/bash)
==2362== 8 bytes in 1 blocks are still reachable in loss record 64 of 304
==2362==    at 0x483B7F3: malloc (in /usr/lib/x86_64-linux-gnu/valgrind/vgpreload_memcheck-amd64-linux.so)
==2361== 16 bytes in 1 blocks are still reachable in loss record 124 of 304
==2361==    at 0x483B7F3: malloc (in /usr/lib/x86_64-linux-gnu/valgrind/vgpreload_memcheck-amd64-linux.so)
==2359==    by 0x138DC9: ??? (in /usr/bin/bash)
==2359==    by 0x137544: main (in /usr/bin/bash)
==2360==    by 0x17EFE9: ??? (in /usr/bin/bash)
==2360==    by 0x17F2CE: begin_unwind_frame (in /usr/bin/bash)
==2362==    by 0x1984F3: xmalloc (in /usr/bin/bash)
==2362==    by 0x1544D7: ??? (in /usr/bin/bash)
==2361==    by 0x1984F3: xmalloc (in /usr/bin/bash)
==2359== 
==2359== 48 bytes in 1 blocks are still reachable in loss record 259 of 304
==2360==    by 0x151400: execute_command_internal (in /usr/bin/bash)
==2360==    by 0x1519D9: execute_command (in /usr/bin/bash)
==2362==    by 0x157FCF: ??? (in /usr/bin/bash)
==2362==    by 0x15805C: ??? (in /usr/bin/bash)
==2361==    by 0x17B6F6: hash_create (in /usr/bin/bash)
==2361==    by 0x157F51: ??? (in /usr/bin/bash)
==2359==    at 0x483B7F3: malloc (in /usr/lib/x86_64-linux-gnu/valgrind/vgpreload_memcheck-amd64-linux.so)
==2359==    by 0x1984F3: xmalloc (in /usr/bin/bash)
==2360==    by 0x139664: reader_loop (in /usr/bin/bash)
==2360==    by 0x137EF8: main (in /usr/bin/bash)
==2362==    by 0x15B112: initialize_shell_variables (in /usr/bin/bash)
==2362==    by 0x138DC9: ??? (in /usr/bin/bash)
==2361==    by 0x15AAAB: initialize_shell_variables (in /usr/bin/bash)
==2361==    by 0x138DC9: ??? (in /usr/bin/bash)
==2359==    by 0x1544C3: ??? (in /usr/bin/bash)
==2359==    by 0x157FCF: ??? (in /usr/bin/bash)
==2360== 
==2360== 32 bytes in 1 blocks are still reachable in loss record 220 of 304
==2362==    by 0x137544: main (in /usr/bin/bash)
==2362== 
==2361==    by 0x137544: main (in /usr/bin/bash)
==2361== 
==2359==    by 0x15805C: ??? (in /usr/bin/bash)
==2359==    by 0x15B188: initialize_shell_variables (in /usr/bin/bash)
==2360==    at 0x483B7F3: malloc (in /usr/lib/x86_64-linux-gnu/valgrind/vgpreload_memcheck-amd64-linux.so)
==2360==    by 0x1984F3: xmalloc (in /usr/bin/bash)
==2362== 8 bytes in 1 blocks are still reachable in loss record 65 of 304
==2362==    at 0x483B7F3: malloc (in /usr/lib/x86_64-linux-gnu/valgrind/vgpreload_memcheck-amd64-linux.so)
==2361== 16 bytes in 1 blocks are still reachable in loss record 125 of 304
==2359==    by 0x138DC9: ??? (in /usr/bin/bash)
==2359==    by 0x137544: main (in /usr/bin/bash)
==2360==    by 0x17BBFB: hash_insert (in /usr/bin/bash)
==2360==    by 0x158008: ??? (in /usr/bin/bash)
==2362==    by 0x1984F3: xmalloc (in /usr/bin/bash)
==2362==    by 0x157FED: ??? (in /usr/bin/bash)
==2361==    at 0x483B7F3: malloc (in /usr/lib/x86_64-linux-gnu/valgrind/vgpreload_memcheck-amd64-linux.so)
==2361==    by 0x1984F3: xmalloc (in /usr/bin/bash)
==2359== 
==2359== 48 bytes in 1 blocks are still reachable in loss record 260 of 304
==2360==    by 0x158D55: make_new_array_variable (in /usr/bin/bash)
==2360==    by 0x15C10B: set_pipestatus_array (in /usr/bin/bash)
==2362==    by 0x15805C: ??? (in /usr/bin/bash)
==2362==    by 0x15B112: initialize_shell_variables (in /usr/bin/bash)
==2361==    by 0x1544D7: ??? (in /usr/bin/bash)
==2361==    by 0x157FCF: ??? (in /usr/bin/bash)
==2359==    at 0x483B7F3: malloc (in /usr/lib/x86_64-linux-gnu/valgrind/vgpreload_memcheck-amd64-linux.so)
==2359==    by 0x1984F3: xmalloc (in /usr/bin/bash)
==2360==    by 0x15172F: execute_command_internal (in /usr/bin/bash)
==2360==    by 0x1519D9: execute_command (in /usr/bin/bash)
==2362==    by 0x138DC9: ??? (in /usr/bin/bash)
==2362==    by 0x137544: main (in /usr/bin/bash)
==2361==    by 0x15805C: ??? (in /usr/bin/bash)
==2361==    by 0x15B2A2: initialize_shell_variables (in /usr/bin/bash)
==2359==    by 0x1544C3: ??? (in /usr/bin/bash)
==2359==    by 0x157FCF: ??? (in /usr/bin/bash)
==2360==    by 0x139664: reader_loop (in /usr/bin/bash)
==2360==    by 0x137EF8: main (in /usr/bin/bash)
==2362== 
==2362== 8 bytes in 1 blocks are still reachable in loss record 66 of 304
==2361==    by 0x138DC9: ??? (in /usr/bin/bash)
==2361==    by 0x137544: main (in /usr/bin/bash)
==2359==    by 0x15805C: ??? (in /usr/bin/bash)
==2359==    by 0x15B1AE: initialize_shell_variables (in /usr/bin/bash)
==2360== 
==2360== 32 bytes in 1 blocks are still reachable in loss record 221 of 304
==2362==    at 0x483B7F3: malloc (in /usr/lib/x86_64-linux-gnu/valgrind/vgpreload_memcheck-amd64-linux.so)
==2362==    by 0x1984F3: xmalloc (in /usr/bin/bash)
==2361== 
==2361== 16 bytes in 1 blocks are still reachable in loss record 126 of 304
==2359==    by 0x138DC9: ??? (in /usr/bin/bash)
==2359==    by 0x137544: main (in /usr/bin/bash)
==2360==    at 0x483B7F3: malloc (in /usr/lib/x86_64-linux-gnu/valgrind/vgpreload_memcheck-amd64-linux.so)
==2360==    by 0x1984F3: xmalloc (in /usr/bin/bash)
==2362==    by 0x1544D7: ??? (in /usr/bin/bash)
==2362==    by 0x157FCF: ??? (in /usr/bin/bash)
==2361==    at 0x483B7F3: malloc (in /usr/lib/x86_64-linux-gnu/valgrind/vgpreload_memcheck-amd64-linux.so)
==2361==    by 0x1984F3: xmalloc (in /usr/bin/bash)
==2359== 
==2359== 48 bytes in 1 blocks are still reachable in loss record 261 of 304
==2360==    by 0x183457: array_create_element (in /usr/bin/bash)
==2360==    by 0x1834ED: array_create (in /usr/bin/bash)
==2362==    by 0x15805C: ??? (in /usr/bin/bash)
==2362==    by 0x15B205: initialize_shell_variables (in /usr/bin/bash)
==2361==    by 0x157FED: ??? (in /usr/bin/bash)
==2361==    by 0x15805C: ??? (in /usr/bin/bash)
==2359==    at 0x483B7F3: malloc (in /usr/lib/x86_64-linux-gnu/valgrind/vgpreload_memcheck-amd64-linux.so)
==2359==    by 0x1984F3: xmalloc (in /usr/bin/bash)
==2360==    by 0x158D5D: make_new_array_variable (in /usr/bin/bash)
==2360==    by 0x15C10B: set_pipestatus_array (in /usr/bin/bash)
==2362==    by 0x138DC9: ??? (in /usr/bin/bash)
==2361==    by 0x15B2A2: initialize_shell_variables (in /usr/bin/bash)
==2361==    by 0x138DC9: ??? (in /usr/bin/bash)
==2359==    by 0x1544C3: ??? (in /usr/bin/bash)
==2359==    by 0x157FCF: ??? (in /usr/bin/bash)
==2360==    by 0x15172F: execute_command_internal (in /usr/bin/bash)
==2360==    by 0x1519D9: execute_command (in /usr/bin/bash)
==2362==    by 0x137544: main (in /usr/bin/bash)
==2362== 
==2361==    by 0x137544: main (in /usr/bin/bash)
==2361== 
==2359==    by 0x15805C: ??? (in /usr/bin/bash)
==2359==    by 0x15B1D8: initialize_shell_variables (in /usr/bin/bash)
==2360==    by 0x139664: reader_loop (in /usr/bin/bash)
==2360==    by 0x137EF8: main (in /usr/bin/bash)
==2362== 8 bytes in 1 blocks are still reachable in loss record 67 of 304
==2362==    at 0x483B7F3: malloc (in /usr/lib/x86_64-linux-gnu/valgrind/vgpreload_memcheck-amd64-linux.so)
==2361== 16 bytes in 1 blocks are still reachable in loss record 127 of 304
==2361==    at 0x483B7F3: malloc (in /usr/lib/x86_64-linux-gnu/valgrind/vgpreload_memcheck-amd64-linux.so)
==2359==    by 0x138DC9: ??? (in /usr/bin/bash)
==2359==    by 0x137544: main (in /usr/bin/bash)
==2360== 
==2362==    by 0x1984F3: xmalloc (in /usr/bin/bash)
==2362==    by 0x157FED: ??? (in /usr/bin/bash)
==2361==    by 0x1984F3: xmalloc (in /usr/bin/bash)
==2361==    by 0x17B6F6: hash_create (in /usr/bin/bash)
==2359== 
==2359== 48 bytes in 1 blocks are still reachable in loss record 262 of 304
==2360== 32 bytes in 1 blocks are still reachable in loss record 222 of 304
==2360==    at 0x483B7F3: malloc (in /usr/lib/x86_64-linux-gnu/valgrind/vgpreload_memcheck-amd64-linux.so)
==2362==    by 0x15805C: ??? (in /usr/bin/bash)
==2362==    by 0x15B205: initialize_shell_variables (in /usr/bin/bash)
==2361==    by 0x158DEF: make_new_assoc_variable (in /usr/bin/bash)
==2361==    by 0x15B6A9: initialize_shell_variables (in /usr/bin/bash)
==2359==    at 0x483B7F3: malloc (in /usr/lib/x86_64-linux-gnu/valgrind/vgpreload_memcheck-amd64-linux.so)
==2359==    by 0x1984F3: xmalloc (in /usr/bin/bash)
==2360==    by 0x1984F3: xmalloc (in /usr/bin/bash)
==2360==    by 0x183457: array_create_element (in /usr/bin/bash)
==2362==    by 0x138DC9: ??? (in /usr/bin/bash)
==2362==    by 0x137544: main (in /usr/bin/bash)
==2361==    by 0x138DC9: ??? (in /usr/bin/bash)
==2361==    by 0x137544: main (in /usr/bin/bash)
==2359==    by 0x1544C3: ??? (in /usr/bin/bash)
==2359==    by 0x157FCF: ??? (in /usr/bin/bash)
==2360==    by 0x183987: array_insert (in /usr/bin/bash)
==2360==    by 0x15C09E: set_pipestatus_array (in /usr/bin/bash)
==2362== 
==2362== 8 bytes in 1 blocks are still reachable in loss record 68 of 304
==2361== 
==2361== 16 bytes in 1 blocks are still reachable in loss record 128 of 304
==2359==    by 0x15805C: ??? (in /usr/bin/bash)
==2359==    by 0x15B205: initialize_shell_variables (in /usr/bin/bash)
==2360==    by 0x15172F: execute_command_internal (in /usr/bin/bash)
==2360==    by 0x1519D9: execute_command (in /usr/bin/bash)
==2362==    at 0x483B7F3: malloc (in /usr/lib/x86_64-linux-gnu/valgrind/vgpreload_memcheck-amd64-linux.so)
==2362==    by 0x1984F3: xmalloc (in /usr/bin/bash)
==2361==    at 0x483B7F3: malloc (in /usr/lib/x86_64-linux-gnu/valgrind/vgpreload_memcheck-amd64-linux.so)
==2361==    by 0x1984F3: xmalloc (in /usr/bin/bash)
==2359==    by 0x138DC9: ??? (in /usr/bin/bash)
==2359==    by 0x137544: main (in /usr/bin/bash)
==2360==    by 0x139664: reader_loop (in /usr/bin/bash)
==2360==    by 0x137EF8: main (in /usr/bin/bash)
==2362==    by 0x1544D7: ??? (in /usr/bin/bash)
==2362==    by 0x157FCF: ??? (in /usr/bin/bash)
==2361==    by 0x17B6F6: hash_create (in /usr/bin/bash)
==2359== 
==2359== 48 bytes in 1 blocks are still reachable in loss record 263 of 304
==2360== 
==2360== 34 bytes in 1 blocks are still reachable in loss record 223 of 304
==2362==    by 0x15805C: ??? (in /usr/bin/bash)
==2362==    by 0x15B27B: initialize_shell_variables (in /usr/bin/bash)
==2361==    by 0x158DEF: make_new_assoc_variable (in /usr/bin/bash)
==2359==    at 0x483B7F3: malloc (in /usr/lib/x86_64-linux-gnu/valgrind/vgpreload_memcheck-amd64-linux.so)
==2359==    by 0x1984F3: xmalloc (in /usr/bin/bash)
==2360==    at 0x483DFAF: realloc (in /usr/lib/x86_64-linux-gnu/valgrind/vgpreload_memcheck-amd64-linux.so)
==2360==    by 0x198558: xrealloc (in /usr/bin/bash)
==2362==    by 0x138DC9: ??? (in /usr/bin/bash)
==2362==    by 0x137544: main (in /usr/bin/bash)
==2361==    by 0x15B67B: initialize_shell_variables (in /usr/bin/bash)
==2361==    by 0x138DC9: ??? (in /usr/bin/bash)
==2359==    by 0x1544C3: ??? (in /usr/bin/bash)
==2359==    by 0x157FCF: ??? (in /usr/bin/bash)
==2360==    by 0x13A097: ??? (in /usr/bin/bash)
==2360==    by 0x13C688: ??? (in /usr/bin/bash)
==2362== 
==2362== 8 bytes in 1 blocks are still reachable in loss record 69 of 304
==2361==    by 0x137544: main (in /usr/bin/bash)
==2361== 
==2359==    by 0x15805C: ??? (in /usr/bin/bash)
==2359==    by 0x15B228: initialize_shell_variables (in /usr/bin/bash)
==2360==    by 0x13F5C9: ??? (in /usr/bin/bash)
==2360==    by 0x142EC7: yyparse (in /usr/bin/bash)
==2362==    at 0x483B7F3: malloc (in /usr/lib/x86_64-linux-gnu/valgrind/vgpreload_memcheck-amd64-linux.so)
==2362==    by 0x1984F3: xmalloc (in /usr/bin/bash)
==2361== 16 bytes in 1 blocks are still reachable in loss record 129 of 304
==2359==    by 0x138DC9: ??? (in /usr/bin/bash)
==2359==    by 0x137544: main (in /usr/bin/bash)
==2360==    by 0x13929A: parse_command (in /usr/bin/bash)
==2360==    by 0x1393A6: read_command (in /usr/bin/bash)
==2362==    by 0x157FED: ??? (in /usr/bin/bash)
==2362==    by 0x15805C: ??? (in /usr/bin/bash)
==2361==    at 0x483B7F3: malloc (in /usr/lib/x86_64-linux-gnu/valgrind/vgpreload_memcheck-amd64-linux.so)
==2361==    by 0x1984F3: xmalloc (in /usr/bin/bash)
==2359== 
==2359== 48 bytes in 1 blocks are still reachable in loss record 264 of 304
==2360==    by 0x1395C9: reader_loop (in /usr/bin/bash)
==2360==    by 0x137EF8: main (in /usr/bin/bash)
==2362==    by 0x15B27B: initialize_shell_variables (in /usr/bin/bash)
==2362==    by 0x138DC9: ??? (in /usr/bin/bash)
==2361==    by 0x148045: alloc_word_desc (in /usr/bin/bash)
==2359==    at 0x483B7F3: malloc (in /usr/lib/x86_64-linux-gnu/valgrind/vgpreload_memcheck-amd64-linux.so)
==2359==    by 0x1984F3: xmalloc (in /usr/bin/bash)
==2360== 
==2360== 40 bytes in 1 blocks are still reachable in loss record 224 of 304
==2362==    by 0x137544: main (in /usr/bin/bash)
==2362== 
==2361==    by 0x141419: ??? (in /usr/bin/bash)
==2361==    by 0x142EC7: yyparse (in /usr/bin/bash)
==2359==    by 0x1544C3: ??? (in /usr/bin/bash)
==2359==    by 0x157FCF: ??? (in /usr/bin/bash)
==2360==    at 0x483B7F3: malloc (in /usr/lib/x86_64-linux-gnu/valgrind/vgpreload_memcheck-amd64-linux.so)
==2360==    by 0x1984F3: xmalloc (in /usr/bin/bash)
==2362== 9 bytes in 1 blocks are still reachable in loss record 70 of 304
==2362==    at 0x483B7F3: malloc (in /usr/lib/x86_64-linux-gnu/valgrind/vgpreload_memcheck-amd64-linux.so)
==2361==    by 0x13929A: parse_command (in /usr/bin/bash)
==2361==    by 0x1393A6: read_command (in /usr/bin/bash)
==2359==    by 0x15805C: ??? (in /usr/bin/bash)
==2359==    by 0x15B24E: initialize_shell_variables (in /usr/bin/bash)
==2360==    by 0x157EB6: new_var_context (in /usr/bin/bash)
==2360==    by 0x157F68: ??? (in /usr/bin/bash)
==2362==    by 0x1984F3: xmalloc (in /usr/bin/bash)
==2362==    by 0x1544D7: ??? (in /usr/bin/bash)
==2361==    by 0x1395C9: reader_loop (in /usr/bin/bash)
==2361==    by 0x137EF8: main (in /usr/bin/bash)
==2359==    by 0x138DC9: ??? (in /usr/bin/bash)
==2359==    by 0x137544: main (in /usr/bin/bash)
==2360==    by 0x15AAAB: initialize_shell_variables (in /usr/bin/bash)
==2360==    by 0x138DC9: ??? (in /usr/bin/bash)
==2362==    by 0x157FCF: ??? (in /usr/bin/bash)
==2362==    by 0x15805C: ??? (in /usr/bin/bash)
==2361== 
==2361== 16 bytes in 1 blocks are still reachable in loss record 130 of 304
==2359== 
==2359== 48 bytes in 1 blocks are still reachable in loss record 265 of 304
==2360==    by 0x137544: main (in /usr/bin/bash)
==2360== 
==2362==    by 0x15AB95: initialize_shell_variables (in /usr/bin/bash)
==2362==    by 0x138DC9: ??? (in /usr/bin/bash)
==2361==    at 0x483B7F3: malloc (in /usr/lib/x86_64-linux-gnu/valgrind/vgpreload_memcheck-amd64-linux.so)
==2361==    by 0x1984F3: xmalloc (in /usr/bin/bash)
==2359==    at 0x483B7F3: malloc (in /usr/lib/x86_64-linux-gnu/valgrind/vgpreload_memcheck-amd64-linux.so)
==2359==    by 0x1984F3: xmalloc (in /usr/bin/bash)
==2360== 40 bytes in 1 blocks are still reachable in loss record 225 of 304
==2360==    at 0x483B7F3: malloc (in /usr/lib/x86_64-linux-gnu/valgrind/vgpreload_memcheck-amd64-linux.so)
==2362==    by 0x137544: main (in /usr/bin/bash)
==2362== 
==2361==    by 0x148045: alloc_word_desc (in /usr/bin/bash)
==2361==    by 0x140C67: ??? (in /usr/bin/bash)
==2359==    by 0x1544C3: ??? (in /usr/bin/bash)
==2359==    by 0x157FCF: ??? (in /usr/bin/bash)
==2360==    by 0x1984F3: xmalloc (in /usr/bin/bash)
==2360==    by 0x1834BF: array_create (in /usr/bin/bash)
==2362== 9 bytes in 1 blocks are still reachable in loss record 71 of 304
==2362==    at 0x483B7F3: malloc (in /usr/lib/x86_64-linux-gnu/valgrind/vgpreload_memcheck-amd64-linux.so)
==2361==    by 0x142EC7: yyparse (in /usr/bin/bash)
==2359==    by 0x15805C: ??? (in /usr/bin/bash)
==2359==    by 0x15B27B: initialize_shell_variables (in /usr/bin/bash)
==2360==    by 0x158D5D: make_new_array_variable (in /usr/bin/bash)
==2360==    by 0x15AEE3: initialize_shell_variables (in /usr/bin/bash)
==2362==    by 0x1984F3: xmalloc (in /usr/bin/bash)
==2362==    by 0x157FED: ??? (in /usr/bin/bash)
==2361==    by 0x13929A: parse_command (in /usr/bin/bash)
==2361==    by 0x1393A6: read_command (in /usr/bin/bash)
==2359==    by 0x138DC9: ??? (in /usr/bin/bash)
==2359==    by 0x137544: main (in /usr/bin/bash)
==2360==    by 0x138DC9: ??? (in /usr/bin/bash)
==2360==    by 0x137544: main (in /usr/bin/bash)
==2362==    by 0x15805C: ??? (in /usr/bin/bash)
==2362==    by 0x15AB95: initialize_shell_variables (in /usr/bin/bash)
==2361==    by 0x1395C9: reader_loop (in /usr/bin/bash)
==2361==    by 0x137EF8: main (in /usr/bin/bash)
==2359== 
==2359== 48 bytes in 1 blocks are still reachable in loss record 266 of 304
==2360== 
==2362==    by 0x138DC9: ??? (in /usr/bin/bash)
==2362==    by 0x137544: main (in /usr/bin/bash)
==2361== 
==2361== 16 bytes in 1 blocks are still reachable in loss record 131 of 304
==2359==    at 0x483B7F3: malloc (in /usr/lib/x86_64-linux-gnu/valgrind/vgpreload_memcheck-amd64-linux.so)
==2359==    by 0x1984F3: xmalloc (in /usr/bin/bash)
==2360== 40 bytes in 1 blocks are still reachable in loss record 226 of 304
==2360==    at 0x483B7F3: malloc (in /usr/lib/x86_64-linux-gnu/valgrind/vgpreload_memcheck-amd64-linux.so)
==2362== 
==2362== 9 bytes in 1 blocks are still reachable in loss record 72 of 304
==2361==    at 0x483B7F3: malloc (in /usr/lib/x86_64-linux-gnu/valgrind/vgpreload_memcheck-amd64-linux.so)
==2361==    by 0x1984F3: xmalloc (in /usr/bin/bash)
==2359==    by 0x1544C3: ??? (in /usr/bin/bash)
==2359==    by 0x157FCF: ??? (in /usr/bin/bash)
==2360==    by 0x1984F3: xmalloc (in /usr/bin/bash)
==2360==    by 0x1834BF: array_create (in /usr/bin/bash)
==2362==    at 0x483B7F3: malloc (in /usr/lib/x86_64-linux-gnu/valgrind/vgpreload_memcheck-amd64-linux.so)
==2362==    by 0x1984F3: xmalloc (in /usr/bin/bash)
==2361==    by 0x1482D9: make_word_list (in /usr/bin/bash)
==2361==    by 0x148AB8: make_simple_command (in /usr/bin/bash)
==2359==    by 0x15805C: ??? (in /usr/bin/bash)
==2359==    by 0x15B2A2: initialize_shell_variables (in /usr/bin/bash)
==2360==    by 0x158D5D: make_new_array_variable (in /usr/bin/bash)
==2360==    by 0x158DA7: ??? (in /usr/bin/bash)
==2362==    by 0x1544D7: ??? (in /usr/bin/bash)
==2362==    by 0x157FCF: ??? (in /usr/bin/bash)
==2361==    by 0x14353F: yyparse (in /usr/bin/bash)
==2361==    by 0x13929A: parse_command (in /usr/bin/bash)
==2359==    by 0x138DC9: ??? (in /usr/bin/bash)
==2359==    by 0x137544: main (in /usr/bin/bash)
==2360==    by 0x15B2CD: initialize_shell_variables (in /usr/bin/bash)
==2360==    by 0x138DC9: ??? (in /usr/bin/bash)
==2362==    by 0x15805C: ??? (in /usr/bin/bash)
==2362==    by 0x15ABBB: initialize_shell_variables (in /usr/bin/bash)
==2361==    by 0x1393A6: read_command (in /usr/bin/bash)
==2361==    by 0x1395C9: reader_loop (in /usr/bin/bash)
==2359== 
==2359== 48 bytes in 1 blocks are still reachable in loss record 267 of 304
==2360==    by 0x137544: main (in /usr/bin/bash)
==2360== 
==2362==    by 0x138DC9: ??? (in /usr/bin/bash)
==2362==    by 0x137544: main (in /usr/bin/bash)
==2361==    by 0x137EF8: main (in /usr/bin/bash)
==2361== 
==2359==    at 0x483B7F3: malloc (in /usr/lib/x86_64-linux-gnu/valgrind/vgpreload_memcheck-amd64-linux.so)
==2359==    by 0x1984F3: xmalloc (in /usr/bin/bash)
==2360== 40 bytes in 1 blocks are still reachable in loss record 227 of 304
==2360==    at 0x483B7F3: malloc (in /usr/lib/x86_64-linux-gnu/valgrind/vgpreload_memcheck-amd64-linux.so)
==2362== 
==2361== 16 bytes in 1 blocks are still reachable in loss record 132 of 304
==2361==    at 0x483B7F3: malloc (in /usr/lib/x86_64-linux-gnu/valgrind/vgpreload_memcheck-amd64-linux.so)
==2359==    by 0x1544C3: ??? (in /usr/bin/bash)
==2359==    by 0x157FCF: ??? (in /usr/bin/bash)
==2360==    by 0x1984F3: xmalloc (in /usr/bin/bash)
==2360==    by 0x1834BF: array_create (in /usr/bin/bash)
==2362== 9 bytes in 1 blocks are still reachable in loss record 73 of 304
==2362==    at 0x483B7F3: malloc (in /usr/lib/x86_64-linux-gnu/valgrind/vgpreload_memcheck-amd64-linux.so)
==2361==    by 0x1984F3: xmalloc (in /usr/bin/bash)
==2361==    by 0x1482D9: make_word_list (in /usr/bin/bash)
==2359==    by 0x158D55: make_new_array_variable (in /usr/bin/bash)
==2359==    by 0x158DA7: ??? (in /usr/bin/bash)
==2360==    by 0x158D5D: make_new_array_variable (in /usr/bin/bash)
==2360==    by 0x158DA7: ??? (in /usr/bin/bash)
==2362==    by 0x1984F3: xmalloc (in /usr/bin/bash)
==2362==    by 0x157FED: ??? (in /usr/bin/bash)
==2361==    by 0x148AB8: make_simple_command (in /usr/bin/bash)
==2361==    by 0x143516: yyparse (in /usr/bin/bash)
==2359==    by 0x15B2CD: initialize_shell_variables (in /usr/bin/bash)
==2359==    by 0x138DC9: ??? (in /usr/bin/bash)
==2360==    by 0x15B2EC: initialize_shell_variables (in /usr/bin/bash)
==2360==    by 0x138DC9: ??? (in /usr/bin/bash)
==2362==    by 0x15805C: ??? (in /usr/bin/bash)
==2362==    by 0x15ABBB: initialize_shell_variables (in /usr/bin/bash)
==2361==    by 0x13929A: parse_command (in /usr/bin/bash)
==2361==    by 0x1393A6: read_command (in /usr/bin/bash)
==2359==    by 0x137544: main (in /usr/bin/bash)
==2359== 
==2360==    by 0x137544: main (in /usr/bin/bash)
==2360== 
==2362==    by 0x138DC9: ??? (in /usr/bin/bash)
==2362==    by 0x137544: main (in /usr/bin/bash)
==2361==    by 0x1395C9: reader_loop (in /usr/bin/bash)
==2361==    by 0x137EF8: main (in /usr/bin/bash)
==2359== 48 bytes in 1 blocks are still reachable in loss record 268 of 304
==2359==    at 0x483B7F3: malloc (in /usr/lib/x86_64-linux-gnu/valgrind/vgpreload_memcheck-amd64-linux.so)
==2360== 40 bytes in 1 blocks are still reachable in loss record 228 of 304
==2360==    at 0x483B7F3: malloc (in /usr/lib/x86_64-linux-gnu/valgrind/vgpreload_memcheck-amd64-linux.so)
==2362== 
==2362== 9 bytes in 1 blocks are still reachable in loss record 74 of 304
==2361== 
==2361== 16 bytes in 1 blocks are still reachable in loss record 133 of 304
==2359==    by 0x1984F3: xmalloc (in /usr/bin/bash)
==2359==    by 0x1544C3: ??? (in /usr/bin/bash)
==2360==    by 0x1984F3: xmalloc (in /usr/bin/bash)
==2360==    by 0x1834BF: array_create (in /usr/bin/bash)
==2362==    at 0x483B7F3: malloc (in /usr/lib/x86_64-linux-gnu/valgrind/vgpreload_memcheck-amd64-linux.so)
==2362==    by 0x1984F3: xmalloc (in /usr/bin/bash)
==2361==    at 0x483B7F3: malloc (in /usr/lib/x86_64-linux-gnu/valgrind/vgpreload_memcheck-amd64-linux.so)
==2361==    by 0x1984F3: xmalloc (in /usr/bin/bash)
==2359==    by 0x157FCF: ??? (in /usr/bin/bash)
==2359==    by 0x158D55: make_new_array_variable (in /usr/bin/bash)
==2360==    by 0x158D5D: make_new_array_variable (in /usr/bin/bash)
==2360==    by 0x158DA7: ??? (in /usr/bin/bash)
==2362==    by 0x1544D7: ??? (in /usr/bin/bash)
==2362==    by 0x157FCF: ??? (in /usr/bin/bash)
==2361==    by 0x148045: alloc_word_desc (in /usr/bin/bash)
==2361==    by 0x148072: make_bare_word (in /usr/bin/bash)
==2359==    by 0x158DA7: ??? (in /usr/bin/bash)
==2359==    by 0x15B2EC: initialize_shell_variables (in /usr/bin/bash)
==2360==    by 0x15B30B: initialize_shell_variables (in /usr/bin/bash)
==2360==    by 0x138DC9: ??? (in /usr/bin/bash)
==2362==    by 0x15805C: ??? (in /usr/bin/bash)
==2362==    by 0x15ABCE: initialize_shell_variables (in /usr/bin/bash)
==2361==    by 0x15C2F5: copy_word_list (in /usr/bin/bash)
==2361==    by 0x17A74F: ??? (in /usr/bin/bash)
==2359==    by 0x138DC9: ??? (in /usr/bin/bash)
==2359==    by 0x137544: main (in /usr/bin/bash)
==2360==    by 0x137544: main (in /usr/bin/bash)
==2360== 
==2362==    by 0x138DC9: ??? (in /usr/bin/bash)
==2362==    by 0x137544: main (in /usr/bin/bash)
==2361==    by 0x14FB29: execute_command_internal (in /usr/bin/bash)
==2359== 
==2359== 48 bytes in 1 blocks are still reachable in loss record 269 of 304
==2360== 40 bytes in 1 blocks are still reachable in loss record 229 of 304
==2360==    at 0x483B7F3: malloc (in /usr/lib/x86_64-linux-gnu/valgrind/vgpreload_memcheck-amd64-linux.so)
==2362== 
==2362== 9 bytes in 1 blocks are still reachable in loss record 75 of 304
==2361==    by 0x1519D9: execute_command (in /usr/bin/bash)
==2361==    by 0x139664: reader_loop (in /usr/bin/bash)
==2359==    at 0x483B7F3: malloc (in /usr/lib/x86_64-linux-gnu/valgrind/vgpreload_memcheck-amd64-linux.so)
==2359==    by 0x1984F3: xmalloc (in /usr/bin/bash)
==2360==    by 0x1984F3: xmalloc (in /usr/bin/bash)
==2360==    by 0x1834BF: array_create (in /usr/bin/bash)
==2362==    at 0x483B7F3: malloc (in /usr/lib/x86_64-linux-gnu/valgrind/vgpreload_memcheck-amd64-linux.so)
==2362==    by 0x1984F3: xmalloc (in /usr/bin/bash)
==2361==    by 0x137EF8: main (in /usr/bin/bash)
==2361== 
==2359==    by 0x1544C3: ??? (in /usr/bin/bash)
==2359==    by 0x157FCF: ??? (in /usr/bin/bash)
==2360==    by 0x158D5D: make_new_array_variable (in /usr/bin/bash)
==2360==    by 0x158DA7: ??? (in /usr/bin/bash)
==2362==    by 0x157FED: ??? (in /usr/bin/bash)
==2362==    by 0x15805C: ??? (in /usr/bin/bash)
==2361== 16 bytes in 1 blocks are still reachable in loss record 134 of 304
==2361==    at 0x483B7F3: malloc (in /usr/lib/x86_64-linux-gnu/valgrind/vgpreload_memcheck-amd64-linux.so)
==2359==    by 0x158D55: make_new_array_variable (in /usr/bin/bash)
==2359==    by 0x158DA7: ??? (in /usr/bin/bash)
==2360==    by 0x15B32A: initialize_shell_variables (in /usr/bin/bash)
==2360==    by 0x138DC9: ??? (in /usr/bin/bash)
==2362==    by 0x15ABCE: initialize_shell_variables (in /usr/bin/bash)
==2362==    by 0x138DC9: ??? (in /usr/bin/bash)
==2361==    by 0x1984F3: xmalloc (in /usr/bin/bash)
==2359==    by 0x15B30B: initialize_shell_variables (in /usr/bin/bash)
==2359==    by 0x138DC9: ??? (in /usr/bin/bash)
==2360==    by 0x137544: main (in /usr/bin/bash)
==2360== 
==2362==    by 0x137544: main (in /usr/bin/bash)
==2362== 
==2361==    by 0x1482D9: make_word_list (in /usr/bin/bash)
==2361==    by 0x15C305: copy_word_list (in /usr/bin/bash)
==2359==    by 0x137544: main (in /usr/bin/bash)
==2359== 
==2360== 40 bytes in 1 blocks are still reachable in loss record 230 of 304
==2360==    at 0x483B7F3: malloc (in /usr/lib/x86_64-linux-gnu/valgrind/vgpreload_memcheck-amd64-linux.so)
==2362== 9 bytes in 1 blocks are still reachable in loss record 76 of 304
==2362==    at 0x483B7F3: malloc (in /usr/lib/x86_64-linux-gnu/valgrind/vgpreload_memcheck-amd64-linux.so)
==2361==    by 0x17A74F: ??? (in /usr/bin/bash)
==2361==    by 0x14FB29: execute_command_internal (in /usr/bin/bash)
==2359== 48 bytes in 1 blocks are still reachable in loss record 270 of 304
==2359==    at 0x483B7F3: malloc (in /usr/lib/x86_64-linux-gnu/valgrind/vgpreload_memcheck-amd64-linux.so)
==2360==    by 0x1984F3: xmalloc (in /usr/bin/bash)
==2360==    by 0x1834BF: array_create (in /usr/bin/bash)
==2362==    by 0x1984F3: xmalloc (in /usr/bin/bash)
==2362==    by 0x1544D7: ??? (in /usr/bin/bash)
==2361==    by 0x1519D9: execute_command (in /usr/bin/bash)
==2359==    by 0x1984F3: xmalloc (in /usr/bin/bash)
==2359==    by 0x1544C3: ??? (in /usr/bin/bash)
==2360==    by 0x158D5D: make_new_array_variable (in /usr/bin/bash)
==2360==    by 0x158DA7: ??? (in /usr/bin/bash)
==2362==    by 0x157FCF: ??? (in /usr/bin/bash)
==2362==    by 0x158D55: make_new_array_variable (in /usr/bin/bash)
==2361==    by 0x139664: reader_loop (in /usr/bin/bash)
==2361==    by 0x137EF8: main (in /usr/bin/bash)
==2359==    by 0x157FCF: ??? (in /usr/bin/bash)
==2359==    by 0x158D55: make_new_array_variable (in /usr/bin/bash)
==2360==    by 0x15B349: initialize_shell_variables (in /usr/bin/bash)
==2360==    by 0x138DC9: ??? (in /usr/bin/bash)
==2362==    by 0x158DA7: ??? (in /usr/bin/bash)
==2362==    by 0x15B2CD: initialize_shell_variables (in /usr/bin/bash)
==2361== 
==2359==    by 0x158DA7: ??? (in /usr/bin/bash)
==2359==    by 0x15B32A: initialize_shell_variables (in /usr/bin/bash)
==2360==    by 0x137544: main (in /usr/bin/bash)
==2362==    by 0x138DC9: ??? (in /usr/bin/bash)
==2362==    by 0x137544: main (in /usr/bin/bash)
==2361== 16 bytes in 1 blocks are still reachable in loss record 135 of 304
==2361==    at 0x483B7F3: malloc (in /usr/lib/x86_64-linux-gnu/valgrind/vgpreload_memcheck-amd64-linux.so)
==2359==    by 0x138DC9: ??? (in /usr/bin/bash)
==2359==    by 0x137544: main (in /usr/bin/bash)
==2360== 
==2360== 40 bytes in 1 blocks are still reachable in loss record 231 of 304
==2362== 
==2362== 9 bytes in 1 blocks are still reachable in loss record 77 of 304
==2361==    by 0x1984F3: xmalloc (in /usr/bin/bash)
==2361==    by 0x148045: alloc_word_desc (in /usr/bin/bash)
==2359== 
==2359== 48 bytes in 1 blocks are still reachable in loss record 271 of 304
==2360==    at 0x483B7F3: malloc (in /usr/lib/x86_64-linux-gnu/valgrind/vgpreload_memcheck-amd64-linux.so)
==2360==    by 0x1984F3: xmalloc (in /usr/bin/bash)
==2362==    at 0x483B7F3: malloc (in /usr/lib/x86_64-linux-gnu/valgrind/vgpreload_memcheck-amd64-linux.so)
==2362==    by 0x1984F3: xmalloc (in /usr/bin/bash)
==2361==    by 0x148072: make_bare_word (in /usr/bin/bash)
==2359==    at 0x483B7F3: malloc (in /usr/lib/x86_64-linux-gnu/valgrind/vgpreload_memcheck-amd64-linux.so)
==2359==    by 0x1984F3: xmalloc (in /usr/bin/bash)
==2360==    by 0x1834BF: array_create (in /usr/bin/bash)
==2360==    by 0x158D5D: make_new_array_variable (in /usr/bin/bash)
==2362==    by 0x157FED: ??? (in /usr/bin/bash)
==2361==    by 0x15C2C4: copy_word_list (in /usr/bin/bash)
==2361==    by 0x17A74F: ??? (in /usr/bin/bash)
==2359==    by 0x1544C3: ??? (in /usr/bin/bash)
==2359==    by 0x157FCF: ??? (in /usr/bin/bash)
==2360==    by 0x158DA7: ??? (in /usr/bin/bash)
==2360==    by 0x15B368: initialize_shell_variables (in /usr/bin/bash)
==2362==    by 0x158D55: make_new_array_variable (in /usr/bin/bash)
==2362==    by 0x158DA7: ??? (in /usr/bin/bash)
==2361==    by 0x14FB29: execute_command_internal (in /usr/bin/bash)
==2361==    by 0x1519D9: execute_command (in /usr/bin/bash)
==2359==    by 0x158D55: make_new_array_variable (in /usr/bin/bash)
==2359==    by 0x158DA7: ??? (in /usr/bin/bash)
==2360==    by 0x138DC9: ??? (in /usr/bin/bash)
==2360==    by 0x137544: main (in /usr/bin/bash)
==2362==    by 0x15B2CD: initialize_shell_variables (in /usr/bin/bash)
==2362==    by 0x138DC9: ??? (in /usr/bin/bash)
==2361==    by 0x139664: reader_loop (in /usr/bin/bash)
==2361==    by 0x137EF8: main (in /usr/bin/bash)
==2359==    by 0x15B349: initialize_shell_variables (in /usr/bin/bash)
==2359==    by 0x138DC9: ??? (in /usr/bin/bash)
==2360== 
==2360== 40 bytes in 1 blocks are still reachable in loss record 232 of 304
==2362==    by 0x137544: main (in /usr/bin/bash)
==2362== 
==2361== 
==2361== 16 bytes in 1 blocks are still reachable in loss record 136 of 304
==2359==    by 0x137544: main (in /usr/bin/bash)
==2359== 
==2360==    at 0x483B7F3: malloc (in /usr/lib/x86_64-linux-gnu/valgrind/vgpreload_memcheck-amd64-linux.so)
==2360==    by 0x1984F3: xmalloc (in /usr/bin/bash)
==2362== 9 bytes in 1 blocks are still reachable in loss record 78 of 304
==2362==    at 0x483B7F3: malloc (in /usr/lib/x86_64-linux-gnu/valgrind/vgpreload_memcheck-amd64-linux.so)
==2361==    at 0x483B7F3: malloc (in /usr/lib/x86_64-linux-gnu/valgrind/vgpreload_memcheck-amd64-linux.so)
==2361==    by 0x1984F3: xmalloc (in /usr/bin/bash)
==2359== 48 bytes in 1 blocks are still reachable in loss record 272 of 304
==2359==    at 0x483B7F3: malloc (in /usr/lib/x86_64-linux-gnu/valgrind/vgpreload_memcheck-amd64-linux.so)
==2360==    by 0x1834BF: array_create (in /usr/bin/bash)
==2360==    by 0x158D5D: make_new_array_variable (in /usr/bin/bash)
==2362==    by 0x1984F3: xmalloc (in /usr/bin/bash)
==2362==    by 0x1544D7: ??? (in /usr/bin/bash)
==2361==    by 0x1482D9: make_word_list (in /usr/bin/bash)
==2361==    by 0x15C2D4: copy_word_list (in /usr/bin/bash)
==2359==    by 0x1984F3: xmalloc (in /usr/bin/bash)
==2359==    by 0x1544C3: ??? (in /usr/bin/bash)
==2360==    by 0x15B64D: initialize_shell_variables (in /usr/bin/bash)
==2360==    by 0x138DC9: ??? (in /usr/bin/bash)
==2362==    by 0x157FCF: ??? (in /usr/bin/bash)
==2362==    by 0x158D55: make_new_array_variable (in /usr/bin/bash)
==2361==    by 0x17A74F: ??? (in /usr/bin/bash)
==2361==    by 0x14FB29: execute_command_internal (in /usr/bin/bash)
==2359==    by 0x157FCF: ??? (in /usr/bin/bash)
==2359==    by 0x158D55: make_new_array_variable (in /usr/bin/bash)
==2360==    by 0x137544: main (in /usr/bin/bash)
==2360== 
==2362==    by 0x15B64D: initialize_shell_variables (in /usr/bin/bash)
==2362==    by 0x138DC9: ??? (in /usr/bin/bash)
==2361==    by 0x1519D9: execute_command (in /usr/bin/bash)
==2361==    by 0x139664: reader_loop (in /usr/bin/bash)
==2359==    by 0x158DA7: ??? (in /usr/bin/bash)
==2359==    by 0x15B368: initialize_shell_variables (in /usr/bin/bash)
==2360== 40 bytes in 1 blocks are still reachable in loss record 233 of 304
==2360==    at 0x483B7F3: malloc (in /usr/lib/x86_64-linux-gnu/valgrind/vgpreload_memcheck-amd64-linux.so)
==2362==    by 0x137544: main (in /usr/bin/bash)
==2362== 
==2361==    by 0x137EF8: main (in /usr/bin/bash)
==2361== 
==2359==    by 0x138DC9: ??? (in /usr/bin/bash)
==2359==    by 0x137544: main (in /usr/bin/bash)
==2360==    by 0x1984F3: xmalloc (in /usr/bin/bash)
==2360==    by 0x1834BF: array_create (in /usr/bin/bash)
==2362== 9 bytes in 1 blocks are still reachable in loss record 79 of 304
==2362==    at 0x483B7F3: malloc (in /usr/lib/x86_64-linux-gnu/valgrind/vgpreload_memcheck-amd64-linux.so)
==2361== 16 bytes in 1 blocks are still reachable in loss record 137 of 304
==2361==    at 0x483B7F3: malloc (in /usr/lib/x86_64-linux-gnu/valgrind/vgpreload_memcheck-amd64-linux.so)
==2359== 
==2359== 48 bytes in 1 blocks are still reachable in loss record 273 of 304
==2360==    by 0x158D5D: make_new_array_variable (in /usr/bin/bash)
==2360==    by 0x15C10B: set_pipestatus_array (in /usr/bin/bash)
==2362==    by 0x1984F3: xmalloc (in /usr/bin/bash)
==2362==    by 0x157FED: ??? (in /usr/bin/bash)
==2361==    by 0x1984F3: xmalloc (in /usr/bin/bash)
==2361==    by 0x148045: alloc_word_desc (in /usr/bin/bash)
==2359==    at 0x483B7F3: malloc (in /usr/lib/x86_64-linux-gnu/valgrind/vgpreload_memcheck-amd64-linux.so)
==2359==    by 0x1984F3: xmalloc (in /usr/bin/bash)
==2360==    by 0x15172F: execute_command_internal (in /usr/bin/bash)
==2360==    by 0x1519D9: execute_command (in /usr/bin/bash)
==2362==    by 0x158D55: make_new_array_variable (in /usr/bin/bash)
==2362==    by 0x15B64D: initialize_shell_variables (in /usr/bin/bash)
==2361==    by 0x176AFB: ??? (in /usr/bin/bash)
==2361==    by 0x17A90E: ??? (in /usr/bin/bash)
==2359==    by 0x1544C3: ??? (in /usr/bin/bash)
==2359==    by 0x157FCF: ??? (in /usr/bin/bash)
==2360==    by 0x139664: reader_loop (in /usr/bin/bash)
==2360==    by 0x137EF8: main (in /usr/bin/bash)
==2362==    by 0x138DC9: ??? (in /usr/bin/bash)
==2362==    by 0x137544: main (in /usr/bin/bash)
==2361==    by 0x14FB29: execute_command_internal (in /usr/bin/bash)
==2361==    by 0x1519D9: execute_command (in /usr/bin/bash)
==2359==    by 0x158DE5: make_new_assoc_variable (in /usr/bin/bash)
==2359==    by 0x15B6A9: initialize_shell_variables (in /usr/bin/bash)
==2360== 
==2360== 41 bytes in 1 blocks are still reachable in loss record 234 of 304
==2362== 
==2362== 9 bytes in 1 blocks are still reachable in loss record 80 of 304
==2361==    by 0x139664: reader_loop (in /usr/bin/bash)
==2359==    by 0x138DC9: ??? (in /usr/bin/bash)
==2359==    by 0x137544: main (in /usr/bin/bash)
==2360==    at 0x483B7F3: malloc (in /usr/lib/x86_64-linux-gnu/valgrind/vgpreload_memcheck-amd64-linux.so)
==2360==    by 0x1984F3: xmalloc (in /usr/bin/bash)
==2362==    at 0x483B7F3: malloc (in /usr/lib/x86_64-linux-gnu/valgrind/vgpreload_memcheck-amd64-linux.so)
==2362==    by 0x1984F3: xmalloc (in /usr/bin/bash)
==2361==    by 0x137EF8: main (in /usr/bin/bash)
==2361== 
==2359== 
==2359== 48 bytes in 1 blocks are still reachable in loss record 274 of 304
==2360==    by 0x156DA1: make_variable_value (in /usr/bin/bash)
==2360==    by 0x15806D: ??? (in /usr/bin/bash)
==2362==    by 0x1544D7: ??? (in /usr/bin/bash)
==2362==    by 0x157FCF: ??? (in /usr/bin/bash)
==2361== 16 bytes in 1 blocks are still reachable in loss record 138 of 304
==2361==    at 0x483B7F3: malloc (in /usr/lib/x86_64-linux-gnu/valgrind/vgpreload_memcheck-amd64-linux.so)
==2359==    at 0x483B7F3: malloc (in /usr/lib/x86_64-linux-gnu/valgrind/vgpreload_memcheck-amd64-linux.so)
==2359==    by 0x1984F3: xmalloc (in /usr/bin/bash)
==2360==    by 0x1A76E0: set_shellopts (in /usr/bin/bash)
==2360==    by 0x138DFD: ??? (in /usr/bin/bash)
==2362==    by 0x15805C: ??? (in /usr/bin/bash)
==2362==    by 0x1AC4B0: set_bashopts (in /usr/bin/bash)
==2361==    by 0x1984F3: xmalloc (in /usr/bin/bash)
==2361==    by 0x1482D9: make_word_list (in /usr/bin/bash)
==2359==    by 0x1544C3: ??? (in /usr/bin/bash)
==2359==    by 0x157FCF: ??? (in /usr/bin/bash)
==2360==    by 0x137544: main (in /usr/bin/bash)
==2360== 
==2362==    by 0x138E1C: ??? (in /usr/bin/bash)
==2362==    by 0x137544: main (in /usr/bin/bash)
==2361==    by 0x176BD0: ??? (in /usr/bin/bash)
==2361==    by 0x17A90E: ??? (in /usr/bin/bash)
==2359==    by 0x158DE5: make_new_assoc_variable (in /usr/bin/bash)
==2359==    by 0x15B67B: initialize_shell_variables (in /usr/bin/bash)
==2360== 48 bytes in 1 blocks are still reachable in loss record 235 of 304
==2360==    at 0x483B7F3: malloc (in /usr/lib/x86_64-linux-gnu/valgrind/vgpreload_memcheck-amd64-linux.so)
==2362== 
==2362== 9 bytes in 1 blocks are still reachable in loss record 81 of 304
==2361==    by 0x14FB29: execute_command_internal (in /usr/bin/bash)
==2361==    by 0x1519D9: execute_command (in /usr/bin/bash)
==2359==    by 0x138DC9: ??? (in /usr/bin/bash)
==2359==    by 0x137544: main (in /usr/bin/bash)
==2360==    by 0x1984F3: xmalloc (in /usr/bin/bash)
==2360==    by 0x1544C3: ??? (in /usr/bin/bash)
==2362==    at 0x483B7F3: malloc (in /usr/lib/x86_64-linux-gnu/valgrind/vgpreload_memcheck-amd64-linux.so)
==2362==    by 0x1984F3: xmalloc (in /usr/bin/bash)
==2361==    by 0x139664: reader_loop (in /usr/bin/bash)
==2361==    by 0x137EF8: main (in /usr/bin/bash)
==2359== 
==2359== 48 bytes in 1 blocks are still reachable in loss record 275 of 304
==2360==    by 0x157FCF: ??? (in /usr/bin/bash)
==2360==    by 0x15805C: ??? (in /usr/bin/bash)
==2362==    by 0x157FED: ??? (in /usr/bin/bash)
==2362==    by 0x15805C: ??? (in /usr/bin/bash)
==2361== 
==2359==    at 0x483B7F3: malloc (in /usr/lib/x86_64-linux-gnu/valgrind/vgpreload_memcheck-amd64-linux.so)
==2359==    by 0x1984F3: xmalloc (in /usr/bin/bash)
==2360==    by 0x159447: set_pwd (in /usr/bin/bash)
==2360==    by 0x15AAEE: initialize_shell_variables (in /usr/bin/bash)
==2362==    by 0x1AC4B0: set_bashopts (in /usr/bin/bash)
==2362==    by 0x138E1C: ??? (in /usr/bin/bash)
==2361== 16 bytes in 1 blocks are still reachable in loss record 139 of 304
==2361==    at 0x483B7F3: malloc (in /usr/lib/x86_64-linux-gnu/valgrind/vgpreload_memcheck-amd64-linux.so)
==2359==    by 0x1544C3: ??? (in /usr/bin/bash)
==2359==    by 0x157FCF: ??? (in /usr/bin/bash)
==2360==    by 0x138DC9: ??? (in /usr/bin/bash)
==2360==    by 0x137544: main (in /usr/bin/bash)
==2362==    by 0x137544: main (in /usr/bin/bash)
==2362== 
==2361==    by 0x1984F3: xmalloc (in /usr/bin/bash)
==2361==    by 0x148045: alloc_word_desc (in /usr/bin/bash)
==2359==    by 0x158D55: make_new_array_variable (in /usr/bin/bash)
==2359==    by 0x15B64D: initialize_shell_variables (in /usr/bin/bash)
==2360== 
==2360== 48 bytes in 1 blocks are still reachable in loss record 236 of 304
==2362== 10 bytes in 1 blocks are still reachable in loss record 82 of 304
==2362==    at 0x483B7F3: malloc (in /usr/lib/x86_64-linux-gnu/valgrind/vgpreload_memcheck-amd64-linux.so)
==2361==    by 0x1773AC: ??? (in /usr/bin/bash)
==2361==    by 0x17A90E: ??? (in /usr/bin/bash)
==2359==    by 0x138DC9: ??? (in /usr/bin/bash)
==2359==    by 0x137544: main (in /usr/bin/bash)
==2360==    at 0x483B7F3: malloc (in /usr/lib/x86_64-linux-gnu/valgrind/vgpreload_memcheck-amd64-linux.so)
==2362==    by 0x1984F3: xmalloc (in /usr/bin/bash)
==2362==    by 0x156DA1: make_variable_value (in /usr/bin/bash)
==2361==    by 0x14FB29: execute_command_internal (in /usr/bin/bash)
==2361==    by 0x1519D9: execute_command (in /usr/bin/bash)
==2359== 
==2359== 48 bytes in 1 blocks are still reachable in loss record 276 of 304
==2360==    by 0x1984F3: xmalloc (in /usr/bin/bash)
==2360==    by 0x1544C3: ??? (in /usr/bin/bash)
==2362==    by 0x15806D: ??? (in /usr/bin/bash)
==2362==    by 0x15ABA8: initialize_shell_variables (in /usr/bin/bash)
==2361==    by 0x139664: reader_loop (in /usr/bin/bash)
==2361==    by 0x137EF8: main (in /usr/bin/bash)
==2359==    at 0x483B7F3: malloc (in /usr/lib/x86_64-linux-gnu/valgrind/vgpreload_memcheck-amd64-linux.so)
==2359==    by 0x1984F3: xmalloc (in /usr/bin/bash)
==2360==    by 0x157FCF: ??? (in /usr/bin/bash)
==2360==    by 0x15805C: ??? (in /usr/bin/bash)
==2362==    by 0x138DC9: ??? (in /usr/bin/bash)
==2362==    by 0x137544: main (in /usr/bin/bash)
==2361== 
==2361== 16 bytes in 1 blocks are still reachable in loss record 140 of 304
==2359==    by 0x1544C3: ??? (in /usr/bin/bash)
==2359==    by 0x157FCF: ??? (in /usr/bin/bash)
==2360==    by 0x159490: set_pwd (in /usr/bin/bash)
==2360==    by 0x15AAEE: initialize_shell_variables (in /usr/bin/bash)
==2362== 
==2362== 10 bytes in 1 blocks are still reachable in loss record 83 of 304
==2361==    at 0x483B7F3: malloc (in /usr/lib/x86_64-linux-gnu/valgrind/vgpreload_memcheck-amd64-linux.so)
==2361==    by 0x1984F3: xmalloc (in /usr/bin/bash)
==2359==    by 0x15805C: ??? (in /usr/bin/bash)
==2359==    by 0x1A76E0: set_shellopts (in /usr/bin/bash)
==2360==    by 0x138DC9: ??? (in /usr/bin/bash)
==2360==    by 0x137544: main (in /usr/bin/bash)
==2362==    at 0x483B7F3: malloc (in /usr/lib/x86_64-linux-gnu/valgrind/vgpreload_memcheck-amd64-linux.so)
==2362==    by 0x1984F3: xmalloc (in /usr/bin/bash)
==2361==    by 0x148045: alloc_word_desc (in /usr/bin/bash)
==2361==    by 0x176AFB: ??? (in /usr/bin/bash)
==2359==    by 0x138DFD: ??? (in /usr/bin/bash)
==2359==    by 0x137544: main (in /usr/bin/bash)
==2360== 
==2362==    by 0x156DA1: make_variable_value (in /usr/bin/bash)
==2362==    by 0x15806D: ??? (in /usr/bin/bash)
==2361==    by 0x17742D: ??? (in /usr/bin/bash)
==2361==    by 0x17A90E: ??? (in /usr/bin/bash)
==2359== 
==2359== 48 bytes in 1 blocks are still reachable in loss record 277 of 304
==2360== 48 bytes in 1 blocks are still reachable in loss record 237 of 304
==2360==    at 0x483B7F3: malloc (in /usr/lib/x86_64-linux-gnu/valgrind/vgpreload_memcheck-amd64-linux.so)
==2362==    by 0x15AE90: initialize_shell_variables (in /usr/bin/bash)
==2362==    by 0x138DC9: ??? (in /usr/bin/bash)
==2361==    by 0x14FB29: execute_command_internal (in /usr/bin/bash)
==2361==    by 0x1519D9: execute_command (in /usr/bin/bash)
==2359==    at 0x483B7F3: malloc (in /usr/lib/x86_64-linux-gnu/valgrind/vgpreload_memcheck-amd64-linux.so)
==2359==    by 0x1984F3: xmalloc (in /usr/bin/bash)
==2360==    by 0x1984F3: xmalloc (in /usr/bin/bash)
==2360==    by 0x1544C3: ??? (in /usr/bin/bash)
==2362==    by 0x137544: main (in /usr/bin/bash)
==2362== 
==2361==    by 0x139664: reader_loop (in /usr/bin/bash)
==2361==    by 0x137EF8: main (in /usr/bin/bash)
==2359==    by 0x1544C3: ??? (in /usr/bin/bash)
==2359==    by 0x157FCF: ??? (in /usr/bin/bash)
==2360==    by 0x157FCF: ??? (in /usr/bin/bash)
==2360==    by 0x15805C: ??? (in /usr/bin/bash)
==2362== 10 bytes in 1 blocks are still reachable in loss record 84 of 304
==2362==    at 0x483B7F3: malloc (in /usr/lib/x86_64-linux-gnu/valgrind/vgpreload_memcheck-amd64-linux.so)
==2361== 
==2359==    by 0x15805C: ??? (in /usr/bin/bash)
==2359==    by 0x1AC4B0: set_bashopts (in /usr/bin/bash)
==2360==    by 0x15AB01: initialize_shell_variables (in /usr/bin/bash)
==2360==    by 0x138DC9: ??? (in /usr/bin/bash)
==2362==    by 0x1984F3: xmalloc (in /usr/bin/bash)
==2362==    by 0x138D28: ??? (in /usr/bin/bash)
==2361== 16 bytes in 1 blocks are still reachable in loss record 141 of 304
==2361==    at 0x483B7F3: malloc (in /usr/lib/x86_64-linux-gnu/valgrind/vgpreload_memcheck-amd64-linux.so)
==2359==    by 0x138E1C: ??? (in /usr/bin/bash)
==2359==    by 0x137544: main (in /usr/bin/bash)
==2360==    by 0x137544: main (in /usr/bin/bash)
==2360== 
==2362==    by 0x15B81C: initialize_shell_variables (in /usr/bin/bash)
==2362==    by 0x138DC9: ??? (in /usr/bin/bash)
==2361==    by 0x1984F3: xmalloc (in /usr/bin/bash)
==2361==    by 0x1482D9: make_word_list (in /usr/bin/bash)
==2359== 
==2359== 48 bytes in 1 blocks are still reachable in loss record 278 of 304
==2360== 48 bytes in 1 blocks are still reachable in loss record 238 of 304
==2360==    at 0x483B7F3: malloc (in /usr/lib/x86_64-linux-gnu/valgrind/vgpreload_memcheck-amd64-linux.so)
==2362==    by 0x137544: main (in /usr/bin/bash)
==2362== 
==2361==    by 0x176BD0: ??? (in /usr/bin/bash)
==2361==    by 0x17742D: ??? (in /usr/bin/bash)
==2359==    at 0x483B7F3: malloc (in /usr/lib/x86_64-linux-gnu/valgrind/vgpreload_memcheck-amd64-linux.so)
==2359==    by 0x1984F3: xmalloc (in /usr/bin/bash)
==2360==    by 0x1984F3: xmalloc (in /usr/bin/bash)
==2360==    by 0x1544C3: ??? (in /usr/bin/bash)
==2362== 10 bytes in 1 blocks are still reachable in loss record 85 of 304
==2362==    at 0x483B7F3: malloc (in /usr/lib/x86_64-linux-gnu/valgrind/vgpreload_memcheck-amd64-linux.so)
==2361==    by 0x17A90E: ??? (in /usr/bin/bash)
==2361==    by 0x14FB29: execute_command_internal (in /usr/bin/bash)
==2359==    by 0x17E939: fd_to_buffered_stream (in /usr/bin/bash)
==2359==    by 0x17EF54: with_input_from_buffered_stream (in /usr/bin/bash)
==2360==    by 0x157FCF: ??? (in /usr/bin/bash)
==2360==    by 0x15805C: ??? (in /usr/bin/bash)
==2362==    by 0x1984F3: xmalloc (in /usr/bin/bash)
==2362==    by 0x156DA1: make_variable_value (in /usr/bin/bash)
==2361==    by 0x1519D9: execute_command (in /usr/bin/bash)
==2361==    by 0x139664: reader_loop (in /usr/bin/bash)
==2359==    by 0x137DC4: main (in /usr/bin/bash)
==2359== 
==2360==    by 0x15AB1F: initialize_shell_variables (in /usr/bin/bash)
==2360==    by 0x138DC9: ??? (in /usr/bin/bash)
==2362==    by 0x15806D: ??? (in /usr/bin/bash)
==2362==    by 0x15B635: initialize_shell_variables (in /usr/bin/bash)
==2361==    by 0x137EF8: main (in /usr/bin/bash)
==2361== 
==2359== 48 bytes in 1 blocks are still reachable in loss record 279 of 304
==2359==    at 0x483B7F3: malloc (in /usr/lib/x86_64-linux-gnu/valgrind/vgpreload_memcheck-amd64-linux.so)
==2360==    by 0x137544: main (in /usr/bin/bash)
==2360== 
==2362==    by 0x138DC9: ??? (in /usr/bin/bash)
==2362==    by 0x137544: main (in /usr/bin/bash)
==2361== 16 bytes in 1 blocks are still reachable in loss record 142 of 304
==2361==    at 0x483B7F3: malloc (in /usr/lib/x86_64-linux-gnu/valgrind/vgpreload_memcheck-amd64-linux.so)
==2359==    by 0x1984F3: xmalloc (in /usr/bin/bash)
==2359==    by 0x1544C3: ??? (in /usr/bin/bash)
==2360== 48 bytes in 1 blocks are still reachable in loss record 239 of 304
==2360==    at 0x483B7F3: malloc (in /usr/lib/x86_64-linux-gnu/valgrind/vgpreload_memcheck-amd64-linux.so)
==2362== 
==2362== 10 bytes in 1 blocks are still reachable in loss record 86 of 304
==2361==    by 0x1984F3: xmalloc (in /usr/bin/bash)
==2359==    by 0x157FCF: ??? (in /usr/bin/bash)
==2359==    by 0x158D55: make_new_array_variable (in /usr/bin/bash)
==2360==    by 0x1984F3: xmalloc (in /usr/bin/bash)
==2360==    by 0x1544C3: ??? (in /usr/bin/bash)
==2362==    at 0x483B7F3: malloc (in /usr/lib/x86_64-linux-gnu/valgrind/vgpreload_memcheck-amd64-linux.so)
==2362==    by 0x1984F3: xmalloc (in /usr/bin/bash)
==2361==    by 0x1482D9: make_word_list (in /usr/bin/bash)
==2361==    by 0x16F007: list_string (in /usr/bin/bash)
==2359==    by 0x15C10B: set_pipestatus_array (in /usr/bin/bash)
==2359==    by 0x15172F: execute_command_internal (in /usr/bin/bash)
==2360==    by 0x157FCF: ??? (in /usr/bin/bash)
==2360==    by 0x15805C: ??? (in /usr/bin/bash)
==2362==    by 0x1544D7: ??? (in /usr/bin/bash)
==2362==    by 0x157FCF: ??? (in /usr/bin/bash)
==2361==    by 0x1719CE: ??? (in /usr/bin/bash)
==2361==    by 0x17ABAC: ??? (in /usr/bin/bash)
==2359==    by 0x1519D9: execute_command (in /usr/bin/bash)
==2359==    by 0x139664: reader_loop (in /usr/bin/bash)
==2360==    by 0x15AB32: initialize_shell_variables (in /usr/bin/bash)
==2360==    by 0x138DC9: ??? (in /usr/bin/bash)
==2362==    by 0x158D55: make_new_array_variable (in /usr/bin/bash)
==2362==    by 0x158DA7: ??? (in /usr/bin/bash)
==2361==    by 0x14FB29: execute_command_internal (in /usr/bin/bash)
==2361==    by 0x1519D9: execute_command (in /usr/bin/bash)
==2359==    by 0x137EF8: main (in /usr/bin/bash)
==2359== 
==2360==    by 0x137544: main (in /usr/bin/bash)
==2360== 
==2362==    by 0x15B30B: initialize_shell_variables (in /usr/bin/bash)
==2362==    by 0x138DC9: ??? (in /usr/bin/bash)
==2361==    by 0x139664: reader_loop (in /usr/bin/bash)
==2361==    by 0x137EF8: main (in /usr/bin/bash)
==2359== 61 bytes in 1 blocks are still reachable in loss record 280 of 304
==2359==    at 0x483B7F3: malloc (in /usr/lib/x86_64-linux-gnu/valgrind/vgpreload_memcheck-amd64-linux.so)
==2360== 48 bytes in 1 blocks are still reachable in loss record 240 of 304
==2360==    at 0x483B7F3: malloc (in /usr/lib/x86_64-linux-gnu/valgrind/vgpreload_memcheck-amd64-linux.so)
==2362==    by 0x137544: main (in /usr/bin/bash)
==2362== 
==2361== 
==2361== 17 bytes in 1 blocks are still reachable in loss record 143 of 304
==2359==    by 0x1984F3: xmalloc (in /usr/bin/bash)
==2359==    by 0x156DA1: make_variable_value (in /usr/bin/bash)
==2360==    by 0x1984F3: xmalloc (in /usr/bin/bash)
==2360==    by 0x1544C3: ??? (in /usr/bin/bash)
==2362== 10 bytes in 1 blocks are still reachable in loss record 87 of 304
==2362==    at 0x483B7F3: malloc (in /usr/lib/x86_64-linux-gnu/valgrind/vgpreload_memcheck-amd64-linux.so)
==2361==    at 0x483DFAF: realloc (in /usr/lib/x86_64-linux-gnu/valgrind/vgpreload_memcheck-amd64-linux.so)
==2361==    by 0x4994297: getcwd (getcwd.c:84)
==2359==    by 0x15806D: ??? (in /usr/bin/bash)
==2359==    by 0x15AB1F: initialize_shell_variables (in /usr/bin/bash)
==2360==    by 0x157FCF: ??? (in /usr/bin/bash)
==2362==    by 0x1984F3: xmalloc (in /usr/bin/bash)
==2362==    by 0x157FED: ??? (in /usr/bin/bash)
==2361==    by 0x19ADCC: get_working_directory (in /usr/bin/bash)
==2361==    by 0x15942E: set_pwd (in /usr/bin/bash)
==2359==    by 0x138DC9: ??? (in /usr/bin/bash)
==2359==    by 0x137544: main (in /usr/bin/bash)
==2360==    by 0x15805C: ??? (in /usr/bin/bash)
==2360==    by 0x15AB65: initialize_shell_variables (in /usr/bin/bash)
==2362==    by 0x158D55: make_new_array_variable (in /usr/bin/bash)
==2362==    by 0x158DA7: ??? (in /usr/bin/bash)
==2361==    by 0x15AAEE: initialize_shell_variables (in /usr/bin/bash)
==2361==    by 0x138DC9: ??? (in /usr/bin/bash)
==2359== 
==2359== 64 bytes in 1 blocks are still reachable in loss record 281 of 304
==2360==    by 0x138DC9: ??? (in /usr/bin/bash)
==2360==    by 0x137544: main (in /usr/bin/bash)
==2362==    by 0x15B30B: initialize_shell_variables (in /usr/bin/bash)
==2362==    by 0x138DC9: ??? (in /usr/bin/bash)
==2361==    by 0x137544: main (in /usr/bin/bash)
==2361== 
==2359==    at 0x483B7F3: malloc (in /usr/lib/x86_64-linux-gnu/valgrind/vgpreload_memcheck-amd64-linux.so)
==2359==    by 0x1984F3: xmalloc (in /usr/bin/bash)
==2360== 
==2360== 48 bytes in 1 blocks are still reachable in loss record 241 of 304
==2362==    by 0x137544: main (in /usr/bin/bash)
==2362== 
==2361== 17 bytes in 1 blocks are still reachable in loss record 144 of 304
==2361==    at 0x483B7F3: malloc (in /usr/lib/x86_64-linux-gnu/valgrind/vgpreload_memcheck-amd64-linux.so)
==2359==    by 0x149383: ??? (in /usr/bin/bash)
==2359==    by 0x149402: ??? (in /usr/bin/bash)
==2360==    at 0x483B7F3: malloc (in /usr/lib/x86_64-linux-gnu/valgrind/vgpreload_memcheck-amd64-linux.so)
==2360==    by 0x1984F3: xmalloc (in /usr/bin/bash)
==2362== 10 bytes in 1 blocks are still reachable in loss record 88 of 304
==2362==    at 0x483B7F3: malloc (in /usr/lib/x86_64-linux-gnu/valgrind/vgpreload_memcheck-amd64-linux.so)
==2361==    by 0x1984F3: xmalloc (in /usr/bin/bash)
==2361==    by 0x156DA1: make_variable_value (in /usr/bin/bash)
==2359==    by 0x1496BF: ??? (in /usr/bin/bash)
==2359==    by 0x14AE57: print_simple_command (in /usr/bin/bash)
==2360==    by 0x1544C3: ??? (in /usr/bin/bash)
==2360==    by 0x157FCF: ??? (in /usr/bin/bash)
==2362==    by 0x1984F3: xmalloc (in /usr/bin/bash)
==2362==    by 0x1544D7: ??? (in /usr/bin/bash)
==2361==    by 0x15806D: ??? (in /usr/bin/bash)
==2361==    by 0x159447: set_pwd (in /usr/bin/bash)
==2359==    by 0x14F903: execute_command_internal (in /usr/bin/bash)
==2359==    by 0x1519D9: execute_command (in /usr/bin/bash)
==2360==    by 0x15805C: ??? (in /usr/bin/bash)
==2360==    by 0x15AB7A: initialize_shell_variables (in /usr/bin/bash)
==2362==    by 0x157FCF: ??? (in /usr/bin/bash)
==2362==    by 0x158D55: make_new_array_variable (in /usr/bin/bash)
==2361==    by 0x15AAEE: initialize_shell_variables (in /usr/bin/bash)
==2361==    by 0x138DC9: ??? (in /usr/bin/bash)
==2359==    by 0x139664: reader_loop (in /usr/bin/bash)
==2359==    by 0x137EF8: main (in /usr/bin/bash)
==2360==    by 0x138DC9: ??? (in /usr/bin/bash)
==2360==    by 0x137544: main (in /usr/bin/bash)
==2362==    by 0x158DA7: ??? (in /usr/bin/bash)
==2362==    by 0x15B32A: initialize_shell_variables (in /usr/bin/bash)
==2361==    by 0x137544: main (in /usr/bin/bash)
==2361== 
==2359== 
==2359== 128 bytes in 1 blocks are still reachable in loss record 282 of 304
==2360== 
==2360== 48 bytes in 1 blocks are still reachable in loss record 242 of 304
==2362==    by 0x138DC9: ??? (in /usr/bin/bash)
==2362==    by 0x137544: main (in /usr/bin/bash)
==2361== 18 bytes in 1 blocks are still reachable in loss record 145 of 304
==2361==    at 0x483B7F3: malloc (in /usr/lib/x86_64-linux-gnu/valgrind/vgpreload_memcheck-amd64-linux.so)
==2359==    at 0x483B7F3: malloc (in /usr/lib/x86_64-linux-gnu/valgrind/vgpreload_memcheck-amd64-linux.so)
==2359==    by 0x1984F3: xmalloc (in /usr/bin/bash)
==2360==    at 0x483B7F3: malloc (in /usr/lib/x86_64-linux-gnu/valgrind/vgpreload_memcheck-amd64-linux.so)
==2360==    by 0x1984F3: xmalloc (in /usr/bin/bash)
==2362== 
==2362== 10 bytes in 1 blocks are still reachable in loss record 89 of 304
==2361==    by 0x1984F3: xmalloc (in /usr/bin/bash)
==2361==    by 0x156DA1: make_variable_value (in /usr/bin/bash)
==2359==    by 0x17E92C: fd_to_buffered_stream (in /usr/bin/bash)
==2359==    by 0x17EF54: with_input_from_buffered_stream (in /usr/bin/bash)
==2360==    by 0x1544C3: ??? (in /usr/bin/bash)
==2360==    by 0x157FCF: ??? (in /usr/bin/bash)
==2362==    at 0x483B7F3: malloc (in /usr/lib/x86_64-linux-gnu/valgrind/vgpreload_memcheck-amd64-linux.so)
==2362==    by 0x1984F3: xmalloc (in /usr/bin/bash)
==2361==    by 0x15806D: ??? (in /usr/bin/bash)
==2361==    by 0x15AECB: initialize_shell_variables (in /usr/bin/bash)
==2359==    by 0x137DC4: main (in /usr/bin/bash)
==2359== 
==2360==    by 0x15805C: ??? (in /usr/bin/bash)
==2360==    by 0x15AB95: initialize_shell_variables (in /usr/bin/bash)
==2362==    by 0x157FED: ??? (in /usr/bin/bash)
==2362==    by 0x158D55: make_new_array_variable (in /usr/bin/bash)
==2361==    by 0x138DC9: ??? (in /usr/bin/bash)
==2361==    by 0x137544: main (in /usr/bin/bash)
==2359== 144 bytes in 1 blocks are still reachable in loss record 283 of 304
==2359==    at 0x483B7F3: malloc (in /usr/lib/x86_64-linux-gnu/valgrind/vgpreload_memcheck-amd64-linux.so)
==2360==    by 0x138DC9: ??? (in /usr/bin/bash)
==2360==    by 0x137544: main (in /usr/bin/bash)
==2362==    by 0x158DA7: ??? (in /usr/bin/bash)
==2362==    by 0x15B32A: initialize_shell_variables (in /usr/bin/bash)
==2361== 
==2359==    by 0x1984F3: xmalloc (in /usr/bin/bash)
==2359==    by 0x156DA1: make_variable_value (in /usr/bin/bash)
==2360== 
==2360== 48 bytes in 1 blocks are still reachable in loss record 243 of 304
==2362==    by 0x138DC9: ??? (in /usr/bin/bash)
==2362==    by 0x137544: main (in /usr/bin/bash)
==2361== 20 bytes in 1 blocks are still reachable in loss record 146 of 304
==2359==    by 0x15806D: ??? (in /usr/bin/bash)
==2359==    by 0x1AC4B0: set_bashopts (in /usr/bin/bash)
==2360==    at 0x483B7F3: malloc (in /usr/lib/x86_64-linux-gnu/valgrind/vgpreload_memcheck-amd64-linux.so)
==2360==    by 0x1984F3: xmalloc (in /usr/bin/bash)
==2362== 
==2362== 10 bytes in 1 blocks are still reachable in loss record 90 of 304
==2361==    at 0x483B7F3: malloc (in /usr/lib/x86_64-linux-gnu/valgrind/vgpreload_memcheck-amd64-linux.so)
==2361==    by 0x1984F3: xmalloc (in /usr/bin/bash)
==2359==    by 0x138E1C: ??? (in /usr/bin/bash)
==2359==    by 0x137544: main (in /usr/bin/bash)
==2360==    by 0x1544C3: ??? (in /usr/bin/bash)
==2360==    by 0x157FCF: ??? (in /usr/bin/bash)
==2362==    at 0x483B7F3: malloc (in /usr/lib/x86_64-linux-gnu/valgrind/vgpreload_memcheck-amd64-linux.so)
==2362==    by 0x1984F3: xmalloc (in /usr/bin/bash)
==2361==    by 0x156DA1: make_variable_value (in /usr/bin/bash)
==2361==    by 0x15806D: ??? (in /usr/bin/bash)
==2359== 
==2359== 150 bytes in 11 blocks are still reachable in loss record 284 of 304
==2360==    by 0x15805C: ??? (in /usr/bin/bash)
==2360==    by 0x15ABA8: initialize_shell_variables (in /usr/bin/bash)
==2362==    by 0x1544D7: ??? (in /usr/bin/bash)
==2362==    by 0x157FCF: ??? (in /usr/bin/bash)
==2361==    by 0x15ABBB: initialize_shell_variables (in /usr/bin/bash)
==2361==    by 0x138DC9: ??? (in /usr/bin/bash)
==2359==    at 0x483B7F3: malloc (in /usr/lib/x86_64-linux-gnu/valgrind/vgpreload_memcheck-amd64-linux.so)
==2359==    by 0x1984F3: xmalloc (in /usr/bin/bash)
==2360==    by 0x138DC9: ??? (in /usr/bin/bash)
==2360==    by 0x137544: main (in /usr/bin/bash)
==2362==    by 0x158DE5: make_new_assoc_variable (in /usr/bin/bash)
==2362==    by 0x15B6A9: initialize_shell_variables (in /usr/bin/bash)
==2361==    by 0x137544: main (in /usr/bin/bash)
==2361== 
==2359==    by 0x1544D7: ??? (in /usr/bin/bash)
==2359==    by 0x157FCF: ??? (in /usr/bin/bash)
==2360== 
==2360== 48 bytes in 1 blocks are still reachable in loss record 244 of 304
==2362==    by 0x138DC9: ??? (in /usr/bin/bash)
==2362==    by 0x137544: main (in /usr/bin/bash)
==2361== 20 bytes in 1 blocks are still reachable in loss record 147 of 304
==2361==    at 0x483B7F3: malloc (in /usr/lib/x86_64-linux-gnu/valgrind/vgpreload_memcheck-amd64-linux.so)
==2359==    by 0x15805C: ??? (in /usr/bin/bash)
==2359==    by 0x15AD0C: initialize_shell_variables (in /usr/bin/bash)
==2360==    at 0x483B7F3: malloc (in /usr/lib/x86_64-linux-gnu/valgrind/vgpreload_memcheck-amd64-linux.so)
==2360==    by 0x1984F3: xmalloc (in /usr/bin/bash)
==2362== 
==2362== 10 bytes in 1 blocks are still reachable in loss record 91 of 304
==2361==    by 0x1984F3: xmalloc (in /usr/bin/bash)
==2361==    by 0x183473: array_create_element (in /usr/bin/bash)
==2359==    by 0x138DC9: ??? (in /usr/bin/bash)
==2359==    by 0x137544: main (in /usr/bin/bash)
==2360==    by 0x1544C3: ??? (in /usr/bin/bash)
==2360==    by 0x157FCF: ??? (in /usr/bin/bash)
==2362==    at 0x483B7F3: malloc (in /usr/lib/x86_64-linux-gnu/valgrind/vgpreload_memcheck-amd64-linux.so)
==2362==    by 0x1984F3: xmalloc (in /usr/bin/bash)
==2361==    by 0x183987: array_insert (in /usr/bin/bash)
==2361==    by 0x15AFA9: initialize_shell_variables (in /usr/bin/bash)
==2359== 
==2359== 150 bytes in 11 blocks are still reachable in loss record 285 of 304
==2360==    by 0x15805C: ??? (in /usr/bin/bash)
==2360==    by 0x15ABBB: initialize_shell_variables (in /usr/bin/bash)
==2362==    by 0x157FED: ??? (in /usr/bin/bash)
==2362==    by 0x158DE5: make_new_assoc_variable (in /usr/bin/bash)
==2361==    by 0x138DC9: ??? (in /usr/bin/bash)
==2359==    at 0x483B7F3: malloc (in /usr/lib/x86_64-linux-gnu/valgrind/vgpreload_memcheck-amd64-linux.so)
==2359==    by 0x1984F3: xmalloc (in /usr/bin/bash)
==2360==    by 0x138DC9: ??? (in /usr/bin/bash)
==2360==    by 0x137544: main (in /usr/bin/bash)
==2362==    by 0x15B6A9: initialize_shell_variables (in /usr/bin/bash)
==2362==    by 0x138DC9: ??? (in /usr/bin/bash)
==2361==    by 0x137544: main (in /usr/bin/bash)
==2361== 
==2359==    by 0x157FED: ??? (in /usr/bin/bash)
==2359==    by 0x15805C: ??? (in /usr/bin/bash)
==2360== 
==2360== 48 bytes in 1 blocks are still reachable in loss record 245 of 304
==2362==    by 0x137544: main (in /usr/bin/bash)
==2362== 
==2361== 24 bytes in 1 blocks are still reachable in loss record 148 of 304
==2361==    at 0x483B7F3: malloc (in /usr/lib/x86_64-linux-gnu/valgrind/vgpreload_memcheck-amd64-linux.so)
==2359==    by 0x15AD0C: initialize_shell_variables (in /usr/bin/bash)
==2359==    by 0x138DC9: ??? (in /usr/bin/bash)
==2360==    at 0x483B7F3: malloc (in /usr/lib/x86_64-linux-gnu/valgrind/vgpreload_memcheck-amd64-linux.so)
==2360==    by 0x1984F3: xmalloc (in /usr/bin/bash)
==2362== 10 bytes in 1 blocks are still reachable in loss record 92 of 304
==2362==    at 0x483B7F3: malloc (in /usr/lib/x86_64-linux-gnu/valgrind/vgpreload_memcheck-amd64-linux.so)
==2361==    by 0x1984F3: xmalloc (in /usr/bin/bash)
==2361==    by 0x14787D: tilde_initialize (in /usr/bin/bash)
==2359==    by 0x137544: main (in /usr/bin/bash)
==2359== 
==2360==    by 0x1544C3: ??? (in /usr/bin/bash)
==2360==    by 0x157FCF: ??? (in /usr/bin/bash)
==2362==    by 0x1984F3: xmalloc (in /usr/bin/bash)
==2362==    by 0x1544D7: ??? (in /usr/bin/bash)
==2361==    by 0x138DA5: ??? (in /usr/bin/bash)
==2361==    by 0x137544: main (in /usr/bin/bash)
==2359== 223 bytes in 8 blocks are still reachable in loss record 286 of 304
==2359==    at 0x483B7F3: malloc (in /usr/lib/x86_64-linux-gnu/valgrind/vgpreload_memcheck-amd64-linux.so)
==2360==    by 0x15805C: ??? (in /usr/bin/bash)
==2360==    by 0x15ABCE: initialize_shell_variables (in /usr/bin/bash)
==2362==    by 0x157FCF: ??? (in /usr/bin/bash)
==2362==    by 0x15805C: ??? (in /usr/bin/bash)
==2361== 
==2361== 24 bytes in 1 blocks are still reachable in loss record 149 of 304
==2359==    by 0x1984F3: xmalloc (in /usr/bin/bash)
==2359==    by 0x156DA1: make_variable_value (in /usr/bin/bash)
==2360==    by 0x138DC9: ??? (in /usr/bin/bash)
==2360==    by 0x137544: main (in /usr/bin/bash)
==2362==    by 0x1A76E0: set_shellopts (in /usr/bin/bash)
==2362==    by 0x138DFD: ??? (in /usr/bin/bash)
==2361==    at 0x483B7F3: malloc (in /usr/lib/x86_64-linux-gnu/valgrind/vgpreload_memcheck-amd64-linux.so)
==2361==    by 0x1984F3: xmalloc (in /usr/bin/bash)
==2359==    by 0x15806D: ??? (in /usr/bin/bash)
==2359==    by 0x15AD0C: initialize_shell_variables (in /usr/bin/bash)
==2360== 
==2360== 48 bytes in 1 blocks are still reachable in loss record 246 of 304
==2362==    by 0x137544: main (in /usr/bin/bash)
==2362== 
==2361==    by 0x1478CE: tilde_initialize (in /usr/bin/bash)
==2361==    by 0x138DA5: ??? (in /usr/bin/bash)
==2359==    by 0x138DC9: ??? (in /usr/bin/bash)
==2359==    by 0x137544: main (in /usr/bin/bash)
==2360==    at 0x483B7F3: malloc (in /usr/lib/x86_64-linux-gnu/valgrind/vgpreload_memcheck-amd64-linux.so)
==2360==    by 0x1984F3: xmalloc (in /usr/bin/bash)
==2362== 10 bytes in 1 blocks are still reachable in loss record 93 of 304
==2362==    at 0x483B7F3: malloc (in /usr/lib/x86_64-linux-gnu/valgrind/vgpreload_memcheck-amd64-linux.so)
==2361==    by 0x137544: main (in /usr/bin/bash)
==2361== 
==2359== 
==2359== 224 bytes in 7 blocks are still reachable in loss record 287 of 304
==2360==    by 0x1544C3: ??? (in /usr/bin/bash)
==2360==    by 0x157FCF: ??? (in /usr/bin/bash)
==2362==    by 0x1984F3: xmalloc (in /usr/bin/bash)
==2362==    by 0x157FED: ??? (in /usr/bin/bash)
==2361== 29 bytes in 2 blocks are still reachable in loss record 150 of 304
==2361==    at 0x483B7F3: malloc (in /usr/lib/x86_64-linux-gnu/valgrind/vgpreload_memcheck-amd64-linux.so)
==2359==    at 0x483B7F3: malloc (in /usr/lib/x86_64-linux-gnu/valgrind/vgpreload_memcheck-amd64-linux.so)
==2359==    by 0x1984F3: xmalloc (in /usr/bin/bash)
==2360==    by 0x15805C: ??? (in /usr/bin/bash)
==2360==    by 0x15929E: adjust_shell_level (in /usr/bin/bash)
==2362==    by 0x15805C: ??? (in /usr/bin/bash)
==2362==    by 0x1A76E0: set_shellopts (in /usr/bin/bash)
==2361==    by 0x1984F3: xmalloc (in /usr/bin/bash)
==2361==    by 0x1556F3: ??? (in /usr/bin/bash)
==2359==    by 0x17F66E: unwind_protect_mem (in /usr/bin/bash)
==2359==    by 0x14FD00: execute_command_internal (in /usr/bin/bash)
==2360==    by 0x15AC10: initialize_shell_variables (in /usr/bin/bash)
==2360==    by 0x138DC9: ??? (in /usr/bin/bash)
==2362==    by 0x138DFD: ??? (in /usr/bin/bash)
==2362==    by 0x137544: main (in /usr/bin/bash)
==2361==    by 0x159B3E: ??? (in /usr/bin/bash)
==2361==    by 0x191D94: ??? (in /usr/bin/bash)
==2359==    by 0x1519D9: execute_command (in /usr/bin/bash)
==2359==    by 0x139664: reader_loop (in /usr/bin/bash)
==2360==    by 0x137544: main (in /usr/bin/bash)
==2360== 
==2362== 
==2362== 10 bytes in 1 blocks are still reachable in loss record 94 of 304
==2361==    by 0x192108: set_locale_var (in /usr/bin/bash)
==2361==    by 0x192302: set_default_lang (in /usr/bin/bash)
==2359==    by 0x137EF8: main (in /usr/bin/bash)
==2359== 
==2360== 48 bytes in 1 blocks are still reachable in loss record 247 of 304
==2360==    at 0x483B7F3: malloc (in /usr/lib/x86_64-linux-gnu/valgrind/vgpreload_memcheck-amd64-linux.so)
==2362==    at 0x483B7F3: malloc (in /usr/lib/x86_64-linux-gnu/valgrind/vgpreload_memcheck-amd64-linux.so)
==2362==    by 0x198577: xrealloc (in /usr/bin/bash)
==2361==    by 0x137549: main (in /usr/bin/bash)
==2361== 
==2359== 224 bytes in 7 blocks are still reachable in loss record 288 of 304
==2359==    at 0x483B7F3: malloc (in /usr/lib/x86_64-linux-gnu/valgrind/vgpreload_memcheck-amd64-linux.so)
==2360==    by 0x1984F3: xmalloc (in /usr/bin/bash)
==2360==    by 0x1544C3: ??? (in /usr/bin/bash)
==2362==    by 0x13FAB0: ??? (in /usr/bin/bash)
==2362==    by 0x142EC7: yyparse (in /usr/bin/bash)
==2361== 29 bytes in 2 blocks are still reachable in loss record 151 of 304
==2361==    at 0x483B7F3: malloc (in /usr/lib/x86_64-linux-gnu/valgrind/vgpreload_memcheck-amd64-linux.so)
==2359==    by 0x1984F3: xmalloc (in /usr/bin/bash)
==2359==    by 0x17F66E: unwind_protect_mem (in /usr/bin/bash)
==2360==    by 0x157FCF: ??? (in /usr/bin/bash)
==2360==    by 0x15805C: ??? (in /usr/bin/bash)
==2362==    by 0x13929A: parse_command (in /usr/bin/bash)
==2362==    by 0x1393A6: read_command (in /usr/bin/bash)
==2361==    by 0x1984F3: xmalloc (in /usr/bin/bash)
==2361==    by 0x1555B6: ??? (in /usr/bin/bash)
==2359==    by 0x14FD11: execute_command_internal (in /usr/bin/bash)
==2359==    by 0x1519D9: execute_command (in /usr/bin/bash)
==2360==    by 0x159628: set_ppid (in /usr/bin/bash)
==2360==    by 0x15AC15: initialize_shell_variables (in /usr/bin/bash)
==2362==    by 0x1395C9: reader_loop (in /usr/bin/bash)
==2362==    by 0x137EF8: main (in /usr/bin/bash)
==2361==    by 0x159B3E: ??? (in /usr/bin/bash)
==2361==    by 0x191D94: ??? (in /usr/bin/bash)
==2359==    by 0x139664: reader_loop (in /usr/bin/bash)
==2359==    by 0x137EF8: main (in /usr/bin/bash)
==2360==    by 0x138DC9: ??? (in /usr/bin/bash)
==2360==    by 0x137544: main (in /usr/bin/bash)
==2362== 
==2362== 10 bytes in 1 blocks are still reachable in loss record 95 of 304
==2361==    by 0x192108: set_locale_var (in /usr/bin/bash)
==2361==    by 0x192302: set_default_lang (in /usr/bin/bash)
==2359== 
==2359== 256 bytes in 1 blocks are still reachable in loss record 289 of 304
==2360== 
==2360== 48 bytes in 1 blocks are still reachable in loss record 248 of 304
==2362==    at 0x483B7F3: malloc (in /usr/lib/x86_64-linux-gnu/valgrind/vgpreload_memcheck-amd64-linux.so)
==2362==    by 0x1984F3: xmalloc (in /usr/bin/bash)
==2361==    by 0x137549: main (in /usr/bin/bash)
==2359==    at 0x483B7F3: malloc (in /usr/lib/x86_64-linux-gnu/valgrind/vgpreload_memcheck-amd64-linux.so)
==2359==    by 0x198577: xrealloc (in /usr/bin/bash)
==2360==    at 0x483B7F3: malloc (in /usr/lib/x86_64-linux-gnu/valgrind/vgpreload_memcheck-amd64-linux.so)
==2360==    by 0x1984F3: xmalloc (in /usr/bin/bash)
==2362==    by 0x14F948: execute_command_internal (in /usr/bin/bash)
==2362==    by 0x1519D9: execute_command (in /usr/bin/bash)
==2361== 
==2359==    by 0x13C3B7: ??? (in /usr/bin/bash)
==2359==    by 0x13F5C9: ??? (in /usr/bin/bash)
==2360==    by 0x1544C3: ??? (in /usr/bin/bash)
==2360==    by 0x157FCF: ??? (in /usr/bin/bash)
==2362==    by 0x139664: reader_loop (in /usr/bin/bash)
==2362==    by 0x137EF8: main (in /usr/bin/bash)
==2361== 31 bytes in 1 blocks are still reachable in loss record 152 of 304
==2361==    at 0x483B7F3: malloc (in /usr/lib/x86_64-linux-gnu/valgrind/vgpreload_memcheck-amd64-linux.so)
==2359==    by 0x142EC7: yyparse (in /usr/bin/bash)
==2359==    by 0x13929A: parse_command (in /usr/bin/bash)
==2360==    by 0x15805C: ??? (in /usr/bin/bash)
==2360==    by 0x15AC2A: initialize_shell_variables (in /usr/bin/bash)
==2362== 
==2362== 11 bytes in 1 blocks are still reachable in loss record 96 of 304
==2361==    by 0x1984F3: xmalloc (in /usr/bin/bash)
==2361==    by 0x13816C: main (in /usr/bin/bash)
==2359==    by 0x1393A6: read_command (in /usr/bin/bash)
==2359==    by 0x1395C9: reader_loop (in /usr/bin/bash)
==2360==    by 0x138DC9: ??? (in /usr/bin/bash)
==2360==    by 0x137544: main (in /usr/bin/bash)
==2362==    at 0x483B7F3: malloc (in /usr/lib/x86_64-linux-gnu/valgrind/vgpreload_memcheck-amd64-linux.so)
==2362==    by 0x1984F3: xmalloc (in /usr/bin/bash)
==2361== 
==2361== 31 bytes in 1 blocks are still reachable in loss record 153 of 304
==2359==    by 0x137EF8: main (in /usr/bin/bash)
==2359== 
==2360== 
==2362==    by 0x1544D7: ??? (in /usr/bin/bash)
==2362==    by 0x157FCF: ??? (in /usr/bin/bash)
==2361==    at 0x483B7F3: malloc (in /usr/lib/x86_64-linux-gnu/valgrind/vgpreload_memcheck-amd64-linux.so)
==2361==    by 0x1984F3: xmalloc (in /usr/bin/bash)
==2359== 352 bytes in 11 blocks are still reachable in loss record 290 of 304
==2359==    at 0x483B7F3: malloc (in /usr/lib/x86_64-linux-gnu/valgrind/vgpreload_memcheck-amd64-linux.so)
==2360== 48 bytes in 1 blocks are still reachable in loss record 249 of 304
==2360==    at 0x483B7F3: malloc (in /usr/lib/x86_64-linux-gnu/valgrind/vgpreload_memcheck-amd64-linux.so)
==2362==    by 0x15805C: ??? (in /usr/bin/bash)
==2362==    by 0x15B13F: initialize_shell_variables (in /usr/bin/bash)
==2361==    by 0x183473: array_create_element (in /usr/bin/bash)
==2361==    by 0x18367F: ??? (in /usr/bin/bash)
==2359==    by 0x1984F3: xmalloc (in /usr/bin/bash)
==2359==    by 0x17BBFB: hash_insert (in /usr/bin/bash)
==2360==    by 0x1984F3: xmalloc (in /usr/bin/bash)
==2360==    by 0x1544C3: ??? (in /usr/bin/bash)
==2362==    by 0x138DC9: ??? (in /usr/bin/bash)
==2362==    by 0x137544: main (in /usr/bin/bash)
==2361==    by 0x137C8C: main (in /usr/bin/bash)
==2361== 
==2359==    by 0x158008: ??? (in /usr/bin/bash)
==2359==    by 0x15805C: ??? (in /usr/bin/bash)
==2360==    by 0x157FCF: ??? (in /usr/bin/bash)
==2360==    by 0x15805C: ??? (in /usr/bin/bash)
==2362== 
==2362== 11 bytes in 1 blocks are still reachable in loss record 97 of 304
==2361== 31 bytes in 1 blocks are still reachable in loss record 154 of 304
==2361==    at 0x483B7F3: malloc (in /usr/lib/x86_64-linux-gnu/valgrind/vgpreload_memcheck-amd64-linux.so)
==2359==    by 0x15AD0C: initialize_shell_variables (in /usr/bin/bash)
==2359==    by 0x138DC9: ??? (in /usr/bin/bash)
==2360==    by 0x15AC4A: initialize_shell_variables (in /usr/bin/bash)
==2360==    by 0x138DC9: ??? (in /usr/bin/bash)
==2362==    at 0x483B7F3: malloc (in /usr/lib/x86_64-linux-gnu/valgrind/vgpreload_memcheck-amd64-linux.so)
==2362==    by 0x1984F3: xmalloc (in /usr/bin/bash)
==2361==    by 0x1984F3: xmalloc (in /usr/bin/bash)
==2359==    by 0x137544: main (in /usr/bin/bash)
==2359== 
==2360==    by 0x137544: main (in /usr/bin/bash)
==2360== 
==2362==    by 0x157FED: ??? (in /usr/bin/bash)
==2362==    by 0x15805C: ??? (in /usr/bin/bash)
==2361==    by 0x13A626: init_yy_io (in /usr/bin/bash)
==2361==    by 0x137DC4: main (in /usr/bin/bash)
==2359== 376 bytes in 11 blocks are still reachable in loss record 291 of 304
==2359==    at 0x483B7F3: malloc (in /usr/lib/x86_64-linux-gnu/valgrind/vgpreload_memcheck-amd64-linux.so)
==2360== 48 bytes in 1 blocks are still reachable in loss record 250 of 304
==2360==    at 0x483B7F3: malloc (in /usr/lib/x86_64-linux-gnu/valgrind/vgpreload_memcheck-amd64-linux.so)
==2362==    by 0x15B13F: initialize_shell_variables (in /usr/bin/bash)
==2362==    by 0x138DC9: ??? (in /usr/bin/bash)
==2361== 
==2359==    by 0x1984F3: xmalloc (in /usr/bin/bash)
==2359==    by 0x15AD62: initialize_shell_variables (in /usr/bin/bash)
==2360==    by 0x1984F3: xmalloc (in /usr/bin/bash)
==2360==    by 0x1544C3: ??? (in /usr/bin/bash)
==2362==    by 0x137544: main (in /usr/bin/bash)
==2362== 
==2361== 32 bytes in 1 blocks are still reachable in loss record 155 of 304
==2361==    at 0x483B7F3: malloc (in /usr/lib/x86_64-linux-gnu/valgrind/vgpreload_memcheck-amd64-linux.so)
==2359==    by 0x138DC9: ??? (in /usr/bin/bash)
==2359==    by 0x137544: main (in /usr/bin/bash)
==2360==    by 0x157FCF: ??? (in /usr/bin/bash)
==2360==    by 0x15805C: ??? (in /usr/bin/bash)
==2362== 11 bytes in 1 blocks are still reachable in loss record 98 of 304
==2362==    at 0x483B7F3: malloc (in /usr/lib/x86_64-linux-gnu/valgrind/vgpreload_memcheck-amd64-linux.so)
==2361==    by 0x1984F3: xmalloc (in /usr/bin/bash)
==2359== 
==2359== 376 bytes in 11 blocks are still reachable in loss record 292 of 304
==2360==    by 0x15AE90: initialize_shell_variables (in /usr/bin/bash)
==2360==    by 0x138DC9: ??? (in /usr/bin/bash)
==2362==    by 0x1984F3: xmalloc (in /usr/bin/bash)
==2362==    by 0x1544D7: ??? (in /usr/bin/bash)
==2361==    by 0x17BBFB: hash_insert (in /usr/bin/bash)
==2361==    by 0x158008: ??? (in /usr/bin/bash)
==2359==    at 0x483B7F3: malloc (in /usr/lib/x86_64-linux-gnu/valgrind/vgpreload_memcheck-amd64-linux.so)
==2359==    by 0x1984F3: xmalloc (in /usr/bin/bash)
==2360==    by 0x137544: main (in /usr/bin/bash)
==2360== 
==2362==    by 0x157FCF: ??? (in /usr/bin/bash)
==2362==    by 0x158D55: make_new_array_variable (in /usr/bin/bash)
==2361==    by 0x15805C: ??? (in /usr/bin/bash)
==2361==    by 0x159447: set_pwd (in /usr/bin/bash)
==2359==    by 0x155585: ??? (in /usr/bin/bash)
==2359==    by 0x159B3E: ??? (in /usr/bin/bash)
==2360== 48 bytes in 1 blocks are still reachable in loss record 251 of 304
==2360==    at 0x483B7F3: malloc (in /usr/lib/x86_64-linux-gnu/valgrind/vgpreload_memcheck-amd64-linux.so)
==2362==    by 0x15C10B: set_pipestatus_array (in /usr/bin/bash)
==2362==    by 0x15172F: execute_command_internal (in /usr/bin/bash)
==2361==    by 0x15AAEE: initialize_shell_variables (in /usr/bin/bash)
==2361==    by 0x138DC9: ??? (in /usr/bin/bash)
==2359==    by 0x191D94: ??? (in /usr/bin/bash)
==2359==    by 0x192108: set_locale_var (in /usr/bin/bash)
==2360==    by 0x1984F3: xmalloc (in /usr/bin/bash)
==2360==    by 0x1544C3: ??? (in /usr/bin/bash)
==2362==    by 0x1519D9: execute_command (in /usr/bin/bash)
==2361==    by 0x137544: main (in /usr/bin/bash)
==2359==    by 0x192302: set_default_lang (in /usr/bin/bash)
==2359==    by 0x137549: main (in /usr/bin/bash)
==2360==    by 0x157FCF: ??? (in /usr/bin/bash)
==2360==    by 0x15805C: ??? (in /usr/bin/bash)
==2362==    by 0x139664: reader_loop (in /usr/bin/bash)
==2362==    by 0x137EF8: main (in /usr/bin/bash)
==2361== 
==2361== 32 bytes in 1 blocks are still reachable in loss record 156 of 304
==2359== 
==2359== 440 bytes in 1 blocks are still reachable in loss record 293 of 304
==2360==    by 0x15B635: initialize_shell_variables (in /usr/bin/bash)
==2360==    by 0x138DC9: ??? (in /usr/bin/bash)
==2362== 
==2362== 11 bytes in 1 blocks are still reachable in loss record 99 of 304
==2361==    at 0x483B7F3: malloc (in /usr/lib/x86_64-linux-gnu/valgrind/vgpreload_memcheck-amd64-linux.so)
==2361==    by 0x1984F3: xmalloc (in /usr/bin/bash)
==2359==    at 0x483B7F3: malloc (in /usr/lib/x86_64-linux-gnu/valgrind/vgpreload_memcheck-amd64-linux.so)
==2359==    by 0x198577: xrealloc (in /usr/bin/bash)
==2360==    by 0x137544: main (in /usr/bin/bash)
==2360== 
==2362==    at 0x483B7F3: malloc (in /usr/lib/x86_64-linux-gnu/valgrind/vgpreload_memcheck-amd64-linux.so)
==2362==    by 0x1984F3: xmalloc (in /usr/bin/bash)
==2361==    by 0x17BBFB: hash_insert (in /usr/bin/bash)
==2361==    by 0x158008: ??? (in /usr/bin/bash)
==2359==    by 0x159B62: ??? (in /usr/bin/bash)
==2359==    by 0x191D94: ??? (in /usr/bin/bash)
==2360== 48 bytes in 1 blocks are still reachable in loss record 252 of 304
==2360==    at 0x483B7F3: malloc (in /usr/lib/x86_64-linux-gnu/valgrind/vgpreload_memcheck-amd64-linux.so)
==2362==    by 0x157FED: ??? (in /usr/bin/bash)
==2362==    by 0x158D55: make_new_array_variable (in /usr/bin/bash)
==2361==    by 0x15805C: ??? (in /usr/bin/bash)
==2361==    by 0x159490: set_pwd (in /usr/bin/bash)
==2359==    by 0x192108: set_locale_var (in /usr/bin/bash)
==2359==    by 0x192302: set_default_lang (in /usr/bin/bash)
==2360==    by 0x1984F3: xmalloc (in /usr/bin/bash)
==2360==    by 0x1544C3: ??? (in /usr/bin/bash)
==2362==    by 0x15C10B: set_pipestatus_array (in /usr/bin/bash)
==2362==    by 0x15172F: execute_command_internal (in /usr/bin/bash)
==2361==    by 0x15AAEE: initialize_shell_variables (in /usr/bin/bash)
==2361==    by 0x138DC9: ??? (in /usr/bin/bash)
==2359==    by 0x137549: main (in /usr/bin/bash)
==2359== 
==2360==    by 0x157FCF: ??? (in /usr/bin/bash)
==2360==    by 0x15805C: ??? (in /usr/bin/bash)
==2362==    by 0x1519D9: execute_command (in /usr/bin/bash)
==2362==    by 0x139664: reader_loop (in /usr/bin/bash)
==2361==    by 0x137544: main (in /usr/bin/bash)
==2359== 496 bytes in 1 blocks are still reachable in loss record 294 of 304
==2359==    at 0x483B7F3: malloc (in /usr/lib/x86_64-linux-gnu/valgrind/vgpreload_memcheck-amd64-linux.so)
==2360==    by 0x15AECB: initialize_shell_variables (in /usr/bin/bash)
==2360==    by 0x138DC9: ??? (in /usr/bin/bash)
==2362==    by 0x137EF8: main (in /usr/bin/bash)
==2362== 
==2361== 
==2359==    by 0x198577: xrealloc (in /usr/bin/bash)
==2359==    by 0x140A3A: ??? (in /usr/bin/bash)
==2360==    by 0x137544: main (in /usr/bin/bash)
==2360== 
==2362== 12 bytes in 1 blocks are still reachable in loss record 100 of 304
==2362==    at 0x483B7F3: malloc (in /usr/lib/x86_64-linux-gnu/valgrind/vgpreload_memcheck-amd64-linux.so)
==2361== 32 bytes in 1 blocks are still reachable in loss record 157 of 304
==2359==    by 0x142EC7: yyparse (in /usr/bin/bash)
==2359==    by 0x13929A: parse_command (in /usr/bin/bash)
==2360== 48 bytes in 1 blocks are still reachable in loss record 253 of 304
==2360==    at 0x483B7F3: malloc (in /usr/lib/x86_64-linux-gnu/valgrind/vgpreload_memcheck-amd64-linux.so)
==2362==    by 0x1984F3: xmalloc (in /usr/bin/bash)
==2362==    by 0x1544D7: ??? (in /usr/bin/bash)
==2361==    at 0x483B7F3: malloc (in /usr/lib/x86_64-linux-gnu/valgrind/vgpreload_memcheck-amd64-linux.so)
==2361==    by 0x1984F3: xmalloc (in /usr/bin/bash)
==2359==    by 0x1393A6: read_command (in /usr/bin/bash)
==2359==    by 0x1395C9: reader_loop (in /usr/bin/bash)
==2360==    by 0x1984F3: xmalloc (in /usr/bin/bash)
==2360==    by 0x1544C3: ??? (in /usr/bin/bash)
==2362==    by 0x157FCF: ??? (in /usr/bin/bash)
==2362==    by 0x158D55: make_new_array_variable (in /usr/bin/bash)
==2361==    by 0x17BBFB: hash_insert (in /usr/bin/bash)
==2359==    by 0x137EF8: main (in /usr/bin/bash)
==2359== 
==2360==    by 0x157FCF: ??? (in /usr/bin/bash)
==2360==    by 0x158D55: make_new_array_variable (in /usr/bin/bash)
==2362==    by 0x158DA7: ??? (in /usr/bin/bash)
==2362==    by 0x15B349: initialize_shell_variables (in /usr/bin/bash)
==2361==    by 0x158008: ??? (in /usr/bin/bash)
==2361==    by 0x15805C: ??? (in /usr/bin/bash)
==2359== 528 bytes in 11 blocks are still reachable in loss record 295 of 304
==2359==    at 0x483B7F3: malloc (in /usr/lib/x86_64-linux-gnu/valgrind/vgpreload_memcheck-amd64-linux.so)
==2360==    by 0x15AEE3: initialize_shell_variables (in /usr/bin/bash)
==2360==    by 0x138DC9: ??? (in /usr/bin/bash)
==2362==    by 0x138DC9: ??? (in /usr/bin/bash)
==2362==    by 0x137544: main (in /usr/bin/bash)
==2361==    by 0x15AB01: initialize_shell_variables (in /usr/bin/bash)
==2359==    by 0x1984F3: xmalloc (in /usr/bin/bash)
==2359==    by 0x1544C3: ??? (in /usr/bin/bash)
==2360==    by 0x137544: main (in /usr/bin/bash)
==2360== 
==2362== 
==2362== 12 bytes in 1 blocks are still reachable in loss record 101 of 304
==2361==    by 0x138DC9: ??? (in /usr/bin/bash)
==2361==    by 0x137544: main (in /usr/bin/bash)
==2359==    by 0x157FCF: ??? (in /usr/bin/bash)
==2359==    by 0x15805C: ??? (in /usr/bin/bash)
==2360== 48 bytes in 1 blocks are still reachable in loss record 254 of 304
==2360==    at 0x483B7F3: malloc (in /usr/lib/x86_64-linux-gnu/valgrind/vgpreload_memcheck-amd64-linux.so)
==2362==    at 0x483B7F3: malloc (in /usr/lib/x86_64-linux-gnu/valgrind/vgpreload_memcheck-amd64-linux.so)
==2362==    by 0x1984F3: xmalloc (in /usr/bin/bash)
==2361== 
==2359==    by 0x15AD0C: initialize_shell_variables (in /usr/bin/bash)
==2359==    by 0x138DC9: ??? (in /usr/bin/bash)
==2360==    by 0x1984F3: xmalloc (in /usr/bin/bash)
==2360==    by 0x1544C3: ??? (in /usr/bin/bash)
==2362==    by 0x157FED: ??? (in /usr/bin/bash)
==2362==    by 0x158D55: make_new_array_variable (in /usr/bin/bash)
==2361== 32 bytes in 1 blocks are still reachable in loss record 158 of 304
==2361==    at 0x483B7F3: malloc (in /usr/lib/x86_64-linux-gnu/valgrind/vgpreload_memcheck-amd64-linux.so)
==2359==    by 0x137544: main (in /usr/bin/bash)
==2359== 
==2360==    by 0x157FCF: ??? (in /usr/bin/bash)
==2360==    by 0x15805C: ??? (in /usr/bin/bash)
==2362==    by 0x158DA7: ??? (in /usr/bin/bash)
==2362==    by 0x15B349: initialize_shell_variables (in /usr/bin/bash)
==2361==    by 0x1984F3: xmalloc (in /usr/bin/bash)
==2359== 1,024 bytes in 1 blocks are still reachable in loss record 296 of 304
==2359==    at 0x483B7F3: malloc (in /usr/lib/x86_64-linux-gnu/valgrind/vgpreload_memcheck-amd64-linux.so)
==2360==    by 0x15B7C8: initialize_shell_variables (in /usr/bin/bash)
==2360==    by 0x138DC9: ??? (in /usr/bin/bash)
==2362==    by 0x138DC9: ??? (in /usr/bin/bash)
==2362==    by 0x137544: main (in /usr/bin/bash)
==2361==    by 0x17BBFB: hash_insert (in /usr/bin/bash)
==2361==    by 0x158008: ??? (in /usr/bin/bash)
==2359==    by 0x1984F3: xmalloc (in /usr/bin/bash)
==2359==    by 0x17B70C: hash_create (in /usr/bin/bash)
==2360==    by 0x137544: main (in /usr/bin/bash)
==2360== 
==2362== 
==2362== 12 bytes in 1 blocks are still reachable in loss record 102 of 304
==2361==    by 0x15805C: ??? (in /usr/bin/bash)
==2361==    by 0x15AB1F: initialize_shell_variables (in /usr/bin/bash)
==2359==    by 0x158DEF: make_new_assoc_variable (in /usr/bin/bash)
==2359==    by 0x15B6A9: initialize_shell_variables (in /usr/bin/bash)
==2360== 48 bytes in 1 blocks are still reachable in loss record 255 of 304
==2360==    at 0x483B7F3: malloc (in /usr/lib/x86_64-linux-gnu/valgrind/vgpreload_memcheck-amd64-linux.so)
==2362==    at 0x483B7F3: malloc (in /usr/lib/x86_64-linux-gnu/valgrind/vgpreload_memcheck-amd64-linux.so)
==2362==    by 0x1984F3: xmalloc (in /usr/bin/bash)
==2361==    by 0x138DC9: ??? (in /usr/bin/bash)
==2361==    by 0x137544: main (in /usr/bin/bash)
==2359==    by 0x138DC9: ??? (in /usr/bin/bash)
==2359==    by 0x137544: main (in /usr/bin/bash)
==2360==    by 0x1984F3: xmalloc (in /usr/bin/bash)
==2360==    by 0x1544C3: ??? (in /usr/bin/bash)
==2362==    by 0x1544D7: ??? (in /usr/bin/bash)
==2362==    by 0x157FCF: ??? (in /usr/bin/bash)
==2361== 
==2359== 
==2359== 1,024 bytes in 1 blocks are still reachable in loss record 297 of 304
==2360==    by 0x157FCF: ??? (in /usr/bin/bash)
==2360==    by 0x15805C: ??? (in /usr/bin/bash)
==2362==    by 0x158D55: make_new_array_variable (in /usr/bin/bash)
==2362==    by 0x158DA7: ??? (in /usr/bin/bash)
==2361== 32 bytes in 1 blocks are still reachable in loss record 159 of 304
==2361==    at 0x483B7F3: malloc (in /usr/lib/x86_64-linux-gnu/valgrind/vgpreload_memcheck-amd64-linux.so)
==2359==    at 0x483B7F3: malloc (in /usr/lib/x86_64-linux-gnu/valgrind/vgpreload_memcheck-amd64-linux.so)
==2359==    by 0x1984F3: xmalloc (in /usr/bin/bash)
==2360==    by 0x15B7AE: initialize_shell_variables (in /usr/bin/bash)
==2360==    by 0x138DC9: ??? (in /usr/bin/bash)
==2362==    by 0x15B368: initialize_shell_variables (in /usr/bin/bash)
==2362==    by 0x138DC9: ??? (in /usr/bin/bash)
==2361==    by 0x1984F3: xmalloc (in /usr/bin/bash)
==2361==    by 0x17BBFB: hash_insert (in /usr/bin/bash)
==2359==    by 0x17B70C: hash_create (in /usr/bin/bash)
==2359==    by 0x158DEF: make_new_assoc_variable (in /usr/bin/bash)
==2360==    by 0x137544: main (in /usr/bin/bash)
==2360== 
==2362==    by 0x137544: main (in /usr/bin/bash)
==2362== 
==2361==    by 0x158008: ??? (in /usr/bin/bash)
==2361==    by 0x15805C: ??? (in /usr/bin/bash)
==2359==    by 0x15B67B: initialize_shell_variables (in /usr/bin/bash)
==2359==    by 0x138DC9: ??? (in /usr/bin/bash)
==2360== 48 bytes in 1 blocks are still reachable in loss record 256 of 304
==2360==    at 0x483B7F3: malloc (in /usr/lib/x86_64-linux-gnu/valgrind/vgpreload_memcheck-amd64-linux.so)
==2362== 12 bytes in 1 blocks are still reachable in loss record 103 of 304
==2362==    at 0x483B7F3: malloc (in /usr/lib/x86_64-linux-gnu/valgrind/vgpreload_memcheck-amd64-linux.so)
==2361==    by 0x15AB32: initialize_shell_variables (in /usr/bin/bash)
==2361==    by 0x138DC9: ??? (in /usr/bin/bash)
==2359==    by 0x137544: main (in /usr/bin/bash)
==2359== 
==2360==    by 0x1984F3: xmalloc (in /usr/bin/bash)
==2360==    by 0x1544C3: ??? (in /usr/bin/bash)
==2362==    by 0x1984F3: xmalloc (in /usr/bin/bash)
==2362==    by 0x157FED: ??? (in /usr/bin/bash)
==2361==    by 0x137544: main (in /usr/bin/bash)
==2361== 
==2359== 1,024 bytes in 1 blocks are still reachable in loss record 298 of 304
==2359==    at 0x483B7F3: malloc (in /usr/lib/x86_64-linux-gnu/valgrind/vgpreload_memcheck-amd64-linux.so)
==2360==    by 0x157FCF: ??? (in /usr/bin/bash)
==2360==    by 0x15805C: ??? (in /usr/bin/bash)
==2362==    by 0x158D55: make_new_array_variable (in /usr/bin/bash)
==2362==    by 0x158DA7: ??? (in /usr/bin/bash)
==2361== 32 bytes in 1 blocks are still reachable in loss record 160 of 304
==2359==    by 0x1984F3: xmalloc (in /usr/bin/bash)
==2359==    by 0x147FC1: cmd_init (in /usr/bin/bash)
==2360==    by 0x15B112: initialize_shell_variables (in /usr/bin/bash)
==2360==    by 0x138DC9: ??? (in /usr/bin/bash)
==2362==    by 0x15B368: initialize_shell_variables (in /usr/bin/bash)
==2362==    by 0x138DC9: ??? (in /usr/bin/bash)
==2361==    at 0x483B7F3: malloc (in /usr/lib/x86_64-linux-gnu/valgrind/vgpreload_memcheck-amd64-linux.so)
==2361==    by 0x1984F3: xmalloc (in /usr/bin/bash)
==2359==    by 0x137690: main (in /usr/bin/bash)
==2359== 
==2360==    by 0x137544: main (in /usr/bin/bash)
==2360== 
==2362==    by 0x137544: main (in /usr/bin/bash)
==2362== 
==2361==    by 0x17BBFB: hash_insert (in /usr/bin/bash)
==2361==    by 0x158008: ??? (in /usr/bin/bash)
==2359== 1,024 bytes in 1 blocks are still reachable in loss record 299 of 304
==2359==    at 0x483B7F3: malloc (in /usr/lib/x86_64-linux-gnu/valgrind/vgpreload_memcheck-amd64-linux.so)
==2360== 48 bytes in 1 blocks are still reachable in loss record 257 of 304
==2360==    at 0x483B7F3: malloc (in /usr/lib/x86_64-linux-gnu/valgrind/vgpreload_memcheck-amd64-linux.so)
==2362== 13 bytes in 1 blocks are still reachable in loss record 104 of 304
==2362==    at 0x483B7F3: malloc (in /usr/lib/x86_64-linux-gnu/valgrind/vgpreload_memcheck-amd64-linux.so)
==2361==    by 0x15805C: ??? (in /usr/bin/bash)
==2359==    by 0x1984F3: xmalloc (in /usr/bin/bash)
==2359==    by 0x147FDD: cmd_init (in /usr/bin/bash)
==2360==    by 0x1984F3: xmalloc (in /usr/bin/bash)
==2360==    by 0x1544C3: ??? (in /usr/bin/bash)
==2362==    by 0x1984F3: xmalloc (in /usr/bin/bash)
==2362==    by 0x138ECE: ??? (in /usr/bin/bash)
==2361==    by 0x15AB65: initialize_shell_variables (in /usr/bin/bash)
==2361==    by 0x138DC9: ??? (in /usr/bin/bash)
==2359==    by 0x137690: main (in /usr/bin/bash)
==2359== 
==2360==    by 0x157FCF: ??? (in /usr/bin/bash)
==2360==    by 0x15805C: ??? (in /usr/bin/bash)
==2362==    by 0x137544: main (in /usr/bin/bash)
==2362== 
==2361==    by 0x137544: main (in /usr/bin/bash)
==2361== 
==2359== 1,024 bytes in 1 blocks are still reachable in loss record 300 of 304
==2359==    at 0x483B7F3: malloc (in /usr/lib/x86_64-linux-gnu/valgrind/vgpreload_memcheck-amd64-linux.so)
==2360==    by 0x15B13F: initialize_shell_variables (in /usr/bin/bash)
==2360==    by 0x138DC9: ??? (in /usr/bin/bash)
==2362== 13 bytes in 1 blocks are still reachable in loss record 105 of 304
==2362==    at 0x483B7F3: malloc (in /usr/lib/x86_64-linux-gnu/valgrind/vgpreload_memcheck-amd64-linux.so)
==2361== 32 bytes in 1 blocks are still reachable in loss record 161 of 304
==2359==    by 0x1984F3: xmalloc (in /usr/bin/bash)
==2359==    by 0x17F291: uwp_init (in /usr/bin/bash)
==2360==    by 0x137544: main (in /usr/bin/bash)
==2362==    by 0x1984F3: xmalloc (in /usr/bin/bash)
==2362==    by 0x156DA1: make_variable_value (in /usr/bin/bash)
==2361==    at 0x483B7F3: malloc (in /usr/lib/x86_64-linux-gnu/valgrind/vgpreload_memcheck-amd64-linux.so)
==2361==    by 0x1984F3: xmalloc (in /usr/bin/bash)
==2359==    by 0x137695: main (in /usr/bin/bash)
==2359== 
==2360== 
==2360== 48 bytes in 1 blocks are still reachable in loss record 258 of 304
==2362==    by 0x15806D: ??? (in /usr/bin/bash)
==2362==    by 0x15ABCE: initialize_shell_variables (in /usr/bin/bash)
==2361==    by 0x17BBFB: hash_insert (in /usr/bin/bash)
==2361==    by 0x158008: ??? (in /usr/bin/bash)
==2359== 2,200 bytes in 1 blocks are still reachable in loss record 301 of 304
==2359==    at 0x483B7F3: malloc (in /usr/lib/x86_64-linux-gnu/valgrind/vgpreload_memcheck-amd64-linux.so)
==2360==    at 0x483B7F3: malloc (in /usr/lib/x86_64-linux-gnu/valgrind/vgpreload_memcheck-amd64-linux.so)
==2360==    by 0x1984F3: xmalloc (in /usr/bin/bash)
==2362==    by 0x138DC9: ??? (in /usr/bin/bash)
==2362==    by 0x137544: main (in /usr/bin/bash)
==2361==    by 0x15805C: ??? (in /usr/bin/bash)
==2359==    by 0x198577: xrealloc (in /usr/bin/bash)
==2359==    by 0x17E446: ??? (in /usr/bin/bash)
==2360==    by 0x1544C3: ??? (in /usr/bin/bash)
==2360==    by 0x157FCF: ??? (in /usr/bin/bash)
==2362== 
==2362== 13 bytes in 1 blocks are still reachable in loss record 106 of 304
==2361==    by 0x15AB7A: initialize_shell_variables (in /usr/bin/bash)
==2361==    by 0x138DC9: ??? (in /usr/bin/bash)
==2359==    by 0x17E9B8: fd_to_buffered_stream (in /usr/bin/bash)
==2359==    by 0x17EF54: with_input_from_buffered_stream (in /usr/bin/bash)
==2360==    by 0x15805C: ??? (in /usr/bin/bash)
==2360==    by 0x15B165: initialize_shell_variables (in /usr/bin/bash)
==2362==    at 0x483B7F3: malloc (in /usr/lib/x86_64-linux-gnu/valgrind/vgpreload_memcheck-amd64-linux.so)
==2362==    by 0x1984F3: xmalloc (in /usr/bin/bash)
==2361==    by 0x137544: main (in /usr/bin/bash)
==2361== 
==2359==    by 0x137DC4: main (in /usr/bin/bash)
==2359== 
==2360==    by 0x138DC9: ??? (in /usr/bin/bash)
==2360==    by 0x137544: main (in /usr/bin/bash)
==2362==    by 0x1544D7: ??? (in /usr/bin/bash)
==2362==    by 0x157FCF: ??? (in /usr/bin/bash)
==2361== 32 bytes in 1 blocks are still reachable in loss record 162 of 304
==2361==    at 0x483B7F3: malloc (in /usr/lib/x86_64-linux-gnu/valgrind/vgpreload_memcheck-amd64-linux.so)
==2359== 4,096 bytes in 1 blocks are still reachable in loss record 302 of 304
==2359==    at 0x483B7F3: malloc (in /usr/lib/x86_64-linux-gnu/valgrind/vgpreload_memcheck-amd64-linux.so)
==2360== 
==2360== 48 bytes in 1 blocks are still reachable in loss record 259 of 304
==2362==    by 0x15805C: ??? (in /usr/bin/bash)
==2362==    by 0x15AECB: initialize_shell_variables (in /usr/bin/bash)
==2361==    by 0x1984F3: xmalloc (in /usr/bin/bash)
==2361==    by 0x17BBFB: hash_insert (in /usr/bin/bash)
==2359==    by 0x1984F3: xmalloc (in /usr/bin/bash)
==2359==    by 0x17B74B: hash_create (in /usr/bin/bash)
==2360==    at 0x483B7F3: malloc (in /usr/lib/x86_64-linux-gnu/valgrind/vgpreload_memcheck-amd64-linux.so)
==2360==    by 0x1984F3: xmalloc (in /usr/bin/bash)
==2362==    by 0x138DC9: ??? (in /usr/bin/bash)
==2362==    by 0x137544: main (in /usr/bin/bash)
==2361==    by 0x158008: ??? (in /usr/bin/bash)
==2361==    by 0x15805C: ??? (in /usr/bin/bash)
==2359==    by 0x157FA9: ??? (in /usr/bin/bash)
==2359==    by 0x15AAAB: initialize_shell_variables (in /usr/bin/bash)
==2360==    by 0x1544C3: ??? (in /usr/bin/bash)
==2360==    by 0x157FCF: ??? (in /usr/bin/bash)
==2362== 
==2362== 13 bytes in 1 blocks are still reachable in loss record 107 of 304
==2361==    by 0x15AB95: initialize_shell_variables (in /usr/bin/bash)
==2361==    by 0x138DC9: ??? (in /usr/bin/bash)
==2359==    by 0x138DC9: ??? (in /usr/bin/bash)
==2359==    by 0x137544: main (in /usr/bin/bash)
==2360==    by 0x15805C: ??? (in /usr/bin/bash)
==2360==    by 0x15B188: initialize_shell_variables (in /usr/bin/bash)
==2362==    at 0x483B7F3: malloc (in /usr/lib/x86_64-linux-gnu/valgrind/vgpreload_memcheck-amd64-linux.so)
==2362==    by 0x1984F3: xmalloc (in /usr/bin/bash)
==2361==    by 0x137544: main (in /usr/bin/bash)
==2361== 
==2359== 
==2359== 4,096 bytes in 1 blocks are still reachable in loss record 303 of 304
==2360==    by 0x138DC9: ??? (in /usr/bin/bash)
==2360==    by 0x137544: main (in /usr/bin/bash)
==2362==    by 0x157FED: ??? (in /usr/bin/bash)
==2362==    by 0x15805C: ??? (in /usr/bin/bash)
==2361== 32 bytes in 1 blocks are still reachable in loss record 163 of 304
==2361==    at 0x483B7F3: malloc (in /usr/lib/x86_64-linux-gnu/valgrind/vgpreload_memcheck-amd64-linux.so)
==2359==    at 0x483B7F3: malloc (in /usr/lib/x86_64-linux-gnu/valgrind/vgpreload_memcheck-amd64-linux.so)
==2359==    by 0x1984F3: xmalloc (in /usr/bin/bash)
==2360== 
==2360== 48 bytes in 1 blocks are still reachable in loss record 260 of 304
==2362==    by 0x15AECB: initialize_shell_variables (in /usr/bin/bash)
==2362==    by 0x138DC9: ??? (in /usr/bin/bash)
==2361==    by 0x1984F3: xmalloc (in /usr/bin/bash)
==2361==    by 0x17BBFB: hash_insert (in /usr/bin/bash)
==2359==    by 0x17B74B: hash_create (in /usr/bin/bash)
==2359==    by 0x157F51: ??? (in /usr/bin/bash)
==2360==    at 0x483B7F3: malloc (in /usr/lib/x86_64-linux-gnu/valgrind/vgpreload_memcheck-amd64-linux.so)
==2360==    by 0x1984F3: xmalloc (in /usr/bin/bash)
==2362==    by 0x137544: main (in /usr/bin/bash)
==2362== 
==2361==    by 0x158008: ??? (in /usr/bin/bash)
==2361==    by 0x15805C: ??? (in /usr/bin/bash)
==2359==    by 0x15AAAB: initialize_shell_variables (in /usr/bin/bash)
==2359==    by 0x138DC9: ??? (in /usr/bin/bash)
==2360==    by 0x1544C3: ??? (in /usr/bin/bash)
==2360==    by 0x157FCF: ??? (in /usr/bin/bash)
==2362== 13 bytes in 1 blocks are still reachable in loss record 108 of 304
==2362==    at 0x483B7F3: malloc (in /usr/lib/x86_64-linux-gnu/valgrind/vgpreload_memcheck-amd64-linux.so)
==2361==    by 0x15ABA8: initialize_shell_variables (in /usr/bin/bash)
==2361==    by 0x138DC9: ??? (in /usr/bin/bash)
==2359==    by 0x137544: main (in /usr/bin/bash)
==2359== 
==2360==    by 0x15805C: ??? (in /usr/bin/bash)
==2360==    by 0x15B1AE: initialize_shell_variables (in /usr/bin/bash)
==2362==    by 0x1984F3: xmalloc (in /usr/bin/bash)
==2362==    by 0x1544D7: ??? (in /usr/bin/bash)
==2361==    by 0x137544: main (in /usr/bin/bash)
==2361== 
==2359== 8,192 bytes in 1 blocks are still reachable in loss record 304 of 304
==2359==    at 0x483B7F3: malloc (in /usr/lib/x86_64-linux-gnu/valgrind/vgpreload_memcheck-amd64-linux.so)
==2360==    by 0x138DC9: ??? (in /usr/bin/bash)
==2360==    by 0x137544: main (in /usr/bin/bash)
==2362==    by 0x157FCF: ??? (in /usr/bin/bash)
==2362==    by 0x15805C: ??? (in /usr/bin/bash)
==2361== 32 bytes in 1 blocks are still reachable in loss record 164 of 304
==2361==    at 0x483B7F3: malloc (in /usr/lib/x86_64-linux-gnu/valgrind/vgpreload_memcheck-amd64-linux.so)
==2359==    by 0x1984F3: xmalloc (in /usr/bin/bash)
==2359==    by 0x17B74B: hash_create (in /usr/bin/bash)
==2360== 
==2360== 48 bytes in 1 blocks are still reachable in loss record 261 of 304
==2362==    by 0x15B165: initialize_shell_variables (in /usr/bin/bash)
==2362==    by 0x138DC9: ??? (in /usr/bin/bash)
==2361==    by 0x1984F3: xmalloc (in /usr/bin/bash)
==2361==    by 0x17BBFB: hash_insert (in /usr/bin/bash)
==2359==    by 0x157F8A: ??? (in /usr/bin/bash)
==2359==    by 0x15AAAB: initialize_shell_variables (in /usr/bin/bash)
==2360==    at 0x483B7F3: malloc (in /usr/lib/x86_64-linux-gnu/valgrind/vgpreload_memcheck-amd64-linux.so)
==2360==    by 0x1984F3: xmalloc (in /usr/bin/bash)
==2362==    by 0x137544: main (in /usr/bin/bash)
==2362== 
==2361==    by 0x158008: ??? (in /usr/bin/bash)
==2361==    by 0x15805C: ??? (in /usr/bin/bash)
==2359==    by 0x138DC9: ??? (in /usr/bin/bash)
==2359==    by 0x137544: main (in /usr/bin/bash)
==2360==    by 0x1544C3: ??? (in /usr/bin/bash)
==2360==    by 0x157FCF: ??? (in /usr/bin/bash)
==2362== 13 bytes in 1 blocks are still reachable in loss record 109 of 304
==2362==    at 0x483B7F3: malloc (in /usr/lib/x86_64-linux-gnu/valgrind/vgpreload_memcheck-amd64-linux.so)
==2361==    by 0x15ABBB: initialize_shell_variables (in /usr/bin/bash)
==2361==    by 0x138DC9: ??? (in /usr/bin/bash)
==2359== 
==2359== LEAK SUMMARY:
==2360==    by 0x15805C: ??? (in /usr/bin/bash)
==2360==    by 0x15B1D8: initialize_shell_variables (in /usr/bin/bash)
==2362==    by 0x1984F3: xmalloc (in /usr/bin/bash)
==2362==    by 0x157FED: ??? (in /usr/bin/bash)
==2361==    by 0x137544: main (in /usr/bin/bash)
==2361== 
==2359==    definitely lost: 2 bytes in 1 blocks
==2359==    indirectly lost: 0 bytes in 0 blocks
==2360==    by 0x138DC9: ??? (in /usr/bin/bash)
==2360==    by 0x137544: main (in /usr/bin/bash)
==2362==    by 0x15805C: ??? (in /usr/bin/bash)
==2362==    by 0x15B165: initialize_shell_variables (in /usr/bin/bash)
==2361== 32 bytes in 1 blocks are still reachable in loss record 165 of 304
==2361==    at 0x483B7F3: malloc (in /usr/lib/x86_64-linux-gnu/valgrind/vgpreload_memcheck-amd64-linux.so)
==2359==      possibly lost: 0 bytes in 0 blocks
==2359==    still reachable: 34,255 bytes in 386 blocks
==2360== 
==2360== 48 bytes in 1 blocks are still reachable in loss record 262 of 304
==2362==    by 0x138DC9: ??? (in /usr/bin/bash)
==2362==    by 0x137544: main (in /usr/bin/bash)
==2361==    by 0x1984F3: xmalloc (in /usr/bin/bash)
==2361==    by 0x17BBFB: hash_insert (in /usr/bin/bash)
==2359==         suppressed: 0 bytes in 0 blocks
==2359== 
==2360==    at 0x483B7F3: malloc (in /usr/lib/x86_64-linux-gnu/valgrind/vgpreload_memcheck-amd64-linux.so)
==2360==    by 0x1984F3: xmalloc (in /usr/bin/bash)
==2362== 
==2362== 13 bytes in 1 blocks are still reachable in loss record 110 of 304
==2361==    by 0x158008: ??? (in /usr/bin/bash)
==2361==    by 0x15805C: ??? (in /usr/bin/bash)
==2359== For lists of detected and suppressed errors, rerun with: -s
==2359== ERROR SUMMARY: 1 errors from 1 contexts (suppressed: 0 from 0)
==2360==    by 0x1544C3: ??? (in /usr/bin/bash)
==2360==    by 0x157FCF: ??? (in /usr/bin/bash)
==2362==    at 0x483B7F3: malloc (in /usr/lib/x86_64-linux-gnu/valgrind/vgpreload_memcheck-amd64-linux.so)
==2362==    by 0x1984F3: xmalloc (in /usr/bin/bash)
==2361==    by 0x15ABCE: initialize_shell_variables (in /usr/bin/bash)
==2361==    by 0x138DC9: ??? (in /usr/bin/bash)
==2360==    by 0x15805C: ??? (in /usr/bin/bash)
==2360==    by 0x15B205: initialize_shell_variables (in /usr/bin/bash)
==2362==    by 0x1544D7: ??? (in /usr/bin/bash)
==2362==    by 0x157FCF: ??? (in /usr/bin/bash)
==2361==    by 0x137544: main (in /usr/bin/bash)
==2361== 
==2360==    by 0x138DC9: ??? (in /usr/bin/bash)
==2362==    by 0x15805C: ??? (in /usr/bin/bash)
==2362==    by 0x15B228: initialize_shell_variables (in /usr/bin/bash)
==2361== 32 bytes in 1 blocks are still reachable in loss record 166 of 304
==2361==    at 0x483B7F3: malloc (in /usr/lib/x86_64-linux-gnu/valgrind/vgpreload_memcheck-amd64-linux.so)
==2360==    by 0x137544: main (in /usr/bin/bash)
==2360== 
==2362==    by 0x138DC9: ??? (in /usr/bin/bash)
==2362==    by 0x137544: main (in /usr/bin/bash)
==2361==    by 0x1984F3: xmalloc (in /usr/bin/bash)
==2361==    by 0x17BBFB: hash_insert (in /usr/bin/bash)
==2360== 48 bytes in 1 blocks are still reachable in loss record 263 of 304
==2362== 
==2362== 13 bytes in 1 blocks are still reachable in loss record 111 of 304
==2361==    by 0x158008: ??? (in /usr/bin/bash)
==2361==    by 0x15805C: ??? (in /usr/bin/bash)
==2360==    at 0x483B7F3: malloc (in /usr/lib/x86_64-linux-gnu/valgrind/vgpreload_memcheck-amd64-linux.so)
==2360==    by 0x1984F3: xmalloc (in /usr/bin/bash)
==2362==    at 0x483B7F3: malloc (in /usr/lib/x86_64-linux-gnu/valgrind/vgpreload_memcheck-amd64-linux.so)
==2362==    by 0x1984F3: xmalloc (in /usr/bin/bash)
==2361==    by 0x15929E: adjust_shell_level (in /usr/bin/bash)
==2361==    by 0x15AC10: initialize_shell_variables (in /usr/bin/bash)
==2360==    by 0x1544C3: ??? (in /usr/bin/bash)
==2360==    by 0x157FCF: ??? (in /usr/bin/bash)
==2362==    by 0x157FED: ??? (in /usr/bin/bash)
==2362==    by 0x15805C: ??? (in /usr/bin/bash)
==2361==    by 0x138DC9: ??? (in /usr/bin/bash)
==2361==    by 0x137544: main (in /usr/bin/bash)
==2360==    by 0x15805C: ??? (in /usr/bin/bash)
==2360==    by 0x15B228: initialize_shell_variables (in /usr/bin/bash)
==2362==    by 0x15B228: initialize_shell_variables (in /usr/bin/bash)
==2362==    by 0x138DC9: ??? (in /usr/bin/bash)
==2361== 
==2361== 32 bytes in 1 blocks are still reachable in loss record 167 of 304
==2360==    by 0x138DC9: ??? (in /usr/bin/bash)
==2360==    by 0x137544: main (in /usr/bin/bash)
==2362==    by 0x137544: main (in /usr/bin/bash)
==2362== 
==2361==    at 0x483B7F3: malloc (in /usr/lib/x86_64-linux-gnu/valgrind/vgpreload_memcheck-amd64-linux.so)
==2361==    by 0x1984F3: xmalloc (in /usr/bin/bash)
==2360== 
==2360== 48 bytes in 1 blocks are still reachable in loss record 264 of 304
==2362== 13 bytes in 1 blocks are still reachable in loss record 112 of 304
==2362==    at 0x483B7F3: malloc (in /usr/lib/x86_64-linux-gnu/valgrind/vgpreload_memcheck-amd64-linux.so)
==2361==    by 0x17BBFB: hash_insert (in /usr/bin/bash)
==2361==    by 0x158008: ??? (in /usr/bin/bash)
==2360==    at 0x483B7F3: malloc (in /usr/lib/x86_64-linux-gnu/valgrind/vgpreload_memcheck-amd64-linux.so)
==2360==    by 0x1984F3: xmalloc (in /usr/bin/bash)
==2362==    by 0x1984F3: xmalloc (in /usr/bin/bash)
==2362==    by 0x1544D7: ??? (in /usr/bin/bash)
==2361==    by 0x15805C: ??? (in /usr/bin/bash)
==2361==    by 0x159628: set_ppid (in /usr/bin/bash)
==2360==    by 0x1544C3: ??? (in /usr/bin/bash)
==2360==    by 0x157FCF: ??? (in /usr/bin/bash)
==2362==    by 0x157FCF: ??? (in /usr/bin/bash)
==2362==    by 0x158DE5: make_new_assoc_variable (in /usr/bin/bash)
==2361==    by 0x15AC15: initialize_shell_variables (in /usr/bin/bash)
==2361==    by 0x138DC9: ??? (in /usr/bin/bash)
==2360==    by 0x15805C: ??? (in /usr/bin/bash)
==2360==    by 0x15B24E: initialize_shell_variables (in /usr/bin/bash)
==2362==    by 0x15B67B: initialize_shell_variables (in /usr/bin/bash)
==2362==    by 0x138DC9: ??? (in /usr/bin/bash)
==2361==    by 0x137544: main (in /usr/bin/bash)
==2361== 
==2360==    by 0x138DC9: ??? (in /usr/bin/bash)
==2360==    by 0x137544: main (in /usr/bin/bash)
==2362==    by 0x137544: main (in /usr/bin/bash)
==2362== 
==2361== 32 bytes in 1 blocks are still reachable in loss record 168 of 304
==2361==    at 0x483B7F3: malloc (in /usr/lib/x86_64-linux-gnu/valgrind/vgpreload_memcheck-amd64-linux.so)
==2360== 
==2360== 48 bytes in 1 blocks are still reachable in loss record 265 of 304
==2362== 13 bytes in 1 blocks are still reachable in loss record 113 of 304
==2362==    at 0x483B7F3: malloc (in /usr/lib/x86_64-linux-gnu/valgrind/vgpreload_memcheck-amd64-linux.so)
==2361==    by 0x1984F3: xmalloc (in /usr/bin/bash)
==2361==    by 0x17BBFB: hash_insert (in /usr/bin/bash)
==2360==    at 0x483B7F3: malloc (in /usr/lib/x86_64-linux-gnu/valgrind/vgpreload_memcheck-amd64-linux.so)
==2360==    by 0x1984F3: xmalloc (in /usr/bin/bash)
==2362==    by 0x1984F3: xmalloc (in /usr/bin/bash)
==2362==    by 0x157FED: ??? (in /usr/bin/bash)
==2361==    by 0x158008: ??? (in /usr/bin/bash)
==2361==    by 0x15805C: ??? (in /usr/bin/bash)
==2360==    by 0x1544C3: ??? (in /usr/bin/bash)
==2360==    by 0x157FCF: ??? (in /usr/bin/bash)
==2362==    by 0x158DE5: make_new_assoc_variable (in /usr/bin/bash)
==2362==    by 0x15B67B: initialize_shell_variables (in /usr/bin/bash)
==2361==    by 0x15AC2A: initialize_shell_variables (in /usr/bin/bash)
==2361==    by 0x138DC9: ??? (in /usr/bin/bash)
==2360==    by 0x15805C: ??? (in /usr/bin/bash)
==2360==    by 0x15B27B: initialize_shell_variables (in /usr/bin/bash)
==2362==    by 0x138DC9: ??? (in /usr/bin/bash)
==2362==    by 0x137544: main (in /usr/bin/bash)
==2361==    by 0x137544: main (in /usr/bin/bash)
==2361== 
==2360==    by 0x138DC9: ??? (in /usr/bin/bash)
==2362== 
==2362== 14 bytes in 1 blocks are still reachable in loss record 114 of 304
==2361== 32 bytes in 1 blocks are still reachable in loss record 169 of 304
==2361==    at 0x483B7F3: malloc (in /usr/lib/x86_64-linux-gnu/valgrind/vgpreload_memcheck-amd64-linux.so)
==2360==    by 0x137544: main (in /usr/bin/bash)
==2360== 
==2362==    at 0x483B7F3: malloc (in /usr/lib/x86_64-linux-gnu/valgrind/vgpreload_memcheck-amd64-linux.so)
==2362==    by 0x1984F3: xmalloc (in /usr/bin/bash)
==2361==    by 0x1984F3: xmalloc (in /usr/bin/bash)
==2361==    by 0x17BBFB: hash_insert (in /usr/bin/bash)
==2360== 48 bytes in 1 blocks are still reachable in loss record 266 of 304
==2360==    at 0x483B7F3: malloc (in /usr/lib/x86_64-linux-gnu/valgrind/vgpreload_memcheck-amd64-linux.so)
==2362==    by 0x1544D7: ??? (in /usr/bin/bash)
==2362==    by 0x157FCF: ??? (in /usr/bin/bash)
==2361==    by 0x158008: ??? (in /usr/bin/bash)
==2361==    by 0x15805C: ??? (in /usr/bin/bash)
==2360==    by 0x1984F3: xmalloc (in /usr/bin/bash)
==2360==    by 0x1544C3: ??? (in /usr/bin/bash)
==2362==    by 0x158D55: make_new_array_variable (in /usr/bin/bash)
==2362==    by 0x15AEE3: initialize_shell_variables (in /usr/bin/bash)
==2361==    by 0x15AC4A: initialize_shell_variables (in /usr/bin/bash)
==2361==    by 0x138DC9: ??? (in /usr/bin/bash)
==2360==    by 0x157FCF: ??? (in /usr/bin/bash)
==2360==    by 0x15805C: ??? (in /usr/bin/bash)
==2362==    by 0x138DC9: ??? (in /usr/bin/bash)
==2362==    by 0x137544: main (in /usr/bin/bash)
==2361==    by 0x137544: main (in /usr/bin/bash)
==2361== 
==2360==    by 0x15B2A2: initialize_shell_variables (in /usr/bin/bash)
==2360==    by 0x138DC9: ??? (in /usr/bin/bash)
==2362== 
==2362== 14 bytes in 1 blocks are still reachable in loss record 115 of 304
==2361== 32 bytes in 1 blocks are still reachable in loss record 170 of 304
==2361==    at 0x483B7F3: malloc (in /usr/lib/x86_64-linux-gnu/valgrind/vgpreload_memcheck-amd64-linux.so)
==2360==    by 0x137544: main (in /usr/bin/bash)
==2360== 
==2362==    at 0x483B7F3: malloc (in /usr/lib/x86_64-linux-gnu/valgrind/vgpreload_memcheck-amd64-linux.so)
==2362==    by 0x1984F3: xmalloc (in /usr/bin/bash)
==2361==    by 0x1984F3: xmalloc (in /usr/bin/bash)
==2361==    by 0x17BBFB: hash_insert (in /usr/bin/bash)
==2360== 48 bytes in 1 blocks are still reachable in loss record 267 of 304
==2360==    at 0x483B7F3: malloc (in /usr/lib/x86_64-linux-gnu/valgrind/vgpreload_memcheck-amd64-linux.so)
==2362==    by 0x157FED: ??? (in /usr/bin/bash)
==2362==    by 0x158D55: make_new_array_variable (in /usr/bin/bash)
==2361==    by 0x158008: ??? (in /usr/bin/bash)
==2361==    by 0x15805C: ??? (in /usr/bin/bash)
==2360==    by 0x1984F3: xmalloc (in /usr/bin/bash)
==2360==    by 0x1544C3: ??? (in /usr/bin/bash)
==2362==    by 0x15AEE3: initialize_shell_variables (in /usr/bin/bash)
==2362==    by 0x138DC9: ??? (in /usr/bin/bash)
==2361==    by 0x15AE90: initialize_shell_variables (in /usr/bin/bash)
==2360==    by 0x157FCF: ??? (in /usr/bin/bash)
==2360==    by 0x158D55: make_new_array_variable (in /usr/bin/bash)
==2362==    by 0x137544: main (in /usr/bin/bash)
==2362== 
==2361==    by 0x138DC9: ??? (in /usr/bin/bash)
==2361==    by 0x137544: main (in /usr/bin/bash)
==2360==    by 0x158DA7: ??? (in /usr/bin/bash)
==2362== 14 bytes in 1 blocks are still reachable in loss record 116 of 304
==2362==    at 0x483B7F3: malloc (in /usr/lib/x86_64-linux-gnu/valgrind/vgpreload_memcheck-amd64-linux.so)
==2361== 
==2361== 32 bytes in 1 blocks are still reachable in loss record 171 of 304
==2360==    by 0x15B2CD: initialize_shell_variables (in /usr/bin/bash)
==2360==    by 0x138DC9: ??? (in /usr/bin/bash)
==2362==    by 0x1984F3: xmalloc (in /usr/bin/bash)
==2362==    by 0x1544D7: ??? (in /usr/bin/bash)
==2361==    at 0x483B7F3: malloc (in /usr/lib/x86_64-linux-gnu/valgrind/vgpreload_memcheck-amd64-linux.so)
==2361==    by 0x1984F3: xmalloc (in /usr/bin/bash)
==2360==    by 0x137544: main (in /usr/bin/bash)
==2360== 
==2362==    by 0x157FCF: ??? (in /usr/bin/bash)
==2362==    by 0x15805C: ??? (in /usr/bin/bash)
==2361==    by 0x17BBFB: hash_insert (in /usr/bin/bash)
==2361==    by 0x158008: ??? (in /usr/bin/bash)
==2360== 48 bytes in 1 blocks are still reachable in loss record 268 of 304
==2360==    at 0x483B7F3: malloc (in /usr/lib/x86_64-linux-gnu/valgrind/vgpreload_memcheck-amd64-linux.so)
==2362==    by 0x15B188: initialize_shell_variables (in /usr/bin/bash)
==2362==    by 0x138DC9: ??? (in /usr/bin/bash)
==2361==    by 0x15805C: ??? (in /usr/bin/bash)
==2360==    by 0x1984F3: xmalloc (in /usr/bin/bash)
==2360==    by 0x1544C3: ??? (in /usr/bin/bash)
==2362==    by 0x137544: main (in /usr/bin/bash)
==2362== 
==2361==    by 0x15B635: initialize_shell_variables (in /usr/bin/bash)
==2361==    by 0x138DC9: ??? (in /usr/bin/bash)
==2360==    by 0x157FCF: ??? (in /usr/bin/bash)
==2360==    by 0x158D55: make_new_array_variable (in /usr/bin/bash)
==2362== 14 bytes in 1 blocks are still reachable in loss record 117 of 304
==2361==    by 0x137544: main (in /usr/bin/bash)
==2361== 
==2360==    by 0x158DA7: ??? (in /usr/bin/bash)
==2360==    by 0x15B2EC: initialize_shell_variables (in /usr/bin/bash)
==2362==    at 0x483B7F3: malloc (in /usr/lib/x86_64-linux-gnu/valgrind/vgpreload_memcheck-amd64-linux.so)
==2362==    by 0x1984F3: xmalloc (in /usr/bin/bash)
==2361== 32 bytes in 1 blocks are still reachable in loss record 172 of 304
==2361==    at 0x483B7F3: malloc (in /usr/lib/x86_64-linux-gnu/valgrind/vgpreload_memcheck-amd64-linux.so)
==2360==    by 0x138DC9: ??? (in /usr/bin/bash)
==2360==    by 0x137544: main (in /usr/bin/bash)
==2362==    by 0x157FED: ??? (in /usr/bin/bash)
==2362==    by 0x15805C: ??? (in /usr/bin/bash)
==2361==    by 0x1984F3: xmalloc (in /usr/bin/bash)
==2361==    by 0x17BBFB: hash_insert (in /usr/bin/bash)
==2360== 
==2360== 48 bytes in 1 blocks are still reachable in loss record 269 of 304
==2362==    by 0x15B188: initialize_shell_variables (in /usr/bin/bash)
==2362==    by 0x138DC9: ??? (in /usr/bin/bash)
==2361==    by 0x158008: ??? (in /usr/bin/bash)
==2361==    by 0x15805C: ??? (in /usr/bin/bash)
==2360==    at 0x483B7F3: malloc (in /usr/lib/x86_64-linux-gnu/valgrind/vgpreload_memcheck-amd64-linux.so)
==2360==    by 0x1984F3: xmalloc (in /usr/bin/bash)
==2362==    by 0x137544: main (in /usr/bin/bash)
==2362== 
==2361==    by 0x15AECB: initialize_shell_variables (in /usr/bin/bash)
==2361==    by 0x138DC9: ??? (in /usr/bin/bash)
==2360==    by 0x1544C3: ??? (in /usr/bin/bash)
==2360==    by 0x157FCF: ??? (in /usr/bin/bash)
==2362== 14 bytes in 1 blocks are still reachable in loss record 118 of 304
==2362==    at 0x483B7F3: malloc (in /usr/lib/x86_64-linux-gnu/valgrind/vgpreload_memcheck-amd64-linux.so)
==2361==    by 0x137544: main (in /usr/bin/bash)
==2361== 
==2360==    by 0x158D55: make_new_array_variable (in /usr/bin/bash)
==2360==    by 0x158DA7: ??? (in /usr/bin/bash)
==2362==    by 0x1984F3: xmalloc (in /usr/bin/bash)
==2362==    by 0x1544D7: ??? (in /usr/bin/bash)
==2361== 32 bytes in 1 blocks are still reachable in loss record 173 of 304
==2360==    by 0x15B30B: initialize_shell_variables (in /usr/bin/bash)
==2360==    by 0x138DC9: ??? (in /usr/bin/bash)
==2362==    by 0x157FCF: ??? (in /usr/bin/bash)
==2362==    by 0x15805C: ??? (in /usr/bin/bash)
==2361==    at 0x483B7F3: malloc (in /usr/lib/x86_64-linux-gnu/valgrind/vgpreload_memcheck-amd64-linux.so)
==2361==    by 0x1984F3: xmalloc (in /usr/bin/bash)
==2360==    by 0x137544: main (in /usr/bin/bash)
==2360== 
==2362==    by 0x15B24E: initialize_shell_variables (in /usr/bin/bash)
==2362==    by 0x138DC9: ??? (in /usr/bin/bash)
==2361==    by 0x17BBFB: hash_insert (in /usr/bin/bash)
==2361==    by 0x158008: ??? (in /usr/bin/bash)
==2360== 48 bytes in 1 blocks are still reachable in loss record 270 of 304
==2360==    at 0x483B7F3: malloc (in /usr/lib/x86_64-linux-gnu/valgrind/vgpreload_memcheck-amd64-linux.so)
==2362==    by 0x137544: main (in /usr/bin/bash)
==2362== 
==2361==    by 0x158D55: make_new_array_variable (in /usr/bin/bash)
==2361==    by 0x15AEE3: initialize_shell_variables (in /usr/bin/bash)
==2360==    by 0x1984F3: xmalloc (in /usr/bin/bash)
==2360==    by 0x1544C3: ??? (in /usr/bin/bash)
==2362== 14 bytes in 1 blocks are still reachable in loss record 119 of 304
==2362==    at 0x483B7F3: malloc (in /usr/lib/x86_64-linux-gnu/valgrind/vgpreload_memcheck-amd64-linux.so)
==2361==    by 0x138DC9: ??? (in /usr/bin/bash)
==2361==    by 0x137544: main (in /usr/bin/bash)
==2360==    by 0x157FCF: ??? (in /usr/bin/bash)
==2360==    by 0x158D55: make_new_array_variable (in /usr/bin/bash)
==2362==    by 0x1984F3: xmalloc (in /usr/bin/bash)
==2362==    by 0x157FED: ??? (in /usr/bin/bash)
==2361== 
==2361== 32 bytes in 1 blocks are still reachable in loss record 174 of 304
==2360==    by 0x158DA7: ??? (in /usr/bin/bash)
==2360==    by 0x15B32A: initialize_shell_variables (in /usr/bin/bash)
==2362==    by 0x15805C: ??? (in /usr/bin/bash)
==2362==    by 0x15B24E: initialize_shell_variables (in /usr/bin/bash)
==2361==    at 0x483B7F3: malloc (in /usr/lib/x86_64-linux-gnu/valgrind/vgpreload_memcheck-amd64-linux.so)
==2361==    by 0x1984F3: xmalloc (in /usr/bin/bash)
==2360==    by 0x138DC9: ??? (in /usr/bin/bash)
==2360==    by 0x137544: main (in /usr/bin/bash)
==2362==    by 0x138DC9: ??? (in /usr/bin/bash)
==2362==    by 0x137544: main (in /usr/bin/bash)
==2361==    by 0x183457: array_create_element (in /usr/bin/bash)
==2361==    by 0x1834ED: array_create (in /usr/bin/bash)
==2360== 
==2360== 48 bytes in 1 blocks are still reachable in loss record 271 of 304
==2362== 
==2361==    by 0x158D5D: make_new_array_variable (in /usr/bin/bash)
==2361==    by 0x15AEE3: initialize_shell_variables (in /usr/bin/bash)
==2360==    at 0x483B7F3: malloc (in /usr/lib/x86_64-linux-gnu/valgrind/vgpreload_memcheck-amd64-linux.so)
==2360==    by 0x1984F3: xmalloc (in /usr/bin/bash)
==2362== 16 bytes in 1 blocks are still reachable in loss record 120 of 304
==2362==    at 0x483B7F3: malloc (in /usr/lib/x86_64-linux-gnu/valgrind/vgpreload_memcheck-amd64-linux.so)
==2361==    by 0x138DC9: ??? (in /usr/bin/bash)
==2360==    by 0x1544C3: ??? (in /usr/bin/bash)
==2360==    by 0x157FCF: ??? (in /usr/bin/bash)
==2362==    by 0x1984F3: xmalloc (in /usr/bin/bash)
==2362==    by 0x14789D: tilde_initialize (in /usr/bin/bash)
==2361==    by 0x137544: main (in /usr/bin/bash)
==2361== 
==2360==    by 0x158D55: make_new_array_variable (in /usr/bin/bash)
==2360==    by 0x158DA7: ??? (in /usr/bin/bash)
==2362==    by 0x138DA5: ??? (in /usr/bin/bash)
==2362==    by 0x137544: main (in /usr/bin/bash)
==2361== 32 bytes in 1 blocks are still reachable in loss record 175 of 304
==2360==    by 0x15B349: initialize_shell_variables (in /usr/bin/bash)
==2360==    by 0x138DC9: ??? (in /usr/bin/bash)
==2362== 
==2362== 16 bytes in 1 blocks are still reachable in loss record 121 of 304
==2361==    at 0x483B7F3: malloc (in /usr/lib/x86_64-linux-gnu/valgrind/vgpreload_memcheck-amd64-linux.so)
==2361==    by 0x1984F3: xmalloc (in /usr/bin/bash)
==2360==    by 0x137544: main (in /usr/bin/bash)
==2360== 
==2362==    at 0x483B7F3: malloc (in /usr/lib/x86_64-linux-gnu/valgrind/vgpreload_memcheck-amd64-linux.so)
==2362==    by 0x1984F3: xmalloc (in /usr/bin/bash)
==2361==    by 0x183457: array_create_element (in /usr/bin/bash)
==2361==    by 0x183987: array_insert (in /usr/bin/bash)
==2360== 48 bytes in 1 blocks are still reachable in loss record 272 of 304
==2360==    at 0x483B7F3: malloc (in /usr/lib/x86_64-linux-gnu/valgrind/vgpreload_memcheck-amd64-linux.so)
==2362==    by 0x1478EE: tilde_initialize (in /usr/bin/bash)
==2362==    by 0x138DA5: ??? (in /usr/bin/bash)
==2361==    by 0x15AF24: initialize_shell_variables (in /usr/bin/bash)
==2361==    by 0x138DC9: ??? (in /usr/bin/bash)
==2360==    by 0x1984F3: xmalloc (in /usr/bin/bash)
==2360==    by 0x1544C3: ??? (in /usr/bin/bash)
==2362==    by 0x137544: main (in /usr/bin/bash)
==2362== 
==2361==    by 0x137544: main (in /usr/bin/bash)
==2361== 
==2360==    by 0x157FCF: ??? (in /usr/bin/bash)
==2360==    by 0x158D55: make_new_array_variable (in /usr/bin/bash)
==2362== 16 bytes in 1 blocks are still reachable in loss record 122 of 304
==2362==    at 0x483B7F3: malloc (in /usr/lib/x86_64-linux-gnu/valgrind/vgpreload_memcheck-amd64-linux.so)
==2361== 32 bytes in 1 blocks are still reachable in loss record 176 of 304
==2361==    at 0x483B7F3: malloc (in /usr/lib/x86_64-linux-gnu/valgrind/vgpreload_memcheck-amd64-linux.so)
==2360==    by 0x158DA7: ??? (in /usr/bin/bash)
==2360==    by 0x15B368: initialize_shell_variables (in /usr/bin/bash)
==2362==    by 0x1984F3: xmalloc (in /usr/bin/bash)
==2362==    by 0x17B6F6: hash_create (in /usr/bin/bash)
==2361==    by 0x1984F3: xmalloc (in /usr/bin/bash)
==2361==    by 0x183457: array_create_element (in /usr/bin/bash)
==2360==    by 0x138DC9: ??? (in /usr/bin/bash)
==2360==    by 0x137544: main (in /usr/bin/bash)
==2362==    by 0x157F8A: ??? (in /usr/bin/bash)
==2362==    by 0x15AAAB: initialize_shell_variables (in /usr/bin/bash)
==2361==    by 0x183987: array_insert (in /usr/bin/bash)
==2361==    by 0x15AF34: initialize_shell_variables (in /usr/bin/bash)
==2360== 
==2360== 48 bytes in 1 blocks are still reachable in loss record 273 of 304
==2362==    by 0x138DC9: ??? (in /usr/bin/bash)
==2362==    by 0x137544: main (in /usr/bin/bash)
==2361==    by 0x138DC9: ??? (in /usr/bin/bash)
==2361==    by 0x137544: main (in /usr/bin/bash)
==2360==    at 0x483B7F3: malloc (in /usr/lib/x86_64-linux-gnu/valgrind/vgpreload_memcheck-amd64-linux.so)
==2360==    by 0x1984F3: xmalloc (in /usr/bin/bash)
==2362== 
==2362== 16 bytes in 1 blocks are still reachable in loss record 123 of 304
==2361== 
==2361== 32 bytes in 1 blocks are still reachable in loss record 177 of 304
==2360==    by 0x1544C3: ??? (in /usr/bin/bash)
==2360==    by 0x157FCF: ??? (in /usr/bin/bash)
==2362==    at 0x483B7F3: malloc (in /usr/lib/x86_64-linux-gnu/valgrind/vgpreload_memcheck-amd64-linux.so)
==2362==    by 0x1984F3: xmalloc (in /usr/bin/bash)
==2361==    at 0x483B7F3: malloc (in /usr/lib/x86_64-linux-gnu/valgrind/vgpreload_memcheck-amd64-linux.so)
==2361==    by 0x1984F3: xmalloc (in /usr/bin/bash)
==2360==    by 0x158DE5: make_new_assoc_variable (in /usr/bin/bash)
==2360==    by 0x15B6A9: initialize_shell_variables (in /usr/bin/bash)
==2362==    by 0x17B6F6: hash_create (in /usr/bin/bash)
==2362==    by 0x157FA9: ??? (in /usr/bin/bash)
==2361==    by 0x183457: array_create_element (in /usr/bin/bash)
==2361==    by 0x183987: array_insert (in /usr/bin/bash)
==2360==    by 0x138DC9: ??? (in /usr/bin/bash)
==2360==    by 0x137544: main (in /usr/bin/bash)
==2362==    by 0x15AAAB: initialize_shell_variables (in /usr/bin/bash)
==2362==    by 0x138DC9: ??? (in /usr/bin/bash)
==2361==    by 0x15AF5D: initialize_shell_variables (in /usr/bin/bash)
==2360== 
==2360== 48 bytes in 1 blocks are still reachable in loss record 274 of 304
==2362==    by 0x137544: main (in /usr/bin/bash)
==2362== 
==2361==    by 0x138DC9: ??? (in /usr/bin/bash)
==2361==    by 0x137544: main (in /usr/bin/bash)
==2360==    at 0x483B7F3: malloc (in /usr/lib/x86_64-linux-gnu/valgrind/vgpreload_memcheck-amd64-linux.so)
==2360==    by 0x1984F3: xmalloc (in /usr/bin/bash)
==2362== 16 bytes in 1 blocks are still reachable in loss record 124 of 304
==2362==    at 0x483B7F3: malloc (in /usr/lib/x86_64-linux-gnu/valgrind/vgpreload_memcheck-amd64-linux.so)
==2361== 
==2361== 32 bytes in 1 blocks are still reachable in loss record 178 of 304
==2360==    by 0x1544C3: ??? (in /usr/bin/bash)
==2360==    by 0x157FCF: ??? (in /usr/bin/bash)
==2362==    by 0x1984F3: xmalloc (in /usr/bin/bash)
==2362==    by 0x17B6F6: hash_create (in /usr/bin/bash)
==2361==    at 0x483B7F3: malloc (in /usr/lib/x86_64-linux-gnu/valgrind/vgpreload_memcheck-amd64-linux.so)
==2361==    by 0x1984F3: xmalloc (in /usr/bin/bash)
==2360==    by 0x158DE5: make_new_assoc_variable (in /usr/bin/bash)
==2360==    by 0x15B67B: initialize_shell_variables (in /usr/bin/bash)
==2362==    by 0x157F51: ??? (in /usr/bin/bash)
==2362==    by 0x15AAAB: initialize_shell_variables (in /usr/bin/bash)
==2361==    by 0x183457: array_create_element (in /usr/bin/bash)
==2361==    by 0x183987: array_insert (in /usr/bin/bash)
==2360==    by 0x138DC9: ??? (in /usr/bin/bash)
==2360==    by 0x137544: main (in /usr/bin/bash)
==2362==    by 0x138DC9: ??? (in /usr/bin/bash)
==2362==    by 0x137544: main (in /usr/bin/bash)
==2361==    by 0x15AF81: initialize_shell_variables (in /usr/bin/bash)
==2360== 
==2360== 48 bytes in 1 blocks are still reachable in loss record 275 of 304
==2362== 
==2362== 16 bytes in 1 blocks are still reachable in loss record 125 of 304
==2361==    by 0x138DC9: ??? (in /usr/bin/bash)
==2361==    by 0x137544: main (in /usr/bin/bash)
==2360==    at 0x483B7F3: malloc (in /usr/lib/x86_64-linux-gnu/valgrind/vgpreload_memcheck-amd64-linux.so)
==2362==    at 0x483B7F3: malloc (in /usr/lib/x86_64-linux-gnu/valgrind/vgpreload_memcheck-amd64-linux.so)
==2362==    by 0x1984F3: xmalloc (in /usr/bin/bash)
==2361== 
==2360==    by 0x1984F3: xmalloc (in /usr/bin/bash)
==2360==    by 0x1544C3: ??? (in /usr/bin/bash)
==2362==    by 0x1544D7: ??? (in /usr/bin/bash)
==2362==    by 0x157FCF: ??? (in /usr/bin/bash)
==2361== 32 bytes in 1 blocks are still reachable in loss record 179 of 304
==2361==    at 0x483B7F3: malloc (in /usr/lib/x86_64-linux-gnu/valgrind/vgpreload_memcheck-amd64-linux.so)
==2360==    by 0x157FCF: ??? (in /usr/bin/bash)
==2360==    by 0x158D55: make_new_array_variable (in /usr/bin/bash)
==2362==    by 0x15805C: ??? (in /usr/bin/bash)
==2362==    by 0x15B2A2: initialize_shell_variables (in /usr/bin/bash)
==2361==    by 0x1984F3: xmalloc (in /usr/bin/bash)
==2361==    by 0x183457: array_create_element (in /usr/bin/bash)
==2360==    by 0x15B64D: initialize_shell_variables (in /usr/bin/bash)
==2360==    by 0x138DC9: ??? (in /usr/bin/bash)
==2362==    by 0x138DC9: ??? (in /usr/bin/bash)
==2362==    by 0x137544: main (in /usr/bin/bash)
==2361==    by 0x183987: array_insert (in /usr/bin/bash)
==2361==    by 0x15AF95: initialize_shell_variables (in /usr/bin/bash)
==2360==    by 0x137544: main (in /usr/bin/bash)
==2360== 
==2362== 
==2362== 16 bytes in 1 blocks are still reachable in loss record 126 of 304
==2361==    by 0x138DC9: ??? (in /usr/bin/bash)
==2361==    by 0x137544: main (in /usr/bin/bash)
==2360== 48 bytes in 1 blocks are still reachable in loss record 276 of 304
==2360==    at 0x483B7F3: malloc (in /usr/lib/x86_64-linux-gnu/valgrind/vgpreload_memcheck-amd64-linux.so)
==2362==    at 0x483B7F3: malloc (in /usr/lib/x86_64-linux-gnu/valgrind/vgpreload_memcheck-amd64-linux.so)
==2362==    by 0x1984F3: xmalloc (in /usr/bin/bash)
==2361== 
==2360==    by 0x1984F3: xmalloc (in /usr/bin/bash)
==2360==    by 0x1544C3: ??? (in /usr/bin/bash)
==2362==    by 0x157FED: ??? (in /usr/bin/bash)
==2362==    by 0x15805C: ??? (in /usr/bin/bash)
==2361== 32 bytes in 1 blocks are still reachable in loss record 180 of 304
==2361==    at 0x483B7F3: malloc (in /usr/lib/x86_64-linux-gnu/valgrind/vgpreload_memcheck-amd64-linux.so)
==2360==    by 0x157FCF: ??? (in /usr/bin/bash)
==2360==    by 0x15805C: ??? (in /usr/bin/bash)
==2362==    by 0x15B2A2: initialize_shell_variables (in /usr/bin/bash)
==2362==    by 0x138DC9: ??? (in /usr/bin/bash)
==2361==    by 0x1984F3: xmalloc (in /usr/bin/bash)
==2361==    by 0x183457: array_create_element (in /usr/bin/bash)
==2360==    by 0x1A76E0: set_shellopts (in /usr/bin/bash)
==2360==    by 0x138DFD: ??? (in /usr/bin/bash)
==2362==    by 0x137544: main (in /usr/bin/bash)
==2362== 
==2361==    by 0x183987: array_insert (in /usr/bin/bash)
==2361==    by 0x15AFA9: initialize_shell_variables (in /usr/bin/bash)
==2360==    by 0x137544: main (in /usr/bin/bash)
==2360== 
==2362== 16 bytes in 1 blocks are still reachable in loss record 127 of 304
==2362==    at 0x483B7F3: malloc (in /usr/lib/x86_64-linux-gnu/valgrind/vgpreload_memcheck-amd64-linux.so)
==2361==    by 0x138DC9: ??? (in /usr/bin/bash)
==2361==    by 0x137544: main (in /usr/bin/bash)
==2360== 48 bytes in 1 blocks are still reachable in loss record 277 of 304
==2360==    at 0x483B7F3: malloc (in /usr/lib/x86_64-linux-gnu/valgrind/vgpreload_memcheck-amd64-linux.so)
==2362==    by 0x1984F3: xmalloc (in /usr/bin/bash)
==2362==    by 0x17B6F6: hash_create (in /usr/bin/bash)
==2361== 
==2360==    by 0x1984F3: xmalloc (in /usr/bin/bash)
==2360==    by 0x1544C3: ??? (in /usr/bin/bash)
==2362==    by 0x158DEF: make_new_assoc_variable (in /usr/bin/bash)
==2362==    by 0x15B6A9: initialize_shell_variables (in /usr/bin/bash)
==2361== 32 bytes in 1 blocks are still reachable in loss record 181 of 304
==2361==    at 0x483B7F3: malloc (in /usr/lib/x86_64-linux-gnu/valgrind/vgpreload_memcheck-amd64-linux.so)
==2360==    by 0x157FCF: ??? (in /usr/bin/bash)
==2360==    by 0x15805C: ??? (in /usr/bin/bash)
==2362==    by 0x138DC9: ??? (in /usr/bin/bash)
==2362==    by 0x137544: main (in /usr/bin/bash)
==2361==    by 0x1984F3: xmalloc (in /usr/bin/bash)
==2361==    by 0x17BBFB: hash_insert (in /usr/bin/bash)
==2360==    by 0x1AC4B0: set_bashopts (in /usr/bin/bash)
==2360==    by 0x138E1C: ??? (in /usr/bin/bash)
==2362== 
==2362== 16 bytes in 1 blocks are still reachable in loss record 128 of 304
==2361==    by 0x158008: ??? (in /usr/bin/bash)
==2360==    by 0x137544: main (in /usr/bin/bash)
==2360== 
==2362==    at 0x483B7F3: malloc (in /usr/lib/x86_64-linux-gnu/valgrind/vgpreload_memcheck-amd64-linux.so)
==2362==    by 0x1984F3: xmalloc (in /usr/bin/bash)
==2361==    by 0x15805C: ??? (in /usr/bin/bash)
==2361==    by 0x15B7C8: initialize_shell_variables (in /usr/bin/bash)
==2360== 48 bytes in 1 blocks are still reachable in loss record 278 of 304
==2360==    at 0x483B7F3: malloc (in /usr/lib/x86_64-linux-gnu/valgrind/vgpreload_memcheck-amd64-linux.so)
==2362==    by 0x17B6F6: hash_create (in /usr/bin/bash)
==2362==    by 0x158DEF: make_new_assoc_variable (in /usr/bin/bash)
==2361==    by 0x138DC9: ??? (in /usr/bin/bash)
==2361==    by 0x137544: main (in /usr/bin/bash)
==2360==    by 0x1984F3: xmalloc (in /usr/bin/bash)
==2360==    by 0x17E939: fd_to_buffered_stream (in /usr/bin/bash)
==2362==    by 0x15B67B: initialize_shell_variables (in /usr/bin/bash)
==2362==    by 0x138DC9: ??? (in /usr/bin/bash)
==2361== 
==2360==    by 0x17EF54: with_input_from_buffered_stream (in /usr/bin/bash)
==2360==    by 0x137DC4: main (in /usr/bin/bash)
==2362==    by 0x137544: main (in /usr/bin/bash)
==2362== 
==2361== 32 bytes in 1 blocks are still reachable in loss record 182 of 304
==2360== 
==2360== 48 bytes in 1 blocks are still reachable in loss record 279 of 304
==2362== 16 bytes in 1 blocks are still reachable in loss record 129 of 304
==2362==    at 0x483B7F3: malloc (in /usr/lib/x86_64-linux-gnu/valgrind/vgpreload_memcheck-amd64-linux.so)
==2361==    at 0x483B7F3: malloc (in /usr/lib/x86_64-linux-gnu/valgrind/vgpreload_memcheck-amd64-linux.so)
==2361==    by 0x1984F3: xmalloc (in /usr/bin/bash)
==2360==    at 0x483B7F3: malloc (in /usr/lib/x86_64-linux-gnu/valgrind/vgpreload_memcheck-amd64-linux.so)
==2360==    by 0x1984F3: xmalloc (in /usr/bin/bash)
==2362==    by 0x1984F3: xmalloc (in /usr/bin/bash)
==2362==    by 0x148045: alloc_word_desc (in /usr/bin/bash)
==2361==    by 0x17BBFB: hash_insert (in /usr/bin/bash)
==2361==    by 0x158008: ??? (in /usr/bin/bash)
==2360==    by 0x1544C3: ??? (in /usr/bin/bash)
==2360==    by 0x157FCF: ??? (in /usr/bin/bash)
==2362==    by 0x141419: ??? (in /usr/bin/bash)
==2362==    by 0x142EC7: yyparse (in /usr/bin/bash)
==2361==    by 0x15805C: ??? (in /usr/bin/bash)
==2360==    by 0x158D55: make_new_array_variable (in /usr/bin/bash)
==2360==    by 0x15C10B: set_pipestatus_array (in /usr/bin/bash)
==2362==    by 0x13929A: parse_command (in /usr/bin/bash)
==2362==    by 0x1393A6: read_command (in /usr/bin/bash)
==2361==    by 0x15B7AE: initialize_shell_variables (in /usr/bin/bash)
==2361==    by 0x138DC9: ??? (in /usr/bin/bash)
==2360==    by 0x15172F: execute_command_internal (in /usr/bin/bash)
==2360==    by 0x1519D9: execute_command (in /usr/bin/bash)
==2362==    by 0x1395C9: reader_loop (in /usr/bin/bash)
==2362==    by 0x137EF8: main (in /usr/bin/bash)
==2361==    by 0x137544: main (in /usr/bin/bash)
==2361== 
==2360==    by 0x139664: reader_loop (in /usr/bin/bash)
==2360==    by 0x137EF8: main (in /usr/bin/bash)
==2362== 
==2362== 16 bytes in 1 blocks are still reachable in loss record 130 of 304
==2361== 32 bytes in 1 blocks are still reachable in loss record 183 of 304
==2361==    at 0x483B7F3: malloc (in /usr/lib/x86_64-linux-gnu/valgrind/vgpreload_memcheck-amd64-linux.so)
==2360== 
==2360== 61 bytes in 1 blocks are still reachable in loss record 280 of 304
==2362==    at 0x483B7F3: malloc (in /usr/lib/x86_64-linux-gnu/valgrind/vgpreload_memcheck-amd64-linux.so)
==2362==    by 0x1984F3: xmalloc (in /usr/bin/bash)
==2361==    by 0x1984F3: xmalloc (in /usr/bin/bash)
==2361==    by 0x17BBFB: hash_insert (in /usr/bin/bash)
==2360==    at 0x483B7F3: malloc (in /usr/lib/x86_64-linux-gnu/valgrind/vgpreload_memcheck-amd64-linux.so)
==2360==    by 0x1984F3: xmalloc (in /usr/bin/bash)
==2362==    by 0x148045: alloc_word_desc (in /usr/bin/bash)
==2362==    by 0x140C67: ??? (in /usr/bin/bash)
==2361==    by 0x158008: ??? (in /usr/bin/bash)
==2361==    by 0x15805C: ??? (in /usr/bin/bash)
==2360==    by 0x156DA1: make_variable_value (in /usr/bin/bash)
==2360==    by 0x15806D: ??? (in /usr/bin/bash)
==2362==    by 0x142EC7: yyparse (in /usr/bin/bash)
==2362==    by 0x13929A: parse_command (in /usr/bin/bash)
==2361==    by 0x15B112: initialize_shell_variables (in /usr/bin/bash)
==2361==    by 0x138DC9: ??? (in /usr/bin/bash)
==2360==    by 0x15AB1F: initialize_shell_variables (in /usr/bin/bash)
==2360==    by 0x138DC9: ??? (in /usr/bin/bash)
==2362==    by 0x1393A6: read_command (in /usr/bin/bash)
==2362==    by 0x1395C9: reader_loop (in /usr/bin/bash)
==2361==    by 0x137544: main (in /usr/bin/bash)
==2361== 
==2360==    by 0x137544: main (in /usr/bin/bash)
==2360== 
==2362==    by 0x137EF8: main (in /usr/bin/bash)
==2362== 
==2361== 32 bytes in 1 blocks are still reachable in loss record 184 of 304
==2360== 64 bytes in 1 blocks are still reachable in loss record 281 of 304
==2360==    at 0x483B7F3: malloc (in /usr/lib/x86_64-linux-gnu/valgrind/vgpreload_memcheck-amd64-linux.so)
==2362== 16 bytes in 1 blocks are still reachable in loss record 131 of 304
==2361==    at 0x483B7F3: malloc (in /usr/lib/x86_64-linux-gnu/valgrind/vgpreload_memcheck-amd64-linux.so)
==2361==    by 0x1984F3: xmalloc (in /usr/bin/bash)
==2360==    by 0x1984F3: xmalloc (in /usr/bin/bash)
==2360==    by 0x149383: ??? (in /usr/bin/bash)
==2362==    at 0x483B7F3: malloc (in /usr/lib/x86_64-linux-gnu/valgrind/vgpreload_memcheck-amd64-linux.so)
==2362==    by 0x1984F3: xmalloc (in /usr/bin/bash)
==2361==    by 0x17BBFB: hash_insert (in /usr/bin/bash)
==2361==    by 0x158008: ??? (in /usr/bin/bash)
==2360==    by 0x149402: ??? (in /usr/bin/bash)
==2360==    by 0x1496BF: ??? (in /usr/bin/bash)
==2362==    by 0x1482D9: make_word_list (in /usr/bin/bash)
==2361==    by 0x15805C: ??? (in /usr/bin/bash)
==2361==    by 0x15B13F: initialize_shell_variables (in /usr/bin/bash)
==2360==    by 0x14AE57: print_simple_command (in /usr/bin/bash)
==2360==    by 0x14F903: execute_command_internal (in /usr/bin/bash)
==2362==    by 0x148AB8: make_simple_command (in /usr/bin/bash)
==2362==    by 0x14353F: yyparse (in /usr/bin/bash)
==2361==    by 0x138DC9: ??? (in /usr/bin/bash)
==2361==    by 0x137544: main (in /usr/bin/bash)
==2360==    by 0x1519D9: execute_command (in /usr/bin/bash)
==2360==    by 0x139664: reader_loop (in /usr/bin/bash)
==2362==    by 0x13929A: parse_command (in /usr/bin/bash)
==2362==    by 0x1393A6: read_command (in /usr/bin/bash)
==2361== 
==2360==    by 0x137EF8: main (in /usr/bin/bash)
==2360== 
==2362==    by 0x1395C9: reader_loop (in /usr/bin/bash)
==2362==    by 0x137EF8: main (in /usr/bin/bash)
==2361== 32 bytes in 1 blocks are still reachable in loss record 185 of 304
==2360== 128 bytes in 1 blocks are still reachable in loss record 282 of 304
==2360==    at 0x483B7F3: malloc (in /usr/lib/x86_64-linux-gnu/valgrind/vgpreload_memcheck-amd64-linux.so)
==2362== 
==2362== 16 bytes in 1 blocks are still reachable in loss record 132 of 304
==2361==    at 0x483B7F3: malloc (in /usr/lib/x86_64-linux-gnu/valgrind/vgpreload_memcheck-amd64-linux.so)
==2361==    by 0x1984F3: xmalloc (in /usr/bin/bash)
==2360==    by 0x1984F3: xmalloc (in /usr/bin/bash)
==2360==    by 0x17E92C: fd_to_buffered_stream (in /usr/bin/bash)
==2362==    at 0x483B7F3: malloc (in /usr/lib/x86_64-linux-gnu/valgrind/vgpreload_memcheck-amd64-linux.so)
==2362==    by 0x1984F3: xmalloc (in /usr/bin/bash)
==2361==    by 0x17BBFB: hash_insert (in /usr/bin/bash)
==2361==    by 0x158008: ??? (in /usr/bin/bash)
==2360==    by 0x17EF54: with_input_from_buffered_stream (in /usr/bin/bash)
==2360==    by 0x137DC4: main (in /usr/bin/bash)
==2362==    by 0x1482D9: make_word_list (in /usr/bin/bash)
==2362==    by 0x148AB8: make_simple_command (in /usr/bin/bash)
==2361==    by 0x15805C: ??? (in /usr/bin/bash)
==2361==    by 0x15B165: initialize_shell_variables (in /usr/bin/bash)
==2360== 
==2360== 144 bytes in 1 blocks are still reachable in loss record 283 of 304
==2362==    by 0x143516: yyparse (in /usr/bin/bash)
==2362==    by 0x13929A: parse_command (in /usr/bin/bash)
==2361==    by 0x138DC9: ??? (in /usr/bin/bash)
==2361==    by 0x137544: main (in /usr/bin/bash)
==2360==    at 0x483B7F3: malloc (in /usr/lib/x86_64-linux-gnu/valgrind/vgpreload_memcheck-amd64-linux.so)
==2360==    by 0x1984F3: xmalloc (in /usr/bin/bash)
==2362==    by 0x1393A6: read_command (in /usr/bin/bash)
==2362==    by 0x1395C9: reader_loop (in /usr/bin/bash)
==2361== 
==2360==    by 0x156DA1: make_variable_value (in /usr/bin/bash)
==2360==    by 0x15806D: ??? (in /usr/bin/bash)
==2362==    by 0x137EF8: main (in /usr/bin/bash)
==2362== 
==2361== 32 bytes in 1 blocks are still reachable in loss record 186 of 304
==2360==    by 0x1AC4B0: set_bashopts (in /usr/bin/bash)
==2360==    by 0x138E1C: ??? (in /usr/bin/bash)
==2362== 16 bytes in 1 blocks are still reachable in loss record 133 of 304
==2362==    at 0x483B7F3: malloc (in /usr/lib/x86_64-linux-gnu/valgrind/vgpreload_memcheck-amd64-linux.so)
==2361==    at 0x483B7F3: malloc (in /usr/lib/x86_64-linux-gnu/valgrind/vgpreload_memcheck-amd64-linux.so)
==2361==    by 0x1984F3: xmalloc (in /usr/bin/bash)
==2360==    by 0x137544: main (in /usr/bin/bash)
==2360== 
==2362==    by 0x1984F3: xmalloc (in /usr/bin/bash)
==2362==    by 0x148045: alloc_word_desc (in /usr/bin/bash)
==2361==    by 0x17BBFB: hash_insert (in /usr/bin/bash)
==2361==    by 0x158008: ??? (in /usr/bin/bash)
==2360== 150 bytes in 11 blocks are still reachable in loss record 284 of 304
==2360==    at 0x483B7F3: malloc (in /usr/lib/x86_64-linux-gnu/valgrind/vgpreload_memcheck-amd64-linux.so)
==2362==    by 0x148072: make_bare_word (in /usr/bin/bash)
==2362==    by 0x15C2F5: copy_word_list (in /usr/bin/bash)
==2361==    by 0x15805C: ??? (in /usr/bin/bash)
==2361==    by 0x15B188: initialize_shell_variables (in /usr/bin/bash)
==2360==    by 0x1984F3: xmalloc (in /usr/bin/bash)
==2360==    by 0x1544D7: ??? (in /usr/bin/bash)
==2362==    by 0x17A74F: ??? (in /usr/bin/bash)
==2362==    by 0x14FB29: execute_command_internal (in /usr/bin/bash)
==2361==    by 0x138DC9: ??? (in /usr/bin/bash)
==2361==    by 0x137544: main (in /usr/bin/bash)
==2360==    by 0x157FCF: ??? (in /usr/bin/bash)
==2360==    by 0x15805C: ??? (in /usr/bin/bash)
==2362==    by 0x1519D9: execute_command (in /usr/bin/bash)
==2362==    by 0x139664: reader_loop (in /usr/bin/bash)
==2361== 
==2361== 32 bytes in 1 blocks are still reachable in loss record 187 of 304
==2360==    by 0x15AD0C: initialize_shell_variables (in /usr/bin/bash)
==2360==    by 0x138DC9: ??? (in /usr/bin/bash)
==2362==    by 0x137EF8: main (in /usr/bin/bash)
==2362== 
==2361==    at 0x483B7F3: malloc (in /usr/lib/x86_64-linux-gnu/valgrind/vgpreload_memcheck-amd64-linux.so)
==2361==    by 0x1984F3: xmalloc (in /usr/bin/bash)
==2360==    by 0x137544: main (in /usr/bin/bash)
==2362== 16 bytes in 1 blocks are still reachable in loss record 134 of 304
==2362==    at 0x483B7F3: malloc (in /usr/lib/x86_64-linux-gnu/valgrind/vgpreload_memcheck-amd64-linux.so)
==2361==    by 0x17BBFB: hash_insert (in /usr/bin/bash)
==2361==    by 0x158008: ??? (in /usr/bin/bash)
==2360== 
==2360== 150 bytes in 11 blocks are still reachable in loss record 285 of 304
==2362==    by 0x1984F3: xmalloc (in /usr/bin/bash)
==2362==    by 0x1482D9: make_word_list (in /usr/bin/bash)
==2361==    by 0x15805C: ??? (in /usr/bin/bash)
==2361==    by 0x15B1AE: initialize_shell_variables (in /usr/bin/bash)
==2360==    at 0x483B7F3: malloc (in /usr/lib/x86_64-linux-gnu/valgrind/vgpreload_memcheck-amd64-linux.so)
==2360==    by 0x1984F3: xmalloc (in /usr/bin/bash)
==2362==    by 0x15C305: copy_word_list (in /usr/bin/bash)
==2362==    by 0x17A74F: ??? (in /usr/bin/bash)
==2361==    by 0x138DC9: ??? (in /usr/bin/bash)
==2361==    by 0x137544: main (in /usr/bin/bash)
==2360==    by 0x157FED: ??? (in /usr/bin/bash)
==2360==    by 0x15805C: ??? (in /usr/bin/bash)
==2362==    by 0x14FB29: execute_command_internal (in /usr/bin/bash)
==2362==    by 0x1519D9: execute_command (in /usr/bin/bash)
==2361== 
==2361== 32 bytes in 1 blocks are still reachable in loss record 188 of 304
==2360==    by 0x15AD0C: initialize_shell_variables (in /usr/bin/bash)
==2360==    by 0x138DC9: ??? (in /usr/bin/bash)
==2362==    by 0x139664: reader_loop (in /usr/bin/bash)
==2362==    by 0x137EF8: main (in /usr/bin/bash)
==2361==    at 0x483B7F3: malloc (in /usr/lib/x86_64-linux-gnu/valgrind/vgpreload_memcheck-amd64-linux.so)
==2361==    by 0x1984F3: xmalloc (in /usr/bin/bash)
==2360==    by 0x137544: main (in /usr/bin/bash)
==2360== 
==2362== 
==2362== 16 bytes in 1 blocks are still reachable in loss record 135 of 304
==2361==    by 0x17BBFB: hash_insert (in /usr/bin/bash)
==2360== 223 bytes in 8 blocks are still reachable in loss record 286 of 304
==2362==    at 0x483B7F3: malloc (in /usr/lib/x86_64-linux-gnu/valgrind/vgpreload_memcheck-amd64-linux.so)
==2362==    by 0x1984F3: xmalloc (in /usr/bin/bash)
==2361==    by 0x158008: ??? (in /usr/bin/bash)
==2361==    by 0x15805C: ??? (in /usr/bin/bash)
==2360==    at 0x483B7F3: malloc (in /usr/lib/x86_64-linux-gnu/valgrind/vgpreload_memcheck-amd64-linux.so)
==2360==    by 0x1984F3: xmalloc (in /usr/bin/bash)
==2362==    by 0x148045: alloc_word_desc (in /usr/bin/bash)
==2362==    by 0x148072: make_bare_word (in /usr/bin/bash)
==2361==    by 0x15B1D8: initialize_shell_variables (in /usr/bin/bash)
==2361==    by 0x138DC9: ??? (in /usr/bin/bash)
==2360==    by 0x156DA1: make_variable_value (in /usr/bin/bash)
==2362==    by 0x15C2C4: copy_word_list (in /usr/bin/bash)
==2362==    by 0x17A74F: ??? (in /usr/bin/bash)
==2361==    by 0x137544: main (in /usr/bin/bash)
==2361== 
==2360==    by 0x15806D: ??? (in /usr/bin/bash)
==2360==    by 0x15AD0C: initialize_shell_variables (in /usr/bin/bash)
==2362==    by 0x14FB29: execute_command_internal (in /usr/bin/bash)
==2362==    by 0x1519D9: execute_command (in /usr/bin/bash)
==2361== 32 bytes in 1 blocks are still reachable in loss record 189 of 304
==2361==    at 0x483B7F3: malloc (in /usr/lib/x86_64-linux-gnu/valgrind/vgpreload_memcheck-amd64-linux.so)
==2360==    by 0x138DC9: ??? (in /usr/bin/bash)
==2360==    by 0x137544: main (in /usr/bin/bash)
==2362==    by 0x139664: reader_loop (in /usr/bin/bash)
==2362==    by 0x137EF8: main (in /usr/bin/bash)
==2361==    by 0x1984F3: xmalloc (in /usr/bin/bash)
==2360== 
==2360== 224 bytes in 7 blocks are still reachable in loss record 287 of 304
==2362== 
==2362== 16 bytes in 1 blocks are still reachable in loss record 136 of 304
==2361==    by 0x17BBFB: hash_insert (in /usr/bin/bash)
==2360==    at 0x483B7F3: malloc (in /usr/lib/x86_64-linux-gnu/valgrind/vgpreload_memcheck-amd64-linux.so)
==2360==    by 0x1984F3: xmalloc (in /usr/bin/bash)
==2362==    at 0x483B7F3: malloc (in /usr/lib/x86_64-linux-gnu/valgrind/vgpreload_memcheck-amd64-linux.so)
==2362==    by 0x1984F3: xmalloc (in /usr/bin/bash)
==2361==    by 0x158008: ??? (in /usr/bin/bash)
==2361==    by 0x15805C: ??? (in /usr/bin/bash)
==2360==    by 0x17F66E: unwind_protect_mem (in /usr/bin/bash)
==2360==    by 0x14FD00: execute_command_internal (in /usr/bin/bash)
==2362==    by 0x1482D9: make_word_list (in /usr/bin/bash)
==2362==    by 0x15C2D4: copy_word_list (in /usr/bin/bash)
==2361==    by 0x15B205: initialize_shell_variables (in /usr/bin/bash)
==2361==    by 0x138DC9: ??? (in /usr/bin/bash)
==2360==    by 0x1519D9: execute_command (in /usr/bin/bash)
==2360==    by 0x139664: reader_loop (in /usr/bin/bash)
==2362==    by 0x17A74F: ??? (in /usr/bin/bash)
==2362==    by 0x14FB29: execute_command_internal (in /usr/bin/bash)
==2361==    by 0x137544: main (in /usr/bin/bash)
==2360==    by 0x137EF8: main (in /usr/bin/bash)
==2360== 
==2362==    by 0x1519D9: execute_command (in /usr/bin/bash)
==2362==    by 0x139664: reader_loop (in /usr/bin/bash)
==2361== 
==2361== 32 bytes in 1 blocks are still reachable in loss record 190 of 304
==2360== 224 bytes in 7 blocks are still reachable in loss record 288 of 304
==2360==    at 0x483B7F3: malloc (in /usr/lib/x86_64-linux-gnu/valgrind/vgpreload_memcheck-amd64-linux.so)
==2362==    by 0x137EF8: main (in /usr/bin/bash)
==2362== 
==2361==    at 0x483B7F3: malloc (in /usr/lib/x86_64-linux-gnu/valgrind/vgpreload_memcheck-amd64-linux.so)
==2361==    by 0x1984F3: xmalloc (in /usr/bin/bash)
==2360==    by 0x1984F3: xmalloc (in /usr/bin/bash)
==2360==    by 0x17F66E: unwind_protect_mem (in /usr/bin/bash)
==2362== 16 bytes in 1 blocks are still reachable in loss record 137 of 304
==2362==    at 0x483B7F3: malloc (in /usr/lib/x86_64-linux-gnu/valgrind/vgpreload_memcheck-amd64-linux.so)
==2361==    by 0x17BBFB: hash_insert (in /usr/bin/bash)
==2361==    by 0x158008: ??? (in /usr/bin/bash)
==2360==    by 0x14FD11: execute_command_internal (in /usr/bin/bash)
==2360==    by 0x1519D9: execute_command (in /usr/bin/bash)
==2362==    by 0x1984F3: xmalloc (in /usr/bin/bash)
==2362==    by 0x148045: alloc_word_desc (in /usr/bin/bash)
==2361==    by 0x15805C: ??? (in /usr/bin/bash)
==2361==    by 0x15B228: initialize_shell_variables (in /usr/bin/bash)
==2360==    by 0x139664: reader_loop (in /usr/bin/bash)
==2360==    by 0x137EF8: main (in /usr/bin/bash)
==2362==    by 0x176AFB: ??? (in /usr/bin/bash)
==2362==    by 0x17A90E: ??? (in /usr/bin/bash)
==2361==    by 0x138DC9: ??? (in /usr/bin/bash)
==2361==    by 0x137544: main (in /usr/bin/bash)
==2360== 
==2360== 256 bytes in 1 blocks are still reachable in loss record 289 of 304
==2362==    by 0x14FB29: execute_command_internal (in /usr/bin/bash)
==2362==    by 0x1519D9: execute_command (in /usr/bin/bash)
==2361== 
==2360==    at 0x483B7F3: malloc (in /usr/lib/x86_64-linux-gnu/valgrind/vgpreload_memcheck-amd64-linux.so)
==2360==    by 0x198577: xrealloc (in /usr/bin/bash)
==2362==    by 0x139664: reader_loop (in /usr/bin/bash)
==2362==    by 0x137EF8: main (in /usr/bin/bash)
==2361== 32 bytes in 1 blocks are still reachable in loss record 191 of 304
==2361==    at 0x483B7F3: malloc (in /usr/lib/x86_64-linux-gnu/valgrind/vgpreload_memcheck-amd64-linux.so)
==2360==    by 0x13C3B7: ??? (in /usr/bin/bash)
==2360==    by 0x13F5C9: ??? (in /usr/bin/bash)
==2362== 
==2362== 16 bytes in 1 blocks are still reachable in loss record 138 of 304
==2361==    by 0x1984F3: xmalloc (in /usr/bin/bash)
==2361==    by 0x17BBFB: hash_insert (in /usr/bin/bash)
==2360==    by 0x142EC7: yyparse (in /usr/bin/bash)
==2360==    by 0x13929A: parse_command (in /usr/bin/bash)
==2362==    at 0x483B7F3: malloc (in /usr/lib/x86_64-linux-gnu/valgrind/vgpreload_memcheck-amd64-linux.so)
==2362==    by 0x1984F3: xmalloc (in /usr/bin/bash)
==2361==    by 0x158008: ??? (in /usr/bin/bash)
==2361==    by 0x15805C: ??? (in /usr/bin/bash)
==2360==    by 0x1393A6: read_command (in /usr/bin/bash)
==2360==    by 0x1395C9: reader_loop (in /usr/bin/bash)
==2362==    by 0x1482D9: make_word_list (in /usr/bin/bash)
==2362==    by 0x176BD0: ??? (in /usr/bin/bash)
==2361==    by 0x15B24E: initialize_shell_variables (in /usr/bin/bash)
==2361==    by 0x138DC9: ??? (in /usr/bin/bash)
==2360==    by 0x137EF8: main (in /usr/bin/bash)
==2360== 
==2362==    by 0x17A90E: ??? (in /usr/bin/bash)
==2362==    by 0x14FB29: execute_command_internal (in /usr/bin/bash)
==2361==    by 0x137544: main (in /usr/bin/bash)
==2361== 
==2360== 352 bytes in 11 blocks are still reachable in loss record 290 of 304
==2360==    at 0x483B7F3: malloc (in /usr/lib/x86_64-linux-gnu/valgrind/vgpreload_memcheck-amd64-linux.so)
==2362==    by 0x1519D9: execute_command (in /usr/bin/bash)
==2362==    by 0x139664: reader_loop (in /usr/bin/bash)
==2361== 32 bytes in 1 blocks are still reachable in loss record 192 of 304
==2361==    at 0x483B7F3: malloc (in /usr/lib/x86_64-linux-gnu/valgrind/vgpreload_memcheck-amd64-linux.so)
==2360==    by 0x1984F3: xmalloc (in /usr/bin/bash)
==2360==    by 0x17BBFB: hash_insert (in /usr/bin/bash)
==2362==    by 0x137EF8: main (in /usr/bin/bash)
==2362== 
==2361==    by 0x1984F3: xmalloc (in /usr/bin/bash)
==2361==    by 0x17BBFB: hash_insert (in /usr/bin/bash)
==2360==    by 0x158008: ??? (in /usr/bin/bash)
==2360==    by 0x15805C: ??? (in /usr/bin/bash)
==2362== 16 bytes in 1 blocks are still reachable in loss record 139 of 304
==2362==    at 0x483B7F3: malloc (in /usr/lib/x86_64-linux-gnu/valgrind/vgpreload_memcheck-amd64-linux.so)
==2361==    by 0x158008: ??? (in /usr/bin/bash)
==2361==    by 0x15805C: ??? (in /usr/bin/bash)
==2360==    by 0x15AD0C: initialize_shell_variables (in /usr/bin/bash)
==2360==    by 0x138DC9: ??? (in /usr/bin/bash)
==2362==    by 0x1984F3: xmalloc (in /usr/bin/bash)
==2362==    by 0x148045: alloc_word_desc (in /usr/bin/bash)
==2361==    by 0x15B27B: initialize_shell_variables (in /usr/bin/bash)
==2361==    by 0x138DC9: ??? (in /usr/bin/bash)
==2360==    by 0x137544: main (in /usr/bin/bash)
==2360== 
==2362==    by 0x1773AC: ??? (in /usr/bin/bash)
==2362==    by 0x17A90E: ??? (in /usr/bin/bash)
==2361==    by 0x137544: main (in /usr/bin/bash)
==2361== 
==2360== 376 bytes in 11 blocks are still reachable in loss record 291 of 304
==2360==    at 0x483B7F3: malloc (in /usr/lib/x86_64-linux-gnu/valgrind/vgpreload_memcheck-amd64-linux.so)
==2362==    by 0x14FB29: execute_command_internal (in /usr/bin/bash)
==2362==    by 0x1519D9: execute_command (in /usr/bin/bash)
==2361== 32 bytes in 1 blocks are still reachable in loss record 193 of 304
==2361==    at 0x483B7F3: malloc (in /usr/lib/x86_64-linux-gnu/valgrind/vgpreload_memcheck-amd64-linux.so)
==2360==    by 0x1984F3: xmalloc (in /usr/bin/bash)
==2360==    by 0x15AD62: initialize_shell_variables (in /usr/bin/bash)
==2362==    by 0x139664: reader_loop (in /usr/bin/bash)
==2362==    by 0x137EF8: main (in /usr/bin/bash)
==2361==    by 0x1984F3: xmalloc (in /usr/bin/bash)
==2361==    by 0x17BBFB: hash_insert (in /usr/bin/bash)
==2360==    by 0x138DC9: ??? (in /usr/bin/bash)
==2360==    by 0x137544: main (in /usr/bin/bash)
==2362== 
==2362== 16 bytes in 1 blocks are still reachable in loss record 140 of 304
==2361==    by 0x158008: ??? (in /usr/bin/bash)
==2361==    by 0x15805C: ??? (in /usr/bin/bash)
==2360== 
==2360== 376 bytes in 11 blocks are still reachable in loss record 292 of 304
==2362==    at 0x483B7F3: malloc (in /usr/lib/x86_64-linux-gnu/valgrind/vgpreload_memcheck-amd64-linux.so)
==2362==    by 0x1984F3: xmalloc (in /usr/bin/bash)
==2361==    by 0x15B2A2: initialize_shell_variables (in /usr/bin/bash)
==2360==    at 0x483B7F3: malloc (in /usr/lib/x86_64-linux-gnu/valgrind/vgpreload_memcheck-amd64-linux.so)
==2360==    by 0x1984F3: xmalloc (in /usr/bin/bash)
==2362==    by 0x148045: alloc_word_desc (in /usr/bin/bash)
==2361==    by 0x138DC9: ??? (in /usr/bin/bash)
==2361==    by 0x137544: main (in /usr/bin/bash)
==2360==    by 0x155585: ??? (in /usr/bin/bash)
==2360==    by 0x159B3E: ??? (in /usr/bin/bash)
==2362==    by 0x176AFB: ??? (in /usr/bin/bash)
==2362==    by 0x17742D: ??? (in /usr/bin/bash)
==2361== 
==2361== 32 bytes in 1 blocks are still reachable in loss record 194 of 304
==2360==    by 0x191D94: ??? (in /usr/bin/bash)
==2360==    by 0x192108: set_locale_var (in /usr/bin/bash)
==2362==    by 0x17A90E: ??? (in /usr/bin/bash)
==2362==    by 0x14FB29: execute_command_internal (in /usr/bin/bash)
==2361==    at 0x483B7F3: malloc (in /usr/lib/x86_64-linux-gnu/valgrind/vgpreload_memcheck-amd64-linux.so)
==2360==    by 0x192302: set_default_lang (in /usr/bin/bash)
==2360==    by 0x137549: main (in /usr/bin/bash)
==2362==    by 0x1519D9: execute_command (in /usr/bin/bash)
==2362==    by 0x139664: reader_loop (in /usr/bin/bash)
==2361==    by 0x1984F3: xmalloc (in /usr/bin/bash)
==2361==    by 0x17BBFB: hash_insert (in /usr/bin/bash)
==2360== 
==2360== 440 bytes in 1 blocks are still reachable in loss record 293 of 304
==2362==    by 0x137EF8: main (in /usr/bin/bash)
==2362== 
==2361==    by 0x158008: ??? (in /usr/bin/bash)
==2361==    by 0x158D55: make_new_array_variable (in /usr/bin/bash)
==2360==    at 0x483B7F3: malloc (in /usr/lib/x86_64-linux-gnu/valgrind/vgpreload_memcheck-amd64-linux.so)
==2360==    by 0x198577: xrealloc (in /usr/bin/bash)
==2362== 16 bytes in 1 blocks are still reachable in loss record 141 of 304
==2362==    at 0x483B7F3: malloc (in /usr/lib/x86_64-linux-gnu/valgrind/vgpreload_memcheck-amd64-linux.so)
==2361==    by 0x158DA7: ??? (in /usr/bin/bash)
==2361==    by 0x15B2CD: initialize_shell_variables (in /usr/bin/bash)
==2360==    by 0x159B62: ??? (in /usr/bin/bash)
==2360==    by 0x191D94: ??? (in /usr/bin/bash)
==2362==    by 0x1984F3: xmalloc (in /usr/bin/bash)
==2362==    by 0x1482D9: make_word_list (in /usr/bin/bash)
==2361==    by 0x138DC9: ??? (in /usr/bin/bash)
==2361==    by 0x137544: main (in /usr/bin/bash)
==2360==    by 0x192108: set_locale_var (in /usr/bin/bash)
==2360==    by 0x192302: set_default_lang (in /usr/bin/bash)
==2362==    by 0x176BD0: ??? (in /usr/bin/bash)
==2362==    by 0x17742D: ??? (in /usr/bin/bash)
==2361== 
==2361== 32 bytes in 1 blocks are still reachable in loss record 195 of 304
==2360==    by 0x137549: main (in /usr/bin/bash)
==2360== 
==2362==    by 0x17A90E: ??? (in /usr/bin/bash)
==2362==    by 0x14FB29: execute_command_internal (in /usr/bin/bash)
==2361==    at 0x483B7F3: malloc (in /usr/lib/x86_64-linux-gnu/valgrind/vgpreload_memcheck-amd64-linux.so)
==2360== 496 bytes in 1 blocks are still reachable in loss record 294 of 304
==2360==    at 0x483B7F3: malloc (in /usr/lib/x86_64-linux-gnu/valgrind/vgpreload_memcheck-amd64-linux.so)
==2362==    by 0x1519D9: execute_command (in /usr/bin/bash)
==2362==    by 0x139664: reader_loop (in /usr/bin/bash)
==2361==    by 0x1984F3: xmalloc (in /usr/bin/bash)
==2360==    by 0x198577: xrealloc (in /usr/bin/bash)
==2360==    by 0x140A3A: ??? (in /usr/bin/bash)
==2362==    by 0x137EF8: main (in /usr/bin/bash)
==2362== 
==2361==    by 0x183457: array_create_element (in /usr/bin/bash)
==2361==    by 0x1834ED: array_create (in /usr/bin/bash)
==2360==    by 0x142EC7: yyparse (in /usr/bin/bash)
==2360==    by 0x13929A: parse_command (in /usr/bin/bash)
==2362== 16 bytes in 1 blocks are still reachable in loss record 142 of 304
==2362==    at 0x483B7F3: malloc (in /usr/lib/x86_64-linux-gnu/valgrind/vgpreload_memcheck-amd64-linux.so)
==2361==    by 0x158D5D: make_new_array_variable (in /usr/bin/bash)
==2361==    by 0x158DA7: ??? (in /usr/bin/bash)
==2360==    by 0x1393A6: read_command (in /usr/bin/bash)
==2360==    by 0x1395C9: reader_loop (in /usr/bin/bash)
==2362==    by 0x1984F3: xmalloc (in /usr/bin/bash)
==2362==    by 0x1482D9: make_word_list (in /usr/bin/bash)
==2361==    by 0x15B2CD: initialize_shell_variables (in /usr/bin/bash)
==2361==    by 0x138DC9: ??? (in /usr/bin/bash)
==2360==    by 0x137EF8: main (in /usr/bin/bash)
==2360== 
==2362==    by 0x16F007: list_string (in /usr/bin/bash)
==2362==    by 0x1719CE: ??? (in /usr/bin/bash)
==2361==    by 0x137544: main (in /usr/bin/bash)
==2360== 528 bytes in 11 blocks are still reachable in loss record 295 of 304
==2360==    at 0x483B7F3: malloc (in /usr/lib/x86_64-linux-gnu/valgrind/vgpreload_memcheck-amd64-linux.so)
==2362==    by 0x17ABAC: ??? (in /usr/bin/bash)
==2362==    by 0x14FB29: execute_command_internal (in /usr/bin/bash)
==2361== 
==2360==    by 0x1984F3: xmalloc (in /usr/bin/bash)
==2360==    by 0x1544C3: ??? (in /usr/bin/bash)
==2362==    by 0x1519D9: execute_command (in /usr/bin/bash)
==2362==    by 0x139664: reader_loop (in /usr/bin/bash)
==2361== 32 bytes in 1 blocks are still reachable in loss record 196 of 304
==2361==    at 0x483B7F3: malloc (in /usr/lib/x86_64-linux-gnu/valgrind/vgpreload_memcheck-amd64-linux.so)
==2360==    by 0x157FCF: ??? (in /usr/bin/bash)
==2360==    by 0x15805C: ??? (in /usr/bin/bash)
==2362==    by 0x137EF8: main (in /usr/bin/bash)
==2362== 
==2361==    by 0x1984F3: xmalloc (in /usr/bin/bash)
==2361==    by 0x17BBFB: hash_insert (in /usr/bin/bash)
==2360==    by 0x15AD0C: initialize_shell_variables (in /usr/bin/bash)
==2360==    by 0x138DC9: ??? (in /usr/bin/bash)
==2362== 17 bytes in 1 blocks are still reachable in loss record 143 of 304
==2362==    at 0x483DFAF: realloc (in /usr/lib/x86_64-linux-gnu/valgrind/vgpreload_memcheck-amd64-linux.so)
==2361==    by 0x158008: ??? (in /usr/bin/bash)
==2361==    by 0x158D55: make_new_array_variable (in /usr/bin/bash)
==2360==    by 0x137544: main (in /usr/bin/bash)
==2360== 
==2362==    by 0x4994297: getcwd (getcwd.c:84)
==2362==    by 0x19ADCC: get_working_directory (in /usr/bin/bash)
==2361==    by 0x158DA7: ??? (in /usr/bin/bash)
==2361==    by 0x15B2EC: initialize_shell_variables (in /usr/bin/bash)
==2360== 1,024 bytes in 1 blocks are still reachable in loss record 296 of 304
==2360==    at 0x483B7F3: malloc (in /usr/lib/x86_64-linux-gnu/valgrind/vgpreload_memcheck-amd64-linux.so)
==2362==    by 0x15942E: set_pwd (in /usr/bin/bash)
==2362==    by 0x15AAEE: initialize_shell_variables (in /usr/bin/bash)
==2361==    by 0x138DC9: ??? (in /usr/bin/bash)
==2361==    by 0x137544: main (in /usr/bin/bash)
==2360==    by 0x1984F3: xmalloc (in /usr/bin/bash)
==2360==    by 0x17B70C: hash_create (in /usr/bin/bash)
==2362==    by 0x138DC9: ??? (in /usr/bin/bash)
==2362==    by 0x137544: main (in /usr/bin/bash)
==2361== 
==2360==    by 0x158DEF: make_new_assoc_variable (in /usr/bin/bash)
==2360==    by 0x15B6A9: initialize_shell_variables (in /usr/bin/bash)
==2362== 
==2362== 17 bytes in 1 blocks are still reachable in loss record 144 of 304
==2361== 32 bytes in 1 blocks are still reachable in loss record 197 of 304
==2361==    at 0x483B7F3: malloc (in /usr/lib/x86_64-linux-gnu/valgrind/vgpreload_memcheck-amd64-linux.so)
==2360==    by 0x138DC9: ??? (in /usr/bin/bash)
==2362==    at 0x483B7F3: malloc (in /usr/lib/x86_64-linux-gnu/valgrind/vgpreload_memcheck-amd64-linux.so)
==2362==    by 0x1984F3: xmalloc (in /usr/bin/bash)
==2361==    by 0x1984F3: xmalloc (in /usr/bin/bash)
==2361==    by 0x183457: array_create_element (in /usr/bin/bash)
==2360==    by 0x137544: main (in /usr/bin/bash)
==2360== 
==2362==    by 0x156DA1: make_variable_value (in /usr/bin/bash)
==2362==    by 0x15806D: ??? (in /usr/bin/bash)
==2361==    by 0x1834ED: array_create (in /usr/bin/bash)
==2361==    by 0x158D5D: make_new_array_variable (in /usr/bin/bash)
==2360== 1,024 bytes in 1 blocks are still reachable in loss record 297 of 304
==2360==    at 0x483B7F3: malloc (in /usr/lib/x86_64-linux-gnu/valgrind/vgpreload_memcheck-amd64-linux.so)
==2362==    by 0x159447: set_pwd (in /usr/bin/bash)
==2362==    by 0x15AAEE: initialize_shell_variables (in /usr/bin/bash)
==2361==    by 0x158DA7: ??? (in /usr/bin/bash)
==2360==    by 0x1984F3: xmalloc (in /usr/bin/bash)
==2360==    by 0x17B70C: hash_create (in /usr/bin/bash)
==2362==    by 0x138DC9: ??? (in /usr/bin/bash)
==2362==    by 0x137544: main (in /usr/bin/bash)
==2361==    by 0x15B2EC: initialize_shell_variables (in /usr/bin/bash)
==2361==    by 0x138DC9: ??? (in /usr/bin/bash)
==2360==    by 0x158DEF: make_new_assoc_variable (in /usr/bin/bash)
==2360==    by 0x15B67B: initialize_shell_variables (in /usr/bin/bash)
==2362== 
==2362== 18 bytes in 1 blocks are still reachable in loss record 145 of 304
==2361==    by 0x137544: main (in /usr/bin/bash)
==2361== 
==2360==    by 0x138DC9: ??? (in /usr/bin/bash)
==2360==    by 0x137544: main (in /usr/bin/bash)
==2362==    at 0x483B7F3: malloc (in /usr/lib/x86_64-linux-gnu/valgrind/vgpreload_memcheck-amd64-linux.so)
==2362==    by 0x1984F3: xmalloc (in /usr/bin/bash)
==2361== 32 bytes in 1 blocks are still reachable in loss record 198 of 304
==2361==    at 0x483B7F3: malloc (in /usr/lib/x86_64-linux-gnu/valgrind/vgpreload_memcheck-amd64-linux.so)
==2360== 
==2360== 1,024 bytes in 1 blocks are still reachable in loss record 298 of 304
==2362==    by 0x156DA1: make_variable_value (in /usr/bin/bash)
==2362==    by 0x15806D: ??? (in /usr/bin/bash)
==2361==    by 0x1984F3: xmalloc (in /usr/bin/bash)
==2361==    by 0x17BBFB: hash_insert (in /usr/bin/bash)
==2360==    at 0x483B7F3: malloc (in /usr/lib/x86_64-linux-gnu/valgrind/vgpreload_memcheck-amd64-linux.so)
==2360==    by 0x1984F3: xmalloc (in /usr/bin/bash)
==2362==    by 0x15AECB: initialize_shell_variables (in /usr/bin/bash)
==2362==    by 0x138DC9: ??? (in /usr/bin/bash)
==2361==    by 0x158008: ??? (in /usr/bin/bash)
==2361==    by 0x158D55: make_new_array_variable (in /usr/bin/bash)
==2360==    by 0x147FC1: cmd_init (in /usr/bin/bash)
==2360==    by 0x137690: main (in /usr/bin/bash)
==2362==    by 0x137544: main (in /usr/bin/bash)
==2362== 
==2361==    by 0x158DA7: ??? (in /usr/bin/bash)
==2361==    by 0x15B30B: initialize_shell_variables (in /usr/bin/bash)
==2360== 
==2360== 1,024 bytes in 1 blocks are still reachable in loss record 299 of 304
==2362== 20 bytes in 1 blocks are still reachable in loss record 146 of 304
==2362==    at 0x483B7F3: malloc (in /usr/lib/x86_64-linux-gnu/valgrind/vgpreload_memcheck-amd64-linux.so)
==2361==    by 0x138DC9: ??? (in /usr/bin/bash)
==2361==    by 0x137544: main (in /usr/bin/bash)
==2360==    at 0x483B7F3: malloc (in /usr/lib/x86_64-linux-gnu/valgrind/vgpreload_memcheck-amd64-linux.so)
==2360==    by 0x1984F3: xmalloc (in /usr/bin/bash)
==2362==    by 0x1984F3: xmalloc (in /usr/bin/bash)
==2361== 
==2360==    by 0x147FDD: cmd_init (in /usr/bin/bash)
==2360==    by 0x137690: main (in /usr/bin/bash)
==2362==    by 0x156DA1: make_variable_value (in /usr/bin/bash)
==2362==    by 0x15806D: ??? (in /usr/bin/bash)
==2361== 32 bytes in 1 blocks are still reachable in loss record 199 of 304
==2361==    at 0x483B7F3: malloc (in /usr/lib/x86_64-linux-gnu/valgrind/vgpreload_memcheck-amd64-linux.so)
==2360== 
==2360== 1,024 bytes in 1 blocks are still reachable in loss record 300 of 304
==2362==    by 0x15ABBB: initialize_shell_variables (in /usr/bin/bash)
==2362==    by 0x138DC9: ??? (in /usr/bin/bash)
==2361==    by 0x1984F3: xmalloc (in /usr/bin/bash)
==2361==    by 0x183457: array_create_element (in /usr/bin/bash)
==2360==    at 0x483B7F3: malloc (in /usr/lib/x86_64-linux-gnu/valgrind/vgpreload_memcheck-amd64-linux.so)
==2360==    by 0x1984F3: xmalloc (in /usr/bin/bash)
==2362==    by 0x137544: main (in /usr/bin/bash)
==2362== 
==2361==    by 0x1834ED: array_create (in /usr/bin/bash)
==2361==    by 0x158D5D: make_new_array_variable (in /usr/bin/bash)
==2360==    by 0x17F291: uwp_init (in /usr/bin/bash)
==2360==    by 0x137695: main (in /usr/bin/bash)
==2362== 20 bytes in 1 blocks are still reachable in loss record 147 of 304
==2362==    at 0x483B7F3: malloc (in /usr/lib/x86_64-linux-gnu/valgrind/vgpreload_memcheck-amd64-linux.so)
==2361==    by 0x158DA7: ??? (in /usr/bin/bash)
==2361==    by 0x15B30B: initialize_shell_variables (in /usr/bin/bash)
==2360== 
==2360== 2,200 bytes in 1 blocks are still reachable in loss record 301 of 304
==2362==    by 0x1984F3: xmalloc (in /usr/bin/bash)
==2362==    by 0x183473: array_create_element (in /usr/bin/bash)
==2361==    by 0x138DC9: ??? (in /usr/bin/bash)
==2361==    by 0x137544: main (in /usr/bin/bash)
==2360==    at 0x483B7F3: malloc (in /usr/lib/x86_64-linux-gnu/valgrind/vgpreload_memcheck-amd64-linux.so)
==2360==    by 0x198577: xrealloc (in /usr/bin/bash)
==2362==    by 0x183987: array_insert (in /usr/bin/bash)
==2362==    by 0x15AFA9: initialize_shell_variables (in /usr/bin/bash)
==2361== 
==2361== 32 bytes in 1 blocks are still reachable in loss record 200 of 304
==2360==    by 0x17E446: ??? (in /usr/bin/bash)
==2360==    by 0x17E9B8: fd_to_buffered_stream (in /usr/bin/bash)
==2362==    by 0x138DC9: ??? (in /usr/bin/bash)
==2362==    by 0x137544: main (in /usr/bin/bash)
==2361==    at 0x483B7F3: malloc (in /usr/lib/x86_64-linux-gnu/valgrind/vgpreload_memcheck-amd64-linux.so)
==2361==    by 0x1984F3: xmalloc (in /usr/bin/bash)
==2360==    by 0x17EF54: with_input_from_buffered_stream (in /usr/bin/bash)
==2360==    by 0x137DC4: main (in /usr/bin/bash)
==2362== 
==2362== 24 bytes in 1 blocks are still reachable in loss record 148 of 304
==2361==    by 0x17BBFB: hash_insert (in /usr/bin/bash)
==2360== 
==2360== 4,096 bytes in 1 blocks are still reachable in loss record 302 of 304
==2362==    at 0x483B7F3: malloc (in /usr/lib/x86_64-linux-gnu/valgrind/vgpreload_memcheck-amd64-linux.so)
==2362==    by 0x1984F3: xmalloc (in /usr/bin/bash)
==2361==    by 0x158008: ??? (in /usr/bin/bash)
==2360==    at 0x483B7F3: malloc (in /usr/lib/x86_64-linux-gnu/valgrind/vgpreload_memcheck-amd64-linux.so)
==2360==    by 0x1984F3: xmalloc (in /usr/bin/bash)
==2362==    by 0x14787D: tilde_initialize (in /usr/bin/bash)
==2362==    by 0x138DA5: ??? (in /usr/bin/bash)
==2361==    by 0x158D55: make_new_array_variable (in /usr/bin/bash)
==2361==    by 0x158DA7: ??? (in /usr/bin/bash)
==2360==    by 0x17B74B: hash_create (in /usr/bin/bash)
==2360==    by 0x157FA9: ??? (in /usr/bin/bash)
==2362==    by 0x137544: main (in /usr/bin/bash)
==2362== 
==2361==    by 0x15B32A: initialize_shell_variables (in /usr/bin/bash)
==2360==    by 0x15AAAB: initialize_shell_variables (in /usr/bin/bash)
==2360==    by 0x138DC9: ??? (in /usr/bin/bash)
==2362== 24 bytes in 1 blocks are still reachable in loss record 149 of 304
==2362==    at 0x483B7F3: malloc (in /usr/lib/x86_64-linux-gnu/valgrind/vgpreload_memcheck-amd64-linux.so)
==2361==    by 0x138DC9: ??? (in /usr/bin/bash)
==2361==    by 0x137544: main (in /usr/bin/bash)
==2360==    by 0x137544: main (in /usr/bin/bash)
==2360== 
==2362==    by 0x1984F3: xmalloc (in /usr/bin/bash)
==2362==    by 0x1478CE: tilde_initialize (in /usr/bin/bash)
==2361== 
==2361== 32 bytes in 1 blocks are still reachable in loss record 201 of 304
==2360== 4,096 bytes in 1 blocks are still reachable in loss record 303 of 304
==2360==    at 0x483B7F3: malloc (in /usr/lib/x86_64-linux-gnu/valgrind/vgpreload_memcheck-amd64-linux.so)
==2362==    by 0x138DA5: ??? (in /usr/bin/bash)
==2362==    by 0x137544: main (in /usr/bin/bash)
==2361==    at 0x483B7F3: malloc (in /usr/lib/x86_64-linux-gnu/valgrind/vgpreload_memcheck-amd64-linux.so)
==2361==    by 0x1984F3: xmalloc (in /usr/bin/bash)
==2360==    by 0x1984F3: xmalloc (in /usr/bin/bash)
==2360==    by 0x17B74B: hash_create (in /usr/bin/bash)
==2362== 
==2362== 29 bytes in 2 blocks are still reachable in loss record 150 of 304
==2361==    by 0x183457: array_create_element (in /usr/bin/bash)
==2361==    by 0x1834ED: array_create (in /usr/bin/bash)
==2360==    by 0x157F51: ??? (in /usr/bin/bash)
==2360==    by 0x15AAAB: initialize_shell_variables (in /usr/bin/bash)
==2362==    at 0x483B7F3: malloc (in /usr/lib/x86_64-linux-gnu/valgrind/vgpreload_memcheck-amd64-linux.so)
==2361==    by 0x158D5D: make_new_array_variable (in /usr/bin/bash)
==2360==    by 0x138DC9: ??? (in /usr/bin/bash)
==2360==    by 0x137544: main (in /usr/bin/bash)
==2362==    by 0x1984F3: xmalloc (in /usr/bin/bash)
==2362==    by 0x1556F3: ??? (in /usr/bin/bash)
==2361==    by 0x158DA7: ??? (in /usr/bin/bash)
==2361==    by 0x15B32A: initialize_shell_variables (in /usr/bin/bash)
==2360== 
==2360== 8,192 bytes in 1 blocks are still reachable in loss record 304 of 304
==2362==    by 0x159B3E: ??? (in /usr/bin/bash)
==2362==    by 0x191D94: ??? (in /usr/bin/bash)
==2361==    by 0x138DC9: ??? (in /usr/bin/bash)
==2361==    by 0x137544: main (in /usr/bin/bash)
==2360==    at 0x483B7F3: malloc (in /usr/lib/x86_64-linux-gnu/valgrind/vgpreload_memcheck-amd64-linux.so)
==2360==    by 0x1984F3: xmalloc (in /usr/bin/bash)
==2362==    by 0x192108: set_locale_var (in /usr/bin/bash)
==2362==    by 0x192302: set_default_lang (in /usr/bin/bash)
==2361== 
==2361== 32 bytes in 1 blocks are still reachable in loss record 202 of 304
==2360==    by 0x17B74B: hash_create (in /usr/bin/bash)
==2360==    by 0x157F8A: ??? (in /usr/bin/bash)
==2362==    by 0x137549: main (in /usr/bin/bash)
==2362== 
==2361==    at 0x483B7F3: malloc (in /usr/lib/x86_64-linux-gnu/valgrind/vgpreload_memcheck-amd64-linux.so)
==2361==    by 0x1984F3: xmalloc (in /usr/bin/bash)
==2360==    by 0x15AAAB: initialize_shell_variables (in /usr/bin/bash)
==2360==    by 0x138DC9: ??? (in /usr/bin/bash)
==2362== 29 bytes in 2 blocks are still reachable in loss record 151 of 304
==2362==    at 0x483B7F3: malloc (in /usr/lib/x86_64-linux-gnu/valgrind/vgpreload_memcheck-amd64-linux.so)
==2361==    by 0x17BBFB: hash_insert (in /usr/bin/bash)
==2360==    by 0x137544: main (in /usr/bin/bash)
==2360== 
==2362==    by 0x1984F3: xmalloc (in /usr/bin/bash)
==2362==    by 0x1555B6: ??? (in /usr/bin/bash)
==2361==    by 0x158008: ??? (in /usr/bin/bash)
==2361==    by 0x158D55: make_new_array_variable (in /usr/bin/bash)
==2360== LEAK SUMMARY:
==2360==    definitely lost: 2 bytes in 1 blocks
==2362==    by 0x159B3E: ??? (in /usr/bin/bash)
==2362==    by 0x191D94: ??? (in /usr/bin/bash)
==2361==    by 0x158DA7: ??? (in /usr/bin/bash)
==2361==    by 0x15B349: initialize_shell_variables (in /usr/bin/bash)
==2360==    indirectly lost: 0 bytes in 0 blocks
==2360==      possibly lost: 0 bytes in 0 blocks
==2362==    by 0x192108: set_locale_var (in /usr/bin/bash)
==2362==    by 0x192302: set_default_lang (in /usr/bin/bash)
==2361==    by 0x138DC9: ??? (in /usr/bin/bash)
==2360==    still reachable: 34,255 bytes in 386 blocks
==2360==         suppressed: 0 bytes in 0 blocks
==2362==    by 0x137549: main (in /usr/bin/bash)
==2362== 
==2361==    by 0x137544: main (in /usr/bin/bash)
==2361== 
==2360== 
==2360== For lists of detected and suppressed errors, rerun with: -s
==2362== 31 bytes in 1 blocks are still reachable in loss record 152 of 304
==2362==    at 0x483B7F3: malloc (in /usr/lib/x86_64-linux-gnu/valgrind/vgpreload_memcheck-amd64-linux.so)
==2361== 32 bytes in 1 blocks are still reachable in loss record 203 of 304
==2360== ERROR SUMMARY: 1 errors from 1 contexts (suppressed: 0 from 0)
==2362==    by 0x1984F3: xmalloc (in /usr/bin/bash)
==2362==    by 0x13816C: main (in /usr/bin/bash)
==2361==    at 0x483B7F3: malloc (in /usr/lib/x86_64-linux-gnu/valgrind/vgpreload_memcheck-amd64-linux.so)
==2361==    by 0x1984F3: xmalloc (in /usr/bin/bash)
==2362== 
==2361==    by 0x183457: array_create_element (in /usr/bin/bash)
==2362== 31 bytes in 1 blocks are still reachable in loss record 153 of 304
==2362==    at 0x483B7F3: malloc (in /usr/lib/x86_64-linux-gnu/valgrind/vgpreload_memcheck-amd64-linux.so)
==2361==    by 0x1834ED: array_create (in /usr/bin/bash)
==2362==    by 0x1984F3: xmalloc (in /usr/bin/bash)
==2362==    by 0x183473: array_create_element (in /usr/bin/bash)
==2361==    by 0x158D5D: make_new_array_variable (in /usr/bin/bash)
==2361==    by 0x158DA7: ??? (in /usr/bin/bash)
==2362==    by 0x18367F: ??? (in /usr/bin/bash)
==2362==    by 0x137C8C: main (in /usr/bin/bash)
==2361==    by 0x15B349: initialize_shell_variables (in /usr/bin/bash)
==2361==    by 0x138DC9: ??? (in /usr/bin/bash)
==2362== 
==2362== 31 bytes in 1 blocks are still reachable in loss record 154 of 304
==2361==    by 0x137544: main (in /usr/bin/bash)
==2361== 
==2362==    at 0x483B7F3: malloc (in /usr/lib/x86_64-linux-gnu/valgrind/vgpreload_memcheck-amd64-linux.so)
==2362==    by 0x1984F3: xmalloc (in /usr/bin/bash)
==2361== 32 bytes in 1 blocks are still reachable in loss record 204 of 304
==2361==    at 0x483B7F3: malloc (in /usr/lib/x86_64-linux-gnu/valgrind/vgpreload_memcheck-amd64-linux.so)
==2362==    by 0x13A626: init_yy_io (in /usr/bin/bash)
==2362==    by 0x137DC4: main (in /usr/bin/bash)
==2361==    by 0x1984F3: xmalloc (in /usr/bin/bash)
==2361==    by 0x17BBFB: hash_insert (in /usr/bin/bash)
==2362== 
==2362== 32 bytes in 1 blocks are still reachable in loss record 155 of 304
==2361==    by 0x158008: ??? (in /usr/bin/bash)
==2361==    by 0x158D55: make_new_array_variable (in /usr/bin/bash)
==2362==    at 0x483B7F3: malloc (in /usr/lib/x86_64-linux-gnu/valgrind/vgpreload_memcheck-amd64-linux.so)
==2362==    by 0x1984F3: xmalloc (in /usr/bin/bash)
==2361==    by 0x158DA7: ??? (in /usr/bin/bash)
==2362==    by 0x17BBFB: hash_insert (in /usr/bin/bash)
==2362==    by 0x158008: ??? (in /usr/bin/bash)
==2361==    by 0x15B368: initialize_shell_variables (in /usr/bin/bash)
==2361==    by 0x138DC9: ??? (in /usr/bin/bash)
==2362==    by 0x15805C: ??? (in /usr/bin/bash)
==2362==    by 0x159447: set_pwd (in /usr/bin/bash)
==2361==    by 0x137544: main (in /usr/bin/bash)
==2361== 
==2362==    by 0x15AAEE: initialize_shell_variables (in /usr/bin/bash)
==2362==    by 0x138DC9: ??? (in /usr/bin/bash)
==2361== 32 bytes in 1 blocks are still reachable in loss record 205 of 304
==2361==    at 0x483B7F3: malloc (in /usr/lib/x86_64-linux-gnu/valgrind/vgpreload_memcheck-amd64-linux.so)
==2362==    by 0x137544: main (in /usr/bin/bash)
==2362== 
==2361==    by 0x1984F3: xmalloc (in /usr/bin/bash)
==2361==    by 0x183457: array_create_element (in /usr/bin/bash)
==2362== 32 bytes in 1 blocks are still reachable in loss record 156 of 304
==2362==    at 0x483B7F3: malloc (in /usr/lib/x86_64-linux-gnu/valgrind/vgpreload_memcheck-amd64-linux.so)
==2361==    by 0x1834ED: array_create (in /usr/bin/bash)
==2361==    by 0x158D5D: make_new_array_variable (in /usr/bin/bash)
==2362==    by 0x1984F3: xmalloc (in /usr/bin/bash)
==2362==    by 0x17BBFB: hash_insert (in /usr/bin/bash)
==2361==    by 0x158DA7: ??? (in /usr/bin/bash)
==2361==    by 0x15B368: initialize_shell_variables (in /usr/bin/bash)
==2362==    by 0x158008: ??? (in /usr/bin/bash)
==2362==    by 0x15805C: ??? (in /usr/bin/bash)
==2361==    by 0x138DC9: ??? (in /usr/bin/bash)
==2361==    by 0x137544: main (in /usr/bin/bash)
==2362==    by 0x159490: set_pwd (in /usr/bin/bash)
==2362==    by 0x15AAEE: initialize_shell_variables (in /usr/bin/bash)
==2361== 
==2361== 32 bytes in 1 blocks are still reachable in loss record 206 of 304
==2362==    by 0x138DC9: ??? (in /usr/bin/bash)
==2362==    by 0x137544: main (in /usr/bin/bash)
==2361==    at 0x483B7F3: malloc (in /usr/lib/x86_64-linux-gnu/valgrind/vgpreload_memcheck-amd64-linux.so)
==2361==    by 0x1984F3: xmalloc (in /usr/bin/bash)
==2362== 
==2362== 32 bytes in 1 blocks are still reachable in loss record 157 of 304
==2361==    by 0x17BBFB: hash_insert (in /usr/bin/bash)
==2361==    by 0x158008: ??? (in /usr/bin/bash)
==2362==    at 0x483B7F3: malloc (in /usr/lib/x86_64-linux-gnu/valgrind/vgpreload_memcheck-amd64-linux.so)
==2362==    by 0x1984F3: xmalloc (in /usr/bin/bash)
==2361==    by 0x158DE5: make_new_assoc_variable (in /usr/bin/bash)
==2361==    by 0x15B6A9: initialize_shell_variables (in /usr/bin/bash)
==2362==    by 0x17BBFB: hash_insert (in /usr/bin/bash)
==2362==    by 0x158008: ??? (in /usr/bin/bash)
==2361==    by 0x138DC9: ??? (in /usr/bin/bash)
==2361==    by 0x137544: main (in /usr/bin/bash)
==2362==    by 0x15805C: ??? (in /usr/bin/bash)
==2362==    by 0x15AB01: initialize_shell_variables (in /usr/bin/bash)
==2361== 
==2361== 32 bytes in 1 blocks are still reachable in loss record 207 of 304
==2362==    by 0x138DC9: ??? (in /usr/bin/bash)
==2362==    by 0x137544: main (in /usr/bin/bash)
==2361==    at 0x483B7F3: malloc (in /usr/lib/x86_64-linux-gnu/valgrind/vgpreload_memcheck-amd64-linux.so)
==2361==    by 0x1984F3: xmalloc (in /usr/bin/bash)
==2362== 
==2362== 32 bytes in 1 blocks are still reachable in loss record 158 of 304
==2361==    by 0x17BBFB: hash_insert (in /usr/bin/bash)
==2361==    by 0x158008: ??? (in /usr/bin/bash)
==2362==    at 0x483B7F3: malloc (in /usr/lib/x86_64-linux-gnu/valgrind/vgpreload_memcheck-amd64-linux.so)
==2362==    by 0x1984F3: xmalloc (in /usr/bin/bash)
==2361==    by 0x158DE5: make_new_assoc_variable (in /usr/bin/bash)
==2361==    by 0x15B67B: initialize_shell_variables (in /usr/bin/bash)
==2362==    by 0x17BBFB: hash_insert (in /usr/bin/bash)
==2362==    by 0x158008: ??? (in /usr/bin/bash)
==2361==    by 0x138DC9: ??? (in /usr/bin/bash)
==2362==    by 0x15805C: ??? (in /usr/bin/bash)
==2362==    by 0x15AB1F: initialize_shell_variables (in /usr/bin/bash)
==2361==    by 0x137544: main (in /usr/bin/bash)
==2361== 
==2362==    by 0x138DC9: ??? (in /usr/bin/bash)
==2361== 32 bytes in 1 blocks are still reachable in loss record 208 of 304
==2361==    at 0x483B7F3: malloc (in /usr/lib/x86_64-linux-gnu/valgrind/vgpreload_memcheck-amd64-linux.so)
==2362==    by 0x137544: main (in /usr/bin/bash)
==2362== 
==2361==    by 0x1984F3: xmalloc (in /usr/bin/bash)
==2361==    by 0x17BBFB: hash_insert (in /usr/bin/bash)
==2362== 32 bytes in 1 blocks are still reachable in loss record 159 of 304
==2362==    at 0x483B7F3: malloc (in /usr/lib/x86_64-linux-gnu/valgrind/vgpreload_memcheck-amd64-linux.so)
==2361==    by 0x158008: ??? (in /usr/bin/bash)
==2361==    by 0x158D55: make_new_array_variable (in /usr/bin/bash)
==2362==    by 0x1984F3: xmalloc (in /usr/bin/bash)
==2362==    by 0x17BBFB: hash_insert (in /usr/bin/bash)
==2361==    by 0x15B64D: initialize_shell_variables (in /usr/bin/bash)
==2361==    by 0x138DC9: ??? (in /usr/bin/bash)
==2362==    by 0x158008: ??? (in /usr/bin/bash)
==2362==    by 0x15805C: ??? (in /usr/bin/bash)
==2361==    by 0x137544: main (in /usr/bin/bash)
==2361== 
==2362==    by 0x15AB32: initialize_shell_variables (in /usr/bin/bash)
==2362==    by 0x138DC9: ??? (in /usr/bin/bash)
==2361== 32 bytes in 1 blocks are still reachable in loss record 209 of 304
==2362==    by 0x137544: main (in /usr/bin/bash)
==2362== 
==2361==    at 0x483B7F3: malloc (in /usr/lib/x86_64-linux-gnu/valgrind/vgpreload_memcheck-amd64-linux.so)
==2361==    by 0x1984F3: xmalloc (in /usr/bin/bash)
==2362== 32 bytes in 1 blocks are still reachable in loss record 160 of 304
==2362==    at 0x483B7F3: malloc (in /usr/lib/x86_64-linux-gnu/valgrind/vgpreload_memcheck-amd64-linux.so)
==2361==    by 0x183457: array_create_element (in /usr/bin/bash)
==2361==    by 0x1834ED: array_create (in /usr/bin/bash)
==2362==    by 0x1984F3: xmalloc (in /usr/bin/bash)
==2362==    by 0x17BBFB: hash_insert (in /usr/bin/bash)
==2361==    by 0x158D5D: make_new_array_variable (in /usr/bin/bash)
==2361==    by 0x15B64D: initialize_shell_variables (in /usr/bin/bash)
==2362==    by 0x158008: ??? (in /usr/bin/bash)
==2362==    by 0x15805C: ??? (in /usr/bin/bash)
==2361==    by 0x138DC9: ??? (in /usr/bin/bash)
==2361==    by 0x137544: main (in /usr/bin/bash)
==2362==    by 0x15AB65: initialize_shell_variables (in /usr/bin/bash)
==2362==    by 0x138DC9: ??? (in /usr/bin/bash)
==2361== 
==2362==    by 0x137544: main (in /usr/bin/bash)
==2362== 
==2361== 32 bytes in 1 blocks are still reachable in loss record 210 of 304
==2361==    at 0x483B7F3: malloc (in /usr/lib/x86_64-linux-gnu/valgrind/vgpreload_memcheck-amd64-linux.so)
==2362== 32 bytes in 1 blocks are still reachable in loss record 161 of 304
==2362==    at 0x483B7F3: malloc (in /usr/lib/x86_64-linux-gnu/valgrind/vgpreload_memcheck-amd64-linux.so)
==2361==    by 0x1984F3: xmalloc (in /usr/bin/bash)
==2362==    by 0x1984F3: xmalloc (in /usr/bin/bash)
==2362==    by 0x17BBFB: hash_insert (in /usr/bin/bash)
==2361==    by 0x17BBFB: hash_insert (in /usr/bin/bash)
==2361==    by 0x158008: ??? (in /usr/bin/bash)
==2362==    by 0x158008: ??? (in /usr/bin/bash)
==2362==    by 0x15805C: ??? (in /usr/bin/bash)
==2361==    by 0x15805C: ??? (in /usr/bin/bash)
==2361==    by 0x1A76E0: set_shellopts (in /usr/bin/bash)
==2362==    by 0x15AB7A: initialize_shell_variables (in /usr/bin/bash)
==2362==    by 0x138DC9: ??? (in /usr/bin/bash)
==2361==    by 0x138DFD: ??? (in /usr/bin/bash)
==2361==    by 0x137544: main (in /usr/bin/bash)
==2362==    by 0x137544: main (in /usr/bin/bash)
==2362== 
==2361== 
==2361== 32 bytes in 1 blocks are still reachable in loss record 211 of 304
==2362== 32 bytes in 1 blocks are still reachable in loss record 162 of 304
==2362==    at 0x483B7F3: malloc (in /usr/lib/x86_64-linux-gnu/valgrind/vgpreload_memcheck-amd64-linux.so)
==2361==    at 0x483B7F3: malloc (in /usr/lib/x86_64-linux-gnu/valgrind/vgpreload_memcheck-amd64-linux.so)
==2361==    by 0x1984F3: xmalloc (in /usr/bin/bash)
==2362==    by 0x1984F3: xmalloc (in /usr/bin/bash)
==2362==    by 0x17BBFB: hash_insert (in /usr/bin/bash)
==2361==    by 0x17BBFB: hash_insert (in /usr/bin/bash)
==2362==    by 0x158008: ??? (in /usr/bin/bash)
==2362==    by 0x15805C: ??? (in /usr/bin/bash)
==2361==    by 0x158008: ??? (in /usr/bin/bash)
==2361==    by 0x15805C: ??? (in /usr/bin/bash)
==2362==    by 0x15AB95: initialize_shell_variables (in /usr/bin/bash)
==2362==    by 0x138DC9: ??? (in /usr/bin/bash)
==2361==    by 0x1AC4B0: set_bashopts (in /usr/bin/bash)
==2361==    by 0x138E1C: ??? (in /usr/bin/bash)
==2362==    by 0x137544: main (in /usr/bin/bash)
==2362== 
==2361==    by 0x137544: main (in /usr/bin/bash)
==2361== 
==2362== 32 bytes in 1 blocks are still reachable in loss record 163 of 304
==2362==    at 0x483B7F3: malloc (in /usr/lib/x86_64-linux-gnu/valgrind/vgpreload_memcheck-amd64-linux.so)
==2361== 32 bytes in 1 blocks are still reachable in loss record 212 of 304
==2361==    at 0x483B7F3: malloc (in /usr/lib/x86_64-linux-gnu/valgrind/vgpreload_memcheck-amd64-linux.so)
==2362==    by 0x1984F3: xmalloc (in /usr/bin/bash)
==2362==    by 0x17BBFB: hash_insert (in /usr/bin/bash)
==2361==    by 0x1984F3: xmalloc (in /usr/bin/bash)
==2361==    by 0x183457: array_create_element (in /usr/bin/bash)
==2362==    by 0x158008: ??? (in /usr/bin/bash)
==2362==    by 0x15805C: ??? (in /usr/bin/bash)
==2361==    by 0x18367F: ??? (in /usr/bin/bash)
==2361==    by 0x137C8C: main (in /usr/bin/bash)
==2362==    by 0x15ABA8: initialize_shell_variables (in /usr/bin/bash)
==2362==    by 0x138DC9: ??? (in /usr/bin/bash)
==2361== 
==2361== 32 bytes in 1 blocks are still reachable in loss record 213 of 304
==2362==    by 0x137544: main (in /usr/bin/bash)
==2362== 
==2361==    at 0x483B7F3: malloc (in /usr/lib/x86_64-linux-gnu/valgrind/vgpreload_memcheck-amd64-linux.so)
==2361==    by 0x1984F3: xmalloc (in /usr/bin/bash)
==2362== 32 bytes in 1 blocks are still reachable in loss record 164 of 304
==2362==    at 0x483B7F3: malloc (in /usr/lib/x86_64-linux-gnu/valgrind/vgpreload_memcheck-amd64-linux.so)
==2361==    by 0x183457: array_create_element (in /usr/bin/bash)
==2362==    by 0x1984F3: xmalloc (in /usr/bin/bash)
==2362==    by 0x17BBFB: hash_insert (in /usr/bin/bash)
==2361==    by 0x18367F: ??? (in /usr/bin/bash)
==2361==    by 0x137CB1: main (in /usr/bin/bash)
==2362==    by 0x158008: ??? (in /usr/bin/bash)
==2362==    by 0x15805C: ??? (in /usr/bin/bash)
==2361== 
==2361== 32 bytes in 1 blocks are still reachable in loss record 214 of 304
==2362==    by 0x15ABBB: initialize_shell_variables (in /usr/bin/bash)
==2362==    by 0x138DC9: ??? (in /usr/bin/bash)
==2361==    at 0x483B7F3: malloc (in /usr/lib/x86_64-linux-gnu/valgrind/vgpreload_memcheck-amd64-linux.so)
==2362==    by 0x137544: main (in /usr/bin/bash)
==2362== 
==2361==    by 0x1984F3: xmalloc (in /usr/bin/bash)
==2361==    by 0x183457: array_create_element (in /usr/bin/bash)
==2362== 32 bytes in 1 blocks are still reachable in loss record 165 of 304
==2362==    at 0x483B7F3: malloc (in /usr/lib/x86_64-linux-gnu/valgrind/vgpreload_memcheck-amd64-linux.so)
==2361==    by 0x18367F: ??? (in /usr/bin/bash)
==2361==    by 0x137CCD: main (in /usr/bin/bash)
==2362==    by 0x1984F3: xmalloc (in /usr/bin/bash)
==2362==    by 0x17BBFB: hash_insert (in /usr/bin/bash)
==2361== 
==2361== 32 bytes in 1 blocks are still reachable in loss record 215 of 304
==2362==    by 0x158008: ??? (in /usr/bin/bash)
==2362==    by 0x15805C: ??? (in /usr/bin/bash)
==2361==    at 0x483B7F3: malloc (in /usr/lib/x86_64-linux-gnu/valgrind/vgpreload_memcheck-amd64-linux.so)
==2361==    by 0x1984F3: xmalloc (in /usr/bin/bash)
==2362==    by 0x15ABCE: initialize_shell_variables (in /usr/bin/bash)
==2362==    by 0x138DC9: ??? (in /usr/bin/bash)
==2361==    by 0x17EFE9: ??? (in /usr/bin/bash)
==2361==    by 0x17F2CE: begin_unwind_frame (in /usr/bin/bash)
==2362==    by 0x137544: main (in /usr/bin/bash)
==2362== 
==2361==    by 0x1519B1: execute_command (in /usr/bin/bash)
==2361==    by 0x139664: reader_loop (in /usr/bin/bash)
==2362== 32 bytes in 1 blocks are still reachable in loss record 166 of 304
==2362==    at 0x483B7F3: malloc (in /usr/lib/x86_64-linux-gnu/valgrind/vgpreload_memcheck-amd64-linux.so)
==2361==    by 0x137EF8: main (in /usr/bin/bash)
==2361== 
==2362==    by 0x1984F3: xmalloc (in /usr/bin/bash)
==2362==    by 0x17BBFB: hash_insert (in /usr/bin/bash)
==2361== 32 bytes in 1 blocks are still reachable in loss record 216 of 304
==2361==    at 0x483B7F3: malloc (in /usr/lib/x86_64-linux-gnu/valgrind/vgpreload_memcheck-amd64-linux.so)
==2362==    by 0x158008: ??? (in /usr/bin/bash)
==2362==    by 0x15805C: ??? (in /usr/bin/bash)
==2361==    by 0x1984F3: xmalloc (in /usr/bin/bash)
==2361==    by 0x17EFE9: ??? (in /usr/bin/bash)
==2362==    by 0x15929E: adjust_shell_level (in /usr/bin/bash)
==2362==    by 0x15AC10: initialize_shell_variables (in /usr/bin/bash)
==2361==    by 0x17F4C9: add_unwind_protect (in /usr/bin/bash)
==2361==    by 0x1519C2: execute_command (in /usr/bin/bash)
==2362==    by 0x138DC9: ??? (in /usr/bin/bash)
==2362==    by 0x137544: main (in /usr/bin/bash)
==2361==    by 0x139664: reader_loop (in /usr/bin/bash)
==2361==    by 0x137EF8: main (in /usr/bin/bash)
==2362== 
==2362== 32 bytes in 1 blocks are still reachable in loss record 167 of 304
==2361== 
==2361== 32 bytes in 1 blocks are still reachable in loss record 217 of 304
==2362==    at 0x483B7F3: malloc (in /usr/lib/x86_64-linux-gnu/valgrind/vgpreload_memcheck-amd64-linux.so)
==2362==    by 0x1984F3: xmalloc (in /usr/bin/bash)
==2361==    at 0x483B7F3: malloc (in /usr/lib/x86_64-linux-gnu/valgrind/vgpreload_memcheck-amd64-linux.so)
==2361==    by 0x1984F3: xmalloc (in /usr/bin/bash)
==2362==    by 0x17BBFB: hash_insert (in /usr/bin/bash)
==2362==    by 0x158008: ??? (in /usr/bin/bash)
==2361==    by 0x17EFE9: ??? (in /usr/bin/bash)
==2361==    by 0x17F2CE: begin_unwind_frame (in /usr/bin/bash)
==2362==    by 0x15805C: ??? (in /usr/bin/bash)
==2362==    by 0x159628: set_ppid (in /usr/bin/bash)
==2361==    by 0x14FB5D: execute_command_internal (in /usr/bin/bash)
==2362==    by 0x15AC15: initialize_shell_variables (in /usr/bin/bash)
==2362==    by 0x138DC9: ??? (in /usr/bin/bash)
==2361==    by 0x1519D9: execute_command (in /usr/bin/bash)
==2361==    by 0x139664: reader_loop (in /usr/bin/bash)
==2362==    by 0x137544: main (in /usr/bin/bash)
==2362== 
==2361==    by 0x137EF8: main (in /usr/bin/bash)
==2361== 
==2362== 32 bytes in 1 blocks are still reachable in loss record 168 of 304
==2362==    at 0x483B7F3: malloc (in /usr/lib/x86_64-linux-gnu/valgrind/vgpreload_memcheck-amd64-linux.so)
==2361== 32 bytes in 1 blocks are still reachable in loss record 218 of 304
==2361==    at 0x483B7F3: malloc (in /usr/lib/x86_64-linux-gnu/valgrind/vgpreload_memcheck-amd64-linux.so)
==2362==    by 0x1984F3: xmalloc (in /usr/bin/bash)
==2362==    by 0x17BBFB: hash_insert (in /usr/bin/bash)
==2361==    by 0x1984F3: xmalloc (in /usr/bin/bash)
==2361==    by 0x17EFE9: ??? (in /usr/bin/bash)
==2362==    by 0x158008: ??? (in /usr/bin/bash)
==2362==    by 0x15805C: ??? (in /usr/bin/bash)
==2361==    by 0x17F4C9: add_unwind_protect (in /usr/bin/bash)
==2361==    by 0x14FBF2: execute_command_internal (in /usr/bin/bash)
==2362==    by 0x15AC2A: initialize_shell_variables (in /usr/bin/bash)
==2362==    by 0x138DC9: ??? (in /usr/bin/bash)
==2361==    by 0x1519D9: execute_command (in /usr/bin/bash)
==2361==    by 0x139664: reader_loop (in /usr/bin/bash)
==2362==    by 0x137544: main (in /usr/bin/bash)
==2362== 
==2361==    by 0x137EF8: main (in /usr/bin/bash)
==2361== 
==2362== 32 bytes in 1 blocks are still reachable in loss record 169 of 304
==2362==    at 0x483B7F3: malloc (in /usr/lib/x86_64-linux-gnu/valgrind/vgpreload_memcheck-amd64-linux.so)
==2361== 32 bytes in 1 blocks are still reachable in loss record 219 of 304
==2361==    at 0x483B7F3: malloc (in /usr/lib/x86_64-linux-gnu/valgrind/vgpreload_memcheck-amd64-linux.so)
==2362==    by 0x1984F3: xmalloc (in /usr/bin/bash)
==2362==    by 0x17BBFB: hash_insert (in /usr/bin/bash)
==2361==    by 0x1984F3: xmalloc (in /usr/bin/bash)
==2361==    by 0x17EFE9: ??? (in /usr/bin/bash)
==2362==    by 0x158008: ??? (in /usr/bin/bash)
==2362==    by 0x15805C: ??? (in /usr/bin/bash)
==2361==    by 0x17F2CE: begin_unwind_frame (in /usr/bin/bash)
==2361==    by 0x151400: execute_command_internal (in /usr/bin/bash)
==2362==    by 0x15AC4A: initialize_shell_variables (in /usr/bin/bash)
==2362==    by 0x138DC9: ??? (in /usr/bin/bash)
==2361==    by 0x1519D9: execute_command (in /usr/bin/bash)
==2361==    by 0x139664: reader_loop (in /usr/bin/bash)
==2362==    by 0x137544: main (in /usr/bin/bash)
==2362== 
==2361==    by 0x137EF8: main (in /usr/bin/bash)
==2361== 
==2362== 32 bytes in 1 blocks are still reachable in loss record 170 of 304
==2362==    at 0x483B7F3: malloc (in /usr/lib/x86_64-linux-gnu/valgrind/vgpreload_memcheck-amd64-linux.so)
==2361== 32 bytes in 1 blocks are still reachable in loss record 220 of 304
==2361==    at 0x483B7F3: malloc (in /usr/lib/x86_64-linux-gnu/valgrind/vgpreload_memcheck-amd64-linux.so)
==2362==    by 0x1984F3: xmalloc (in /usr/bin/bash)
==2362==    by 0x17BBFB: hash_insert (in /usr/bin/bash)
==2361==    by 0x1984F3: xmalloc (in /usr/bin/bash)
==2361==    by 0x17BBFB: hash_insert (in /usr/bin/bash)
==2362==    by 0x158008: ??? (in /usr/bin/bash)
==2362==    by 0x15805C: ??? (in /usr/bin/bash)
==2361==    by 0x158008: ??? (in /usr/bin/bash)
==2361==    by 0x158D55: make_new_array_variable (in /usr/bin/bash)
==2362==    by 0x15AE90: initialize_shell_variables (in /usr/bin/bash)
==2362==    by 0x138DC9: ??? (in /usr/bin/bash)
==2361==    by 0x15C10B: set_pipestatus_array (in /usr/bin/bash)
==2361==    by 0x15172F: execute_command_internal (in /usr/bin/bash)
==2362==    by 0x137544: main (in /usr/bin/bash)
==2362== 
==2361==    by 0x1519D9: execute_command (in /usr/bin/bash)
==2362== 32 bytes in 1 blocks are still reachable in loss record 171 of 304
==2362==    at 0x483B7F3: malloc (in /usr/lib/x86_64-linux-gnu/valgrind/vgpreload_memcheck-amd64-linux.so)
==2361==    by 0x139664: reader_loop (in /usr/bin/bash)
==2361==    by 0x137EF8: main (in /usr/bin/bash)
==2362==    by 0x1984F3: xmalloc (in /usr/bin/bash)
==2362==    by 0x17BBFB: hash_insert (in /usr/bin/bash)
==2361== 
==2361== 32 bytes in 1 blocks are still reachable in loss record 221 of 304
==2362==    by 0x158008: ??? (in /usr/bin/bash)
==2362==    by 0x15805C: ??? (in /usr/bin/bash)
==2361==    at 0x483B7F3: malloc (in /usr/lib/x86_64-linux-gnu/valgrind/vgpreload_memcheck-amd64-linux.so)
==2361==    by 0x1984F3: xmalloc (in /usr/bin/bash)
==2362==    by 0x15B635: initialize_shell_variables (in /usr/bin/bash)
==2362==    by 0x138DC9: ??? (in /usr/bin/bash)
==2361==    by 0x183457: array_create_element (in /usr/bin/bash)
==2361==    by 0x1834ED: array_create (in /usr/bin/bash)
==2362==    by 0x137544: main (in /usr/bin/bash)
==2362== 
==2361==    by 0x158D5D: make_new_array_variable (in /usr/bin/bash)
==2362== 32 bytes in 1 blocks are still reachable in loss record 172 of 304
==2362==    at 0x483B7F3: malloc (in /usr/lib/x86_64-linux-gnu/valgrind/vgpreload_memcheck-amd64-linux.so)
==2361==    by 0x15C10B: set_pipestatus_array (in /usr/bin/bash)
==2361==    by 0x15172F: execute_command_internal (in /usr/bin/bash)
==2362==    by 0x1984F3: xmalloc (in /usr/bin/bash)
==2362==    by 0x17BBFB: hash_insert (in /usr/bin/bash)
==2361==    by 0x1519D9: execute_command (in /usr/bin/bash)
==2361==    by 0x139664: reader_loop (in /usr/bin/bash)
==2362==    by 0x158008: ??? (in /usr/bin/bash)
==2362==    by 0x15805C: ??? (in /usr/bin/bash)
==2361==    by 0x137EF8: main (in /usr/bin/bash)
==2361== 
==2362==    by 0x15AECB: initialize_shell_variables (in /usr/bin/bash)
==2362==    by 0x138DC9: ??? (in /usr/bin/bash)
==2361== 32 bytes in 1 blocks are still reachable in loss record 222 of 304
==2362==    by 0x137544: main (in /usr/bin/bash)
==2362== 
==2361==    at 0x483B7F3: malloc (in /usr/lib/x86_64-linux-gnu/valgrind/vgpreload_memcheck-amd64-linux.so)
==2361==    by 0x1984F3: xmalloc (in /usr/bin/bash)
==2362== 32 bytes in 1 blocks are still reachable in loss record 173 of 304
==2362==    at 0x483B7F3: malloc (in /usr/lib/x86_64-linux-gnu/valgrind/vgpreload_memcheck-amd64-linux.so)
==2361==    by 0x183457: array_create_element (in /usr/bin/bash)
==2361==    by 0x183987: array_insert (in /usr/bin/bash)
==2362==    by 0x1984F3: xmalloc (in /usr/bin/bash)
==2362==    by 0x17BBFB: hash_insert (in /usr/bin/bash)
==2361==    by 0x15C09E: set_pipestatus_array (in /usr/bin/bash)
==2361==    by 0x15172F: execute_command_internal (in /usr/bin/bash)
==2362==    by 0x158008: ??? (in /usr/bin/bash)
==2362==    by 0x158D55: make_new_array_variable (in /usr/bin/bash)
==2361==    by 0x1519D9: execute_command (in /usr/bin/bash)
==2361==    by 0x139664: reader_loop (in /usr/bin/bash)
==2362==    by 0x15AEE3: initialize_shell_variables (in /usr/bin/bash)
==2362==    by 0x138DC9: ??? (in /usr/bin/bash)
==2361==    by 0x137EF8: main (in /usr/bin/bash)
==2362==    by 0x137544: main (in /usr/bin/bash)
==2362== 
==2361== 
==2361== 34 bytes in 1 blocks are still reachable in loss record 223 of 304
==2362== 32 bytes in 1 blocks are still reachable in loss record 174 of 304
==2362==    at 0x483B7F3: malloc (in /usr/lib/x86_64-linux-gnu/valgrind/vgpreload_memcheck-amd64-linux.so)
==2361==    at 0x483DFAF: realloc (in /usr/lib/x86_64-linux-gnu/valgrind/vgpreload_memcheck-amd64-linux.so)
==2361==    by 0x198558: xrealloc (in /usr/bin/bash)
==2362==    by 0x1984F3: xmalloc (in /usr/bin/bash)
==2362==    by 0x183457: array_create_element (in /usr/bin/bash)
==2361==    by 0x13A097: ??? (in /usr/bin/bash)
==2362==    by 0x1834ED: array_create (in /usr/bin/bash)
==2362==    by 0x158D5D: make_new_array_variable (in /usr/bin/bash)
==2361==    by 0x13C688: ??? (in /usr/bin/bash)
==2362==    by 0x15AEE3: initialize_shell_variables (in /usr/bin/bash)
==2362==    by 0x138DC9: ??? (in /usr/bin/bash)
==2361==    by 0x13F5C9: ??? (in /usr/bin/bash)
==2361==    by 0x142EC7: yyparse (in /usr/bin/bash)
==2362==    by 0x137544: main (in /usr/bin/bash)
==2362== 
==2361==    by 0x13929A: parse_command (in /usr/bin/bash)
==2361==    by 0x1393A6: read_command (in /usr/bin/bash)
==2362== 32 bytes in 1 blocks are still reachable in loss record 175 of 304
==2362==    at 0x483B7F3: malloc (in /usr/lib/x86_64-linux-gnu/valgrind/vgpreload_memcheck-amd64-linux.so)
==2361==    by 0x1395C9: reader_loop (in /usr/bin/bash)
==2361==    by 0x137EF8: main (in /usr/bin/bash)
==2362==    by 0x1984F3: xmalloc (in /usr/bin/bash)
==2362==    by 0x183457: array_create_element (in /usr/bin/bash)
==2361== 
==2362==    by 0x183987: array_insert (in /usr/bin/bash)
==2362==    by 0x15AF24: initialize_shell_variables (in /usr/bin/bash)
==2361== 40 bytes in 1 blocks are still reachable in loss record 224 of 304
==2361==    at 0x483B7F3: malloc (in /usr/lib/x86_64-linux-gnu/valgrind/vgpreload_memcheck-amd64-linux.so)
==2362==    by 0x138DC9: ??? (in /usr/bin/bash)
==2362==    by 0x137544: main (in /usr/bin/bash)
==2361==    by 0x1984F3: xmalloc (in /usr/bin/bash)
==2361==    by 0x157EB6: new_var_context (in /usr/bin/bash)
==2362== 
==2362== 32 bytes in 1 blocks are still reachable in loss record 176 of 304
==2361==    by 0x157F68: ??? (in /usr/bin/bash)
==2361==    by 0x15AAAB: initialize_shell_variables (in /usr/bin/bash)
==2362==    at 0x483B7F3: malloc (in /usr/lib/x86_64-linux-gnu/valgrind/vgpreload_memcheck-amd64-linux.so)
==2362==    by 0x1984F3: xmalloc (in /usr/bin/bash)
==2361==    by 0x138DC9: ??? (in /usr/bin/bash)
==2361==    by 0x137544: main (in /usr/bin/bash)
==2362==    by 0x183457: array_create_element (in /usr/bin/bash)
==2362==    by 0x183987: array_insert (in /usr/bin/bash)
==2361== 
==2361== 40 bytes in 1 blocks are still reachable in loss record 225 of 304
==2362==    by 0x15AF34: initialize_shell_variables (in /usr/bin/bash)
==2362==    by 0x138DC9: ??? (in /usr/bin/bash)
==2361==    at 0x483B7F3: malloc (in /usr/lib/x86_64-linux-gnu/valgrind/vgpreload_memcheck-amd64-linux.so)
==2361==    by 0x1984F3: xmalloc (in /usr/bin/bash)
==2362==    by 0x137544: main (in /usr/bin/bash)
==2362== 
==2361==    by 0x1834BF: array_create (in /usr/bin/bash)
==2361==    by 0x158D5D: make_new_array_variable (in /usr/bin/bash)
==2362== 32 bytes in 1 blocks are still reachable in loss record 177 of 304
==2362==    at 0x483B7F3: malloc (in /usr/lib/x86_64-linux-gnu/valgrind/vgpreload_memcheck-amd64-linux.so)
==2361==    by 0x15AEE3: initialize_shell_variables (in /usr/bin/bash)
==2361==    by 0x138DC9: ??? (in /usr/bin/bash)
==2362==    by 0x1984F3: xmalloc (in /usr/bin/bash)
==2362==    by 0x183457: array_create_element (in /usr/bin/bash)
==2361==    by 0x137544: main (in /usr/bin/bash)
==2361== 
==2362==    by 0x183987: array_insert (in /usr/bin/bash)
==2362==    by 0x15AF5D: initialize_shell_variables (in /usr/bin/bash)
==2361== 40 bytes in 1 blocks are still reachable in loss record 226 of 304
==2361==    at 0x483B7F3: malloc (in /usr/lib/x86_64-linux-gnu/valgrind/vgpreload_memcheck-amd64-linux.so)
==2362==    by 0x138DC9: ??? (in /usr/bin/bash)
==2362==    by 0x137544: main (in /usr/bin/bash)
==2361==    by 0x1984F3: xmalloc (in /usr/bin/bash)
==2361==    by 0x1834BF: array_create (in /usr/bin/bash)
==2362== 
==2362== 32 bytes in 1 blocks are still reachable in loss record 178 of 304
==2361==    by 0x158D5D: make_new_array_variable (in /usr/bin/bash)
==2361==    by 0x158DA7: ??? (in /usr/bin/bash)
==2362==    at 0x483B7F3: malloc (in /usr/lib/x86_64-linux-gnu/valgrind/vgpreload_memcheck-amd64-linux.so)
==2362==    by 0x1984F3: xmalloc (in /usr/bin/bash)
==2361==    by 0x15B2CD: initialize_shell_variables (in /usr/bin/bash)
==2361==    by 0x138DC9: ??? (in /usr/bin/bash)
==2362==    by 0x183457: array_create_element (in /usr/bin/bash)
==2362==    by 0x183987: array_insert (in /usr/bin/bash)
==2361==    by 0x137544: main (in /usr/bin/bash)
==2361== 
==2362==    by 0x15AF81: initialize_shell_variables (in /usr/bin/bash)
==2362==    by 0x138DC9: ??? (in /usr/bin/bash)
==2361== 40 bytes in 1 blocks are still reachable in loss record 227 of 304
==2361==    at 0x483B7F3: malloc (in /usr/lib/x86_64-linux-gnu/valgrind/vgpreload_memcheck-amd64-linux.so)
==2362==    by 0x137544: main (in /usr/bin/bash)
==2362== 
==2361==    by 0x1984F3: xmalloc (in /usr/bin/bash)
==2361==    by 0x1834BF: array_create (in /usr/bin/bash)
==2362== 32 bytes in 1 blocks are still reachable in loss record 179 of 304
==2362==    at 0x483B7F3: malloc (in /usr/lib/x86_64-linux-gnu/valgrind/vgpreload_memcheck-amd64-linux.so)
==2361==    by 0x158D5D: make_new_array_variable (in /usr/bin/bash)
==2361==    by 0x158DA7: ??? (in /usr/bin/bash)
==2362==    by 0x1984F3: xmalloc (in /usr/bin/bash)
==2362==    by 0x183457: array_create_element (in /usr/bin/bash)
==2361==    by 0x15B2EC: initialize_shell_variables (in /usr/bin/bash)
==2361==    by 0x138DC9: ??? (in /usr/bin/bash)
==2362==    by 0x183987: array_insert (in /usr/bin/bash)
==2362==    by 0x15AF95: initialize_shell_variables (in /usr/bin/bash)
==2361==    by 0x137544: main (in /usr/bin/bash)
==2361== 
==2362==    by 0x138DC9: ??? (in /usr/bin/bash)
==2362==    by 0x137544: main (in /usr/bin/bash)
==2361== 40 bytes in 1 blocks are still reachable in loss record 228 of 304
==2361==    at 0x483B7F3: malloc (in /usr/lib/x86_64-linux-gnu/valgrind/vgpreload_memcheck-amd64-linux.so)
==2362== 
==2362== 32 bytes in 1 blocks are still reachable in loss record 180 of 304
==2361==    by 0x1984F3: xmalloc (in /usr/bin/bash)
==2361==    by 0x1834BF: array_create (in /usr/bin/bash)
==2362==    at 0x483B7F3: malloc (in /usr/lib/x86_64-linux-gnu/valgrind/vgpreload_memcheck-amd64-linux.so)
==2362==    by 0x1984F3: xmalloc (in /usr/bin/bash)
==2361==    by 0x158D5D: make_new_array_variable (in /usr/bin/bash)
==2361==    by 0x158DA7: ??? (in /usr/bin/bash)
==2362==    by 0x183457: array_create_element (in /usr/bin/bash)
==2362==    by 0x183987: array_insert (in /usr/bin/bash)
==2361==    by 0x15B30B: initialize_shell_variables (in /usr/bin/bash)
==2361==    by 0x138DC9: ??? (in /usr/bin/bash)
==2362==    by 0x15AFA9: initialize_shell_variables (in /usr/bin/bash)
==2362==    by 0x138DC9: ??? (in /usr/bin/bash)
==2361==    by 0x137544: main (in /usr/bin/bash)
==2362==    by 0x137544: main (in /usr/bin/bash)
==2362== 
==2361== 
==2362== 32 bytes in 1 blocks are still reachable in loss record 181 of 304
==2362==    at 0x483B7F3: malloc (in /usr/lib/x86_64-linux-gnu/valgrind/vgpreload_memcheck-amd64-linux.so)
==2361== 40 bytes in 1 blocks are still reachable in loss record 229 of 304
==2361==    at 0x483B7F3: malloc (in /usr/lib/x86_64-linux-gnu/valgrind/vgpreload_memcheck-amd64-linux.so)
==2362==    by 0x1984F3: xmalloc (in /usr/bin/bash)
==2362==    by 0x17BBFB: hash_insert (in /usr/bin/bash)
==2361==    by 0x1984F3: xmalloc (in /usr/bin/bash)
==2361==    by 0x1834BF: array_create (in /usr/bin/bash)
==2362==    by 0x158008: ??? (in /usr/bin/bash)
==2361==    by 0x158D5D: make_new_array_variable (in /usr/bin/bash)
==2361==    by 0x158DA7: ??? (in /usr/bin/bash)
==2362==    by 0x15805C: ??? (in /usr/bin/bash)
==2362==    by 0x15B7C8: initialize_shell_variables (in /usr/bin/bash)
==2361==    by 0x15B32A: initialize_shell_variables (in /usr/bin/bash)
==2361==    by 0x138DC9: ??? (in /usr/bin/bash)
==2362==    by 0x138DC9: ??? (in /usr/bin/bash)
==2362==    by 0x137544: main (in /usr/bin/bash)
==2361==    by 0x137544: main (in /usr/bin/bash)
==2361== 
==2362== 
==2362== 32 bytes in 1 blocks are still reachable in loss record 182 of 304
==2361== 40 bytes in 1 blocks are still reachable in loss record 230 of 304
==2361==    at 0x483B7F3: malloc (in /usr/lib/x86_64-linux-gnu/valgrind/vgpreload_memcheck-amd64-linux.so)
==2362==    at 0x483B7F3: malloc (in /usr/lib/x86_64-linux-gnu/valgrind/vgpreload_memcheck-amd64-linux.so)
==2362==    by 0x1984F3: xmalloc (in /usr/bin/bash)
==2361==    by 0x1984F3: xmalloc (in /usr/bin/bash)
==2361==    by 0x1834BF: array_create (in /usr/bin/bash)
==2362==    by 0x17BBFB: hash_insert (in /usr/bin/bash)
==2362==    by 0x158008: ??? (in /usr/bin/bash)
==2361==    by 0x158D5D: make_new_array_variable (in /usr/bin/bash)
==2361==    by 0x158DA7: ??? (in /usr/bin/bash)
==2362==    by 0x15805C: ??? (in /usr/bin/bash)
==2362==    by 0x15B7AE: initialize_shell_variables (in /usr/bin/bash)
==2361==    by 0x15B349: initialize_shell_variables (in /usr/bin/bash)
==2361==    by 0x138DC9: ??? (in /usr/bin/bash)
==2362==    by 0x138DC9: ??? (in /usr/bin/bash)
==2362==    by 0x137544: main (in /usr/bin/bash)
==2361==    by 0x137544: main (in /usr/bin/bash)
==2361== 
==2362== 
==2362== 32 bytes in 1 blocks are still reachable in loss record 183 of 304
==2361== 40 bytes in 1 blocks are still reachable in loss record 231 of 304
==2362==    at 0x483B7F3: malloc (in /usr/lib/x86_64-linux-gnu/valgrind/vgpreload_memcheck-amd64-linux.so)
==2362==    by 0x1984F3: xmalloc (in /usr/bin/bash)
==2361==    at 0x483B7F3: malloc (in /usr/lib/x86_64-linux-gnu/valgrind/vgpreload_memcheck-amd64-linux.so)
==2362==    by 0x17BBFB: hash_insert (in /usr/bin/bash)
==2362==    by 0x158008: ??? (in /usr/bin/bash)
==2361==    by 0x1984F3: xmalloc (in /usr/bin/bash)
==2362==    by 0x15805C: ??? (in /usr/bin/bash)
==2362==    by 0x15B112: initialize_shell_variables (in /usr/bin/bash)
==2361==    by 0x1834BF: array_create (in /usr/bin/bash)
==2362==    by 0x138DC9: ??? (in /usr/bin/bash)
==2362==    by 0x137544: main (in /usr/bin/bash)
==2361==    by 0x158D5D: make_new_array_variable (in /usr/bin/bash)
==2361==    by 0x158DA7: ??? (in /usr/bin/bash)
==2362== 
==2362== 32 bytes in 1 blocks are still reachable in loss record 184 of 304
==2361==    by 0x15B368: initialize_shell_variables (in /usr/bin/bash)
==2361==    by 0x138DC9: ??? (in /usr/bin/bash)
==2362==    at 0x483B7F3: malloc (in /usr/lib/x86_64-linux-gnu/valgrind/vgpreload_memcheck-amd64-linux.so)
==2362==    by 0x1984F3: xmalloc (in /usr/bin/bash)
==2361==    by 0x137544: main (in /usr/bin/bash)
==2361== 
==2362==    by 0x17BBFB: hash_insert (in /usr/bin/bash)
==2361== 40 bytes in 1 blocks are still reachable in loss record 232 of 304
==2361==    at 0x483B7F3: malloc (in /usr/lib/x86_64-linux-gnu/valgrind/vgpreload_memcheck-amd64-linux.so)
==2362==    by 0x158008: ??? (in /usr/bin/bash)
==2362==    by 0x15805C: ??? (in /usr/bin/bash)
==2361==    by 0x1984F3: xmalloc (in /usr/bin/bash)
==2361==    by 0x1834BF: array_create (in /usr/bin/bash)
==2362==    by 0x15B13F: initialize_shell_variables (in /usr/bin/bash)
==2362==    by 0x138DC9: ??? (in /usr/bin/bash)
==2361==    by 0x158D5D: make_new_array_variable (in /usr/bin/bash)
==2361==    by 0x15B64D: initialize_shell_variables (in /usr/bin/bash)
==2362==    by 0x137544: main (in /usr/bin/bash)
==2362== 
==2361==    by 0x138DC9: ??? (in /usr/bin/bash)
==2361==    by 0x137544: main (in /usr/bin/bash)
==2362== 32 bytes in 1 blocks are still reachable in loss record 185 of 304
==2362==    at 0x483B7F3: malloc (in /usr/lib/x86_64-linux-gnu/valgrind/vgpreload_memcheck-amd64-linux.so)
==2361== 
==2361== 40 bytes in 1 blocks are still reachable in loss record 233 of 304
==2362==    by 0x1984F3: xmalloc (in /usr/bin/bash)
==2362==    by 0x17BBFB: hash_insert (in /usr/bin/bash)
==2361==    at 0x483B7F3: malloc (in /usr/lib/x86_64-linux-gnu/valgrind/vgpreload_memcheck-amd64-linux.so)
==2362==    by 0x158008: ??? (in /usr/bin/bash)
==2362==    by 0x15805C: ??? (in /usr/bin/bash)
==2361==    by 0x1984F3: xmalloc (in /usr/bin/bash)
==2361==    by 0x1834BF: array_create (in /usr/bin/bash)
==2362==    by 0x15B165: initialize_shell_variables (in /usr/bin/bash)
==2362==    by 0x138DC9: ??? (in /usr/bin/bash)
==2361==    by 0x158D5D: make_new_array_variable (in /usr/bin/bash)
==2361==    by 0x15C10B: set_pipestatus_array (in /usr/bin/bash)
==2362==    by 0x137544: main (in /usr/bin/bash)
==2362== 
==2361==    by 0x15172F: execute_command_internal (in /usr/bin/bash)
==2361==    by 0x1519D9: execute_command (in /usr/bin/bash)
==2362== 32 bytes in 1 blocks are still reachable in loss record 186 of 304
==2362==    at 0x483B7F3: malloc (in /usr/lib/x86_64-linux-gnu/valgrind/vgpreload_memcheck-amd64-linux.so)
==2361==    by 0x139664: reader_loop (in /usr/bin/bash)
==2361==    by 0x137EF8: main (in /usr/bin/bash)
==2362==    by 0x1984F3: xmalloc (in /usr/bin/bash)
==2362==    by 0x17BBFB: hash_insert (in /usr/bin/bash)
==2361== 
==2361== 41 bytes in 1 blocks are still reachable in loss record 234 of 304
==2362==    by 0x158008: ??? (in /usr/bin/bash)
==2362==    by 0x15805C: ??? (in /usr/bin/bash)
==2361==    at 0x483B7F3: malloc (in /usr/lib/x86_64-linux-gnu/valgrind/vgpreload_memcheck-amd64-linux.so)
==2361==    by 0x1984F3: xmalloc (in /usr/bin/bash)
==2362==    by 0x15B188: initialize_shell_variables (in /usr/bin/bash)
==2362==    by 0x138DC9: ??? (in /usr/bin/bash)
==2361==    by 0x156DA1: make_variable_value (in /usr/bin/bash)
==2361==    by 0x15806D: ??? (in /usr/bin/bash)
==2362==    by 0x137544: main (in /usr/bin/bash)
==2362== 
==2361==    by 0x1A76E0: set_shellopts (in /usr/bin/bash)
==2361==    by 0x138DFD: ??? (in /usr/bin/bash)
==2362== 32 bytes in 1 blocks are still reachable in loss record 187 of 304
==2362==    at 0x483B7F3: malloc (in /usr/lib/x86_64-linux-gnu/valgrind/vgpreload_memcheck-amd64-linux.so)
==2361==    by 0x137544: main (in /usr/bin/bash)
==2361== 
==2362==    by 0x1984F3: xmalloc (in /usr/bin/bash)
==2362==    by 0x17BBFB: hash_insert (in /usr/bin/bash)
==2361== 48 bytes in 1 blocks are still reachable in loss record 235 of 304
==2361==    at 0x483B7F3: malloc (in /usr/lib/x86_64-linux-gnu/valgrind/vgpreload_memcheck-amd64-linux.so)
==2362==    by 0x158008: ??? (in /usr/bin/bash)
==2362==    by 0x15805C: ??? (in /usr/bin/bash)
==2361==    by 0x1984F3: xmalloc (in /usr/bin/bash)
==2361==    by 0x1544C3: ??? (in /usr/bin/bash)
==2362==    by 0x15B1AE: initialize_shell_variables (in /usr/bin/bash)
==2362==    by 0x138DC9: ??? (in /usr/bin/bash)
==2361==    by 0x157FCF: ??? (in /usr/bin/bash)
==2361==    by 0x15805C: ??? (in /usr/bin/bash)
==2362==    by 0x137544: main (in /usr/bin/bash)
==2362== 
==2361==    by 0x159447: set_pwd (in /usr/bin/bash)
==2361==    by 0x15AAEE: initialize_shell_variables (in /usr/bin/bash)
==2362== 32 bytes in 1 blocks are still reachable in loss record 188 of 304
==2362==    at 0x483B7F3: malloc (in /usr/lib/x86_64-linux-gnu/valgrind/vgpreload_memcheck-amd64-linux.so)
==2361==    by 0x138DC9: ??? (in /usr/bin/bash)
==2361==    by 0x137544: main (in /usr/bin/bash)
==2362==    by 0x1984F3: xmalloc (in /usr/bin/bash)
==2362==    by 0x17BBFB: hash_insert (in /usr/bin/bash)
==2361== 
==2361== 48 bytes in 1 blocks are still reachable in loss record 236 of 304
==2362==    by 0x158008: ??? (in /usr/bin/bash)
==2362==    by 0x15805C: ??? (in /usr/bin/bash)
==2361==    at 0x483B7F3: malloc (in /usr/lib/x86_64-linux-gnu/valgrind/vgpreload_memcheck-amd64-linux.so)
==2361==    by 0x1984F3: xmalloc (in /usr/bin/bash)
==2362==    by 0x15B1D8: initialize_shell_variables (in /usr/bin/bash)
==2362==    by 0x138DC9: ??? (in /usr/bin/bash)
==2361==    by 0x1544C3: ??? (in /usr/bin/bash)
==2361==    by 0x157FCF: ??? (in /usr/bin/bash)
==2362==    by 0x137544: main (in /usr/bin/bash)
==2362== 
==2361==    by 0x15805C: ??? (in /usr/bin/bash)
==2361==    by 0x159490: set_pwd (in /usr/bin/bash)
==2362== 32 bytes in 1 blocks are still reachable in loss record 189 of 304
==2362==    at 0x483B7F3: malloc (in /usr/lib/x86_64-linux-gnu/valgrind/vgpreload_memcheck-amd64-linux.so)
==2361==    by 0x15AAEE: initialize_shell_variables (in /usr/bin/bash)
==2361==    by 0x138DC9: ??? (in /usr/bin/bash)
==2362==    by 0x1984F3: xmalloc (in /usr/bin/bash)
==2362==    by 0x17BBFB: hash_insert (in /usr/bin/bash)
==2361==    by 0x137544: main (in /usr/bin/bash)
==2361== 
==2362==    by 0x158008: ??? (in /usr/bin/bash)
==2362==    by 0x15805C: ??? (in /usr/bin/bash)
==2361== 48 bytes in 1 blocks are still reachable in loss record 237 of 304
==2362==    by 0x15B205: initialize_shell_variables (in /usr/bin/bash)
==2362==    by 0x138DC9: ??? (in /usr/bin/bash)
==2361==    at 0x483B7F3: malloc (in /usr/lib/x86_64-linux-gnu/valgrind/vgpreload_memcheck-amd64-linux.so)
==2362==    by 0x137544: main (in /usr/bin/bash)
==2362== 
==2361==    by 0x1984F3: xmalloc (in /usr/bin/bash)
==2361==    by 0x1544C3: ??? (in /usr/bin/bash)
==2362== 32 bytes in 1 blocks are still reachable in loss record 190 of 304
==2361==    by 0x157FCF: ??? (in /usr/bin/bash)
==2362==    at 0x483B7F3: malloc (in /usr/lib/x86_64-linux-gnu/valgrind/vgpreload_memcheck-amd64-linux.so)
==2362==    by 0x1984F3: xmalloc (in /usr/bin/bash)
==2361==    by 0x15805C: ??? (in /usr/bin/bash)
==2361==    by 0x15AB01: initialize_shell_variables (in /usr/bin/bash)
==2362==    by 0x17BBFB: hash_insert (in /usr/bin/bash)
==2362==    by 0x158008: ??? (in /usr/bin/bash)
==2361==    by 0x138DC9: ??? (in /usr/bin/bash)
==2361==    by 0x137544: main (in /usr/bin/bash)
==2362==    by 0x15805C: ??? (in /usr/bin/bash)
==2362==    by 0x15B228: initialize_shell_variables (in /usr/bin/bash)
==2361== 
==2361== 48 bytes in 1 blocks are still reachable in loss record 238 of 304
==2362==    by 0x138DC9: ??? (in /usr/bin/bash)
==2362==    by 0x137544: main (in /usr/bin/bash)
==2361==    at 0x483B7F3: malloc (in /usr/lib/x86_64-linux-gnu/valgrind/vgpreload_memcheck-amd64-linux.so)
==2361==    by 0x1984F3: xmalloc (in /usr/bin/bash)
==2362== 
==2362== 32 bytes in 1 blocks are still reachable in loss record 191 of 304
==2361==    by 0x1544C3: ??? (in /usr/bin/bash)
==2361==    by 0x157FCF: ??? (in /usr/bin/bash)
==2362==    at 0x483B7F3: malloc (in /usr/lib/x86_64-linux-gnu/valgrind/vgpreload_memcheck-amd64-linux.so)
==2362==    by 0x1984F3: xmalloc (in /usr/bin/bash)
==2361==    by 0x15805C: ??? (in /usr/bin/bash)
==2361==    by 0x15AB1F: initialize_shell_variables (in /usr/bin/bash)
==2362==    by 0x17BBFB: hash_insert (in /usr/bin/bash)
==2362==    by 0x158008: ??? (in /usr/bin/bash)
==2361==    by 0x138DC9: ??? (in /usr/bin/bash)
==2361==    by 0x137544: main (in /usr/bin/bash)
==2362==    by 0x15805C: ??? (in /usr/bin/bash)
==2362==    by 0x15B24E: initialize_shell_variables (in /usr/bin/bash)
==2361== 
==2361== 48 bytes in 1 blocks are still reachable in loss record 239 of 304
==2362==    by 0x138DC9: ??? (in /usr/bin/bash)
==2362==    by 0x137544: main (in /usr/bin/bash)
==2361==    at 0x483B7F3: malloc (in /usr/lib/x86_64-linux-gnu/valgrind/vgpreload_memcheck-amd64-linux.so)
==2361==    by 0x1984F3: xmalloc (in /usr/bin/bash)
==2362== 
==2362== 32 bytes in 1 blocks are still reachable in loss record 192 of 304
==2361==    by 0x1544C3: ??? (in /usr/bin/bash)
==2361==    by 0x157FCF: ??? (in /usr/bin/bash)
==2362==    at 0x483B7F3: malloc (in /usr/lib/x86_64-linux-gnu/valgrind/vgpreload_memcheck-amd64-linux.so)
==2362==    by 0x1984F3: xmalloc (in /usr/bin/bash)
==2361==    by 0x15805C: ??? (in /usr/bin/bash)
==2361==    by 0x15AB32: initialize_shell_variables (in /usr/bin/bash)
==2362==    by 0x17BBFB: hash_insert (in /usr/bin/bash)
==2362==    by 0x158008: ??? (in /usr/bin/bash)
==2361==    by 0x138DC9: ??? (in /usr/bin/bash)
==2361==    by 0x137544: main (in /usr/bin/bash)
==2362==    by 0x15805C: ??? (in /usr/bin/bash)
==2362==    by 0x15B27B: initialize_shell_variables (in /usr/bin/bash)
==2361== 
==2361== 48 bytes in 1 blocks are still reachable in loss record 240 of 304
==2362==    by 0x138DC9: ??? (in /usr/bin/bash)
==2362==    by 0x137544: main (in /usr/bin/bash)
==2361==    at 0x483B7F3: malloc (in /usr/lib/x86_64-linux-gnu/valgrind/vgpreload_memcheck-amd64-linux.so)
==2361==    by 0x1984F3: xmalloc (in /usr/bin/bash)
==2362== 
==2362== 32 bytes in 1 blocks are still reachable in loss record 193 of 304
==2361==    by 0x1544C3: ??? (in /usr/bin/bash)
==2361==    by 0x157FCF: ??? (in /usr/bin/bash)
==2362==    at 0x483B7F3: malloc (in /usr/lib/x86_64-linux-gnu/valgrind/vgpreload_memcheck-amd64-linux.so)
==2362==    by 0x1984F3: xmalloc (in /usr/bin/bash)
==2361==    by 0x15805C: ??? (in /usr/bin/bash)
==2361==    by 0x15AB65: initialize_shell_variables (in /usr/bin/bash)
==2362==    by 0x17BBFB: hash_insert (in /usr/bin/bash)
==2362==    by 0x158008: ??? (in /usr/bin/bash)
==2361==    by 0x138DC9: ??? (in /usr/bin/bash)
==2361==    by 0x137544: main (in /usr/bin/bash)
==2362==    by 0x15805C: ??? (in /usr/bin/bash)
==2362==    by 0x15B2A2: initialize_shell_variables (in /usr/bin/bash)
==2361== 
==2362==    by 0x138DC9: ??? (in /usr/bin/bash)
==2362==    by 0x137544: main (in /usr/bin/bash)
==2361== 48 bytes in 1 blocks are still reachable in loss record 241 of 304
==2362== 
==2362== 32 bytes in 1 blocks are still reachable in loss record 194 of 304
==2361==    at 0x483B7F3: malloc (in /usr/lib/x86_64-linux-gnu/valgrind/vgpreload_memcheck-amd64-linux.so)
==2361==    by 0x1984F3: xmalloc (in /usr/bin/bash)
==2362==    at 0x483B7F3: malloc (in /usr/lib/x86_64-linux-gnu/valgrind/vgpreload_memcheck-amd64-linux.so)
==2362==    by 0x1984F3: xmalloc (in /usr/bin/bash)
==2361==    by 0x1544C3: ??? (in /usr/bin/bash)
==2361==    by 0x157FCF: ??? (in /usr/bin/bash)
==2362==    by 0x17BBFB: hash_insert (in /usr/bin/bash)
==2362==    by 0x158008: ??? (in /usr/bin/bash)
==2361==    by 0x15805C: ??? (in /usr/bin/bash)
==2361==    by 0x15AB7A: initialize_shell_variables (in /usr/bin/bash)
==2362==    by 0x158D55: make_new_array_variable (in /usr/bin/bash)
==2362==    by 0x158DA7: ??? (in /usr/bin/bash)
==2361==    by 0x138DC9: ??? (in /usr/bin/bash)
==2361==    by 0x137544: main (in /usr/bin/bash)
==2362==    by 0x15B2CD: initialize_shell_variables (in /usr/bin/bash)
==2362==    by 0x138DC9: ??? (in /usr/bin/bash)
==2361== 
==2361== 48 bytes in 1 blocks are still reachable in loss record 242 of 304
==2362==    by 0x137544: main (in /usr/bin/bash)
==2362== 
==2361==    at 0x483B7F3: malloc (in /usr/lib/x86_64-linux-gnu/valgrind/vgpreload_memcheck-amd64-linux.so)
==2361==    by 0x1984F3: xmalloc (in /usr/bin/bash)
==2362== 32 bytes in 1 blocks are still reachable in loss record 195 of 304
==2362==    at 0x483B7F3: malloc (in /usr/lib/x86_64-linux-gnu/valgrind/vgpreload_memcheck-amd64-linux.so)
==2361==    by 0x1544C3: ??? (in /usr/bin/bash)
==2362==    by 0x1984F3: xmalloc (in /usr/bin/bash)
==2362==    by 0x183457: array_create_element (in /usr/bin/bash)
==2361==    by 0x157FCF: ??? (in /usr/bin/bash)
==2361==    by 0x15805C: ??? (in /usr/bin/bash)
==2362==    by 0x1834ED: array_create (in /usr/bin/bash)
==2362==    by 0x158D5D: make_new_array_variable (in /usr/bin/bash)
==2361==    by 0x15AB95: initialize_shell_variables (in /usr/bin/bash)
==2361==    by 0x138DC9: ??? (in /usr/bin/bash)
==2362==    by 0x158DA7: ??? (in /usr/bin/bash)
==2362==    by 0x15B2CD: initialize_shell_variables (in /usr/bin/bash)
==2361==    by 0x137544: main (in /usr/bin/bash)
==2361== 
==2362==    by 0x138DC9: ??? (in /usr/bin/bash)
==2362==    by 0x137544: main (in /usr/bin/bash)
==2361== 48 bytes in 1 blocks are still reachable in loss record 243 of 304
==2361==    at 0x483B7F3: malloc (in /usr/lib/x86_64-linux-gnu/valgrind/vgpreload_memcheck-amd64-linux.so)
==2362== 
==2362== 32 bytes in 1 blocks are still reachable in loss record 196 of 304
==2361==    by 0x1984F3: xmalloc (in /usr/bin/bash)
==2361==    by 0x1544C3: ??? (in /usr/bin/bash)
==2362==    at 0x483B7F3: malloc (in /usr/lib/x86_64-linux-gnu/valgrind/vgpreload_memcheck-amd64-linux.so)
==2362==    by 0x1984F3: xmalloc (in /usr/bin/bash)
==2361==    by 0x157FCF: ??? (in /usr/bin/bash)
==2361==    by 0x15805C: ??? (in /usr/bin/bash)
==2362==    by 0x17BBFB: hash_insert (in /usr/bin/bash)
==2362==    by 0x158008: ??? (in /usr/bin/bash)
==2361==    by 0x15ABA8: initialize_shell_variables (in /usr/bin/bash)
==2361==    by 0x138DC9: ??? (in /usr/bin/bash)
==2362==    by 0x158D55: make_new_array_variable (in /usr/bin/bash)
==2362==    by 0x158DA7: ??? (in /usr/bin/bash)
==2361==    by 0x137544: main (in /usr/bin/bash)
==2361== 
==2362==    by 0x15B2EC: initialize_shell_variables (in /usr/bin/bash)
==2362==    by 0x138DC9: ??? (in /usr/bin/bash)
==2361== 48 bytes in 1 blocks are still reachable in loss record 244 of 304
==2361==    at 0x483B7F3: malloc (in /usr/lib/x86_64-linux-gnu/valgrind/vgpreload_memcheck-amd64-linux.so)
==2362==    by 0x137544: main (in /usr/bin/bash)
==2362== 
==2361==    by 0x1984F3: xmalloc (in /usr/bin/bash)
==2361==    by 0x1544C3: ??? (in /usr/bin/bash)
==2362== 32 bytes in 1 blocks are still reachable in loss record 197 of 304
==2362==    at 0x483B7F3: malloc (in /usr/lib/x86_64-linux-gnu/valgrind/vgpreload_memcheck-amd64-linux.so)
==2361==    by 0x157FCF: ??? (in /usr/bin/bash)
==2361==    by 0x15805C: ??? (in /usr/bin/bash)
==2362==    by 0x1984F3: xmalloc (in /usr/bin/bash)
==2362==    by 0x183457: array_create_element (in /usr/bin/bash)
==2361==    by 0x15ABBB: initialize_shell_variables (in /usr/bin/bash)
==2361==    by 0x138DC9: ??? (in /usr/bin/bash)
==2362==    by 0x1834ED: array_create (in /usr/bin/bash)
==2362==    by 0x158D5D: make_new_array_variable (in /usr/bin/bash)
==2361==    by 0x137544: main (in /usr/bin/bash)
==2361== 
==2362==    by 0x158DA7: ??? (in /usr/bin/bash)
==2362==    by 0x15B2EC: initialize_shell_variables (in /usr/bin/bash)
==2361== 48 bytes in 1 blocks are still reachable in loss record 245 of 304
==2361==    at 0x483B7F3: malloc (in /usr/lib/x86_64-linux-gnu/valgrind/vgpreload_memcheck-amd64-linux.so)
==2362==    by 0x138DC9: ??? (in /usr/bin/bash)
==2362==    by 0x137544: main (in /usr/bin/bash)
==2361==    by 0x1984F3: xmalloc (in /usr/bin/bash)
==2361==    by 0x1544C3: ??? (in /usr/bin/bash)
==2362== 
==2361==    by 0x157FCF: ??? (in /usr/bin/bash)
==2361==    by 0x15805C: ??? (in /usr/bin/bash)
==2362== 32 bytes in 1 blocks are still reachable in loss record 198 of 304
==2362==    at 0x483B7F3: malloc (in /usr/lib/x86_64-linux-gnu/valgrind/vgpreload_memcheck-amd64-linux.so)
==2361==    by 0x15ABCE: initialize_shell_variables (in /usr/bin/bash)
==2361==    by 0x138DC9: ??? (in /usr/bin/bash)
==2362==    by 0x1984F3: xmalloc (in /usr/bin/bash)
==2362==    by 0x17BBFB: hash_insert (in /usr/bin/bash)
==2361==    by 0x137544: main (in /usr/bin/bash)
==2361== 
==2362==    by 0x158008: ??? (in /usr/bin/bash)
==2362==    by 0x158D55: make_new_array_variable (in /usr/bin/bash)
==2361== 48 bytes in 1 blocks are still reachable in loss record 246 of 304
==2361==    at 0x483B7F3: malloc (in /usr/lib/x86_64-linux-gnu/valgrind/vgpreload_memcheck-amd64-linux.so)
==2362==    by 0x158DA7: ??? (in /usr/bin/bash)
==2362==    by 0x15B30B: initialize_shell_variables (in /usr/bin/bash)
==2361==    by 0x1984F3: xmalloc (in /usr/bin/bash)
==2362==    by 0x138DC9: ??? (in /usr/bin/bash)
==2362==    by 0x137544: main (in /usr/bin/bash)
==2361==    by 0x1544C3: ??? (in /usr/bin/bash)
==2361==    by 0x157FCF: ??? (in /usr/bin/bash)
==2362== 
==2362== 32 bytes in 1 blocks are still reachable in loss record 199 of 304
==2361==    by 0x15805C: ??? (in /usr/bin/bash)
==2361==    by 0x15929E: adjust_shell_level (in /usr/bin/bash)
==2362==    at 0x483B7F3: malloc (in /usr/lib/x86_64-linux-gnu/valgrind/vgpreload_memcheck-amd64-linux.so)
==2362==    by 0x1984F3: xmalloc (in /usr/bin/bash)
==2361==    by 0x15AC10: initialize_shell_variables (in /usr/bin/bash)
==2362==    by 0x183457: array_create_element (in /usr/bin/bash)
==2362==    by 0x1834ED: array_create (in /usr/bin/bash)
==2361==    by 0x138DC9: ??? (in /usr/bin/bash)
==2362==    by 0x158D5D: make_new_array_variable (in /usr/bin/bash)
==2362==    by 0x158DA7: ??? (in /usr/bin/bash)
==2361==    by 0x137544: main (in /usr/bin/bash)
==2361== 
==2362==    by 0x15B30B: initialize_shell_variables (in /usr/bin/bash)
==2362==    by 0x138DC9: ??? (in /usr/bin/bash)
==2361== 48 bytes in 1 blocks are still reachable in loss record 247 of 304
==2361==    at 0x483B7F3: malloc (in /usr/lib/x86_64-linux-gnu/valgrind/vgpreload_memcheck-amd64-linux.so)
==2362==    by 0x137544: main (in /usr/bin/bash)
==2362== 
==2361==    by 0x1984F3: xmalloc (in /usr/bin/bash)
==2362== 32 bytes in 1 blocks are still reachable in loss record 200 of 304
==2362==    at 0x483B7F3: malloc (in /usr/lib/x86_64-linux-gnu/valgrind/vgpreload_memcheck-amd64-linux.so)
==2361==    by 0x1544C3: ??? (in /usr/bin/bash)
==2362==    by 0x1984F3: xmalloc (in /usr/bin/bash)
==2362==    by 0x17BBFB: hash_insert (in /usr/bin/bash)
==2361==    by 0x157FCF: ??? (in /usr/bin/bash)
==2361==    by 0x15805C: ??? (in /usr/bin/bash)
==2362==    by 0x158008: ??? (in /usr/bin/bash)
==2362==    by 0x158D55: make_new_array_variable (in /usr/bin/bash)
==2361==    by 0x159628: set_ppid (in /usr/bin/bash)
==2361==    by 0x15AC15: initialize_shell_variables (in /usr/bin/bash)
==2362==    by 0x158DA7: ??? (in /usr/bin/bash)
==2362==    by 0x15B32A: initialize_shell_variables (in /usr/bin/bash)
==2361==    by 0x138DC9: ??? (in /usr/bin/bash)
==2361==    by 0x137544: main (in /usr/bin/bash)
==2362==    by 0x138DC9: ??? (in /usr/bin/bash)
==2362==    by 0x137544: main (in /usr/bin/bash)
==2361== 
==2361== 48 bytes in 1 blocks are still reachable in loss record 248 of 304
==2362== 
==2362== 32 bytes in 1 blocks are still reachable in loss record 201 of 304
==2361==    at 0x483B7F3: malloc (in /usr/lib/x86_64-linux-gnu/valgrind/vgpreload_memcheck-amd64-linux.so)
==2361==    by 0x1984F3: xmalloc (in /usr/bin/bash)
==2362==    at 0x483B7F3: malloc (in /usr/lib/x86_64-linux-gnu/valgrind/vgpreload_memcheck-amd64-linux.so)
==2361==    by 0x1544C3: ??? (in /usr/bin/bash)
==2361==    by 0x157FCF: ??? (in /usr/bin/bash)
==2362==    by 0x1984F3: xmalloc (in /usr/bin/bash)
==2362==    by 0x183457: array_create_element (in /usr/bin/bash)
==2361==    by 0x15805C: ??? (in /usr/bin/bash)
==2361==    by 0x15AC2A: initialize_shell_variables (in /usr/bin/bash)
==2362==    by 0x1834ED: array_create (in /usr/bin/bash)
==2362==    by 0x158D5D: make_new_array_variable (in /usr/bin/bash)
==2361==    by 0x138DC9: ??? (in /usr/bin/bash)
==2361==    by 0x137544: main (in /usr/bin/bash)
==2362==    by 0x158DA7: ??? (in /usr/bin/bash)
==2361== 
==2361== 48 bytes in 1 blocks are still reachable in loss record 249 of 304
==2362==    by 0x15B32A: initialize_shell_variables (in /usr/bin/bash)
==2362==    by 0x138DC9: ??? (in /usr/bin/bash)
==2361==    at 0x483B7F3: malloc (in /usr/lib/x86_64-linux-gnu/valgrind/vgpreload_memcheck-amd64-linux.so)
==2361==    by 0x1984F3: xmalloc (in /usr/bin/bash)
==2362==    by 0x137544: main (in /usr/bin/bash)
==2362== 
==2361==    by 0x1544C3: ??? (in /usr/bin/bash)
==2361==    by 0x157FCF: ??? (in /usr/bin/bash)
==2362== 32 bytes in 1 blocks are still reachable in loss record 202 of 304
==2362==    at 0x483B7F3: malloc (in /usr/lib/x86_64-linux-gnu/valgrind/vgpreload_memcheck-amd64-linux.so)
==2361==    by 0x15805C: ??? (in /usr/bin/bash)
==2361==    by 0x15AC4A: initialize_shell_variables (in /usr/bin/bash)
==2362==    by 0x1984F3: xmalloc (in /usr/bin/bash)
==2362==    by 0x17BBFB: hash_insert (in /usr/bin/bash)
==2361==    by 0x138DC9: ??? (in /usr/bin/bash)
==2361==    by 0x137544: main (in /usr/bin/bash)
==2362==    by 0x158008: ??? (in /usr/bin/bash)
==2362==    by 0x158D55: make_new_array_variable (in /usr/bin/bash)
==2361== 
==2361== 48 bytes in 1 blocks are still reachable in loss record 250 of 304
==2362==    by 0x158DA7: ??? (in /usr/bin/bash)
==2362==    by 0x15B349: initialize_shell_variables (in /usr/bin/bash)
==2361==    at 0x483B7F3: malloc (in /usr/lib/x86_64-linux-gnu/valgrind/vgpreload_memcheck-amd64-linux.so)
==2361==    by 0x1984F3: xmalloc (in /usr/bin/bash)
==2362==    by 0x138DC9: ??? (in /usr/bin/bash)
==2362==    by 0x137544: main (in /usr/bin/bash)
==2361==    by 0x1544C3: ??? (in /usr/bin/bash)
==2361==    by 0x157FCF: ??? (in /usr/bin/bash)
==2362== 
==2362== 32 bytes in 1 blocks are still reachable in loss record 203 of 304
==2361==    by 0x15805C: ??? (in /usr/bin/bash)
==2362==    at 0x483B7F3: malloc (in /usr/lib/x86_64-linux-gnu/valgrind/vgpreload_memcheck-amd64-linux.so)
==2362==    by 0x1984F3: xmalloc (in /usr/bin/bash)
==2361==    by 0x15AE90: initialize_shell_variables (in /usr/bin/bash)
==2361==    by 0x138DC9: ??? (in /usr/bin/bash)
==2362==    by 0x183457: array_create_element (in /usr/bin/bash)
==2362==    by 0x1834ED: array_create (in /usr/bin/bash)
==2361==    by 0x137544: main (in /usr/bin/bash)
==2361== 
==2362==    by 0x158D5D: make_new_array_variable (in /usr/bin/bash)
==2362==    by 0x158DA7: ??? (in /usr/bin/bash)
==2361== 48 bytes in 1 blocks are still reachable in loss record 251 of 304
==2361==    at 0x483B7F3: malloc (in /usr/lib/x86_64-linux-gnu/valgrind/vgpreload_memcheck-amd64-linux.so)
==2362==    by 0x15B349: initialize_shell_variables (in /usr/bin/bash)
==2362==    by 0x138DC9: ??? (in /usr/bin/bash)
==2361==    by 0x1984F3: xmalloc (in /usr/bin/bash)
==2361==    by 0x1544C3: ??? (in /usr/bin/bash)
==2362==    by 0x137544: main (in /usr/bin/bash)
==2362== 
==2361==    by 0x157FCF: ??? (in /usr/bin/bash)
==2361==    by 0x15805C: ??? (in /usr/bin/bash)
==2362== 32 bytes in 1 blocks are still reachable in loss record 204 of 304
==2362==    at 0x483B7F3: malloc (in /usr/lib/x86_64-linux-gnu/valgrind/vgpreload_memcheck-amd64-linux.so)
==2361==    by 0x15B635: initialize_shell_variables (in /usr/bin/bash)
==2361==    by 0x138DC9: ??? (in /usr/bin/bash)
==2362==    by 0x1984F3: xmalloc (in /usr/bin/bash)
==2362==    by 0x17BBFB: hash_insert (in /usr/bin/bash)
==2361==    by 0x137544: main (in /usr/bin/bash)
==2361== 
==2362==    by 0x158008: ??? (in /usr/bin/bash)
==2362==    by 0x158D55: make_new_array_variable (in /usr/bin/bash)
==2361== 48 bytes in 1 blocks are still reachable in loss record 252 of 304
==2361==    at 0x483B7F3: malloc (in /usr/lib/x86_64-linux-gnu/valgrind/vgpreload_memcheck-amd64-linux.so)
==2362==    by 0x158DA7: ??? (in /usr/bin/bash)
==2362==    by 0x15B368: initialize_shell_variables (in /usr/bin/bash)
==2361==    by 0x1984F3: xmalloc (in /usr/bin/bash)
==2361==    by 0x1544C3: ??? (in /usr/bin/bash)
==2362==    by 0x138DC9: ??? (in /usr/bin/bash)
==2362==    by 0x137544: main (in /usr/bin/bash)
==2361==    by 0x157FCF: ??? (in /usr/bin/bash)
==2361==    by 0x15805C: ??? (in /usr/bin/bash)
==2362== 
==2362== 32 bytes in 1 blocks are still reachable in loss record 205 of 304
==2361==    by 0x15AECB: initialize_shell_variables (in /usr/bin/bash)
==2361==    by 0x138DC9: ??? (in /usr/bin/bash)
==2362==    at 0x483B7F3: malloc (in /usr/lib/x86_64-linux-gnu/valgrind/vgpreload_memcheck-amd64-linux.so)
==2362==    by 0x1984F3: xmalloc (in /usr/bin/bash)
==2361==    by 0x137544: main (in /usr/bin/bash)
==2361== 
==2362==    by 0x183457: array_create_element (in /usr/bin/bash)
==2362==    by 0x1834ED: array_create (in /usr/bin/bash)
==2361== 48 bytes in 1 blocks are still reachable in loss record 253 of 304
==2361==    at 0x483B7F3: malloc (in /usr/lib/x86_64-linux-gnu/valgrind/vgpreload_memcheck-amd64-linux.so)
==2362==    by 0x158D5D: make_new_array_variable (in /usr/bin/bash)
==2362==    by 0x158DA7: ??? (in /usr/bin/bash)
==2361==    by 0x1984F3: xmalloc (in /usr/bin/bash)
==2361==    by 0x1544C3: ??? (in /usr/bin/bash)
==2362==    by 0x15B368: initialize_shell_variables (in /usr/bin/bash)
==2362==    by 0x138DC9: ??? (in /usr/bin/bash)
==2361==    by 0x157FCF: ??? (in /usr/bin/bash)
==2361==    by 0x158D55: make_new_array_variable (in /usr/bin/bash)
==2362==    by 0x137544: main (in /usr/bin/bash)
==2362== 
==2361==    by 0x15AEE3: initialize_shell_variables (in /usr/bin/bash)
==2361==    by 0x138DC9: ??? (in /usr/bin/bash)
==2362== 32 bytes in 1 blocks are still reachable in loss record 206 of 304
==2362==    at 0x483B7F3: malloc (in /usr/lib/x86_64-linux-gnu/valgrind/vgpreload_memcheck-amd64-linux.so)
==2361==    by 0x137544: main (in /usr/bin/bash)
==2361== 
==2362==    by 0x1984F3: xmalloc (in /usr/bin/bash)
==2361== 48 bytes in 1 blocks are still reachable in loss record 254 of 304
==2361==    at 0x483B7F3: malloc (in /usr/lib/x86_64-linux-gnu/valgrind/vgpreload_memcheck-amd64-linux.so)
==2362==    by 0x17BBFB: hash_insert (in /usr/bin/bash)
==2362==    by 0x158008: ??? (in /usr/bin/bash)
==2361==    by 0x1984F3: xmalloc (in /usr/bin/bash)
==2361==    by 0x1544C3: ??? (in /usr/bin/bash)
==2362==    by 0x158DE5: make_new_assoc_variable (in /usr/bin/bash)
==2362==    by 0x15B6A9: initialize_shell_variables (in /usr/bin/bash)
==2361==    by 0x157FCF: ??? (in /usr/bin/bash)
==2361==    by 0x15805C: ??? (in /usr/bin/bash)
==2362==    by 0x138DC9: ??? (in /usr/bin/bash)
==2362==    by 0x137544: main (in /usr/bin/bash)
==2361==    by 0x15B7C8: initialize_shell_variables (in /usr/bin/bash)
==2361==    by 0x138DC9: ??? (in /usr/bin/bash)
==2362== 
==2362== 32 bytes in 1 blocks are still reachable in loss record 207 of 304
==2361==    by 0x137544: main (in /usr/bin/bash)
==2361== 
==2362==    at 0x483B7F3: malloc (in /usr/lib/x86_64-linux-gnu/valgrind/vgpreload_memcheck-amd64-linux.so)
==2362==    by 0x1984F3: xmalloc (in /usr/bin/bash)
==2361== 48 bytes in 1 blocks are still reachable in loss record 255 of 304
==2361==    at 0x483B7F3: malloc (in /usr/lib/x86_64-linux-gnu/valgrind/vgpreload_memcheck-amd64-linux.so)
==2362==    by 0x17BBFB: hash_insert (in /usr/bin/bash)
==2362==    by 0x158008: ??? (in /usr/bin/bash)
==2361==    by 0x1984F3: xmalloc (in /usr/bin/bash)
==2361==    by 0x1544C3: ??? (in /usr/bin/bash)
==2362==    by 0x158DE5: make_new_assoc_variable (in /usr/bin/bash)
==2362==    by 0x15B67B: initialize_shell_variables (in /usr/bin/bash)
==2361==    by 0x157FCF: ??? (in /usr/bin/bash)
==2361==    by 0x15805C: ??? (in /usr/bin/bash)
==2362==    by 0x138DC9: ??? (in /usr/bin/bash)
==2362==    by 0x137544: main (in /usr/bin/bash)
==2361==    by 0x15B7AE: initialize_shell_variables (in /usr/bin/bash)
==2361==    by 0x138DC9: ??? (in /usr/bin/bash)
==2362== 
==2362== 32 bytes in 1 blocks are still reachable in loss record 208 of 304
==2361==    by 0x137544: main (in /usr/bin/bash)
==2361== 
==2362==    at 0x483B7F3: malloc (in /usr/lib/x86_64-linux-gnu/valgrind/vgpreload_memcheck-amd64-linux.so)
==2362==    by 0x1984F3: xmalloc (in /usr/bin/bash)
==2361== 48 bytes in 1 blocks are still reachable in loss record 256 of 304
==2361==    at 0x483B7F3: malloc (in /usr/lib/x86_64-linux-gnu/valgrind/vgpreload_memcheck-amd64-linux.so)
==2362==    by 0x17BBFB: hash_insert (in /usr/bin/bash)
==2362==    by 0x158008: ??? (in /usr/bin/bash)
==2361==    by 0x1984F3: xmalloc (in /usr/bin/bash)
==2361==    by 0x1544C3: ??? (in /usr/bin/bash)
==2362==    by 0x158D55: make_new_array_variable (in /usr/bin/bash)
==2362==    by 0x15B64D: initialize_shell_variables (in /usr/bin/bash)
==2361==    by 0x157FCF: ??? (in /usr/bin/bash)
==2361==    by 0x15805C: ??? (in /usr/bin/bash)
==2362==    by 0x138DC9: ??? (in /usr/bin/bash)
==2362==    by 0x137544: main (in /usr/bin/bash)
==2361==    by 0x15B112: initialize_shell_variables (in /usr/bin/bash)
==2361==    by 0x138DC9: ??? (in /usr/bin/bash)
==2362== 
==2362== 32 bytes in 1 blocks are still reachable in loss record 209 of 304
==2361==    by 0x137544: main (in /usr/bin/bash)
==2361== 
==2362==    at 0x483B7F3: malloc (in /usr/lib/x86_64-linux-gnu/valgrind/vgpreload_memcheck-amd64-linux.so)
==2362==    by 0x1984F3: xmalloc (in /usr/bin/bash)
==2361== 48 bytes in 1 blocks are still reachable in loss record 257 of 304
==2361==    at 0x483B7F3: malloc (in /usr/lib/x86_64-linux-gnu/valgrind/vgpreload_memcheck-amd64-linux.so)
==2362==    by 0x183457: array_create_element (in /usr/bin/bash)
==2362==    by 0x1834ED: array_create (in /usr/bin/bash)
==2361==    by 0x1984F3: xmalloc (in /usr/bin/bash)
==2361==    by 0x1544C3: ??? (in /usr/bin/bash)
==2362==    by 0x158D5D: make_new_array_variable (in /usr/bin/bash)
==2362==    by 0x15B64D: initialize_shell_variables (in /usr/bin/bash)
==2361==    by 0x157FCF: ??? (in /usr/bin/bash)
==2361==    by 0x15805C: ??? (in /usr/bin/bash)
==2362==    by 0x138DC9: ??? (in /usr/bin/bash)
==2362==    by 0x137544: main (in /usr/bin/bash)
==2361==    by 0x15B13F: initialize_shell_variables (in /usr/bin/bash)
==2361==    by 0x138DC9: ??? (in /usr/bin/bash)
==2362== 
==2362== 32 bytes in 1 blocks are still reachable in loss record 210 of 304
==2361==    by 0x137544: main (in /usr/bin/bash)
==2361== 
==2362==    at 0x483B7F3: malloc (in /usr/lib/x86_64-linux-gnu/valgrind/vgpreload_memcheck-amd64-linux.so)
==2362==    by 0x1984F3: xmalloc (in /usr/bin/bash)
==2361== 48 bytes in 1 blocks are still reachable in loss record 258 of 304
==2362==    by 0x17BBFB: hash_insert (in /usr/bin/bash)
==2362==    by 0x158008: ??? (in /usr/bin/bash)
==2361==    at 0x483B7F3: malloc (in /usr/lib/x86_64-linux-gnu/valgrind/vgpreload_memcheck-amd64-linux.so)
==2362==    by 0x15805C: ??? (in /usr/bin/bash)
==2362==    by 0x1A76E0: set_shellopts (in /usr/bin/bash)
==2361==    by 0x1984F3: xmalloc (in /usr/bin/bash)
==2361==    by 0x1544C3: ??? (in /usr/bin/bash)
==2362==    by 0x138DFD: ??? (in /usr/bin/bash)
==2362==    by 0x137544: main (in /usr/bin/bash)
==2361==    by 0x157FCF: ??? (in /usr/bin/bash)
==2362== 
==2362== 32 bytes in 1 blocks are still reachable in loss record 211 of 304
==2361==    by 0x15805C: ??? (in /usr/bin/bash)
==2361==    by 0x15B165: initialize_shell_variables (in /usr/bin/bash)
==2362==    at 0x483B7F3: malloc (in /usr/lib/x86_64-linux-gnu/valgrind/vgpreload_memcheck-amd64-linux.so)
==2362==    by 0x1984F3: xmalloc (in /usr/bin/bash)
==2361==    by 0x138DC9: ??? (in /usr/bin/bash)
==2361==    by 0x137544: main (in /usr/bin/bash)
==2362==    by 0x17BBFB: hash_insert (in /usr/bin/bash)
==2362==    by 0x158008: ??? (in /usr/bin/bash)
==2361== 
==2361== 48 bytes in 1 blocks are still reachable in loss record 259 of 304
==2362==    by 0x15805C: ??? (in /usr/bin/bash)
==2362==    by 0x1AC4B0: set_bashopts (in /usr/bin/bash)
==2361==    at 0x483B7F3: malloc (in /usr/lib/x86_64-linux-gnu/valgrind/vgpreload_memcheck-amd64-linux.so)
==2361==    by 0x1984F3: xmalloc (in /usr/bin/bash)
==2362==    by 0x138E1C: ??? (in /usr/bin/bash)
==2362==    by 0x137544: main (in /usr/bin/bash)
==2361==    by 0x1544C3: ??? (in /usr/bin/bash)
==2361==    by 0x157FCF: ??? (in /usr/bin/bash)
==2362== 
==2362== 32 bytes in 1 blocks are still reachable in loss record 212 of 304
==2361==    by 0x15805C: ??? (in /usr/bin/bash)
==2361==    by 0x15B188: initialize_shell_variables (in /usr/bin/bash)
==2362==    at 0x483B7F3: malloc (in /usr/lib/x86_64-linux-gnu/valgrind/vgpreload_memcheck-amd64-linux.so)
==2362==    by 0x1984F3: xmalloc (in /usr/bin/bash)
==2361==    by 0x138DC9: ??? (in /usr/bin/bash)
==2361==    by 0x137544: main (in /usr/bin/bash)
==2362==    by 0x183457: array_create_element (in /usr/bin/bash)
==2361== 
==2361== 48 bytes in 1 blocks are still reachable in loss record 260 of 304
==2362==    by 0x18367F: ??? (in /usr/bin/bash)
==2362==    by 0x137C8C: main (in /usr/bin/bash)
==2361==    at 0x483B7F3: malloc (in /usr/lib/x86_64-linux-gnu/valgrind/vgpreload_memcheck-amd64-linux.so)
==2361==    by 0x1984F3: xmalloc (in /usr/bin/bash)
==2362== 
==2362== 32 bytes in 1 blocks are still reachable in loss record 213 of 304
==2361==    by 0x1544C3: ??? (in /usr/bin/bash)
==2361==    by 0x157FCF: ??? (in /usr/bin/bash)
==2362==    at 0x483B7F3: malloc (in /usr/lib/x86_64-linux-gnu/valgrind/vgpreload_memcheck-amd64-linux.so)
==2362==    by 0x1984F3: xmalloc (in /usr/bin/bash)
==2361==    by 0x15805C: ??? (in /usr/bin/bash)
==2361==    by 0x15B1AE: initialize_shell_variables (in /usr/bin/bash)
==2362==    by 0x183457: array_create_element (in /usr/bin/bash)
==2362==    by 0x18367F: ??? (in /usr/bin/bash)
==2361==    by 0x138DC9: ??? (in /usr/bin/bash)
==2361==    by 0x137544: main (in /usr/bin/bash)
==2362==    by 0x137CB1: main (in /usr/bin/bash)
==2362== 
==2361== 
==2361== 48 bytes in 1 blocks are still reachable in loss record 261 of 304
==2362== 32 bytes in 1 blocks are still reachable in loss record 214 of 304
==2362==    at 0x483B7F3: malloc (in /usr/lib/x86_64-linux-gnu/valgrind/vgpreload_memcheck-amd64-linux.so)
==2361==    at 0x483B7F3: malloc (in /usr/lib/x86_64-linux-gnu/valgrind/vgpreload_memcheck-amd64-linux.so)
==2361==    by 0x1984F3: xmalloc (in /usr/bin/bash)
==2362==    by 0x1984F3: xmalloc (in /usr/bin/bash)
==2362==    by 0x183457: array_create_element (in /usr/bin/bash)
==2361==    by 0x1544C3: ??? (in /usr/bin/bash)
==2361==    by 0x157FCF: ??? (in /usr/bin/bash)
==2362==    by 0x18367F: ??? (in /usr/bin/bash)
==2362==    by 0x137CCD: main (in /usr/bin/bash)
==2361==    by 0x15805C: ??? (in /usr/bin/bash)
==2361==    by 0x15B1D8: initialize_shell_variables (in /usr/bin/bash)
==2362== 
==2362== 32 bytes in 1 blocks are still reachable in loss record 215 of 304
==2361==    by 0x138DC9: ??? (in /usr/bin/bash)
==2361==    by 0x137544: main (in /usr/bin/bash)
==2362==    at 0x483B7F3: malloc (in /usr/lib/x86_64-linux-gnu/valgrind/vgpreload_memcheck-amd64-linux.so)
==2362==    by 0x1984F3: xmalloc (in /usr/bin/bash)
==2361== 
==2362==    by 0x17EFE9: ??? (in /usr/bin/bash)
==2362==    by 0x17F2CE: begin_unwind_frame (in /usr/bin/bash)
==2361== 48 bytes in 1 blocks are still reachable in loss record 262 of 304
==2361==    at 0x483B7F3: malloc (in /usr/lib/x86_64-linux-gnu/valgrind/vgpreload_memcheck-amd64-linux.so)
==2362==    by 0x1519B1: execute_command (in /usr/bin/bash)
==2362==    by 0x139664: reader_loop (in /usr/bin/bash)
==2361==    by 0x1984F3: xmalloc (in /usr/bin/bash)
==2361==    by 0x1544C3: ??? (in /usr/bin/bash)
==2362==    by 0x137EF8: main (in /usr/bin/bash)
==2362== 
==2361==    by 0x157FCF: ??? (in /usr/bin/bash)
==2361==    by 0x15805C: ??? (in /usr/bin/bash)
==2362== 32 bytes in 1 blocks are still reachable in loss record 216 of 304
==2362==    at 0x483B7F3: malloc (in /usr/lib/x86_64-linux-gnu/valgrind/vgpreload_memcheck-amd64-linux.so)
==2361==    by 0x15B205: initialize_shell_variables (in /usr/bin/bash)
==2362==    by 0x1984F3: xmalloc (in /usr/bin/bash)
==2362==    by 0x17EFE9: ??? (in /usr/bin/bash)
==2361==    by 0x138DC9: ??? (in /usr/bin/bash)
==2362==    by 0x17F4C9: add_unwind_protect (in /usr/bin/bash)
==2362==    by 0x1519C2: execute_command (in /usr/bin/bash)
==2361==    by 0x137544: main (in /usr/bin/bash)
==2362==    by 0x139664: reader_loop (in /usr/bin/bash)
==2362==    by 0x137EF8: main (in /usr/bin/bash)
==2361== 
==2362== 
==2362== 32 bytes in 1 blocks are still reachable in loss record 217 of 304
==2361== 48 bytes in 1 blocks are still reachable in loss record 263 of 304
==2361==    at 0x483B7F3: malloc (in /usr/lib/x86_64-linux-gnu/valgrind/vgpreload_memcheck-amd64-linux.so)
==2362==    at 0x483B7F3: malloc (in /usr/lib/x86_64-linux-gnu/valgrind/vgpreload_memcheck-amd64-linux.so)
==2362==    by 0x1984F3: xmalloc (in /usr/bin/bash)
==2361==    by 0x1984F3: xmalloc (in /usr/bin/bash)
==2361==    by 0x1544C3: ??? (in /usr/bin/bash)
==2362==    by 0x17EFE9: ??? (in /usr/bin/bash)
==2362==    by 0x17F2CE: begin_unwind_frame (in /usr/bin/bash)
==2361==    by 0x157FCF: ??? (in /usr/bin/bash)
==2361==    by 0x15805C: ??? (in /usr/bin/bash)
==2362==    by 0x14FB5D: execute_command_internal (in /usr/bin/bash)
==2362==    by 0x1519D9: execute_command (in /usr/bin/bash)
==2361==    by 0x15B228: initialize_shell_variables (in /usr/bin/bash)
==2361==    by 0x138DC9: ??? (in /usr/bin/bash)
==2362==    by 0x139664: reader_loop (in /usr/bin/bash)
==2362==    by 0x137EF8: main (in /usr/bin/bash)
==2361==    by 0x137544: main (in /usr/bin/bash)
==2361== 
==2362== 
==2362== 32 bytes in 1 blocks are still reachable in loss record 218 of 304
==2361== 48 bytes in 1 blocks are still reachable in loss record 264 of 304
==2361==    at 0x483B7F3: malloc (in /usr/lib/x86_64-linux-gnu/valgrind/vgpreload_memcheck-amd64-linux.so)
==2362==    at 0x483B7F3: malloc (in /usr/lib/x86_64-linux-gnu/valgrind/vgpreload_memcheck-amd64-linux.so)
==2362==    by 0x1984F3: xmalloc (in /usr/bin/bash)
==2361==    by 0x1984F3: xmalloc (in /usr/bin/bash)
==2361==    by 0x1544C3: ??? (in /usr/bin/bash)
==2362==    by 0x17EFE9: ??? (in /usr/bin/bash)
==2362==    by 0x17F4C9: add_unwind_protect (in /usr/bin/bash)
==2361==    by 0x157FCF: ??? (in /usr/bin/bash)
==2361==    by 0x15805C: ??? (in /usr/bin/bash)
==2362==    by 0x14FBF2: execute_command_internal (in /usr/bin/bash)
==2362==    by 0x1519D9: execute_command (in /usr/bin/bash)
==2361==    by 0x15B24E: initialize_shell_variables (in /usr/bin/bash)
==2361==    by 0x138DC9: ??? (in /usr/bin/bash)
==2362==    by 0x139664: reader_loop (in /usr/bin/bash)
==2362==    by 0x137EF8: main (in /usr/bin/bash)
==2361==    by 0x137544: main (in /usr/bin/bash)
==2361== 
==2362== 
==2362== 32 bytes in 1 blocks are still reachable in loss record 219 of 304
==2361== 48 bytes in 1 blocks are still reachable in loss record 265 of 304
==2361==    at 0x483B7F3: malloc (in /usr/lib/x86_64-linux-gnu/valgrind/vgpreload_memcheck-amd64-linux.so)
==2362==    at 0x483B7F3: malloc (in /usr/lib/x86_64-linux-gnu/valgrind/vgpreload_memcheck-amd64-linux.so)
==2362==    by 0x1984F3: xmalloc (in /usr/bin/bash)
==2361==    by 0x1984F3: xmalloc (in /usr/bin/bash)
==2361==    by 0x1544C3: ??? (in /usr/bin/bash)
==2362==    by 0x17EFE9: ??? (in /usr/bin/bash)
==2362==    by 0x17F2CE: begin_unwind_frame (in /usr/bin/bash)
==2361==    by 0x157FCF: ??? (in /usr/bin/bash)
==2361==    by 0x15805C: ??? (in /usr/bin/bash)
==2362==    by 0x151400: execute_command_internal (in /usr/bin/bash)
==2362==    by 0x1519D9: execute_command (in /usr/bin/bash)
==2361==    by 0x15B27B: initialize_shell_variables (in /usr/bin/bash)
==2361==    by 0x138DC9: ??? (in /usr/bin/bash)
==2362==    by 0x139664: reader_loop (in /usr/bin/bash)
==2362==    by 0x137EF8: main (in /usr/bin/bash)
==2361==    by 0x137544: main (in /usr/bin/bash)
==2361== 
==2362== 
==2362== 32 bytes in 1 blocks are still reachable in loss record 220 of 304
==2361== 48 bytes in 1 blocks are still reachable in loss record 266 of 304
==2361==    at 0x483B7F3: malloc (in /usr/lib/x86_64-linux-gnu/valgrind/vgpreload_memcheck-amd64-linux.so)
==2362==    at 0x483B7F3: malloc (in /usr/lib/x86_64-linux-gnu/valgrind/vgpreload_memcheck-amd64-linux.so)
==2361==    by 0x1984F3: xmalloc (in /usr/bin/bash)
==2361==    by 0x1544C3: ??? (in /usr/bin/bash)
==2362==    by 0x1984F3: xmalloc (in /usr/bin/bash)
==2362==    by 0x17BBFB: hash_insert (in /usr/bin/bash)
==2361==    by 0x157FCF: ??? (in /usr/bin/bash)
==2361==    by 0x15805C: ??? (in /usr/bin/bash)
==2362==    by 0x158008: ??? (in /usr/bin/bash)
==2362==    by 0x158D55: make_new_array_variable (in /usr/bin/bash)
==2361==    by 0x15B2A2: initialize_shell_variables (in /usr/bin/bash)
==2361==    by 0x138DC9: ??? (in /usr/bin/bash)
==2362==    by 0x15C10B: set_pipestatus_array (in /usr/bin/bash)
==2362==    by 0x15172F: execute_command_internal (in /usr/bin/bash)
==2361==    by 0x137544: main (in /usr/bin/bash)
==2361== 
==2362==    by 0x1519D9: execute_command (in /usr/bin/bash)
==2362==    by 0x139664: reader_loop (in /usr/bin/bash)
==2361== 48 bytes in 1 blocks are still reachable in loss record 267 of 304
==2361==    at 0x483B7F3: malloc (in /usr/lib/x86_64-linux-gnu/valgrind/vgpreload_memcheck-amd64-linux.so)
==2362==    by 0x137EF8: main (in /usr/bin/bash)
==2362== 
==2361==    by 0x1984F3: xmalloc (in /usr/bin/bash)
==2361==    by 0x1544C3: ??? (in /usr/bin/bash)
==2362== 32 bytes in 1 blocks are still reachable in loss record 221 of 304
==2362==    at 0x483B7F3: malloc (in /usr/lib/x86_64-linux-gnu/valgrind/vgpreload_memcheck-amd64-linux.so)
==2361==    by 0x157FCF: ??? (in /usr/bin/bash)
==2361==    by 0x158D55: make_new_array_variable (in /usr/bin/bash)
==2362==    by 0x1984F3: xmalloc (in /usr/bin/bash)
==2362==    by 0x183457: array_create_element (in /usr/bin/bash)
==2361==    by 0x158DA7: ??? (in /usr/bin/bash)
==2361==    by 0x15B2CD: initialize_shell_variables (in /usr/bin/bash)
==2362==    by 0x1834ED: array_create (in /usr/bin/bash)
==2362==    by 0x158D5D: make_new_array_variable (in /usr/bin/bash)
==2361==    by 0x138DC9: ??? (in /usr/bin/bash)
==2361==    by 0x137544: main (in /usr/bin/bash)
==2362==    by 0x15C10B: set_pipestatus_array (in /usr/bin/bash)
==2362==    by 0x15172F: execute_command_internal (in /usr/bin/bash)
==2361== 
==2361== 48 bytes in 1 blocks are still reachable in loss record 268 of 304
==2362==    by 0x1519D9: execute_command (in /usr/bin/bash)
==2362==    by 0x139664: reader_loop (in /usr/bin/bash)
==2361==    at 0x483B7F3: malloc (in /usr/lib/x86_64-linux-gnu/valgrind/vgpreload_memcheck-amd64-linux.so)
==2361==    by 0x1984F3: xmalloc (in /usr/bin/bash)
==2362==    by 0x137EF8: main (in /usr/bin/bash)
==2362== 
==2361==    by 0x1544C3: ??? (in /usr/bin/bash)
==2361==    by 0x157FCF: ??? (in /usr/bin/bash)
==2362== 32 bytes in 1 blocks are still reachable in loss record 222 of 304
==2362==    at 0x483B7F3: malloc (in /usr/lib/x86_64-linux-gnu/valgrind/vgpreload_memcheck-amd64-linux.so)
==2361==    by 0x158D55: make_new_array_variable (in /usr/bin/bash)
==2361==    by 0x158DA7: ??? (in /usr/bin/bash)
==2362==    by 0x1984F3: xmalloc (in /usr/bin/bash)
==2362==    by 0x183457: array_create_element (in /usr/bin/bash)
==2361==    by 0x15B2EC: initialize_shell_variables (in /usr/bin/bash)
==2361==    by 0x138DC9: ??? (in /usr/bin/bash)
==2362==    by 0x183987: array_insert (in /usr/bin/bash)
==2362==    by 0x15C09E: set_pipestatus_array (in /usr/bin/bash)
==2361==    by 0x137544: main (in /usr/bin/bash)
==2361== 
==2362==    by 0x15172F: execute_command_internal (in /usr/bin/bash)
==2362==    by 0x1519D9: execute_command (in /usr/bin/bash)
==2361== 48 bytes in 1 blocks are still reachable in loss record 269 of 304
==2361==    at 0x483B7F3: malloc (in /usr/lib/x86_64-linux-gnu/valgrind/vgpreload_memcheck-amd64-linux.so)
==2362==    by 0x139664: reader_loop (in /usr/bin/bash)
==2362==    by 0x137EF8: main (in /usr/bin/bash)
==2361==    by 0x1984F3: xmalloc (in /usr/bin/bash)
==2361==    by 0x1544C3: ??? (in /usr/bin/bash)
==2362== 
==2362== 34 bytes in 1 blocks are still reachable in loss record 223 of 304
==2361==    by 0x157FCF: ??? (in /usr/bin/bash)
==2361==    by 0x158D55: make_new_array_variable (in /usr/bin/bash)
==2362==    at 0x483DFAF: realloc (in /usr/lib/x86_64-linux-gnu/valgrind/vgpreload_memcheck-amd64-linux.so)
==2362==    by 0x198558: xrealloc (in /usr/bin/bash)
==2361==    by 0x158DA7: ??? (in /usr/bin/bash)
==2361==    by 0x15B30B: initialize_shell_variables (in /usr/bin/bash)
==2362==    by 0x13A097: ??? (in /usr/bin/bash)
==2361==    by 0x138DC9: ??? (in /usr/bin/bash)
==2361==    by 0x137544: main (in /usr/bin/bash)
==2362==    by 0x13C688: ??? (in /usr/bin/bash)
==2362==    by 0x13F5C9: ??? (in /usr/bin/bash)
==2361== 
==2361== 48 bytes in 1 blocks are still reachable in loss record 270 of 304
==2362==    by 0x142EC7: yyparse (in /usr/bin/bash)
==2362==    by 0x13929A: parse_command (in /usr/bin/bash)
==2361==    at 0x483B7F3: malloc (in /usr/lib/x86_64-linux-gnu/valgrind/vgpreload_memcheck-amd64-linux.so)
==2361==    by 0x1984F3: xmalloc (in /usr/bin/bash)
==2362==    by 0x1393A6: read_command (in /usr/bin/bash)
==2362==    by 0x1395C9: reader_loop (in /usr/bin/bash)
==2361==    by 0x1544C3: ??? (in /usr/bin/bash)
==2362==    by 0x137EF8: main (in /usr/bin/bash)
==2362== 
==2361==    by 0x157FCF: ??? (in /usr/bin/bash)
==2361==    by 0x158D55: make_new_array_variable (in /usr/bin/bash)
==2362== 40 bytes in 1 blocks are still reachable in loss record 224 of 304
==2362==    at 0x483B7F3: malloc (in /usr/lib/x86_64-linux-gnu/valgrind/vgpreload_memcheck-amd64-linux.so)
==2361==    by 0x158DA7: ??? (in /usr/bin/bash)
==2361==    by 0x15B32A: initialize_shell_variables (in /usr/bin/bash)
==2362==    by 0x1984F3: xmalloc (in /usr/bin/bash)
==2362==    by 0x157EB6: new_var_context (in /usr/bin/bash)
==2361==    by 0x138DC9: ??? (in /usr/bin/bash)
==2361==    by 0x137544: main (in /usr/bin/bash)
==2362==    by 0x157F68: ??? (in /usr/bin/bash)
==2362==    by 0x15AAAB: initialize_shell_variables (in /usr/bin/bash)
==2361== 
==2362==    by 0x138DC9: ??? (in /usr/bin/bash)
==2362==    by 0x137544: main (in /usr/bin/bash)
==2361== 48 bytes in 1 blocks are still reachable in loss record 271 of 304
==2361==    at 0x483B7F3: malloc (in /usr/lib/x86_64-linux-gnu/valgrind/vgpreload_memcheck-amd64-linux.so)
==2362== 
==2362== 40 bytes in 1 blocks are still reachable in loss record 225 of 304
==2361==    by 0x1984F3: xmalloc (in /usr/bin/bash)
==2361==    by 0x1544C3: ??? (in /usr/bin/bash)
==2362==    at 0x483B7F3: malloc (in /usr/lib/x86_64-linux-gnu/valgrind/vgpreload_memcheck-amd64-linux.so)
==2362==    by 0x1984F3: xmalloc (in /usr/bin/bash)
==2361==    by 0x157FCF: ??? (in /usr/bin/bash)
==2361==    by 0x158D55: make_new_array_variable (in /usr/bin/bash)
==2362==    by 0x1834BF: array_create (in /usr/bin/bash)
==2362==    by 0x158D5D: make_new_array_variable (in /usr/bin/bash)
==2361==    by 0x158DA7: ??? (in /usr/bin/bash)
==2361==    by 0x15B349: initialize_shell_variables (in /usr/bin/bash)
==2362==    by 0x15AEE3: initialize_shell_variables (in /usr/bin/bash)
==2362==    by 0x138DC9: ??? (in /usr/bin/bash)
==2361==    by 0x138DC9: ??? (in /usr/bin/bash)
==2361==    by 0x137544: main (in /usr/bin/bash)
==2362==    by 0x137544: main (in /usr/bin/bash)
==2362== 
==2361== 
==2362== 40 bytes in 1 blocks are still reachable in loss record 226 of 304
==2362==    at 0x483B7F3: malloc (in /usr/lib/x86_64-linux-gnu/valgrind/vgpreload_memcheck-amd64-linux.so)
==2361== 48 bytes in 1 blocks are still reachable in loss record 272 of 304
==2361==    at 0x483B7F3: malloc (in /usr/lib/x86_64-linux-gnu/valgrind/vgpreload_memcheck-amd64-linux.so)
==2362==    by 0x1984F3: xmalloc (in /usr/bin/bash)
==2362==    by 0x1834BF: array_create (in /usr/bin/bash)
==2361==    by 0x1984F3: xmalloc (in /usr/bin/bash)
==2361==    by 0x1544C3: ??? (in /usr/bin/bash)
==2362==    by 0x158D5D: make_new_array_variable (in /usr/bin/bash)
==2362==    by 0x158DA7: ??? (in /usr/bin/bash)
==2361==    by 0x157FCF: ??? (in /usr/bin/bash)
==2361==    by 0x158D55: make_new_array_variable (in /usr/bin/bash)
==2362==    by 0x15B2CD: initialize_shell_variables (in /usr/bin/bash)
==2362==    by 0x138DC9: ??? (in /usr/bin/bash)
==2361==    by 0x158DA7: ??? (in /usr/bin/bash)
==2361==    by 0x15B368: initialize_shell_variables (in /usr/bin/bash)
==2362==    by 0x137544: main (in /usr/bin/bash)
==2362== 
==2361==    by 0x138DC9: ??? (in /usr/bin/bash)
==2361==    by 0x137544: main (in /usr/bin/bash)
==2362== 40 bytes in 1 blocks are still reachable in loss record 227 of 304
==2362==    at 0x483B7F3: malloc (in /usr/lib/x86_64-linux-gnu/valgrind/vgpreload_memcheck-amd64-linux.so)
==2361== 
==2361== 48 bytes in 1 blocks are still reachable in loss record 273 of 304
==2362==    by 0x1984F3: xmalloc (in /usr/bin/bash)
==2362==    by 0x1834BF: array_create (in /usr/bin/bash)
==2361==    at 0x483B7F3: malloc (in /usr/lib/x86_64-linux-gnu/valgrind/vgpreload_memcheck-amd64-linux.so)
==2361==    by 0x1984F3: xmalloc (in /usr/bin/bash)
==2362==    by 0x158D5D: make_new_array_variable (in /usr/bin/bash)
==2362==    by 0x158DA7: ??? (in /usr/bin/bash)
==2361==    by 0x1544C3: ??? (in /usr/bin/bash)
==2361==    by 0x157FCF: ??? (in /usr/bin/bash)
==2362==    by 0x15B2EC: initialize_shell_variables (in /usr/bin/bash)
==2362==    by 0x138DC9: ??? (in /usr/bin/bash)
==2361==    by 0x158DE5: make_new_assoc_variable (in /usr/bin/bash)
==2361==    by 0x15B6A9: initialize_shell_variables (in /usr/bin/bash)
==2362==    by 0x137544: main (in /usr/bin/bash)
==2362== 
==2361==    by 0x138DC9: ??? (in /usr/bin/bash)
==2361==    by 0x137544: main (in /usr/bin/bash)
==2362== 40 bytes in 1 blocks are still reachable in loss record 228 of 304
==2362==    at 0x483B7F3: malloc (in /usr/lib/x86_64-linux-gnu/valgrind/vgpreload_memcheck-amd64-linux.so)
==2361== 
==2361== 48 bytes in 1 blocks are still reachable in loss record 274 of 304
==2362==    by 0x1984F3: xmalloc (in /usr/bin/bash)
==2362==    by 0x1834BF: array_create (in /usr/bin/bash)
==2361==    at 0x483B7F3: malloc (in /usr/lib/x86_64-linux-gnu/valgrind/vgpreload_memcheck-amd64-linux.so)
==2361==    by 0x1984F3: xmalloc (in /usr/bin/bash)
==2362==    by 0x158D5D: make_new_array_variable (in /usr/bin/bash)
==2362==    by 0x158DA7: ??? (in /usr/bin/bash)
==2361==    by 0x1544C3: ??? (in /usr/bin/bash)
==2361==    by 0x157FCF: ??? (in /usr/bin/bash)
==2362==    by 0x15B30B: initialize_shell_variables (in /usr/bin/bash)
==2362==    by 0x138DC9: ??? (in /usr/bin/bash)
==2361==    by 0x158DE5: make_new_assoc_variable (in /usr/bin/bash)
==2361==    by 0x15B67B: initialize_shell_variables (in /usr/bin/bash)
==2362==    by 0x137544: main (in /usr/bin/bash)
==2362== 
==2361==    by 0x138DC9: ??? (in /usr/bin/bash)
==2361==    by 0x137544: main (in /usr/bin/bash)
==2362== 40 bytes in 1 blocks are still reachable in loss record 229 of 304
==2362==    at 0x483B7F3: malloc (in /usr/lib/x86_64-linux-gnu/valgrind/vgpreload_memcheck-amd64-linux.so)
==2361== 
==2361== 48 bytes in 1 blocks are still reachable in loss record 275 of 304
==2362==    by 0x1984F3: xmalloc (in /usr/bin/bash)
==2362==    by 0x1834BF: array_create (in /usr/bin/bash)
==2361==    at 0x483B7F3: malloc (in /usr/lib/x86_64-linux-gnu/valgrind/vgpreload_memcheck-amd64-linux.so)
==2361==    by 0x1984F3: xmalloc (in /usr/bin/bash)
==2362==    by 0x158D5D: make_new_array_variable (in /usr/bin/bash)
==2362==    by 0x158DA7: ??? (in /usr/bin/bash)
==2361==    by 0x1544C3: ??? (in /usr/bin/bash)
==2362==    by 0x15B32A: initialize_shell_variables (in /usr/bin/bash)
==2362==    by 0x138DC9: ??? (in /usr/bin/bash)
==2361==    by 0x157FCF: ??? (in /usr/bin/bash)
==2361==    by 0x158D55: make_new_array_variable (in /usr/bin/bash)
==2362==    by 0x137544: main (in /usr/bin/bash)
==2362== 
==2361==    by 0x15B64D: initialize_shell_variables (in /usr/bin/bash)
==2361==    by 0x138DC9: ??? (in /usr/bin/bash)
==2362== 40 bytes in 1 blocks are still reachable in loss record 230 of 304
==2362==    at 0x483B7F3: malloc (in /usr/lib/x86_64-linux-gnu/valgrind/vgpreload_memcheck-amd64-linux.so)
==2361==    by 0x137544: main (in /usr/bin/bash)
==2361== 
==2362==    by 0x1984F3: xmalloc (in /usr/bin/bash)
==2362==    by 0x1834BF: array_create (in /usr/bin/bash)
==2361== 48 bytes in 1 blocks are still reachable in loss record 276 of 304
==2361==    at 0x483B7F3: malloc (in /usr/lib/x86_64-linux-gnu/valgrind/vgpreload_memcheck-amd64-linux.so)
==2362==    by 0x158D5D: make_new_array_variable (in /usr/bin/bash)
==2362==    by 0x158DA7: ??? (in /usr/bin/bash)
==2361==    by 0x1984F3: xmalloc (in /usr/bin/bash)
==2361==    by 0x1544C3: ??? (in /usr/bin/bash)
==2362==    by 0x15B349: initialize_shell_variables (in /usr/bin/bash)
==2362==    by 0x138DC9: ??? (in /usr/bin/bash)
==2361==    by 0x157FCF: ??? (in /usr/bin/bash)
==2361==    by 0x15805C: ??? (in /usr/bin/bash)
==2362==    by 0x137544: main (in /usr/bin/bash)
==2362== 
<<<<<<<<<<<<<<<<<<<<<<<<<<<<<<<<<<==2361==    by 0x1A76E0: set_shellopts (in /usr/bin/bash)
==2361==    by 0x138DFD: ??? (in /usr/bin/bash)
==2362== 40 bytes in 1 blocks are still reachable in loss record 231 of 304
==2362==    at 0x483B7F3: malloc (in /usr/lib/x86_64-linux-gnu/valgrind/vgpreload_memcheck-amd64-linux.so)
127.0.0.1==2361==    by 0x137544: main (in /usr/bin/bash)
==2362==    by 0x1984F3: xmalloc (in /usr/bin/bash)
==2362==    by 0x1834BF: array_create (in /usr/bin/bash)
==2361== 
==2361== 48 bytes in 1 blocks are still reachable in loss record 277 of 304
==2362==    by 0x158D5D: make_new_array_variable (in /usr/bin/bash)
==2362==    by 0x158DA7: ??? (in /usr/bin/bash)
==2361==    at 0x483B7F3: malloc (in /usr/lib/x86_64-linux-gnu/valgrind/vgpreload_memcheck-amd64-linux.so)
==2362==    by 0x15B368: initialize_shell_variables (in /usr/bin/bash)
==2362==    by 0x138DC9: ??? (in /usr/bin/bash)
==2361==    by 0x1984F3: xmalloc (in /usr/bin/bash)
==2361==    by 0x1544C3: ??? (in /usr/bin/bash)
==2362==    by 0x137544: main (in /usr/bin/bash)
==2361==    by 0x157FCF: ??? (in /usr/bin/bash)
==2361==    by 0x15805C: ??? (in /usr/bin/bash)
==2362== 
==2361==    by 0x1AC4B0: set_bashopts (in /usr/bin/bash)
==2361==    by 0x138E1C: ??? (in /usr/bin/bash)
==2362== 40 bytes in 1 blocks are still reachable in loss record 232 of 304
==2362==    at 0x483B7F3: malloc (in /usr/lib/x86_64-linux-gnu/valgrind/vgpreload_memcheck-amd64-linux.so)
==2361==    by 0x137544: main (in /usr/bin/bash)
==2361== 
==2362==    by 0x1984F3: xmalloc (in /usr/bin/bash)
==2362==    by 0x1834BF: array_create (in /usr/bin/bash)
==2361== 48 bytes in 1 blocks are still reachable in loss record 278 of 304
==2362==    by 0x158D5D: make_new_array_variable (in /usr/bin/bash)
==2362==    by 0x15B64D: initialize_shell_variables (in /usr/bin/bash)
==2361==    at 0x483B7F3: malloc (in /usr/lib/x86_64-linux-gnu/valgrind/vgpreload_memcheck-amd64-linux.so)
==2361==    by 0x1984F3: xmalloc (in /usr/bin/bash)
==2362==    by 0x138DC9: ??? (in /usr/bin/bash)
==2362==    by 0x137544: main (in /usr/bin/bash)
==2361==    by 0x17E939: fd_to_buffered_stream (in /usr/bin/bash)
==2362== 
==2362== 40 bytes in 1 blocks are still reachable in loss record 233 of 304
==2361==    by 0x17EF54: with_input_from_buffered_stream (in /usr/bin/bash)
==2361==    by 0x137DC4: main (in /usr/bin/bash)
==2362==    at 0x483B7F3: malloc (in /usr/lib/x86_64-linux-gnu/valgrind/vgpreload_memcheck-amd64-linux.so)
==2361== 
==2362==    by 0x1984F3: xmalloc (in /usr/bin/bash)
==2362==    by 0x1834BF: array_create (in /usr/bin/bash)
==2361== 48 bytes in 1 blocks are still reachable in loss record 279 of 304
==2361==    at 0x483B7F3: malloc (in /usr/lib/x86_64-linux-gnu/valgrind/vgpreload_memcheck-amd64-linux.so)
==2362==    by 0x158D5D: make_new_array_variable (in /usr/bin/bash)
==2362==    by 0x15C10B: set_pipestatus_array (in /usr/bin/bash)
==2361==    by 0x1984F3: xmalloc (in /usr/bin/bash)
==2361==    by 0x1544C3: ??? (in /usr/bin/bash)
==2362==    by 0x15172F: execute_command_internal (in /usr/bin/bash)
==2362==    by 0x1519D9: execute_command (in /usr/bin/bash)
==2361==    by 0x157FCF: ??? (in /usr/bin/bash)
==2361==    by 0x158D55: make_new_array_variable (in /usr/bin/bash)
==2361==    by 0x15C10B: set_pipestatus_array (in /usr/bin/bash)
==2362==    by 0x139664: reader_loop (in /usr/bin/bash)
==2362==    by 0x137EF8: main (in /usr/bin/bash)
==2361==    by 0x15172F: execute_command_internal (in /usr/bin/bash)
==2361==    by 0x1519D9: execute_command (in /usr/bin/bash)
==2362== 
==2362== 41 bytes in 1 blocks are still reachable in loss record 234 of 304
==2361==    by 0x139664: reader_loop (in /usr/bin/bash)
==2361==    by 0x137EF8: main (in /usr/bin/bash)
==2362==    at 0x483B7F3: malloc (in /usr/lib/x86_64-linux-gnu/valgrind/vgpreload_memcheck-amd64-linux.so)
==2362==    by 0x1984F3: xmalloc (in /usr/bin/bash)
==2361== 
==2361== 61 bytes in 1 blocks are still reachable in loss record 280 of 304
==2362==    by 0x156DA1: make_variable_value (in /usr/bin/bash)
==2362==    by 0x15806D: ??? (in /usr/bin/bash)
==2361==    at 0x483B7F3: malloc (in /usr/lib/x86_64-linux-gnu/valgrind/vgpreload_memcheck-amd64-linux.so)
==2361==    by 0x1984F3: xmalloc (in /usr/bin/bash)
==2362==    by 0x1A76E0: set_shellopts (in /usr/bin/bash)
==2362==    by 0x138DFD: ??? (in /usr/bin/bash)
==2361==    by 0x156DA1: make_variable_value (in /usr/bin/bash)
==2362==    by 0x137544: main (in /usr/bin/bash)
==2362== 
==2361==    by 0x15806D: ??? (in /usr/bin/bash)
==2361==    by 0x15AB1F: initialize_shell_variables (in /usr/bin/bash)
==2362== 48 bytes in 1 blocks are still reachable in loss record 235 of 304
==2362==    at 0x483B7F3: malloc (in /usr/lib/x86_64-linux-gnu/valgrind/vgpreload_memcheck-amd64-linux.so)
==2361==    by 0x138DC9: ??? (in /usr/bin/bash)
==2361==    by 0x137544: main (in /usr/bin/bash)
==2362==    by 0x1984F3: xmalloc (in /usr/bin/bash)
==2362==    by 0x1544C3: ??? (in /usr/bin/bash)
==2361== 
==2362==    by 0x157FCF: ??? (in /usr/bin/bash)
==2362==    by 0x15805C: ??? (in /usr/bin/bash)
==2361== 64 bytes in 1 blocks are still reachable in loss record 281 of 304
==2361==    at 0x483B7F3: malloc (in /usr/lib/x86_64-linux-gnu/valgrind/vgpreload_memcheck-amd64-linux.so)
==2362==    by 0x159447: set_pwd (in /usr/bin/bash)
==2362==    by 0x15AAEE: initialize_shell_variables (in /usr/bin/bash)
==2361==    by 0x1984F3: xmalloc (in /usr/bin/bash)
==2361==    by 0x149383: ??? (in /usr/bin/bash)
==2362==    by 0x138DC9: ??? (in /usr/bin/bash)
==2362==    by 0x137544: main (in /usr/bin/bash)
==2361==    by 0x149402: ??? (in /usr/bin/bash)
==2361==    by 0x1496BF: ??? (in /usr/bin/bash)
==2362== 
==2362== 48 bytes in 1 blocks are still reachable in loss record 236 of 304
==2363== Memcheck, a memory error detector
==2363== Copyright (C) 2002-2017, and GNU GPL'd, by Julian Seward et al.
==2361==    by 0x14AE57: print_simple_command (in /usr/bin/bash)
==2361==    by 0x14F903: execute_command_internal (in /usr/bin/bash)
==2362==    at 0x483B7F3: malloc (in /usr/lib/x86_64-linux-gnu/valgrind/vgpreload_memcheck-amd64-linux.so)
==2362==    by 0x1984F3: xmalloc (in /usr/bin/bash)
==2363== Using Valgrind-3.15.0 and LibVEX; rerun with -h for copyright info
==2363== Command: /home/vscode/src/www/cgi/s1.sh
==2361==    by 0x1519D9: execute_command (in /usr/bin/bash)
==2361==    by 0x139664: reader_loop (in /usr/bin/bash)
==2362==    by 0x1544C3: ??? (in /usr/bin/bash)
==2362==    by 0x157FCF: ??? (in /usr/bin/bash)
==2363== 
==2361==    by 0x137EF8: main (in /usr/bin/bash)
==2361== 
==2362==    by 0x15805C: ??? (in /usr/bin/bash)
==2362==    by 0x159490: set_pwd (in /usr/bin/bash)
==2361== 128 bytes in 1 blocks are still reachable in loss record 282 of 304
==2361==    at 0x483B7F3: malloc (in /usr/lib/x86_64-linux-gnu/valgrind/vgpreload_memcheck-amd64-linux.so)
==2362==    by 0x15AAEE: initialize_shell_variables (in /usr/bin/bash)
==2362==    by 0x138DC9: ??? (in /usr/bin/bash)
==2361==    by 0x1984F3: xmalloc (in /usr/bin/bash)
==2361==    by 0x17E92C: fd_to_buffered_stream (in /usr/bin/bash)
==2362==    by 0x137544: main (in /usr/bin/bash)
==2362== 
==2361==    by 0x17EF54: with_input_from_buffered_stream (in /usr/bin/bash)
==2362== 48 bytes in 1 blocks are still reachable in loss record 237 of 304
==2362==    at 0x483B7F3: malloc (in /usr/lib/x86_64-linux-gnu/valgrind/vgpreload_memcheck-amd64-linux.so)
==2361==    by 0x137DC4: main (in /usr/bin/bash)
==2362==    by 0x1984F3: xmalloc (in /usr/bin/bash)
==2362==    by 0x1544C3: ??? (in /usr/bin/bash)
==2361== 
==2362==    by 0x157FCF: ??? (in /usr/bin/bash)
==2362==    by 0x15805C: ??? (in /usr/bin/bash)
==2361== 144 bytes in 1 blocks are still reachable in loss record 283 of 304
==2362==    by 0x15AB01: initialize_shell_variables (in /usr/bin/bash)
==2362==    by 0x138DC9: ??? (in /usr/bin/bash)
==2361==    at 0x483B7F3: malloc (in /usr/lib/x86_64-linux-gnu/valgrind/vgpreload_memcheck-amd64-linux.so)
==2361==    by 0x1984F3: xmalloc (in /usr/bin/bash)
==2362==    by 0x137544: main (in /usr/bin/bash)
==2362== 
==2361==    by 0x156DA1: make_variable_value (in /usr/bin/bash)
==2361==    by 0x15806D: ??? (in /usr/bin/bash)
==2362== 48 bytes in 1 blocks are still reachable in loss record 238 of 304
==2362==    at 0x483B7F3: malloc (in /usr/lib/x86_64-linux-gnu/valgrind/vgpreload_memcheck-amd64-linux.so)
==2361==    by 0x1AC4B0: set_bashopts (in /usr/bin/bash)
==2361==    by 0x138E1C: ??? (in /usr/bin/bash)
==2362==    by 0x1984F3: xmalloc (in /usr/bin/bash)
==2362==    by 0x1544C3: ??? (in /usr/bin/bash)
==2361==    by 0x137544: main (in /usr/bin/bash)
==2361== 
==2362==    by 0x157FCF: ??? (in /usr/bin/bash)
==2362==    by 0x15805C: ??? (in /usr/bin/bash)
==2361== 150 bytes in 11 blocks are still reachable in loss record 284 of 304
==2361==    at 0x483B7F3: malloc (in /usr/lib/x86_64-linux-gnu/valgrind/vgpreload_memcheck-amd64-linux.so)
==2362==    by 0x15AB1F: initialize_shell_variables (in /usr/bin/bash)
==2362==    by 0x138DC9: ??? (in /usr/bin/bash)
==2361==    by 0x1984F3: xmalloc (in /usr/bin/bash)
==2361==    by 0x1544D7: ??? (in /usr/bin/bash)
==2362==    by 0x137544: main (in /usr/bin/bash)
==2362== 
==2361==    by 0x157FCF: ??? (in /usr/bin/bash)
==2361==    by 0x15805C: ??? (in /usr/bin/bash)
==2362== 48 bytes in 1 blocks are still reachable in loss record 239 of 304
==2362==    at 0x483B7F3: malloc (in /usr/lib/x86_64-linux-gnu/valgrind/vgpreload_memcheck-amd64-linux.so)
==2361==    by 0x15AD0C: initialize_shell_variables (in /usr/bin/bash)
==2362==    by 0x1984F3: xmalloc (in /usr/bin/bash)
==2362==    by 0x1544C3: ??? (in /usr/bin/bash)
==2361==    by 0x138DC9: ??? (in /usr/bin/bash)
==2362==    by 0x157FCF: ??? (in /usr/bin/bash)
==2362==    by 0x15805C: ??? (in /usr/bin/bash)
==2361==    by 0x137544: main (in /usr/bin/bash)
==2362==    by 0x15AB32: initialize_shell_variables (in /usr/bin/bash)
==2362==    by 0x138DC9: ??? (in /usr/bin/bash)
==2361== 
==2362==    by 0x137544: main (in /usr/bin/bash)
==2362== 
==2361== 150 bytes in 11 blocks are still reachable in loss record 285 of 304
==2361==    at 0x483B7F3: malloc (in /usr/lib/x86_64-linux-gnu/valgrind/vgpreload_memcheck-amd64-linux.so)
==2362== 48 bytes in 1 blocks are still reachable in loss record 240 of 304
==2362==    at 0x483B7F3: malloc (in /usr/lib/x86_64-linux-gnu/valgrind/vgpreload_memcheck-amd64-linux.so)
==2361==    by 0x1984F3: xmalloc (in /usr/bin/bash)
==2362==    by 0x1984F3: xmalloc (in /usr/bin/bash)
==2362==    by 0x1544C3: ??? (in /usr/bin/bash)
==2361==    by 0x157FED: ??? (in /usr/bin/bash)
==2361==    by 0x15805C: ??? (in /usr/bin/bash)
==2362==    by 0x157FCF: ??? (in /usr/bin/bash)
==2362==    by 0x15805C: ??? (in /usr/bin/bash)
==2361==    by 0x15AD0C: initialize_shell_variables (in /usr/bin/bash)
==2361==    by 0x138DC9: ??? (in /usr/bin/bash)
==2362==    by 0x15AB65: initialize_shell_variables (in /usr/bin/bash)
==2362==    by 0x138DC9: ??? (in /usr/bin/bash)
==2361==    by 0x137544: main (in /usr/bin/bash)
==2361== 
==2362==    by 0x137544: main (in /usr/bin/bash)
==2362== 
==2361== 223 bytes in 8 blocks are still reachable in loss record 286 of 304
==2362== 48 bytes in 1 blocks are still reachable in loss record 241 of 304
==2362==    at 0x483B7F3: malloc (in /usr/lib/x86_64-linux-gnu/valgrind/vgpreload_memcheck-amd64-linux.so)
==2361==    at 0x483B7F3: malloc (in /usr/lib/x86_64-linux-gnu/valgrind/vgpreload_memcheck-amd64-linux.so)
==2361==    by 0x1984F3: xmalloc (in /usr/bin/bash)
==2362==    by 0x1984F3: xmalloc (in /usr/bin/bash)
==2362==    by 0x1544C3: ??? (in /usr/bin/bash)
==2361==    by 0x156DA1: make_variable_value (in /usr/bin/bash)
==2361==    by 0x15806D: ??? (in /usr/bin/bash)
==2362==    by 0x157FCF: ??? (in /usr/bin/bash)
==2362==    by 0x15805C: ??? (in /usr/bin/bash)
==2361==    by 0x15AD0C: initialize_shell_variables (in /usr/bin/bash)
==2361==    by 0x138DC9: ??? (in /usr/bin/bash)
==2362==    by 0x15AB7A: initialize_shell_variables (in /usr/bin/bash)
==2362==    by 0x138DC9: ??? (in /usr/bin/bash)
==2361==    by 0x137544: main (in /usr/bin/bash)
==2361== 
==2362==    by 0x137544: main (in /usr/bin/bash)
==2362== 
==2361== 224 bytes in 7 blocks are still reachable in loss record 287 of 304
==2361==    at 0x483B7F3: malloc (in /usr/lib/x86_64-linux-gnu/valgrind/vgpreload_memcheck-amd64-linux.so)
==2362== 48 bytes in 1 blocks are still reachable in loss record 242 of 304
==2362==    at 0x483B7F3: malloc (in /usr/lib/x86_64-linux-gnu/valgrind/vgpreload_memcheck-amd64-linux.so)
==2361==    by 0x1984F3: xmalloc (in /usr/bin/bash)
==2361==    by 0x17F66E: unwind_protect_mem (in /usr/bin/bash)
==2362==    by 0x1984F3: xmalloc (in /usr/bin/bash)
==2362==    by 0x1544C3: ??? (in /usr/bin/bash)
==2361==    by 0x14FD00: execute_command_internal (in /usr/bin/bash)
==2362==    by 0x157FCF: ??? (in /usr/bin/bash)
==2362==    by 0x15805C: ??? (in /usr/bin/bash)
==2361==    by 0x1519D9: execute_command (in /usr/bin/bash)
==2362==    by 0x15AB95: initialize_shell_variables (in /usr/bin/bash)
==2362==    by 0x138DC9: ??? (in /usr/bin/bash)
==2361==    by 0x139664: reader_loop (in /usr/bin/bash)
==2361==    by 0x137EF8: main (in /usr/bin/bash)
==2362==    by 0x137544: main (in /usr/bin/bash)
==2362== 
==2361== 
==2362== 48 bytes in 1 blocks are still reachable in loss record 243 of 304
==2362==    at 0x483B7F3: malloc (in /usr/lib/x86_64-linux-gnu/valgrind/vgpreload_memcheck-amd64-linux.so)
==2361== 224 bytes in 7 blocks are still reachable in loss record 288 of 304
==2362==    by 0x1984F3: xmalloc (in /usr/bin/bash)
==2362==    by 0x1544C3: ??? (in /usr/bin/bash)
==2361==    at 0x483B7F3: malloc (in /usr/lib/x86_64-linux-gnu/valgrind/vgpreload_memcheck-amd64-linux.so)
==2362==    by 0x157FCF: ??? (in /usr/bin/bash)
==2362==    by 0x15805C: ??? (in /usr/bin/bash)
==2361==    by 0x1984F3: xmalloc (in /usr/bin/bash)
==2362==    by 0x15ABA8: initialize_shell_variables (in /usr/bin/bash)
==2362==    by 0x138DC9: ??? (in /usr/bin/bash)
==2361==    by 0x17F66E: unwind_protect_mem (in /usr/bin/bash)
==2361==    by 0x14FD11: execute_command_internal (in /usr/bin/bash)
==2362==    by 0x137544: main (in /usr/bin/bash)
==2362== 
==2361==    by 0x1519D9: execute_command (in /usr/bin/bash)
==2361==    by 0x139664: reader_loop (in /usr/bin/bash)
==2362== 48 bytes in 1 blocks are still reachable in loss record 244 of 304
==2362==    at 0x483B7F3: malloc (in /usr/lib/x86_64-linux-gnu/valgrind/vgpreload_memcheck-amd64-linux.so)
==2361==    by 0x137EF8: main (in /usr/bin/bash)
==2361== 
==2362==    by 0x1984F3: xmalloc (in /usr/bin/bash)
==2362==    by 0x1544C3: ??? (in /usr/bin/bash)
==2361== 256 bytes in 1 blocks are still reachable in loss record 289 of 304
==2362==    by 0x157FCF: ??? (in /usr/bin/bash)
==2362==    by 0x15805C: ??? (in /usr/bin/bash)
==2361==    at 0x483B7F3: malloc (in /usr/lib/x86_64-linux-gnu/valgrind/vgpreload_memcheck-amd64-linux.so)
==2362==    by 0x15ABBB: initialize_shell_variables (in /usr/bin/bash)
==2362==    by 0x138DC9: ??? (in /usr/bin/bash)
==2361==    by 0x198577: xrealloc (in /usr/bin/bash)
==2361==    by 0x13C3B7: ??? (in /usr/bin/bash)
==2362==    by 0x137544: main (in /usr/bin/bash)
==2362== 
==2361==    by 0x13F5C9: ??? (in /usr/bin/bash)
==2362== 48 bytes in 1 blocks are still reachable in loss record 245 of 304
==2362==    at 0x483B7F3: malloc (in /usr/lib/x86_64-linux-gnu/valgrind/vgpreload_memcheck-amd64-linux.so)
==2361==    by 0x142EC7: yyparse (in /usr/bin/bash)
==2361==    by 0x13929A: parse_command (in /usr/bin/bash)
==2362==    by 0x1984F3: xmalloc (in /usr/bin/bash)
==2362==    by 0x1544C3: ??? (in /usr/bin/bash)
==2361==    by 0x1393A6: read_command (in /usr/bin/bash)
==2361==    by 0x1395C9: reader_loop (in /usr/bin/bash)
==2362==    by 0x157FCF: ??? (in /usr/bin/bash)
==2362==    by 0x15805C: ??? (in /usr/bin/bash)
==2361==    by 0x137EF8: main (in /usr/bin/bash)
==2361== 
==2362==    by 0x15ABCE: initialize_shell_variables (in /usr/bin/bash)
==2362==    by 0x138DC9: ??? (in /usr/bin/bash)
==2361== 352 bytes in 11 blocks are still reachable in loss record 290 of 304
==2361==    at 0x483B7F3: malloc (in /usr/lib/x86_64-linux-gnu/valgrind/vgpreload_memcheck-amd64-linux.so)
==2362==    by 0x137544: main (in /usr/bin/bash)
==2362== 
==2361==    by 0x1984F3: xmalloc (in /usr/bin/bash)
==2361==    by 0x17BBFB: hash_insert (in /usr/bin/bash)
==2362== 48 bytes in 1 blocks are still reachable in loss record 246 of 304
==2362==    at 0x483B7F3: malloc (in /usr/lib/x86_64-linux-gnu/valgrind/vgpreload_memcheck-amd64-linux.so)
==2361==    by 0x158008: ??? (in /usr/bin/bash)
==2362==    by 0x1984F3: xmalloc (in /usr/bin/bash)
==2362==    by 0x1544C3: ??? (in /usr/bin/bash)
==2361==    by 0x15805C: ??? (in /usr/bin/bash)
==2362==    by 0x157FCF: ??? (in /usr/bin/bash)
==2362==    by 0x15805C: ??? (in /usr/bin/bash)
==2361==    by 0x15AD0C: initialize_shell_variables (in /usr/bin/bash)
==2362==    by 0x15929E: adjust_shell_level (in /usr/bin/bash)
==2362==    by 0x15AC10: initialize_shell_variables (in /usr/bin/bash)
==2361==    by 0x138DC9: ??? (in /usr/bin/bash)
==2361==    by 0x137544: main (in /usr/bin/bash)
==2362==    by 0x138DC9: ??? (in /usr/bin/bash)
==2362==    by 0x137544: main (in /usr/bin/bash)
==2361== 
==2362== 
==2362== 48 bytes in 1 blocks are still reachable in loss record 247 of 304
==2361== 376 bytes in 11 blocks are still reachable in loss record 291 of 304
==2361==    at 0x483B7F3: malloc (in /usr/lib/x86_64-linux-gnu/valgrind/vgpreload_memcheck-amd64-linux.so)
==2362==    at 0x483B7F3: malloc (in /usr/lib/x86_64-linux-gnu/valgrind/vgpreload_memcheck-amd64-linux.so)
==2362==    by 0x1984F3: xmalloc (in /usr/bin/bash)
==2361==    by 0x1984F3: xmalloc (in /usr/bin/bash)
==2361==    by 0x15AD62: initialize_shell_variables (in /usr/bin/bash)
==2362==    by 0x1544C3: ??? (in /usr/bin/bash)
==2362==    by 0x157FCF: ??? (in /usr/bin/bash)
==2361==    by 0x138DC9: ??? (in /usr/bin/bash)
==2361==    by 0x137544: main (in /usr/bin/bash)
==2362==    by 0x15805C: ??? (in /usr/bin/bash)
==2361== 
==2362==    by 0x159628: set_ppid (in /usr/bin/bash)
==2362==    by 0x15AC15: initialize_shell_variables (in /usr/bin/bash)
==2361== 376 bytes in 11 blocks are still reachable in loss record 292 of 304
==2362==    by 0x138DC9: ??? (in /usr/bin/bash)
==2362==    by 0x137544: main (in /usr/bin/bash)
==2361==    at 0x483B7F3: malloc (in /usr/lib/x86_64-linux-gnu/valgrind/vgpreload_memcheck-amd64-linux.so)
==2361==    by 0x1984F3: xmalloc (in /usr/bin/bash)
==2362== 
==2362== 48 bytes in 1 blocks are still reachable in loss record 248 of 304
==2361==    by 0x155585: ??? (in /usr/bin/bash)
==2361==    by 0x159B3E: ??? (in /usr/bin/bash)
==2362==    at 0x483B7F3: malloc (in /usr/lib/x86_64-linux-gnu/valgrind/vgpreload_memcheck-amd64-linux.so)
==2362==    by 0x1984F3: xmalloc (in /usr/bin/bash)
==2361==    by 0x191D94: ??? (in /usr/bin/bash)
==2362==    by 0x1544C3: ??? (in /usr/bin/bash)
==2362==    by 0x157FCF: ??? (in /usr/bin/bash)
==2361==    by 0x192108: set_locale_var (in /usr/bin/bash)
==2361==    by 0x192302: set_default_lang (in /usr/bin/bash)
==2362==    by 0x15805C: ??? (in /usr/bin/bash)
==2362==    by 0x15AC2A: initialize_shell_variables (in /usr/bin/bash)
==2361==    by 0x137549: main (in /usr/bin/bash)
==2361== 
==2362==    by 0x138DC9: ??? (in /usr/bin/bash)
==2362==    by 0x137544: main (in /usr/bin/bash)
==2361== 440 bytes in 1 blocks are still reachable in loss record 293 of 304
==2361==    at 0x483B7F3: malloc (in /usr/lib/x86_64-linux-gnu/valgrind/vgpreload_memcheck-amd64-linux.so)
==2362== 
==2362== 48 bytes in 1 blocks are still reachable in loss record 249 of 304
==2361==    by 0x198577: xrealloc (in /usr/bin/bash)
==2361==    by 0x159B62: ??? (in /usr/bin/bash)
==2362==    at 0x483B7F3: malloc (in /usr/lib/x86_64-linux-gnu/valgrind/vgpreload_memcheck-amd64-linux.so)
==2362==    by 0x1984F3: xmalloc (in /usr/bin/bash)
==2361==    by 0x191D94: ??? (in /usr/bin/bash)
==2362==    by 0x1544C3: ??? (in /usr/bin/bash)
==2362==    by 0x157FCF: ??? (in /usr/bin/bash)
==2361==    by 0x192108: set_locale_var (in /usr/bin/bash)
==2361==    by 0x192302: set_default_lang (in /usr/bin/bash)
==2362==    by 0x15805C: ??? (in /usr/bin/bash)
==2362==    by 0x15AC4A: initialize_shell_variables (in /usr/bin/bash)
==2361==    by 0x137549: main (in /usr/bin/bash)
==2361== 
==2362==    by 0x138DC9: ??? (in /usr/bin/bash)
==2362==    by 0x137544: main (in /usr/bin/bash)
==2361== 496 bytes in 1 blocks are still reachable in loss record 294 of 304
==2361==    at 0x483B7F3: malloc (in /usr/lib/x86_64-linux-gnu/valgrind/vgpreload_memcheck-amd64-linux.so)
==2362== 
==2362== 48 bytes in 1 blocks are still reachable in loss record 250 of 304
==2361==    by 0x198577: xrealloc (in /usr/bin/bash)
==2362==    at 0x483B7F3: malloc (in /usr/lib/x86_64-linux-gnu/valgrind/vgpreload_memcheck-amd64-linux.so)
==2362==    by 0x1984F3: xmalloc (in /usr/bin/bash)
==2361==    by 0x140A3A: ??? (in /usr/bin/bash)
==2361==    by 0x142EC7: yyparse (in /usr/bin/bash)
==2362==    by 0x1544C3: ??? (in /usr/bin/bash)
==2362==    by 0x157FCF: ??? (in /usr/bin/bash)
==2361==    by 0x13929A: parse_command (in /usr/bin/bash)
==2362==    by 0x15805C: ??? (in /usr/bin/bash)
==2362==    by 0x15AE90: initialize_shell_variables (in /usr/bin/bash)
==2361==    by 0x1393A6: read_command (in /usr/bin/bash)
==2361==    by 0x1395C9: reader_loop (in /usr/bin/bash)
==2362==    by 0x138DC9: ??? (in /usr/bin/bash)
==2362==    by 0x137544: main (in /usr/bin/bash)
==2361==    by 0x137EF8: main (in /usr/bin/bash)
==2361== 
==2362== 
==2362== 48 bytes in 1 blocks are still reachable in loss record 251 of 304
==2361== 528 bytes in 11 blocks are still reachable in loss record 295 of 304
==2361==    at 0x483B7F3: malloc (in /usr/lib/x86_64-linux-gnu/valgrind/vgpreload_memcheck-amd64-linux.so)
==2362==    at 0x483B7F3: malloc (in /usr/lib/x86_64-linux-gnu/valgrind/vgpreload_memcheck-amd64-linux.so)
==2362==    by 0x1984F3: xmalloc (in /usr/bin/bash)
==2361==    by 0x1984F3: xmalloc (in /usr/bin/bash)
==2361==    by 0x1544C3: ??? (in /usr/bin/bash)
==2362==    by 0x1544C3: ??? (in /usr/bin/bash)
==2362==    by 0x157FCF: ??? (in /usr/bin/bash)
==2361==    by 0x157FCF: ??? (in /usr/bin/bash)
==2361==    by 0x15805C: ??? (in /usr/bin/bash)
==2362==    by 0x15805C: ??? (in /usr/bin/bash)
==2362==    by 0x15B635: initialize_shell_variables (in /usr/bin/bash)
==2361==    by 0x15AD0C: initialize_shell_variables (in /usr/bin/bash)
==2361==    by 0x138DC9: ??? (in /usr/bin/bash)
==2362==    by 0x138DC9: ??? (in /usr/bin/bash)
==2362==    by 0x137544: main (in /usr/bin/bash)
==2361==    by 0x137544: main (in /usr/bin/bash)
==2361== 
==2362== 
==2362== 48 bytes in 1 blocks are still reachable in loss record 252 of 304
==2361== 1,024 bytes in 1 blocks are still reachable in loss record 296 of 304
==2362==    at 0x483B7F3: malloc (in /usr/lib/x86_64-linux-gnu/valgrind/vgpreload_memcheck-amd64-linux.so)
==2362==    by 0x1984F3: xmalloc (in /usr/bin/bash)
==2361==    at 0x483B7F3: malloc (in /usr/lib/x86_64-linux-gnu/valgrind/vgpreload_memcheck-amd64-linux.so)
==2361==    by 0x1984F3: xmalloc (in /usr/bin/bash)
==2362==    by 0x1544C3: ??? (in /usr/bin/bash)
==2362==    by 0x157FCF: ??? (in /usr/bin/bash)
==2361==    by 0x17B70C: hash_create (in /usr/bin/bash)
==2361==    by 0x158DEF: make_new_assoc_variable (in /usr/bin/bash)
==2362==    by 0x15805C: ??? (in /usr/bin/bash)
==2362==    by 0x15AECB: initialize_shell_variables (in /usr/bin/bash)
==2361==    by 0x15B6A9: initialize_shell_variables (in /usr/bin/bash)
==2361==    by 0x138DC9: ??? (in /usr/bin/bash)
==2362==    by 0x138DC9: ??? (in /usr/bin/bash)
==2362==    by 0x137544: main (in /usr/bin/bash)
==2361==    by 0x137544: main (in /usr/bin/bash)
==2361== 
==2362== 
==2362== 48 bytes in 1 blocks are still reachable in loss record 253 of 304
==2361== 1,024 bytes in 1 blocks are still reachable in loss record 297 of 304
==2361==    at 0x483B7F3: malloc (in /usr/lib/x86_64-linux-gnu/valgrind/vgpreload_memcheck-amd64-linux.so)
==2362==    at 0x483B7F3: malloc (in /usr/lib/x86_64-linux-gnu/valgrind/vgpreload_memcheck-amd64-linux.so)
==2362==    by 0x1984F3: xmalloc (in /usr/bin/bash)
==2361==    by 0x1984F3: xmalloc (in /usr/bin/bash)
==2361==    by 0x17B70C: hash_create (in /usr/bin/bash)
==2362==    by 0x1544C3: ??? (in /usr/bin/bash)
==2362==    by 0x157FCF: ??? (in /usr/bin/bash)
==2361==    by 0x158DEF: make_new_assoc_variable (in /usr/bin/bash)
==2361==    by 0x15B67B: initialize_shell_variables (in /usr/bin/bash)
==2362==    by 0x158D55: make_new_array_variable (in /usr/bin/bash)
==2362==    by 0x15AEE3: initialize_shell_variables (in /usr/bin/bash)
==2361==    by 0x138DC9: ??? (in /usr/bin/bash)
==2361==    by 0x137544: main (in /usr/bin/bash)
==2362==    by 0x138DC9: ??? (in /usr/bin/bash)
==2362==    by 0x137544: main (in /usr/bin/bash)
==2361== 
==2362== 
==2362== 48 bytes in 1 blocks are still reachable in loss record 254 of 304
==2361== 1,024 bytes in 1 blocks are still reachable in loss record 298 of 304
==2361==    at 0x483B7F3: malloc (in /usr/lib/x86_64-linux-gnu/valgrind/vgpreload_memcheck-amd64-linux.so)
==2362==    at 0x483B7F3: malloc (in /usr/lib/x86_64-linux-gnu/valgrind/vgpreload_memcheck-amd64-linux.so)
==2361==    by 0x1984F3: xmalloc (in /usr/bin/bash)
==2361==    by 0x147FC1: cmd_init (in /usr/bin/bash)
==2362==    by 0x1984F3: xmalloc (in /usr/bin/bash)
==2362==    by 0x1544C3: ??? (in /usr/bin/bash)
==2361==    by 0x137690: main (in /usr/bin/bash)
==2362==    by 0x157FCF: ??? (in /usr/bin/bash)
==2362==    by 0x15805C: ??? (in /usr/bin/bash)
==2361== 
==2362==    by 0x15B7C8: initialize_shell_variables (in /usr/bin/bash)
==2362==    by 0x138DC9: ??? (in /usr/bin/bash)
==2361== 1,024 bytes in 1 blocks are still reachable in loss record 299 of 304
==2361==    at 0x483B7F3: malloc (in /usr/lib/x86_64-linux-gnu/valgrind/vgpreload_memcheck-amd64-linux.so)
==2362==    by 0x137544: main (in /usr/bin/bash)
==2362== 
==2361==    by 0x1984F3: xmalloc (in /usr/bin/bash)
==2362== 48 bytes in 1 blocks are still reachable in loss record 255 of 304
==2362==    at 0x483B7F3: malloc (in /usr/lib/x86_64-linux-gnu/valgrind/vgpreload_memcheck-amd64-linux.so)
==2361==    by 0x147FDD: cmd_init (in /usr/bin/bash)
==2362==    by 0x1984F3: xmalloc (in /usr/bin/bash)
==2362==    by 0x1544C3: ??? (in /usr/bin/bash)
==2361==    by 0x137690: main (in /usr/bin/bash)
==2361== 
==2362==    by 0x157FCF: ??? (in /usr/bin/bash)
==2362==    by 0x15805C: ??? (in /usr/bin/bash)
==2361== 1,024 bytes in 1 blocks are still reachable in loss record 300 of 304
==2362==    by 0x15B7AE: initialize_shell_variables (in /usr/bin/bash)
==2362==    by 0x138DC9: ??? (in /usr/bin/bash)
==2361==    at 0x483B7F3: malloc (in /usr/lib/x86_64-linux-gnu/valgrind/vgpreload_memcheck-amd64-linux.so)
==2361==    by 0x1984F3: xmalloc (in /usr/bin/bash)
==2362==    by 0x137544: main (in /usr/bin/bash)
==2362== 
==2361==    by 0x17F291: uwp_init (in /usr/bin/bash)
==2361==    by 0x137695: main (in /usr/bin/bash)
==2362== 48 bytes in 1 blocks are still reachable in loss record 256 of 304
==2362==    at 0x483B7F3: malloc (in /usr/lib/x86_64-linux-gnu/valgrind/vgpreload_memcheck-amd64-linux.so)
==2361== 
==2362==    by 0x1984F3: xmalloc (in /usr/bin/bash)
==2362==    by 0x1544C3: ??? (in /usr/bin/bash)
==2361== 2,200 bytes in 1 blocks are still reachable in loss record 301 of 304
==2361==    at 0x483B7F3: malloc (in /usr/lib/x86_64-linux-gnu/valgrind/vgpreload_memcheck-amd64-linux.so)
==2362==    by 0x157FCF: ??? (in /usr/bin/bash)
==2362==    by 0x15805C: ??? (in /usr/bin/bash)
==2361==    by 0x198577: xrealloc (in /usr/bin/bash)
==2362==    by 0x15B112: initialize_shell_variables (in /usr/bin/bash)
==2362==    by 0x138DC9: ??? (in /usr/bin/bash)
==2361==    by 0x17E446: ??? (in /usr/bin/bash)
==2361==    by 0x17E9B8: fd_to_buffered_stream (in /usr/bin/bash)
==2362==    by 0x137544: main (in /usr/bin/bash)
==2362== 
==2361==    by 0x17EF54: with_input_from_buffered_stream (in /usr/bin/bash)
==2361==    by 0x137DC4: main (in /usr/bin/bash)
==2362== 48 bytes in 1 blocks are still reachable in loss record 257 of 304
==2362==    at 0x483B7F3: malloc (in /usr/lib/x86_64-linux-gnu/valgrind/vgpreload_memcheck-amd64-linux.so)
==2361== 
==2362==    by 0x1984F3: xmalloc (in /usr/bin/bash)
==2362==    by 0x1544C3: ??? (in /usr/bin/bash)
==2361== 4,096 bytes in 1 blocks are still reachable in loss record 302 of 304
==2362==    by 0x157FCF: ??? (in /usr/bin/bash)
==2362==    by 0x15805C: ??? (in /usr/bin/bash)
==2361==    at 0x483B7F3: malloc (in /usr/lib/x86_64-linux-gnu/valgrind/vgpreload_memcheck-amd64-linux.so)
==2361==    by 0x1984F3: xmalloc (in /usr/bin/bash)
==2362==    by 0x15B13F: initialize_shell_variables (in /usr/bin/bash)
==2362==    by 0x138DC9: ??? (in /usr/bin/bash)
==2361==    by 0x17B74B: hash_create (in /usr/bin/bash)
==2362==    by 0x137544: main (in /usr/bin/bash)
==2362== 
==2361==    by 0x157FA9: ??? (in /usr/bin/bash)
==2361==    by 0x15AAAB: initialize_shell_variables (in /usr/bin/bash)
==2362== 48 bytes in 1 blocks are still reachable in loss record 258 of 304
==2362==    at 0x483B7F3: malloc (in /usr/lib/x86_64-linux-gnu/valgrind/vgpreload_memcheck-amd64-linux.so)
==2361==    by 0x138DC9: ??? (in /usr/bin/bash)
==2361==    by 0x137544: main (in /usr/bin/bash)
==2362==    by 0x1984F3: xmalloc (in /usr/bin/bash)
==2362==    by 0x1544C3: ??? (in /usr/bin/bash)
==2361== 
==2362==    by 0x157FCF: ??? (in /usr/bin/bash)
==2362==    by 0x15805C: ??? (in /usr/bin/bash)
==2361== 4,096 bytes in 1 blocks are still reachable in loss record 303 of 304
==2361==    at 0x483B7F3: malloc (in /usr/lib/x86_64-linux-gnu/valgrind/vgpreload_memcheck-amd64-linux.so)
==2362==    by 0x15B165: initialize_shell_variables (in /usr/bin/bash)
==2362==    by 0x138DC9: ??? (in /usr/bin/bash)
==2361==    by 0x1984F3: xmalloc (in /usr/bin/bash)
==2362==    by 0x137544: main (in /usr/bin/bash)
==2362== 
==2361==    by 0x17B74B: hash_create (in /usr/bin/bash)
==2362== 48 bytes in 1 blocks are still reachable in loss record 259 of 304
==2362==    at 0x483B7F3: malloc (in /usr/lib/x86_64-linux-gnu/valgrind/vgpreload_memcheck-amd64-linux.so)
==2361==    by 0x157F51: ??? (in /usr/bin/bash)
==2361==    by 0x15AAAB: initialize_shell_variables (in /usr/bin/bash)
==2362==    by 0x1984F3: xmalloc (in /usr/bin/bash)
==2362==    by 0x1544C3: ??? (in /usr/bin/bash)
==2361==    by 0x138DC9: ??? (in /usr/bin/bash)
==2361==    by 0x137544: main (in /usr/bin/bash)
==2362==    by 0x157FCF: ??? (in /usr/bin/bash)
==2362==    by 0x15805C: ??? (in /usr/bin/bash)
==2361== 
==2362==    by 0x15B188: initialize_shell_variables (in /usr/bin/bash)
==2362==    by 0x138DC9: ??? (in /usr/bin/bash)
==2361== 8,192 bytes in 1 blocks are still reachable in loss record 304 of 304
==2361==    at 0x483B7F3: malloc (in /usr/lib/x86_64-linux-gnu/valgrind/vgpreload_memcheck-amd64-linux.so)
==2362==    by 0x137544: main (in /usr/bin/bash)
==2362== 
==2361==    by 0x1984F3: xmalloc (in /usr/bin/bash)
==2362== 48 bytes in 1 blocks are still reachable in loss record 260 of 304
==2362==    at 0x483B7F3: malloc (in /usr/lib/x86_64-linux-gnu/valgrind/vgpreload_memcheck-amd64-linux.so)
==2361==    by 0x17B74B: hash_create (in /usr/bin/bash)
==2362==    by 0x1984F3: xmalloc (in /usr/bin/bash)
==2362==    by 0x1544C3: ??? (in /usr/bin/bash)
==2361==    by 0x157F8A: ??? (in /usr/bin/bash)
==2362==    by 0x157FCF: ??? (in /usr/bin/bash)
==2362==    by 0x15805C: ??? (in /usr/bin/bash)
==2361==    by 0x15AAAB: initialize_shell_variables (in /usr/bin/bash)
==2361==    by 0x138DC9: ??? (in /usr/bin/bash)
==2362==    by 0x15B1AE: initialize_shell_variables (in /usr/bin/bash)
==2362==    by 0x138DC9: ??? (in /usr/bin/bash)
==2361==    by 0x137544: main (in /usr/bin/bash)
==2362==    by 0x137544: main (in /usr/bin/bash)
==2362== 
==2361== 
==2361== LEAK SUMMARY:
==2362== 48 bytes in 1 blocks are still reachable in loss record 261 of 304
==2362==    at 0x483B7F3: malloc (in /usr/lib/x86_64-linux-gnu/valgrind/vgpreload_memcheck-amd64-linux.so)
==2361==    definitely lost: 2 bytes in 1 blocks
==2362==    by 0x1984F3: xmalloc (in /usr/bin/bash)
==2362==    by 0x1544C3: ??? (in /usr/bin/bash)
==2361==    indirectly lost: 0 bytes in 0 blocks
==2361==      possibly lost: 0 bytes in 0 blocks
==2362==    by 0x157FCF: ??? (in /usr/bin/bash)
==2362==    by 0x15805C: ??? (in /usr/bin/bash)
==2361==    still reachable: 34,255 bytes in 386 blocks
==2361==         suppressed: 0 bytes in 0 blocks
==2362==    by 0x15B1D8: initialize_shell_variables (in /usr/bin/bash)
==2362==    by 0x138DC9: ??? (in /usr/bin/bash)
==2361== 
==2361== For lists of detected and suppressed errors, rerun with: -s
==2362==    by 0x137544: main (in /usr/bin/bash)
==2362== 
==2361== ERROR SUMMARY: 1 errors from 1 contexts (suppressed: 0 from 0)
==2362== 48 bytes in 1 blocks are still reachable in loss record 262 of 304
==2362==    at 0x483B7F3: malloc (in /usr/lib/x86_64-linux-gnu/valgrind/vgpreload_memcheck-amd64-linux.so)
==2362==    by 0x1984F3: xmalloc (in /usr/bin/bash)
==2362==    by 0x1544C3: ??? (in /usr/bin/bash)
==2362==    by 0x157FCF: ??? (in /usr/bin/bash)
==2362==    by 0x15805C: ??? (in /usr/bin/bash)
==2362==    by 0x15B205: initialize_shell_variables (in /usr/bin/bash)
==2362==    by 0x138DC9: ??? (in /usr/bin/bash)
==2362==    by 0x137544: main (in /usr/bin/bash)
==2362== 
==2362== 48 bytes in 1 blocks are still reachable in loss record 263 of 304
==2362==    at 0x483B7F3: malloc (in /usr/lib/x86_64-linux-gnu/valgrind/vgpreload_memcheck-amd64-linux.so)
==2362==    by 0x1984F3: xmalloc (in /usr/bin/bash)
==2362==    by 0x1544C3: ??? (in /usr/bin/bash)
==2362==    by 0x157FCF: ??? (in /usr/bin/bash)
==2362==    by 0x15805C: ??? (in /usr/bin/bash)
==2362==    by 0x15B228: initialize_shell_variables (in /usr/bin/bash)
==2362==    by 0x138DC9: ??? (in /usr/bin/bash)
==2362==    by 0x137544: main (in /usr/bin/bash)
==2362== 
==2362== 48 bytes in 1 blocks are still reachable in loss record 264 of 304
==2362==    at 0x483B7F3: malloc (in /usr/lib/x86_64-linux-gnu/valgrind/vgpreload_memcheck-amd64-linux.so)
==2362==    by 0x1984F3: xmalloc (in /usr/bin/bash)
==2362==    by 0x1544C3: ??? (in /usr/bin/bash)
==2362==    by 0x157FCF: ??? (in /usr/bin/bash)
==2362==    by 0x15805C: ??? (in /usr/bin/bash)
==2362==    by 0x15B24E: initialize_shell_variables (in /usr/bin/bash)
==2362==    by 0x138DC9: ??? (in /usr/bin/bash)
==2362==    by 0x137544: main (in /usr/bin/bash)
==2362== 
==2362== 48 bytes in 1 blocks are still reachable in loss record 265 of 304
==2362==    at 0x483B7F3: malloc (in /usr/lib/x86_64-linux-gnu/valgrind/vgpreload_memcheck-amd64-linux.so)
==2362==    by 0x1984F3: xmalloc (in /usr/bin/bash)
==2362==    by 0x1544C3: ??? (in /usr/bin/bash)
==2362==    by 0x157FCF: ??? (in /usr/bin/bash)
==2362==    by 0x15805C: ??? (in /usr/bin/bash)
==2362==    by 0x15B27B: initialize_shell_variables (in /usr/bin/bash)
==2362==    by 0x138DC9: ??? (in /usr/bin/bash)
==2362==    by 0x137544: main (in /usr/bin/bash)
==2362== 
==2362== 48 bytes in 1 blocks are still reachable in loss record 266 of 304
==2362==    at 0x483B7F3: malloc (in /usr/lib/x86_64-linux-gnu/valgrind/vgpreload_memcheck-amd64-linux.so)
==2362==    by 0x1984F3: xmalloc (in /usr/bin/bash)
==2362==    by 0x1544C3: ??? (in /usr/bin/bash)
==2362==    by 0x157FCF: ??? (in /usr/bin/bash)
==2362==    by 0x15805C: ??? (in /usr/bin/bash)
==2362==    by 0x15B2A2: initialize_shell_variables (in /usr/bin/bash)
==2362==    by 0x138DC9: ??? (in /usr/bin/bash)
==2362==    by 0x137544: main (in /usr/bin/bash)
==2362== 
==2362== 48 bytes in 1 blocks are still reachable in loss record 267 of 304
==2362==    at 0x483B7F3: malloc (in /usr/lib/x86_64-linux-gnu/valgrind/vgpreload_memcheck-amd64-linux.so)
==2362==    by 0x1984F3: xmalloc (in /usr/bin/bash)
==2362==    by 0x1544C3: ??? (in /usr/bin/bash)
==2362==    by 0x157FCF: ??? (in /usr/bin/bash)
==2362==    by 0x158D55: make_new_array_variable (in /usr/bin/bash)
==2362==    by 0x158DA7: ??? (in /usr/bin/bash)
==2362==    by 0x15B2CD: initialize_shell_variables (in /usr/bin/bash)
==2362==    by 0x138DC9: ??? (in /usr/bin/bash)
==2362==    by 0x137544: main (in /usr/bin/bash)
==2362== 
==2362== 48 bytes in 1 blocks are still reachable in loss record 268 of 304
==2362==    at 0x483B7F3: malloc (in /usr/lib/x86_64-linux-gnu/valgrind/vgpreload_memcheck-amd64-linux.so)
==2362==    by 0x1984F3: xmalloc (in /usr/bin/bash)
==2362==    by 0x1544C3: ??? (in /usr/bin/bash)
==2362==    by 0x157FCF: ??? (in /usr/bin/bash)
==2362==    by 0x158D55: make_new_array_variable (in /usr/bin/bash)
==2362==    by 0x158DA7: ??? (in /usr/bin/bash)
==2362==    by 0x15B2EC: initialize_shell_variables (in /usr/bin/bash)
==2362==    by 0x138DC9: ??? (in /usr/bin/bash)
==2362==    by 0x137544: main (in /usr/bin/bash)
==2362== 
==2362== 48 bytes in 1 blocks are still reachable in loss record 269 of 304
==2362==    at 0x483B7F3: malloc (in /usr/lib/x86_64-linux-gnu/valgrind/vgpreload_memcheck-amd64-linux.so)
==2362==    by 0x1984F3: xmalloc (in /usr/bin/bash)
==2362==    by 0x1544C3: ??? (in /usr/bin/bash)
==2362==    by 0x157FCF: ??? (in /usr/bin/bash)
==2362==    by 0x158D55: make_new_array_variable (in /usr/bin/bash)
==2362==    by 0x158DA7: ??? (in /usr/bin/bash)
==2362==    by 0x15B30B: initialize_shell_variables (in /usr/bin/bash)
==2362==    by 0x138DC9: ??? (in /usr/bin/bash)
==2362==    by 0x137544: main (in /usr/bin/bash)
==2362== 
==2362== 48 bytes in 1 blocks are still reachable in loss record 270 of 304
==2362==    at 0x483B7F3: malloc (in /usr/lib/x86_64-linux-gnu/valgrind/vgpreload_memcheck-amd64-linux.so)
==2362==    by 0x1984F3: xmalloc (in /usr/bin/bash)
==2362==    by 0x1544C3: ??? (in /usr/bin/bash)
==2362==    by 0x157FCF: ??? (in /usr/bin/bash)
==2362==    by 0x158D55: make_new_array_variable (in /usr/bin/bash)
==2362==    by 0x158DA7: ??? (in /usr/bin/bash)
==2362==    by 0x15B32A: initialize_shell_variables (in /usr/bin/bash)
==2362==    by 0x138DC9: ??? (in /usr/bin/bash)
==2362==    by 0x137544: main (in /usr/bin/bash)
==2362== 
==2362== 48 bytes in 1 blocks are still reachable in loss record 271 of 304
==2362==    at 0x483B7F3: malloc (in /usr/lib/x86_64-linux-gnu/valgrind/vgpreload_memcheck-amd64-linux.so)
==2362==    by 0x1984F3: xmalloc (in /usr/bin/bash)
==2362==    by 0x1544C3: ??? (in /usr/bin/bash)
==2362==    by 0x157FCF: ??? (in /usr/bin/bash)
==2362==    by 0x158D55: make_new_array_variable (in /usr/bin/bash)
==2362==    by 0x158DA7: ??? (in /usr/bin/bash)
==2362==    by 0x15B349: initialize_shell_variables (in /usr/bin/bash)
==2362==    by 0x138DC9: ??? (in /usr/bin/bash)
==2362==    by 0x137544: main (in /usr/bin/bash)
==2362== 
==2362== 48 bytes in 1 blocks are still reachable in loss record 272 of 304
==2362==    at 0x483B7F3: malloc (in /usr/lib/x86_64-linux-gnu/valgrind/vgpreload_memcheck-amd64-linux.so)
==2362==    by 0x1984F3: xmalloc (in /usr/bin/bash)
==2362==    by 0x1544C3: ??? (in /usr/bin/bash)
==2362==    by 0x157FCF: ??? (in /usr/bin/bash)
==2362==    by 0x158D55: make_new_array_variable (in /usr/bin/bash)
==2362==    by 0x158DA7: ??? (in /usr/bin/bash)
==2362==    by 0x15B368: initialize_shell_variables (in /usr/bin/bash)
==2362==    by 0x138DC9: ??? (in /usr/bin/bash)
==2362==    by 0x137544: main (in /usr/bin/bash)
==2362== 
==2362== 48 bytes in 1 blocks are still reachable in loss record 273 of 304
==2362==    at 0x483B7F3: malloc (in /usr/lib/x86_64-linux-gnu/valgrind/vgpreload_memcheck-amd64-linux.so)
==2362==    by 0x1984F3: xmalloc (in /usr/bin/bash)
==2362==    by 0x1544C3: ??? (in /usr/bin/bash)
==2362==    by 0x157FCF: ??? (in /usr/bin/bash)
==2362==    by 0x158DE5: make_new_assoc_variable (in /usr/bin/bash)
==2362==    by 0x15B6A9: initialize_shell_variables (in /usr/bin/bash)
==2362==    by 0x138DC9: ??? (in /usr/bin/bash)
==2362==    by 0x137544: main (in /usr/bin/bash)
==2362== 
==2362== 48 bytes in 1 blocks are still reachable in loss record 274 of 304
==2362==    at 0x483B7F3: malloc (in /usr/lib/x86_64-linux-gnu/valgrind/vgpreload_memcheck-amd64-linux.so)
==2362==    by 0x1984F3: xmalloc (in /usr/bin/bash)
==2362==    by 0x1544C3: ??? (in /usr/bin/bash)
==2362==    by 0x157FCF: ??? (in /usr/bin/bash)
==2362==    by 0x158DE5: make_new_assoc_variable (in /usr/bin/bash)
==2362==    by 0x15B67B: initialize_shell_variables (in /usr/bin/bash)
==2362==    by 0x138DC9: ??? (in /usr/bin/bash)
==2362==    by 0x137544: main (in /usr/bin/bash)
==2362== 
==2362== 48 bytes in 1 blocks are still reachable in loss record 275 of 304
==2362==    at 0x483B7F3: malloc (in /usr/lib/x86_64-linux-gnu/valgrind/vgpreload_memcheck-amd64-linux.so)
==2362==    by 0x1984F3: xmalloc (in /usr/bin/bash)
==2362==    by 0x1544C3: ??? (in /usr/bin/bash)
==2362==    by 0x157FCF: ??? (in /usr/bin/bash)
==2362==    by 0x158D55: make_new_array_variable (in /usr/bin/bash)
==2362==    by 0x15B64D: initialize_shell_variables (in /usr/bin/bash)
==2362==    by 0x138DC9: ??? (in /usr/bin/bash)
==2362==    by 0x137544: main (in /usr/bin/bash)
==2362== 
==2362== 48 bytes in 1 blocks are still reachable in loss record 276 of 304
==2362==    at 0x483B7F3: malloc (in /usr/lib/x86_64-linux-gnu/valgrind/vgpreload_memcheck-amd64-linux.so)
==2362==    by 0x1984F3: xmalloc (in /usr/bin/bash)
==2362==    by 0x1544C3: ??? (in /usr/bin/bash)
==2362==    by 0x157FCF: ??? (in /usr/bin/bash)
==2362==    by 0x15805C: ??? (in /usr/bin/bash)
==2362==    by 0x1A76E0: set_shellopts (in /usr/bin/bash)
==2362==    by 0x138DFD: ??? (in /usr/bin/bash)
==2362==    by 0x137544: main (in /usr/bin/bash)
==2362== 
==2362== 48 bytes in 1 blocks are still reachable in loss record 277 of 304
==2362==    at 0x483B7F3: malloc (in /usr/lib/x86_64-linux-gnu/valgrind/vgpreload_memcheck-amd64-linux.so)
==2362==    by 0x1984F3: xmalloc (in /usr/bin/bash)
==2362==    by 0x1544C3: ??? (in /usr/bin/bash)
==2362==    by 0x157FCF: ??? (in /usr/bin/bash)
==2362==    by 0x15805C: ??? (in /usr/bin/bash)
==2362==    by 0x1AC4B0: set_bashopts (in /usr/bin/bash)
==2362==    by 0x138E1C: ??? (in /usr/bin/bash)
==2362==    by 0x137544: main (in /usr/bin/bash)
==2362== 
==2362== 48 bytes in 1 blocks are still reachable in loss record 278 of 304
==2362==    at 0x483B7F3: malloc (in /usr/lib/x86_64-linux-gnu/valgrind/vgpreload_memcheck-amd64-linux.so)
==2362==    by 0x1984F3: xmalloc (in /usr/bin/bash)
==2362==    by 0x17E939: fd_to_buffered_stream (in /usr/bin/bash)
==2362==    by 0x17EF54: with_input_from_buffered_stream (in /usr/bin/bash)
==2362==    by 0x137DC4: main (in /usr/bin/bash)
==2362== 
==2362== 48 bytes in 1 blocks are still reachable in loss record 279 of 304
==2362==    at 0x483B7F3: malloc (in /usr/lib/x86_64-linux-gnu/valgrind/vgpreload_memcheck-amd64-linux.so)
==2362==    by 0x1984F3: xmalloc (in /usr/bin/bash)
==2362==    by 0x1544C3: ??? (in /usr/bin/bash)
==2362==    by 0x157FCF: ??? (in /usr/bin/bash)
==2362==    by 0x158D55: make_new_array_variable (in /usr/bin/bash)
==2362==    by 0x15C10B: set_pipestatus_array (in /usr/bin/bash)
==2362==    by 0x15172F: execute_command_internal (in /usr/bin/bash)
==2362==    by 0x1519D9: execute_command (in /usr/bin/bash)
==2362==    by 0x139664: reader_loop (in /usr/bin/bash)
==2362==    by 0x137EF8: main (in /usr/bin/bash)
==2362== 
==2362== 61 bytes in 1 blocks are still reachable in loss record 280 of 304
==2362==    at 0x483B7F3: malloc (in /usr/lib/x86_64-linux-gnu/valgrind/vgpreload_memcheck-amd64-linux.so)
==2362==    by 0x1984F3: xmalloc (in /usr/bin/bash)
==2362==    by 0x156DA1: make_variable_value (in /usr/bin/bash)
==2362==    by 0x15806D: ??? (in /usr/bin/bash)
==2362==    by 0x15AB1F: initialize_shell_variables (in /usr/bin/bash)
==2362==    by 0x138DC9: ??? (in /usr/bin/bash)
==2362==    by 0x137544: main (in /usr/bin/bash)
==2362== 
==2362== 64 bytes in 1 blocks are still reachable in loss record 281 of 304
==2362==    at 0x483B7F3: malloc (in /usr/lib/x86_64-linux-gnu/valgrind/vgpreload_memcheck-amd64-linux.so)
==2362==    by 0x1984F3: xmalloc (in /usr/bin/bash)
==2362==    by 0x149383: ??? (in /usr/bin/bash)
==2362==    by 0x149402: ??? (in /usr/bin/bash)
==2362==    by 0x1496BF: ??? (in /usr/bin/bash)
==2362==    by 0x14AE57: print_simple_command (in /usr/bin/bash)
==2362==    by 0x14F903: execute_command_internal (in /usr/bin/bash)
==2362==    by 0x1519D9: execute_command (in /usr/bin/bash)
==2362==    by 0x139664: reader_loop (in /usr/bin/bash)
==2362==    by 0x137EF8: main (in /usr/bin/bash)
==2362== 
==2362== 128 bytes in 1 blocks are still reachable in loss record 282 of 304
==2362==    at 0x483B7F3: malloc (in /usr/lib/x86_64-linux-gnu/valgrind/vgpreload_memcheck-amd64-linux.so)
==2362==    by 0x1984F3: xmalloc (in /usr/bin/bash)
==2362==    by 0x17E92C: fd_to_buffered_stream (in /usr/bin/bash)
==2362==    by 0x17EF54: with_input_from_buffered_stream (in /usr/bin/bash)
==2362==    by 0x137DC4: main (in /usr/bin/bash)
==2362== 
==2362== 144 bytes in 1 blocks are still reachable in loss record 283 of 304
==2362==    at 0x483B7F3: malloc (in /usr/lib/x86_64-linux-gnu/valgrind/vgpreload_memcheck-amd64-linux.so)
==2362==    by 0x1984F3: xmalloc (in /usr/bin/bash)
==2362==    by 0x156DA1: make_variable_value (in /usr/bin/bash)
==2362==    by 0x15806D: ??? (in /usr/bin/bash)
==2362==    by 0x1AC4B0: set_bashopts (in /usr/bin/bash)
==2362==    by 0x138E1C: ??? (in /usr/bin/bash)
==2362==    by 0x137544: main (in /usr/bin/bash)
==2362== 
==2362== 150 bytes in 11 blocks are still reachable in loss record 284 of 304
==2362==    at 0x483B7F3: malloc (in /usr/lib/x86_64-linux-gnu/valgrind/vgpreload_memcheck-amd64-linux.so)
==2362==    by 0x1984F3: xmalloc (in /usr/bin/bash)
==2362==    by 0x1544D7: ??? (in /usr/bin/bash)
==2362==    by 0x157FCF: ??? (in /usr/bin/bash)
==2362==    by 0x15805C: ??? (in /usr/bin/bash)
==2362==    by 0x15AD0C: initialize_shell_variables (in /usr/bin/bash)
==2362==    by 0x138DC9: ??? (in /usr/bin/bash)
==2362==    by 0x137544: main (in /usr/bin/bash)
==2362== 
==2362== 150 bytes in 11 blocks are still reachable in loss record 285 of 304
==2362==    at 0x483B7F3: malloc (in /usr/lib/x86_64-linux-gnu/valgrind/vgpreload_memcheck-amd64-linux.so)
==2362==    by 0x1984F3: xmalloc (in /usr/bin/bash)
==2362==    by 0x157FED: ??? (in /usr/bin/bash)
==2362==    by 0x15805C: ??? (in /usr/bin/bash)
==2362==    by 0x15AD0C: initialize_shell_variables (in /usr/bin/bash)
==2362==    by 0x138DC9: ??? (in /usr/bin/bash)
==2362==    by 0x137544: main (in /usr/bin/bash)
==2362== 
==2362== 223 bytes in 8 blocks are still reachable in loss record 286 of 304
==2362==    at 0x483B7F3: malloc (in /usr/lib/x86_64-linux-gnu/valgrind/vgpreload_memcheck-amd64-linux.so)
==2362==    by 0x1984F3: xmalloc (in /usr/bin/bash)
==2362==    by 0x156DA1: make_variable_value (in /usr/bin/bash)
==2362==    by 0x15806D: ??? (in /usr/bin/bash)
==2362==    by 0x15AD0C: initialize_shell_variables (in /usr/bin/bash)
==2362==    by 0x138DC9: ??? (in /usr/bin/bash)
==2362==    by 0x137544: main (in /usr/bin/bash)
==2362== 
==2362== 224 bytes in 7 blocks are still reachable in loss record 287 of 304
==2362==    at 0x483B7F3: malloc (in /usr/lib/x86_64-linux-gnu/valgrind/vgpreload_memcheck-amd64-linux.so)
==2362==    by 0x1984F3: xmalloc (in /usr/bin/bash)
==2362==    by 0x17F66E: unwind_protect_mem (in /usr/bin/bash)
==2362==    by 0x14FD00: execute_command_internal (in /usr/bin/bash)
==2362==    by 0x1519D9: execute_command (in /usr/bin/bash)
==2362==    by 0x139664: reader_loop (in /usr/bin/bash)
==2362==    by 0x137EF8: main (in /usr/bin/bash)
==2362== 
==2362== 224 bytes in 7 blocks are still reachable in loss record 288 of 304
==2362==    at 0x483B7F3: malloc (in /usr/lib/x86_64-linux-gnu/valgrind/vgpreload_memcheck-amd64-linux.so)
==2362==    by 0x1984F3: xmalloc (in /usr/bin/bash)
==2362==    by 0x17F66E: unwind_protect_mem (in /usr/bin/bash)
==2362==    by 0x14FD11: execute_command_internal (in /usr/bin/bash)
==2362==    by 0x1519D9: execute_command (in /usr/bin/bash)
==2362==    by 0x139664: reader_loop (in /usr/bin/bash)
==2362==    by 0x137EF8: main (in /usr/bin/bash)
==2362== 
==2362== 256 bytes in 1 blocks are still reachable in loss record 289 of 304
==2362==    at 0x483B7F3: malloc (in /usr/lib/x86_64-linux-gnu/valgrind/vgpreload_memcheck-amd64-linux.so)
==2362==    by 0x198577: xrealloc (in /usr/bin/bash)
==2362==    by 0x13C3B7: ??? (in /usr/bin/bash)
==2362==    by 0x13F5C9: ??? (in /usr/bin/bash)
==2362==    by 0x142EC7: yyparse (in /usr/bin/bash)
==2362==    by 0x13929A: parse_command (in /usr/bin/bash)
==2362==    by 0x1393A6: read_command (in /usr/bin/bash)
==2362==    by 0x1395C9: reader_loop (in /usr/bin/bash)
==2362==    by 0x137EF8: main (in /usr/bin/bash)
==2362== 
==2362== 352 bytes in 11 blocks are still reachable in loss record 290 of 304
==2362==    at 0x483B7F3: malloc (in /usr/lib/x86_64-linux-gnu/valgrind/vgpreload_memcheck-amd64-linux.so)
==2362==    by 0x1984F3: xmalloc (in /usr/bin/bash)
==2362==    by 0x17BBFB: hash_insert (in /usr/bin/bash)
==2362==    by 0x158008: ??? (in /usr/bin/bash)
==2362==    by 0x15805C: ??? (in /usr/bin/bash)
==2362==    by 0x15AD0C: initialize_shell_variables (in /usr/bin/bash)
==2362==    by 0x138DC9: ??? (in /usr/bin/bash)
==2362==    by 0x137544: main (in /usr/bin/bash)
==2362== 
==2362== 376 bytes in 11 blocks are still reachable in loss record 291 of 304
==2362==    at 0x483B7F3: malloc (in /usr/lib/x86_64-linux-gnu/valgrind/vgpreload_memcheck-amd64-linux.so)
==2362==    by 0x1984F3: xmalloc (in /usr/bin/bash)
==2362==    by 0x15AD62: initialize_shell_variables (in /usr/bin/bash)
==2362==    by 0x138DC9: ??? (in /usr/bin/bash)
==2362==    by 0x137544: main (in /usr/bin/bash)
==2362== 
==2362== 376 bytes in 11 blocks are still reachable in loss record 292 of 304
==2362==    at 0x483B7F3: malloc (in /usr/lib/x86_64-linux-gnu/valgrind/vgpreload_memcheck-amd64-linux.so)
==2362==    by 0x1984F3: xmalloc (in /usr/bin/bash)
==2362==    by 0x155585: ??? (in /usr/bin/bash)
==2362==    by 0x159B3E: ??? (in /usr/bin/bash)
==2362==    by 0x191D94: ??? (in /usr/bin/bash)
==2362==    by 0x192108: set_locale_var (in /usr/bin/bash)
==2362==    by 0x192302: set_default_lang (in /usr/bin/bash)
==2362==    by 0x137549: main (in /usr/bin/bash)
==2362== 
==2362== 440 bytes in 1 blocks are still reachable in loss record 293 of 304
==2362==    at 0x483B7F3: malloc (in /usr/lib/x86_64-linux-gnu/valgrind/vgpreload_memcheck-amd64-linux.so)
==2362==    by 0x198577: xrealloc (in /usr/bin/bash)
==2362==    by 0x159B62: ??? (in /usr/bin/bash)
==2362==    by 0x191D94: ??? (in /usr/bin/bash)
==2362==    by 0x192108: set_locale_var (in /usr/bin/bash)
==2362==    by 0x192302: set_default_lang (in /usr/bin/bash)
==2362==    by 0x137549: main (in /usr/bin/bash)
==2362== 
==2362== 496 bytes in 1 blocks are still reachable in loss record 294 of 304
==2362==    at 0x483B7F3: malloc (in /usr/lib/x86_64-linux-gnu/valgrind/vgpreload_memcheck-amd64-linux.so)
==2362==    by 0x198577: xrealloc (in /usr/bin/bash)
==2362==    by 0x140A3A: ??? (in /usr/bin/bash)
==2362==    by 0x142EC7: yyparse (in /usr/bin/bash)
==2362==    by 0x13929A: parse_command (in /usr/bin/bash)
==2362==    by 0x1393A6: read_command (in /usr/bin/bash)
==2362==    by 0x1395C9: reader_loop (in /usr/bin/bash)
==2362==    by 0x137EF8: main (in /usr/bin/bash)
==2362== 
==2362== 528 bytes in 11 blocks are still reachable in loss record 295 of 304
==2362==    at 0x483B7F3: malloc (in /usr/lib/x86_64-linux-gnu/valgrind/vgpreload_memcheck-amd64-linux.so)
==2362==    by 0x1984F3: xmalloc (in /usr/bin/bash)
==2362==    by 0x1544C3: ??? (in /usr/bin/bash)
==2362==    by 0x157FCF: ??? (in /usr/bin/bash)
==2362==    by 0x15805C: ??? (in /usr/bin/bash)
==2362==    by 0x15AD0C: initialize_shell_variables (in /usr/bin/bash)
==2362==    by 0x138DC9: ??? (in /usr/bin/bash)
==2362==    by 0x137544: main (in /usr/bin/bash)
==2362== 
==2362== 1,024 bytes in 1 blocks are still reachable in loss record 296 of 304
==2362==    at 0x483B7F3: malloc (in /usr/lib/x86_64-linux-gnu/valgrind/vgpreload_memcheck-amd64-linux.so)
==2362==    by 0x1984F3: xmalloc (in /usr/bin/bash)
==2362==    by 0x17B70C: hash_create (in /usr/bin/bash)
==2362==    by 0x158DEF: make_new_assoc_variable (in /usr/bin/bash)
==2362==    by 0x15B6A9: initialize_shell_variables (in /usr/bin/bash)
==2362==    by 0x138DC9: ??? (in /usr/bin/bash)
==2362==    by 0x137544: main (in /usr/bin/bash)
==2362== 
==2362== 1,024 bytes in 1 blocks are still reachable in loss record 297 of 304
==2362==    at 0x483B7F3: malloc (in /usr/lib/x86_64-linux-gnu/valgrind/vgpreload_memcheck-amd64-linux.so)
==2362==    by 0x1984F3: xmalloc (in /usr/bin/bash)
==2362==    by 0x17B70C: hash_create (in /usr/bin/bash)
==2362==    by 0x158DEF: make_new_assoc_variable (in /usr/bin/bash)
==2362==    by 0x15B67B: initialize_shell_variables (in /usr/bin/bash)
==2362==    by 0x138DC9: ??? (in /usr/bin/bash)
==2362==    by 0x137544: main (in /usr/bin/bash)
==2362== 
==2362== 1,024 bytes in 1 blocks are still reachable in loss record 298 of 304
==2362==    at 0x483B7F3: malloc (in /usr/lib/x86_64-linux-gnu/valgrind/vgpreload_memcheck-amd64-linux.so)
==2362==    by 0x1984F3: xmalloc (in /usr/bin/bash)
==2362==    by 0x147FC1: cmd_init (in /usr/bin/bash)
==2362==    by 0x137690: main (in /usr/bin/bash)
==2362== 
==2362== 1,024 bytes in 1 blocks are still reachable in loss record 299 of 304
==2362==    at 0x483B7F3: malloc (in /usr/lib/x86_64-linux-gnu/valgrind/vgpreload_memcheck-amd64-linux.so)
==2362==    by 0x1984F3: xmalloc (in /usr/bin/bash)
==2362==    by 0x147FDD: cmd_init (in /usr/bin/bash)
==2362==    by 0x137690: main (in /usr/bin/bash)
==2362== 
==2362== 1,024 bytes in 1 blocks are still reachable in loss record 300 of 304
==2362==    at 0x483B7F3: malloc (in /usr/lib/x86_64-linux-gnu/valgrind/vgpreload_memcheck-amd64-linux.so)
==2362==    by 0x1984F3: xmalloc (in /usr/bin/bash)
==2362==    by 0x17F291: uwp_init (in /usr/bin/bash)
==2362==    by 0x137695: main (in /usr/bin/bash)
==2362== 
==2362== 2,200 bytes in 1 blocks are still reachable in loss record 301 of 304
==2362==    at 0x483B7F3: malloc (in /usr/lib/x86_64-linux-gnu/valgrind/vgpreload_memcheck-amd64-linux.so)
==2362==    by 0x198577: xrealloc (in /usr/bin/bash)
==2362==    by 0x17E446: ??? (in /usr/bin/bash)
==2362==    by 0x17E9B8: fd_to_buffered_stream (in /usr/bin/bash)
==2362==    by 0x17EF54: with_input_from_buffered_stream (in /usr/bin/bash)
==2362==    by 0x137DC4: main (in /usr/bin/bash)
==2362== 
==2362== 4,096 bytes in 1 blocks are still reachable in loss record 302 of 304
==2362==    at 0x483B7F3: malloc (in /usr/lib/x86_64-linux-gnu/valgrind/vgpreload_memcheck-amd64-linux.so)
==2362==    by 0x1984F3: xmalloc (in /usr/bin/bash)
==2362==    by 0x17B74B: hash_create (in /usr/bin/bash)
==2362==    by 0x157FA9: ??? (in /usr/bin/bash)
==2362==    by 0x15AAAB: initialize_shell_variables (in /usr/bin/bash)
==2362==    by 0x138DC9: ??? (in /usr/bin/bash)
==2362==    by 0x137544: main (in /usr/bin/bash)
==2362== 
==2362== 4,096 bytes in 1 blocks are still reachable in loss record 303 of 304
==2362==    at 0x483B7F3: malloc (in /usr/lib/x86_64-linux-gnu/valgrind/vgpreload_memcheck-amd64-linux.so)
==2362==    by 0x1984F3: xmalloc (in /usr/bin/bash)
==2362==    by 0x17B74B: hash_create (in /usr/bin/bash)
==2362==    by 0x157F51: ??? (in /usr/bin/bash)
==2362==    by 0x15AAAB: initialize_shell_variables (in /usr/bin/bash)
==2362==    by 0x138DC9: ??? (in /usr/bin/bash)
==2362==    by 0x137544: main (in /usr/bin/bash)
==2362== 
==2362== 8,192 bytes in 1 blocks are still reachable in loss record 304 of 304
==2362==    at 0x483B7F3: malloc (in /usr/lib/x86_64-linux-gnu/valgrind/vgpreload_memcheck-amd64-linux.so)
==2362==    by 0x1984F3: xmalloc (in /usr/bin/bash)
==2362==    by 0x17B74B: hash_create (in /usr/bin/bash)
==2362==    by 0x157F8A: ??? (in /usr/bin/bash)
==2362==    by 0x15AAAB: initialize_shell_variables (in /usr/bin/bash)
==2362==    by 0x138DC9: ??? (in /usr/bin/bash)
==2362==    by 0x137544: main (in /usr/bin/bash)
==2362== 
==2362== LEAK SUMMARY:
==2362==    definitely lost: 2 bytes in 1 blocks
==2362==    indirectly lost: 0 bytes in 0 blocks
==2362==      possibly lost: 0 bytes in 0 blocks
==2362==    still reachable: 34,255 bytes in 386 blocks
==2362==         suppressed: 0 bytes in 0 blocks
==2362== 
==2362== For lists of detected and suppressed errors, rerun with: -s
==2362== ERROR SUMMARY: 1 errors from 1 contexts (suppressed: 0 from 0)
==2363== 
==2363== HEAP SUMMARY:
==2363==     in use at exit: 34,257 bytes in 387 blocks
==2363==   total heap usage: 587 allocs, 200 frees, 61,534 bytes allocated
==2363== 
==2363== 1 bytes in 1 blocks are still reachable in loss record 1 of 304
==2363==    at 0x483B7F3: malloc (in /usr/lib/x86_64-linux-gnu/valgrind/vgpreload_memcheck-amd64-linux.so)
==2363==    by 0x1984F3: xmalloc (in /usr/bin/bash)
==2363==    by 0x1920F9: set_locale_var (in /usr/bin/bash)
==2363==    by 0x192302: set_default_lang (in /usr/bin/bash)
==2363==    by 0x137549: main (in /usr/bin/bash)
==2363== 
==2363== 1 bytes in 1 blocks are still reachable in loss record 2 of 304
==2363==    at 0x483B7F3: malloc (in /usr/lib/x86_64-linux-gnu/valgrind/vgpreload_memcheck-amd64-linux.so)
==2363==    by 0x1984F3: xmalloc (in /usr/bin/bash)
==2363==    by 0x191E21: set_lang (in /usr/bin/bash)
==2363==    by 0x137549: main (in /usr/bin/bash)
==2363== 
==2363== 2 bytes in 1 blocks are still reachable in loss record 3 of 304
==2363==    at 0x483B7F3: malloc (in /usr/lib/x86_64-linux-gnu/valgrind/vgpreload_memcheck-amd64-linux.so)
==2363==    by 0x1984F3: xmalloc (in /usr/bin/bash)
==2363==    by 0x1544D7: ??? (in /usr/bin/bash)
==2363==    by 0x157FCF: ??? (in /usr/bin/bash)
==2363==    by 0x15805C: ??? (in /usr/bin/bash)
==2363==    by 0x15AB01: initialize_shell_variables (in /usr/bin/bash)
==2363==    by 0x138DC9: ??? (in /usr/bin/bash)
==2363==    by 0x137544: main (in /usr/bin/bash)
==2363== 
==2363== 2 bytes in 1 blocks are still reachable in loss record 4 of 304
==2363==    at 0x483B7F3: malloc (in /usr/lib/x86_64-linux-gnu/valgrind/vgpreload_memcheck-amd64-linux.so)
==2363==    by 0x1984F3: xmalloc (in /usr/bin/bash)
==2363==    by 0x157FED: ??? (in /usr/bin/bash)
==2363==    by 0x15805C: ??? (in /usr/bin/bash)
==2363==    by 0x15AB01: initialize_shell_variables (in /usr/bin/bash)
==2363==    by 0x138DC9: ??? (in /usr/bin/bash)
==2363==    by 0x137544: main (in /usr/bin/bash)
==2363== 
==2363== 2 bytes in 1 blocks are still reachable in loss record 5 of 304
==2363==    at 0x483B7F3: malloc (in /usr/lib/x86_64-linux-gnu/valgrind/vgpreload_memcheck-amd64-linux.so)
==2363==    by 0x1984F3: xmalloc (in /usr/bin/bash)
==2363==    by 0x156DA1: make_variable_value (in /usr/bin/bash)
==2363==    by 0x15806D: ??? (in /usr/bin/bash)
==2363==    by 0x15929E: adjust_shell_level (in /usr/bin/bash)
==2363==    by 0x15AC10: initialize_shell_variables (in /usr/bin/bash)
==2363==    by 0x138DC9: ??? (in /usr/bin/bash)
==2363==    by 0x137544: main (in /usr/bin/bash)
==2363== 
==2363== 2 bytes in 1 blocks are still reachable in loss record 6 of 304
==2363==    at 0x483B7F3: malloc (in /usr/lib/x86_64-linux-gnu/valgrind/vgpreload_memcheck-amd64-linux.so)
==2363==    by 0x1984F3: xmalloc (in /usr/bin/bash)
==2363==    by 0x156DA1: make_variable_value (in /usr/bin/bash)
==2363==    by 0x15806D: ??? (in /usr/bin/bash)
==2363==    by 0x15AC2A: initialize_shell_variables (in /usr/bin/bash)
==2363==    by 0x138DC9: ??? (in /usr/bin/bash)
==2363==    by 0x137544: main (in /usr/bin/bash)
==2363== 
==2363== 2 bytes in 1 blocks are still reachable in loss record 7 of 304
==2363==    at 0x483B7F3: malloc (in /usr/lib/x86_64-linux-gnu/valgrind/vgpreload_memcheck-amd64-linux.so)
==2363==    by 0x1984F3: xmalloc (in /usr/bin/bash)
==2363==    by 0x156DA1: make_variable_value (in /usr/bin/bash)
==2363==    by 0x15806D: ??? (in /usr/bin/bash)
==2363==    by 0x15AC4A: initialize_shell_variables (in /usr/bin/bash)
==2363==    by 0x138DC9: ??? (in /usr/bin/bash)
==2363==    by 0x137544: main (in /usr/bin/bash)
==2363== 
==2363== 2 bytes in 1 blocks are still reachable in loss record 8 of 304
==2363==    at 0x483B7F3: malloc (in /usr/lib/x86_64-linux-gnu/valgrind/vgpreload_memcheck-amd64-linux.so)
==2363==    by 0x1984F3: xmalloc (in /usr/bin/bash)
==2363==    by 0x183473: array_create_element (in /usr/bin/bash)
==2363==    by 0x183987: array_insert (in /usr/bin/bash)
==2363==    by 0x15AF24: initialize_shell_variables (in /usr/bin/bash)
==2363==    by 0x138DC9: ??? (in /usr/bin/bash)
==2363==    by 0x137544: main (in /usr/bin/bash)
==2363== 
==2363== 2 bytes in 1 blocks are still reachable in loss record 9 of 304
==2363==    at 0x483B7F3: malloc (in /usr/lib/x86_64-linux-gnu/valgrind/vgpreload_memcheck-amd64-linux.so)
==2363==    by 0x1984F3: xmalloc (in /usr/bin/bash)
==2363==    by 0x183473: array_create_element (in /usr/bin/bash)
==2363==    by 0x183987: array_insert (in /usr/bin/bash)
==2363==    by 0x15AF34: initialize_shell_variables (in /usr/bin/bash)
==2363==    by 0x138DC9: ??? (in /usr/bin/bash)
==2363==    by 0x137544: main (in /usr/bin/bash)
==2363== 
==2363== 2 bytes in 1 blocks are still reachable in loss record 10 of 304
==2363==    at 0x483B7F3: malloc (in /usr/lib/x86_64-linux-gnu/valgrind/vgpreload_memcheck-amd64-linux.so)
==2363==    by 0x1984F3: xmalloc (in /usr/bin/bash)
==2363==    by 0x183473: array_create_element (in /usr/bin/bash)
==2363==    by 0x183987: array_insert (in /usr/bin/bash)
==2363==    by 0x15AF81: initialize_shell_variables (in /usr/bin/bash)
==2363==    by 0x138DC9: ??? (in /usr/bin/bash)
==2363==    by 0x137544: main (in /usr/bin/bash)
==2363== 
==2363== 2 bytes in 1 blocks are still reachable in loss record 11 of 304
==2363==    at 0x483B7F3: malloc (in /usr/lib/x86_64-linux-gnu/valgrind/vgpreload_memcheck-amd64-linux.so)
==2363==    by 0x1984F3: xmalloc (in /usr/bin/bash)
==2363==    by 0x156DA1: make_variable_value (in /usr/bin/bash)
==2363==    by 0x15806D: ??? (in /usr/bin/bash)
==2363==    by 0x15B7C8: initialize_shell_variables (in /usr/bin/bash)
==2363==    by 0x138DC9: ??? (in /usr/bin/bash)
==2363==    by 0x137544: main (in /usr/bin/bash)
==2363== 
==2363== 2 bytes in 1 blocks are still reachable in loss record 12 of 304
==2363==    at 0x483B7F3: malloc (in /usr/lib/x86_64-linux-gnu/valgrind/vgpreload_memcheck-amd64-linux.so)
==2363==    by 0x1984F3: xmalloc (in /usr/bin/bash)
==2363==    by 0x156DA1: make_variable_value (in /usr/bin/bash)
==2363==    by 0x15806D: ??? (in /usr/bin/bash)
==2363==    by 0x15B7AE: initialize_shell_variables (in /usr/bin/bash)
==2363==    by 0x138DC9: ??? (in /usr/bin/bash)
==2363==    by 0x137544: main (in /usr/bin/bash)
==2363== 
==2363== 2 bytes in 1 blocks are still reachable in loss record 13 of 304
==2363==    at 0x483B7F3: malloc (in /usr/lib/x86_64-linux-gnu/valgrind/vgpreload_memcheck-amd64-linux.so)
==2363==    by 0x1984F3: xmalloc (in /usr/bin/bash)
==2363==    by 0x183473: array_create_element (in /usr/bin/bash)
==2363==    by 0x18367F: ??? (in /usr/bin/bash)
==2363==    by 0x137CB1: main (in /usr/bin/bash)
==2363== 
==2363== 2 bytes in 1 blocks are still reachable in loss record 14 of 304
==2363==    at 0x483B7F3: malloc (in /usr/lib/x86_64-linux-gnu/valgrind/vgpreload_memcheck-amd64-linux.so)
==2363==    by 0x1984F3: xmalloc (in /usr/bin/bash)
==2363==    by 0x1B7D71: itos (in /usr/bin/bash)
==2363==    by 0x15C13B: set_pipestatus_array (in /usr/bin/bash)
==2363==    by 0x15172F: execute_command_internal (in /usr/bin/bash)
==2363==    by 0x1519D9: execute_command (in /usr/bin/bash)
==2363==    by 0x139664: reader_loop (in /usr/bin/bash)
==2363==    by 0x137EF8: main (in /usr/bin/bash)
==2363== 
==2363== 2 bytes in 1 blocks are definitely lost in loss record 15 of 304
==2363==    at 0x483B7F3: malloc (in /usr/lib/x86_64-linux-gnu/valgrind/vgpreload_memcheck-amd64-linux.so)
==2363==    by 0x1984F3: xmalloc (in /usr/bin/bash)
==2363==    by 0x19196E: set_default_locale (in /usr/bin/bash)
==2363==    by 0x136C8A: main (in /usr/bin/bash)
==2363== 
==2363== 3 bytes in 1 blocks are still reachable in loss record 16 of 304
==2363==    at 0x483B7F3: malloc (in /usr/lib/x86_64-linux-gnu/valgrind/vgpreload_memcheck-amd64-linux.so)
==2363==    by 0x1984F3: xmalloc (in /usr/bin/bash)
==2363==    by 0x156DA1: make_variable_value (in /usr/bin/bash)
==2363==    by 0x15806D: ??? (in /usr/bin/bash)
==2363==    by 0x15AB65: initialize_shell_variables (in /usr/bin/bash)
==2363==    by 0x138DC9: ??? (in /usr/bin/bash)
==2363==    by 0x137544: main (in /usr/bin/bash)
==2363== 
==2363== 3 bytes in 1 blocks are still reachable in loss record 17 of 304
==2363==    at 0x483B7F3: malloc (in /usr/lib/x86_64-linux-gnu/valgrind/vgpreload_memcheck-amd64-linux.so)
==2363==    by 0x1984F3: xmalloc (in /usr/bin/bash)
==2363==    by 0x183473: array_create_element (in /usr/bin/bash)
==2363==    by 0x183987: array_insert (in /usr/bin/bash)
==2363==    by 0x15AF5D: initialize_shell_variables (in /usr/bin/bash)
==2363==    by 0x138DC9: ??? (in /usr/bin/bash)
==2363==    by 0x137544: main (in /usr/bin/bash)
==2363== 
==2363== 3 bytes in 1 blocks are still reachable in loss record 18 of 304
==2363==    at 0x483B7F3: malloc (in /usr/lib/x86_64-linux-gnu/valgrind/vgpreload_memcheck-amd64-linux.so)
==2363==    by 0x1984F3: xmalloc (in /usr/bin/bash)
==2363==    by 0x156DA1: make_variable_value (in /usr/bin/bash)
==2363==    by 0x15844D: ??? (in /usr/bin/bash)
==2363==    by 0x14C342: ??? (in /usr/bin/bash)
==2363==    by 0x150B52: execute_command_internal (in /usr/bin/bash)
==2363==    by 0x1519D9: execute_command (in /usr/bin/bash)
==2363==    by 0x139664: reader_loop (in /usr/bin/bash)
==2363==    by 0x137EF8: main (in /usr/bin/bash)
==2363== 
==2363== 3 bytes in 3 blocks are still reachable in loss record 19 of 304
==2363==    at 0x483B7F3: malloc (in /usr/lib/x86_64-linux-gnu/valgrind/vgpreload_memcheck-amd64-linux.so)
==2363==    by 0x1984F3: xmalloc (in /usr/bin/bash)
==2363==    by 0x156DE1: make_variable_value (in /usr/bin/bash)
==2363==    by 0x15806D: ??? (in /usr/bin/bash)
==2363==    by 0x15AD0C: initialize_shell_variables (in /usr/bin/bash)
==2363==    by 0x138DC9: ??? (in /usr/bin/bash)
==2363==    by 0x137544: main (in /usr/bin/bash)
==2363== 
==2363== 4 bytes in 1 blocks are still reachable in loss record 20 of 304
==2363==    at 0x483B7F3: malloc (in /usr/lib/x86_64-linux-gnu/valgrind/vgpreload_memcheck-amd64-linux.so)
==2363==    by 0x1984F3: xmalloc (in /usr/bin/bash)
==2363==    by 0x1544D7: ??? (in /usr/bin/bash)
==2363==    by 0x157FCF: ??? (in /usr/bin/bash)
==2363==    by 0x15805C: ??? (in /usr/bin/bash)
==2363==    by 0x159447: set_pwd (in /usr/bin/bash)
==2363==    by 0x15AAEE: initialize_shell_variables (in /usr/bin/bash)
==2363==    by 0x138DC9: ??? (in /usr/bin/bash)
==2363==    by 0x137544: main (in /usr/bin/bash)
==2363== 
==2363== 4 bytes in 1 blocks are still reachable in loss record 21 of 304
==2363==    at 0x483B7F3: malloc (in /usr/lib/x86_64-linux-gnu/valgrind/vgpreload_memcheck-amd64-linux.so)
==2363==    by 0x1984F3: xmalloc (in /usr/bin/bash)
==2363==    by 0x157FED: ??? (in /usr/bin/bash)
==2363==    by 0x15805C: ??? (in /usr/bin/bash)
==2363==    by 0x159447: set_pwd (in /usr/bin/bash)
==2363==    by 0x15AAEE: initialize_shell_variables (in /usr/bin/bash)
==2363==    by 0x138DC9: ??? (in /usr/bin/bash)
==2363==    by 0x137544: main (in /usr/bin/bash)
==2363== 
==2363== 4 bytes in 1 blocks are still reachable in loss record 22 of 304
==2363==    at 0x483B7F3: malloc (in /usr/lib/x86_64-linux-gnu/valgrind/vgpreload_memcheck-amd64-linux.so)
==2363==    by 0x1984F3: xmalloc (in /usr/bin/bash)
==2363==    by 0x1544D7: ??? (in /usr/bin/bash)
==2363==    by 0x157FCF: ??? (in /usr/bin/bash)
==2363==    by 0x15805C: ??? (in /usr/bin/bash)
==2363==    by 0x15AB65: initialize_shell_variables (in /usr/bin/bash)
==2363==    by 0x138DC9: ??? (in /usr/bin/bash)
==2363==    by 0x137544: main (in /usr/bin/bash)
==2363== 
==2363== 4 bytes in 1 blocks are still reachable in loss record 23 of 304
==2363==    at 0x483B7F3: malloc (in /usr/lib/x86_64-linux-gnu/valgrind/vgpreload_memcheck-amd64-linux.so)
==2363==    by 0x1984F3: xmalloc (in /usr/bin/bash)
==2363==    by 0x157FED: ??? (in /usr/bin/bash)
==2363==    by 0x15805C: ??? (in /usr/bin/bash)
==2363==    by 0x15AB65: initialize_shell_variables (in /usr/bin/bash)
==2363==    by 0x138DC9: ??? (in /usr/bin/bash)
==2363==    by 0x137544: main (in /usr/bin/bash)
==2363== 
==2363== 4 bytes in 1 blocks are still reachable in loss record 24 of 304
==2363==    at 0x483B7F3: malloc (in /usr/lib/x86_64-linux-gnu/valgrind/vgpreload_memcheck-amd64-linux.so)
==2363==    by 0x1984F3: xmalloc (in /usr/bin/bash)
==2363==    by 0x1544D7: ??? (in /usr/bin/bash)
==2363==    by 0x157FCF: ??? (in /usr/bin/bash)
==2363==    by 0x15805C: ??? (in /usr/bin/bash)
==2363==    by 0x15AB7A: initialize_shell_variables (in /usr/bin/bash)
==2363==    by 0x138DC9: ??? (in /usr/bin/bash)
==2363==    by 0x137544: main (in /usr/bin/bash)
==2363== 
==2363== 4 bytes in 1 blocks are still reachable in loss record 25 of 304
==2363==    at 0x483B7F3: malloc (in /usr/lib/x86_64-linux-gnu/valgrind/vgpreload_memcheck-amd64-linux.so)
==2363==    by 0x1984F3: xmalloc (in /usr/bin/bash)
==2363==    by 0x157FED: ??? (in /usr/bin/bash)
==2363==    by 0x15805C: ??? (in /usr/bin/bash)
==2363==    by 0x15AB7A: initialize_shell_variables (in /usr/bin/bash)
==2363==    by 0x138DC9: ??? (in /usr/bin/bash)
==2363==    by 0x137544: main (in /usr/bin/bash)
==2363== 
==2363== 4 bytes in 1 blocks are still reachable in loss record 26 of 304
==2363==    at 0x483B7F3: malloc (in /usr/lib/x86_64-linux-gnu/valgrind/vgpreload_memcheck-amd64-linux.so)
==2363==    by 0x1984F3: xmalloc (in /usr/bin/bash)
==2363==    by 0x156DA1: make_variable_value (in /usr/bin/bash)
==2363==    by 0x15806D: ??? (in /usr/bin/bash)
==2363==    by 0x15AB7A: initialize_shell_variables (in /usr/bin/bash)
==2363==    by 0x138DC9: ??? (in /usr/bin/bash)
==2363==    by 0x137544: main (in /usr/bin/bash)
==2363== 
==2363== 4 bytes in 1 blocks are still reachable in loss record 27 of 304
==2363==    at 0x483B7F3: malloc (in /usr/lib/x86_64-linux-gnu/valgrind/vgpreload_memcheck-amd64-linux.so)
==2363==    by 0x1984F3: xmalloc (in /usr/bin/bash)
==2363==    by 0x1544D7: ??? (in /usr/bin/bash)
==2363==    by 0x157FCF: ??? (in /usr/bin/bash)
==2363==    by 0x15805C: ??? (in /usr/bin/bash)
==2363==    by 0x15B7C8: initialize_shell_variables (in /usr/bin/bash)
==2363==    by 0x138DC9: ??? (in /usr/bin/bash)
==2363==    by 0x137544: main (in /usr/bin/bash)
==2363== 
==2363== 4 bytes in 1 blocks are still reachable in loss record 28 of 304
==2363==    at 0x483B7F3: malloc (in /usr/lib/x86_64-linux-gnu/valgrind/vgpreload_memcheck-amd64-linux.so)
==2363==    by 0x1984F3: xmalloc (in /usr/bin/bash)
==2363==    by 0x157FED: ??? (in /usr/bin/bash)
==2363==    by 0x15805C: ??? (in /usr/bin/bash)
==2363==    by 0x15B7C8: initialize_shell_variables (in /usr/bin/bash)
==2363==    by 0x138DC9: ??? (in /usr/bin/bash)
==2363==    by 0x137544: main (in /usr/bin/bash)
==2363== 
==2363== 5 bytes in 1 blocks are still reachable in loss record 29 of 304
==2363==    at 0x483B7F3: malloc (in /usr/lib/x86_64-linux-gnu/valgrind/vgpreload_memcheck-amd64-linux.so)
==2363==    by 0x1984F3: xmalloc (in /usr/bin/bash)
==2363==    by 0x1544D7: ??? (in /usr/bin/bash)
==2363==    by 0x157FCF: ??? (in /usr/bin/bash)
==2363==    by 0x15805C: ??? (in /usr/bin/bash)
==2363==    by 0x15AB1F: initialize_shell_variables (in /usr/bin/bash)
==2363==    by 0x138DC9: ??? (in /usr/bin/bash)
==2363==    by 0x137544: main (in /usr/bin/bash)
==2363== 
==2363== 5 bytes in 1 blocks are still reachable in loss record 30 of 304
==2363==    at 0x483B7F3: malloc (in /usr/lib/x86_64-linux-gnu/valgrind/vgpreload_memcheck-amd64-linux.so)
==2363==    by 0x1984F3: xmalloc (in /usr/bin/bash)
==2363==    by 0x157FED: ??? (in /usr/bin/bash)
==2363==    by 0x15805C: ??? (in /usr/bin/bash)
==2363==    by 0x15AB1F: initialize_shell_variables (in /usr/bin/bash)
==2363==    by 0x138DC9: ??? (in /usr/bin/bash)
==2363==    by 0x137544: main (in /usr/bin/bash)
==2363== 
==2363== 5 bytes in 1 blocks are still reachable in loss record 31 of 304
==2363==    at 0x483B7F3: malloc (in /usr/lib/x86_64-linux-gnu/valgrind/vgpreload_memcheck-amd64-linux.so)
==2363==    by 0x1984F3: xmalloc (in /usr/bin/bash)
==2363==    by 0x1544D7: ??? (in /usr/bin/bash)
==2363==    by 0x157FCF: ??? (in /usr/bin/bash)
==2363==    by 0x15805C: ??? (in /usr/bin/bash)
==2363==    by 0x15AB32: initialize_shell_variables (in /usr/bin/bash)
==2363==    by 0x138DC9: ??? (in /usr/bin/bash)
==2363==    by 0x137544: main (in /usr/bin/bash)
==2363== 
==2363== 5 bytes in 1 blocks are still reachable in loss record 32 of 304
==2363==    at 0x483B7F3: malloc (in /usr/lib/x86_64-linux-gnu/valgrind/vgpreload_memcheck-amd64-linux.so)
==2363==    by 0x1984F3: xmalloc (in /usr/bin/bash)
==2363==    by 0x157FED: ??? (in /usr/bin/bash)
==2363==    by 0x15805C: ??? (in /usr/bin/bash)
==2363==    by 0x15AB32: initialize_shell_variables (in /usr/bin/bash)
==2363==    by 0x138DC9: ??? (in /usr/bin/bash)
==2363==    by 0x137544: main (in /usr/bin/bash)
==2363== 
==2363== 5 bytes in 1 blocks are still reachable in loss record 33 of 304
==2363==    at 0x483B7F3: malloc (in /usr/lib/x86_64-linux-gnu/valgrind/vgpreload_memcheck-amd64-linux.so)
==2363==    by 0x1984F3: xmalloc (in /usr/bin/bash)
==2363==    by 0x156DA1: make_variable_value (in /usr/bin/bash)
==2363==    by 0x15806D: ??? (in /usr/bin/bash)
==2363==    by 0x15AB32: initialize_shell_variables (in /usr/bin/bash)
==2363==    by 0x138DC9: ??? (in /usr/bin/bash)
==2363==    by 0x137544: main (in /usr/bin/bash)
==2363== 
==2363== 5 bytes in 1 blocks are still reachable in loss record 34 of 304
==2363==    at 0x483B7F3: malloc (in /usr/lib/x86_64-linux-gnu/valgrind/vgpreload_memcheck-amd64-linux.so)
==2363==    by 0x1984F3: xmalloc (in /usr/bin/bash)
==2363==    by 0x1544D7: ??? (in /usr/bin/bash)
==2363==    by 0x157FCF: ??? (in /usr/bin/bash)
==2363==    by 0x15805C: ??? (in /usr/bin/bash)
==2363==    by 0x159628: set_ppid (in /usr/bin/bash)
==2363==    by 0x15AC15: initialize_shell_variables (in /usr/bin/bash)
==2363==    by 0x138DC9: ??? (in /usr/bin/bash)
==2363==    by 0x137544: main (in /usr/bin/bash)
==2363== 
==2363== 5 bytes in 1 blocks are still reachable in loss record 35 of 304
==2363==    at 0x483B7F3: malloc (in /usr/lib/x86_64-linux-gnu/valgrind/vgpreload_memcheck-amd64-linux.so)
==2363==    by 0x1984F3: xmalloc (in /usr/bin/bash)
==2363==    by 0x157FED: ??? (in /usr/bin/bash)
==2363==    by 0x15805C: ??? (in /usr/bin/bash)
==2363==    by 0x159628: set_ppid (in /usr/bin/bash)
==2363==    by 0x15AC15: initialize_shell_variables (in /usr/bin/bash)
==2363==    by 0x138DC9: ??? (in /usr/bin/bash)
==2363==    by 0x137544: main (in /usr/bin/bash)
==2363== 
==2363== 5 bytes in 1 blocks are still reachable in loss record 36 of 304
==2363==    at 0x483B7F3: malloc (in /usr/lib/x86_64-linux-gnu/valgrind/vgpreload_memcheck-amd64-linux.so)
==2363==    by 0x1984F3: xmalloc (in /usr/bin/bash)
==2363==    by 0x156DA1: make_variable_value (in /usr/bin/bash)
==2363==    by 0x15806D: ??? (in /usr/bin/bash)
==2363==    by 0x159628: set_ppid (in /usr/bin/bash)
==2363==    by 0x15AC15: initialize_shell_variables (in /usr/bin/bash)
==2363==    by 0x138DC9: ??? (in /usr/bin/bash)
==2363==    by 0x137544: main (in /usr/bin/bash)
==2363== 
==2363== 5 bytes in 1 blocks are still reachable in loss record 37 of 304
==2363==    at 0x483B7F3: malloc (in /usr/lib/x86_64-linux-gnu/valgrind/vgpreload_memcheck-amd64-linux.so)
==2363==    by 0x1984F3: xmalloc (in /usr/bin/bash)
==2363==    by 0x1544D7: ??? (in /usr/bin/bash)
==2363==    by 0x157FCF: ??? (in /usr/bin/bash)
==2363==    by 0x15805C: ??? (in /usr/bin/bash)
==2363==    by 0x15AE90: initialize_shell_variables (in /usr/bin/bash)
==2363==    by 0x138DC9: ??? (in /usr/bin/bash)
==2363==    by 0x137544: main (in /usr/bin/bash)
==2363== 
==2363== 5 bytes in 1 blocks are still reachable in loss record 38 of 304
==2363==    at 0x483B7F3: malloc (in /usr/lib/x86_64-linux-gnu/valgrind/vgpreload_memcheck-amd64-linux.so)
==2363==    by 0x1984F3: xmalloc (in /usr/bin/bash)
==2363==    by 0x157FED: ??? (in /usr/bin/bash)
==2363==    by 0x15805C: ??? (in /usr/bin/bash)
==2363==    by 0x15AE90: initialize_shell_variables (in /usr/bin/bash)
==2363==    by 0x138DC9: ??? (in /usr/bin/bash)
==2363==    by 0x137544: main (in /usr/bin/bash)
==2363== 
==2363== 5 bytes in 1 blocks are still reachable in loss record 39 of 304
==2363==    at 0x483B7F3: malloc (in /usr/lib/x86_64-linux-gnu/valgrind/vgpreload_memcheck-amd64-linux.so)
==2363==    by 0x1984F3: xmalloc (in /usr/bin/bash)
==2363==    by 0x138C10: ??? (in /usr/bin/bash)
==2363==    by 0x15B81C: initialize_shell_variables (in /usr/bin/bash)
==2363==    by 0x138DC9: ??? (in /usr/bin/bash)
==2363==    by 0x137544: main (in /usr/bin/bash)
==2363== 
==2363== 5 bytes in 1 blocks are still reachable in loss record 40 of 304
==2363==    at 0x483B7F3: malloc (in /usr/lib/x86_64-linux-gnu/valgrind/vgpreload_memcheck-amd64-linux.so)
==2363==    by 0x1984F3: xmalloc (in /usr/bin/bash)
==2363==    by 0x1544D7: ??? (in /usr/bin/bash)
==2363==    by 0x157FCF: ??? (in /usr/bin/bash)
==2363==    by 0x15805C: ??? (in /usr/bin/bash)
==2363==    by 0x15B7AE: initialize_shell_variables (in /usr/bin/bash)
==2363==    by 0x138DC9: ??? (in /usr/bin/bash)
==2363==    by 0x137544: main (in /usr/bin/bash)
==2363== 
==2363== 5 bytes in 1 blocks are still reachable in loss record 41 of 304
==2363==    at 0x483B7F3: malloc (in /usr/lib/x86_64-linux-gnu/valgrind/vgpreload_memcheck-amd64-linux.so)
==2363==    by 0x1984F3: xmalloc (in /usr/bin/bash)
==2363==    by 0x157FED: ??? (in /usr/bin/bash)
==2363==    by 0x15805C: ??? (in /usr/bin/bash)
==2363==    by 0x15B7AE: initialize_shell_variables (in /usr/bin/bash)
==2363==    by 0x138DC9: ??? (in /usr/bin/bash)
==2363==    by 0x137544: main (in /usr/bin/bash)
==2363== 
==2363== 5 bytes in 1 blocks are still reachable in loss record 42 of 304
==2363==    at 0x483B7F3: malloc (in /usr/lib/x86_64-linux-gnu/valgrind/vgpreload_memcheck-amd64-linux.so)
==2363==    by 0x1984F3: xmalloc (in /usr/bin/bash)
==2363==    by 0x183473: array_create_element (in /usr/bin/bash)
==2363==    by 0x18367F: ??? (in /usr/bin/bash)
==2363==    by 0x137CCD: main (in /usr/bin/bash)
==2363== 
==2363== 6 bytes in 1 blocks are still reachable in loss record 43 of 304
==2363==    at 0x483B7F3: malloc (in /usr/lib/x86_64-linux-gnu/valgrind/vgpreload_memcheck-amd64-linux.so)
==2363==    by 0x1984F3: xmalloc (in /usr/bin/bash)
==2363==    by 0x1544D7: ??? (in /usr/bin/bash)
==2363==    by 0x157FCF: ??? (in /usr/bin/bash)
==2363==    by 0x15805C: ??? (in /usr/bin/bash)
==2363==    by 0x15929E: adjust_shell_level (in /usr/bin/bash)
==2363==    by 0x15AC10: initialize_shell_variables (in /usr/bin/bash)
==2363==    by 0x138DC9: ??? (in /usr/bin/bash)
==2363==    by 0x137544: main (in /usr/bin/bash)
==2363== 
==2363== 6 bytes in 1 blocks are still reachable in loss record 44 of 304
==2363==    at 0x483B7F3: malloc (in /usr/lib/x86_64-linux-gnu/valgrind/vgpreload_memcheck-amd64-linux.so)
==2363==    by 0x1984F3: xmalloc (in /usr/bin/bash)
==2363==    by 0x157FED: ??? (in /usr/bin/bash)
==2363==    by 0x15805C: ??? (in /usr/bin/bash)
==2363==    by 0x15929E: adjust_shell_level (in /usr/bin/bash)
==2363==    by 0x15AC10: initialize_shell_variables (in /usr/bin/bash)
==2363==    by 0x138DC9: ??? (in /usr/bin/bash)
==2363==    by 0x137544: main (in /usr/bin/bash)
==2363== 
==2363== 6 bytes in 1 blocks are still reachable in loss record 45 of 304
==2363==    at 0x483B7F3: malloc (in /usr/lib/x86_64-linux-gnu/valgrind/vgpreload_memcheck-amd64-linux.so)
==2363==    by 0x1984F3: xmalloc (in /usr/bin/bash)
==2363==    by 0x138C68: ??? (in /usr/bin/bash)
==2363==    by 0x15B81C: initialize_shell_variables (in /usr/bin/bash)
==2363==    by 0x138DC9: ??? (in /usr/bin/bash)
==2363==    by 0x137544: main (in /usr/bin/bash)
==2363== 
==2363== 6 bytes in 1 blocks are still reachable in loss record 46 of 304
==2363==    at 0x483B7F3: malloc (in /usr/lib/x86_64-linux-gnu/valgrind/vgpreload_memcheck-amd64-linux.so)
==2363==    by 0x1984F3: xmalloc (in /usr/bin/bash)
==2363==    by 0x1544D7: ??? (in /usr/bin/bash)
==2363==    by 0x157FCF: ??? (in /usr/bin/bash)
==2363==    by 0x15805C: ??? (in /usr/bin/bash)
==2363==    by 0x15B635: initialize_shell_variables (in /usr/bin/bash)
==2363==    by 0x138DC9: ??? (in /usr/bin/bash)
==2363==    by 0x137544: main (in /usr/bin/bash)
==2363== 
==2363== 6 bytes in 1 blocks are still reachable in loss record 47 of 304
==2363==    at 0x483B7F3: malloc (in /usr/lib/x86_64-linux-gnu/valgrind/vgpreload_memcheck-amd64-linux.so)
==2363==    by 0x1984F3: xmalloc (in /usr/bin/bash)
==2363==    by 0x157FED: ??? (in /usr/bin/bash)
==2363==    by 0x15805C: ??? (in /usr/bin/bash)
==2363==    by 0x15B635: initialize_shell_variables (in /usr/bin/bash)
==2363==    by 0x138DC9: ??? (in /usr/bin/bash)
==2363==    by 0x137544: main (in /usr/bin/bash)
==2363== 
==2363== 7 bytes in 1 blocks are still reachable in loss record 48 of 304
==2363==    at 0x483B7F3: malloc (in /usr/lib/x86_64-linux-gnu/valgrind/vgpreload_memcheck-amd64-linux.so)
==2363==    by 0x1984F3: xmalloc (in /usr/bin/bash)
==2363==    by 0x1544D7: ??? (in /usr/bin/bash)
==2363==    by 0x157FCF: ??? (in /usr/bin/bash)
==2363==    by 0x15805C: ??? (in /usr/bin/bash)
==2363==    by 0x159490: set_pwd (in /usr/bin/bash)
==2363==    by 0x15AAEE: initialize_shell_variables (in /usr/bin/bash)
==2363==    by 0x138DC9: ??? (in /usr/bin/bash)
==2363==    by 0x137544: main (in /usr/bin/bash)
==2363== 
==2363== 7 bytes in 1 blocks are still reachable in loss record 49 of 304
==2363==    at 0x483B7F3: malloc (in /usr/lib/x86_64-linux-gnu/valgrind/vgpreload_memcheck-amd64-linux.so)
==2363==    by 0x1984F3: xmalloc (in /usr/bin/bash)
==2363==    by 0x157FED: ??? (in /usr/bin/bash)
==2363==    by 0x15805C: ??? (in /usr/bin/bash)
==2363==    by 0x159490: set_pwd (in /usr/bin/bash)
==2363==    by 0x15AAEE: initialize_shell_variables (in /usr/bin/bash)
==2363==    by 0x138DC9: ??? (in /usr/bin/bash)
==2363==    by 0x137544: main (in /usr/bin/bash)
==2363== 
==2363== 7 bytes in 1 blocks are still reachable in loss record 50 of 304
==2363==    at 0x483B7F3: malloc (in /usr/lib/x86_64-linux-gnu/valgrind/vgpreload_memcheck-amd64-linux.so)
==2363==    by 0x1984F3: xmalloc (in /usr/bin/bash)
==2363==    by 0x156DA1: make_variable_value (in /usr/bin/bash)
==2363==    by 0x15806D: ??? (in /usr/bin/bash)
==2363==    by 0x15AB95: initialize_shell_variables (in /usr/bin/bash)
==2363==    by 0x138DC9: ??? (in /usr/bin/bash)
==2363==    by 0x137544: main (in /usr/bin/bash)
==2363== 
==2363== 7 bytes in 1 blocks are still reachable in loss record 51 of 304
==2363==    at 0x483B7F3: malloc (in /usr/lib/x86_64-linux-gnu/valgrind/vgpreload_memcheck-amd64-linux.so)
==2363==    by 0x1984F3: xmalloc (in /usr/bin/bash)
==2363==    by 0x1544D7: ??? (in /usr/bin/bash)
==2363==    by 0x157FCF: ??? (in /usr/bin/bash)
==2363==    by 0x15805C: ??? (in /usr/bin/bash)
==2363==    by 0x15ABA8: initialize_shell_variables (in /usr/bin/bash)
==2363==    by 0x138DC9: ??? (in /usr/bin/bash)
==2363==    by 0x137544: main (in /usr/bin/bash)
==2363== 
==2363== 7 bytes in 1 blocks are still reachable in loss record 52 of 304
==2363==    at 0x483B7F3: malloc (in /usr/lib/x86_64-linux-gnu/valgrind/vgpreload_memcheck-amd64-linux.so)
==2363==    by 0x1984F3: xmalloc (in /usr/bin/bash)
==2363==    by 0x157FED: ??? (in /usr/bin/bash)
==2363==    by 0x15805C: ??? (in /usr/bin/bash)
==2363==    by 0x15ABA8: initialize_shell_variables (in /usr/bin/bash)
==2363==    by 0x138DC9: ??? (in /usr/bin/bash)
==2363==    by 0x137544: main (in /usr/bin/bash)
==2363== 
==2363== 7 bytes in 1 blocks are still reachable in loss record 53 of 304
==2363==    at 0x483B7F3: malloc (in /usr/lib/x86_64-linux-gnu/valgrind/vgpreload_memcheck-amd64-linux.so)
==2363==    by 0x1984F3: xmalloc (in /usr/bin/bash)
==2363==    by 0x1544D7: ??? (in /usr/bin/bash)
==2363==    by 0x157FCF: ??? (in /usr/bin/bash)
==2363==    by 0x15805C: ??? (in /usr/bin/bash)
==2363==    by 0x15AC2A: initialize_shell_variables (in /usr/bin/bash)
==2363==    by 0x138DC9: ??? (in /usr/bin/bash)
==2363==    by 0x137544: main (in /usr/bin/bash)
==2363== 
==2363== 7 bytes in 1 blocks are still reachable in loss record 54 of 304
==2363==    at 0x483B7F3: malloc (in /usr/lib/x86_64-linux-gnu/valgrind/vgpreload_memcheck-amd64-linux.so)
==2363==    by 0x1984F3: xmalloc (in /usr/bin/bash)
==2363==    by 0x157FED: ??? (in /usr/bin/bash)
==2363==    by 0x15805C: ??? (in /usr/bin/bash)
==2363==    by 0x15AC2A: initialize_shell_variables (in /usr/bin/bash)
==2363==    by 0x138DC9: ??? (in /usr/bin/bash)
==2363==    by 0x137544: main (in /usr/bin/bash)
==2363== 
==2363== 7 bytes in 1 blocks are still reachable in loss record 55 of 304
==2363==    at 0x483B7F3: malloc (in /usr/lib/x86_64-linux-gnu/valgrind/vgpreload_memcheck-amd64-linux.so)
==2363==    by 0x1984F3: xmalloc (in /usr/bin/bash)
==2363==    by 0x1544D7: ??? (in /usr/bin/bash)
==2363==    by 0x157FCF: ??? (in /usr/bin/bash)
==2363==    by 0x15805C: ??? (in /usr/bin/bash)
==2363==    by 0x15AC4A: initialize_shell_variables (in /usr/bin/bash)
==2363==    by 0x138DC9: ??? (in /usr/bin/bash)
==2363==    by 0x137544: main (in /usr/bin/bash)
==2363== 
==2363== 7 bytes in 1 blocks are still reachable in loss record 56 of 304
==2363==    at 0x483B7F3: malloc (in /usr/lib/x86_64-linux-gnu/valgrind/vgpreload_memcheck-amd64-linux.so)
==2363==    by 0x1984F3: xmalloc (in /usr/bin/bash)
==2363==    by 0x157FED: ??? (in /usr/bin/bash)
==2363==    by 0x15805C: ??? (in /usr/bin/bash)
==2363==    by 0x15AC4A: initialize_shell_variables (in /usr/bin/bash)
==2363==    by 0x138DC9: ??? (in /usr/bin/bash)
==2363==    by 0x137544: main (in /usr/bin/bash)
==2363== 
==2363== 7 bytes in 1 blocks are still reachable in loss record 57 of 304
==2363==    at 0x483B7F3: malloc (in /usr/lib/x86_64-linux-gnu/valgrind/vgpreload_memcheck-amd64-linux.so)
==2363==    by 0x1984F3: xmalloc (in /usr/bin/bash)
==2363==    by 0x1544D7: ??? (in /usr/bin/bash)
==2363==    by 0x157FCF: ??? (in /usr/bin/bash)
==2363==    by 0x15805C: ??? (in /usr/bin/bash)
==2363==    by 0x15B1AE: initialize_shell_variables (in /usr/bin/bash)
==2363==    by 0x138DC9: ??? (in /usr/bin/bash)
==2363==    by 0x137544: main (in /usr/bin/bash)
==2363== 
==2363== 7 bytes in 1 blocks are still reachable in loss record 58 of 304
==2363==    at 0x483B7F3: malloc (in /usr/lib/x86_64-linux-gnu/valgrind/vgpreload_memcheck-amd64-linux.so)
==2363==    by 0x1984F3: xmalloc (in /usr/bin/bash)
==2363==    by 0x157FED: ??? (in /usr/bin/bash)
==2363==    by 0x15805C: ??? (in /usr/bin/bash)
==2363==    by 0x15B1AE: initialize_shell_variables (in /usr/bin/bash)
==2363==    by 0x138DC9: ??? (in /usr/bin/bash)
==2363==    by 0x137544: main (in /usr/bin/bash)
==2363== 
==2363== 7 bytes in 1 blocks are still reachable in loss record 59 of 304
==2363==    at 0x483B7F3: malloc (in /usr/lib/x86_64-linux-gnu/valgrind/vgpreload_memcheck-amd64-linux.so)
==2363==    by 0x1984F3: xmalloc (in /usr/bin/bash)
==2363==    by 0x1544D7: ??? (in /usr/bin/bash)
==2363==    by 0x157FCF: ??? (in /usr/bin/bash)
==2363==    by 0x15805C: ??? (in /usr/bin/bash)
==2363==    by 0x15B1D8: initialize_shell_variables (in /usr/bin/bash)
==2363==    by 0x138DC9: ??? (in /usr/bin/bash)
==2363==    by 0x137544: main (in /usr/bin/bash)
==2363== 
==2363== 7 bytes in 1 blocks are still reachable in loss record 60 of 304
==2363==    at 0x483B7F3: malloc (in /usr/lib/x86_64-linux-gnu/valgrind/vgpreload_memcheck-amd64-linux.so)
==2363==    by 0x1984F3: xmalloc (in /usr/bin/bash)
==2363==    by 0x157FED: ??? (in /usr/bin/bash)
==2363==    by 0x15805C: ??? (in /usr/bin/bash)
==2363==    by 0x15B1D8: initialize_shell_variables (in /usr/bin/bash)
==2363==    by 0x138DC9: ??? (in /usr/bin/bash)
==2363==    by 0x137544: main (in /usr/bin/bash)
==2363== 
==2363== 7 bytes in 1 blocks are still reachable in loss record 61 of 304
==2363==    at 0x483B7F3: malloc (in /usr/lib/x86_64-linux-gnu/valgrind/vgpreload_memcheck-amd64-linux.so)
==2363==    by 0x1984F3: xmalloc (in /usr/bin/bash)
==2363==    by 0x1544D7: ??? (in /usr/bin/bash)
==2363==    by 0x157FCF: ??? (in /usr/bin/bash)
==2363==    by 0x158D55: make_new_array_variable (in /usr/bin/bash)
==2363==    by 0x158DA7: ??? (in /usr/bin/bash)
==2363==    by 0x15B2EC: initialize_shell_variables (in /usr/bin/bash)
==2363==    by 0x138DC9: ??? (in /usr/bin/bash)
==2363==    by 0x137544: main (in /usr/bin/bash)
==2363== 
==2363== 7 bytes in 1 blocks are still reachable in loss record 62 of 304
==2363==    at 0x483B7F3: malloc (in /usr/lib/x86_64-linux-gnu/valgrind/vgpreload_memcheck-amd64-linux.so)
==2363==    by 0x1984F3: xmalloc (in /usr/bin/bash)
==2363==    by 0x157FED: ??? (in /usr/bin/bash)
==2363==    by 0x158D55: make_new_array_variable (in /usr/bin/bash)
==2363==    by 0x158DA7: ??? (in /usr/bin/bash)
==2363==    by 0x15B2EC: initialize_shell_variables (in /usr/bin/bash)
==2363==    by 0x138DC9: ??? (in /usr/bin/bash)
==2363==    by 0x137544: main (in /usr/bin/bash)
==2363== 
==2363== 8 bytes in 1 blocks are still reachable in loss record 63 of 304
==2363==    at 0x483B7F3: malloc (in /usr/lib/x86_64-linux-gnu/valgrind/vgpreload_memcheck-amd64-linux.so)
==2363==    by 0x1984F3: xmalloc (in /usr/bin/bash)
==2363==    by 0x183473: array_create_element (in /usr/bin/bash)
==2363==    by 0x183987: array_insert (in /usr/bin/bash)
==2363==    by 0x15AF95: initialize_shell_variables (in /usr/bin/bash)
==2363==    by 0x138DC9: ??? (in /usr/bin/bash)
==2363==    by 0x137544: main (in /usr/bin/bash)
==2363== 
==2363== 8 bytes in 1 blocks are still reachable in loss record 64 of 304
==2363==    at 0x483B7F3: malloc (in /usr/lib/x86_64-linux-gnu/valgrind/vgpreload_memcheck-amd64-linux.so)
==2363==    by 0x1984F3: xmalloc (in /usr/bin/bash)
==2363==    by 0x1544D7: ??? (in /usr/bin/bash)
==2363==    by 0x157FCF: ??? (in /usr/bin/bash)
==2363==    by 0x15805C: ??? (in /usr/bin/bash)
==2363==    by 0x15B112: initialize_shell_variables (in /usr/bin/bash)
==2363==    by 0x138DC9: ??? (in /usr/bin/bash)
==2363==    by 0x137544: main (in /usr/bin/bash)
==2363== 
==2363== 8 bytes in 1 blocks are still reachable in loss record 65 of 304
==2363==    at 0x483B7F3: malloc (in /usr/lib/x86_64-linux-gnu/valgrind/vgpreload_memcheck-amd64-linux.so)
==2363==    by 0x1984F3: xmalloc (in /usr/bin/bash)
==2363==    by 0x157FED: ??? (in /usr/bin/bash)
==2363==    by 0x15805C: ??? (in /usr/bin/bash)
==2363==    by 0x15B112: initialize_shell_variables (in /usr/bin/bash)
==2363==    by 0x138DC9: ??? (in /usr/bin/bash)
==2363==    by 0x137544: main (in /usr/bin/bash)
==2363== 
==2363== 8 bytes in 1 blocks are still reachable in loss record 66 of 304
==2363==    at 0x483B7F3: malloc (in /usr/lib/x86_64-linux-gnu/valgrind/vgpreload_memcheck-amd64-linux.so)
==2363==    by 0x1984F3: xmalloc (in /usr/bin/bash)
==2363==    by 0x1544D7: ??? (in /usr/bin/bash)
==2363==    by 0x157FCF: ??? (in /usr/bin/bash)
==2363==    by 0x15805C: ??? (in /usr/bin/bash)
==2363==    by 0x15B205: initialize_shell_variables (in /usr/bin/bash)
==2363==    by 0x138DC9: ??? (in /usr/bin/bash)
==2363==    by 0x137544: main (in /usr/bin/bash)
==2363== 
==2363== 8 bytes in 1 blocks are still reachable in loss record 67 of 304
==2363==    at 0x483B7F3: malloc (in /usr/lib/x86_64-linux-gnu/valgrind/vgpreload_memcheck-amd64-linux.so)
==2363==    by 0x1984F3: xmalloc (in /usr/bin/bash)
==2363==    by 0x157FED: ??? (in /usr/bin/bash)
==2363==    by 0x15805C: ??? (in /usr/bin/bash)
==2363==    by 0x15B205: initialize_shell_variables (in /usr/bin/bash)
==2363==    by 0x138DC9: ??? (in /usr/bin/bash)
==2363==    by 0x137544: main (in /usr/bin/bash)
==2363== 
==2363== 8 bytes in 1 blocks are still reachable in loss record 68 of 304
==2363==    at 0x483B7F3: malloc (in /usr/lib/x86_64-linux-gnu/valgrind/vgpreload_memcheck-amd64-linux.so)
==2363==    by 0x1984F3: xmalloc (in /usr/bin/bash)
==2363==    by 0x1544D7: ??? (in /usr/bin/bash)
==2363==    by 0x157FCF: ??? (in /usr/bin/bash)
==2363==    by 0x15805C: ??? (in /usr/bin/bash)
==2363==    by 0x15B27B: initialize_shell_variables (in /usr/bin/bash)
==2363==    by 0x138DC9: ??? (in /usr/bin/bash)
==2363==    by 0x137544: main (in /usr/bin/bash)
==2363== 
==2363== 8 bytes in 1 blocks are still reachable in loss record 69 of 304
==2363==    at 0x483B7F3: malloc (in /usr/lib/x86_64-linux-gnu/valgrind/vgpreload_memcheck-amd64-linux.so)
==2363==    by 0x1984F3: xmalloc (in /usr/bin/bash)
==2363==    by 0x157FED: ??? (in /usr/bin/bash)
==2363==    by 0x15805C: ??? (in /usr/bin/bash)
==2363==    by 0x15B27B: initialize_shell_variables (in /usr/bin/bash)
==2363==    by 0x138DC9: ??? (in /usr/bin/bash)
==2363==    by 0x137544: main (in /usr/bin/bash)
==2363== 
==2363== 9 bytes in 1 blocks are still reachable in loss record 70 of 304
==2363==    at 0x483B7F3: malloc (in /usr/lib/x86_64-linux-gnu/valgrind/vgpreload_memcheck-amd64-linux.so)
==2363==    by 0x1984F3: xmalloc (in /usr/bin/bash)
==2363==    by 0x1544D7: ??? (in /usr/bin/bash)
==2363==    by 0x157FCF: ??? (in /usr/bin/bash)
==2363==    by 0x15805C: ??? (in /usr/bin/bash)
==2363==    by 0x15AB95: initialize_shell_variables (in /usr/bin/bash)
==2363==    by 0x138DC9: ??? (in /usr/bin/bash)
==2363==    by 0x137544: main (in /usr/bin/bash)
==2363== 
==2363== 9 bytes in 1 blocks are still reachable in loss record 71 of 304
==2363==    at 0x483B7F3: malloc (in /usr/lib/x86_64-linux-gnu/valgrind/vgpreload_memcheck-amd64-linux.so)
==2363==    by 0x1984F3: xmalloc (in /usr/bin/bash)
==2363==    by 0x157FED: ??? (in /usr/bin/bash)
==2363==    by 0x15805C: ??? (in /usr/bin/bash)
==2363==    by 0x15AB95: initialize_shell_variables (in /usr/bin/bash)
==2363==    by 0x138DC9: ??? (in /usr/bin/bash)
==2363==    by 0x137544: main (in /usr/bin/bash)
==2363== 
==2363== 9 bytes in 1 blocks are still reachable in loss record 72 of 304
==2363==    at 0x483B7F3: malloc (in /usr/lib/x86_64-linux-gnu/valgrind/vgpreload_memcheck-amd64-linux.so)
==2363==    by 0x1984F3: xmalloc (in /usr/bin/bash)
==2363==    by 0x1544D7: ??? (in /usr/bin/bash)
==2363==    by 0x157FCF: ??? (in /usr/bin/bash)
==2363==    by 0x15805C: ??? (in /usr/bin/bash)
==2363==    by 0x15ABBB: initialize_shell_variables (in /usr/bin/bash)
==2363==    by 0x138DC9: ??? (in /usr/bin/bash)
==2363==    by 0x137544: main (in /usr/bin/bash)
==2363== 
==2363== 9 bytes in 1 blocks are still reachable in loss record 73 of 304
==2363==    at 0x483B7F3: malloc (in /usr/lib/x86_64-linux-gnu/valgrind/vgpreload_memcheck-amd64-linux.so)
==2363==    by 0x1984F3: xmalloc (in /usr/bin/bash)
==2363==    by 0x157FED: ??? (in /usr/bin/bash)
==2363==    by 0x15805C: ??? (in /usr/bin/bash)
==2363==    by 0x15ABBB: initialize_shell_variables (in /usr/bin/bash)
==2363==    by 0x138DC9: ??? (in /usr/bin/bash)
==2363==    by 0x137544: main (in /usr/bin/bash)
==2363== 
==2363== 9 bytes in 1 blocks are still reachable in loss record 74 of 304
==2363==    at 0x483B7F3: malloc (in /usr/lib/x86_64-linux-gnu/valgrind/vgpreload_memcheck-amd64-linux.so)
==2363==    by 0x1984F3: xmalloc (in /usr/bin/bash)
==2363==    by 0x1544D7: ??? (in /usr/bin/bash)
==2363==    by 0x157FCF: ??? (in /usr/bin/bash)
==2363==    by 0x15805C: ??? (in /usr/bin/bash)
==2363==    by 0x15ABCE: initialize_shell_variables (in /usr/bin/bash)
==2363==    by 0x138DC9: ??? (in /usr/bin/bash)
==2363==    by 0x137544: main (in /usr/bin/bash)
==2363== 
==2363== 9 bytes in 1 blocks are still reachable in loss record 75 of 304
==2363==    at 0x483B7F3: malloc (in /usr/lib/x86_64-linux-gnu/valgrind/vgpreload_memcheck-amd64-linux.so)
==2363==    by 0x1984F3: xmalloc (in /usr/bin/bash)
==2363==    by 0x157FED: ??? (in /usr/bin/bash)
==2363==    by 0x15805C: ??? (in /usr/bin/bash)
==2363==    by 0x15ABCE: initialize_shell_variables (in /usr/bin/bash)
==2363==    by 0x138DC9: ??? (in /usr/bin/bash)
==2363==    by 0x137544: main (in /usr/bin/bash)
==2363== 
==2363== 9 bytes in 1 blocks are still reachable in loss record 76 of 304
==2363==    at 0x483B7F3: malloc (in /usr/lib/x86_64-linux-gnu/valgrind/vgpreload_memcheck-amd64-linux.so)
==2363==    by 0x1984F3: xmalloc (in /usr/bin/bash)
==2363==    by 0x1544D7: ??? (in /usr/bin/bash)
==2363==    by 0x157FCF: ??? (in /usr/bin/bash)
==2363==    by 0x158D55: make_new_array_variable (in /usr/bin/bash)
==2363==    by 0x158DA7: ??? (in /usr/bin/bash)
==2363==    by 0x15B2CD: initialize_shell_variables (in /usr/bin/bash)
==2363==    by 0x138DC9: ??? (in /usr/bin/bash)
==2363==    by 0x137544: main (in /usr/bin/bash)
==2363== 
==2363== 9 bytes in 1 blocks are still reachable in loss record 77 of 304
==2363==    at 0x483B7F3: malloc (in /usr/lib/x86_64-linux-gnu/valgrind/vgpreload_memcheck-amd64-linux.so)
==2363==    by 0x1984F3: xmalloc (in /usr/bin/bash)
==2363==    by 0x157FED: ??? (in /usr/bin/bash)
==2363==    by 0x158D55: make_new_array_variable (in /usr/bin/bash)
==2363==    by 0x158DA7: ??? (in /usr/bin/bash)
==2363==    by 0x15B2CD: initialize_shell_variables (in /usr/bin/bash)
==2363==    by 0x138DC9: ??? (in /usr/bin/bash)
==2363==    by 0x137544: main (in /usr/bin/bash)
==2363== 
==2363== 9 bytes in 1 blocks are still reachable in loss record 78 of 304
==2363==    at 0x483B7F3: malloc (in /usr/lib/x86_64-linux-gnu/valgrind/vgpreload_memcheck-amd64-linux.so)
==2363==    by 0x1984F3: xmalloc (in /usr/bin/bash)
==2363==    by 0x1544D7: ??? (in /usr/bin/bash)
==2363==    by 0x157FCF: ??? (in /usr/bin/bash)
==2363==    by 0x158D55: make_new_array_variable (in /usr/bin/bash)
==2363==    by 0x15B64D: initialize_shell_variables (in /usr/bin/bash)
==2363==    by 0x138DC9: ??? (in /usr/bin/bash)
==2363==    by 0x137544: main (in /usr/bin/bash)
==2363== 
==2363== 9 bytes in 1 blocks are still reachable in loss record 79 of 304
==2363==    at 0x483B7F3: malloc (in /usr/lib/x86_64-linux-gnu/valgrind/vgpreload_memcheck-amd64-linux.so)
==2363==    by 0x1984F3: xmalloc (in /usr/bin/bash)
==2363==    by 0x157FED: ??? (in /usr/bin/bash)
==2363==    by 0x158D55: make_new_array_variable (in /usr/bin/bash)
==2363==    by 0x15B64D: initialize_shell_variables (in /usr/bin/bash)
==2363==    by 0x138DC9: ??? (in /usr/bin/bash)
==2363==    by 0x137544: main (in /usr/bin/bash)
==2363== 
==2363== 9 bytes in 1 blocks are still reachable in loss record 80 of 304
==2363==    at 0x483B7F3: malloc (in /usr/lib/x86_64-linux-gnu/valgrind/vgpreload_memcheck-amd64-linux.so)
==2363==    by 0x1984F3: xmalloc (in /usr/bin/bash)
==2363==    by 0x1544D7: ??? (in /usr/bin/bash)
==2363==    by 0x157FCF: ??? (in /usr/bin/bash)
==2363==    by 0x15805C: ??? (in /usr/bin/bash)
==2363==    by 0x1AC4B0: set_bashopts (in /usr/bin/bash)
==2363==    by 0x138E1C: ??? (in /usr/bin/bash)
==2363==    by 0x137544: main (in /usr/bin/bash)
==2363== 
==2363== 9 bytes in 1 blocks are still reachable in loss record 81 of 304
==2363==    at 0x483B7F3: malloc (in /usr/lib/x86_64-linux-gnu/valgrind/vgpreload_memcheck-amd64-linux.so)
==2363==    by 0x1984F3: xmalloc (in /usr/bin/bash)
==2363==    by 0x157FED: ??? (in /usr/bin/bash)
==2363==    by 0x15805C: ??? (in /usr/bin/bash)
==2363==    by 0x1AC4B0: set_bashopts (in /usr/bin/bash)
==2363==    by 0x138E1C: ??? (in /usr/bin/bash)
==2363==    by 0x137544: main (in /usr/bin/bash)
==2363== 
==2363== 10 bytes in 1 blocks are still reachable in loss record 82 of 304
==2363==    at 0x483B7F3: malloc (in /usr/lib/x86_64-linux-gnu/valgrind/vgpreload_memcheck-amd64-linux.so)
==2363==    by 0x1984F3: xmalloc (in /usr/bin/bash)
==2363==    by 0x156DA1: make_variable_value (in /usr/bin/bash)
==2363==    by 0x15806D: ??? (in /usr/bin/bash)
==2363==    by 0x15ABA8: initialize_shell_variables (in /usr/bin/bash)
==2363==    by 0x138DC9: ??? (in /usr/bin/bash)
==2363==    by 0x137544: main (in /usr/bin/bash)
==2363== 
==2363== 10 bytes in 1 blocks are still reachable in loss record 83 of 304
==2363==    at 0x483B7F3: malloc (in /usr/lib/x86_64-linux-gnu/valgrind/vgpreload_memcheck-amd64-linux.so)
==2363==    by 0x1984F3: xmalloc (in /usr/bin/bash)
==2363==    by 0x156DA1: make_variable_value (in /usr/bin/bash)
==2363==    by 0x15806D: ??? (in /usr/bin/bash)
==2363==    by 0x15AE90: initialize_shell_variables (in /usr/bin/bash)
==2363==    by 0x138DC9: ??? (in /usr/bin/bash)
==2363==    by 0x137544: main (in /usr/bin/bash)
==2363== 
==2363== 10 bytes in 1 blocks are still reachable in loss record 84 of 304
==2363==    at 0x483B7F3: malloc (in /usr/lib/x86_64-linux-gnu/valgrind/vgpreload_memcheck-amd64-linux.so)
==2363==    by 0x1984F3: xmalloc (in /usr/bin/bash)
==2363==    by 0x138D28: ??? (in /usr/bin/bash)
==2363==    by 0x15B81C: initialize_shell_variables (in /usr/bin/bash)
==2363==    by 0x138DC9: ??? (in /usr/bin/bash)
==2363==    by 0x137544: main (in /usr/bin/bash)
==2363== 
==2363== 10 bytes in 1 blocks are still reachable in loss record 85 of 304
==2363==    at 0x483B7F3: malloc (in /usr/lib/x86_64-linux-gnu/valgrind/vgpreload_memcheck-amd64-linux.so)
==2363==    by 0x1984F3: xmalloc (in /usr/bin/bash)
==2363==    by 0x156DA1: make_variable_value (in /usr/bin/bash)
==2363==    by 0x15806D: ??? (in /usr/bin/bash)
==2363==    by 0x15B635: initialize_shell_variables (in /usr/bin/bash)
==2363==    by 0x138DC9: ??? (in /usr/bin/bash)
==2363==    by 0x137544: main (in /usr/bin/bash)
==2363== 
==2363== 10 bytes in 1 blocks are still reachable in loss record 86 of 304
==2363==    at 0x483B7F3: malloc (in /usr/lib/x86_64-linux-gnu/valgrind/vgpreload_memcheck-amd64-linux.so)
==2363==    by 0x1984F3: xmalloc (in /usr/bin/bash)
==2363==    by 0x1544D7: ??? (in /usr/bin/bash)
==2363==    by 0x157FCF: ??? (in /usr/bin/bash)
==2363==    by 0x158D55: make_new_array_variable (in /usr/bin/bash)
==2363==    by 0x158DA7: ??? (in /usr/bin/bash)
==2363==    by 0x15B30B: initialize_shell_variables (in /usr/bin/bash)
==2363==    by 0x138DC9: ??? (in /usr/bin/bash)
==2363==    by 0x137544: main (in /usr/bin/bash)
==2363== 
==2363== 10 bytes in 1 blocks are still reachable in loss record 87 of 304
==2363==    at 0x483B7F3: malloc (in /usr/lib/x86_64-linux-gnu/valgrind/vgpreload_memcheck-amd64-linux.so)
==2363==    by 0x1984F3: xmalloc (in /usr/bin/bash)
==2363==    by 0x157FED: ??? (in /usr/bin/bash)
==2363==    by 0x158D55: make_new_array_variable (in /usr/bin/bash)
==2363==    by 0x158DA7: ??? (in /usr/bin/bash)
==2363==    by 0x15B30B: initialize_shell_variables (in /usr/bin/bash)
==2363==    by 0x138DC9: ??? (in /usr/bin/bash)
==2363==    by 0x137544: main (in /usr/bin/bash)
==2363== 
==2363== 10 bytes in 1 blocks are still reachable in loss record 88 of 304
==2363==    at 0x483B7F3: malloc (in /usr/lib/x86_64-linux-gnu/valgrind/vgpreload_memcheck-amd64-linux.so)
==2363==    by 0x1984F3: xmalloc (in /usr/bin/bash)
==2363==    by 0x1544D7: ??? (in /usr/bin/bash)
==2363==    by 0x157FCF: ??? (in /usr/bin/bash)
==2363==    by 0x158D55: make_new_array_variable (in /usr/bin/bash)
==2363==    by 0x158DA7: ??? (in /usr/bin/bash)
==2363==    by 0x15B32A: initialize_shell_variables (in /usr/bin/bash)
==2363==    by 0x138DC9: ??? (in /usr/bin/bash)
==2363==    by 0x137544: main (in /usr/bin/bash)
==2363== 
==2363== 10 bytes in 1 blocks are still reachable in loss record 89 of 304
==2363==    at 0x483B7F3: malloc (in /usr/lib/x86_64-linux-gnu/valgrind/vgpreload_memcheck-amd64-linux.so)
==2363==    by 0x1984F3: xmalloc (in /usr/bin/bash)
==2363==    by 0x157FED: ??? (in /usr/bin/bash)
==2363==    by 0x158D55: make_new_array_variable (in /usr/bin/bash)
==2363==    by 0x158DA7: ??? (in /usr/bin/bash)
==2363==    by 0x15B32A: initialize_shell_variables (in /usr/bin/bash)
==2363==    by 0x138DC9: ??? (in /usr/bin/bash)
==2363==    by 0x137544: main (in /usr/bin/bash)
==2363== 
==2363== 10 bytes in 1 blocks are still reachable in loss record 90 of 304
==2363==    at 0x483B7F3: malloc (in /usr/lib/x86_64-linux-gnu/valgrind/vgpreload_memcheck-amd64-linux.so)
==2363==    by 0x1984F3: xmalloc (in /usr/bin/bash)
==2363==    by 0x1544D7: ??? (in /usr/bin/bash)
==2363==    by 0x157FCF: ??? (in /usr/bin/bash)
==2363==    by 0x158DE5: make_new_assoc_variable (in /usr/bin/bash)
==2363==    by 0x15B6A9: initialize_shell_variables (in /usr/bin/bash)
==2363==    by 0x138DC9: ??? (in /usr/bin/bash)
==2363==    by 0x137544: main (in /usr/bin/bash)
==2363== 
==2363== 10 bytes in 1 blocks are still reachable in loss record 91 of 304
==2363==    at 0x483B7F3: malloc (in /usr/lib/x86_64-linux-gnu/valgrind/vgpreload_memcheck-amd64-linux.so)
==2363==    by 0x1984F3: xmalloc (in /usr/bin/bash)
==2363==    by 0x157FED: ??? (in /usr/bin/bash)
==2363==    by 0x158DE5: make_new_assoc_variable (in /usr/bin/bash)
==2363==    by 0x15B6A9: initialize_shell_variables (in /usr/bin/bash)
==2363==    by 0x138DC9: ??? (in /usr/bin/bash)
==2363==    by 0x137544: main (in /usr/bin/bash)
==2363== 
==2363== 10 bytes in 1 blocks are still reachable in loss record 92 of 304
==2363==    at 0x483B7F3: malloc (in /usr/lib/x86_64-linux-gnu/valgrind/vgpreload_memcheck-amd64-linux.so)
==2363==    by 0x1984F3: xmalloc (in /usr/bin/bash)
==2363==    by 0x1544D7: ??? (in /usr/bin/bash)
==2363==    by 0x157FCF: ??? (in /usr/bin/bash)
==2363==    by 0x15805C: ??? (in /usr/bin/bash)
==2363==    by 0x1A76E0: set_shellopts (in /usr/bin/bash)
==2363==    by 0x138DFD: ??? (in /usr/bin/bash)
==2363==    by 0x137544: main (in /usr/bin/bash)
==2363== 
==2363== 10 bytes in 1 blocks are still reachable in loss record 93 of 304
==2363==    at 0x483B7F3: malloc (in /usr/lib/x86_64-linux-gnu/valgrind/vgpreload_memcheck-amd64-linux.so)
==2363==    by 0x1984F3: xmalloc (in /usr/bin/bash)
==2363==    by 0x157FED: ??? (in /usr/bin/bash)
==2363==    by 0x15805C: ??? (in /usr/bin/bash)
==2363==    by 0x1A76E0: set_shellopts (in /usr/bin/bash)
==2363==    by 0x138DFD: ??? (in /usr/bin/bash)
==2363==    by 0x137544: main (in /usr/bin/bash)
==2363== 
==2363== 10 bytes in 1 blocks are still reachable in loss record 94 of 304
==2363==    at 0x483B7F3: malloc (in /usr/lib/x86_64-linux-gnu/valgrind/vgpreload_memcheck-amd64-linux.so)
==2363==    by 0x198577: xrealloc (in /usr/bin/bash)
==2363==    by 0x13FAB0: ??? (in /usr/bin/bash)
==2363==    by 0x142EC7: yyparse (in /usr/bin/bash)
==2363==    by 0x13929A: parse_command (in /usr/bin/bash)
==2363==    by 0x1393A6: read_command (in /usr/bin/bash)
==2363==    by 0x1395C9: reader_loop (in /usr/bin/bash)
==2363==    by 0x137EF8: main (in /usr/bin/bash)
==2363== 
==2363== 10 bytes in 1 blocks are still reachable in loss record 95 of 304
==2363==    at 0x483B7F3: malloc (in /usr/lib/x86_64-linux-gnu/valgrind/vgpreload_memcheck-amd64-linux.so)
==2363==    by 0x1984F3: xmalloc (in /usr/bin/bash)
==2363==    by 0x14F948: execute_command_internal (in /usr/bin/bash)
==2363==    by 0x1519D9: execute_command (in /usr/bin/bash)
==2363==    by 0x139664: reader_loop (in /usr/bin/bash)
==2363==    by 0x137EF8: main (in /usr/bin/bash)
==2363== 
==2363== 11 bytes in 1 blocks are still reachable in loss record 96 of 304
==2363==    at 0x483B7F3: malloc (in /usr/lib/x86_64-linux-gnu/valgrind/vgpreload_memcheck-amd64-linux.so)
==2363==    by 0x1984F3: xmalloc (in /usr/bin/bash)
==2363==    by 0x1544D7: ??? (in /usr/bin/bash)
==2363==    by 0x157FCF: ??? (in /usr/bin/bash)
==2363==    by 0x15805C: ??? (in /usr/bin/bash)
==2363==    by 0x15B13F: initialize_shell_variables (in /usr/bin/bash)
==2363==    by 0x138DC9: ??? (in /usr/bin/bash)
==2363==    by 0x137544: main (in /usr/bin/bash)
==2363== 
==2363== 11 bytes in 1 blocks are still reachable in loss record 97 of 304
==2363==    at 0x483B7F3: malloc (in /usr/lib/x86_64-linux-gnu/valgrind/vgpreload_memcheck-amd64-linux.so)
==2363==    by 0x1984F3: xmalloc (in /usr/bin/bash)
==2363==    by 0x157FED: ??? (in /usr/bin/bash)
==2363==    by 0x15805C: ??? (in /usr/bin/bash)
==2363==    by 0x15B13F: initialize_shell_variables (in /usr/bin/bash)
==2363==    by 0x138DC9: ??? (in /usr/bin/bash)
==2363==    by 0x137544: main (in /usr/bin/bash)
==2363== 
==2363== 11 bytes in 1 blocks are still reachable in loss record 98 of 304
==2363==    at 0x483B7F3: malloc (in /usr/lib/x86_64-linux-gnu/valgrind/vgpreload_memcheck-amd64-linux.so)
==2363==    by 0x1984F3: xmalloc (in /usr/bin/bash)
==2363==    by 0x1544D7: ??? (in /usr/bin/bash)
==2363==    by 0x157FCF: ??? (in /usr/bin/bash)
==2363==    by 0x158D55: make_new_array_variable (in /usr/bin/bash)
==2363==    by 0x15C10B: set_pipestatus_array (in /usr/bin/bash)
==2363==    by 0x15172F: execute_command_internal (in /usr/bin/bash)
==2363==    by 0x1519D9: execute_command (in /usr/bin/bash)
==2363==    by 0x139664: reader_loop (in /usr/bin/bash)
==2363==    by 0x137EF8: main (in /usr/bin/bash)
==2363== 
==2363== 11 bytes in 1 blocks are still reachable in loss record 99 of 304
==2363==    at 0x483B7F3: malloc (in /usr/lib/x86_64-linux-gnu/valgrind/vgpreload_memcheck-amd64-linux.so)
==2363==    by 0x1984F3: xmalloc (in /usr/bin/bash)
==2363==    by 0x157FED: ??? (in /usr/bin/bash)
==2363==    by 0x158D55: make_new_array_variable (in /usr/bin/bash)
==2363==    by 0x15C10B: set_pipestatus_array (in /usr/bin/bash)
==2363==    by 0x15172F: execute_command_internal (in /usr/bin/bash)
==2363==    by 0x1519D9: execute_command (in /usr/bin/bash)
==2363==    by 0x139664: reader_loop (in /usr/bin/bash)
==2363==    by 0x137EF8: main (in /usr/bin/bash)
==2363== 
==2363== 12 bytes in 1 blocks are still reachable in loss record 100 of 304
==2363==    at 0x483B7F3: malloc (in /usr/lib/x86_64-linux-gnu/valgrind/vgpreload_memcheck-amd64-linux.so)
==2363==    by 0x1984F3: xmalloc (in /usr/bin/bash)
==2363==    by 0x1544D7: ??? (in /usr/bin/bash)
==2363==    by 0x157FCF: ??? (in /usr/bin/bash)
==2363==    by 0x158D55: make_new_array_variable (in /usr/bin/bash)
==2363==    by 0x158DA7: ??? (in /usr/bin/bash)
==2363==    by 0x15B349: initialize_shell_variables (in /usr/bin/bash)
==2363==    by 0x138DC9: ??? (in /usr/bin/bash)
==2363==    by 0x137544: main (in /usr/bin/bash)
==2363== 
==2363== 12 bytes in 1 blocks are still reachable in loss record 101 of 304
==2363==    at 0x483B7F3: malloc (in /usr/lib/x86_64-linux-gnu/valgrind/vgpreload_memcheck-amd64-linux.so)
==2363==    by 0x1984F3: xmalloc (in /usr/bin/bash)
==2363==    by 0x157FED: ??? (in /usr/bin/bash)
==2363==    by 0x158D55: make_new_array_variable (in /usr/bin/bash)
==2363==    by 0x158DA7: ??? (in /usr/bin/bash)
==2363==    by 0x15B349: initialize_shell_variables (in /usr/bin/bash)
==2363==    by 0x138DC9: ??? (in /usr/bin/bash)
==2363==    by 0x137544: main (in /usr/bin/bash)
==2363== 
==2363== 12 bytes in 1 blocks are still reachable in loss record 102 of 304
==2363==    at 0x483B7F3: malloc (in /usr/lib/x86_64-linux-gnu/valgrind/vgpreload_memcheck-amd64-linux.so)
==2363==    by 0x1984F3: xmalloc (in /usr/bin/bash)
==2363==    by 0x1544D7: ??? (in /usr/bin/bash)
==2363==    by 0x157FCF: ??? (in /usr/bin/bash)
==2363==    by 0x158D55: make_new_array_variable (in /usr/bin/bash)
==2363==    by 0x158DA7: ??? (in /usr/bin/bash)
==2363==    by 0x15B368: initialize_shell_variables (in /usr/bin/bash)
==2363==    by 0x138DC9: ??? (in /usr/bin/bash)
==2363==    by 0x137544: main (in /usr/bin/bash)
==2363== 
==2363== 12 bytes in 1 blocks are still reachable in loss record 103 of 304
==2363==    at 0x483B7F3: malloc (in /usr/lib/x86_64-linux-gnu/valgrind/vgpreload_memcheck-amd64-linux.so)
==2363==    by 0x1984F3: xmalloc (in /usr/bin/bash)
==2363==    by 0x157FED: ??? (in /usr/bin/bash)
==2363==    by 0x158D55: make_new_array_variable (in /usr/bin/bash)
==2363==    by 0x158DA7: ??? (in /usr/bin/bash)
==2363==    by 0x15B368: initialize_shell_variables (in /usr/bin/bash)
==2363==    by 0x138DC9: ??? (in /usr/bin/bash)
==2363==    by 0x137544: main (in /usr/bin/bash)
==2363== 
==2363== 13 bytes in 1 blocks are still reachable in loss record 104 of 304
==2363==    at 0x483B7F3: malloc (in /usr/lib/x86_64-linux-gnu/valgrind/vgpreload_memcheck-amd64-linux.so)
==2363==    by 0x1984F3: xmalloc (in /usr/bin/bash)
==2363==    by 0x138ECE: ??? (in /usr/bin/bash)
==2363==    by 0x137544: main (in /usr/bin/bash)
==2363== 
==2363== 13 bytes in 1 blocks are still reachable in loss record 105 of 304
==2363==    at 0x483B7F3: malloc (in /usr/lib/x86_64-linux-gnu/valgrind/vgpreload_memcheck-amd64-linux.so)
==2363==    by 0x1984F3: xmalloc (in /usr/bin/bash)
==2363==    by 0x156DA1: make_variable_value (in /usr/bin/bash)
==2363==    by 0x15806D: ??? (in /usr/bin/bash)
==2363==    by 0x15ABCE: initialize_shell_variables (in /usr/bin/bash)
==2363==    by 0x138DC9: ??? (in /usr/bin/bash)
==2363==    by 0x137544: main (in /usr/bin/bash)
==2363== 
==2363== 13 bytes in 1 blocks are still reachable in loss record 106 of 304
==2363==    at 0x483B7F3: malloc (in /usr/lib/x86_64-linux-gnu/valgrind/vgpreload_memcheck-amd64-linux.so)
==2363==    by 0x1984F3: xmalloc (in /usr/bin/bash)
==2363==    by 0x1544D7: ??? (in /usr/bin/bash)
==2363==    by 0x157FCF: ??? (in /usr/bin/bash)
==2363==    by 0x15805C: ??? (in /usr/bin/bash)
==2363==    by 0x15AECB: initialize_shell_variables (in /usr/bin/bash)
==2363==    by 0x138DC9: ??? (in /usr/bin/bash)
==2363==    by 0x137544: main (in /usr/bin/bash)
==2363== 
==2363== 13 bytes in 1 blocks are still reachable in loss record 107 of 304
==2363==    at 0x483B7F3: malloc (in /usr/lib/x86_64-linux-gnu/valgrind/vgpreload_memcheck-amd64-linux.so)
==2363==    by 0x1984F3: xmalloc (in /usr/bin/bash)
==2363==    by 0x157FED: ??? (in /usr/bin/bash)
==2363==    by 0x15805C: ??? (in /usr/bin/bash)
==2363==    by 0x15AECB: initialize_shell_variables (in /usr/bin/bash)
==2363==    by 0x138DC9: ??? (in /usr/bin/bash)
==2363==    by 0x137544: main (in /usr/bin/bash)
==2363== 
==2363== 13 bytes in 1 blocks are still reachable in loss record 108 of 304
==2363==    at 0x483B7F3: malloc (in /usr/lib/x86_64-linux-gnu/valgrind/vgpreload_memcheck-amd64-linux.so)
==2363==    by 0x1984F3: xmalloc (in /usr/bin/bash)
==2363==    by 0x1544D7: ??? (in /usr/bin/bash)
==2363==    by 0x157FCF: ??? (in /usr/bin/bash)
==2363==    by 0x15805C: ??? (in /usr/bin/bash)
==2363==    by 0x15B165: initialize_shell_variables (in /usr/bin/bash)
==2363==    by 0x138DC9: ??? (in /usr/bin/bash)
==2363==    by 0x137544: main (in /usr/bin/bash)
==2363== 
==2363== 13 bytes in 1 blocks are still reachable in loss record 109 of 304
==2363==    at 0x483B7F3: malloc (in /usr/lib/x86_64-linux-gnu/valgrind/vgpreload_memcheck-amd64-linux.so)
==2363==    by 0x1984F3: xmalloc (in /usr/bin/bash)
==2363==    by 0x157FED: ??? (in /usr/bin/bash)
==2363==    by 0x15805C: ??? (in /usr/bin/bash)
==2363==    by 0x15B165: initialize_shell_variables (in /usr/bin/bash)
==2363==    by 0x138DC9: ??? (in /usr/bin/bash)
==2363==    by 0x137544: main (in /usr/bin/bash)
==2363== 
==2363== 13 bytes in 1 blocks are still reachable in loss record 110 of 304
==2363==    at 0x483B7F3: malloc (in /usr/lib/x86_64-linux-gnu/valgrind/vgpreload_memcheck-amd64-linux.so)
==2363==    by 0x1984F3: xmalloc (in /usr/bin/bash)
==2363==    by 0x1544D7: ??? (in /usr/bin/bash)
==2363==    by 0x157FCF: ??? (in /usr/bin/bash)
==2363==    by 0x15805C: ??? (in /usr/bin/bash)
==2363==    by 0x15B228: initialize_shell_variables (in /usr/bin/bash)
==2363==    by 0x138DC9: ??? (in /usr/bin/bash)
==2363==    by 0x137544: main (in /usr/bin/bash)
==2363== 
==2363== 13 bytes in 1 blocks are still reachable in loss record 111 of 304
==2363==    at 0x483B7F3: malloc (in /usr/lib/x86_64-linux-gnu/valgrind/vgpreload_memcheck-amd64-linux.so)
==2363==    by 0x1984F3: xmalloc (in /usr/bin/bash)
==2363==    by 0x157FED: ??? (in /usr/bin/bash)
==2363==    by 0x15805C: ??? (in /usr/bin/bash)
==2363==    by 0x15B228: initialize_shell_variables (in /usr/bin/bash)
==2363==    by 0x138DC9: ??? (in /usr/bin/bash)
==2363==    by 0x137544: main (in /usr/bin/bash)
==2363== 
==2363== 13 bytes in 1 blocks are still reachable in loss record 112 of 304
==2363==    at 0x483B7F3: malloc (in /usr/lib/x86_64-linux-gnu/valgrind/vgpreload_memcheck-amd64-linux.so)
==2363==    by 0x1984F3: xmalloc (in /usr/bin/bash)
==2363==    by 0x1544D7: ??? (in /usr/bin/bash)
==2363==    by 0x157FCF: ??? (in /usr/bin/bash)
==2363==    by 0x158DE5: make_new_assoc_variable (in /usr/bin/bash)
==2363==    by 0x15B67B: initialize_shell_variables (in /usr/bin/bash)
==2363==    by 0x138DC9: ??? (in /usr/bin/bash)
==2363==    by 0x137544: main (in /usr/bin/bash)
==2363== 
==2363== 13 bytes in 1 blocks are still reachable in loss record 113 of 304
==2363==    at 0x483B7F3: malloc (in /usr/lib/x86_64-linux-gnu/valgrind/vgpreload_memcheck-amd64-linux.so)
==2363==    by 0x1984F3: xmalloc (in /usr/bin/bash)
==2363==    by 0x157FED: ??? (in /usr/bin/bash)
==2363==    by 0x158DE5: make_new_assoc_variable (in /usr/bin/bash)
==2363==    by 0x15B67B: initialize_shell_variables (in /usr/bin/bash)
==2363==    by 0x138DC9: ??? (in /usr/bin/bash)
==2363==    by 0x137544: main (in /usr/bin/bash)
==2363== 
==2363== 14 bytes in 1 blocks are still reachable in loss record 114 of 304
==2363==    at 0x483B7F3: malloc (in /usr/lib/x86_64-linux-gnu/valgrind/vgpreload_memcheck-amd64-linux.so)
==2363==    by 0x1984F3: xmalloc (in /usr/bin/bash)
==2363==    by 0x1544D7: ??? (in /usr/bin/bash)
==2363==    by 0x157FCF: ??? (in /usr/bin/bash)
==2363==    by 0x158D55: make_new_array_variable (in /usr/bin/bash)
==2363==    by 0x15AEE3: initialize_shell_variables (in /usr/bin/bash)
==2363==    by 0x138DC9: ??? (in /usr/bin/bash)
==2363==    by 0x137544: main (in /usr/bin/bash)
==2363== 
==2363== 14 bytes in 1 blocks are still reachable in loss record 115 of 304
==2363==    at 0x483B7F3: malloc (in /usr/lib/x86_64-linux-gnu/valgrind/vgpreload_memcheck-amd64-linux.so)
==2363==    by 0x1984F3: xmalloc (in /usr/bin/bash)
==2363==    by 0x157FED: ??? (in /usr/bin/bash)
==2363==    by 0x158D55: make_new_array_variable (in /usr/bin/bash)
==2363==    by 0x15AEE3: initialize_shell_variables (in /usr/bin/bash)
==2363==    by 0x138DC9: ??? (in /usr/bin/bash)
==2363==    by 0x137544: main (in /usr/bin/bash)
==2363== 
==2363== 14 bytes in 1 blocks are still reachable in loss record 116 of 304
==2363==    at 0x483B7F3: malloc (in /usr/lib/x86_64-linux-gnu/valgrind/vgpreload_memcheck-amd64-linux.so)
==2363==    by 0x1984F3: xmalloc (in /usr/bin/bash)
==2363==    by 0x1544D7: ??? (in /usr/bin/bash)
==2363==    by 0x157FCF: ??? (in /usr/bin/bash)
==2363==    by 0x15805C: ??? (in /usr/bin/bash)
==2363==    by 0x15B188: initialize_shell_variables (in /usr/bin/bash)
==2363==    by 0x138DC9: ??? (in /usr/bin/bash)
==2363==    by 0x137544: main (in /usr/bin/bash)
==2363== 
==2363== 14 bytes in 1 blocks are still reachable in loss record 117 of 304
==2363==    at 0x483B7F3: malloc (in /usr/lib/x86_64-linux-gnu/valgrind/vgpreload_memcheck-amd64-linux.so)
==2363==    by 0x1984F3: xmalloc (in /usr/bin/bash)
==2363==    by 0x157FED: ??? (in /usr/bin/bash)
==2363==    by 0x15805C: ??? (in /usr/bin/bash)
==2363==    by 0x15B188: initialize_shell_variables (in /usr/bin/bash)
==2363==    by 0x138DC9: ??? (in /usr/bin/bash)
==2363==    by 0x137544: main (in /usr/bin/bash)
==2363== 
==2363== 14 bytes in 1 blocks are still reachable in loss record 118 of 304
==2363==    at 0x483B7F3: malloc (in /usr/lib/x86_64-linux-gnu/valgrind/vgpreload_memcheck-amd64-linux.so)
==2363==    by 0x1984F3: xmalloc (in /usr/bin/bash)
==2363==    by 0x1544D7: ??? (in /usr/bin/bash)
==2363==    by 0x157FCF: ??? (in /usr/bin/bash)
==2363==    by 0x15805C: ??? (in /usr/bin/bash)
==2363==    by 0x15B24E: initialize_shell_variables (in /usr/bin/bash)
==2363==    by 0x138DC9: ??? (in /usr/bin/bash)
==2363==    by 0x137544: main (in /usr/bin/bash)
==2363== 
==2363== 14 bytes in 1 blocks are still reachable in loss record 119 of 304
==2363==    at 0x483B7F3: malloc (in /usr/lib/x86_64-linux-gnu/valgrind/vgpreload_memcheck-amd64-linux.so)
==2363==    by 0x1984F3: xmalloc (in /usr/bin/bash)
==2363==    by 0x157FED: ??? (in /usr/bin/bash)
==2363==    by 0x15805C: ??? (in /usr/bin/bash)
==2363==    by 0x15B24E: initialize_shell_variables (in /usr/bin/bash)
==2363==    by 0x138DC9: ??? (in /usr/bin/bash)
==2363==    by 0x137544: main (in /usr/bin/bash)
==2363== 
==2363== 16 bytes in 1 blocks are still reachable in loss record 120 of 304
==2363==    at 0x483B7F3: malloc (in /usr/lib/x86_64-linux-gnu/valgrind/vgpreload_memcheck-amd64-linux.so)
==2363==    by 0x1984F3: xmalloc (in /usr/bin/bash)
==2363==    by 0x14789D: tilde_initialize (in /usr/bin/bash)
==2363==    by 0x138DA5: ??? (in /usr/bin/bash)
==2363==    by 0x137544: main (in /usr/bin/bash)
==2363== 
==2363== 16 bytes in 1 blocks are still reachable in loss record 121 of 304
==2363==    at 0x483B7F3: malloc (in /usr/lib/x86_64-linux-gnu/valgrind/vgpreload_memcheck-amd64-linux.so)
==2363==    by 0x1984F3: xmalloc (in /usr/bin/bash)
==2363==    by 0x1478EE: tilde_initialize (in /usr/bin/bash)
==2363==    by 0x138DA5: ??? (in /usr/bin/bash)
==2363==    by 0x137544: main (in /usr/bin/bash)
==2363== 
==2363== 16 bytes in 1 blocks are still reachable in loss record 122 of 304
==2363==    at 0x483B7F3: malloc (in /usr/lib/x86_64-linux-gnu/valgrind/vgpreload_memcheck-amd64-linux.so)
==2363==    by 0x1984F3: xmalloc (in /usr/bin/bash)
==2363==    by 0x17B6F6: hash_create (in /usr/bin/bash)
==2363==    by 0x157F8A: ??? (in /usr/bin/bash)
==2363==    by 0x15AAAB: initialize_shell_variables (in /usr/bin/bash)
==2363==    by 0x138DC9: ??? (in /usr/bin/bash)
==2363==    by 0x137544: main (in /usr/bin/bash)
==2363== 
==2363== 16 bytes in 1 blocks are still reachable in loss record 123 of 304
==2363==    at 0x483B7F3: malloc (in /usr/lib/x86_64-linux-gnu/valgrind/vgpreload_memcheck-amd64-linux.so)
==2363==    by 0x1984F3: xmalloc (in /usr/bin/bash)
==2363==    by 0x17B6F6: hash_create (in /usr/bin/bash)
==2363==    by 0x157FA9: ??? (in /usr/bin/bash)
==2363==    by 0x15AAAB: initialize_shell_variables (in /usr/bin/bash)
==2363==    by 0x138DC9: ??? (in /usr/bin/bash)
==2363==    by 0x137544: main (in /usr/bin/bash)
==2363== 
==2363== 16 bytes in 1 blocks are still reachable in loss record 124 of 304
==2363==    at 0x483B7F3: malloc (in /usr/lib/x86_64-linux-gnu/valgrind/vgpreload_memcheck-amd64-linux.so)
==2363==    by 0x1984F3: xmalloc (in /usr/bin/bash)
==2363==    by 0x17B6F6: hash_create (in /usr/bin/bash)
==2363==    by 0x157F51: ??? (in /usr/bin/bash)
==2363==    by 0x15AAAB: initialize_shell_variables (in /usr/bin/bash)
==2363==    by 0x138DC9: ??? (in /usr/bin/bash)
==2363==    by 0x137544: main (in /usr/bin/bash)
==2363== 
==2363== 16 bytes in 1 blocks are still reachable in loss record 125 of 304
==2363==    at 0x483B7F3: malloc (in /usr/lib/x86_64-linux-gnu/valgrind/vgpreload_memcheck-amd64-linux.so)
==2363==    by 0x1984F3: xmalloc (in /usr/bin/bash)
==2363==    by 0x1544D7: ??? (in /usr/bin/bash)
==2363==    by 0x157FCF: ??? (in /usr/bin/bash)
==2363==    by 0x15805C: ??? (in /usr/bin/bash)
==2363==    by 0x15B2A2: initialize_shell_variables (in /usr/bin/bash)
==2363==    by 0x138DC9: ??? (in /usr/bin/bash)
==2363==    by 0x137544: main (in /usr/bin/bash)
==2363== 
==2363== 16 bytes in 1 blocks are still reachable in loss record 126 of 304
==2363==    at 0x483B7F3: malloc (in /usr/lib/x86_64-linux-gnu/valgrind/vgpreload_memcheck-amd64-linux.so)
==2363==    by 0x1984F3: xmalloc (in /usr/bin/bash)
==2363==    by 0x157FED: ??? (in /usr/bin/bash)
==2363==    by 0x15805C: ??? (in /usr/bin/bash)
==2363==    by 0x15B2A2: initialize_shell_variables (in /usr/bin/bash)
==2363==    by 0x138DC9: ??? (in /usr/bin/bash)
==2363==    by 0x137544: main (in /usr/bin/bash)
==2363== 
==2363== 16 bytes in 1 blocks are still reachable in loss record 127 of 304
==2363==    at 0x483B7F3: malloc (in /usr/lib/x86_64-linux-gnu/valgrind/vgpreload_memcheck-amd64-linux.so)
==2363==    by 0x1984F3: xmalloc (in /usr/bin/bash)
==2363==    by 0x17B6F6: hash_create (in /usr/bin/bash)
==2363==    by 0x158DEF: make_new_assoc_variable (in /usr/bin/bash)
==2363==    by 0x15B6A9: initialize_shell_variables (in /usr/bin/bash)
==2363==    by 0x138DC9: ??? (in /usr/bin/bash)
==2363==    by 0x137544: main (in /usr/bin/bash)
==2363== 
==2363== 16 bytes in 1 blocks are still reachable in loss record 128 of 304
==2363==    at 0x483B7F3: malloc (in /usr/lib/x86_64-linux-gnu/valgrind/vgpreload_memcheck-amd64-linux.so)
==2363==    by 0x1984F3: xmalloc (in /usr/bin/bash)
==2363==    by 0x17B6F6: hash_create (in /usr/bin/bash)
==2363==    by 0x158DEF: make_new_assoc_variable (in /usr/bin/bash)
==2363==    by 0x15B67B: initialize_shell_variables (in /usr/bin/bash)
==2363==    by 0x138DC9: ??? (in /usr/bin/bash)
==2363==    by 0x137544: main (in /usr/bin/bash)
==2363== 
==2363== 16 bytes in 1 blocks are still reachable in loss record 129 of 304
==2363==    at 0x483B7F3: malloc (in /usr/lib/x86_64-linux-gnu/valgrind/vgpreload_memcheck-amd64-linux.so)
==2363==    by 0x1984F3: xmalloc (in /usr/bin/bash)
==2363==    by 0x148045: alloc_word_desc (in /usr/bin/bash)
==2363==    by 0x141419: ??? (in /usr/bin/bash)
==2363==    by 0x142EC7: yyparse (in /usr/bin/bash)
==2363==    by 0x13929A: parse_command (in /usr/bin/bash)
==2363==    by 0x1393A6: read_command (in /usr/bin/bash)
==2363==    by 0x1395C9: reader_loop (in /usr/bin/bash)
==2363==    by 0x137EF8: main (in /usr/bin/bash)
==2363== 
==2363== 16 bytes in 1 blocks are still reachable in loss record 130 of 304
==2363==    at 0x483B7F3: malloc (in /usr/lib/x86_64-linux-gnu/valgrind/vgpreload_memcheck-amd64-linux.so)
==2363==    by 0x1984F3: xmalloc (in /usr/bin/bash)
==2363==    by 0x148045: alloc_word_desc (in /usr/bin/bash)
==2363==    by 0x140C67: ??? (in /usr/bin/bash)
==2363==    by 0x142EC7: yyparse (in /usr/bin/bash)
==2363==    by 0x13929A: parse_command (in /usr/bin/bash)
==2363==    by 0x1393A6: read_command (in /usr/bin/bash)
==2363==    by 0x1395C9: reader_loop (in /usr/bin/bash)
==2363==    by 0x137EF8: main (in /usr/bin/bash)
==2363== 
==2363== 16 bytes in 1 blocks are still reachable in loss record 131 of 304
==2363==    at 0x483B7F3: malloc (in /usr/lib/x86_64-linux-gnu/valgrind/vgpreload_memcheck-amd64-linux.so)
==2363==    by 0x1984F3: xmalloc (in /usr/bin/bash)
==2363==    by 0x1482D9: make_word_list (in /usr/bin/bash)
==2363==    by 0x148AB8: make_simple_command (in /usr/bin/bash)
==2363==    by 0x14353F: yyparse (in /usr/bin/bash)
==2363==    by 0x13929A: parse_command (in /usr/bin/bash)
==2363==    by 0x1393A6: read_command (in /usr/bin/bash)
==2363==    by 0x1395C9: reader_loop (in /usr/bin/bash)
==2363==    by 0x137EF8: main (in /usr/bin/bash)
==2363== 
==2363== 16 bytes in 1 blocks are still reachable in loss record 132 of 304
==2363==    at 0x483B7F3: malloc (in /usr/lib/x86_64-linux-gnu/valgrind/vgpreload_memcheck-amd64-linux.so)
==2363==    by 0x1984F3: xmalloc (in /usr/bin/bash)
==2363==    by 0x1482D9: make_word_list (in /usr/bin/bash)
==2363==    by 0x148AB8: make_simple_command (in /usr/bin/bash)
==2363==    by 0x143516: yyparse (in /usr/bin/bash)
==2363==    by 0x13929A: parse_command (in /usr/bin/bash)
==2363==    by 0x1393A6: read_command (in /usr/bin/bash)
==2363==    by 0x1395C9: reader_loop (in /usr/bin/bash)
==2363==    by 0x137EF8: main (in /usr/bin/bash)
==2363== 
==2363== 16 bytes in 1 blocks are still reachable in loss record 133 of 304
==2363==    at 0x483B7F3: malloc (in /usr/lib/x86_64-linux-gnu/valgrind/vgpreload_memcheck-amd64-linux.so)
==2363==    by 0x1984F3: xmalloc (in /usr/bin/bash)
==2363==    by 0x148045: alloc_word_desc (in /usr/bin/bash)
==2363==    by 0x148072: make_bare_word (in /usr/bin/bash)
==2363==    by 0x15C2F5: copy_word_list (in /usr/bin/bash)
==2363==    by 0x17A74F: ??? (in /usr/bin/bash)
==2363==    by 0x14FB29: execute_command_internal (in /usr/bin/bash)
==2363==    by 0x1519D9: execute_command (in /usr/bin/bash)
==2363==    by 0x139664: reader_loop (in /usr/bin/bash)
==2363==    by 0x137EF8: main (in /usr/bin/bash)
==2363== 
==2363== 16 bytes in 1 blocks are still reachable in loss record 134 of 304
==2363==    at 0x483B7F3: malloc (in /usr/lib/x86_64-linux-gnu/valgrind/vgpreload_memcheck-amd64-linux.so)
==2363==    by 0x1984F3: xmalloc (in /usr/bin/bash)
==2363==    by 0x1482D9: make_word_list (in /usr/bin/bash)
==2363==    by 0x15C305: copy_word_list (in /usr/bin/bash)
==2363==    by 0x17A74F: ??? (in /usr/bin/bash)
==2363==    by 0x14FB29: execute_command_internal (in /usr/bin/bash)
==2363==    by 0x1519D9: execute_command (in /usr/bin/bash)
==2363==    by 0x139664: reader_loop (in /usr/bin/bash)
==2363==    by 0x137EF8: main (in /usr/bin/bash)
==2363== 
==2363== 16 bytes in 1 blocks are still reachable in loss record 135 of 304
==2363==    at 0x483B7F3: malloc (in /usr/lib/x86_64-linux-gnu/valgrind/vgpreload_memcheck-amd64-linux.so)
==2363==    by 0x1984F3: xmalloc (in /usr/bin/bash)
==2363==    by 0x148045: alloc_word_desc (in /usr/bin/bash)
==2363==    by 0x148072: make_bare_word (in /usr/bin/bash)
==2363==    by 0x15C2C4: copy_word_list (in /usr/bin/bash)
==2363==    by 0x17A74F: ??? (in /usr/bin/bash)
==2363==    by 0x14FB29: execute_command_internal (in /usr/bin/bash)
==2363==    by 0x1519D9: execute_command (in /usr/bin/bash)
==2363==    by 0x139664: reader_loop (in /usr/bin/bash)
==2363==    by 0x137EF8: main (in /usr/bin/bash)
==2363== 
==2363== 16 bytes in 1 blocks are still reachable in loss record 136 of 304
==2363==    at 0x483B7F3: malloc (in /usr/lib/x86_64-linux-gnu/valgrind/vgpreload_memcheck-amd64-linux.so)
==2363==    by 0x1984F3: xmalloc (in /usr/bin/bash)
==2363==    by 0x1482D9: make_word_list (in /usr/bin/bash)
==2363==    by 0x15C2D4: copy_word_list (in /usr/bin/bash)
==2363==    by 0x17A74F: ??? (in /usr/bin/bash)
==2363==    by 0x14FB29: execute_command_internal (in /usr/bin/bash)
==2363==    by 0x1519D9: execute_command (in /usr/bin/bash)
==2363==    by 0x139664: reader_loop (in /usr/bin/bash)
==2363==    by 0x137EF8: main (in /usr/bin/bash)
==2363== 
==2363== 16 bytes in 1 blocks are still reachable in loss record 137 of 304
==2363==    at 0x483B7F3: malloc (in /usr/lib/x86_64-linux-gnu/valgrind/vgpreload_memcheck-amd64-linux.so)
==2363==    by 0x1984F3: xmalloc (in /usr/bin/bash)
==2363==    by 0x148045: alloc_word_desc (in /usr/bin/bash)
==2363==    by 0x176AFB: ??? (in /usr/bin/bash)
==2363==    by 0x17A90E: ??? (in /usr/bin/bash)
==2363==    by 0x14FB29: execute_command_internal (in /usr/bin/bash)
==2363==    by 0x1519D9: execute_command (in /usr/bin/bash)
==2363==    by 0x139664: reader_loop (in /usr/bin/bash)
==2363==    by 0x137EF8: main (in /usr/bin/bash)
==2363== 
==2363== 16 bytes in 1 blocks are still reachable in loss record 138 of 304
==2363==    at 0x483B7F3: malloc (in /usr/lib/x86_64-linux-gnu/valgrind/vgpreload_memcheck-amd64-linux.so)
==2363==    by 0x1984F3: xmalloc (in /usr/bin/bash)
==2363==    by 0x1482D9: make_word_list (in /usr/bin/bash)
==2363==    by 0x176BD0: ??? (in /usr/bin/bash)
==2363==    by 0x17A90E: ??? (in /usr/bin/bash)
==2363==    by 0x14FB29: execute_command_internal (in /usr/bin/bash)
==2363==    by 0x1519D9: execute_command (in /usr/bin/bash)
==2363==    by 0x139664: reader_loop (in /usr/bin/bash)
==2363==    by 0x137EF8: main (in /usr/bin/bash)
==2363== 
==2363== 16 bytes in 1 blocks are still reachable in loss record 139 of 304
==2363==    at 0x483B7F3: malloc (in /usr/lib/x86_64-linux-gnu/valgrind/vgpreload_memcheck-amd64-linux.so)
==2363==    by 0x1984F3: xmalloc (in /usr/bin/bash)
==2363==    by 0x148045: alloc_word_desc (in /usr/bin/bash)
==2363==    by 0x1773AC: ??? (in /usr/bin/bash)
==2363==    by 0x17A90E: ??? (in /usr/bin/bash)
==2363==    by 0x14FB29: execute_command_internal (in /usr/bin/bash)
==2363==    by 0x1519D9: execute_command (in /usr/bin/bash)
==2363==    by 0x139664: reader_loop (in /usr/bin/bash)
==2363==    by 0x137EF8: main (in /usr/bin/bash)
==2363== 
==2363== 16 bytes in 1 blocks are still reachable in loss record 140 of 304
==2363==    at 0x483B7F3: malloc (in /usr/lib/x86_64-linux-gnu/valgrind/vgpreload_memcheck-amd64-linux.so)
==2363==    by 0x1984F3: xmalloc (in /usr/bin/bash)
==2363==    by 0x148045: alloc_word_desc (in /usr/bin/bash)
==2363==    by 0x176AFB: ??? (in /usr/bin/bash)
==2363==    by 0x17742D: ??? (in /usr/bin/bash)
==2363==    by 0x17A90E: ??? (in /usr/bin/bash)
==2363==    by 0x14FB29: execute_command_internal (in /usr/bin/bash)
==2363==    by 0x1519D9: execute_command (in /usr/bin/bash)
==2363==    by 0x139664: reader_loop (in /usr/bin/bash)
==2363==    by 0x137EF8: main (in /usr/bin/bash)
==2363== 
==2363== 16 bytes in 1 blocks are still reachable in loss record 141 of 304
==2363==    at 0x483B7F3: malloc (in /usr/lib/x86_64-linux-gnu/valgrind/vgpreload_memcheck-amd64-linux.so)
==2363==    by 0x1984F3: xmalloc (in /usr/bin/bash)
==2363==    by 0x1482D9: make_word_list (in /usr/bin/bash)
==2363==    by 0x176BD0: ??? (in /usr/bin/bash)
==2363==    by 0x17742D: ??? (in /usr/bin/bash)
==2363==    by 0x17A90E: ??? (in /usr/bin/bash)
==2363==    by 0x14FB29: execute_command_internal (in /usr/bin/bash)
==2363==    by 0x1519D9: execute_command (in /usr/bin/bash)
==2363==    by 0x139664: reader_loop (in /usr/bin/bash)
==2363==    by 0x137EF8: main (in /usr/bin/bash)
==2363== 
==2363== 16 bytes in 1 blocks are still reachable in loss record 142 of 304
==2363==    at 0x483B7F3: malloc (in /usr/lib/x86_64-linux-gnu/valgrind/vgpreload_memcheck-amd64-linux.so)
==2363==    by 0x1984F3: xmalloc (in /usr/bin/bash)
==2363==    by 0x1482D9: make_word_list (in /usr/bin/bash)
==2363==    by 0x16F007: list_string (in /usr/bin/bash)
==2363==    by 0x1719CE: ??? (in /usr/bin/bash)
==2363==    by 0x17ABAC: ??? (in /usr/bin/bash)
==2363==    by 0x14FB29: execute_command_internal (in /usr/bin/bash)
==2363==    by 0x1519D9: execute_command (in /usr/bin/bash)
==2363==    by 0x139664: reader_loop (in /usr/bin/bash)
==2363==    by 0x137EF8: main (in /usr/bin/bash)
==2363== 
==2363== 17 bytes in 1 blocks are still reachable in loss record 143 of 304
==2363==    at 0x483DFAF: realloc (in /usr/lib/x86_64-linux-gnu/valgrind/vgpreload_memcheck-amd64-linux.so)
==2363==    by 0x4994297: getcwd (getcwd.c:84)
==2363==    by 0x19ADCC: get_working_directory (in /usr/bin/bash)
==2363==    by 0x15942E: set_pwd (in /usr/bin/bash)
==2363==    by 0x15AAEE: initialize_shell_variables (in /usr/bin/bash)
==2363==    by 0x138DC9: ??? (in /usr/bin/bash)
==2363==    by 0x137544: main (in /usr/bin/bash)
==2363== 
==2363== 17 bytes in 1 blocks are still reachable in loss record 144 of 304
==2363==    at 0x483B7F3: malloc (in /usr/lib/x86_64-linux-gnu/valgrind/vgpreload_memcheck-amd64-linux.so)
==2363==    by 0x1984F3: xmalloc (in /usr/bin/bash)
==2363==    by 0x156DA1: make_variable_value (in /usr/bin/bash)
==2363==    by 0x15806D: ??? (in /usr/bin/bash)
==2363==    by 0x159447: set_pwd (in /usr/bin/bash)
==2363==    by 0x15AAEE: initialize_shell_variables (in /usr/bin/bash)
==2363==    by 0x138DC9: ??? (in /usr/bin/bash)
==2363==    by 0x137544: main (in /usr/bin/bash)
==2363== 
==2363== 18 bytes in 1 blocks are still reachable in loss record 145 of 304
==2363==    at 0x483B7F3: malloc (in /usr/lib/x86_64-linux-gnu/valgrind/vgpreload_memcheck-amd64-linux.so)
==2363==    by 0x1984F3: xmalloc (in /usr/bin/bash)
==2363==    by 0x156DA1: make_variable_value (in /usr/bin/bash)
==2363==    by 0x15806D: ??? (in /usr/bin/bash)
==2363==    by 0x15AECB: initialize_shell_variables (in /usr/bin/bash)
==2363==    by 0x138DC9: ??? (in /usr/bin/bash)
==2363==    by 0x137544: main (in /usr/bin/bash)
==2363== 
==2363== 20 bytes in 1 blocks are still reachable in loss record 146 of 304
==2363==    at 0x483B7F3: malloc (in /usr/lib/x86_64-linux-gnu/valgrind/vgpreload_memcheck-amd64-linux.so)
==2363==    by 0x1984F3: xmalloc (in /usr/bin/bash)
==2363==    by 0x156DA1: make_variable_value (in /usr/bin/bash)
==2363==    by 0x15806D: ??? (in /usr/bin/bash)
==2363==    by 0x15ABBB: initialize_shell_variables (in /usr/bin/bash)
==2363==    by 0x138DC9: ??? (in /usr/bin/bash)
==2363==    by 0x137544: main (in /usr/bin/bash)
==2363== 
==2363== 20 bytes in 1 blocks are still reachable in loss record 147 of 304
==2363==    at 0x483B7F3: malloc (in /usr/lib/x86_64-linux-gnu/valgrind/vgpreload_memcheck-amd64-linux.so)
==2363==    by 0x1984F3: xmalloc (in /usr/bin/bash)
==2363==    by 0x183473: array_create_element (in /usr/bin/bash)
==2363==    by 0x183987: array_insert (in /usr/bin/bash)
==2363==    by 0x15AFA9: initialize_shell_variables (in /usr/bin/bash)
==2363==    by 0x138DC9: ??? (in /usr/bin/bash)
==2363==    by 0x137544: main (in /usr/bin/bash)
==2363== 
==2363== 24 bytes in 1 blocks are still reachable in loss record 148 of 304
==2363==    at 0x483B7F3: malloc (in /usr/lib/x86_64-linux-gnu/valgrind/vgpreload_memcheck-amd64-linux.so)
==2363==    by 0x1984F3: xmalloc (in /usr/bin/bash)
==2363==    by 0x14787D: tilde_initialize (in /usr/bin/bash)
==2363==    by 0x138DA5: ??? (in /usr/bin/bash)
==2363==    by 0x137544: main (in /usr/bin/bash)
==2363== 
==2363== 24 bytes in 1 blocks are still reachable in loss record 149 of 304
==2363==    at 0x483B7F3: malloc (in /usr/lib/x86_64-linux-gnu/valgrind/vgpreload_memcheck-amd64-linux.so)
==2363==    by 0x1984F3: xmalloc (in /usr/bin/bash)
==2363==    by 0x1478CE: tilde_initialize (in /usr/bin/bash)
==2363==    by 0x138DA5: ??? (in /usr/bin/bash)
==2363==    by 0x137544: main (in /usr/bin/bash)
==2363== 
==2363== 29 bytes in 2 blocks are still reachable in loss record 150 of 304
==2363==    at 0x483B7F3: malloc (in /usr/lib/x86_64-linux-gnu/valgrind/vgpreload_memcheck-amd64-linux.so)
==2363==    by 0x1984F3: xmalloc (in /usr/bin/bash)
==2363==    by 0x1556F3: ??? (in /usr/bin/bash)
==2363==    by 0x159B3E: ??? (in /usr/bin/bash)
==2363==    by 0x191D94: ??? (in /usr/bin/bash)
==2363==    by 0x192108: set_locale_var (in /usr/bin/bash)
==2363==    by 0x192302: set_default_lang (in /usr/bin/bash)
==2363==    by 0x137549: main (in /usr/bin/bash)
==2363== 
==2363== 29 bytes in 2 blocks are still reachable in loss record 151 of 304
==2363==    at 0x483B7F3: malloc (in /usr/lib/x86_64-linux-gnu/valgrind/vgpreload_memcheck-amd64-linux.so)
==2363==    by 0x1984F3: xmalloc (in /usr/bin/bash)
==2363==    by 0x1555B6: ??? (in /usr/bin/bash)
==2363==    by 0x159B3E: ??? (in /usr/bin/bash)
==2363==    by 0x191D94: ??? (in /usr/bin/bash)
==2363==    by 0x192108: set_locale_var (in /usr/bin/bash)
==2363==    by 0x192302: set_default_lang (in /usr/bin/bash)
==2363==    by 0x137549: main (in /usr/bin/bash)
==2363== 
==2363== 31 bytes in 1 blocks are still reachable in loss record 152 of 304
==2363==    at 0x483B7F3: malloc (in /usr/lib/x86_64-linux-gnu/valgrind/vgpreload_memcheck-amd64-linux.so)
==2363==    by 0x1984F3: xmalloc (in /usr/bin/bash)
==2363==    by 0x13816C: main (in /usr/bin/bash)
==2363== 
==2363== 31 bytes in 1 blocks are still reachable in loss record 153 of 304
==2363==    at 0x483B7F3: malloc (in /usr/lib/x86_64-linux-gnu/valgrind/vgpreload_memcheck-amd64-linux.so)
==2363==    by 0x1984F3: xmalloc (in /usr/bin/bash)
==2363==    by 0x183473: array_create_element (in /usr/bin/bash)
==2363==    by 0x18367F: ??? (in /usr/bin/bash)
==2363==    by 0x137C8C: main (in /usr/bin/bash)
==2363== 
==2363== 31 bytes in 1 blocks are still reachable in loss record 154 of 304
==2363==    at 0x483B7F3: malloc (in /usr/lib/x86_64-linux-gnu/valgrind/vgpreload_memcheck-amd64-linux.so)
==2363==    by 0x1984F3: xmalloc (in /usr/bin/bash)
==2363==    by 0x13A626: init_yy_io (in /usr/bin/bash)
==2363==    by 0x137DC4: main (in /usr/bin/bash)
==2363== 
==2363== 32 bytes in 1 blocks are still reachable in loss record 155 of 304
==2363==    at 0x483B7F3: malloc (in /usr/lib/x86_64-linux-gnu/valgrind/vgpreload_memcheck-amd64-linux.so)
==2363==    by 0x1984F3: xmalloc (in /usr/bin/bash)
==2363==    by 0x17BBFB: hash_insert (in /usr/bin/bash)
==2363==    by 0x158008: ??? (in /usr/bin/bash)
==2363==    by 0x15805C: ??? (in /usr/bin/bash)
==2363==    by 0x159447: set_pwd (in /usr/bin/bash)
==2363==    by 0x15AAEE: initialize_shell_variables (in /usr/bin/bash)
==2363==    by 0x138DC9: ??? (in /usr/bin/bash)
==2363==    by 0x137544: main (in /usr/bin/bash)
==2363== 
==2363== 32 bytes in 1 blocks are still reachable in loss record 156 of 304
==2363==    at 0x483B7F3: malloc (in /usr/lib/x86_64-linux-gnu/valgrind/vgpreload_memcheck-amd64-linux.so)
==2363==    by 0x1984F3: xmalloc (in /usr/bin/bash)
==2363==    by 0x17BBFB: hash_insert (in /usr/bin/bash)
==2363==    by 0x158008: ??? (in /usr/bin/bash)
==2363==    by 0x15805C: ??? (in /usr/bin/bash)
==2363==    by 0x159490: set_pwd (in /usr/bin/bash)
==2363==    by 0x15AAEE: initialize_shell_variables (in /usr/bin/bash)
==2363==    by 0x138DC9: ??? (in /usr/bin/bash)
==2363==    by 0x137544: main (in /usr/bin/bash)
==2363== 
==2363== 32 bytes in 1 blocks are still reachable in loss record 157 of 304
==2363==    at 0x483B7F3: malloc (in /usr/lib/x86_64-linux-gnu/valgrind/vgpreload_memcheck-amd64-linux.so)
==2363==    by 0x1984F3: xmalloc (in /usr/bin/bash)
==2363==    by 0x17BBFB: hash_insert (in /usr/bin/bash)
==2363==    by 0x158008: ??? (in /usr/bin/bash)
==2363==    by 0x15805C: ??? (in /usr/bin/bash)
==2363==    by 0x15AB01: initialize_shell_variables (in /usr/bin/bash)
==2363==    by 0x138DC9: ??? (in /usr/bin/bash)
==2363==    by 0x137544: main (in /usr/bin/bash)
==2363== 
==2363== 32 bytes in 1 blocks are still reachable in loss record 158 of 304
==2363==    at 0x483B7F3: malloc (in /usr/lib/x86_64-linux-gnu/valgrind/vgpreload_memcheck-amd64-linux.so)
==2363==    by 0x1984F3: xmalloc (in /usr/bin/bash)
==2363==    by 0x17BBFB: hash_insert (in /usr/bin/bash)
==2363==    by 0x158008: ??? (in /usr/bin/bash)
==2363==    by 0x15805C: ??? (in /usr/bin/bash)
==2363==    by 0x15AB1F: initialize_shell_variables (in /usr/bin/bash)
==2363==    by 0x138DC9: ??? (in /usr/bin/bash)
==2363==    by 0x137544: main (in /usr/bin/bash)
==2363== 
==2363== 32 bytes in 1 blocks are still reachable in loss record 159 of 304
==2363==    at 0x483B7F3: malloc (in /usr/lib/x86_64-linux-gnu/valgrind/vgpreload_memcheck-amd64-linux.so)
==2363==    by 0x1984F3: xmalloc (in /usr/bin/bash)
==2363==    by 0x17BBFB: hash_insert (in /usr/bin/bash)
==2363==    by 0x158008: ??? (in /usr/bin/bash)
==2363==    by 0x15805C: ??? (in /usr/bin/bash)
==2363==    by 0x15AB32: initialize_shell_variables (in /usr/bin/bash)
==2363==    by 0x138DC9: ??? (in /usr/bin/bash)
==2363==    by 0x137544: main (in /usr/bin/bash)
==2363== 
==2363== 32 bytes in 1 blocks are still reachable in loss record 160 of 304
==2363==    at 0x483B7F3: malloc (in /usr/lib/x86_64-linux-gnu/valgrind/vgpreload_memcheck-amd64-linux.so)
==2363==    by 0x1984F3: xmalloc (in /usr/bin/bash)
==2363==    by 0x17BBFB: hash_insert (in /usr/bin/bash)
==2363==    by 0x158008: ??? (in /usr/bin/bash)
==2363==    by 0x15805C: ??? (in /usr/bin/bash)
==2363==    by 0x15AB65: initialize_shell_variables (in /usr/bin/bash)
==2363==    by 0x138DC9: ??? (in /usr/bin/bash)
==2363==    by 0x137544: main (in /usr/bin/bash)
==2363== 
==2363== 32 bytes in 1 blocks are still reachable in loss record 161 of 304
==2363==    at 0x483B7F3: malloc (in /usr/lib/x86_64-linux-gnu/valgrind/vgpreload_memcheck-amd64-linux.so)
==2363==    by 0x1984F3: xmalloc (in /usr/bin/bash)
==2363==    by 0x17BBFB: hash_insert (in /usr/bin/bash)
==2363==    by 0x158008: ??? (in /usr/bin/bash)
==2363==    by 0x15805C: ??? (in /usr/bin/bash)
==2363==    by 0x15AB7A: initialize_shell_variables (in /usr/bin/bash)
==2363==    by 0x138DC9: ??? (in /usr/bin/bash)
==2363==    by 0x137544: main (in /usr/bin/bash)
==2363== 
==2363== 32 bytes in 1 blocks are still reachable in loss record 162 of 304
==2363==    at 0x483B7F3: malloc (in /usr/lib/x86_64-linux-gnu/valgrind/vgpreload_memcheck-amd64-linux.so)
==2363==    by 0x1984F3: xmalloc (in /usr/bin/bash)
==2363==    by 0x17BBFB: hash_insert (in /usr/bin/bash)
==2363==    by 0x158008: ??? (in /usr/bin/bash)
==2363==    by 0x15805C: ??? (in /usr/bin/bash)
==2363==    by 0x15AB95: initialize_shell_variables (in /usr/bin/bash)
==2363==    by 0x138DC9: ??? (in /usr/bin/bash)
==2363==    by 0x137544: main (in /usr/bin/bash)
==2363== 
==2363== 32 bytes in 1 blocks are still reachable in loss record 163 of 304
==2363==    at 0x483B7F3: malloc (in /usr/lib/x86_64-linux-gnu/valgrind/vgpreload_memcheck-amd64-linux.so)
==2363==    by 0x1984F3: xmalloc (in /usr/bin/bash)
==2363==    by 0x17BBFB: hash_insert (in /usr/bin/bash)
==2363==    by 0x158008: ??? (in /usr/bin/bash)
==2363==    by 0x15805C: ??? (in /usr/bin/bash)
==2363==    by 0x15ABA8: initialize_shell_variables (in /usr/bin/bash)
==2363==    by 0x138DC9: ??? (in /usr/bin/bash)
==2363==    by 0x137544: main (in /usr/bin/bash)
==2363== 
==2363== 32 bytes in 1 blocks are still reachable in loss record 164 of 304
==2363==    at 0x483B7F3: malloc (in /usr/lib/x86_64-linux-gnu/valgrind/vgpreload_memcheck-amd64-linux.so)
==2363==    by 0x1984F3: xmalloc (in /usr/bin/bash)
==2363==    by 0x17BBFB: hash_insert (in /usr/bin/bash)
==2363==    by 0x158008: ??? (in /usr/bin/bash)
==2363==    by 0x15805C: ??? (in /usr/bin/bash)
==2363==    by 0x15ABBB: initialize_shell_variables (in /usr/bin/bash)
==2363==    by 0x138DC9: ??? (in /usr/bin/bash)
==2363==    by 0x137544: main (in /usr/bin/bash)
==2363== 
==2363== 32 bytes in 1 blocks are still reachable in loss record 165 of 304
==2363==    at 0x483B7F3: malloc (in /usr/lib/x86_64-linux-gnu/valgrind/vgpreload_memcheck-amd64-linux.so)
==2363==    by 0x1984F3: xmalloc (in /usr/bin/bash)
==2363==    by 0x17BBFB: hash_insert (in /usr/bin/bash)
==2363==    by 0x158008: ??? (in /usr/bin/bash)
==2363==    by 0x15805C: ??? (in /usr/bin/bash)
==2363==    by 0x15ABCE: initialize_shell_variables (in /usr/bin/bash)
==2363==    by 0x138DC9: ??? (in /usr/bin/bash)
==2363==    by 0x137544: main (in /usr/bin/bash)
==2363== 
==2363== 32 bytes in 1 blocks are still reachable in loss record 166 of 304
==2363==    at 0x483B7F3: malloc (in /usr/lib/x86_64-linux-gnu/valgrind/vgpreload_memcheck-amd64-linux.so)
==2363==    by 0x1984F3: xmalloc (in /usr/bin/bash)
==2363==    by 0x17BBFB: hash_insert (in /usr/bin/bash)
==2363==    by 0x158008: ??? (in /usr/bin/bash)
==2363==    by 0x15805C: ??? (in /usr/bin/bash)
==2363==    by 0x15929E: adjust_shell_level (in /usr/bin/bash)
==2363==    by 0x15AC10: initialize_shell_variables (in /usr/bin/bash)
==2363==    by 0x138DC9: ??? (in /usr/bin/bash)
==2363==    by 0x137544: main (in /usr/bin/bash)
==2363== 
==2363== 32 bytes in 1 blocks are still reachable in loss record 167 of 304
==2363==    at 0x483B7F3: malloc (in /usr/lib/x86_64-linux-gnu/valgrind/vgpreload_memcheck-amd64-linux.so)
==2363==    by 0x1984F3: xmalloc (in /usr/bin/bash)
==2363==    by 0x17BBFB: hash_insert (in /usr/bin/bash)
==2363==    by 0x158008: ??? (in /usr/bin/bash)
==2363==    by 0x15805C: ??? (in /usr/bin/bash)
==2363==    by 0x159628: set_ppid (in /usr/bin/bash)
==2363==    by 0x15AC15: initialize_shell_variables (in /usr/bin/bash)
==2363==    by 0x138DC9: ??? (in /usr/bin/bash)
==2363==    by 0x137544: main (in /usr/bin/bash)
==2363== 
==2363== 32 bytes in 1 blocks are still reachable in loss record 168 of 304
==2363==    at 0x483B7F3: malloc (in /usr/lib/x86_64-linux-gnu/valgrind/vgpreload_memcheck-amd64-linux.so)
==2363==    by 0x1984F3: xmalloc (in /usr/bin/bash)
==2363==    by 0x17BBFB: hash_insert (in /usr/bin/bash)
==2363==    by 0x158008: ??? (in /usr/bin/bash)
==2363==    by 0x15805C: ??? (in /usr/bin/bash)
==2363==    by 0x15AC2A: initialize_shell_variables (in /usr/bin/bash)
==2363==    by 0x138DC9: ??? (in /usr/bin/bash)
==2363==    by 0x137544: main (in /usr/bin/bash)
==2363== 
==2363== 32 bytes in 1 blocks are still reachable in loss record 169 of 304
==2363==    at 0x483B7F3: malloc (in /usr/lib/x86_64-linux-gnu/valgrind/vgpreload_memcheck-amd64-linux.so)
==2363==    by 0x1984F3: xmalloc (in /usr/bin/bash)
==2363==    by 0x17BBFB: hash_insert (in /usr/bin/bash)
==2363==    by 0x158008: ??? (in /usr/bin/bash)
==2363==    by 0x15805C: ??? (in /usr/bin/bash)
==2363==    by 0x15AC4A: initialize_shell_variables (in /usr/bin/bash)
==2363==    by 0x138DC9: ??? (in /usr/bin/bash)
==2363==    by 0x137544: main (in /usr/bin/bash)
==2363== 
==2363== 32 bytes in 1 blocks are still reachable in loss record 170 of 304
==2363==    at 0x483B7F3: malloc (in /usr/lib/x86_64-linux-gnu/valgrind/vgpreload_memcheck-amd64-linux.so)
==2363==    by 0x1984F3: xmalloc (in /usr/bin/bash)
==2363==    by 0x17BBFB: hash_insert (in /usr/bin/bash)
==2363==    by 0x158008: ??? (in /usr/bin/bash)
==2363==    by 0x15805C: ??? (in /usr/bin/bash)
==2363==    by 0x15AE90: initialize_shell_variables (in /usr/bin/bash)
==2363==    by 0x138DC9: ??? (in /usr/bin/bash)
==2363==    by 0x137544: main (in /usr/bin/bash)
==2363== 
==2363== 32 bytes in 1 blocks are still reachable in loss record 171 of 304
==2363==    at 0x483B7F3: malloc (in /usr/lib/x86_64-linux-gnu/valgrind/vgpreload_memcheck-amd64-linux.so)
==2363==    by 0x1984F3: xmalloc (in /usr/bin/bash)
==2363==    by 0x17BBFB: hash_insert (in /usr/bin/bash)
==2363==    by 0x158008: ??? (in /usr/bin/bash)
==2363==    by 0x15805C: ??? (in /usr/bin/bash)
==2363==    by 0x15B635: initialize_shell_variables (in /usr/bin/bash)
==2363==    by 0x138DC9: ??? (in /usr/bin/bash)
==2363==    by 0x137544: main (in /usr/bin/bash)
==2363== 
==2363== 32 bytes in 1 blocks are still reachable in loss record 172 of 304
==2363==    at 0x483B7F3: malloc (in /usr/lib/x86_64-linux-gnu/valgrind/vgpreload_memcheck-amd64-linux.so)
==2363==    by 0x1984F3: xmalloc (in /usr/bin/bash)
==2363==    by 0x17BBFB: hash_insert (in /usr/bin/bash)
==2363==    by 0x158008: ??? (in /usr/bin/bash)
==2363==    by 0x15805C: ??? (in /usr/bin/bash)
==2363==    by 0x15AECB: initialize_shell_variables (in /usr/bin/bash)
==2363==    by 0x138DC9: ??? (in /usr/bin/bash)
==2363==    by 0x137544: main (in /usr/bin/bash)
==2363== 
==2363== 32 bytes in 1 blocks are still reachable in loss record 173 of 304
==2363==    at 0x483B7F3: malloc (in /usr/lib/x86_64-linux-gnu/valgrind/vgpreload_memcheck-amd64-linux.so)
==2363==    by 0x1984F3: xmalloc (in /usr/bin/bash)
==2363==    by 0x17BBFB: hash_insert (in /usr/bin/bash)
==2363==    by 0x158008: ??? (in /usr/bin/bash)
==2363==    by 0x158D55: make_new_array_variable (in /usr/bin/bash)
==2363==    by 0x15AEE3: initialize_shell_variables (in /usr/bin/bash)
==2363==    by 0x138DC9: ??? (in /usr/bin/bash)
==2363==    by 0x137544: main (in /usr/bin/bash)
==2363== 
==2363== 32 bytes in 1 blocks are still reachable in loss record 174 of 304
==2363==    at 0x483B7F3: malloc (in /usr/lib/x86_64-linux-gnu/valgrind/vgpreload_memcheck-amd64-linux.so)
==2363==    by 0x1984F3: xmalloc (in /usr/bin/bash)
==2363==    by 0x183457: array_create_element (in /usr/bin/bash)
==2363==    by 0x1834ED: array_create (in /usr/bin/bash)
==2363==    by 0x158D5D: make_new_array_variable (in /usr/bin/bash)
==2363==    by 0x15AEE3: initialize_shell_variables (in /usr/bin/bash)
==2363==    by 0x138DC9: ??? (in /usr/bin/bash)
==2363==    by 0x137544: main (in /usr/bin/bash)
==2363== 
==2363== 32 bytes in 1 blocks are still reachable in loss record 175 of 304
==2363==    at 0x483B7F3: malloc (in /usr/lib/x86_64-linux-gnu/valgrind/vgpreload_memcheck-amd64-linux.so)
==2363==    by 0x1984F3: xmalloc (in /usr/bin/bash)
==2363==    by 0x183457: array_create_element (in /usr/bin/bash)
==2363==    by 0x183987: array_insert (in /usr/bin/bash)
==2363==    by 0x15AF24: initialize_shell_variables (in /usr/bin/bash)
==2363==    by 0x138DC9: ??? (in /usr/bin/bash)
==2363==    by 0x137544: main (in /usr/bin/bash)
==2363== 
==2363== 32 bytes in 1 blocks are still reachable in loss record 176 of 304
==2363==    at 0x483B7F3: malloc (in /usr/lib/x86_64-linux-gnu/valgrind/vgpreload_memcheck-amd64-linux.so)
==2363==    by 0x1984F3: xmalloc (in /usr/bin/bash)
==2363==    by 0x183457: array_create_element (in /usr/bin/bash)
==2363==    by 0x183987: array_insert (in /usr/bin/bash)
==2363==    by 0x15AF34: initialize_shell_variables (in /usr/bin/bash)
==2363==    by 0x138DC9: ??? (in /usr/bin/bash)
==2363==    by 0x137544: main (in /usr/bin/bash)
==2363== 
==2363== 32 bytes in 1 blocks are still reachable in loss record 177 of 304
==2363==    at 0x483B7F3: malloc (in /usr/lib/x86_64-linux-gnu/valgrind/vgpreload_memcheck-amd64-linux.so)
==2363==    by 0x1984F3: xmalloc (in /usr/bin/bash)
==2363==    by 0x183457: array_create_element (in /usr/bin/bash)
==2363==    by 0x183987: array_insert (in /usr/bin/bash)
==2363==    by 0x15AF5D: initialize_shell_variables (in /usr/bin/bash)
==2363==    by 0x138DC9: ??? (in /usr/bin/bash)
==2363==    by 0x137544: main (in /usr/bin/bash)
==2363== 
==2363== 32 bytes in 1 blocks are still reachable in loss record 178 of 304
==2363==    at 0x483B7F3: malloc (in /usr/lib/x86_64-linux-gnu/valgrind/vgpreload_memcheck-amd64-linux.so)
==2363==    by 0x1984F3: xmalloc (in /usr/bin/bash)
==2363==    by 0x183457: array_create_element (in /usr/bin/bash)
==2363==    by 0x183987: array_insert (in /usr/bin/bash)
==2363==    by 0x15AF81: initialize_shell_variables (in /usr/bin/bash)
==2363==    by 0x138DC9: ??? (in /usr/bin/bash)
==2363==    by 0x137544: main (in /usr/bin/bash)
==2363== 
==2363== 32 bytes in 1 blocks are still reachable in loss record 179 of 304
==2363==    at 0x483B7F3: malloc (in /usr/lib/x86_64-linux-gnu/valgrind/vgpreload_memcheck-amd64-linux.so)
==2363==    by 0x1984F3: xmalloc (in /usr/bin/bash)
==2363==    by 0x183457: array_create_element (in /usr/bin/bash)
==2363==    by 0x183987: array_insert (in /usr/bin/bash)
==2363==    by 0x15AF95: initialize_shell_variables (in /usr/bin/bash)
==2363==    by 0x138DC9: ??? (in /usr/bin/bash)
==2363==    by 0x137544: main (in /usr/bin/bash)
==2363== 
==2363== 32 bytes in 1 blocks are still reachable in loss record 180 of 304
==2363==    at 0x483B7F3: malloc (in /usr/lib/x86_64-linux-gnu/valgrind/vgpreload_memcheck-amd64-linux.so)
==2363==    by 0x1984F3: xmalloc (in /usr/bin/bash)
==2363==    by 0x183457: array_create_element (in /usr/bin/bash)
==2363==    by 0x183987: array_insert (in /usr/bin/bash)
==2363==    by 0x15AFA9: initialize_shell_variables (in /usr/bin/bash)
==2363==    by 0x138DC9: ??? (in /usr/bin/bash)
==2363==    by 0x137544: main (in /usr/bin/bash)
==2363== 
==2363== 32 bytes in 1 blocks are still reachable in loss record 181 of 304
==2363==    at 0x483B7F3: malloc (in /usr/lib/x86_64-linux-gnu/valgrind/vgpreload_memcheck-amd64-linux.so)
==2363==    by 0x1984F3: xmalloc (in /usr/bin/bash)
==2363==    by 0x17BBFB: hash_insert (in /usr/bin/bash)
==2363==    by 0x158008: ??? (in /usr/bin/bash)
==2363==    by 0x15805C: ??? (in /usr/bin/bash)
==2363==    by 0x15B7C8: initialize_shell_variables (in /usr/bin/bash)
==2363==    by 0x138DC9: ??? (in /usr/bin/bash)
==2363==    by 0x137544: main (in /usr/bin/bash)
==2363== 
==2363== 32 bytes in 1 blocks are still reachable in loss record 182 of 304
==2363==    at 0x483B7F3: malloc (in /usr/lib/x86_64-linux-gnu/valgrind/vgpreload_memcheck-amd64-linux.so)
==2363==    by 0x1984F3: xmalloc (in /usr/bin/bash)
==2363==    by 0x17BBFB: hash_insert (in /usr/bin/bash)
==2363==    by 0x158008: ??? (in /usr/bin/bash)
==2363==    by 0x15805C: ??? (in /usr/bin/bash)
==2363==    by 0x15B7AE: initialize_shell_variables (in /usr/bin/bash)
==2363==    by 0x138DC9: ??? (in /usr/bin/bash)
==2363==    by 0x137544: main (in /usr/bin/bash)
==2363== 
==2363== 32 bytes in 1 blocks are still reachable in loss record 183 of 304
==2363==    at 0x483B7F3: malloc (in /usr/lib/x86_64-linux-gnu/valgrind/vgpreload_memcheck-amd64-linux.so)
==2363==    by 0x1984F3: xmalloc (in /usr/bin/bash)
==2363==    by 0x17BBFB: hash_insert (in /usr/bin/bash)
==2363==    by 0x158008: ??? (in /usr/bin/bash)
==2363==    by 0x15805C: ??? (in /usr/bin/bash)
==2363==    by 0x15B112: initialize_shell_variables (in /usr/bin/bash)
==2363==    by 0x138DC9: ??? (in /usr/bin/bash)
==2363==    by 0x137544: main (in /usr/bin/bash)
==2363== 
==2363== 32 bytes in 1 blocks are still reachable in loss record 184 of 304
==2363==    at 0x483B7F3: malloc (in /usr/lib/x86_64-linux-gnu/valgrind/vgpreload_memcheck-amd64-linux.so)
==2363==    by 0x1984F3: xmalloc (in /usr/bin/bash)
==2363==    by 0x17BBFB: hash_insert (in /usr/bin/bash)
==2363==    by 0x158008: ??? (in /usr/bin/bash)
==2363==    by 0x15805C: ??? (in /usr/bin/bash)
==2363==    by 0x15B13F: initialize_shell_variables (in /usr/bin/bash)
==2363==    by 0x138DC9: ??? (in /usr/bin/bash)
==2363==    by 0x137544: main (in /usr/bin/bash)
==2363== 
==2363== 32 bytes in 1 blocks are still reachable in loss record 185 of 304
==2363==    at 0x483B7F3: malloc (in /usr/lib/x86_64-linux-gnu/valgrind/vgpreload_memcheck-amd64-linux.so)
==2363==    by 0x1984F3: xmalloc (in /usr/bin/bash)
==2363==    by 0x17BBFB: hash_insert (in /usr/bin/bash)
==2363==    by 0x158008: ??? (in /usr/bin/bash)
==2363==    by 0x15805C: ??? (in /usr/bin/bash)
==2363==    by 0x15B165: initialize_shell_variables (in /usr/bin/bash)
==2363==    by 0x138DC9: ??? (in /usr/bin/bash)
==2363==    by 0x137544: main (in /usr/bin/bash)
==2363== 
==2363== 32 bytes in 1 blocks are still reachable in loss record 186 of 304
==2363==    at 0x483B7F3: malloc (in /usr/lib/x86_64-linux-gnu/valgrind/vgpreload_memcheck-amd64-linux.so)
==2363==    by 0x1984F3: xmalloc (in /usr/bin/bash)
==2363==    by 0x17BBFB: hash_insert (in /usr/bin/bash)
==2363==    by 0x158008: ??? (in /usr/bin/bash)
==2363==    by 0x15805C: ??? (in /usr/bin/bash)
==2363==    by 0x15B188: initialize_shell_variables (in /usr/bin/bash)
==2363==    by 0x138DC9: ??? (in /usr/bin/bash)
==2363==    by 0x137544: main (in /usr/bin/bash)
==2363== 
==2363== 32 bytes in 1 blocks are still reachable in loss record 187 of 304
==2363==    at 0x483B7F3: malloc (in /usr/lib/x86_64-linux-gnu/valgrind/vgpreload_memcheck-amd64-linux.so)
==2363==    by 0x1984F3: xmalloc (in /usr/bin/bash)
==2363==    by 0x17BBFB: hash_insert (in /usr/bin/bash)
==2363==    by 0x158008: ??? (in /usr/bin/bash)
==2363==    by 0x15805C: ??? (in /usr/bin/bash)
==2363==    by 0x15B1AE: initialize_shell_variables (in /usr/bin/bash)
==2363==    by 0x138DC9: ??? (in /usr/bin/bash)
==2363==    by 0x137544: main (in /usr/bin/bash)
==2363== 
==2363== 32 bytes in 1 blocks are still reachable in loss record 188 of 304
==2363==    at 0x483B7F3: malloc (in /usr/lib/x86_64-linux-gnu/valgrind/vgpreload_memcheck-amd64-linux.so)
==2363==    by 0x1984F3: xmalloc (in /usr/bin/bash)
==2363==    by 0x17BBFB: hash_insert (in /usr/bin/bash)
==2363==    by 0x158008: ??? (in /usr/bin/bash)
==2363==    by 0x15805C: ??? (in /usr/bin/bash)
==2363==    by 0x15B1D8: initialize_shell_variables (in /usr/bin/bash)
==2363==    by 0x138DC9: ??? (in /usr/bin/bash)
==2363==    by 0x137544: main (in /usr/bin/bash)
==2363== 
==2363== 32 bytes in 1 blocks are still reachable in loss record 189 of 304
==2363==    at 0x483B7F3: malloc (in /usr/lib/x86_64-linux-gnu/valgrind/vgpreload_memcheck-amd64-linux.so)
==2363==    by 0x1984F3: xmalloc (in /usr/bin/bash)
==2363==    by 0x17BBFB: hash_insert (in /usr/bin/bash)
==2363==    by 0x158008: ??? (in /usr/bin/bash)
==2363==    by 0x15805C: ??? (in /usr/bin/bash)
==2363==    by 0x15B205: initialize_shell_variables (in /usr/bin/bash)
==2363==    by 0x138DC9: ??? (in /usr/bin/bash)
==2363==    by 0x137544: main (in /usr/bin/bash)
==2363== 
==2363== 32 bytes in 1 blocks are still reachable in loss record 190 of 304
==2363==    at 0x483B7F3: malloc (in /usr/lib/x86_64-linux-gnu/valgrind/vgpreload_memcheck-amd64-linux.so)
==2363==    by 0x1984F3: xmalloc (in /usr/bin/bash)
==2363==    by 0x17BBFB: hash_insert (in /usr/bin/bash)
==2363==    by 0x158008: ??? (in /usr/bin/bash)
==2363==    by 0x15805C: ??? (in /usr/bin/bash)
==2363==    by 0x15B228: initialize_shell_variables (in /usr/bin/bash)
==2363==    by 0x138DC9: ??? (in /usr/bin/bash)
==2363==    by 0x137544: main (in /usr/bin/bash)
==2363== 
==2363== 32 bytes in 1 blocks are still reachable in loss record 191 of 304
==2363==    at 0x483B7F3: malloc (in /usr/lib/x86_64-linux-gnu/valgrind/vgpreload_memcheck-amd64-linux.so)
==2363==    by 0x1984F3: xmalloc (in /usr/bin/bash)
==2363==    by 0x17BBFB: hash_insert (in /usr/bin/bash)
==2363==    by 0x158008: ??? (in /usr/bin/bash)
==2363==    by 0x15805C: ??? (in /usr/bin/bash)
==2363==    by 0x15B24E: initialize_shell_variables (in /usr/bin/bash)
==2363==    by 0x138DC9: ??? (in /usr/bin/bash)
==2363==    by 0x137544: main (in /usr/bin/bash)
==2363== 
==2363== 32 bytes in 1 blocks are still reachable in loss record 192 of 304
==2363==    at 0x483B7F3: malloc (in /usr/lib/x86_64-linux-gnu/valgrind/vgpreload_memcheck-amd64-linux.so)
==2363==    by 0x1984F3: xmalloc (in /usr/bin/bash)
==2363==    by 0x17BBFB: hash_insert (in /usr/bin/bash)
==2363==    by 0x158008: ??? (in /usr/bin/bash)
==2363==    by 0x15805C: ??? (in /usr/bin/bash)
==2363==    by 0x15B27B: initialize_shell_variables (in /usr/bin/bash)
==2363==    by 0x138DC9: ??? (in /usr/bin/bash)
==2363==    by 0x137544: main (in /usr/bin/bash)
==2363== 
==2363== 32 bytes in 1 blocks are still reachable in loss record 193 of 304
==2363==    at 0x483B7F3: malloc (in /usr/lib/x86_64-linux-gnu/valgrind/vgpreload_memcheck-amd64-linux.so)
==2363==    by 0x1984F3: xmalloc (in /usr/bin/bash)
==2363==    by 0x17BBFB: hash_insert (in /usr/bin/bash)
==2363==    by 0x158008: ??? (in /usr/bin/bash)
==2363==    by 0x15805C: ??? (in /usr/bin/bash)
==2363==    by 0x15B2A2: initialize_shell_variables (in /usr/bin/bash)
==2363==    by 0x138DC9: ??? (in /usr/bin/bash)
==2363==    by 0x137544: main (in /usr/bin/bash)
==2363== 
==2363== 32 bytes in 1 blocks are still reachable in loss record 194 of 304
==2363==    at 0x483B7F3: malloc (in /usr/lib/x86_64-linux-gnu/valgrind/vgpreload_memcheck-amd64-linux.so)
==2363==    by 0x1984F3: xmalloc (in /usr/bin/bash)
==2363==    by 0x17BBFB: hash_insert (in /usr/bin/bash)
==2363==    by 0x158008: ??? (in /usr/bin/bash)
==2363==    by 0x158D55: make_new_array_variable (in /usr/bin/bash)
==2363==    by 0x158DA7: ??? (in /usr/bin/bash)
==2363==    by 0x15B2CD: initialize_shell_variables (in /usr/bin/bash)
==2363==    by 0x138DC9: ??? (in /usr/bin/bash)
==2363==    by 0x137544: main (in /usr/bin/bash)
==2363== 
==2363== 32 bytes in 1 blocks are still reachable in loss record 195 of 304
==2363==    at 0x483B7F3: malloc (in /usr/lib/x86_64-linux-gnu/valgrind/vgpreload_memcheck-amd64-linux.so)
==2363==    by 0x1984F3: xmalloc (in /usr/bin/bash)
==2363==    by 0x183457: array_create_element (in /usr/bin/bash)
==2363==    by 0x1834ED: array_create (in /usr/bin/bash)
==2363==    by 0x158D5D: make_new_array_variable (in /usr/bin/bash)
==2363==    by 0x158DA7: ??? (in /usr/bin/bash)
==2363==    by 0x15B2CD: initialize_shell_variables (in /usr/bin/bash)
==2363==    by 0x138DC9: ??? (in /usr/bin/bash)
==2363==    by 0x137544: main (in /usr/bin/bash)
==2363== 
==2363== 32 bytes in 1 blocks are still reachable in loss record 196 of 304
==2363==    at 0x483B7F3: malloc (in /usr/lib/x86_64-linux-gnu/valgrind/vgpreload_memcheck-amd64-linux.so)
==2363==    by 0x1984F3: xmalloc (in /usr/bin/bash)
==2363==    by 0x17BBFB: hash_insert (in /usr/bin/bash)
==2363==    by 0x158008: ??? (in /usr/bin/bash)
==2363==    by 0x158D55: make_new_array_variable (in /usr/bin/bash)
==2363==    by 0x158DA7: ??? (in /usr/bin/bash)
==2363==    by 0x15B2EC: initialize_shell_variables (in /usr/bin/bash)
==2363==    by 0x138DC9: ??? (in /usr/bin/bash)
==2363==    by 0x137544: main (in /usr/bin/bash)
==2363== 
==2363== 32 bytes in 1 blocks are still reachable in loss record 197 of 304
==2363==    at 0x483B7F3: malloc (in /usr/lib/x86_64-linux-gnu/valgrind/vgpreload_memcheck-amd64-linux.so)
==2363==    by 0x1984F3: xmalloc (in /usr/bin/bash)
==2363==    by 0x183457: array_create_element (in /usr/bin/bash)
==2363==    by 0x1834ED: array_create (in /usr/bin/bash)
==2363==    by 0x158D5D: make_new_array_variable (in /usr/bin/bash)
==2363==    by 0x158DA7: ??? (in /usr/bin/bash)
==2363==    by 0x15B2EC: initialize_shell_variables (in /usr/bin/bash)
==2363==    by 0x138DC9: ??? (in /usr/bin/bash)
==2363==    by 0x137544: main (in /usr/bin/bash)
==2363== 
==2363== 32 bytes in 1 blocks are still reachable in loss record 198 of 304
==2363==    at 0x483B7F3: malloc (in /usr/lib/x86_64-linux-gnu/valgrind/vgpreload_memcheck-amd64-linux.so)
==2363==    by 0x1984F3: xmalloc (in /usr/bin/bash)
==2363==    by 0x17BBFB: hash_insert (in /usr/bin/bash)
==2363==    by 0x158008: ??? (in /usr/bin/bash)
==2363==    by 0x158D55: make_new_array_variable (in /usr/bin/bash)
==2363==    by 0x158DA7: ??? (in /usr/bin/bash)
==2363==    by 0x15B30B: initialize_shell_variables (in /usr/bin/bash)
==2363==    by 0x138DC9: ??? (in /usr/bin/bash)
==2363==    by 0x137544: main (in /usr/bin/bash)
==2363== 
==2363== 32 bytes in 1 blocks are still reachable in loss record 199 of 304
==2363==    at 0x483B7F3: malloc (in /usr/lib/x86_64-linux-gnu/valgrind/vgpreload_memcheck-amd64-linux.so)
==2363==    by 0x1984F3: xmalloc (in /usr/bin/bash)
==2363==    by 0x183457: array_create_element (in /usr/bin/bash)
==2363==    by 0x1834ED: array_create (in /usr/bin/bash)
==2363==    by 0x158D5D: make_new_array_variable (in /usr/bin/bash)
==2363==    by 0x158DA7: ??? (in /usr/bin/bash)
==2363==    by 0x15B30B: initialize_shell_variables (in /usr/bin/bash)
==2363==    by 0x138DC9: ??? (in /usr/bin/bash)
==2363==    by 0x137544: main (in /usr/bin/bash)
==2363== 
==2363== 32 bytes in 1 blocks are still reachable in loss record 200 of 304
==2363==    at 0x483B7F3: malloc (in /usr/lib/x86_64-linux-gnu/valgrind/vgpreload_memcheck-amd64-linux.so)
==2363==    by 0x1984F3: xmalloc (in /usr/bin/bash)
==2363==    by 0x17BBFB: hash_insert (in /usr/bin/bash)
==2363==    by 0x158008: ??? (in /usr/bin/bash)
==2363==    by 0x158D55: make_new_array_variable (in /usr/bin/bash)
==2363==    by 0x158DA7: ??? (in /usr/bin/bash)
==2363==    by 0x15B32A: initialize_shell_variables (in /usr/bin/bash)
==2363==    by 0x138DC9: ??? (in /usr/bin/bash)
==2363==    by 0x137544: main (in /usr/bin/bash)
==2363== 
==2363== 32 bytes in 1 blocks are still reachable in loss record 201 of 304
==2363==    at 0x483B7F3: malloc (in /usr/lib/x86_64-linux-gnu/valgrind/vgpreload_memcheck-amd64-linux.so)
==2363==    by 0x1984F3: xmalloc (in /usr/bin/bash)
==2363==    by 0x183457: array_create_element (in /usr/bin/bash)
==2363==    by 0x1834ED: array_create (in /usr/bin/bash)
==2363==    by 0x158D5D: make_new_array_variable (in /usr/bin/bash)
==2363==    by 0x158DA7: ??? (in /usr/bin/bash)
==2363==    by 0x15B32A: initialize_shell_variables (in /usr/bin/bash)
==2363==    by 0x138DC9: ??? (in /usr/bin/bash)
==2363==    by 0x137544: main (in /usr/bin/bash)
==2363== 
==2363== 32 bytes in 1 blocks are still reachable in loss record 202 of 304
==2363==    at 0x483B7F3: malloc (in /usr/lib/x86_64-linux-gnu/valgrind/vgpreload_memcheck-amd64-linux.so)
==2363==    by 0x1984F3: xmalloc (in /usr/bin/bash)
==2363==    by 0x17BBFB: hash_insert (in /usr/bin/bash)
==2363==    by 0x158008: ??? (in /usr/bin/bash)
==2363==    by 0x158D55: make_new_array_variable (in /usr/bin/bash)
==2363==    by 0x158DA7: ??? (in /usr/bin/bash)
==2363==    by 0x15B349: initialize_shell_variables (in /usr/bin/bash)
==2363==    by 0x138DC9: ??? (in /usr/bin/bash)
==2363==    by 0x137544: main (in /usr/bin/bash)
==2363== 
==2363== 32 bytes in 1 blocks are still reachable in loss record 203 of 304
==2363==    at 0x483B7F3: malloc (in /usr/lib/x86_64-linux-gnu/valgrind/vgpreload_memcheck-amd64-linux.so)
==2363==    by 0x1984F3: xmalloc (in /usr/bin/bash)
==2363==    by 0x183457: array_create_element (in /usr/bin/bash)
==2363==    by 0x1834ED: array_create (in /usr/bin/bash)
==2363==    by 0x158D5D: make_new_array_variable (in /usr/bin/bash)
==2363==    by 0x158DA7: ??? (in /usr/bin/bash)
==2363==    by 0x15B349: initialize_shell_variables (in /usr/bin/bash)
==2363==    by 0x138DC9: ??? (in /usr/bin/bash)
==2363==    by 0x137544: main (in /usr/bin/bash)
==2363== 
==2363== 32 bytes in 1 blocks are still reachable in loss record 204 of 304
==2363==    at 0x483B7F3: malloc (in /usr/lib/x86_64-linux-gnu/valgrind/vgpreload_memcheck-amd64-linux.so)
==2363==    by 0x1984F3: xmalloc (in /usr/bin/bash)
==2363==    by 0x17BBFB: hash_insert (in /usr/bin/bash)
==2363==    by 0x158008: ??? (in /usr/bin/bash)
==2363==    by 0x158D55: make_new_array_variable (in /usr/bin/bash)
==2363==    by 0x158DA7: ??? (in /usr/bin/bash)
==2363==    by 0x15B368: initialize_shell_variables (in /usr/bin/bash)
==2363==    by 0x138DC9: ??? (in /usr/bin/bash)
==2363==    by 0x137544: main (in /usr/bin/bash)
==2363== 
==2363== 32 bytes in 1 blocks are still reachable in loss record 205 of 304
==2363==    at 0x483B7F3: malloc (in /usr/lib/x86_64-linux-gnu/valgrind/vgpreload_memcheck-amd64-linux.so)
==2363==    by 0x1984F3: xmalloc (in /usr/bin/bash)
==2363==    by 0x183457: array_create_element (in /usr/bin/bash)
==2363==    by 0x1834ED: array_create (in /usr/bin/bash)
==2363==    by 0x158D5D: make_new_array_variable (in /usr/bin/bash)
==2363==    by 0x158DA7: ??? (in /usr/bin/bash)
==2363==    by 0x15B368: initialize_shell_variables (in /usr/bin/bash)
==2363==    by 0x138DC9: ??? (in /usr/bin/bash)
==2363==    by 0x137544: main (in /usr/bin/bash)
==2363== 
==2363== 32 bytes in 1 blocks are still reachable in loss record 206 of 304
==2363==    at 0x483B7F3: malloc (in /usr/lib/x86_64-linux-gnu/valgrind/vgpreload_memcheck-amd64-linux.so)
==2363==    by 0x1984F3: xmalloc (in /usr/bin/bash)
==2363==    by 0x17BBFB: hash_insert (in /usr/bin/bash)
==2363==    by 0x158008: ??? (in /usr/bin/bash)
==2363==    by 0x158DE5: make_new_assoc_variable (in /usr/bin/bash)
==2363==    by 0x15B6A9: initialize_shell_variables (in /usr/bin/bash)
==2363==    by 0x138DC9: ??? (in /usr/bin/bash)
==2363==    by 0x137544: main (in /usr/bin/bash)
==2363== 
==2363== 32 bytes in 1 blocks are still reachable in loss record 207 of 304
==2363==    at 0x483B7F3: malloc (in /usr/lib/x86_64-linux-gnu/valgrind/vgpreload_memcheck-amd64-linux.so)
==2363==    by 0x1984F3: xmalloc (in /usr/bin/bash)
==2363==    by 0x17BBFB: hash_insert (in /usr/bin/bash)
==2363==    by 0x158008: ??? (in /usr/bin/bash)
==2363==    by 0x158DE5: make_new_assoc_variable (in /usr/bin/bash)
==2363==    by 0x15B67B: initialize_shell_variables (in /usr/bin/bash)
==2363==    by 0x138DC9: ??? (in /usr/bin/bash)
==2363==    by 0x137544: main (in /usr/bin/bash)
==2363== 
==2363== 32 bytes in 1 blocks are still reachable in loss record 208 of 304
==2363==    at 0x483B7F3: malloc (in /usr/lib/x86_64-linux-gnu/valgrind/vgpreload_memcheck-amd64-linux.so)
==2363==    by 0x1984F3: xmalloc (in /usr/bin/bash)
==2363==    by 0x17BBFB: hash_insert (in /usr/bin/bash)
==2363==    by 0x158008: ??? (in /usr/bin/bash)
==2363==    by 0x158D55: make_new_array_variable (in /usr/bin/bash)
==2363==    by 0x15B64D: initialize_shell_variables (in /usr/bin/bash)
==2363==    by 0x138DC9: ??? (in /usr/bin/bash)
==2363==    by 0x137544: main (in /usr/bin/bash)
==2363== 
==2363== 32 bytes in 1 blocks are still reachable in loss record 209 of 304
==2363==    at 0x483B7F3: malloc (in /usr/lib/x86_64-linux-gnu/valgrind/vgpreload_memcheck-amd64-linux.so)
==2363==    by 0x1984F3: xmalloc (in /usr/bin/bash)
==2363==    by 0x183457: array_create_element (in /usr/bin/bash)
==2363==    by 0x1834ED: array_create (in /usr/bin/bash)
==2363==    by 0x158D5D: make_new_array_variable (in /usr/bin/bash)
==2363==    by 0x15B64D: initialize_shell_variables (in /usr/bin/bash)
==2363==    by 0x138DC9: ??? (in /usr/bin/bash)
==2363==    by 0x137544: main (in /usr/bin/bash)
==2363== 
==2363== 32 bytes in 1 blocks are still reachable in loss record 210 of 304
==2363==    at 0x483B7F3: malloc (in /usr/lib/x86_64-linux-gnu/valgrind/vgpreload_memcheck-amd64-linux.so)
==2363==    by 0x1984F3: xmalloc (in /usr/bin/bash)
==2363==    by 0x17BBFB: hash_insert (in /usr/bin/bash)
==2363==    by 0x158008: ??? (in /usr/bin/bash)
==2363==    by 0x15805C: ??? (in /usr/bin/bash)
==2363==    by 0x1A76E0: set_shellopts (in /usr/bin/bash)
==2363==    by 0x138DFD: ??? (in /usr/bin/bash)
==2363==    by 0x137544: main (in /usr/bin/bash)
==2363== 
==2363== 32 bytes in 1 blocks are still reachable in loss record 211 of 304
==2363==    at 0x483B7F3: malloc (in /usr/lib/x86_64-linux-gnu/valgrind/vgpreload_memcheck-amd64-linux.so)
==2363==    by 0x1984F3: xmalloc (in /usr/bin/bash)
==2363==    by 0x17BBFB: hash_insert (in /usr/bin/bash)
==2363==    by 0x158008: ??? (in /usr/bin/bash)
==2363==    by 0x15805C: ??? (in /usr/bin/bash)
==2363==    by 0x1AC4B0: set_bashopts (in /usr/bin/bash)
==2363==    by 0x138E1C: ??? (in /usr/bin/bash)
==2363==    by 0x137544: main (in /usr/bin/bash)
==2363== 
==2363== 32 bytes in 1 blocks are still reachable in loss record 212 of 304
==2363==    at 0x483B7F3: malloc (in /usr/lib/x86_64-linux-gnu/valgrind/vgpreload_memcheck-amd64-linux.so)
==2363==    by 0x1984F3: xmalloc (in /usr/bin/bash)
==2363==    by 0x183457: array_create_element (in /usr/bin/bash)
==2363==    by 0x18367F: ??? (in /usr/bin/bash)
==2363==    by 0x137C8C: main (in /usr/bin/bash)
==2363== 
==2363== 32 bytes in 1 blocks are still reachable in loss record 213 of 304
==2363==    at 0x483B7F3: malloc (in /usr/lib/x86_64-linux-gnu/valgrind/vgpreload_memcheck-amd64-linux.so)
==2363==    by 0x1984F3: xmalloc (in /usr/bin/bash)
==2363==    by 0x183457: array_create_element (in /usr/bin/bash)
==2363==    by 0x18367F: ??? (in /usr/bin/bash)
==2363==    by 0x137CB1: main (in /usr/bin/bash)
==2363== 
==2363== 32 bytes in 1 blocks are still reachable in loss record 214 of 304
==2363==    at 0x483B7F3: malloc (in /usr/lib/x86_64-linux-gnu/valgrind/vgpreload_memcheck-amd64-linux.so)
==2363==    by 0x1984F3: xmalloc (in /usr/bin/bash)
==2363==    by 0x183457: array_create_element (in /usr/bin/bash)
==2363==    by 0x18367F: ??? (in /usr/bin/bash)
==2363==    by 0x137CCD: main (in /usr/bin/bash)
==2363== 
==2363== 32 bytes in 1 blocks are still reachable in loss record 215 of 304
==2363==    at 0x483B7F3: malloc (in /usr/lib/x86_64-linux-gnu/valgrind/vgpreload_memcheck-amd64-linux.so)
==2363==    by 0x1984F3: xmalloc (in /usr/bin/bash)
==2363==    by 0x17EFE9: ??? (in /usr/bin/bash)
==2363==    by 0x17F2CE: begin_unwind_frame (in /usr/bin/bash)
==2363==    by 0x1519B1: execute_command (in /usr/bin/bash)
==2363==    by 0x139664: reader_loop (in /usr/bin/bash)
==2363==    by 0x137EF8: main (in /usr/bin/bash)
==2363== 
==2363== 32 bytes in 1 blocks are still reachable in loss record 216 of 304
==2363==    at 0x483B7F3: malloc (in /usr/lib/x86_64-linux-gnu/valgrind/vgpreload_memcheck-amd64-linux.so)
==2363==    by 0x1984F3: xmalloc (in /usr/bin/bash)
==2363==    by 0x17EFE9: ??? (in /usr/bin/bash)
==2363==    by 0x17F4C9: add_unwind_protect (in /usr/bin/bash)
==2363==    by 0x1519C2: execute_command (in /usr/bin/bash)
==2363==    by 0x139664: reader_loop (in /usr/bin/bash)
==2363==    by 0x137EF8: main (in /usr/bin/bash)
==2363== 
==2363== 32 bytes in 1 blocks are still reachable in loss record 217 of 304
==2363==    at 0x483B7F3: malloc (in /usr/lib/x86_64-linux-gnu/valgrind/vgpreload_memcheck-amd64-linux.so)
==2363==    by 0x1984F3: xmalloc (in /usr/bin/bash)
==2363==    by 0x17EFE9: ??? (in /usr/bin/bash)
==2363==    by 0x17F2CE: begin_unwind_frame (in /usr/bin/bash)
==2363==    by 0x14FB5D: execute_command_internal (in /usr/bin/bash)
==2363==    by 0x1519D9: execute_command (in /usr/bin/bash)
==2363==    by 0x139664: reader_loop (in /usr/bin/bash)
==2363==    by 0x137EF8: main (in /usr/bin/bash)
==2363== 
==2363== 32 bytes in 1 blocks are still reachable in loss record 218 of 304
==2363==    at 0x483B7F3: malloc (in /usr/lib/x86_64-linux-gnu/valgrind/vgpreload_memcheck-amd64-linux.so)
==2363==    by 0x1984F3: xmalloc (in /usr/bin/bash)
==2363==    by 0x17EFE9: ??? (in /usr/bin/bash)
==2363==    by 0x17F4C9: add_unwind_protect (in /usr/bin/bash)
==2363==    by 0x14FBF2: execute_command_internal (in /usr/bin/bash)
==2363==    by 0x1519D9: execute_command (in /usr/bin/bash)
==2363==    by 0x139664: reader_loop (in /usr/bin/bash)
==2363==    by 0x137EF8: main (in /usr/bin/bash)
==2363== 
==2363== 32 bytes in 1 blocks are still reachable in loss record 219 of 304
==2363==    at 0x483B7F3: malloc (in /usr/lib/x86_64-linux-gnu/valgrind/vgpreload_memcheck-amd64-linux.so)
==2363==    by 0x1984F3: xmalloc (in /usr/bin/bash)
==2363==    by 0x17EFE9: ??? (in /usr/bin/bash)
==2363==    by 0x17F2CE: begin_unwind_frame (in /usr/bin/bash)
==2363==    by 0x151400: execute_command_internal (in /usr/bin/bash)
==2363==    by 0x1519D9: execute_command (in /usr/bin/bash)
==2363==    by 0x139664: reader_loop (in /usr/bin/bash)
==2363==    by 0x137EF8: main (in /usr/bin/bash)
==2363== 
==2363== 32 bytes in 1 blocks are still reachable in loss record 220 of 304
==2363==    at 0x483B7F3: malloc (in /usr/lib/x86_64-linux-gnu/valgrind/vgpreload_memcheck-amd64-linux.so)
==2363==    by 0x1984F3: xmalloc (in /usr/bin/bash)
==2363==    by 0x17BBFB: hash_insert (in /usr/bin/bash)
==2363==    by 0x158008: ??? (in /usr/bin/bash)
==2363==    by 0x158D55: make_new_array_variable (in /usr/bin/bash)
==2363==    by 0x15C10B: set_pipestatus_array (in /usr/bin/bash)
==2363==    by 0x15172F: execute_command_internal (in /usr/bin/bash)
==2363==    by 0x1519D9: execute_command (in /usr/bin/bash)
==2363==    by 0x139664: reader_loop (in /usr/bin/bash)
==2363==    by 0x137EF8: main (in /usr/bin/bash)
==2363== 
==2363== 32 bytes in 1 blocks are still reachable in loss record 221 of 304
==2363==    at 0x483B7F3: malloc (in /usr/lib/x86_64-linux-gnu/valgrind/vgpreload_memcheck-amd64-linux.so)
==2363==    by 0x1984F3: xmalloc (in /usr/bin/bash)
==2363==    by 0x183457: array_create_element (in /usr/bin/bash)
==2363==    by 0x1834ED: array_create (in /usr/bin/bash)
==2363==    by 0x158D5D: make_new_array_variable (in /usr/bin/bash)
==2363==    by 0x15C10B: set_pipestatus_array (in /usr/bin/bash)
==2363==    by 0x15172F: execute_command_internal (in /usr/bin/bash)
==2363==    by 0x1519D9: execute_command (in /usr/bin/bash)
==2363==    by 0x139664: reader_loop (in /usr/bin/bash)
==2363==    by 0x137EF8: main (in /usr/bin/bash)
==2363== 
==2363== 32 bytes in 1 blocks are still reachable in loss record 222 of 304
==2363==    at 0x483B7F3: malloc (in /usr/lib/x86_64-linux-gnu/valgrind/vgpreload_memcheck-amd64-linux.so)
==2363==    by 0x1984F3: xmalloc (in /usr/bin/bash)
==2363==    by 0x183457: array_create_element (in /usr/bin/bash)
==2363==    by 0x183987: array_insert (in /usr/bin/bash)
==2363==    by 0x15C09E: set_pipestatus_array (in /usr/bin/bash)
==2363==    by 0x15172F: execute_command_internal (in /usr/bin/bash)
==2363==    by 0x1519D9: execute_command (in /usr/bin/bash)
==2363==    by 0x139664: reader_loop (in /usr/bin/bash)
==2363==    by 0x137EF8: main (in /usr/bin/bash)
==2363== 
==2363== 34 bytes in 1 blocks are still reachable in loss record 223 of 304
==2363==    at 0x483DFAF: realloc (in /usr/lib/x86_64-linux-gnu/valgrind/vgpreload_memcheck-amd64-linux.so)
==2363==    by 0x198558: xrealloc (in /usr/bin/bash)
==2363==    by 0x13A097: ??? (in /usr/bin/bash)
==2363==    by 0x13C688: ??? (in /usr/bin/bash)
==2363==    by 0x13F5C9: ??? (in /usr/bin/bash)
==2363==    by 0x142EC7: yyparse (in /usr/bin/bash)
==2363==    by 0x13929A: parse_command (in /usr/bin/bash)
==2363==    by 0x1393A6: read_command (in /usr/bin/bash)
==2363==    by 0x1395C9: reader_loop (in /usr/bin/bash)
==2363==    by 0x137EF8: main (in /usr/bin/bash)
==2363== 
==2363== 40 bytes in 1 blocks are still reachable in loss record 224 of 304
==2363==    at 0x483B7F3: malloc (in /usr/lib/x86_64-linux-gnu/valgrind/vgpreload_memcheck-amd64-linux.so)
==2363==    by 0x1984F3: xmalloc (in /usr/bin/bash)
==2363==    by 0x157EB6: new_var_context (in /usr/bin/bash)
==2363==    by 0x157F68: ??? (in /usr/bin/bash)
==2363==    by 0x15AAAB: initialize_shell_variables (in /usr/bin/bash)
==2363==    by 0x138DC9: ??? (in /usr/bin/bash)
==2363==    by 0x137544: main (in /usr/bin/bash)
==2363== 
==2363== 40 bytes in 1 blocks are still reachable in loss record 225 of 304
==2363==    at 0x483B7F3: malloc (in /usr/lib/x86_64-linux-gnu/valgrind/vgpreload_memcheck-amd64-linux.so)
==2363==    by 0x1984F3: xmalloc (in /usr/bin/bash)
==2363==    by 0x1834BF: array_create (in /usr/bin/bash)
==2363==    by 0x158D5D: make_new_array_variable (in /usr/bin/bash)
==2363==    by 0x15AEE3: initialize_shell_variables (in /usr/bin/bash)
==2363==    by 0x138DC9: ??? (in /usr/bin/bash)
==2363==    by 0x137544: main (in /usr/bin/bash)
==2363== 
==2363== 40 bytes in 1 blocks are still reachable in loss record 226 of 304
==2363==    at 0x483B7F3: malloc (in /usr/lib/x86_64-linux-gnu/valgrind/vgpreload_memcheck-amd64-linux.so)
==2363==    by 0x1984F3: xmalloc (in /usr/bin/bash)
==2363==    by 0x1834BF: array_create (in /usr/bin/bash)
==2363==    by 0x158D5D: make_new_array_variable (in /usr/bin/bash)
==2363==    by 0x158DA7: ??? (in /usr/bin/bash)
==2363==    by 0x15B2CD: initialize_shell_variables (in /usr/bin/bash)
==2363==    by 0x138DC9: ??? (in /usr/bin/bash)
==2363==    by 0x137544: main (in /usr/bin/bash)
==2363== 
==2363== 40 bytes in 1 blocks are still reachable in loss record 227 of 304
==2363==    at 0x483B7F3: malloc (in /usr/lib/x86_64-linux-gnu/valgrind/vgpreload_memcheck-amd64-linux.so)
==2363==    by 0x1984F3: xmalloc (in /usr/bin/bash)
==2363==    by 0x1834BF: array_create (in /usr/bin/bash)
==2363==    by 0x158D5D: make_new_array_variable (in /usr/bin/bash)
==2363==    by 0x158DA7: ??? (in /usr/bin/bash)
==2363==    by 0x15B2EC: initialize_shell_variables (in /usr/bin/bash)
==2363==    by 0x138DC9: ??? (in /usr/bin/bash)
==2363==    by 0x137544: main (in /usr/bin/bash)
==2363== 
==2363== 40 bytes in 1 blocks are still reachable in loss record 228 of 304
==2363==    at 0x483B7F3: malloc (in /usr/lib/x86_64-linux-gnu/valgrind/vgpreload_memcheck-amd64-linux.so)
==2363==    by 0x1984F3: xmalloc (in /usr/bin/bash)
==2363==    by 0x1834BF: array_create (in /usr/bin/bash)
==2363==    by 0x158D5D: make_new_array_variable (in /usr/bin/bash)
==2363==    by 0x158DA7: ??? (in /usr/bin/bash)
==2363==    by 0x15B30B: initialize_shell_variables (in /usr/bin/bash)
==2363==    by 0x138DC9: ??? (in /usr/bin/bash)
==2363==    by 0x137544: main (in /usr/bin/bash)
==2363== 
==2363== 40 bytes in 1 blocks are still reachable in loss record 229 of 304
==2363==    at 0x483B7F3: malloc (in /usr/lib/x86_64-linux-gnu/valgrind/vgpreload_memcheck-amd64-linux.so)
==2363==    by 0x1984F3: xmalloc (in /usr/bin/bash)
==2363==    by 0x1834BF: array_create (in /usr/bin/bash)
==2363==    by 0x158D5D: make_new_array_variable (in /usr/bin/bash)
==2363==    by 0x158DA7: ??? (in /usr/bin/bash)
==2363==    by 0x15B32A: initialize_shell_variables (in /usr/bin/bash)
==2363==    by 0x138DC9: ??? (in /usr/bin/bash)
==2363==    by 0x137544: main (in /usr/bin/bash)
==2363== 
==2363== 40 bytes in 1 blocks are still reachable in loss record 230 of 304
==2363==    at 0x483B7F3: malloc (in /usr/lib/x86_64-linux-gnu/valgrind/vgpreload_memcheck-amd64-linux.so)
==2363==    by 0x1984F3: xmalloc (in /usr/bin/bash)
==2363==    by 0x1834BF: array_create (in /usr/bin/bash)
==2363==    by 0x158D5D: make_new_array_variable (in /usr/bin/bash)
==2363==    by 0x158DA7: ??? (in /usr/bin/bash)
==2363==    by 0x15B349: initialize_shell_variables (in /usr/bin/bash)
==2363==    by 0x138DC9: ??? (in /usr/bin/bash)
==2363==    by 0x137544: main (in /usr/bin/bash)
==2363== 
==2363== 40 bytes in 1 blocks are still reachable in loss record 231 of 304
==2363==    at 0x483B7F3: malloc (in /usr/lib/x86_64-linux-gnu/valgrind/vgpreload_memcheck-amd64-linux.so)
==2363==    by 0x1984F3: xmalloc (in /usr/bin/bash)
==2363==    by 0x1834BF: array_create (in /usr/bin/bash)
==2363==    by 0x158D5D: make_new_array_variable (in /usr/bin/bash)
==2363==    by 0x158DA7: ??? (in /usr/bin/bash)
==2363==    by 0x15B368: initialize_shell_variables (in /usr/bin/bash)
==2363==    by 0x138DC9: ??? (in /usr/bin/bash)
==2363==    by 0x137544: main (in /usr/bin/bash)
==2363== 
==2363== 40 bytes in 1 blocks are still reachable in loss record 232 of 304
==2363==    at 0x483B7F3: malloc (in /usr/lib/x86_64-linux-gnu/valgrind/vgpreload_memcheck-amd64-linux.so)
==2363==    by 0x1984F3: xmalloc (in /usr/bin/bash)
==2363==    by 0x1834BF: array_create (in /usr/bin/bash)
==2363==    by 0x158D5D: make_new_array_variable (in /usr/bin/bash)
==2363==    by 0x15B64D: initialize_shell_variables (in /usr/bin/bash)
==2363==    by 0x138DC9: ??? (in /usr/bin/bash)
==2363==    by 0x137544: main (in /usr/bin/bash)
==2363== 
==2363== 40 bytes in 1 blocks are still reachable in loss record 233 of 304
==2363==    at 0x483B7F3: malloc (in /usr/lib/x86_64-linux-gnu/valgrind/vgpreload_memcheck-amd64-linux.so)
==2363==    by 0x1984F3: xmalloc (in /usr/bin/bash)
==2363==    by 0x1834BF: array_create (in /usr/bin/bash)
==2363==    by 0x158D5D: make_new_array_variable (in /usr/bin/bash)
==2363==    by 0x15C10B: set_pipestatus_array (in /usr/bin/bash)
==2363==    by 0x15172F: execute_command_internal (in /usr/bin/bash)
==2363==    by 0x1519D9: execute_command (in /usr/bin/bash)
==2363==    by 0x139664: reader_loop (in /usr/bin/bash)
==2363==    by 0x137EF8: main (in /usr/bin/bash)
==2363== 
==2363== 41 bytes in 1 blocks are still reachable in loss record 234 of 304
==2363==    at 0x483B7F3: malloc (in /usr/lib/x86_64-linux-gnu/valgrind/vgpreload_memcheck-amd64-linux.so)
==2363==    by 0x1984F3: xmalloc (in /usr/bin/bash)
==2363==    by 0x156DA1: make_variable_value (in /usr/bin/bash)
==2363==    by 0x15806D: ??? (in /usr/bin/bash)
==2363==    by 0x1A76E0: set_shellopts (in /usr/bin/bash)
==2363==    by 0x138DFD: ??? (in /usr/bin/bash)
==2363==    by 0x137544: main (in /usr/bin/bash)
==2363== 
==2363== 48 bytes in 1 blocks are still reachable in loss record 235 of 304
==2363==    at 0x483B7F3: malloc (in /usr/lib/x86_64-linux-gnu/valgrind/vgpreload_memcheck-amd64-linux.so)
==2363==    by 0x1984F3: xmalloc (in /usr/bin/bash)
==2363==    by 0x1544C3: ??? (in /usr/bin/bash)
==2363==    by 0x157FCF: ??? (in /usr/bin/bash)
==2363==    by 0x15805C: ??? (in /usr/bin/bash)
==2363==    by 0x159447: set_pwd (in /usr/bin/bash)
==2363==    by 0x15AAEE: initialize_shell_variables (in /usr/bin/bash)
==2363==    by 0x138DC9: ??? (in /usr/bin/bash)
==2363==    by 0x137544: main (in /usr/bin/bash)
==2363== 
==2363== 48 bytes in 1 blocks are still reachable in loss record 236 of 304
==2363==    at 0x483B7F3: malloc (in /usr/lib/x86_64-linux-gnu/valgrind/vgpreload_memcheck-amd64-linux.so)
==2363==    by 0x1984F3: xmalloc (in /usr/bin/bash)
==2363==    by 0x1544C3: ??? (in /usr/bin/bash)
==2363==    by 0x157FCF: ??? (in /usr/bin/bash)
==2363==    by 0x15805C: ??? (in /usr/bin/bash)
==2363==    by 0x159490: set_pwd (in /usr/bin/bash)
==2363==    by 0x15AAEE: initialize_shell_variables (in /usr/bin/bash)
==2363==    by 0x138DC9: ??? (in /usr/bin/bash)
==2363==    by 0x137544: main (in /usr/bin/bash)
==2363== 
==2363== 48 bytes in 1 blocks are still reachable in loss record 237 of 304
==2363==    at 0x483B7F3: malloc (in /usr/lib/x86_64-linux-gnu/valgrind/vgpreload_memcheck-amd64-linux.so)
==2363==    by 0x1984F3: xmalloc (in /usr/bin/bash)
==2363==    by 0x1544C3: ??? (in /usr/bin/bash)
==2363==    by 0x157FCF: ??? (in /usr/bin/bash)
==2363==    by 0x15805C: ??? (in /usr/bin/bash)
==2363==    by 0x15AB01: initialize_shell_variables (in /usr/bin/bash)
==2363==    by 0x138DC9: ??? (in /usr/bin/bash)
==2363==    by 0x137544: main (in /usr/bin/bash)
==2363== 
==2363== 48 bytes in 1 blocks are still reachable in loss record 238 of 304
==2363==    at 0x483B7F3: malloc (in /usr/lib/x86_64-linux-gnu/valgrind/vgpreload_memcheck-amd64-linux.so)
==2363==    by 0x1984F3: xmalloc (in /usr/bin/bash)
==2363==    by 0x1544C3: ??? (in /usr/bin/bash)
==2363==    by 0x157FCF: ??? (in /usr/bin/bash)
==2363==    by 0x15805C: ??? (in /usr/bin/bash)
==2363==    by 0x15AB1F: initialize_shell_variables (in /usr/bin/bash)
==2363==    by 0x138DC9: ??? (in /usr/bin/bash)
==2363==    by 0x137544: main (in /usr/bin/bash)
==2363== 
==2363== 48 bytes in 1 blocks are still reachable in loss record 239 of 304
==2363==    at 0x483B7F3: malloc (in /usr/lib/x86_64-linux-gnu/valgrind/vgpreload_memcheck-amd64-linux.so)
==2363==    by 0x1984F3: xmalloc (in /usr/bin/bash)
==2363==    by 0x1544C3: ??? (in /usr/bin/bash)
==2363==    by 0x157FCF: ??? (in /usr/bin/bash)
==2363==    by 0x15805C: ??? (in /usr/bin/bash)
==2363==    by 0x15AB32: initialize_shell_variables (in /usr/bin/bash)
==2363==    by 0x138DC9: ??? (in /usr/bin/bash)
==2363==    by 0x137544: main (in /usr/bin/bash)
==2363== 
==2363== 48 bytes in 1 blocks are still reachable in loss record 240 of 304
==2363==    at 0x483B7F3: malloc (in /usr/lib/x86_64-linux-gnu/valgrind/vgpreload_memcheck-amd64-linux.so)
==2363==    by 0x1984F3: xmalloc (in /usr/bin/bash)
==2363==    by 0x1544C3: ??? (in /usr/bin/bash)
==2363==    by 0x157FCF: ??? (in /usr/bin/bash)
==2363==    by 0x15805C: ??? (in /usr/bin/bash)
==2363==    by 0x15AB65: initialize_shell_variables (in /usr/bin/bash)
==2363==    by 0x138DC9: ??? (in /usr/bin/bash)
==2363==    by 0x137544: main (in /usr/bin/bash)
==2363== 
==2363== 48 bytes in 1 blocks are still reachable in loss record 241 of 304
==2363==    at 0x483B7F3: malloc (in /usr/lib/x86_64-linux-gnu/valgrind/vgpreload_memcheck-amd64-linux.so)
==2363==    by 0x1984F3: xmalloc (in /usr/bin/bash)
==2363==    by 0x1544C3: ??? (in /usr/bin/bash)
==2363==    by 0x157FCF: ??? (in /usr/bin/bash)
==2363==    by 0x15805C: ??? (in /usr/bin/bash)
==2363==    by 0x15AB7A: initialize_shell_variables (in /usr/bin/bash)
==2363==    by 0x138DC9: ??? (in /usr/bin/bash)
==2363==    by 0x137544: main (in /usr/bin/bash)
==2363== 
==2363== 48 bytes in 1 blocks are still reachable in loss record 242 of 304
==2363==    at 0x483B7F3: malloc (in /usr/lib/x86_64-linux-gnu/valgrind/vgpreload_memcheck-amd64-linux.so)
==2363==    by 0x1984F3: xmalloc (in /usr/bin/bash)
==2363==    by 0x1544C3: ??? (in /usr/bin/bash)
==2363==    by 0x157FCF: ??? (in /usr/bin/bash)
==2363==    by 0x15805C: ??? (in /usr/bin/bash)
==2363==    by 0x15AB95: initialize_shell_variables (in /usr/bin/bash)
==2363==    by 0x138DC9: ??? (in /usr/bin/bash)
==2363==    by 0x137544: main (in /usr/bin/bash)
==2363== 
==2363== 48 bytes in 1 blocks are still reachable in loss record 243 of 304
==2363==    at 0x483B7F3: malloc (in /usr/lib/x86_64-linux-gnu/valgrind/vgpreload_memcheck-amd64-linux.so)
==2363==    by 0x1984F3: xmalloc (in /usr/bin/bash)
==2363==    by 0x1544C3: ??? (in /usr/bin/bash)
==2363==    by 0x157FCF: ??? (in /usr/bin/bash)
==2363==    by 0x15805C: ??? (in /usr/bin/bash)
==2363==    by 0x15ABA8: initialize_shell_variables (in /usr/bin/bash)
==2363==    by 0x138DC9: ??? (in /usr/bin/bash)
==2363==    by 0x137544: main (in /usr/bin/bash)
==2363== 
==2363== 48 bytes in 1 blocks are still reachable in loss record 244 of 304
==2363==    at 0x483B7F3: malloc (in /usr/lib/x86_64-linux-gnu/valgrind/vgpreload_memcheck-amd64-linux.so)
==2363==    by 0x1984F3: xmalloc (in /usr/bin/bash)
==2363==    by 0x1544C3: ??? (in /usr/bin/bash)
==2363==    by 0x157FCF: ??? (in /usr/bin/bash)
==2363==    by 0x15805C: ??? (in /usr/bin/bash)
==2363==    by 0x15ABBB: initialize_shell_variables (in /usr/bin/bash)
==2363==    by 0x138DC9: ??? (in /usr/bin/bash)
==2363==    by 0x137544: main (in /usr/bin/bash)
==2363== 
==2363== 48 bytes in 1 blocks are still reachable in loss record 245 of 304
==2363==    at 0x483B7F3: malloc (in /usr/lib/x86_64-linux-gnu/valgrind/vgpreload_memcheck-amd64-linux.so)
==2363==    by 0x1984F3: xmalloc (in /usr/bin/bash)
==2363==    by 0x1544C3: ??? (in /usr/bin/bash)
==2363==    by 0x157FCF: ??? (in /usr/bin/bash)
==2363==    by 0x15805C: ??? (in /usr/bin/bash)
==2363==    by 0x15ABCE: initialize_shell_variables (in /usr/bin/bash)
==2363==    by 0x138DC9: ??? (in /usr/bin/bash)
==2363==    by 0x137544: main (in /usr/bin/bash)
==2363== 
==2363== 48 bytes in 1 blocks are still reachable in loss record 246 of 304
==2363==    at 0x483B7F3: malloc (in /usr/lib/x86_64-linux-gnu/valgrind/vgpreload_memcheck-amd64-linux.so)
==2363==    by 0x1984F3: xmalloc (in /usr/bin/bash)
==2363==    by 0x1544C3: ??? (in /usr/bin/bash)
==2363==    by 0x157FCF: ??? (in /usr/bin/bash)
==2363==    by 0x15805C: ??? (in /usr/bin/bash)
==2363==    by 0x15929E: adjust_shell_level (in /usr/bin/bash)
==2363==    by 0x15AC10: initialize_shell_variables (in /usr/bin/bash)
==2363==    by 0x138DC9: ??? (in /usr/bin/bash)
==2363==    by 0x137544: main (in /usr/bin/bash)
==2363== 
==2363== 48 bytes in 1 blocks are still reachable in loss record 247 of 304
==2363==    at 0x483B7F3: malloc (in /usr/lib/x86_64-linux-gnu/valgrind/vgpreload_memcheck-amd64-linux.so)
==2363==    by 0x1984F3: xmalloc (in /usr/bin/bash)
==2363==    by 0x1544C3: ??? (in /usr/bin/bash)
==2363==    by 0x157FCF: ??? (in /usr/bin/bash)
==2363==    by 0x15805C: ??? (in /usr/bin/bash)
==2363==    by 0x159628: set_ppid (in /usr/bin/bash)
==2363==    by 0x15AC15: initialize_shell_variables (in /usr/bin/bash)
==2363==    by 0x138DC9: ??? (in /usr/bin/bash)
==2363==    by 0x137544: main (in /usr/bin/bash)
==2363== 
==2363== 48 bytes in 1 blocks are still reachable in loss record 248 of 304
==2363==    at 0x483B7F3: malloc (in /usr/lib/x86_64-linux-gnu/valgrind/vgpreload_memcheck-amd64-linux.so)
==2363==    by 0x1984F3: xmalloc (in /usr/bin/bash)
==2363==    by 0x1544C3: ??? (in /usr/bin/bash)
==2363==    by 0x157FCF: ??? (in /usr/bin/bash)
==2363==    by 0x15805C: ??? (in /usr/bin/bash)
==2363==    by 0x15AC2A: initialize_shell_variables (in /usr/bin/bash)
==2363==    by 0x138DC9: ??? (in /usr/bin/bash)
==2363==    by 0x137544: main (in /usr/bin/bash)
==2363== 
==2363== 48 bytes in 1 blocks are still reachable in loss record 249 of 304
==2363==    at 0x483B7F3: malloc (in /usr/lib/x86_64-linux-gnu/valgrind/vgpreload_memcheck-amd64-linux.so)
==2363==    by 0x1984F3: xmalloc (in /usr/bin/bash)
==2363==    by 0x1544C3: ??? (in /usr/bin/bash)
==2363==    by 0x157FCF: ??? (in /usr/bin/bash)
==2363==    by 0x15805C: ??? (in /usr/bin/bash)
==2363==    by 0x15AC4A: initialize_shell_variables (in /usr/bin/bash)
==2363==    by 0x138DC9: ??? (in /usr/bin/bash)
==2363==    by 0x137544: main (in /usr/bin/bash)
==2363== 
==2363== 48 bytes in 1 blocks are still reachable in loss record 250 of 304
==2363==    at 0x483B7F3: malloc (in /usr/lib/x86_64-linux-gnu/valgrind/vgpreload_memcheck-amd64-linux.so)
==2363==    by 0x1984F3: xmalloc (in /usr/bin/bash)
==2363==    by 0x1544C3: ??? (in /usr/bin/bash)
==2363==    by 0x157FCF: ??? (in /usr/bin/bash)
==2363==    by 0x15805C: ??? (in /usr/bin/bash)
==2363==    by 0x15AE90: initialize_shell_variables (in /usr/bin/bash)
==2363==    by 0x138DC9: ??? (in /usr/bin/bash)
==2363==    by 0x137544: main (in /usr/bin/bash)
==2363== 
==2363== 48 bytes in 1 blocks are still reachable in loss record 251 of 304
==2363==    at 0x483B7F3: malloc (in /usr/lib/x86_64-linux-gnu/valgrind/vgpreload_memcheck-amd64-linux.so)
==2363==    by 0x1984F3: xmalloc (in /usr/bin/bash)
==2363==    by 0x1544C3: ??? (in /usr/bin/bash)
==2363==    by 0x157FCF: ??? (in /usr/bin/bash)
==2363==    by 0x15805C: ??? (in /usr/bin/bash)
==2363==    by 0x15B635: initialize_shell_variables (in /usr/bin/bash)
==2363==    by 0x138DC9: ??? (in /usr/bin/bash)
==2363==    by 0x137544: main (in /usr/bin/bash)
==2363== 
==2363== 48 bytes in 1 blocks are still reachable in loss record 252 of 304
==2363==    at 0x483B7F3: malloc (in /usr/lib/x86_64-linux-gnu/valgrind/vgpreload_memcheck-amd64-linux.so)
==2363==    by 0x1984F3: xmalloc (in /usr/bin/bash)
==2363==    by 0x1544C3: ??? (in /usr/bin/bash)
==2363==    by 0x157FCF: ??? (in /usr/bin/bash)
==2363==    by 0x15805C: ??? (in /usr/bin/bash)
==2363==    by 0x15AECB: initialize_shell_variables (in /usr/bin/bash)
==2363==    by 0x138DC9: ??? (in /usr/bin/bash)
==2363==    by 0x137544: main (in /usr/bin/bash)
==2363== 
==2363== 48 bytes in 1 blocks are still reachable in loss record 253 of 304
==2363==    at 0x483B7F3: malloc (in /usr/lib/x86_64-linux-gnu/valgrind/vgpreload_memcheck-amd64-linux.so)
==2363==    by 0x1984F3: xmalloc (in /usr/bin/bash)
==2363==    by 0x1544C3: ??? (in /usr/bin/bash)
==2363==    by 0x157FCF: ??? (in /usr/bin/bash)
==2363==    by 0x158D55: make_new_array_variable (in /usr/bin/bash)
==2363==    by 0x15AEE3: initialize_shell_variables (in /usr/bin/bash)
==2363==    by 0x138DC9: ??? (in /usr/bin/bash)
==2363==    by 0x137544: main (in /usr/bin/bash)
==2363== 
==2363== 48 bytes in 1 blocks are still reachable in loss record 254 of 304
==2363==    at 0x483B7F3: malloc (in /usr/lib/x86_64-linux-gnu/valgrind/vgpreload_memcheck-amd64-linux.so)
==2363==    by 0x1984F3: xmalloc (in /usr/bin/bash)
==2363==    by 0x1544C3: ??? (in /usr/bin/bash)
==2363==    by 0x157FCF: ??? (in /usr/bin/bash)
==2363==    by 0x15805C: ??? (in /usr/bin/bash)
==2363==    by 0x15B7C8: initialize_shell_variables (in /usr/bin/bash)
==2363==    by 0x138DC9: ??? (in /usr/bin/bash)
==2363==    by 0x137544: main (in /usr/bin/bash)
==2363== 
==2363== 48 bytes in 1 blocks are still reachable in loss record 255 of 304
==2363==    at 0x483B7F3: malloc (in /usr/lib/x86_64-linux-gnu/valgrind/vgpreload_memcheck-amd64-linux.so)
==2363==    by 0x1984F3: xmalloc (in /usr/bin/bash)
==2363==    by 0x1544C3: ??? (in /usr/bin/bash)
==2363==    by 0x157FCF: ??? (in /usr/bin/bash)
==2363==    by 0x15805C: ??? (in /usr/bin/bash)
==2363==    by 0x15B7AE: initialize_shell_variables (in /usr/bin/bash)
==2363==    by 0x138DC9: ??? (in /usr/bin/bash)
==2363==    by 0x137544: main (in /usr/bin/bash)
==2363== 
==2363== 48 bytes in 1 blocks are still reachable in loss record 256 of 304
==2363==    at 0x483B7F3: malloc (in /usr/lib/x86_64-linux-gnu/valgrind/vgpreload_memcheck-amd64-linux.so)
==2363==    by 0x1984F3: xmalloc (in /usr/bin/bash)
==2363==    by 0x1544C3: ??? (in /usr/bin/bash)
==2363==    by 0x157FCF: ??? (in /usr/bin/bash)
==2363==    by 0x15805C: ??? (in /usr/bin/bash)
==2363==    by 0x15B112: initialize_shell_variables (in /usr/bin/bash)
==2363==    by 0x138DC9: ??? (in /usr/bin/bash)
==2363==    by 0x137544: main (in /usr/bin/bash)
==2363== 
==2363== 48 bytes in 1 blocks are still reachable in loss record 257 of 304
==2363==    at 0x483B7F3: malloc (in /usr/lib/x86_64-linux-gnu/valgrind/vgpreload_memcheck-amd64-linux.so)
==2363==    by 0x1984F3: xmalloc (in /usr/bin/bash)
==2363==    by 0x1544C3: ??? (in /usr/bin/bash)
==2363==    by 0x157FCF: ??? (in /usr/bin/bash)
==2363==    by 0x15805C: ??? (in /usr/bin/bash)
==2363==    by 0x15B13F: initialize_shell_variables (in /usr/bin/bash)
==2363==    by 0x138DC9: ??? (in /usr/bin/bash)
==2363==    by 0x137544: main (in /usr/bin/bash)
==2363== 
==2363== 48 bytes in 1 blocks are still reachable in loss record 258 of 304
==2363==    at 0x483B7F3: malloc (in /usr/lib/x86_64-linux-gnu/valgrind/vgpreload_memcheck-amd64-linux.so)
==2363==    by 0x1984F3: xmalloc (in /usr/bin/bash)
==2363==    by 0x1544C3: ??? (in /usr/bin/bash)
==2363==    by 0x157FCF: ??? (in /usr/bin/bash)
==2363==    by 0x15805C: ??? (in /usr/bin/bash)
==2363==    by 0x15B165: initialize_shell_variables (in /usr/bin/bash)
==2363==    by 0x138DC9: ??? (in /usr/bin/bash)
==2363==    by 0x137544: main (in /usr/bin/bash)
==2363== 
==2363== 48 bytes in 1 blocks are still reachable in loss record 259 of 304
==2363==    at 0x483B7F3: malloc (in /usr/lib/x86_64-linux-gnu/valgrind/vgpreload_memcheck-amd64-linux.so)
==2363==    by 0x1984F3: xmalloc (in /usr/bin/bash)
==2363==    by 0x1544C3: ??? (in /usr/bin/bash)
==2363==    by 0x157FCF: ??? (in /usr/bin/bash)
==2363==    by 0x15805C: ??? (in /usr/bin/bash)
==2363==    by 0x15B188: initialize_shell_variables (in /usr/bin/bash)
==2363==    by 0x138DC9: ??? (in /usr/bin/bash)
==2363==    by 0x137544: main (in /usr/bin/bash)
==2363== 
==2363== 48 bytes in 1 blocks are still reachable in loss record 260 of 304
==2363==    at 0x483B7F3: malloc (in /usr/lib/x86_64-linux-gnu/valgrind/vgpreload_memcheck-amd64-linux.so)
==2363==    by 0x1984F3: xmalloc (in /usr/bin/bash)
==2363==    by 0x1544C3: ??? (in /usr/bin/bash)
==2363==    by 0x157FCF: ??? (in /usr/bin/bash)
==2363==    by 0x15805C: ??? (in /usr/bin/bash)
==2363==    by 0x15B1AE: initialize_shell_variables (in /usr/bin/bash)
==2363==    by 0x138DC9: ??? (in /usr/bin/bash)
==2363==    by 0x137544: main (in /usr/bin/bash)
==2363== 
==2363== 48 bytes in 1 blocks are still reachable in loss record 261 of 304
==2363==    at 0x483B7F3: malloc (in /usr/lib/x86_64-linux-gnu/valgrind/vgpreload_memcheck-amd64-linux.so)
==2363==    by 0x1984F3: xmalloc (in /usr/bin/bash)
==2363==    by 0x1544C3: ??? (in /usr/bin/bash)
==2363==    by 0x157FCF: ??? (in /usr/bin/bash)
==2363==    by 0x15805C: ??? (in /usr/bin/bash)
==2363==    by 0x15B1D8: initialize_shell_variables (in /usr/bin/bash)
==2363==    by 0x138DC9: ??? (in /usr/bin/bash)
==2363==    by 0x137544: main (in /usr/bin/bash)
==2363== 
==2363== 48 bytes in 1 blocks are still reachable in loss record 262 of 304
==2363==    at 0x483B7F3: malloc (in /usr/lib/x86_64-linux-gnu/valgrind/vgpreload_memcheck-amd64-linux.so)
==2363==    by 0x1984F3: xmalloc (in /usr/bin/bash)
==2363==    by 0x1544C3: ??? (in /usr/bin/bash)
==2363==    by 0x157FCF: ??? (in /usr/bin/bash)
==2363==    by 0x15805C: ??? (in /usr/bin/bash)
==2363==    by 0x15B205: initialize_shell_variables (in /usr/bin/bash)
==2363==    by 0x138DC9: ??? (in /usr/bin/bash)
==2363==    by 0x137544: main (in /usr/bin/bash)
==2363== 
==2363== 48 bytes in 1 blocks are still reachable in loss record 263 of 304
==2363==    at 0x483B7F3: malloc (in /usr/lib/x86_64-linux-gnu/valgrind/vgpreload_memcheck-amd64-linux.so)
==2363==    by 0x1984F3: xmalloc (in /usr/bin/bash)
==2363==    by 0x1544C3: ??? (in /usr/bin/bash)
==2363==    by 0x157FCF: ??? (in /usr/bin/bash)
==2363==    by 0x15805C: ??? (in /usr/bin/bash)
==2363==    by 0x15B228: initialize_shell_variables (in /usr/bin/bash)
==2363==    by 0x138DC9: ??? (in /usr/bin/bash)
==2363==    by 0x137544: main (in /usr/bin/bash)
==2363== 
==2363== 48 bytes in 1 blocks are still reachable in loss record 264 of 304
==2363==    at 0x483B7F3: malloc (in /usr/lib/x86_64-linux-gnu/valgrind/vgpreload_memcheck-amd64-linux.so)
==2363==    by 0x1984F3: xmalloc (in /usr/bin/bash)
==2363==    by 0x1544C3: ??? (in /usr/bin/bash)
==2363==    by 0x157FCF: ??? (in /usr/bin/bash)
==2363==    by 0x15805C: ??? (in /usr/bin/bash)
==2363==    by 0x15B24E: initialize_shell_variables (in /usr/bin/bash)
==2363==    by 0x138DC9: ??? (in /usr/bin/bash)
==2363==    by 0x137544: main (in /usr/bin/bash)
==2363== 
==2363== 48 bytes in 1 blocks are still reachable in loss record 265 of 304
==2363==    at 0x483B7F3: malloc (in /usr/lib/x86_64-linux-gnu/valgrind/vgpreload_memcheck-amd64-linux.so)
==2363==    by 0x1984F3: xmalloc (in /usr/bin/bash)
==2363==    by 0x1544C3: ??? (in /usr/bin/bash)
==2363==    by 0x157FCF: ??? (in /usr/bin/bash)
==2363==    by 0x15805C: ??? (in /usr/bin/bash)
==2363==    by 0x15B27B: initialize_shell_variables (in /usr/bin/bash)
==2363==    by 0x138DC9: ??? (in /usr/bin/bash)
==2363==    by 0x137544: main (in /usr/bin/bash)
==2363== 
==2363== 48 bytes in 1 blocks are still reachable in loss record 266 of 304
==2363==    at 0x483B7F3: malloc (in /usr/lib/x86_64-linux-gnu/valgrind/vgpreload_memcheck-amd64-linux.so)
==2363==    by 0x1984F3: xmalloc (in /usr/bin/bash)
==2363==    by 0x1544C3: ??? (in /usr/bin/bash)
==2363==    by 0x157FCF: ??? (in /usr/bin/bash)
==2363==    by 0x15805C: ??? (in /usr/bin/bash)
==2363==    by 0x15B2A2: initialize_shell_variables (in /usr/bin/bash)
==2363==    by 0x138DC9: ??? (in /usr/bin/bash)
==2363==    by 0x137544: main (in /usr/bin/bash)
==2363== 
==2363== 48 bytes in 1 blocks are still reachable in loss record 267 of 304
==2363==    at 0x483B7F3: malloc (in /usr/lib/x86_64-linux-gnu/valgrind/vgpreload_memcheck-amd64-linux.so)
==2363==    by 0x1984F3: xmalloc (in /usr/bin/bash)
==2363==    by 0x1544C3: ??? (in /usr/bin/bash)
==2363==    by 0x157FCF: ??? (in /usr/bin/bash)
==2363==    by 0x158D55: make_new_array_variable (in /usr/bin/bash)
==2363==    by 0x158DA7: ??? (in /usr/bin/bash)
==2363==    by 0x15B2CD: initialize_shell_variables (in /usr/bin/bash)
==2363==    by 0x138DC9: ??? (in /usr/bin/bash)
==2363==    by 0x137544: main (in /usr/bin/bash)
==2363== 
==2363== 48 bytes in 1 blocks are still reachable in loss record 268 of 304
==2363==    at 0x483B7F3: malloc (in /usr/lib/x86_64-linux-gnu/valgrind/vgpreload_memcheck-amd64-linux.so)
==2363==    by 0x1984F3: xmalloc (in /usr/bin/bash)
==2363==    by 0x1544C3: ??? (in /usr/bin/bash)
==2363==    by 0x157FCF: ??? (in /usr/bin/bash)
==2363==    by 0x158D55: make_new_array_variable (in /usr/bin/bash)
==2363==    by 0x158DA7: ??? (in /usr/bin/bash)
==2363==    by 0x15B2EC: initialize_shell_variables (in /usr/bin/bash)
==2363==    by 0x138DC9: ??? (in /usr/bin/bash)
==2363==    by 0x137544: main (in /usr/bin/bash)
==2363== 
==2363== 48 bytes in 1 blocks are still reachable in loss record 269 of 304
==2363==    at 0x483B7F3: malloc (in /usr/lib/x86_64-linux-gnu/valgrind/vgpreload_memcheck-amd64-linux.so)
==2363==    by 0x1984F3: xmalloc (in /usr/bin/bash)
==2363==    by 0x1544C3: ??? (in /usr/bin/bash)
==2363==    by 0x157FCF: ??? (in /usr/bin/bash)
==2363==    by 0x158D55: make_new_array_variable (in /usr/bin/bash)
==2363==    by 0x158DA7: ??? (in /usr/bin/bash)
==2363==    by 0x15B30B: initialize_shell_variables (in /usr/bin/bash)
==2363==    by 0x138DC9: ??? (in /usr/bin/bash)
==2363==    by 0x137544: main (in /usr/bin/bash)
==2363== 
==2363== 48 bytes in 1 blocks are still reachable in loss record 270 of 304
==2363==    at 0x483B7F3: malloc (in /usr/lib/x86_64-linux-gnu/valgrind/vgpreload_memcheck-amd64-linux.so)
==2363==    by 0x1984F3: xmalloc (in /usr/bin/bash)
==2363==    by 0x1544C3: ??? (in /usr/bin/bash)
==2363==    by 0x157FCF: ??? (in /usr/bin/bash)
==2363==    by 0x158D55: make_new_array_variable (in /usr/bin/bash)
==2363==    by 0x158DA7: ??? (in /usr/bin/bash)
==2363==    by 0x15B32A: initialize_shell_variables (in /usr/bin/bash)
==2363==    by 0x138DC9: ??? (in /usr/bin/bash)
==2363==    by 0x137544: main (in /usr/bin/bash)
==2363== 
==2363== 48 bytes in 1 blocks are still reachable in loss record 271 of 304
==2363==    at 0x483B7F3: malloc (in /usr/lib/x86_64-linux-gnu/valgrind/vgpreload_memcheck-amd64-linux.so)
==2363==    by 0x1984F3: xmalloc (in /usr/bin/bash)
==2363==    by 0x1544C3: ??? (in /usr/bin/bash)
==2363==    by 0x157FCF: ??? (in /usr/bin/bash)
==2363==    by 0x158D55: make_new_array_variable (in /usr/bin/bash)
==2363==    by 0x158DA7: ??? (in /usr/bin/bash)
==2363==    by 0x15B349: initialize_shell_variables (in /usr/bin/bash)
==2363==    by 0x138DC9: ??? (in /usr/bin/bash)
==2363==    by 0x137544: main (in /usr/bin/bash)
==2363== 
==2363== 48 bytes in 1 blocks are still reachable in loss record 272 of 304
==2363==    at 0x483B7F3: malloc (in /usr/lib/x86_64-linux-gnu/valgrind/vgpreload_memcheck-amd64-linux.so)
==2363==    by 0x1984F3: xmalloc (in /usr/bin/bash)
==2363==    by 0x1544C3: ??? (in /usr/bin/bash)
==2363==    by 0x157FCF: ??? (in /usr/bin/bash)
==2363==    by 0x158D55: make_new_array_variable (in /usr/bin/bash)
==2363==    by 0x158DA7: ??? (in /usr/bin/bash)
==2363==    by 0x15B368: initialize_shell_variables (in /usr/bin/bash)
==2363==    by 0x138DC9: ??? (in /usr/bin/bash)
==2363==    by 0x137544: main (in /usr/bin/bash)
==2363== 
==2363== 48 bytes in 1 blocks are still reachable in loss record 273 of 304
==2363==    at 0x483B7F3: malloc (in /usr/lib/x86_64-linux-gnu/valgrind/vgpreload_memcheck-amd64-linux.so)
==2363==    by 0x1984F3: xmalloc (in /usr/bin/bash)
==2363==    by 0x1544C3: ??? (in /usr/bin/bash)
==2363==    by 0x157FCF: ??? (in /usr/bin/bash)
==2363==    by 0x158DE5: make_new_assoc_variable (in /usr/bin/bash)
==2363==    by 0x15B6A9: initialize_shell_variables (in /usr/bin/bash)
==2363==    by 0x138DC9: ??? (in /usr/bin/bash)
==2363==    by 0x137544: main (in /usr/bin/bash)
==2363== 
==2363== 48 bytes in 1 blocks are still reachable in loss record 274 of 304
==2363==    at 0x483B7F3: malloc (in /usr/lib/x86_64-linux-gnu/valgrind/vgpreload_memcheck-amd64-linux.so)
==2363==    by 0x1984F3: xmalloc (in /usr/bin/bash)
==2363==    by 0x1544C3: ??? (in /usr/bin/bash)
==2363==    by 0x157FCF: ??? (in /usr/bin/bash)
==2363==    by 0x158DE5: make_new_assoc_variable (in /usr/bin/bash)
==2363==    by 0x15B67B: initialize_shell_variables (in /usr/bin/bash)
==2363==    by 0x138DC9: ??? (in /usr/bin/bash)
==2363==    by 0x137544: main (in /usr/bin/bash)
==2363== 
==2363== 48 bytes in 1 blocks are still reachable in loss record 275 of 304
==2363==    at 0x483B7F3: malloc (in /usr/lib/x86_64-linux-gnu/valgrind/vgpreload_memcheck-amd64-linux.so)
==2363==    by 0x1984F3: xmalloc (in /usr/bin/bash)
==2363==    by 0x1544C3: ??? (in /usr/bin/bash)
==2363==    by 0x157FCF: ??? (in /usr/bin/bash)
==2363==    by 0x158D55: make_new_array_variable (in /usr/bin/bash)
==2363==    by 0x15B64D: initialize_shell_variables (in /usr/bin/bash)
==2363==    by 0x138DC9: ??? (in /usr/bin/bash)
==2363==    by 0x137544: main (in /usr/bin/bash)
==2363== 
==2363== 48 bytes in 1 blocks are still reachable in loss record 276 of 304
==2363==    at 0x483B7F3: malloc (in /usr/lib/x86_64-linux-gnu/valgrind/vgpreload_memcheck-amd64-linux.so)
==2363==    by 0x1984F3: xmalloc (in /usr/bin/bash)
==2363==    by 0x1544C3: ??? (in /usr/bin/bash)
==2363==    by 0x157FCF: ??? (in /usr/bin/bash)
==2363==    by 0x15805C: ??? (in /usr/bin/bash)
==2363==    by 0x1A76E0: set_shellopts (in /usr/bin/bash)
==2363==    by 0x138DFD: ??? (in /usr/bin/bash)
==2363==    by 0x137544: main (in /usr/bin/bash)
==2363== 
==2363== 48 bytes in 1 blocks are still reachable in loss record 277 of 304
==2363==    at 0x483B7F3: malloc (in /usr/lib/x86_64-linux-gnu/valgrind/vgpreload_memcheck-amd64-linux.so)
==2363==    by 0x1984F3: xmalloc (in /usr/bin/bash)
==2363==    by 0x1544C3: ??? (in /usr/bin/bash)
==2363==    by 0x157FCF: ??? (in /usr/bin/bash)
==2363==    by 0x15805C: ??? (in /usr/bin/bash)
==2363==    by 0x1AC4B0: set_bashopts (in /usr/bin/bash)
==2363==    by 0x138E1C: ??? (in /usr/bin/bash)
==2363==    by 0x137544: main (in /usr/bin/bash)
==2363== 
==2363== 48 bytes in 1 blocks are still reachable in loss record 278 of 304
==2363==    at 0x483B7F3: malloc (in /usr/lib/x86_64-linux-gnu/valgrind/vgpreload_memcheck-amd64-linux.so)
==2363==    by 0x1984F3: xmalloc (in /usr/bin/bash)
==2363==    by 0x17E939: fd_to_buffered_stream (in /usr/bin/bash)
==2363==    by 0x17EF54: with_input_from_buffered_stream (in /usr/bin/bash)
==2363==    by 0x137DC4: main (in /usr/bin/bash)
==2363== 
==2363== 48 bytes in 1 blocks are still reachable in loss record 279 of 304
==2363==    at 0x483B7F3: malloc (in /usr/lib/x86_64-linux-gnu/valgrind/vgpreload_memcheck-amd64-linux.so)
==2363==    by 0x1984F3: xmalloc (in /usr/bin/bash)
==2363==    by 0x1544C3: ??? (in /usr/bin/bash)
==2363==    by 0x157FCF: ??? (in /usr/bin/bash)
==2363==    by 0x158D55: make_new_array_variable (in /usr/bin/bash)
==2363==    by 0x15C10B: set_pipestatus_array (in /usr/bin/bash)
==2363==    by 0x15172F: execute_command_internal (in /usr/bin/bash)
==2363==    by 0x1519D9: execute_command (in /usr/bin/bash)
==2363==    by 0x139664: reader_loop (in /usr/bin/bash)
==2363==    by 0x137EF8: main (in /usr/bin/bash)
==2363== 
==2363== 61 bytes in 1 blocks are still reachable in loss record 280 of 304
==2363==    at 0x483B7F3: malloc (in /usr/lib/x86_64-linux-gnu/valgrind/vgpreload_memcheck-amd64-linux.so)
==2363==    by 0x1984F3: xmalloc (in /usr/bin/bash)
==2363==    by 0x156DA1: make_variable_value (in /usr/bin/bash)
==2363==    by 0x15806D: ??? (in /usr/bin/bash)
==2363==    by 0x15AB1F: initialize_shell_variables (in /usr/bin/bash)
==2363==    by 0x138DC9: ??? (in /usr/bin/bash)
==2363==    by 0x137544: main (in /usr/bin/bash)
==2363== 
==2363== 64 bytes in 1 blocks are still reachable in loss record 281 of 304
==2363==    at 0x483B7F3: malloc (in /usr/lib/x86_64-linux-gnu/valgrind/vgpreload_memcheck-amd64-linux.so)
==2363==    by 0x1984F3: xmalloc (in /usr/bin/bash)
==2363==    by 0x149383: ??? (in /usr/bin/bash)
==2363==    by 0x149402: ??? (in /usr/bin/bash)
==2363==    by 0x1496BF: ??? (in /usr/bin/bash)
==2363==    by 0x14AE57: print_simple_command (in /usr/bin/bash)
==2363==    by 0x14F903: execute_command_internal (in /usr/bin/bash)
==2363==    by 0x1519D9: execute_command (in /usr/bin/bash)
==2363==    by 0x139664: reader_loop (in /usr/bin/bash)
==2363==    by 0x137EF8: main (in /usr/bin/bash)
==2363== 
==2363== 128 bytes in 1 blocks are still reachable in loss record 282 of 304
==2363==    at 0x483B7F3: malloc (in /usr/lib/x86_64-linux-gnu/valgrind/vgpreload_memcheck-amd64-linux.so)
==2363==    by 0x1984F3: xmalloc (in /usr/bin/bash)
==2363==    by 0x17E92C: fd_to_buffered_stream (in /usr/bin/bash)
==2363==    by 0x17EF54: with_input_from_buffered_stream (in /usr/bin/bash)
==2363==    by 0x137DC4: main (in /usr/bin/bash)
==2363== 
==2363== 144 bytes in 1 blocks are still reachable in loss record 283 of 304
==2363==    at 0x483B7F3: malloc (in /usr/lib/x86_64-linux-gnu/valgrind/vgpreload_memcheck-amd64-linux.so)
==2363==    by 0x1984F3: xmalloc (in /usr/bin/bash)
==2363==    by 0x156DA1: make_variable_value (in /usr/bin/bash)
==2363==    by 0x15806D: ??? (in /usr/bin/bash)
==2363==    by 0x1AC4B0: set_bashopts (in /usr/bin/bash)
==2363==    by 0x138E1C: ??? (in /usr/bin/bash)
==2363==    by 0x137544: main (in /usr/bin/bash)
==2363== 
==2363== 150 bytes in 11 blocks are still reachable in loss record 284 of 304
==2363==    at 0x483B7F3: malloc (in /usr/lib/x86_64-linux-gnu/valgrind/vgpreload_memcheck-amd64-linux.so)
==2363==    by 0x1984F3: xmalloc (in /usr/bin/bash)
==2363==    by 0x1544D7: ??? (in /usr/bin/bash)
==2363==    by 0x157FCF: ??? (in /usr/bin/bash)
==2363==    by 0x15805C: ??? (in /usr/bin/bash)
==2363==    by 0x15AD0C: initialize_shell_variables (in /usr/bin/bash)
==2363==    by 0x138DC9: ??? (in /usr/bin/bash)
==2363==    by 0x137544: main (in /usr/bin/bash)
==2363== 
==2363== 150 bytes in 11 blocks are still reachable in loss record 285 of 304
==2363==    at 0x483B7F3: malloc (in /usr/lib/x86_64-linux-gnu/valgrind/vgpreload_memcheck-amd64-linux.so)
==2363==    by 0x1984F3: xmalloc (in /usr/bin/bash)
==2363==    by 0x157FED: ??? (in /usr/bin/bash)
==2363==    by 0x15805C: ??? (in /usr/bin/bash)
==2363==    by 0x15AD0C: initialize_shell_variables (in /usr/bin/bash)
==2363==    by 0x138DC9: ??? (in /usr/bin/bash)
==2363==    by 0x137544: main (in /usr/bin/bash)
==2363== 
==2363== 223 bytes in 8 blocks are still reachable in loss record 286 of 304
==2363==    at 0x483B7F3: malloc (in /usr/lib/x86_64-linux-gnu/valgrind/vgpreload_memcheck-amd64-linux.so)
==2363==    by 0x1984F3: xmalloc (in /usr/bin/bash)
==2363==    by 0x156DA1: make_variable_value (in /usr/bin/bash)
==2363==    by 0x15806D: ??? (in /usr/bin/bash)
==2363==    by 0x15AD0C: initialize_shell_variables (in /usr/bin/bash)
==2363==    by 0x138DC9: ??? (in /usr/bin/bash)
==2363==    by 0x137544: main (in /usr/bin/bash)
==2363== 
==2363== 224 bytes in 7 blocks are still reachable in loss record 287 of 304
==2363==    at 0x483B7F3: malloc (in /usr/lib/x86_64-linux-gnu/valgrind/vgpreload_memcheck-amd64-linux.so)
==2363==    by 0x1984F3: xmalloc (in /usr/bin/bash)
==2363==    by 0x17F66E: unwind_protect_mem (in /usr/bin/bash)
==2363==    by 0x14FD00: execute_command_internal (in /usr/bin/bash)
==2363==    by 0x1519D9: execute_command (in /usr/bin/bash)
==2363==    by 0x139664: reader_loop (in /usr/bin/bash)
==2363==    by 0x137EF8: main (in /usr/bin/bash)
==2363== 
==2363== 224 bytes in 7 blocks are still reachable in loss record 288 of 304
==2363==    at 0x483B7F3: malloc (in /usr/lib/x86_64-linux-gnu/valgrind/vgpreload_memcheck-amd64-linux.so)
==2363==    by 0x1984F3: xmalloc (in /usr/bin/bash)
==2363==    by 0x17F66E: unwind_protect_mem (in /usr/bin/bash)
==2363==    by 0x14FD11: execute_command_internal (in /usr/bin/bash)
==2363==    by 0x1519D9: execute_command (in /usr/bin/bash)
==2363==    by 0x139664: reader_loop (in /usr/bin/bash)
==2363==    by 0x137EF8: main (in /usr/bin/bash)
==2363== 
==2363== 256 bytes in 1 blocks are still reachable in loss record 289 of 304
==2363==    at 0x483B7F3: malloc (in /usr/lib/x86_64-linux-gnu/valgrind/vgpreload_memcheck-amd64-linux.so)
==2363==    by 0x198577: xrealloc (in /usr/bin/bash)
==2363==    by 0x13C3B7: ??? (in /usr/bin/bash)
==2363==    by 0x13F5C9: ??? (in /usr/bin/bash)
==2363==    by 0x142EC7: yyparse (in /usr/bin/bash)
==2363==    by 0x13929A: parse_command (in /usr/bin/bash)
==2363==    by 0x1393A6: read_command (in /usr/bin/bash)
==2363==    by 0x1395C9: reader_loop (in /usr/bin/bash)
==2363==    by 0x137EF8: main (in /usr/bin/bash)
==2363== 
==2363== 352 bytes in 11 blocks are still reachable in loss record 290 of 304
==2363==    at 0x483B7F3: malloc (in /usr/lib/x86_64-linux-gnu/valgrind/vgpreload_memcheck-amd64-linux.so)
==2363==    by 0x1984F3: xmalloc (in /usr/bin/bash)
==2363==    by 0x17BBFB: hash_insert (in /usr/bin/bash)
==2363==    by 0x158008: ??? (in /usr/bin/bash)
==2363==    by 0x15805C: ??? (in /usr/bin/bash)
==2363==    by 0x15AD0C: initialize_shell_variables (in /usr/bin/bash)
==2363==    by 0x138DC9: ??? (in /usr/bin/bash)
==2363==    by 0x137544: main (in /usr/bin/bash)
==2363== 
==2363== 376 bytes in 11 blocks are still reachable in loss record 291 of 304
==2363==    at 0x483B7F3: malloc (in /usr/lib/x86_64-linux-gnu/valgrind/vgpreload_memcheck-amd64-linux.so)
==2363==    by 0x1984F3: xmalloc (in /usr/bin/bash)
==2363==    by 0x15AD62: initialize_shell_variables (in /usr/bin/bash)
==2363==    by 0x138DC9: ??? (in /usr/bin/bash)
==2363==    by 0x137544: main (in /usr/bin/bash)
==2363== 
==2363== 376 bytes in 11 blocks are still reachable in loss record 292 of 304
==2363==    at 0x483B7F3: malloc (in /usr/lib/x86_64-linux-gnu/valgrind/vgpreload_memcheck-amd64-linux.so)
==2363==    by 0x1984F3: xmalloc (in /usr/bin/bash)
==2363==    by 0x155585: ??? (in /usr/bin/bash)
==2363==    by 0x159B3E: ??? (in /usr/bin/bash)
==2363==    by 0x191D94: ??? (in /usr/bin/bash)
==2363==    by 0x192108: set_locale_var (in /usr/bin/bash)
==2363==    by 0x192302: set_default_lang (in /usr/bin/bash)
==2363==    by 0x137549: main (in /usr/bin/bash)
==2363== 
==2363== 440 bytes in 1 blocks are still reachable in loss record 293 of 304
==2363==    at 0x483B7F3: malloc (in /usr/lib/x86_64-linux-gnu/valgrind/vgpreload_memcheck-amd64-linux.so)
==2363==    by 0x198577: xrealloc (in /usr/bin/bash)
==2363==    by 0x159B62: ??? (in /usr/bin/bash)
==2363==    by 0x191D94: ??? (in /usr/bin/bash)
==2363==    by 0x192108: set_locale_var (in /usr/bin/bash)
==2363==    by 0x192302: set_default_lang (in /usr/bin/bash)
==2363==    by 0x137549: main (in /usr/bin/bash)
==2363== 
==2363== 496 bytes in 1 blocks are still reachable in loss record 294 of 304
==2363==    at 0x483B7F3: malloc (in /usr/lib/x86_64-linux-gnu/valgrind/vgpreload_memcheck-amd64-linux.so)
==2363==    by 0x198577: xrealloc (in /usr/bin/bash)
==2363==    by 0x140A3A: ??? (in /usr/bin/bash)
==2363==    by 0x142EC7: yyparse (in /usr/bin/bash)
==2363==    by 0x13929A: parse_command (in /usr/bin/bash)
==2363==    by 0x1393A6: read_command (in /usr/bin/bash)
==2363==    by 0x1395C9: reader_loop (in /usr/bin/bash)
==2363==    by 0x137EF8: main (in /usr/bin/bash)
==2363== 
==2363== 528 bytes in 11 blocks are still reachable in loss record 295 of 304
==2363==    at 0x483B7F3: malloc (in /usr/lib/x86_64-linux-gnu/valgrind/vgpreload_memcheck-amd64-linux.so)
==2363==    by 0x1984F3: xmalloc (in /usr/bin/bash)
==2363==    by 0x1544C3: ??? (in /usr/bin/bash)
==2363==    by 0x157FCF: ??? (in /usr/bin/bash)
==2363==    by 0x15805C: ??? (in /usr/bin/bash)
==2363==    by 0x15AD0C: initialize_shell_variables (in /usr/bin/bash)
==2363==    by 0x138DC9: ??? (in /usr/bin/bash)
==2363==    by 0x137544: main (in /usr/bin/bash)
==2363== 
==2363== 1,024 bytes in 1 blocks are still reachable in loss record 296 of 304
==2363==    at 0x483B7F3: malloc (in /usr/lib/x86_64-linux-gnu/valgrind/vgpreload_memcheck-amd64-linux.so)
==2363==    by 0x1984F3: xmalloc (in /usr/bin/bash)
==2363==    by 0x17B70C: hash_create (in /usr/bin/bash)
==2363==    by 0x158DEF: make_new_assoc_variable (in /usr/bin/bash)
==2363==    by 0x15B6A9: initialize_shell_variables (in /usr/bin/bash)
==2363==    by 0x138DC9: ??? (in /usr/bin/bash)
==2363==    by 0x137544: main (in /usr/bin/bash)
==2363== 
==2363== 1,024 bytes in 1 blocks are still reachable in loss record 297 of 304
==2363==    at 0x483B7F3: malloc (in /usr/lib/x86_64-linux-gnu/valgrind/vgpreload_memcheck-amd64-linux.so)
==2363==    by 0x1984F3: xmalloc (in /usr/bin/bash)
==2363==    by 0x17B70C: hash_create (in /usr/bin/bash)
==2363==    by 0x158DEF: make_new_assoc_variable (in /usr/bin/bash)
==2363==    by 0x15B67B: initialize_shell_variables (in /usr/bin/bash)
==2363==    by 0x138DC9: ??? (in /usr/bin/bash)
==2363==    by 0x137544: main (in /usr/bin/bash)
==2363== 
==2363== 1,024 bytes in 1 blocks are still reachable in loss record 298 of 304
==2363==    at 0x483B7F3: malloc (in /usr/lib/x86_64-linux-gnu/valgrind/vgpreload_memcheck-amd64-linux.so)
==2363==    by 0x1984F3: xmalloc (in /usr/bin/bash)
==2363==    by 0x147FC1: cmd_init (in /usr/bin/bash)
==2363==    by 0x137690: main (in /usr/bin/bash)
==2363== 
==2363== 1,024 bytes in 1 blocks are still reachable in loss record 299 of 304
==2363==    at 0x483B7F3: malloc (in /usr/lib/x86_64-linux-gnu/valgrind/vgpreload_memcheck-amd64-linux.so)
==2363==    by 0x1984F3: xmalloc (in /usr/bin/bash)
==2363==    by 0x147FDD: cmd_init (in /usr/bin/bash)
==2363==    by 0x137690: main (in /usr/bin/bash)
==2363== 
==2363== 1,024 bytes in 1 blocks are still reachable in loss record 300 of 304
==2363==    at 0x483B7F3: malloc (in /usr/lib/x86_64-linux-gnu/valgrind/vgpreload_memcheck-amd64-linux.so)
==2363==    by 0x1984F3: xmalloc (in /usr/bin/bash)
==2363==    by 0x17F291: uwp_init (in /usr/bin/bash)
==2363==    by 0x137695: main (in /usr/bin/bash)
==2363== 
==2363== 2,200 bytes in 1 blocks are still reachable in loss record 301 of 304
==2363==    at 0x483B7F3: malloc (in /usr/lib/x86_64-linux-gnu/valgrind/vgpreload_memcheck-amd64-linux.so)
==2363==    by 0x198577: xrealloc (in /usr/bin/bash)
==2363==    by 0x17E446: ??? (in /usr/bin/bash)
==2363==    by 0x17E9B8: fd_to_buffered_stream (in /usr/bin/bash)
==2363==    by 0x17EF54: with_input_from_buffered_stream (in /usr/bin/bash)
==2363==    by 0x137DC4: main (in /usr/bin/bash)
==2363== 
==2363== 4,096 bytes in 1 blocks are still reachable in loss record 302 of 304
==2363==    at 0x483B7F3: malloc (in /usr/lib/x86_64-linux-gnu/valgrind/vgpreload_memcheck-amd64-linux.so)
==2363==    by 0x1984F3: xmalloc (in /usr/bin/bash)
==2363==    by 0x17B74B: hash_create (in /usr/bin/bash)
==2363==    by 0x157FA9: ??? (in /usr/bin/bash)
==2363==    by 0x15AAAB: initialize_shell_variables (in /usr/bin/bash)
==2363==    by 0x138DC9: ??? (in /usr/bin/bash)
==2363==    by 0x137544: main (in /usr/bin/bash)
==2363== 
==2363== 4,096 bytes in 1 blocks are still reachable in loss record 303 of 304
==2363==    at 0x483B7F3: malloc (in /usr/lib/x86_64-linux-gnu/valgrind/vgpreload_memcheck-amd64-linux.so)
==2363==    by 0x1984F3: xmalloc (in /usr/bin/bash)
==2363==    by 0x17B74B: hash_create (in /usr/bin/bash)
==2363==    by 0x157F51: ??? (in /usr/bin/bash)
==2363==    by 0x15AAAB: initialize_shell_variables (in /usr/bin/bash)
==2363==    by 0x138DC9: ??? (in /usr/bin/bash)
==2363==    by 0x137544: main (in /usr/bin/bash)
==2363== 
==2363== 8,192 bytes in 1 blocks are still reachable in loss record 304 of 304
==2363==    at 0x483B7F3: malloc (in /usr/lib/x86_64-linux-gnu/valgrind/vgpreload_memcheck-amd64-linux.so)
==2363==    by 0x1984F3: xmalloc (in /usr/bin/bash)
==2363==    by 0x17B74B: hash_create (in /usr/bin/bash)
==2363==    by 0x157F8A: ??? (in /usr/bin/bash)
==2363==    by 0x15AAAB: initialize_shell_variables (in /usr/bin/bash)
==2363==    by 0x138DC9: ??? (in /usr/bin/bash)
==2363==    by 0x137544: main (in /usr/bin/bash)
==2363== 
==2363== LEAK SUMMARY:
==2363==    definitely lost: 2 bytes in 1 blocks
==2363==    indirectly lost: 0 bytes in 0 blocks
==2363==      possibly lost: 0 bytes in 0 blocks
==2363==    still reachable: 34,255 bytes in 386 blocks
==2363==         suppressed: 0 bytes in 0 blocks
==2363== 
==2363== For lists of detected and suppressed errors, rerun with: -s
==2363== ERROR SUMMARY: 1 errors from 1 contexts (suppressed: 0 from 0)
HTTP/1.1 200 OK
Content-Length: 61

HELLO\n
2363
\n
Press [CTRL+C] to stop...
/s1.sh
HTTP/1.1
\n
<<<<<<<<<<<<<<<<<<<<<<<<<<<<<<<<<<127.0.0.1==2364== Memcheck, a memory error detector
==2364== Copyright (C) 2002-2017, and GNU GPL'd, by Julian Seward et al.
==2364== Using Valgrind-3.15.0 and LibVEX; rerun with -h for copyright info
==2364== Command: /home/vscode/src/www/cgi/s1.sh
==2364== 
==2364== 
==2364== HEAP SUMMARY:
==2364==     in use at exit: 34,257 bytes in 387 blocks
==2364==   total heap usage: 587 allocs, 200 frees, 61,534 bytes allocated
==2364== 
==2364== 1 bytes in 1 blocks are still reachable in loss record 1 of 304
==2364==    at 0x483B7F3: malloc (in /usr/lib/x86_64-linux-gnu/valgrind/vgpreload_memcheck-amd64-linux.so)
==2364==    by 0x1984F3: xmalloc (in /usr/bin/bash)
==2364==    by 0x1920F9: set_locale_var (in /usr/bin/bash)
==2364==    by 0x192302: set_default_lang (in /usr/bin/bash)
==2364==    by 0x137549: main (in /usr/bin/bash)
==2364== 
==2364== 1 bytes in 1 blocks are still reachable in loss record 2 of 304
==2364==    at 0x483B7F3: malloc (in /usr/lib/x86_64-linux-gnu/valgrind/vgpreload_memcheck-amd64-linux.so)
==2364==    by 0x1984F3: xmalloc (in /usr/bin/bash)
==2364==    by 0x191E21: set_lang (in /usr/bin/bash)
==2364==    by 0x137549: main (in /usr/bin/bash)
==2364== 
==2364== 2 bytes in 1 blocks are still reachable in loss record 3 of 304
==2364==    at 0x483B7F3: malloc (in /usr/lib/x86_64-linux-gnu/valgrind/vgpreload_memcheck-amd64-linux.so)
==2364==    by 0x1984F3: xmalloc (in /usr/bin/bash)
==2364==    by 0x1544D7: ??? (in /usr/bin/bash)
==2364==    by 0x157FCF: ??? (in /usr/bin/bash)
==2364==    by 0x15805C: ??? (in /usr/bin/bash)
==2364==    by 0x15AB01: initialize_shell_variables (in /usr/bin/bash)
==2364==    by 0x138DC9: ??? (in /usr/bin/bash)
==2364==    by 0x137544: main (in /usr/bin/bash)
==2364== 
==2364== 2 bytes in 1 blocks are still reachable in loss record 4 of 304
==2364==    at 0x483B7F3: malloc (in /usr/lib/x86_64-linux-gnu/valgrind/vgpreload_memcheck-amd64-linux.so)
==2364==    by 0x1984F3: xmalloc (in /usr/bin/bash)
==2364==    by 0x157FED: ??? (in /usr/bin/bash)
==2364==    by 0x15805C: ??? (in /usr/bin/bash)
==2364==    by 0x15AB01: initialize_shell_variables (in /usr/bin/bash)
==2364==    by 0x138DC9: ??? (in /usr/bin/bash)
==2364==    by 0x137544: main (in /usr/bin/bash)
==2364== 
==2364== 2 bytes in 1 blocks are still reachable in loss record 5 of 304
==2364==    at 0x483B7F3: malloc (in /usr/lib/x86_64-linux-gnu/valgrind/vgpreload_memcheck-amd64-linux.so)
==2364==    by 0x1984F3: xmalloc (in /usr/bin/bash)
==2364==    by 0x156DA1: make_variable_value (in /usr/bin/bash)
==2364==    by 0x15806D: ??? (in /usr/bin/bash)
==2364==    by 0x15929E: adjust_shell_level (in /usr/bin/bash)
==2364==    by 0x15AC10: initialize_shell_variables (in /usr/bin/bash)
==2364==    by 0x138DC9: ??? (in /usr/bin/bash)
==2364==    by 0x137544: main (in /usr/bin/bash)
==2364== 
==2364== 2 bytes in 1 blocks are still reachable in loss record 6 of 304
==2364==    at 0x483B7F3: malloc (in /usr/lib/x86_64-linux-gnu/valgrind/vgpreload_memcheck-amd64-linux.so)
==2364==    by 0x1984F3: xmalloc (in /usr/bin/bash)
==2364==    by 0x156DA1: make_variable_value (in /usr/bin/bash)
==2364==    by 0x15806D: ??? (in /usr/bin/bash)
==2364==    by 0x15AC2A: initialize_shell_variables (in /usr/bin/bash)
==2364==    by 0x138DC9: ??? (in /usr/bin/bash)
==2364==    by 0x137544: main (in /usr/bin/bash)
==2364== 
==2364== 2 bytes in 1 blocks are still reachable in loss record 7 of 304
==2364==    at 0x483B7F3: malloc (in /usr/lib/x86_64-linux-gnu/valgrind/vgpreload_memcheck-amd64-linux.so)
==2364==    by 0x1984F3: xmalloc (in /usr/bin/bash)
==2364==    by 0x156DA1: make_variable_value (in /usr/bin/bash)
==2364==    by 0x15806D: ??? (in /usr/bin/bash)
==2364==    by 0x15AC4A: initialize_shell_variables (in /usr/bin/bash)
==2364==    by 0x138DC9: ??? (in /usr/bin/bash)
==2364==    by 0x137544: main (in /usr/bin/bash)
==2364== 
==2364== 2 bytes in 1 blocks are still reachable in loss record 8 of 304
==2364==    at 0x483B7F3: malloc (in /usr/lib/x86_64-linux-gnu/valgrind/vgpreload_memcheck-amd64-linux.so)
==2364==    by 0x1984F3: xmalloc (in /usr/bin/bash)
==2364==    by 0x183473: array_create_element (in /usr/bin/bash)
==2364==    by 0x183987: array_insert (in /usr/bin/bash)
==2364==    by 0x15AF24: initialize_shell_variables (in /usr/bin/bash)
==2364==    by 0x138DC9: ??? (in /usr/bin/bash)
==2364==    by 0x137544: main (in /usr/bin/bash)
==2364== 
==2364== 2 bytes in 1 blocks are still reachable in loss record 9 of 304
==2364==    at 0x483B7F3: malloc (in /usr/lib/x86_64-linux-gnu/valgrind/vgpreload_memcheck-amd64-linux.so)
==2364==    by 0x1984F3: xmalloc (in /usr/bin/bash)
==2364==    by 0x183473: array_create_element (in /usr/bin/bash)
==2364==    by 0x183987: array_insert (in /usr/bin/bash)
==2364==    by 0x15AF34: initialize_shell_variables (in /usr/bin/bash)
==2364==    by 0x138DC9: ??? (in /usr/bin/bash)
==2364==    by 0x137544: main (in /usr/bin/bash)
==2364== 
==2364== 2 bytes in 1 blocks are still reachable in loss record 10 of 304
==2364==    at 0x483B7F3: malloc (in /usr/lib/x86_64-linux-gnu/valgrind/vgpreload_memcheck-amd64-linux.so)
==2364==    by 0x1984F3: xmalloc (in /usr/bin/bash)
==2364==    by 0x183473: array_create_element (in /usr/bin/bash)
==2364==    by 0x183987: array_insert (in /usr/bin/bash)
==2364==    by 0x15AF81: initialize_shell_variables (in /usr/bin/bash)
==2364==    by 0x138DC9: ??? (in /usr/bin/bash)
==2364==    by 0x137544: main (in /usr/bin/bash)
==2364== 
==2364== 2 bytes in 1 blocks are still reachable in loss record 11 of 304
==2364==    at 0x483B7F3: malloc (in /usr/lib/x86_64-linux-gnu/valgrind/vgpreload_memcheck-amd64-linux.so)
==2364==    by 0x1984F3: xmalloc (in /usr/bin/bash)
==2364==    by 0x156DA1: make_variable_value (in /usr/bin/bash)
==2364==    by 0x15806D: ??? (in /usr/bin/bash)
==2364==    by 0x15B7C8: initialize_shell_variables (in /usr/bin/bash)
==2364==    by 0x138DC9: ??? (in /usr/bin/bash)
==2364==    by 0x137544: main (in /usr/bin/bash)
==2364== 
==2364== 2 bytes in 1 blocks are still reachable in loss record 12 of 304
==2364==    at 0x483B7F3: malloc (in /usr/lib/x86_64-linux-gnu/valgrind/vgpreload_memcheck-amd64-linux.so)
==2364==    by 0x1984F3: xmalloc (in /usr/bin/bash)
==2364==    by 0x156DA1: make_variable_value (in /usr/bin/bash)
==2364==    by 0x15806D: ??? (in /usr/bin/bash)
==2364==    by 0x15B7AE: initialize_shell_variables (in /usr/bin/bash)
==2364==    by 0x138DC9: ??? (in /usr/bin/bash)
==2364==    by 0x137544: main (in /usr/bin/bash)
==2364== 
==2364== 2 bytes in 1 blocks are still reachable in loss record 13 of 304
==2364==    at 0x483B7F3: malloc (in /usr/lib/x86_64-linux-gnu/valgrind/vgpreload_memcheck-amd64-linux.so)
==2364==    by 0x1984F3: xmalloc (in /usr/bin/bash)
==2364==    by 0x183473: array_create_element (in /usr/bin/bash)
==2364==    by 0x18367F: ??? (in /usr/bin/bash)
==2364==    by 0x137CB1: main (in /usr/bin/bash)
==2364== 
==2364== 2 bytes in 1 blocks are still reachable in loss record 14 of 304
==2364==    at 0x483B7F3: malloc (in /usr/lib/x86_64-linux-gnu/valgrind/vgpreload_memcheck-amd64-linux.so)
==2364==    by 0x1984F3: xmalloc (in /usr/bin/bash)
==2364==    by 0x1B7D71: itos (in /usr/bin/bash)
==2364==    by 0x15C13B: set_pipestatus_array (in /usr/bin/bash)
==2364==    by 0x15172F: execute_command_internal (in /usr/bin/bash)
==2364==    by 0x1519D9: execute_command (in /usr/bin/bash)
==2364==    by 0x139664: reader_loop (in /usr/bin/bash)
==2364==    by 0x137EF8: main (in /usr/bin/bash)
==2364== 
==2364== 2 bytes in 1 blocks are definitely lost in loss record 15 of 304
==2364==    at 0x483B7F3: malloc (in /usr/lib/x86_64-linux-gnu/valgrind/vgpreload_memcheck-amd64-linux.so)
==2364==    by 0x1984F3: xmalloc (in /usr/bin/bash)
==2364==    by 0x19196E: set_default_locale (in /usr/bin/bash)
==2364==    by 0x136C8A: main (in /usr/bin/bash)
==2364== 
==2364== 3 bytes in 1 blocks are still reachable in loss record 16 of 304
==2364==    at 0x483B7F3: malloc (in /usr/lib/x86_64-linux-gnu/valgrind/vgpreload_memcheck-amd64-linux.so)
==2364==    by 0x1984F3: xmalloc (in /usr/bin/bash)
==2364==    by 0x156DA1: make_variable_value (in /usr/bin/bash)
==2364==    by 0x15806D: ??? (in /usr/bin/bash)
==2364==    by 0x15AB65: initialize_shell_variables (in /usr/bin/bash)
==2364==    by 0x138DC9: ??? (in /usr/bin/bash)
==2364==    by 0x137544: main (in /usr/bin/bash)
==2364== 
==2364== 3 bytes in 1 blocks are still reachable in loss record 17 of 304
==2364==    at 0x483B7F3: malloc (in /usr/lib/x86_64-linux-gnu/valgrind/vgpreload_memcheck-amd64-linux.so)
==2364==    by 0x1984F3: xmalloc (in /usr/bin/bash)
==2364==    by 0x183473: array_create_element (in /usr/bin/bash)
==2364==    by 0x183987: array_insert (in /usr/bin/bash)
==2364==    by 0x15AF5D: initialize_shell_variables (in /usr/bin/bash)
==2364==    by 0x138DC9: ??? (in /usr/bin/bash)
==2364==    by 0x137544: main (in /usr/bin/bash)
==2364== 
==2364== 3 bytes in 1 blocks are still reachable in loss record 18 of 304
==2364==    at 0x483B7F3: malloc (in /usr/lib/x86_64-linux-gnu/valgrind/vgpreload_memcheck-amd64-linux.so)
==2364==    by 0x1984F3: xmalloc (in /usr/bin/bash)
==2364==    by 0x156DA1: make_variable_value (in /usr/bin/bash)
==2364==    by 0x15844D: ??? (in /usr/bin/bash)
==2364==    by 0x14C342: ??? (in /usr/bin/bash)
==2364==    by 0x150B52: execute_command_internal (in /usr/bin/bash)
==2364==    by 0x1519D9: execute_command (in /usr/bin/bash)
==2364==    by 0x139664: reader_loop (in /usr/bin/bash)
==2364==    by 0x137EF8: main (in /usr/bin/bash)
==2364== 
==2364== 3 bytes in 3 blocks are still reachable in loss record 19 of 304
==2364==    at 0x483B7F3: malloc (in /usr/lib/x86_64-linux-gnu/valgrind/vgpreload_memcheck-amd64-linux.so)
==2364==    by 0x1984F3: xmalloc (in /usr/bin/bash)
==2364==    by 0x156DE1: make_variable_value (in /usr/bin/bash)
==2364==    by 0x15806D: ??? (in /usr/bin/bash)
==2364==    by 0x15AD0C: initialize_shell_variables (in /usr/bin/bash)
==2364==    by 0x138DC9: ??? (in /usr/bin/bash)
==2364==    by 0x137544: main (in /usr/bin/bash)
==2364== 
==2364== 4 bytes in 1 blocks are still reachable in loss record 20 of 304
==2364==    at 0x483B7F3: malloc (in /usr/lib/x86_64-linux-gnu/valgrind/vgpreload_memcheck-amd64-linux.so)
==2364==    by 0x1984F3: xmalloc (in /usr/bin/bash)
==2364==    by 0x1544D7: ??? (in /usr/bin/bash)
==2364==    by 0x157FCF: ??? (in /usr/bin/bash)
==2364==    by 0x15805C: ??? (in /usr/bin/bash)
==2364==    by 0x159447: set_pwd (in /usr/bin/bash)
==2364==    by 0x15AAEE: initialize_shell_variables (in /usr/bin/bash)
==2364==    by 0x138DC9: ??? (in /usr/bin/bash)
==2364==    by 0x137544: main (in /usr/bin/bash)
==2364== 
==2364== 4 bytes in 1 blocks are still reachable in loss record 21 of 304
==2364==    at 0x483B7F3: malloc (in /usr/lib/x86_64-linux-gnu/valgrind/vgpreload_memcheck-amd64-linux.so)
==2364==    by 0x1984F3: xmalloc (in /usr/bin/bash)
==2364==    by 0x157FED: ??? (in /usr/bin/bash)
==2364==    by 0x15805C: ??? (in /usr/bin/bash)
==2364==    by 0x159447: set_pwd (in /usr/bin/bash)
==2364==    by 0x15AAEE: initialize_shell_variables (in /usr/bin/bash)
==2364==    by 0x138DC9: ??? (in /usr/bin/bash)
==2364==    by 0x137544: main (in /usr/bin/bash)
==2364== 
==2364== 4 bytes in 1 blocks are still reachable in loss record 22 of 304
==2364==    at 0x483B7F3: malloc (in /usr/lib/x86_64-linux-gnu/valgrind/vgpreload_memcheck-amd64-linux.so)
==2364==    by 0x1984F3: xmalloc (in /usr/bin/bash)
==2364==    by 0x1544D7: ??? (in /usr/bin/bash)
==2364==    by 0x157FCF: ??? (in /usr/bin/bash)
==2364==    by 0x15805C: ??? (in /usr/bin/bash)
==2364==    by 0x15AB65: initialize_shell_variables (in /usr/bin/bash)
==2364==    by 0x138DC9: ??? (in /usr/bin/bash)
==2364==    by 0x137544: main (in /usr/bin/bash)
==2364== 
==2364== 4 bytes in 1 blocks are still reachable in loss record 23 of 304
==2364==    at 0x483B7F3: malloc (in /usr/lib/x86_64-linux-gnu/valgrind/vgpreload_memcheck-amd64-linux.so)
==2364==    by 0x1984F3: xmalloc (in /usr/bin/bash)
==2364==    by 0x157FED: ??? (in /usr/bin/bash)
==2364==    by 0x15805C: ??? (in /usr/bin/bash)
==2364==    by 0x15AB65: initialize_shell_variables (in /usr/bin/bash)
==2364==    by 0x138DC9: ??? (in /usr/bin/bash)
==2364==    by 0x137544: main (in /usr/bin/bash)
==2364== 
==2364== 4 bytes in 1 blocks are still reachable in loss record 24 of 304
==2364==    at 0x483B7F3: malloc (in /usr/lib/x86_64-linux-gnu/valgrind/vgpreload_memcheck-amd64-linux.so)
==2364==    by 0x1984F3: xmalloc (in /usr/bin/bash)
==2364==    by 0x1544D7: ??? (in /usr/bin/bash)
==2364==    by 0x157FCF: ??? (in /usr/bin/bash)
==2364==    by 0x15805C: ??? (in /usr/bin/bash)
==2364==    by 0x15AB7A: initialize_shell_variables (in /usr/bin/bash)
==2364==    by 0x138DC9: ??? (in /usr/bin/bash)
==2364==    by 0x137544: main (in /usr/bin/bash)
==2364== 
==2364== 4 bytes in 1 blocks are still reachable in loss record 25 of 304
==2364==    at 0x483B7F3: malloc (in /usr/lib/x86_64-linux-gnu/valgrind/vgpreload_memcheck-amd64-linux.so)
==2364==    by 0x1984F3: xmalloc (in /usr/bin/bash)
==2364==    by 0x157FED: ??? (in /usr/bin/bash)
==2364==    by 0x15805C: ??? (in /usr/bin/bash)
==2364==    by 0x15AB7A: initialize_shell_variables (in /usr/bin/bash)
==2364==    by 0x138DC9: ??? (in /usr/bin/bash)
==2364==    by 0x137544: main (in /usr/bin/bash)
==2364== 
==2364== 4 bytes in 1 blocks are still reachable in loss record 26 of 304
==2364==    at 0x483B7F3: malloc (in /usr/lib/x86_64-linux-gnu/valgrind/vgpreload_memcheck-amd64-linux.so)
==2364==    by 0x1984F3: xmalloc (in /usr/bin/bash)
==2364==    by 0x156DA1: make_variable_value (in /usr/bin/bash)
==2364==    by 0x15806D: ??? (in /usr/bin/bash)
==2364==    by 0x15AB7A: initialize_shell_variables (in /usr/bin/bash)
==2364==    by 0x138DC9: ??? (in /usr/bin/bash)
==2364==    by 0x137544: main (in /usr/bin/bash)
==2364== 
==2364== 4 bytes in 1 blocks are still reachable in loss record 27 of 304
==2364==    at 0x483B7F3: malloc (in /usr/lib/x86_64-linux-gnu/valgrind/vgpreload_memcheck-amd64-linux.so)
==2364==    by 0x1984F3: xmalloc (in /usr/bin/bash)
==2364==    by 0x1544D7: ??? (in /usr/bin/bash)
==2364==    by 0x157FCF: ??? (in /usr/bin/bash)
==2364==    by 0x15805C: ??? (in /usr/bin/bash)
==2364==    by 0x15B7C8: initialize_shell_variables (in /usr/bin/bash)
==2364==    by 0x138DC9: ??? (in /usr/bin/bash)
==2364==    by 0x137544: main (in /usr/bin/bash)
==2364== 
==2364== 4 bytes in 1 blocks are still reachable in loss record 28 of 304
==2364==    at 0x483B7F3: malloc (in /usr/lib/x86_64-linux-gnu/valgrind/vgpreload_memcheck-amd64-linux.so)
==2364==    by 0x1984F3: xmalloc (in /usr/bin/bash)
==2364==    by 0x157FED: ??? (in /usr/bin/bash)
==2364==    by 0x15805C: ??? (in /usr/bin/bash)
==2364==    by 0x15B7C8: initialize_shell_variables (in /usr/bin/bash)
==2364==    by 0x138DC9: ??? (in /usr/bin/bash)
==2364==    by 0x137544: main (in /usr/bin/bash)
==2364== 
==2364== 5 bytes in 1 blocks are still reachable in loss record 29 of 304
==2364==    at 0x483B7F3: malloc (in /usr/lib/x86_64-linux-gnu/valgrind/vgpreload_memcheck-amd64-linux.so)
==2364==    by 0x1984F3: xmalloc (in /usr/bin/bash)
==2364==    by 0x1544D7: ??? (in /usr/bin/bash)
==2364==    by 0x157FCF: ??? (in /usr/bin/bash)
==2364==    by 0x15805C: ??? (in /usr/bin/bash)
==2364==    by 0x15AB1F: initialize_shell_variables (in /usr/bin/bash)
==2364==    by 0x138DC9: ??? (in /usr/bin/bash)
==2364==    by 0x137544: main (in /usr/bin/bash)
==2364== 
==2364== 5 bytes in 1 blocks are still reachable in loss record 30 of 304
==2364==    at 0x483B7F3: malloc (in /usr/lib/x86_64-linux-gnu/valgrind/vgpreload_memcheck-amd64-linux.so)
==2364==    by 0x1984F3: xmalloc (in /usr/bin/bash)
==2364==    by 0x157FED: ??? (in /usr/bin/bash)
==2364==    by 0x15805C: ??? (in /usr/bin/bash)
==2364==    by 0x15AB1F: initialize_shell_variables (in /usr/bin/bash)
==2364==    by 0x138DC9: ??? (in /usr/bin/bash)
==2364==    by 0x137544: main (in /usr/bin/bash)
==2364== 
==2364== 5 bytes in 1 blocks are still reachable in loss record 31 of 304
==2364==    at 0x483B7F3: malloc (in /usr/lib/x86_64-linux-gnu/valgrind/vgpreload_memcheck-amd64-linux.so)
==2364==    by 0x1984F3: xmalloc (in /usr/bin/bash)
==2364==    by 0x1544D7: ??? (in /usr/bin/bash)
==2364==    by 0x157FCF: ??? (in /usr/bin/bash)
==2364==    by 0x15805C: ??? (in /usr/bin/bash)
==2364==    by 0x15AB32: initialize_shell_variables (in /usr/bin/bash)
==2364==    by 0x138DC9: ??? (in /usr/bin/bash)
==2364==    by 0x137544: main (in /usr/bin/bash)
==2364== 
==2364== 5 bytes in 1 blocks are still reachable in loss record 32 of 304
==2364==    at 0x483B7F3: malloc (in /usr/lib/x86_64-linux-gnu/valgrind/vgpreload_memcheck-amd64-linux.so)
==2364==    by 0x1984F3: xmalloc (in /usr/bin/bash)
==2364==    by 0x157FED: ??? (in /usr/bin/bash)
==2364==    by 0x15805C: ??? (in /usr/bin/bash)
==2364==    by 0x15AB32: initialize_shell_variables (in /usr/bin/bash)
==2364==    by 0x138DC9: ??? (in /usr/bin/bash)
==2364==    by 0x137544: main (in /usr/bin/bash)
==2364== 
==2364== 5 bytes in 1 blocks are still reachable in loss record 33 of 304
==2364==    at 0x483B7F3: malloc (in /usr/lib/x86_64-linux-gnu/valgrind/vgpreload_memcheck-amd64-linux.so)
==2364==    by 0x1984F3: xmalloc (in /usr/bin/bash)
==2364==    by 0x156DA1: make_variable_value (in /usr/bin/bash)
==2364==    by 0x15806D: ??? (in /usr/bin/bash)
==2364==    by 0x15AB32: initialize_shell_variables (in /usr/bin/bash)
==2364==    by 0x138DC9: ??? (in /usr/bin/bash)
==2364==    by 0x137544: main (in /usr/bin/bash)
==2364== 
==2364== 5 bytes in 1 blocks are still reachable in loss record 34 of 304
==2364==    at 0x483B7F3: malloc (in /usr/lib/x86_64-linux-gnu/valgrind/vgpreload_memcheck-amd64-linux.so)
==2364==    by 0x1984F3: xmalloc (in /usr/bin/bash)
==2364==    by 0x1544D7: ??? (in /usr/bin/bash)
==2364==    by 0x157FCF: ??? (in /usr/bin/bash)
==2364==    by 0x15805C: ??? (in /usr/bin/bash)
==2364==    by 0x159628: set_ppid (in /usr/bin/bash)
==2364==    by 0x15AC15: initialize_shell_variables (in /usr/bin/bash)
==2364==    by 0x138DC9: ??? (in /usr/bin/bash)
==2364==    by 0x137544: main (in /usr/bin/bash)
==2364== 
==2364== 5 bytes in 1 blocks are still reachable in loss record 35 of 304
==2364==    at 0x483B7F3: malloc (in /usr/lib/x86_64-linux-gnu/valgrind/vgpreload_memcheck-amd64-linux.so)
==2364==    by 0x1984F3: xmalloc (in /usr/bin/bash)
==2364==    by 0x157FED: ??? (in /usr/bin/bash)
==2364==    by 0x15805C: ??? (in /usr/bin/bash)
==2364==    by 0x159628: set_ppid (in /usr/bin/bash)
==2364==    by 0x15AC15: initialize_shell_variables (in /usr/bin/bash)
==2364==    by 0x138DC9: ??? (in /usr/bin/bash)
==2364==    by 0x137544: main (in /usr/bin/bash)
==2364== 
==2364== 5 bytes in 1 blocks are still reachable in loss record 36 of 304
==2364==    at 0x483B7F3: malloc (in /usr/lib/x86_64-linux-gnu/valgrind/vgpreload_memcheck-amd64-linux.so)
==2364==    by 0x1984F3: xmalloc (in /usr/bin/bash)
==2364==    by 0x156DA1: make_variable_value (in /usr/bin/bash)
==2364==    by 0x15806D: ??? (in /usr/bin/bash)
==2364==    by 0x159628: set_ppid (in /usr/bin/bash)
==2364==    by 0x15AC15: initialize_shell_variables (in /usr/bin/bash)
==2364==    by 0x138DC9: ??? (in /usr/bin/bash)
==2364==    by 0x137544: main (in /usr/bin/bash)
==2364== 
==2364== 5 bytes in 1 blocks are still reachable in loss record 37 of 304
==2364==    at 0x483B7F3: malloc (in /usr/lib/x86_64-linux-gnu/valgrind/vgpreload_memcheck-amd64-linux.so)
==2364==    by 0x1984F3: xmalloc (in /usr/bin/bash)
==2364==    by 0x1544D7: ??? (in /usr/bin/bash)
==2364==    by 0x157FCF: ??? (in /usr/bin/bash)
==2364==    by 0x15805C: ??? (in /usr/bin/bash)
==2364==    by 0x15AE90: initialize_shell_variables (in /usr/bin/bash)
==2364==    by 0x138DC9: ??? (in /usr/bin/bash)
==2364==    by 0x137544: main (in /usr/bin/bash)
==2364== 
==2364== 5 bytes in 1 blocks are still reachable in loss record 38 of 304
==2364==    at 0x483B7F3: malloc (in /usr/lib/x86_64-linux-gnu/valgrind/vgpreload_memcheck-amd64-linux.so)
==2364==    by 0x1984F3: xmalloc (in /usr/bin/bash)
==2364==    by 0x157FED: ??? (in /usr/bin/bash)
==2364==    by 0x15805C: ??? (in /usr/bin/bash)
==2364==    by 0x15AE90: initialize_shell_variables (in /usr/bin/bash)
==2364==    by 0x138DC9: ??? (in /usr/bin/bash)
==2364==    by 0x137544: main (in /usr/bin/bash)
==2364== 
==2364== 5 bytes in 1 blocks are still reachable in loss record 39 of 304
==2364==    at 0x483B7F3: malloc (in /usr/lib/x86_64-linux-gnu/valgrind/vgpreload_memcheck-amd64-linux.so)
==2364==    by 0x1984F3: xmalloc (in /usr/bin/bash)
==2364==    by 0x138C10: ??? (in /usr/bin/bash)
==2364==    by 0x15B81C: initialize_shell_variables (in /usr/bin/bash)
==2364==    by 0x138DC9: ??? (in /usr/bin/bash)
==2364==    by 0x137544: main (in /usr/bin/bash)
==2364== 
==2364== 5 bytes in 1 blocks are still reachable in loss record 40 of 304
==2364==    at 0x483B7F3: malloc (in /usr/lib/x86_64-linux-gnu/valgrind/vgpreload_memcheck-amd64-linux.so)
==2364==    by 0x1984F3: xmalloc (in /usr/bin/bash)
==2364==    by 0x1544D7: ??? (in /usr/bin/bash)
==2364==    by 0x157FCF: ??? (in /usr/bin/bash)
==2364==    by 0x15805C: ??? (in /usr/bin/bash)
==2364==    by 0x15B7AE: initialize_shell_variables (in /usr/bin/bash)
==2364==    by 0x138DC9: ??? (in /usr/bin/bash)
==2364==    by 0x137544: main (in /usr/bin/bash)
==2364== 
==2364== 5 bytes in 1 blocks are still reachable in loss record 41 of 304
==2364==    at 0x483B7F3: malloc (in /usr/lib/x86_64-linux-gnu/valgrind/vgpreload_memcheck-amd64-linux.so)
==2364==    by 0x1984F3: xmalloc (in /usr/bin/bash)
==2364==    by 0x157FED: ??? (in /usr/bin/bash)
==2364==    by 0x15805C: ??? (in /usr/bin/bash)
==2364==    by 0x15B7AE: initialize_shell_variables (in /usr/bin/bash)
==2364==    by 0x138DC9: ??? (in /usr/bin/bash)
==2364==    by 0x137544: main (in /usr/bin/bash)
==2364== 
==2364== 5 bytes in 1 blocks are still reachable in loss record 42 of 304
==2364==    at 0x483B7F3: malloc (in /usr/lib/x86_64-linux-gnu/valgrind/vgpreload_memcheck-amd64-linux.so)
==2364==    by 0x1984F3: xmalloc (in /usr/bin/bash)
==2364==    by 0x183473: array_create_element (in /usr/bin/bash)
==2364==    by 0x18367F: ??? (in /usr/bin/bash)
==2364==    by 0x137CCD: main (in /usr/bin/bash)
==2364== 
==2364== 6 bytes in 1 blocks are still reachable in loss record 43 of 304
==2364==    at 0x483B7F3: malloc (in /usr/lib/x86_64-linux-gnu/valgrind/vgpreload_memcheck-amd64-linux.so)
==2364==    by 0x1984F3: xmalloc (in /usr/bin/bash)
==2364==    by 0x1544D7: ??? (in /usr/bin/bash)
==2364==    by 0x157FCF: ??? (in /usr/bin/bash)
==2364==    by 0x15805C: ??? (in /usr/bin/bash)
==2364==    by 0x15929E: adjust_shell_level (in /usr/bin/bash)
==2364==    by 0x15AC10: initialize_shell_variables (in /usr/bin/bash)
==2364==    by 0x138DC9: ??? (in /usr/bin/bash)
==2364==    by 0x137544: main (in /usr/bin/bash)
==2364== 
==2364== 6 bytes in 1 blocks are still reachable in loss record 44 of 304
==2364==    at 0x483B7F3: malloc (in /usr/lib/x86_64-linux-gnu/valgrind/vgpreload_memcheck-amd64-linux.so)
==2364==    by 0x1984F3: xmalloc (in /usr/bin/bash)
==2364==    by 0x157FED: ??? (in /usr/bin/bash)
==2364==    by 0x15805C: ??? (in /usr/bin/bash)
==2364==    by 0x15929E: adjust_shell_level (in /usr/bin/bash)
==2364==    by 0x15AC10: initialize_shell_variables (in /usr/bin/bash)
==2364==    by 0x138DC9: ??? (in /usr/bin/bash)
==2364==    by 0x137544: main (in /usr/bin/bash)
==2364== 
==2364== 6 bytes in 1 blocks are still reachable in loss record 45 of 304
==2364==    at 0x483B7F3: malloc (in /usr/lib/x86_64-linux-gnu/valgrind/vgpreload_memcheck-amd64-linux.so)
==2364==    by 0x1984F3: xmalloc (in /usr/bin/bash)
==2364==    by 0x138C68: ??? (in /usr/bin/bash)
==2364==    by 0x15B81C: initialize_shell_variables (in /usr/bin/bash)
==2364==    by 0x138DC9: ??? (in /usr/bin/bash)
==2364==    by 0x137544: main (in /usr/bin/bash)
==2364== 
==2364== 6 bytes in 1 blocks are still reachable in loss record 46 of 304
==2364==    at 0x483B7F3: malloc (in /usr/lib/x86_64-linux-gnu/valgrind/vgpreload_memcheck-amd64-linux.so)
==2364==    by 0x1984F3: xmalloc (in /usr/bin/bash)
==2364==    by 0x1544D7: ??? (in /usr/bin/bash)
==2364==    by 0x157FCF: ??? (in /usr/bin/bash)
==2364==    by 0x15805C: ??? (in /usr/bin/bash)
==2364==    by 0x15B635: initialize_shell_variables (in /usr/bin/bash)
==2364==    by 0x138DC9: ??? (in /usr/bin/bash)
==2364==    by 0x137544: main (in /usr/bin/bash)
==2364== 
==2364== 6 bytes in 1 blocks are still reachable in loss record 47 of 304
==2364==    at 0x483B7F3: malloc (in /usr/lib/x86_64-linux-gnu/valgrind/vgpreload_memcheck-amd64-linux.so)
==2364==    by 0x1984F3: xmalloc (in /usr/bin/bash)
==2364==    by 0x157FED: ??? (in /usr/bin/bash)
==2364==    by 0x15805C: ??? (in /usr/bin/bash)
==2364==    by 0x15B635: initialize_shell_variables (in /usr/bin/bash)
==2364==    by 0x138DC9: ??? (in /usr/bin/bash)
==2364==    by 0x137544: main (in /usr/bin/bash)
==2364== 
==2364== 7 bytes in 1 blocks are still reachable in loss record 48 of 304
==2364==    at 0x483B7F3: malloc (in /usr/lib/x86_64-linux-gnu/valgrind/vgpreload_memcheck-amd64-linux.so)
==2364==    by 0x1984F3: xmalloc (in /usr/bin/bash)
==2364==    by 0x1544D7: ??? (in /usr/bin/bash)
==2364==    by 0x157FCF: ??? (in /usr/bin/bash)
==2364==    by 0x15805C: ??? (in /usr/bin/bash)
==2364==    by 0x159490: set_pwd (in /usr/bin/bash)
==2364==    by 0x15AAEE: initialize_shell_variables (in /usr/bin/bash)
==2364==    by 0x138DC9: ??? (in /usr/bin/bash)
==2364==    by 0x137544: main (in /usr/bin/bash)
==2364== 
==2364== 7 bytes in 1 blocks are still reachable in loss record 49 of 304
==2364==    at 0x483B7F3: malloc (in /usr/lib/x86_64-linux-gnu/valgrind/vgpreload_memcheck-amd64-linux.so)
==2364==    by 0x1984F3: xmalloc (in /usr/bin/bash)
==2364==    by 0x157FED: ??? (in /usr/bin/bash)
==2364==    by 0x15805C: ??? (in /usr/bin/bash)
==2364==    by 0x159490: set_pwd (in /usr/bin/bash)
==2364==    by 0x15AAEE: initialize_shell_variables (in /usr/bin/bash)
==2364==    by 0x138DC9: ??? (in /usr/bin/bash)
==2364==    by 0x137544: main (in /usr/bin/bash)
==2364== 
==2364== 7 bytes in 1 blocks are still reachable in loss record 50 of 304
==2364==    at 0x483B7F3: malloc (in /usr/lib/x86_64-linux-gnu/valgrind/vgpreload_memcheck-amd64-linux.so)
==2364==    by 0x1984F3: xmalloc (in /usr/bin/bash)
==2364==    by 0x156DA1: make_variable_value (in /usr/bin/bash)
==2364==    by 0x15806D: ??? (in /usr/bin/bash)
==2364==    by 0x15AB95: initialize_shell_variables (in /usr/bin/bash)
==2364==    by 0x138DC9: ??? (in /usr/bin/bash)
==2364==    by 0x137544: main (in /usr/bin/bash)
==2364== 
==2364== 7 bytes in 1 blocks are still reachable in loss record 51 of 304
==2364==    at 0x483B7F3: malloc (in /usr/lib/x86_64-linux-gnu/valgrind/vgpreload_memcheck-amd64-linux.so)
==2364==    by 0x1984F3: xmalloc (in /usr/bin/bash)
==2364==    by 0x1544D7: ??? (in /usr/bin/bash)
==2364==    by 0x157FCF: ??? (in /usr/bin/bash)
==2364==    by 0x15805C: ??? (in /usr/bin/bash)
==2364==    by 0x15ABA8: initialize_shell_variables (in /usr/bin/bash)
==2364==    by 0x138DC9: ??? (in /usr/bin/bash)
==2364==    by 0x137544: main (in /usr/bin/bash)
==2364== 
==2364== 7 bytes in 1 blocks are still reachable in loss record 52 of 304
==2364==    at 0x483B7F3: malloc (in /usr/lib/x86_64-linux-gnu/valgrind/vgpreload_memcheck-amd64-linux.so)
==2364==    by 0x1984F3: xmalloc (in /usr/bin/bash)
==2364==    by 0x157FED: ??? (in /usr/bin/bash)
==2364==    by 0x15805C: ??? (in /usr/bin/bash)
==2364==    by 0x15ABA8: initialize_shell_variables (in /usr/bin/bash)
==2364==    by 0x138DC9: ??? (in /usr/bin/bash)
==2364==    by 0x137544: main (in /usr/bin/bash)
==2364== 
==2364== 7 bytes in 1 blocks are still reachable in loss record 53 of 304
==2364==    at 0x483B7F3: malloc (in /usr/lib/x86_64-linux-gnu/valgrind/vgpreload_memcheck-amd64-linux.so)
==2364==    by 0x1984F3: xmalloc (in /usr/bin/bash)
==2364==    by 0x1544D7: ??? (in /usr/bin/bash)
==2364==    by 0x157FCF: ??? (in /usr/bin/bash)
==2364==    by 0x15805C: ??? (in /usr/bin/bash)
==2364==    by 0x15AC2A: initialize_shell_variables (in /usr/bin/bash)
==2364==    by 0x138DC9: ??? (in /usr/bin/bash)
==2364==    by 0x137544: main (in /usr/bin/bash)
==2364== 
==2364== 7 bytes in 1 blocks are still reachable in loss record 54 of 304
==2364==    at 0x483B7F3: malloc (in /usr/lib/x86_64-linux-gnu/valgrind/vgpreload_memcheck-amd64-linux.so)
==2364==    by 0x1984F3: xmalloc (in /usr/bin/bash)
==2364==    by 0x157FED: ??? (in /usr/bin/bash)
==2364==    by 0x15805C: ??? (in /usr/bin/bash)
==2364==    by 0x15AC2A: initialize_shell_variables (in /usr/bin/bash)
==2364==    by 0x138DC9: ??? (in /usr/bin/bash)
==2364==    by 0x137544: main (in /usr/bin/bash)
==2364== 
==2364== 7 bytes in 1 blocks are still reachable in loss record 55 of 304
==2364==    at 0x483B7F3: malloc (in /usr/lib/x86_64-linux-gnu/valgrind/vgpreload_memcheck-amd64-linux.so)
==2364==    by 0x1984F3: xmalloc (in /usr/bin/bash)
==2364==    by 0x1544D7: ??? (in /usr/bin/bash)
==2364==    by 0x157FCF: ??? (in /usr/bin/bash)
==2364==    by 0x15805C: ??? (in /usr/bin/bash)
==2364==    by 0x15AC4A: initialize_shell_variables (in /usr/bin/bash)
==2364==    by 0x138DC9: ??? (in /usr/bin/bash)
==2364==    by 0x137544: main (in /usr/bin/bash)
==2364== 
==2364== 7 bytes in 1 blocks are still reachable in loss record 56 of 304
==2364==    at 0x483B7F3: malloc (in /usr/lib/x86_64-linux-gnu/valgrind/vgpreload_memcheck-amd64-linux.so)
==2364==    by 0x1984F3: xmalloc (in /usr/bin/bash)
==2364==    by 0x157FED: ??? (in /usr/bin/bash)
==2364==    by 0x15805C: ??? (in /usr/bin/bash)
==2364==    by 0x15AC4A: initialize_shell_variables (in /usr/bin/bash)
==2364==    by 0x138DC9: ??? (in /usr/bin/bash)
==2364==    by 0x137544: main (in /usr/bin/bash)
==2364== 
==2364== 7 bytes in 1 blocks are still reachable in loss record 57 of 304
==2364==    at 0x483B7F3: malloc (in /usr/lib/x86_64-linux-gnu/valgrind/vgpreload_memcheck-amd64-linux.so)
==2364==    by 0x1984F3: xmalloc (in /usr/bin/bash)
==2364==    by 0x1544D7: ??? (in /usr/bin/bash)
==2364==    by 0x157FCF: ??? (in /usr/bin/bash)
==2364==    by 0x15805C: ??? (in /usr/bin/bash)
==2364==    by 0x15B1AE: initialize_shell_variables (in /usr/bin/bash)
==2364==    by 0x138DC9: ??? (in /usr/bin/bash)
==2364==    by 0x137544: main (in /usr/bin/bash)
==2364== 
==2364== 7 bytes in 1 blocks are still reachable in loss record 58 of 304
==2364==    at 0x483B7F3: malloc (in /usr/lib/x86_64-linux-gnu/valgrind/vgpreload_memcheck-amd64-linux.so)
==2364==    by 0x1984F3: xmalloc (in /usr/bin/bash)
==2364==    by 0x157FED: ??? (in /usr/bin/bash)
==2364==    by 0x15805C: ??? (in /usr/bin/bash)
==2364==    by 0x15B1AE: initialize_shell_variables (in /usr/bin/bash)
==2364==    by 0x138DC9: ??? (in /usr/bin/bash)
==2364==    by 0x137544: main (in /usr/bin/bash)
==2364== 
==2364== 7 bytes in 1 blocks are still reachable in loss record 59 of 304
==2364==    at 0x483B7F3: malloc (in /usr/lib/x86_64-linux-gnu/valgrind/vgpreload_memcheck-amd64-linux.so)
==2364==    by 0x1984F3: xmalloc (in /usr/bin/bash)
==2364==    by 0x1544D7: ??? (in /usr/bin/bash)
==2364==    by 0x157FCF: ??? (in /usr/bin/bash)
==2364==    by 0x15805C: ??? (in /usr/bin/bash)
==2364==    by 0x15B1D8: initialize_shell_variables (in /usr/bin/bash)
==2364==    by 0x138DC9: ??? (in /usr/bin/bash)
==2364==    by 0x137544: main (in /usr/bin/bash)
==2364== 
==2364== 7 bytes in 1 blocks are still reachable in loss record 60 of 304
==2364==    at 0x483B7F3: malloc (in /usr/lib/x86_64-linux-gnu/valgrind/vgpreload_memcheck-amd64-linux.so)
==2364==    by 0x1984F3: xmalloc (in /usr/bin/bash)
==2364==    by 0x157FED: ??? (in /usr/bin/bash)
==2364==    by 0x15805C: ??? (in /usr/bin/bash)
==2364==    by 0x15B1D8: initialize_shell_variables (in /usr/bin/bash)
==2364==    by 0x138DC9: ??? (in /usr/bin/bash)
==2364==    by 0x137544: main (in /usr/bin/bash)
==2364== 
==2364== 7 bytes in 1 blocks are still reachable in loss record 61 of 304
==2364==    at 0x483B7F3: malloc (in /usr/lib/x86_64-linux-gnu/valgrind/vgpreload_memcheck-amd64-linux.so)
==2364==    by 0x1984F3: xmalloc (in /usr/bin/bash)
==2364==    by 0x1544D7: ??? (in /usr/bin/bash)
==2364==    by 0x157FCF: ??? (in /usr/bin/bash)
==2364==    by 0x158D55: make_new_array_variable (in /usr/bin/bash)
==2364==    by 0x158DA7: ??? (in /usr/bin/bash)
==2364==    by 0x15B2EC: initialize_shell_variables (in /usr/bin/bash)
==2364==    by 0x138DC9: ??? (in /usr/bin/bash)
==2364==    by 0x137544: main (in /usr/bin/bash)
==2364== 
==2364== 7 bytes in 1 blocks are still reachable in loss record 62 of 304
==2364==    at 0x483B7F3: malloc (in /usr/lib/x86_64-linux-gnu/valgrind/vgpreload_memcheck-amd64-linux.so)
==2364==    by 0x1984F3: xmalloc (in /usr/bin/bash)
==2364==    by 0x157FED: ??? (in /usr/bin/bash)
==2364==    by 0x158D55: make_new_array_variable (in /usr/bin/bash)
==2364==    by 0x158DA7: ??? (in /usr/bin/bash)
==2364==    by 0x15B2EC: initialize_shell_variables (in /usr/bin/bash)
==2364==    by 0x138DC9: ??? (in /usr/bin/bash)
==2364==    by 0x137544: main (in /usr/bin/bash)
==2364== 
==2364== 8 bytes in 1 blocks are still reachable in loss record 63 of 304
==2364==    at 0x483B7F3: malloc (in /usr/lib/x86_64-linux-gnu/valgrind/vgpreload_memcheck-amd64-linux.so)
==2364==    by 0x1984F3: xmalloc (in /usr/bin/bash)
==2364==    by 0x183473: array_create_element (in /usr/bin/bash)
==2364==    by 0x183987: array_insert (in /usr/bin/bash)
==2364==    by 0x15AF95: initialize_shell_variables (in /usr/bin/bash)
==2364==    by 0x138DC9: ??? (in /usr/bin/bash)
==2364==    by 0x137544: main (in /usr/bin/bash)
==2364== 
==2364== 8 bytes in 1 blocks are still reachable in loss record 64 of 304
==2364==    at 0x483B7F3: malloc (in /usr/lib/x86_64-linux-gnu/valgrind/vgpreload_memcheck-amd64-linux.so)
==2364==    by 0x1984F3: xmalloc (in /usr/bin/bash)
==2364==    by 0x1544D7: ??? (in /usr/bin/bash)
==2364==    by 0x157FCF: ??? (in /usr/bin/bash)
==2364==    by 0x15805C: ??? (in /usr/bin/bash)
==2364==    by 0x15B112: initialize_shell_variables (in /usr/bin/bash)
==2364==    by 0x138DC9: ??? (in /usr/bin/bash)
==2364==    by 0x137544: main (in /usr/bin/bash)
==2364== 
==2364== 8 bytes in 1 blocks are still reachable in loss record 65 of 304
==2364==    at 0x483B7F3: malloc (in /usr/lib/x86_64-linux-gnu/valgrind/vgpreload_memcheck-amd64-linux.so)
==2364==    by 0x1984F3: xmalloc (in /usr/bin/bash)
==2364==    by 0x157FED: ??? (in /usr/bin/bash)
==2364==    by 0x15805C: ??? (in /usr/bin/bash)
==2364==    by 0x15B112: initialize_shell_variables (in /usr/bin/bash)
==2364==    by 0x138DC9: ??? (in /usr/bin/bash)
==2364==    by 0x137544: main (in /usr/bin/bash)
==2364== 
==2364== 8 bytes in 1 blocks are still reachable in loss record 66 of 304
==2364==    at 0x483B7F3: malloc (in /usr/lib/x86_64-linux-gnu/valgrind/vgpreload_memcheck-amd64-linux.so)
==2364==    by 0x1984F3: xmalloc (in /usr/bin/bash)
==2364==    by 0x1544D7: ??? (in /usr/bin/bash)
==2364==    by 0x157FCF: ??? (in /usr/bin/bash)
==2364==    by 0x15805C: ??? (in /usr/bin/bash)
==2364==    by 0x15B205: initialize_shell_variables (in /usr/bin/bash)
==2364==    by 0x138DC9: ??? (in /usr/bin/bash)
==2364==    by 0x137544: main (in /usr/bin/bash)
==2364== 
==2364== 8 bytes in 1 blocks are still reachable in loss record 67 of 304
==2364==    at 0x483B7F3: malloc (in /usr/lib/x86_64-linux-gnu/valgrind/vgpreload_memcheck-amd64-linux.so)
==2364==    by 0x1984F3: xmalloc (in /usr/bin/bash)
==2364==    by 0x157FED: ??? (in /usr/bin/bash)
==2364==    by 0x15805C: ??? (in /usr/bin/bash)
==2364==    by 0x15B205: initialize_shell_variables (in /usr/bin/bash)
==2364==    by 0x138DC9: ??? (in /usr/bin/bash)
==2364==    by 0x137544: main (in /usr/bin/bash)
==2364== 
==2364== 8 bytes in 1 blocks are still reachable in loss record 68 of 304
==2364==    at 0x483B7F3: malloc (in /usr/lib/x86_64-linux-gnu/valgrind/vgpreload_memcheck-amd64-linux.so)
==2364==    by 0x1984F3: xmalloc (in /usr/bin/bash)
==2364==    by 0x1544D7: ??? (in /usr/bin/bash)
==2364==    by 0x157FCF: ??? (in /usr/bin/bash)
==2364==    by 0x15805C: ??? (in /usr/bin/bash)
==2364==    by 0x15B27B: initialize_shell_variables (in /usr/bin/bash)
==2364==    by 0x138DC9: ??? (in /usr/bin/bash)
==2364==    by 0x137544: main (in /usr/bin/bash)
==2364== 
==2364== 8 bytes in 1 blocks are still reachable in loss record 69 of 304
==2364==    at 0x483B7F3: malloc (in /usr/lib/x86_64-linux-gnu/valgrind/vgpreload_memcheck-amd64-linux.so)
==2364==    by 0x1984F3: xmalloc (in /usr/bin/bash)
==2364==    by 0x157FED: ??? (in /usr/bin/bash)
==2364==    by 0x15805C: ??? (in /usr/bin/bash)
==2364==    by 0x15B27B: initialize_shell_variables (in /usr/bin/bash)
==2364==    by 0x138DC9: ??? (in /usr/bin/bash)
==2364==    by 0x137544: main (in /usr/bin/bash)
==2364== 
==2364== 9 bytes in 1 blocks are still reachable in loss record 70 of 304
==2364==    at 0x483B7F3: malloc (in /usr/lib/x86_64-linux-gnu/valgrind/vgpreload_memcheck-amd64-linux.so)
==2364==    by 0x1984F3: xmalloc (in /usr/bin/bash)
==2364==    by 0x1544D7: ??? (in /usr/bin/bash)
==2364==    by 0x157FCF: ??? (in /usr/bin/bash)
==2364==    by 0x15805C: ??? (in /usr/bin/bash)
==2364==    by 0x15AB95: initialize_shell_variables (in /usr/bin/bash)
==2364==    by 0x138DC9: ??? (in /usr/bin/bash)
==2364==    by 0x137544: main (in /usr/bin/bash)
==2364== 
==2364== 9 bytes in 1 blocks are still reachable in loss record 71 of 304
==2364==    at 0x483B7F3: malloc (in /usr/lib/x86_64-linux-gnu/valgrind/vgpreload_memcheck-amd64-linux.so)
==2364==    by 0x1984F3: xmalloc (in /usr/bin/bash)
==2364==    by 0x157FED: ??? (in /usr/bin/bash)
==2364==    by 0x15805C: ??? (in /usr/bin/bash)
==2364==    by 0x15AB95: initialize_shell_variables (in /usr/bin/bash)
==2364==    by 0x138DC9: ??? (in /usr/bin/bash)
==2364==    by 0x137544: main (in /usr/bin/bash)
==2364== 
==2364== 9 bytes in 1 blocks are still reachable in loss record 72 of 304
==2364==    at 0x483B7F3: malloc (in /usr/lib/x86_64-linux-gnu/valgrind/vgpreload_memcheck-amd64-linux.so)
==2364==    by 0x1984F3: xmalloc (in /usr/bin/bash)
==2364==    by 0x1544D7: ??? (in /usr/bin/bash)
==2364==    by 0x157FCF: ??? (in /usr/bin/bash)
==2364==    by 0x15805C: ??? (in /usr/bin/bash)
==2364==    by 0x15ABBB: initialize_shell_variables (in /usr/bin/bash)
==2364==    by 0x138DC9: ??? (in /usr/bin/bash)
==2364==    by 0x137544: main (in /usr/bin/bash)
==2364== 
==2364== 9 bytes in 1 blocks are still reachable in loss record 73 of 304
==2364==    at 0x483B7F3: malloc (in /usr/lib/x86_64-linux-gnu/valgrind/vgpreload_memcheck-amd64-linux.so)
==2364==    by 0x1984F3: xmalloc (in /usr/bin/bash)
==2364==    by 0x157FED: ??? (in /usr/bin/bash)
==2364==    by 0x15805C: ??? (in /usr/bin/bash)
==2364==    by 0x15ABBB: initialize_shell_variables (in /usr/bin/bash)
==2364==    by 0x138DC9: ??? (in /usr/bin/bash)
==2364==    by 0x137544: main (in /usr/bin/bash)
==2364== 
==2364== 9 bytes in 1 blocks are still reachable in loss record 74 of 304
==2364==    at 0x483B7F3: malloc (in /usr/lib/x86_64-linux-gnu/valgrind/vgpreload_memcheck-amd64-linux.so)
==2364==    by 0x1984F3: xmalloc (in /usr/bin/bash)
==2364==    by 0x1544D7: ??? (in /usr/bin/bash)
==2364==    by 0x157FCF: ??? (in /usr/bin/bash)
==2364==    by 0x15805C: ??? (in /usr/bin/bash)
==2364==    by 0x15ABCE: initialize_shell_variables (in /usr/bin/bash)
==2364==    by 0x138DC9: ??? (in /usr/bin/bash)
==2364==    by 0x137544: main (in /usr/bin/bash)
==2364== 
==2364== 9 bytes in 1 blocks are still reachable in loss record 75 of 304
==2364==    at 0x483B7F3: malloc (in /usr/lib/x86_64-linux-gnu/valgrind/vgpreload_memcheck-amd64-linux.so)
==2364==    by 0x1984F3: xmalloc (in /usr/bin/bash)
==2364==    by 0x157FED: ??? (in /usr/bin/bash)
==2364==    by 0x15805C: ??? (in /usr/bin/bash)
==2364==    by 0x15ABCE: initialize_shell_variables (in /usr/bin/bash)
==2364==    by 0x138DC9: ??? (in /usr/bin/bash)
==2364==    by 0x137544: main (in /usr/bin/bash)
==2364== 
==2364== 9 bytes in 1 blocks are still reachable in loss record 76 of 304
==2364==    at 0x483B7F3: malloc (in /usr/lib/x86_64-linux-gnu/valgrind/vgpreload_memcheck-amd64-linux.so)
==2364==    by 0x1984F3: xmalloc (in /usr/bin/bash)
==2364==    by 0x1544D7: ??? (in /usr/bin/bash)
==2364==    by 0x157FCF: ??? (in /usr/bin/bash)
==2364==    by 0x158D55: make_new_array_variable (in /usr/bin/bash)
==2364==    by 0x158DA7: ??? (in /usr/bin/bash)
==2364==    by 0x15B2CD: initialize_shell_variables (in /usr/bin/bash)
==2364==    by 0x138DC9: ??? (in /usr/bin/bash)
==2364==    by 0x137544: main (in /usr/bin/bash)
==2364== 
==2364== 9 bytes in 1 blocks are still reachable in loss record 77 of 304
==2364==    at 0x483B7F3: malloc (in /usr/lib/x86_64-linux-gnu/valgrind/vgpreload_memcheck-amd64-linux.so)
==2364==    by 0x1984F3: xmalloc (in /usr/bin/bash)
==2364==    by 0x157FED: ??? (in /usr/bin/bash)
==2364==    by 0x158D55: make_new_array_variable (in /usr/bin/bash)
==2364==    by 0x158DA7: ??? (in /usr/bin/bash)
==2364==    by 0x15B2CD: initialize_shell_variables (in /usr/bin/bash)
==2364==    by 0x138DC9: ??? (in /usr/bin/bash)
==2364==    by 0x137544: main (in /usr/bin/bash)
==2364== 
==2364== 9 bytes in 1 blocks are still reachable in loss record 78 of 304
==2364==    at 0x483B7F3: malloc (in /usr/lib/x86_64-linux-gnu/valgrind/vgpreload_memcheck-amd64-linux.so)
==2364==    by 0x1984F3: xmalloc (in /usr/bin/bash)
==2364==    by 0x1544D7: ??? (in /usr/bin/bash)
==2364==    by 0x157FCF: ??? (in /usr/bin/bash)
==2364==    by 0x158D55: make_new_array_variable (in /usr/bin/bash)
==2364==    by 0x15B64D: initialize_shell_variables (in /usr/bin/bash)
==2364==    by 0x138DC9: ??? (in /usr/bin/bash)
==2364==    by 0x137544: main (in /usr/bin/bash)
==2364== 
==2364== 9 bytes in 1 blocks are still reachable in loss record 79 of 304
==2364==    at 0x483B7F3: malloc (in /usr/lib/x86_64-linux-gnu/valgrind/vgpreload_memcheck-amd64-linux.so)
==2364==    by 0x1984F3: xmalloc (in /usr/bin/bash)
==2364==    by 0x157FED: ??? (in /usr/bin/bash)
==2364==    by 0x158D55: make_new_array_variable (in /usr/bin/bash)
==2364==    by 0x15B64D: initialize_shell_variables (in /usr/bin/bash)
==2364==    by 0x138DC9: ??? (in /usr/bin/bash)
==2364==    by 0x137544: main (in /usr/bin/bash)
==2364== 
==2364== 9 bytes in 1 blocks are still reachable in loss record 80 of 304
==2364==    at 0x483B7F3: malloc (in /usr/lib/x86_64-linux-gnu/valgrind/vgpreload_memcheck-amd64-linux.so)
==2364==    by 0x1984F3: xmalloc (in /usr/bin/bash)
==2364==    by 0x1544D7: ??? (in /usr/bin/bash)
==2364==    by 0x157FCF: ??? (in /usr/bin/bash)
==2364==    by 0x15805C: ??? (in /usr/bin/bash)
==2364==    by 0x1AC4B0: set_bashopts (in /usr/bin/bash)
==2364==    by 0x138E1C: ??? (in /usr/bin/bash)
==2364==    by 0x137544: main (in /usr/bin/bash)
==2364== 
==2364== 9 bytes in 1 blocks are still reachable in loss record 81 of 304
==2364==    at 0x483B7F3: malloc (in /usr/lib/x86_64-linux-gnu/valgrind/vgpreload_memcheck-amd64-linux.so)
==2364==    by 0x1984F3: xmalloc (in /usr/bin/bash)
==2364==    by 0x157FED: ??? (in /usr/bin/bash)
==2364==    by 0x15805C: ??? (in /usr/bin/bash)
==2364==    by 0x1AC4B0: set_bashopts (in /usr/bin/bash)
==2364==    by 0x138E1C: ??? (in /usr/bin/bash)
==2364==    by 0x137544: main (in /usr/bin/bash)
==2364== 
==2364== 10 bytes in 1 blocks are still reachable in loss record 82 of 304
==2364==    at 0x483B7F3: malloc (in /usr/lib/x86_64-linux-gnu/valgrind/vgpreload_memcheck-amd64-linux.so)
==2364==    by 0x1984F3: xmalloc (in /usr/bin/bash)
==2364==    by 0x156DA1: make_variable_value (in /usr/bin/bash)
==2364==    by 0x15806D: ??? (in /usr/bin/bash)
==2364==    by 0x15ABA8: initialize_shell_variables (in /usr/bin/bash)
==2364==    by 0x138DC9: ??? (in /usr/bin/bash)
==2364==    by 0x137544: main (in /usr/bin/bash)
==2364== 
==2364== 10 bytes in 1 blocks are still reachable in loss record 83 of 304
==2364==    at 0x483B7F3: malloc (in /usr/lib/x86_64-linux-gnu/valgrind/vgpreload_memcheck-amd64-linux.so)
==2364==    by 0x1984F3: xmalloc (in /usr/bin/bash)
==2364==    by 0x156DA1: make_variable_value (in /usr/bin/bash)
==2364==    by 0x15806D: ??? (in /usr/bin/bash)
==2364==    by 0x15AE90: initialize_shell_variables (in /usr/bin/bash)
==2364==    by 0x138DC9: ??? (in /usr/bin/bash)
==2364==    by 0x137544: main (in /usr/bin/bash)
==2364== 
==2364== 10 bytes in 1 blocks are still reachable in loss record 84 of 304
==2364==    at 0x483B7F3: malloc (in /usr/lib/x86_64-linux-gnu/valgrind/vgpreload_memcheck-amd64-linux.so)
==2364==    by 0x1984F3: xmalloc (in /usr/bin/bash)
==2364==    by 0x138D28: ??? (in /usr/bin/bash)
==2364==    by 0x15B81C: initialize_shell_variables (in /usr/bin/bash)
==2364==    by 0x138DC9: ??? (in /usr/bin/bash)
==2364==    by 0x137544: main (in /usr/bin/bash)
==2364== 
==2364== 10 bytes in 1 blocks are still reachable in loss record 85 of 304
==2364==    at 0x483B7F3: malloc (in /usr/lib/x86_64-linux-gnu/valgrind/vgpreload_memcheck-amd64-linux.so)
==2364==    by 0x1984F3: xmalloc (in /usr/bin/bash)
==2364==    by 0x156DA1: make_variable_value (in /usr/bin/bash)
==2364==    by 0x15806D: ??? (in /usr/bin/bash)
==2364==    by 0x15B635: initialize_shell_variables (in /usr/bin/bash)
==2364==    by 0x138DC9: ??? (in /usr/bin/bash)
==2364==    by 0x137544: main (in /usr/bin/bash)
==2364== 
==2364== 10 bytes in 1 blocks are still reachable in loss record 86 of 304
==2364==    at 0x483B7F3: malloc (in /usr/lib/x86_64-linux-gnu/valgrind/vgpreload_memcheck-amd64-linux.so)
==2364==    by 0x1984F3: xmalloc (in /usr/bin/bash)
==2364==    by 0x1544D7: ??? (in /usr/bin/bash)
==2364==    by 0x157FCF: ??? (in /usr/bin/bash)
==2364==    by 0x158D55: make_new_array_variable (in /usr/bin/bash)
==2364==    by 0x158DA7: ??? (in /usr/bin/bash)
==2364==    by 0x15B30B: initialize_shell_variables (in /usr/bin/bash)
==2364==    by 0x138DC9: ??? (in /usr/bin/bash)
==2364==    by 0x137544: main (in /usr/bin/bash)
==2364== 
==2364== 10 bytes in 1 blocks are still reachable in loss record 87 of 304
==2364==    at 0x483B7F3: malloc (in /usr/lib/x86_64-linux-gnu/valgrind/vgpreload_memcheck-amd64-linux.so)
==2364==    by 0x1984F3: xmalloc (in /usr/bin/bash)
==2364==    by 0x157FED: ??? (in /usr/bin/bash)
==2364==    by 0x158D55: make_new_array_variable (in /usr/bin/bash)
==2364==    by 0x158DA7: ??? (in /usr/bin/bash)
==2364==    by 0x15B30B: initialize_shell_variables (in /usr/bin/bash)
==2364==    by 0x138DC9: ??? (in /usr/bin/bash)
==2364==    by 0x137544: main (in /usr/bin/bash)
==2364== 
==2364== 10 bytes in 1 blocks are still reachable in loss record 88 of 304
==2364==    at 0x483B7F3: malloc (in /usr/lib/x86_64-linux-gnu/valgrind/vgpreload_memcheck-amd64-linux.so)
==2364==    by 0x1984F3: xmalloc (in /usr/bin/bash)
==2364==    by 0x1544D7: ??? (in /usr/bin/bash)
==2364==    by 0x157FCF: ??? (in /usr/bin/bash)
==2364==    by 0x158D55: make_new_array_variable (in /usr/bin/bash)
==2364==    by 0x158DA7: ??? (in /usr/bin/bash)
==2364==    by 0x15B32A: initialize_shell_variables (in /usr/bin/bash)
==2364==    by 0x138DC9: ??? (in /usr/bin/bash)
==2364==    by 0x137544: main (in /usr/bin/bash)
==2364== 
==2364== 10 bytes in 1 blocks are still reachable in loss record 89 of 304
==2364==    at 0x483B7F3: malloc (in /usr/lib/x86_64-linux-gnu/valgrind/vgpreload_memcheck-amd64-linux.so)
==2364==    by 0x1984F3: xmalloc (in /usr/bin/bash)
==2364==    by 0x157FED: ??? (in /usr/bin/bash)
==2364==    by 0x158D55: make_new_array_variable (in /usr/bin/bash)
==2364==    by 0x158DA7: ??? (in /usr/bin/bash)
==2364==    by 0x15B32A: initialize_shell_variables (in /usr/bin/bash)
==2364==    by 0x138DC9: ??? (in /usr/bin/bash)
==2364==    by 0x137544: main (in /usr/bin/bash)
==2364== 
==2364== 10 bytes in 1 blocks are still reachable in loss record 90 of 304
==2364==    at 0x483B7F3: malloc (in /usr/lib/x86_64-linux-gnu/valgrind/vgpreload_memcheck-amd64-linux.so)
==2364==    by 0x1984F3: xmalloc (in /usr/bin/bash)
==2364==    by 0x1544D7: ??? (in /usr/bin/bash)
==2364==    by 0x157FCF: ??? (in /usr/bin/bash)
==2364==    by 0x158DE5: make_new_assoc_variable (in /usr/bin/bash)
==2364==    by 0x15B6A9: initialize_shell_variables (in /usr/bin/bash)
==2364==    by 0x138DC9: ??? (in /usr/bin/bash)
==2364==    by 0x137544: main (in /usr/bin/bash)
==2364== 
==2364== 10 bytes in 1 blocks are still reachable in loss record 91 of 304
==2364==    at 0x483B7F3: malloc (in /usr/lib/x86_64-linux-gnu/valgrind/vgpreload_memcheck-amd64-linux.so)
==2364==    by 0x1984F3: xmalloc (in /usr/bin/bash)
==2364==    by 0x157FED: ??? (in /usr/bin/bash)
==2364==    by 0x158DE5: make_new_assoc_variable (in /usr/bin/bash)
==2364==    by 0x15B6A9: initialize_shell_variables (in /usr/bin/bash)
==2364==    by 0x138DC9: ??? (in /usr/bin/bash)
==2364==    by 0x137544: main (in /usr/bin/bash)
==2364== 
==2364== 10 bytes in 1 blocks are still reachable in loss record 92 of 304
==2364==    at 0x483B7F3: malloc (in /usr/lib/x86_64-linux-gnu/valgrind/vgpreload_memcheck-amd64-linux.so)
==2364==    by 0x1984F3: xmalloc (in /usr/bin/bash)
==2364==    by 0x1544D7: ??? (in /usr/bin/bash)
==2364==    by 0x157FCF: ??? (in /usr/bin/bash)
==2364==    by 0x15805C: ??? (in /usr/bin/bash)
==2364==    by 0x1A76E0: set_shellopts (in /usr/bin/bash)
==2364==    by 0x138DFD: ??? (in /usr/bin/bash)
==2364==    by 0x137544: main (in /usr/bin/bash)
==2364== 
==2364== 10 bytes in 1 blocks are still reachable in loss record 93 of 304
==2364==    at 0x483B7F3: malloc (in /usr/lib/x86_64-linux-gnu/valgrind/vgpreload_memcheck-amd64-linux.so)
==2364==    by 0x1984F3: xmalloc (in /usr/bin/bash)
==2364==    by 0x157FED: ??? (in /usr/bin/bash)
==2364==    by 0x15805C: ??? (in /usr/bin/bash)
==2364==    by 0x1A76E0: set_shellopts (in /usr/bin/bash)
==2364==    by 0x138DFD: ??? (in /usr/bin/bash)
==2364==    by 0x137544: main (in /usr/bin/bash)
==2364== 
==2364== 10 bytes in 1 blocks are still reachable in loss record 94 of 304
==2364==    at 0x483B7F3: malloc (in /usr/lib/x86_64-linux-gnu/valgrind/vgpreload_memcheck-amd64-linux.so)
==2364==    by 0x198577: xrealloc (in /usr/bin/bash)
==2364==    by 0x13FAB0: ??? (in /usr/bin/bash)
==2364==    by 0x142EC7: yyparse (in /usr/bin/bash)
==2364==    by 0x13929A: parse_command (in /usr/bin/bash)
==2364==    by 0x1393A6: read_command (in /usr/bin/bash)
==2364==    by 0x1395C9: reader_loop (in /usr/bin/bash)
==2364==    by 0x137EF8: main (in /usr/bin/bash)
==2364== 
==2364== 10 bytes in 1 blocks are still reachable in loss record 95 of 304
==2364==    at 0x483B7F3: malloc (in /usr/lib/x86_64-linux-gnu/valgrind/vgpreload_memcheck-amd64-linux.so)
==2364==    by 0x1984F3: xmalloc (in /usr/bin/bash)
==2364==    by 0x14F948: execute_command_internal (in /usr/bin/bash)
==2364==    by 0x1519D9: execute_command (in /usr/bin/bash)
==2364==    by 0x139664: reader_loop (in /usr/bin/bash)
==2364==    by 0x137EF8: main (in /usr/bin/bash)
==2364== 
==2364== 11 bytes in 1 blocks are still reachable in loss record 96 of 304
==2364==    at 0x483B7F3: malloc (in /usr/lib/x86_64-linux-gnu/valgrind/vgpreload_memcheck-amd64-linux.so)
==2364==    by 0x1984F3: xmalloc (in /usr/bin/bash)
==2364==    by 0x1544D7: ??? (in /usr/bin/bash)
==2364==    by 0x157FCF: ??? (in /usr/bin/bash)
==2364==    by 0x15805C: ??? (in /usr/bin/bash)
==2364==    by 0x15B13F: initialize_shell_variables (in /usr/bin/bash)
==2364==    by 0x138DC9: ??? (in /usr/bin/bash)
==2364==    by 0x137544: main (in /usr/bin/bash)
==2364== 
==2364== 11 bytes in 1 blocks are still reachable in loss record 97 of 304
==2364==    at 0x483B7F3: malloc (in /usr/lib/x86_64-linux-gnu/valgrind/vgpreload_memcheck-amd64-linux.so)
==2364==    by 0x1984F3: xmalloc (in /usr/bin/bash)
==2364==    by 0x157FED: ??? (in /usr/bin/bash)
==2364==    by 0x15805C: ??? (in /usr/bin/bash)
==2364==    by 0x15B13F: initialize_shell_variables (in /usr/bin/bash)
==2364==    by 0x138DC9: ??? (in /usr/bin/bash)
==2364==    by 0x137544: main (in /usr/bin/bash)
==2364== 
==2364== 11 bytes in 1 blocks are still reachable in loss record 98 of 304
==2364==    at 0x483B7F3: malloc (in /usr/lib/x86_64-linux-gnu/valgrind/vgpreload_memcheck-amd64-linux.so)
==2364==    by 0x1984F3: xmalloc (in /usr/bin/bash)
==2364==    by 0x1544D7: ??? (in /usr/bin/bash)
==2364==    by 0x157FCF: ??? (in /usr/bin/bash)
==2364==    by 0x158D55: make_new_array_variable (in /usr/bin/bash)
==2364==    by 0x15C10B: set_pipestatus_array (in /usr/bin/bash)
==2364==    by 0x15172F: execute_command_internal (in /usr/bin/bash)
==2364==    by 0x1519D9: execute_command (in /usr/bin/bash)
==2364==    by 0x139664: reader_loop (in /usr/bin/bash)
==2364==    by 0x137EF8: main (in /usr/bin/bash)
==2364== 
==2364== 11 bytes in 1 blocks are still reachable in loss record 99 of 304
==2364==    at 0x483B7F3: malloc (in /usr/lib/x86_64-linux-gnu/valgrind/vgpreload_memcheck-amd64-linux.so)
==2364==    by 0x1984F3: xmalloc (in /usr/bin/bash)
==2364==    by 0x157FED: ??? (in /usr/bin/bash)
==2364==    by 0x158D55: make_new_array_variable (in /usr/bin/bash)
==2364==    by 0x15C10B: set_pipestatus_array (in /usr/bin/bash)
==2364==    by 0x15172F: execute_command_internal (in /usr/bin/bash)
==2364==    by 0x1519D9: execute_command (in /usr/bin/bash)
==2364==    by 0x139664: reader_loop (in /usr/bin/bash)
==2364==    by 0x137EF8: main (in /usr/bin/bash)
==2364== 
==2364== 12 bytes in 1 blocks are still reachable in loss record 100 of 304
==2364==    at 0x483B7F3: malloc (in /usr/lib/x86_64-linux-gnu/valgrind/vgpreload_memcheck-amd64-linux.so)
==2364==    by 0x1984F3: xmalloc (in /usr/bin/bash)
==2364==    by 0x1544D7: ??? (in /usr/bin/bash)
==2364==    by 0x157FCF: ??? (in /usr/bin/bash)
==2364==    by 0x158D55: make_new_array_variable (in /usr/bin/bash)
==2364==    by 0x158DA7: ??? (in /usr/bin/bash)
==2364==    by 0x15B349: initialize_shell_variables (in /usr/bin/bash)
==2364==    by 0x138DC9: ??? (in /usr/bin/bash)
==2364==    by 0x137544: main (in /usr/bin/bash)
==2364== 
==2364== 12 bytes in 1 blocks are still reachable in loss record 101 of 304
==2364==    at 0x483B7F3: malloc (in /usr/lib/x86_64-linux-gnu/valgrind/vgpreload_memcheck-amd64-linux.so)
==2364==    by 0x1984F3: xmalloc (in /usr/bin/bash)
==2364==    by 0x157FED: ??? (in /usr/bin/bash)
==2364==    by 0x158D55: make_new_array_variable (in /usr/bin/bash)
==2364==    by 0x158DA7: ??? (in /usr/bin/bash)
==2364==    by 0x15B349: initialize_shell_variables (in /usr/bin/bash)
==2364==    by 0x138DC9: ??? (in /usr/bin/bash)
==2364==    by 0x137544: main (in /usr/bin/bash)
==2364== 
==2364== 12 bytes in 1 blocks are still reachable in loss record 102 of 304
==2364==    at 0x483B7F3: malloc (in /usr/lib/x86_64-linux-gnu/valgrind/vgpreload_memcheck-amd64-linux.so)
==2364==    by 0x1984F3: xmalloc (in /usr/bin/bash)
==2364==    by 0x1544D7: ??? (in /usr/bin/bash)
==2364==    by 0x157FCF: ??? (in /usr/bin/bash)
==2364==    by 0x158D55: make_new_array_variable (in /usr/bin/bash)
==2364==    by 0x158DA7: ??? (in /usr/bin/bash)
==2364==    by 0x15B368: initialize_shell_variables (in /usr/bin/bash)
==2364==    by 0x138DC9: ??? (in /usr/bin/bash)
==2364==    by 0x137544: main (in /usr/bin/bash)
==2364== 
==2364== 12 bytes in 1 blocks are still reachable in loss record 103 of 304
==2364==    at 0x483B7F3: malloc (in /usr/lib/x86_64-linux-gnu/valgrind/vgpreload_memcheck-amd64-linux.so)
==2364==    by 0x1984F3: xmalloc (in /usr/bin/bash)
==2364==    by 0x157FED: ??? (in /usr/bin/bash)
==2364==    by 0x158D55: make_new_array_variable (in /usr/bin/bash)
==2364==    by 0x158DA7: ??? (in /usr/bin/bash)
==2364==    by 0x15B368: initialize_shell_variables (in /usr/bin/bash)
==2364==    by 0x138DC9: ??? (in /usr/bin/bash)
==2364==    by 0x137544: main (in /usr/bin/bash)
==2364== 
==2364== 13 bytes in 1 blocks are still reachable in loss record 104 of 304
==2364==    at 0x483B7F3: malloc (in /usr/lib/x86_64-linux-gnu/valgrind/vgpreload_memcheck-amd64-linux.so)
==2364==    by 0x1984F3: xmalloc (in /usr/bin/bash)
==2364==    by 0x138ECE: ??? (in /usr/bin/bash)
==2364==    by 0x137544: main (in /usr/bin/bash)
==2364== 
==2364== 13 bytes in 1 blocks are still reachable in loss record 105 of 304
==2364==    at 0x483B7F3: malloc (in /usr/lib/x86_64-linux-gnu/valgrind/vgpreload_memcheck-amd64-linux.so)
==2364==    by 0x1984F3: xmalloc (in /usr/bin/bash)
==2364==    by 0x156DA1: make_variable_value (in /usr/bin/bash)
==2364==    by 0x15806D: ??? (in /usr/bin/bash)
==2364==    by 0x15ABCE: initialize_shell_variables (in /usr/bin/bash)
==2364==    by 0x138DC9: ??? (in /usr/bin/bash)
==2364==    by 0x137544: main (in /usr/bin/bash)
==2364== 
==2364== 13 bytes in 1 blocks are still reachable in loss record 106 of 304
==2364==    at 0x483B7F3: malloc (in /usr/lib/x86_64-linux-gnu/valgrind/vgpreload_memcheck-amd64-linux.so)
==2364==    by 0x1984F3: xmalloc (in /usr/bin/bash)
==2364==    by 0x1544D7: ??? (in /usr/bin/bash)
==2364==    by 0x157FCF: ??? (in /usr/bin/bash)
==2364==    by 0x15805C: ??? (in /usr/bin/bash)
==2364==    by 0x15AECB: initialize_shell_variables (in /usr/bin/bash)
==2364==    by 0x138DC9: ??? (in /usr/bin/bash)
==2364==    by 0x137544: main (in /usr/bin/bash)
==2364== 
==2364== 13 bytes in 1 blocks are still reachable in loss record 107 of 304
==2364==    at 0x483B7F3: malloc (in /usr/lib/x86_64-linux-gnu/valgrind/vgpreload_memcheck-amd64-linux.so)
==2364==    by 0x1984F3: xmalloc (in /usr/bin/bash)
==2364==    by 0x157FED: ??? (in /usr/bin/bash)
==2364==    by 0x15805C: ??? (in /usr/bin/bash)
==2364==    by 0x15AECB: initialize_shell_variables (in /usr/bin/bash)
==2364==    by 0x138DC9: ??? (in /usr/bin/bash)
==2364==    by 0x137544: main (in /usr/bin/bash)
==2364== 
==2364== 13 bytes in 1 blocks are still reachable in loss record 108 of 304
==2364==    at 0x483B7F3: malloc (in /usr/lib/x86_64-linux-gnu/valgrind/vgpreload_memcheck-amd64-linux.so)
==2364==    by 0x1984F3: xmalloc (in /usr/bin/bash)
==2364==    by 0x1544D7: ??? (in /usr/bin/bash)
==2364==    by 0x157FCF: ??? (in /usr/bin/bash)
==2364==    by 0x15805C: ??? (in /usr/bin/bash)
==2364==    by 0x15B165: initialize_shell_variables (in /usr/bin/bash)
==2364==    by 0x138DC9: ??? (in /usr/bin/bash)
==2364==    by 0x137544: main (in /usr/bin/bash)
==2364== 
==2364== 13 bytes in 1 blocks are still reachable in loss record 109 of 304
==2364==    at 0x483B7F3: malloc (in /usr/lib/x86_64-linux-gnu/valgrind/vgpreload_memcheck-amd64-linux.so)
==2364==    by 0x1984F3: xmalloc (in /usr/bin/bash)
==2364==    by 0x157FED: ??? (in /usr/bin/bash)
==2364==    by 0x15805C: ??? (in /usr/bin/bash)
==2364==    by 0x15B165: initialize_shell_variables (in /usr/bin/bash)
==2364==    by 0x138DC9: ??? (in /usr/bin/bash)
==2364==    by 0x137544: main (in /usr/bin/bash)
==2364== 
==2364== 13 bytes in 1 blocks are still reachable in loss record 110 of 304
==2364==    at 0x483B7F3: malloc (in /usr/lib/x86_64-linux-gnu/valgrind/vgpreload_memcheck-amd64-linux.so)
==2364==    by 0x1984F3: xmalloc (in /usr/bin/bash)
==2364==    by 0x1544D7: ??? (in /usr/bin/bash)
==2364==    by 0x157FCF: ??? (in /usr/bin/bash)
==2364==    by 0x15805C: ??? (in /usr/bin/bash)
==2364==    by 0x15B228: initialize_shell_variables (in /usr/bin/bash)
==2364==    by 0x138DC9: ??? (in /usr/bin/bash)
==2364==    by 0x137544: main (in /usr/bin/bash)
==2364== 
==2364== 13 bytes in 1 blocks are still reachable in loss record 111 of 304
==2364==    at 0x483B7F3: malloc (in /usr/lib/x86_64-linux-gnu/valgrind/vgpreload_memcheck-amd64-linux.so)
==2364==    by 0x1984F3: xmalloc (in /usr/bin/bash)
==2364==    by 0x157FED: ??? (in /usr/bin/bash)
==2364==    by 0x15805C: ??? (in /usr/bin/bash)
==2364==    by 0x15B228: initialize_shell_variables (in /usr/bin/bash)
==2364==    by 0x138DC9: ??? (in /usr/bin/bash)
==2364==    by 0x137544: main (in /usr/bin/bash)
==2364== 
==2364== 13 bytes in 1 blocks are still reachable in loss record 112 of 304
==2364==    at 0x483B7F3: malloc (in /usr/lib/x86_64-linux-gnu/valgrind/vgpreload_memcheck-amd64-linux.so)
==2364==    by 0x1984F3: xmalloc (in /usr/bin/bash)
==2364==    by 0x1544D7: ??? (in /usr/bin/bash)
==2364==    by 0x157FCF: ??? (in /usr/bin/bash)
==2364==    by 0x158DE5: make_new_assoc_variable (in /usr/bin/bash)
==2364==    by 0x15B67B: initialize_shell_variables (in /usr/bin/bash)
==2364==    by 0x138DC9: ??? (in /usr/bin/bash)
==2364==    by 0x137544: main (in /usr/bin/bash)
==2364== 
==2364== 13 bytes in 1 blocks are still reachable in loss record 113 of 304
==2364==    at 0x483B7F3: malloc (in /usr/lib/x86_64-linux-gnu/valgrind/vgpreload_memcheck-amd64-linux.so)
==2364==    by 0x1984F3: xmalloc (in /usr/bin/bash)
==2364==    by 0x157FED: ??? (in /usr/bin/bash)
==2364==    by 0x158DE5: make_new_assoc_variable (in /usr/bin/bash)
==2364==    by 0x15B67B: initialize_shell_variables (in /usr/bin/bash)
==2364==    by 0x138DC9: ??? (in /usr/bin/bash)
==2364==    by 0x137544: main (in /usr/bin/bash)
==2364== 
==2364== 14 bytes in 1 blocks are still reachable in loss record 114 of 304
==2364==    at 0x483B7F3: malloc (in /usr/lib/x86_64-linux-gnu/valgrind/vgpreload_memcheck-amd64-linux.so)
==2364==    by 0x1984F3: xmalloc (in /usr/bin/bash)
==2364==    by 0x1544D7: ??? (in /usr/bin/bash)
==2364==    by 0x157FCF: ??? (in /usr/bin/bash)
==2364==    by 0x158D55: make_new_array_variable (in /usr/bin/bash)
==2364==    by 0x15AEE3: initialize_shell_variables (in /usr/bin/bash)
==2364==    by 0x138DC9: ??? (in /usr/bin/bash)
==2364==    by 0x137544: main (in /usr/bin/bash)
==2364== 
==2364== 14 bytes in 1 blocks are still reachable in loss record 115 of 304
==2364==    at 0x483B7F3: malloc (in /usr/lib/x86_64-linux-gnu/valgrind/vgpreload_memcheck-amd64-linux.so)
==2364==    by 0x1984F3: xmalloc (in /usr/bin/bash)
==2364==    by 0x157FED: ??? (in /usr/bin/bash)
==2364==    by 0x158D55: make_new_array_variable (in /usr/bin/bash)
==2364==    by 0x15AEE3: initialize_shell_variables (in /usr/bin/bash)
==2364==    by 0x138DC9: ??? (in /usr/bin/bash)
==2364==    by 0x137544: main (in /usr/bin/bash)
==2364== 
==2364== 14 bytes in 1 blocks are still reachable in loss record 116 of 304
==2364==    at 0x483B7F3: malloc (in /usr/lib/x86_64-linux-gnu/valgrind/vgpreload_memcheck-amd64-linux.so)
==2364==    by 0x1984F3: xmalloc (in /usr/bin/bash)
==2364==    by 0x1544D7: ??? (in /usr/bin/bash)
==2364==    by 0x157FCF: ??? (in /usr/bin/bash)
==2364==    by 0x15805C: ??? (in /usr/bin/bash)
==2364==    by 0x15B188: initialize_shell_variables (in /usr/bin/bash)
==2364==    by 0x138DC9: ??? (in /usr/bin/bash)
==2364==    by 0x137544: main (in /usr/bin/bash)
==2364== 
==2364== 14 bytes in 1 blocks are still reachable in loss record 117 of 304
==2364==    at 0x483B7F3: malloc (in /usr/lib/x86_64-linux-gnu/valgrind/vgpreload_memcheck-amd64-linux.so)
==2364==    by 0x1984F3: xmalloc (in /usr/bin/bash)
==2364==    by 0x157FED: ??? (in /usr/bin/bash)
==2364==    by 0x15805C: ??? (in /usr/bin/bash)
==2364==    by 0x15B188: initialize_shell_variables (in /usr/bin/bash)
==2364==    by 0x138DC9: ??? (in /usr/bin/bash)
==2364==    by 0x137544: main (in /usr/bin/bash)
==2364== 
==2364== 14 bytes in 1 blocks are still reachable in loss record 118 of 304
==2364==    at 0x483B7F3: malloc (in /usr/lib/x86_64-linux-gnu/valgrind/vgpreload_memcheck-amd64-linux.so)
==2364==    by 0x1984F3: xmalloc (in /usr/bin/bash)
==2364==    by 0x1544D7: ??? (in /usr/bin/bash)
==2364==    by 0x157FCF: ??? (in /usr/bin/bash)
==2364==    by 0x15805C: ??? (in /usr/bin/bash)
==2364==    by 0x15B24E: initialize_shell_variables (in /usr/bin/bash)
==2364==    by 0x138DC9: ??? (in /usr/bin/bash)
==2364==    by 0x137544: main (in /usr/bin/bash)
==2364== 
==2364== 14 bytes in 1 blocks are still reachable in loss record 119 of 304
==2364==    at 0x483B7F3: malloc (in /usr/lib/x86_64-linux-gnu/valgrind/vgpreload_memcheck-amd64-linux.so)
==2364==    by 0x1984F3: xmalloc (in /usr/bin/bash)
==2364==    by 0x157FED: ??? (in /usr/bin/bash)
==2364==    by 0x15805C: ??? (in /usr/bin/bash)
==2364==    by 0x15B24E: initialize_shell_variables (in /usr/bin/bash)
==2364==    by 0x138DC9: ??? (in /usr/bin/bash)
==2364==    by 0x137544: main (in /usr/bin/bash)
==2364== 
==2364== 16 bytes in 1 blocks are still reachable in loss record 120 of 304
==2364==    at 0x483B7F3: malloc (in /usr/lib/x86_64-linux-gnu/valgrind/vgpreload_memcheck-amd64-linux.so)
==2364==    by 0x1984F3: xmalloc (in /usr/bin/bash)
==2364==    by 0x14789D: tilde_initialize (in /usr/bin/bash)
==2364==    by 0x138DA5: ??? (in /usr/bin/bash)
==2364==    by 0x137544: main (in /usr/bin/bash)
==2364== 
==2364== 16 bytes in 1 blocks are still reachable in loss record 121 of 304
==2364==    at 0x483B7F3: malloc (in /usr/lib/x86_64-linux-gnu/valgrind/vgpreload_memcheck-amd64-linux.so)
==2364==    by 0x1984F3: xmalloc (in /usr/bin/bash)
==2364==    by 0x1478EE: tilde_initialize (in /usr/bin/bash)
==2364==    by 0x138DA5: ??? (in /usr/bin/bash)
==2364==    by 0x137544: main (in /usr/bin/bash)
==2364== 
==2364== 16 bytes in 1 blocks are still reachable in loss record 122 of 304
==2364==    at 0x483B7F3: malloc (in /usr/lib/x86_64-linux-gnu/valgrind/vgpreload_memcheck-amd64-linux.so)
==2364==    by 0x1984F3: xmalloc (in /usr/bin/bash)
==2364==    by 0x17B6F6: hash_create (in /usr/bin/bash)
==2364==    by 0x157F8A: ??? (in /usr/bin/bash)
==2364==    by 0x15AAAB: initialize_shell_variables (in /usr/bin/bash)
==2364==    by 0x138DC9: ??? (in /usr/bin/bash)
==2364==    by 0x137544: main (in /usr/bin/bash)
==2364== 
==2364== 16 bytes in 1 blocks are still reachable in loss record 123 of 304
==2364==    at 0x483B7F3: malloc (in /usr/lib/x86_64-linux-gnu/valgrind/vgpreload_memcheck-amd64-linux.so)
==2364==    by 0x1984F3: xmalloc (in /usr/bin/bash)
==2364==    by 0x17B6F6: hash_create (in /usr/bin/bash)
==2364==    by 0x157FA9: ??? (in /usr/bin/bash)
==2364==    by 0x15AAAB: initialize_shell_variables (in /usr/bin/bash)
==2364==    by 0x138DC9: ??? (in /usr/bin/bash)
==2364==    by 0x137544: main (in /usr/bin/bash)
==2364== 
==2364== 16 bytes in 1 blocks are still reachable in loss record 124 of 304
==2364==    at 0x483B7F3: malloc (in /usr/lib/x86_64-linux-gnu/valgrind/vgpreload_memcheck-amd64-linux.so)
==2364==    by 0x1984F3: xmalloc (in /usr/bin/bash)
==2364==    by 0x17B6F6: hash_create (in /usr/bin/bash)
==2364==    by 0x157F51: ??? (in /usr/bin/bash)
==2364==    by 0x15AAAB: initialize_shell_variables (in /usr/bin/bash)
==2364==    by 0x138DC9: ??? (in /usr/bin/bash)
==2364==    by 0x137544: main (in /usr/bin/bash)
==2364== 
==2364== 16 bytes in 1 blocks are still reachable in loss record 125 of 304
==2364==    at 0x483B7F3: malloc (in /usr/lib/x86_64-linux-gnu/valgrind/vgpreload_memcheck-amd64-linux.so)
==2364==    by 0x1984F3: xmalloc (in /usr/bin/bash)
==2364==    by 0x1544D7: ??? (in /usr/bin/bash)
==2364==    by 0x157FCF: ??? (in /usr/bin/bash)
==2364==    by 0x15805C: ??? (in /usr/bin/bash)
==2364==    by 0x15B2A2: initialize_shell_variables (in /usr/bin/bash)
==2364==    by 0x138DC9: ??? (in /usr/bin/bash)
==2364==    by 0x137544: main (in /usr/bin/bash)
==2364== 
==2364== 16 bytes in 1 blocks are still reachable in loss record 126 of 304
==2364==    at 0x483B7F3: malloc (in /usr/lib/x86_64-linux-gnu/valgrind/vgpreload_memcheck-amd64-linux.so)
==2364==    by 0x1984F3: xmalloc (in /usr/bin/bash)
==2364==    by 0x157FED: ??? (in /usr/bin/bash)
==2364==    by 0x15805C: ??? (in /usr/bin/bash)
==2364==    by 0x15B2A2: initialize_shell_variables (in /usr/bin/bash)
==2364==    by 0x138DC9: ??? (in /usr/bin/bash)
==2364==    by 0x137544: main (in /usr/bin/bash)
==2364== 
==2364== 16 bytes in 1 blocks are still reachable in loss record 127 of 304
==2364==    at 0x483B7F3: malloc (in /usr/lib/x86_64-linux-gnu/valgrind/vgpreload_memcheck-amd64-linux.so)
==2364==    by 0x1984F3: xmalloc (in /usr/bin/bash)
==2364==    by 0x17B6F6: hash_create (in /usr/bin/bash)
==2364==    by 0x158DEF: make_new_assoc_variable (in /usr/bin/bash)
==2364==    by 0x15B6A9: initialize_shell_variables (in /usr/bin/bash)
==2364==    by 0x138DC9: ??? (in /usr/bin/bash)
==2364==    by 0x137544: main (in /usr/bin/bash)
==2364== 
==2364== 16 bytes in 1 blocks are still reachable in loss record 128 of 304
==2364==    at 0x483B7F3: malloc (in /usr/lib/x86_64-linux-gnu/valgrind/vgpreload_memcheck-amd64-linux.so)
==2364==    by 0x1984F3: xmalloc (in /usr/bin/bash)
==2364==    by 0x17B6F6: hash_create (in /usr/bin/bash)
==2364==    by 0x158DEF: make_new_assoc_variable (in /usr/bin/bash)
==2364==    by 0x15B67B: initialize_shell_variables (in /usr/bin/bash)
==2364==    by 0x138DC9: ??? (in /usr/bin/bash)
==2364==    by 0x137544: main (in /usr/bin/bash)
==2364== 
==2364== 16 bytes in 1 blocks are still reachable in loss record 129 of 304
==2364==    at 0x483B7F3: malloc (in /usr/lib/x86_64-linux-gnu/valgrind/vgpreload_memcheck-amd64-linux.so)
==2364==    by 0x1984F3: xmalloc (in /usr/bin/bash)
==2364==    by 0x148045: alloc_word_desc (in /usr/bin/bash)
==2364==    by 0x141419: ??? (in /usr/bin/bash)
==2364==    by 0x142EC7: yyparse (in /usr/bin/bash)
==2364==    by 0x13929A: parse_command (in /usr/bin/bash)
==2364==    by 0x1393A6: read_command (in /usr/bin/bash)
==2364==    by 0x1395C9: reader_loop (in /usr/bin/bash)
==2364==    by 0x137EF8: main (in /usr/bin/bash)
==2364== 
==2364== 16 bytes in 1 blocks are still reachable in loss record 130 of 304
==2364==    at 0x483B7F3: malloc (in /usr/lib/x86_64-linux-gnu/valgrind/vgpreload_memcheck-amd64-linux.so)
==2364==    by 0x1984F3: xmalloc (in /usr/bin/bash)
==2364==    by 0x148045: alloc_word_desc (in /usr/bin/bash)
==2364==    by 0x140C67: ??? (in /usr/bin/bash)
==2364==    by 0x142EC7: yyparse (in /usr/bin/bash)
==2364==    by 0x13929A: parse_command (in /usr/bin/bash)
==2364==    by 0x1393A6: read_command (in /usr/bin/bash)
==2364==    by 0x1395C9: reader_loop (in /usr/bin/bash)
==2364==    by 0x137EF8: main (in /usr/bin/bash)
==2364== 
==2364== 16 bytes in 1 blocks are still reachable in loss record 131 of 304
==2364==    at 0x483B7F3: malloc (in /usr/lib/x86_64-linux-gnu/valgrind/vgpreload_memcheck-amd64-linux.so)
==2364==    by 0x1984F3: xmalloc (in /usr/bin/bash)
==2364==    by 0x1482D9: make_word_list (in /usr/bin/bash)
==2364==    by 0x148AB8: make_simple_command (in /usr/bin/bash)
==2364==    by 0x14353F: yyparse (in /usr/bin/bash)
==2364==    by 0x13929A: parse_command (in /usr/bin/bash)
==2364==    by 0x1393A6: read_command (in /usr/bin/bash)
==2364==    by 0x1395C9: reader_loop (in /usr/bin/bash)
==2364==    by 0x137EF8: main (in /usr/bin/bash)
==2364== 
==2364== 16 bytes in 1 blocks are still reachable in loss record 132 of 304
==2364==    at 0x483B7F3: malloc (in /usr/lib/x86_64-linux-gnu/valgrind/vgpreload_memcheck-amd64-linux.so)
==2364==    by 0x1984F3: xmalloc (in /usr/bin/bash)
==2364==    by 0x1482D9: make_word_list (in /usr/bin/bash)
==2364==    by 0x148AB8: make_simple_command (in /usr/bin/bash)
==2364==    by 0x143516: yyparse (in /usr/bin/bash)
==2364==    by 0x13929A: parse_command (in /usr/bin/bash)
==2364==    by 0x1393A6: read_command (in /usr/bin/bash)
==2364==    by 0x1395C9: reader_loop (in /usr/bin/bash)
==2364==    by 0x137EF8: main (in /usr/bin/bash)
==2364== 
==2364== 16 bytes in 1 blocks are still reachable in loss record 133 of 304
==2364==    at 0x483B7F3: malloc (in /usr/lib/x86_64-linux-gnu/valgrind/vgpreload_memcheck-amd64-linux.so)
==2364==    by 0x1984F3: xmalloc (in /usr/bin/bash)
==2364==    by 0x148045: alloc_word_desc (in /usr/bin/bash)
==2364==    by 0x148072: make_bare_word (in /usr/bin/bash)
==2364==    by 0x15C2F5: copy_word_list (in /usr/bin/bash)
==2364==    by 0x17A74F: ??? (in /usr/bin/bash)
==2364==    by 0x14FB29: execute_command_internal (in /usr/bin/bash)
==2364==    by 0x1519D9: execute_command (in /usr/bin/bash)
==2364==    by 0x139664: reader_loop (in /usr/bin/bash)
==2364==    by 0x137EF8: main (in /usr/bin/bash)
==2364== 
==2364== 16 bytes in 1 blocks are still reachable in loss record 134 of 304
==2364==    at 0x483B7F3: malloc (in /usr/lib/x86_64-linux-gnu/valgrind/vgpreload_memcheck-amd64-linux.so)
==2364==    by 0x1984F3: xmalloc (in /usr/bin/bash)
==2364==    by 0x1482D9: make_word_list (in /usr/bin/bash)
==2364==    by 0x15C305: copy_word_list (in /usr/bin/bash)
==2364==    by 0x17A74F: ??? (in /usr/bin/bash)
==2364==    by 0x14FB29: execute_command_internal (in /usr/bin/bash)
==2364==    by 0x1519D9: execute_command (in /usr/bin/bash)
==2364==    by 0x139664: reader_loop (in /usr/bin/bash)
==2364==    by 0x137EF8: main (in /usr/bin/bash)
==2364== 
==2364== 16 bytes in 1 blocks are still reachable in loss record 135 of 304
==2364==    at 0x483B7F3: malloc (in /usr/lib/x86_64-linux-gnu/valgrind/vgpreload_memcheck-amd64-linux.so)
==2364==    by 0x1984F3: xmalloc (in /usr/bin/bash)
==2364==    by 0x148045: alloc_word_desc (in /usr/bin/bash)
==2364==    by 0x148072: make_bare_word (in /usr/bin/bash)
==2364==    by 0x15C2C4: copy_word_list (in /usr/bin/bash)
==2364==    by 0x17A74F: ??? (in /usr/bin/bash)
==2364==    by 0x14FB29: execute_command_internal (in /usr/bin/bash)
==2364==    by 0x1519D9: execute_command (in /usr/bin/bash)
==2364==    by 0x139664: reader_loop (in /usr/bin/bash)
==2364==    by 0x137EF8: main (in /usr/bin/bash)
==2364== 
==2364== 16 bytes in 1 blocks are still reachable in loss record 136 of 304
==2364==    at 0x483B7F3: malloc (in /usr/lib/x86_64-linux-gnu/valgrind/vgpreload_memcheck-amd64-linux.so)
==2364==    by 0x1984F3: xmalloc (in /usr/bin/bash)
==2364==    by 0x1482D9: make_word_list (in /usr/bin/bash)
==2364==    by 0x15C2D4: copy_word_list (in /usr/bin/bash)
==2364==    by 0x17A74F: ??? (in /usr/bin/bash)
==2364==    by 0x14FB29: execute_command_internal (in /usr/bin/bash)
==2364==    by 0x1519D9: execute_command (in /usr/bin/bash)
==2364==    by 0x139664: reader_loop (in /usr/bin/bash)
==2364==    by 0x137EF8: main (in /usr/bin/bash)
==2364== 
==2364== 16 bytes in 1 blocks are still reachable in loss record 137 of 304
==2364==    at 0x483B7F3: malloc (in /usr/lib/x86_64-linux-gnu/valgrind/vgpreload_memcheck-amd64-linux.so)
==2364==    by 0x1984F3: xmalloc (in /usr/bin/bash)
==2364==    by 0x148045: alloc_word_desc (in /usr/bin/bash)
==2364==    by 0x176AFB: ??? (in /usr/bin/bash)
==2364==    by 0x17A90E: ??? (in /usr/bin/bash)
==2364==    by 0x14FB29: execute_command_internal (in /usr/bin/bash)
==2364==    by 0x1519D9: execute_command (in /usr/bin/bash)
==2364==    by 0x139664: reader_loop (in /usr/bin/bash)
==2364==    by 0x137EF8: main (in /usr/bin/bash)
==2364== 
==2364== 16 bytes in 1 blocks are still reachable in loss record 138 of 304
==2364==    at 0x483B7F3: malloc (in /usr/lib/x86_64-linux-gnu/valgrind/vgpreload_memcheck-amd64-linux.so)
==2364==    by 0x1984F3: xmalloc (in /usr/bin/bash)
==2364==    by 0x1482D9: make_word_list (in /usr/bin/bash)
==2364==    by 0x176BD0: ??? (in /usr/bin/bash)
==2364==    by 0x17A90E: ??? (in /usr/bin/bash)
==2364==    by 0x14FB29: execute_command_internal (in /usr/bin/bash)
==2364==    by 0x1519D9: execute_command (in /usr/bin/bash)
==2364==    by 0x139664: reader_loop (in /usr/bin/bash)
==2364==    by 0x137EF8: main (in /usr/bin/bash)
==2364== 
==2364== 16 bytes in 1 blocks are still reachable in loss record 139 of 304
==2364==    at 0x483B7F3: malloc (in /usr/lib/x86_64-linux-gnu/valgrind/vgpreload_memcheck-amd64-linux.so)
==2364==    by 0x1984F3: xmalloc (in /usr/bin/bash)
==2364==    by 0x148045: alloc_word_desc (in /usr/bin/bash)
==2364==    by 0x1773AC: ??? (in /usr/bin/bash)
==2364==    by 0x17A90E: ??? (in /usr/bin/bash)
==2364==    by 0x14FB29: execute_command_internal (in /usr/bin/bash)
==2364==    by 0x1519D9: execute_command (in /usr/bin/bash)
==2364==    by 0x139664: reader_loop (in /usr/bin/bash)
==2364==    by 0x137EF8: main (in /usr/bin/bash)
==2364== 
==2364== 16 bytes in 1 blocks are still reachable in loss record 140 of 304
==2364==    at 0x483B7F3: malloc (in /usr/lib/x86_64-linux-gnu/valgrind/vgpreload_memcheck-amd64-linux.so)
==2364==    by 0x1984F3: xmalloc (in /usr/bin/bash)
==2364==    by 0x148045: alloc_word_desc (in /usr/bin/bash)
==2364==    by 0x176AFB: ??? (in /usr/bin/bash)
==2364==    by 0x17742D: ??? (in /usr/bin/bash)
==2364==    by 0x17A90E: ??? (in /usr/bin/bash)
==2364==    by 0x14FB29: execute_command_internal (in /usr/bin/bash)
==2364==    by 0x1519D9: execute_command (in /usr/bin/bash)
==2364==    by 0x139664: reader_loop (in /usr/bin/bash)
==2364==    by 0x137EF8: main (in /usr/bin/bash)
==2364== 
==2364== 16 bytes in 1 blocks are still reachable in loss record 141 of 304
==2364==    at 0x483B7F3: malloc (in /usr/lib/x86_64-linux-gnu/valgrind/vgpreload_memcheck-amd64-linux.so)
==2364==    by 0x1984F3: xmalloc (in /usr/bin/bash)
==2364==    by 0x1482D9: make_word_list (in /usr/bin/bash)
==2364==    by 0x176BD0: ??? (in /usr/bin/bash)
==2364==    by 0x17742D: ??? (in /usr/bin/bash)
==2364==    by 0x17A90E: ??? (in /usr/bin/bash)
==2364==    by 0x14FB29: execute_command_internal (in /usr/bin/bash)
==2364==    by 0x1519D9: execute_command (in /usr/bin/bash)
==2364==    by 0x139664: reader_loop (in /usr/bin/bash)
==2364==    by 0x137EF8: main (in /usr/bin/bash)
==2364== 
==2364== 16 bytes in 1 blocks are still reachable in loss record 142 of 304
==2364==    at 0x483B7F3: malloc (in /usr/lib/x86_64-linux-gnu/valgrind/vgpreload_memcheck-amd64-linux.so)
==2364==    by 0x1984F3: xmalloc (in /usr/bin/bash)
==2364==    by 0x1482D9: make_word_list (in /usr/bin/bash)
==2364==    by 0x16F007: list_string (in /usr/bin/bash)
==2364==    by 0x1719CE: ??? (in /usr/bin/bash)
==2364==    by 0x17ABAC: ??? (in /usr/bin/bash)
==2364==    by 0x14FB29: execute_command_internal (in /usr/bin/bash)
==2364==    by 0x1519D9: execute_command (in /usr/bin/bash)
==2364==    by 0x139664: reader_loop (in /usr/bin/bash)
==2364==    by 0x137EF8: main (in /usr/bin/bash)
==2364== 
==2364== 17 bytes in 1 blocks are still reachable in loss record 143 of 304
==2364==    at 0x483DFAF: realloc (in /usr/lib/x86_64-linux-gnu/valgrind/vgpreload_memcheck-amd64-linux.so)
==2364==    by 0x4994297: getcwd (getcwd.c:84)
==2364==    by 0x19ADCC: get_working_directory (in /usr/bin/bash)
==2364==    by 0x15942E: set_pwd (in /usr/bin/bash)
==2364==    by 0x15AAEE: initialize_shell_variables (in /usr/bin/bash)
==2364==    by 0x138DC9: ??? (in /usr/bin/bash)
==2364==    by 0x137544: main (in /usr/bin/bash)
==2364== 
==2364== 17 bytes in 1 blocks are still reachable in loss record 144 of 304
==2364==    at 0x483B7F3: malloc (in /usr/lib/x86_64-linux-gnu/valgrind/vgpreload_memcheck-amd64-linux.so)
==2364==    by 0x1984F3: xmalloc (in /usr/bin/bash)
==2364==    by 0x156DA1: make_variable_value (in /usr/bin/bash)
==2364==    by 0x15806D: ??? (in /usr/bin/bash)
==2364==    by 0x159447: set_pwd (in /usr/bin/bash)
==2364==    by 0x15AAEE: initialize_shell_variables (in /usr/bin/bash)
==2364==    by 0x138DC9: ??? (in /usr/bin/bash)
==2364==    by 0x137544: main (in /usr/bin/bash)
==2364== 
==2364== 18 bytes in 1 blocks are still reachable in loss record 145 of 304
==2364==    at 0x483B7F3: malloc (in /usr/lib/x86_64-linux-gnu/valgrind/vgpreload_memcheck-amd64-linux.so)
==2364==    by 0x1984F3: xmalloc (in /usr/bin/bash)
==2364==    by 0x156DA1: make_variable_value (in /usr/bin/bash)
==2364==    by 0x15806D: ??? (in /usr/bin/bash)
==2364==    by 0x15AECB: initialize_shell_variables (in /usr/bin/bash)
==2364==    by 0x138DC9: ??? (in /usr/bin/bash)
==2364==    by 0x137544: main (in /usr/bin/bash)
==2364== 
==2364== 20 bytes in 1 blocks are still reachable in loss record 146 of 304
==2364==    at 0x483B7F3: malloc (in /usr/lib/x86_64-linux-gnu/valgrind/vgpreload_memcheck-amd64-linux.so)
==2364==    by 0x1984F3: xmalloc (in /usr/bin/bash)
==2364==    by 0x156DA1: make_variable_value (in /usr/bin/bash)
==2364==    by 0x15806D: ??? (in /usr/bin/bash)
==2364==    by 0x15ABBB: initialize_shell_variables (in /usr/bin/bash)
==2364==    by 0x138DC9: ??? (in /usr/bin/bash)
==2364==    by 0x137544: main (in /usr/bin/bash)
==2364== 
==2364== 20 bytes in 1 blocks are still reachable in loss record 147 of 304
==2364==    at 0x483B7F3: malloc (in /usr/lib/x86_64-linux-gnu/valgrind/vgpreload_memcheck-amd64-linux.so)
==2364==    by 0x1984F3: xmalloc (in /usr/bin/bash)
==2364==    by 0x183473: array_create_element (in /usr/bin/bash)
==2364==    by 0x183987: array_insert (in /usr/bin/bash)
==2364==    by 0x15AFA9: initialize_shell_variables (in /usr/bin/bash)
==2364==    by 0x138DC9: ??? (in /usr/bin/bash)
==2364==    by 0x137544: main (in /usr/bin/bash)
==2364== 
==2364== 24 bytes in 1 blocks are still reachable in loss record 148 of 304
==2364==    at 0x483B7F3: malloc (in /usr/lib/x86_64-linux-gnu/valgrind/vgpreload_memcheck-amd64-linux.so)
==2364==    by 0x1984F3: xmalloc (in /usr/bin/bash)
==2364==    by 0x14787D: tilde_initialize (in /usr/bin/bash)
==2364==    by 0x138DA5: ??? (in /usr/bin/bash)
==2364==    by 0x137544: main (in /usr/bin/bash)
==2364== 
==2364== 24 bytes in 1 blocks are still reachable in loss record 149 of 304
==2364==    at 0x483B7F3: malloc (in /usr/lib/x86_64-linux-gnu/valgrind/vgpreload_memcheck-amd64-linux.so)
==2364==    by 0x1984F3: xmalloc (in /usr/bin/bash)
==2364==    by 0x1478CE: tilde_initialize (in /usr/bin/bash)
==2364==    by 0x138DA5: ??? (in /usr/bin/bash)
==2364==    by 0x137544: main (in /usr/bin/bash)
==2364== 
==2364== 29 bytes in 2 blocks are still reachable in loss record 150 of 304
==2364==    at 0x483B7F3: malloc (in /usr/lib/x86_64-linux-gnu/valgrind/vgpreload_memcheck-amd64-linux.so)
==2364==    by 0x1984F3: xmalloc (in /usr/bin/bash)
==2364==    by 0x1556F3: ??? (in /usr/bin/bash)
==2364==    by 0x159B3E: ??? (in /usr/bin/bash)
==2364==    by 0x191D94: ??? (in /usr/bin/bash)
==2364==    by 0x192108: set_locale_var (in /usr/bin/bash)
==2364==    by 0x192302: set_default_lang (in /usr/bin/bash)
==2364==    by 0x137549: main (in /usr/bin/bash)
==2364== 
==2364== 29 bytes in 2 blocks are still reachable in loss record 151 of 304
==2364==    at 0x483B7F3: malloc (in /usr/lib/x86_64-linux-gnu/valgrind/vgpreload_memcheck-amd64-linux.so)
==2364==    by 0x1984F3: xmalloc (in /usr/bin/bash)
==2364==    by 0x1555B6: ??? (in /usr/bin/bash)
==2364==    by 0x159B3E: ??? (in /usr/bin/bash)
==2364==    by 0x191D94: ??? (in /usr/bin/bash)
==2364==    by 0x192108: set_locale_var (in /usr/bin/bash)
==2364==    by 0x192302: set_default_lang (in /usr/bin/bash)
==2364==    by 0x137549: main (in /usr/bin/bash)
==2364== 
==2364== 31 bytes in 1 blocks are still reachable in loss record 152 of 304
==2364==    at 0x483B7F3: malloc (in /usr/lib/x86_64-linux-gnu/valgrind/vgpreload_memcheck-amd64-linux.so)
==2364==    by 0x1984F3: xmalloc (in /usr/bin/bash)
==2364==    by 0x13816C: main (in /usr/bin/bash)
==2364== 
==2364== 31 bytes in 1 blocks are still reachable in loss record 153 of 304
==2364==    at 0x483B7F3: malloc (in /usr/lib/x86_64-linux-gnu/valgrind/vgpreload_memcheck-amd64-linux.so)
==2364==    by 0x1984F3: xmalloc (in /usr/bin/bash)
==2364==    by 0x183473: array_create_element (in /usr/bin/bash)
==2364==    by 0x18367F: ??? (in /usr/bin/bash)
==2364==    by 0x137C8C: main (in /usr/bin/bash)
==2364== 
==2364== 31 bytes in 1 blocks are still reachable in loss record 154 of 304
==2364==    at 0x483B7F3: malloc (in /usr/lib/x86_64-linux-gnu/valgrind/vgpreload_memcheck-amd64-linux.so)
==2364==    by 0x1984F3: xmalloc (in /usr/bin/bash)
==2364==    by 0x13A626: init_yy_io (in /usr/bin/bash)
==2364==    by 0x137DC4: main (in /usr/bin/bash)
==2364== 
==2364== 32 bytes in 1 blocks are still reachable in loss record 155 of 304
==2364==    at 0x483B7F3: malloc (in /usr/lib/x86_64-linux-gnu/valgrind/vgpreload_memcheck-amd64-linux.so)
==2364==    by 0x1984F3: xmalloc (in /usr/bin/bash)
==2364==    by 0x17BBFB: hash_insert (in /usr/bin/bash)
==2364==    by 0x158008: ??? (in /usr/bin/bash)
==2364==    by 0x15805C: ??? (in /usr/bin/bash)
==2364==    by 0x159447: set_pwd (in /usr/bin/bash)
==2364==    by 0x15AAEE: initialize_shell_variables (in /usr/bin/bash)
==2364==    by 0x138DC9: ??? (in /usr/bin/bash)
==2364==    by 0x137544: main (in /usr/bin/bash)
==2364== 
==2364== 32 bytes in 1 blocks are still reachable in loss record 156 of 304
==2364==    at 0x483B7F3: malloc (in /usr/lib/x86_64-linux-gnu/valgrind/vgpreload_memcheck-amd64-linux.so)
==2364==    by 0x1984F3: xmalloc (in /usr/bin/bash)
==2364==    by 0x17BBFB: hash_insert (in /usr/bin/bash)
==2364==    by 0x158008: ??? (in /usr/bin/bash)
==2364==    by 0x15805C: ??? (in /usr/bin/bash)
==2364==    by 0x159490: set_pwd (in /usr/bin/bash)
==2364==    by 0x15AAEE: initialize_shell_variables (in /usr/bin/bash)
==2364==    by 0x138DC9: ??? (in /usr/bin/bash)
==2364==    by 0x137544: main (in /usr/bin/bash)
==2364== 
==2364== 32 bytes in 1 blocks are still reachable in loss record 157 of 304
==2364==    at 0x483B7F3: malloc (in /usr/lib/x86_64-linux-gnu/valgrind/vgpreload_memcheck-amd64-linux.so)
==2364==    by 0x1984F3: xmalloc (in /usr/bin/bash)
==2364==    by 0x17BBFB: hash_insert (in /usr/bin/bash)
==2364==    by 0x158008: ??? (in /usr/bin/bash)
==2364==    by 0x15805C: ??? (in /usr/bin/bash)
==2364==    by 0x15AB01: initialize_shell_variables (in /usr/bin/bash)
==2364==    by 0x138DC9: ??? (in /usr/bin/bash)
==2364==    by 0x137544: main (in /usr/bin/bash)
==2364== 
==2364== 32 bytes in 1 blocks are still reachable in loss record 158 of 304
==2364==    at 0x483B7F3: malloc (in /usr/lib/x86_64-linux-gnu/valgrind/vgpreload_memcheck-amd64-linux.so)
==2364==    by 0x1984F3: xmalloc (in /usr/bin/bash)
==2364==    by 0x17BBFB: hash_insert (in /usr/bin/bash)
==2364==    by 0x158008: ??? (in /usr/bin/bash)
==2364==    by 0x15805C: ??? (in /usr/bin/bash)
==2364==    by 0x15AB1F: initialize_shell_variables (in /usr/bin/bash)
==2364==    by 0x138DC9: ??? (in /usr/bin/bash)
==2364==    by 0x137544: main (in /usr/bin/bash)
==2364== 
==2364== 32 bytes in 1 blocks are still reachable in loss record 159 of 304
==2364==    at 0x483B7F3: malloc (in /usr/lib/x86_64-linux-gnu/valgrind/vgpreload_memcheck-amd64-linux.so)
==2364==    by 0x1984F3: xmalloc (in /usr/bin/bash)
==2364==    by 0x17BBFB: hash_insert (in /usr/bin/bash)
==2364==    by 0x158008: ??? (in /usr/bin/bash)
==2364==    by 0x15805C: ??? (in /usr/bin/bash)
==2364==    by 0x15AB32: initialize_shell_variables (in /usr/bin/bash)
==2364==    by 0x138DC9: ??? (in /usr/bin/bash)
==2364==    by 0x137544: main (in /usr/bin/bash)
==2364== 
==2364== 32 bytes in 1 blocks are still reachable in loss record 160 of 304
==2364==    at 0x483B7F3: malloc (in /usr/lib/x86_64-linux-gnu/valgrind/vgpreload_memcheck-amd64-linux.so)
==2364==    by 0x1984F3: xmalloc (in /usr/bin/bash)
==2364==    by 0x17BBFB: hash_insert (in /usr/bin/bash)
==2364==    by 0x158008: ??? (in /usr/bin/bash)
==2364==    by 0x15805C: ??? (in /usr/bin/bash)
==2364==    by 0x15AB65: initialize_shell_variables (in /usr/bin/bash)
==2364==    by 0x138DC9: ??? (in /usr/bin/bash)
==2364==    by 0x137544: main (in /usr/bin/bash)
==2364== 
==2364== 32 bytes in 1 blocks are still reachable in loss record 161 of 304
==2364==    at 0x483B7F3: malloc (in /usr/lib/x86_64-linux-gnu/valgrind/vgpreload_memcheck-amd64-linux.so)
==2364==    by 0x1984F3: xmalloc (in /usr/bin/bash)
==2364==    by 0x17BBFB: hash_insert (in /usr/bin/bash)
==2364==    by 0x158008: ??? (in /usr/bin/bash)
==2364==    by 0x15805C: ??? (in /usr/bin/bash)
==2364==    by 0x15AB7A: initialize_shell_variables (in /usr/bin/bash)
==2364==    by 0x138DC9: ??? (in /usr/bin/bash)
==2364==    by 0x137544: main (in /usr/bin/bash)
==2364== 
==2364== 32 bytes in 1 blocks are still reachable in loss record 162 of 304
==2364==    at 0x483B7F3: malloc (in /usr/lib/x86_64-linux-gnu/valgrind/vgpreload_memcheck-amd64-linux.so)
==2364==    by 0x1984F3: xmalloc (in /usr/bin/bash)
==2364==    by 0x17BBFB: hash_insert (in /usr/bin/bash)
==2364==    by 0x158008: ??? (in /usr/bin/bash)
==2364==    by 0x15805C: ??? (in /usr/bin/bash)
==2364==    by 0x15AB95: initialize_shell_variables (in /usr/bin/bash)
==2364==    by 0x138DC9: ??? (in /usr/bin/bash)
==2364==    by 0x137544: main (in /usr/bin/bash)
==2364== 
==2364== 32 bytes in 1 blocks are still reachable in loss record 163 of 304
==2364==    at 0x483B7F3: malloc (in /usr/lib/x86_64-linux-gnu/valgrind/vgpreload_memcheck-amd64-linux.so)
==2364==    by 0x1984F3: xmalloc (in /usr/bin/bash)
==2364==    by 0x17BBFB: hash_insert (in /usr/bin/bash)
==2364==    by 0x158008: ??? (in /usr/bin/bash)
==2364==    by 0x15805C: ??? (in /usr/bin/bash)
==2364==    by 0x15ABA8: initialize_shell_variables (in /usr/bin/bash)
==2364==    by 0x138DC9: ??? (in /usr/bin/bash)
==2364==    by 0x137544: main (in /usr/bin/bash)
==2364== 
==2364== 32 bytes in 1 blocks are still reachable in loss record 164 of 304
==2364==    at 0x483B7F3: malloc (in /usr/lib/x86_64-linux-gnu/valgrind/vgpreload_memcheck-amd64-linux.so)
==2364==    by 0x1984F3: xmalloc (in /usr/bin/bash)
==2364==    by 0x17BBFB: hash_insert (in /usr/bin/bash)
==2364==    by 0x158008: ??? (in /usr/bin/bash)
==2364==    by 0x15805C: ??? (in /usr/bin/bash)
==2364==    by 0x15ABBB: initialize_shell_variables (in /usr/bin/bash)
==2364==    by 0x138DC9: ??? (in /usr/bin/bash)
==2364==    by 0x137544: main (in /usr/bin/bash)
==2364== 
==2364== 32 bytes in 1 blocks are still reachable in loss record 165 of 304
==2364==    at 0x483B7F3: malloc (in /usr/lib/x86_64-linux-gnu/valgrind/vgpreload_memcheck-amd64-linux.so)
==2364==    by 0x1984F3: xmalloc (in /usr/bin/bash)
==2364==    by 0x17BBFB: hash_insert (in /usr/bin/bash)
==2364==    by 0x158008: ??? (in /usr/bin/bash)
==2364==    by 0x15805C: ??? (in /usr/bin/bash)
==2364==    by 0x15ABCE: initialize_shell_variables (in /usr/bin/bash)
==2364==    by 0x138DC9: ??? (in /usr/bin/bash)
==2364==    by 0x137544: main (in /usr/bin/bash)
==2364== 
==2364== 32 bytes in 1 blocks are still reachable in loss record 166 of 304
==2364==    at 0x483B7F3: malloc (in /usr/lib/x86_64-linux-gnu/valgrind/vgpreload_memcheck-amd64-linux.so)
==2364==    by 0x1984F3: xmalloc (in /usr/bin/bash)
==2364==    by 0x17BBFB: hash_insert (in /usr/bin/bash)
==2364==    by 0x158008: ??? (in /usr/bin/bash)
==2364==    by 0x15805C: ??? (in /usr/bin/bash)
==2364==    by 0x15929E: adjust_shell_level (in /usr/bin/bash)
==2364==    by 0x15AC10: initialize_shell_variables (in /usr/bin/bash)
==2364==    by 0x138DC9: ??? (in /usr/bin/bash)
==2364==    by 0x137544: main (in /usr/bin/bash)
==2364== 
==2364== 32 bytes in 1 blocks are still reachable in loss record 167 of 304
==2364==    at 0x483B7F3: malloc (in /usr/lib/x86_64-linux-gnu/valgrind/vgpreload_memcheck-amd64-linux.so)
==2364==    by 0x1984F3: xmalloc (in /usr/bin/bash)
==2364==    by 0x17BBFB: hash_insert (in /usr/bin/bash)
==2364==    by 0x158008: ??? (in /usr/bin/bash)
==2364==    by 0x15805C: ??? (in /usr/bin/bash)
==2364==    by 0x159628: set_ppid (in /usr/bin/bash)
==2364==    by 0x15AC15: initialize_shell_variables (in /usr/bin/bash)
==2364==    by 0x138DC9: ??? (in /usr/bin/bash)
==2364==    by 0x137544: main (in /usr/bin/bash)
==2364== 
==2364== 32 bytes in 1 blocks are still reachable in loss record 168 of 304
==2364==    at 0x483B7F3: malloc (in /usr/lib/x86_64-linux-gnu/valgrind/vgpreload_memcheck-amd64-linux.so)
==2364==    by 0x1984F3: xmalloc (in /usr/bin/bash)
==2364==    by 0x17BBFB: hash_insert (in /usr/bin/bash)
==2364==    by 0x158008: ??? (in /usr/bin/bash)
==2364==    by 0x15805C: ??? (in /usr/bin/bash)
==2364==    by 0x15AC2A: initialize_shell_variables (in /usr/bin/bash)
==2364==    by 0x138DC9: ??? (in /usr/bin/bash)
==2364==    by 0x137544: main (in /usr/bin/bash)
==2364== 
==2364== 32 bytes in 1 blocks are still reachable in loss record 169 of 304
==2364==    at 0x483B7F3: malloc (in /usr/lib/x86_64-linux-gnu/valgrind/vgpreload_memcheck-amd64-linux.so)
==2364==    by 0x1984F3: xmalloc (in /usr/bin/bash)
==2364==    by 0x17BBFB: hash_insert (in /usr/bin/bash)
==2364==    by 0x158008: ??? (in /usr/bin/bash)
==2364==    by 0x15805C: ??? (in /usr/bin/bash)
==2364==    by 0x15AC4A: initialize_shell_variables (in /usr/bin/bash)
==2364==    by 0x138DC9: ??? (in /usr/bin/bash)
==2364==    by 0x137544: main (in /usr/bin/bash)
==2364== 
==2364== 32 bytes in 1 blocks are still reachable in loss record 170 of 304
==2364==    at 0x483B7F3: malloc (in /usr/lib/x86_64-linux-gnu/valgrind/vgpreload_memcheck-amd64-linux.so)
==2364==    by 0x1984F3: xmalloc (in /usr/bin/bash)
==2364==    by 0x17BBFB: hash_insert (in /usr/bin/bash)
==2364==    by 0x158008: ??? (in /usr/bin/bash)
==2364==    by 0x15805C: ??? (in /usr/bin/bash)
==2364==    by 0x15AE90: initialize_shell_variables (in /usr/bin/bash)
==2364==    by 0x138DC9: ??? (in /usr/bin/bash)
==2364==    by 0x137544: main (in /usr/bin/bash)
==2364== 
==2364== 32 bytes in 1 blocks are still reachable in loss record 171 of 304
==2364==    at 0x483B7F3: malloc (in /usr/lib/x86_64-linux-gnu/valgrind/vgpreload_memcheck-amd64-linux.so)
==2364==    by 0x1984F3: xmalloc (in /usr/bin/bash)
==2364==    by 0x17BBFB: hash_insert (in /usr/bin/bash)
==2364==    by 0x158008: ??? (in /usr/bin/bash)
==2364==    by 0x15805C: ??? (in /usr/bin/bash)
==2364==    by 0x15B635: initialize_shell_variables (in /usr/bin/bash)
==2364==    by 0x138DC9: ??? (in /usr/bin/bash)
==2364==    by 0x137544: main (in /usr/bin/bash)
==2364== 
==2364== 32 bytes in 1 blocks are still reachable in loss record 172 of 304
==2364==    at 0x483B7F3: malloc (in /usr/lib/x86_64-linux-gnu/valgrind/vgpreload_memcheck-amd64-linux.so)
==2364==    by 0x1984F3: xmalloc (in /usr/bin/bash)
==2364==    by 0x17BBFB: hash_insert (in /usr/bin/bash)
==2364==    by 0x158008: ??? (in /usr/bin/bash)
==2364==    by 0x15805C: ??? (in /usr/bin/bash)
==2364==    by 0x15AECB: initialize_shell_variables (in /usr/bin/bash)
==2364==    by 0x138DC9: ??? (in /usr/bin/bash)
==2364==    by 0x137544: main (in /usr/bin/bash)
==2364== 
==2364== 32 bytes in 1 blocks are still reachable in loss record 173 of 304
==2364==    at 0x483B7F3: malloc (in /usr/lib/x86_64-linux-gnu/valgrind/vgpreload_memcheck-amd64-linux.so)
==2364==    by 0x1984F3: xmalloc (in /usr/bin/bash)
==2364==    by 0x17BBFB: hash_insert (in /usr/bin/bash)
==2364==    by 0x158008: ??? (in /usr/bin/bash)
==2364==    by 0x158D55: make_new_array_variable (in /usr/bin/bash)
==2364==    by 0x15AEE3: initialize_shell_variables (in /usr/bin/bash)
==2364==    by 0x138DC9: ??? (in /usr/bin/bash)
==2364==    by 0x137544: main (in /usr/bin/bash)
==2364== 
==2364== 32 bytes in 1 blocks are still reachable in loss record 174 of 304
==2364==    at 0x483B7F3: malloc (in /usr/lib/x86_64-linux-gnu/valgrind/vgpreload_memcheck-amd64-linux.so)
==2364==    by 0x1984F3: xmalloc (in /usr/bin/bash)
==2364==    by 0x183457: array_create_element (in /usr/bin/bash)
==2364==    by 0x1834ED: array_create (in /usr/bin/bash)
==2364==    by 0x158D5D: make_new_array_variable (in /usr/bin/bash)
==2364==    by 0x15AEE3: initialize_shell_variables (in /usr/bin/bash)
==2364==    by 0x138DC9: ??? (in /usr/bin/bash)
==2364==    by 0x137544: main (in /usr/bin/bash)
==2364== 
==2364== 32 bytes in 1 blocks are still reachable in loss record 175 of 304
==2364==    at 0x483B7F3: malloc (in /usr/lib/x86_64-linux-gnu/valgrind/vgpreload_memcheck-amd64-linux.so)
==2364==    by 0x1984F3: xmalloc (in /usr/bin/bash)
==2364==    by 0x183457: array_create_element (in /usr/bin/bash)
==2364==    by 0x183987: array_insert (in /usr/bin/bash)
==2364==    by 0x15AF24: initialize_shell_variables (in /usr/bin/bash)
==2364==    by 0x138DC9: ??? (in /usr/bin/bash)
==2364==    by 0x137544: main (in /usr/bin/bash)
==2364== 
==2364== 32 bytes in 1 blocks are still reachable in loss record 176 of 304
==2364==    at 0x483B7F3: malloc (in /usr/lib/x86_64-linux-gnu/valgrind/vgpreload_memcheck-amd64-linux.so)
==2364==    by 0x1984F3: xmalloc (in /usr/bin/bash)
==2364==    by 0x183457: array_create_element (in /usr/bin/bash)
==2364==    by 0x183987: array_insert (in /usr/bin/bash)
==2364==    by 0x15AF34: initialize_shell_variables (in /usr/bin/bash)
==2364==    by 0x138DC9: ??? (in /usr/bin/bash)
==2364==    by 0x137544: main (in /usr/bin/bash)
==2364== 
==2364== 32 bytes in 1 blocks are still reachable in loss record 177 of 304
==2364==    at 0x483B7F3: malloc (in /usr/lib/x86_64-linux-gnu/valgrind/vgpreload_memcheck-amd64-linux.so)
==2364==    by 0x1984F3: xmalloc (in /usr/bin/bash)
==2364==    by 0x183457: array_create_element (in /usr/bin/bash)
==2364==    by 0x183987: array_insert (in /usr/bin/bash)
==2364==    by 0x15AF5D: initialize_shell_variables (in /usr/bin/bash)
==2364==    by 0x138DC9: ??? (in /usr/bin/bash)
==2364==    by 0x137544: main (in /usr/bin/bash)
==2364== 
==2364== 32 bytes in 1 blocks are still reachable in loss record 178 of 304
==2364==    at 0x483B7F3: malloc (in /usr/lib/x86_64-linux-gnu/valgrind/vgpreload_memcheck-amd64-linux.so)
==2364==    by 0x1984F3: xmalloc (in /usr/bin/bash)
==2364==    by 0x183457: array_create_element (in /usr/bin/bash)
==2364==    by 0x183987: array_insert (in /usr/bin/bash)
==2364==    by 0x15AF81: initialize_shell_variables (in /usr/bin/bash)
==2364==    by 0x138DC9: ??? (in /usr/bin/bash)
==2364==    by 0x137544: main (in /usr/bin/bash)
==2364== 
==2364== 32 bytes in 1 blocks are still reachable in loss record 179 of 304
==2364==    at 0x483B7F3: malloc (in /usr/lib/x86_64-linux-gnu/valgrind/vgpreload_memcheck-amd64-linux.so)
==2364==    by 0x1984F3: xmalloc (in /usr/bin/bash)
==2364==    by 0x183457: array_create_element (in /usr/bin/bash)
==2364==    by 0x183987: array_insert (in /usr/bin/bash)
==2364==    by 0x15AF95: initialize_shell_variables (in /usr/bin/bash)
==2364==    by 0x138DC9: ??? (in /usr/bin/bash)
==2364==    by 0x137544: main (in /usr/bin/bash)
==2364== 
==2364== 32 bytes in 1 blocks are still reachable in loss record 180 of 304
==2364==    at 0x483B7F3: malloc (in /usr/lib/x86_64-linux-gnu/valgrind/vgpreload_memcheck-amd64-linux.so)
==2364==    by 0x1984F3: xmalloc (in /usr/bin/bash)
==2364==    by 0x183457: array_create_element (in /usr/bin/bash)
==2364==    by 0x183987: array_insert (in /usr/bin/bash)
==2364==    by 0x15AFA9: initialize_shell_variables (in /usr/bin/bash)
==2364==    by 0x138DC9: ??? (in /usr/bin/bash)
==2364==    by 0x137544: main (in /usr/bin/bash)
==2364== 
==2364== 32 bytes in 1 blocks are still reachable in loss record 181 of 304
==2364==    at 0x483B7F3: malloc (in /usr/lib/x86_64-linux-gnu/valgrind/vgpreload_memcheck-amd64-linux.so)
==2364==    by 0x1984F3: xmalloc (in /usr/bin/bash)
==2364==    by 0x17BBFB: hash_insert (in /usr/bin/bash)
==2364==    by 0x158008: ??? (in /usr/bin/bash)
==2364==    by 0x15805C: ??? (in /usr/bin/bash)
==2364==    by 0x15B7C8: initialize_shell_variables (in /usr/bin/bash)
==2364==    by 0x138DC9: ??? (in /usr/bin/bash)
==2364==    by 0x137544: main (in /usr/bin/bash)
==2364== 
==2364== 32 bytes in 1 blocks are still reachable in loss record 182 of 304
==2364==    at 0x483B7F3: malloc (in /usr/lib/x86_64-linux-gnu/valgrind/vgpreload_memcheck-amd64-linux.so)
==2364==    by 0x1984F3: xmalloc (in /usr/bin/bash)
==2364==    by 0x17BBFB: hash_insert (in /usr/bin/bash)
==2364==    by 0x158008: ??? (in /usr/bin/bash)
==2364==    by 0x15805C: ??? (in /usr/bin/bash)
==2364==    by 0x15B7AE: initialize_shell_variables (in /usr/bin/bash)
==2364==    by 0x138DC9: ??? (in /usr/bin/bash)
==2364==    by 0x137544: main (in /usr/bin/bash)
==2364== 
==2364== 32 bytes in 1 blocks are still reachable in loss record 183 of 304
==2364==    at 0x483B7F3: malloc (in /usr/lib/x86_64-linux-gnu/valgrind/vgpreload_memcheck-amd64-linux.so)
==2364==    by 0x1984F3: xmalloc (in /usr/bin/bash)
==2364==    by 0x17BBFB: hash_insert (in /usr/bin/bash)
==2364==    by 0x158008: ??? (in /usr/bin/bash)
==2364==    by 0x15805C: ??? (in /usr/bin/bash)
==2364==    by 0x15B112: initialize_shell_variables (in /usr/bin/bash)
==2364==    by 0x138DC9: ??? (in /usr/bin/bash)
==2364==    by 0x137544: main (in /usr/bin/bash)
==2364== 
==2364== 32 bytes in 1 blocks are still reachable in loss record 184 of 304
==2364==    at 0x483B7F3: malloc (in /usr/lib/x86_64-linux-gnu/valgrind/vgpreload_memcheck-amd64-linux.so)
==2364==    by 0x1984F3: xmalloc (in /usr/bin/bash)
==2364==    by 0x17BBFB: hash_insert (in /usr/bin/bash)
==2364==    by 0x158008: ??? (in /usr/bin/bash)
==2364==    by 0x15805C: ??? (in /usr/bin/bash)
==2364==    by 0x15B13F: initialize_shell_variables (in /usr/bin/bash)
==2364==    by 0x138DC9: ??? (in /usr/bin/bash)
==2364==    by 0x137544: main (in /usr/bin/bash)
==2364== 
==2364== 32 bytes in 1 blocks are still reachable in loss record 185 of 304
==2364==    at 0x483B7F3: malloc (in /usr/lib/x86_64-linux-gnu/valgrind/vgpreload_memcheck-amd64-linux.so)
==2364==    by 0x1984F3: xmalloc (in /usr/bin/bash)
==2364==    by 0x17BBFB: hash_insert (in /usr/bin/bash)
==2364==    by 0x158008: ??? (in /usr/bin/bash)
==2364==    by 0x15805C: ??? (in /usr/bin/bash)
==2364==    by 0x15B165: initialize_shell_variables (in /usr/bin/bash)
==2364==    by 0x138DC9: ??? (in /usr/bin/bash)
==2364==    by 0x137544: main (in /usr/bin/bash)
==2364== 
==2364== 32 bytes in 1 blocks are still reachable in loss record 186 of 304
==2364==    at 0x483B7F3: malloc (in /usr/lib/x86_64-linux-gnu/valgrind/vgpreload_memcheck-amd64-linux.so)
==2364==    by 0x1984F3: xmalloc (in /usr/bin/bash)
==2364==    by 0x17BBFB: hash_insert (in /usr/bin/bash)
==2364==    by 0x158008: ??? (in /usr/bin/bash)
==2364==    by 0x15805C: ??? (in /usr/bin/bash)
==2364==    by 0x15B188: initialize_shell_variables (in /usr/bin/bash)
==2364==    by 0x138DC9: ??? (in /usr/bin/bash)
==2364==    by 0x137544: main (in /usr/bin/bash)
==2364== 
==2364== 32 bytes in 1 blocks are still reachable in loss record 187 of 304
==2364==    at 0x483B7F3: malloc (in /usr/lib/x86_64-linux-gnu/valgrind/vgpreload_memcheck-amd64-linux.so)
==2364==    by 0x1984F3: xmalloc (in /usr/bin/bash)
==2364==    by 0x17BBFB: hash_insert (in /usr/bin/bash)
==2364==    by 0x158008: ??? (in /usr/bin/bash)
==2364==    by 0x15805C: ??? (in /usr/bin/bash)
==2364==    by 0x15B1AE: initialize_shell_variables (in /usr/bin/bash)
==2364==    by 0x138DC9: ??? (in /usr/bin/bash)
==2364==    by 0x137544: main (in /usr/bin/bash)
==2364== 
==2364== 32 bytes in 1 blocks are still reachable in loss record 188 of 304
==2364==    at 0x483B7F3: malloc (in /usr/lib/x86_64-linux-gnu/valgrind/vgpreload_memcheck-amd64-linux.so)
==2364==    by 0x1984F3: xmalloc (in /usr/bin/bash)
==2364==    by 0x17BBFB: hash_insert (in /usr/bin/bash)
==2364==    by 0x158008: ??? (in /usr/bin/bash)
==2364==    by 0x15805C: ??? (in /usr/bin/bash)
==2364==    by 0x15B1D8: initialize_shell_variables (in /usr/bin/bash)
==2364==    by 0x138DC9: ??? (in /usr/bin/bash)
==2364==    by 0x137544: main (in /usr/bin/bash)
==2364== 
==2364== 32 bytes in 1 blocks are still reachable in loss record 189 of 304
==2364==    at 0x483B7F3: malloc (in /usr/lib/x86_64-linux-gnu/valgrind/vgpreload_memcheck-amd64-linux.so)
==2364==    by 0x1984F3: xmalloc (in /usr/bin/bash)
==2364==    by 0x17BBFB: hash_insert (in /usr/bin/bash)
==2364==    by 0x158008: ??? (in /usr/bin/bash)
==2364==    by 0x15805C: ??? (in /usr/bin/bash)
==2364==    by 0x15B205: initialize_shell_variables (in /usr/bin/bash)
==2364==    by 0x138DC9: ??? (in /usr/bin/bash)
==2364==    by 0x137544: main (in /usr/bin/bash)
==2364== 
==2364== 32 bytes in 1 blocks are still reachable in loss record 190 of 304
==2364==    at 0x483B7F3: malloc (in /usr/lib/x86_64-linux-gnu/valgrind/vgpreload_memcheck-amd64-linux.so)
==2364==    by 0x1984F3: xmalloc (in /usr/bin/bash)
==2364==    by 0x17BBFB: hash_insert (in /usr/bin/bash)
==2364==    by 0x158008: ??? (in /usr/bin/bash)
==2364==    by 0x15805C: ??? (in /usr/bin/bash)
==2364==    by 0x15B228: initialize_shell_variables (in /usr/bin/bash)
==2364==    by 0x138DC9: ??? (in /usr/bin/bash)
==2364==    by 0x137544: main (in /usr/bin/bash)
==2364== 
==2364== 32 bytes in 1 blocks are still reachable in loss record 191 of 304
==2364==    at 0x483B7F3: malloc (in /usr/lib/x86_64-linux-gnu/valgrind/vgpreload_memcheck-amd64-linux.so)
==2364==    by 0x1984F3: xmalloc (in /usr/bin/bash)
==2364==    by 0x17BBFB: hash_insert (in /usr/bin/bash)
==2364==    by 0x158008: ??? (in /usr/bin/bash)
==2364==    by 0x15805C: ??? (in /usr/bin/bash)
==2364==    by 0x15B24E: initialize_shell_variables (in /usr/bin/bash)
==2364==    by 0x138DC9: ??? (in /usr/bin/bash)
==2364==    by 0x137544: main (in /usr/bin/bash)
==2364== 
==2364== 32 bytes in 1 blocks are still reachable in loss record 192 of 304
==2364==    at 0x483B7F3: malloc (in /usr/lib/x86_64-linux-gnu/valgrind/vgpreload_memcheck-amd64-linux.so)
==2364==    by 0x1984F3: xmalloc (in /usr/bin/bash)
==2364==    by 0x17BBFB: hash_insert (in /usr/bin/bash)
==2364==    by 0x158008: ??? (in /usr/bin/bash)
==2364==    by 0x15805C: ??? (in /usr/bin/bash)
==2364==    by 0x15B27B: initialize_shell_variables (in /usr/bin/bash)
==2364==    by 0x138DC9: ??? (in /usr/bin/bash)
==2364==    by 0x137544: main (in /usr/bin/bash)
==2364== 
==2364== 32 bytes in 1 blocks are still reachable in loss record 193 of 304
==2364==    at 0x483B7F3: malloc (in /usr/lib/x86_64-linux-gnu/valgrind/vgpreload_memcheck-amd64-linux.so)
==2364==    by 0x1984F3: xmalloc (in /usr/bin/bash)
==2364==    by 0x17BBFB: hash_insert (in /usr/bin/bash)
==2364==    by 0x158008: ??? (in /usr/bin/bash)
==2364==    by 0x15805C: ??? (in /usr/bin/bash)
==2364==    by 0x15B2A2: initialize_shell_variables (in /usr/bin/bash)
==2364==    by 0x138DC9: ??? (in /usr/bin/bash)
==2364==    by 0x137544: main (in /usr/bin/bash)
==2364== 
==2364== 32 bytes in 1 blocks are still reachable in loss record 194 of 304
==2364==    at 0x483B7F3: malloc (in /usr/lib/x86_64-linux-gnu/valgrind/vgpreload_memcheck-amd64-linux.so)
==2364==    by 0x1984F3: xmalloc (in /usr/bin/bash)
==2364==    by 0x17BBFB: hash_insert (in /usr/bin/bash)
==2364==    by 0x158008: ??? (in /usr/bin/bash)
==2364==    by 0x158D55: make_new_array_variable (in /usr/bin/bash)
==2364==    by 0x158DA7: ??? (in /usr/bin/bash)
==2364==    by 0x15B2CD: initialize_shell_variables (in /usr/bin/bash)
==2364==    by 0x138DC9: ??? (in /usr/bin/bash)
==2364==    by 0x137544: main (in /usr/bin/bash)
==2364== 
==2364== 32 bytes in 1 blocks are still reachable in loss record 195 of 304
==2364==    at 0x483B7F3: malloc (in /usr/lib/x86_64-linux-gnu/valgrind/vgpreload_memcheck-amd64-linux.so)
==2364==    by 0x1984F3: xmalloc (in /usr/bin/bash)
==2364==    by 0x183457: array_create_element (in /usr/bin/bash)
==2364==    by 0x1834ED: array_create (in /usr/bin/bash)
==2364==    by 0x158D5D: make_new_array_variable (in /usr/bin/bash)
==2364==    by 0x158DA7: ??? (in /usr/bin/bash)
==2364==    by 0x15B2CD: initialize_shell_variables (in /usr/bin/bash)
==2364==    by 0x138DC9: ??? (in /usr/bin/bash)
==2364==    by 0x137544: main (in /usr/bin/bash)
==2364== 
==2364== 32 bytes in 1 blocks are still reachable in loss record 196 of 304
==2364==    at 0x483B7F3: malloc (in /usr/lib/x86_64-linux-gnu/valgrind/vgpreload_memcheck-amd64-linux.so)
==2364==    by 0x1984F3: xmalloc (in /usr/bin/bash)
==2364==    by 0x17BBFB: hash_insert (in /usr/bin/bash)
==2364==    by 0x158008: ??? (in /usr/bin/bash)
==2364==    by 0x158D55: make_new_array_variable (in /usr/bin/bash)
==2364==    by 0x158DA7: ??? (in /usr/bin/bash)
==2364==    by 0x15B2EC: initialize_shell_variables (in /usr/bin/bash)
==2364==    by 0x138DC9: ??? (in /usr/bin/bash)
==2364==    by 0x137544: main (in /usr/bin/bash)
==2364== 
==2364== 32 bytes in 1 blocks are still reachable in loss record 197 of 304
==2364==    at 0x483B7F3: malloc (in /usr/lib/x86_64-linux-gnu/valgrind/vgpreload_memcheck-amd64-linux.so)
==2364==    by 0x1984F3: xmalloc (in /usr/bin/bash)
==2364==    by 0x183457: array_create_element (in /usr/bin/bash)
==2364==    by 0x1834ED: array_create (in /usr/bin/bash)
==2364==    by 0x158D5D: make_new_array_variable (in /usr/bin/bash)
==2364==    by 0x158DA7: ??? (in /usr/bin/bash)
==2364==    by 0x15B2EC: initialize_shell_variables (in /usr/bin/bash)
==2364==    by 0x138DC9: ??? (in /usr/bin/bash)
==2364==    by 0x137544: main (in /usr/bin/bash)
==2364== 
==2364== 32 bytes in 1 blocks are still reachable in loss record 198 of 304
==2364==    at 0x483B7F3: malloc (in /usr/lib/x86_64-linux-gnu/valgrind/vgpreload_memcheck-amd64-linux.so)
==2364==    by 0x1984F3: xmalloc (in /usr/bin/bash)
==2364==    by 0x17BBFB: hash_insert (in /usr/bin/bash)
==2364==    by 0x158008: ??? (in /usr/bin/bash)
==2364==    by 0x158D55: make_new_array_variable (in /usr/bin/bash)
==2364==    by 0x158DA7: ??? (in /usr/bin/bash)
==2364==    by 0x15B30B: initialize_shell_variables (in /usr/bin/bash)
==2364==    by 0x138DC9: ??? (in /usr/bin/bash)
==2364==    by 0x137544: main (in /usr/bin/bash)
==2364== 
==2364== 32 bytes in 1 blocks are still reachable in loss record 199 of 304
==2364==    at 0x483B7F3: malloc (in /usr/lib/x86_64-linux-gnu/valgrind/vgpreload_memcheck-amd64-linux.so)
==2364==    by 0x1984F3: xmalloc (in /usr/bin/bash)
==2364==    by 0x183457: array_create_element (in /usr/bin/bash)
==2364==    by 0x1834ED: array_create (in /usr/bin/bash)
==2364==    by 0x158D5D: make_new_array_variable (in /usr/bin/bash)
==2364==    by 0x158DA7: ??? (in /usr/bin/bash)
==2364==    by 0x15B30B: initialize_shell_variables (in /usr/bin/bash)
==2364==    by 0x138DC9: ??? (in /usr/bin/bash)
==2364==    by 0x137544: main (in /usr/bin/bash)
==2364== 
==2364== 32 bytes in 1 blocks are still reachable in loss record 200 of 304
==2364==    at 0x483B7F3: malloc (in /usr/lib/x86_64-linux-gnu/valgrind/vgpreload_memcheck-amd64-linux.so)
==2364==    by 0x1984F3: xmalloc (in /usr/bin/bash)
==2364==    by 0x17BBFB: hash_insert (in /usr/bin/bash)
==2364==    by 0x158008: ??? (in /usr/bin/bash)
==2364==    by 0x158D55: make_new_array_variable (in /usr/bin/bash)
==2364==    by 0x158DA7: ??? (in /usr/bin/bash)
==2364==    by 0x15B32A: initialize_shell_variables (in /usr/bin/bash)
==2364==    by 0x138DC9: ??? (in /usr/bin/bash)
==2364==    by 0x137544: main (in /usr/bin/bash)
==2364== 
==2364== 32 bytes in 1 blocks are still reachable in loss record 201 of 304
==2364==    at 0x483B7F3: malloc (in /usr/lib/x86_64-linux-gnu/valgrind/vgpreload_memcheck-amd64-linux.so)
==2364==    by 0x1984F3: xmalloc (in /usr/bin/bash)
==2364==    by 0x183457: array_create_element (in /usr/bin/bash)
==2364==    by 0x1834ED: array_create (in /usr/bin/bash)
==2364==    by 0x158D5D: make_new_array_variable (in /usr/bin/bash)
==2364==    by 0x158DA7: ??? (in /usr/bin/bash)
==2364==    by 0x15B32A: initialize_shell_variables (in /usr/bin/bash)
==2364==    by 0x138DC9: ??? (in /usr/bin/bash)
==2364==    by 0x137544: main (in /usr/bin/bash)
==2364== 
==2364== 32 bytes in 1 blocks are still reachable in loss record 202 of 304
==2364==    at 0x483B7F3: malloc (in /usr/lib/x86_64-linux-gnu/valgrind/vgpreload_memcheck-amd64-linux.so)
==2364==    by 0x1984F3: xmalloc (in /usr/bin/bash)
==2364==    by 0x17BBFB: hash_insert (in /usr/bin/bash)
==2364==    by 0x158008: ??? (in /usr/bin/bash)
==2364==    by 0x158D55: make_new_array_variable (in /usr/bin/bash)
==2364==    by 0x158DA7: ??? (in /usr/bin/bash)
==2364==    by 0x15B349: initialize_shell_variables (in /usr/bin/bash)
==2364==    by 0x138DC9: ??? (in /usr/bin/bash)
==2364==    by 0x137544: main (in /usr/bin/bash)
==2364== 
==2364== 32 bytes in 1 blocks are still reachable in loss record 203 of 304
==2364==    at 0x483B7F3: malloc (in /usr/lib/x86_64-linux-gnu/valgrind/vgpreload_memcheck-amd64-linux.so)
==2364==    by 0x1984F3: xmalloc (in /usr/bin/bash)
==2364==    by 0x183457: array_create_element (in /usr/bin/bash)
==2364==    by 0x1834ED: array_create (in /usr/bin/bash)
==2364==    by 0x158D5D: make_new_array_variable (in /usr/bin/bash)
==2364==    by 0x158DA7: ??? (in /usr/bin/bash)
==2364==    by 0x15B349: initialize_shell_variables (in /usr/bin/bash)
==2364==    by 0x138DC9: ??? (in /usr/bin/bash)
==2364==    by 0x137544: main (in /usr/bin/bash)
==2364== 
==2364== 32 bytes in 1 blocks are still reachable in loss record 204 of 304
==2364==    at 0x483B7F3: malloc (in /usr/lib/x86_64-linux-gnu/valgrind/vgpreload_memcheck-amd64-linux.so)
==2364==    by 0x1984F3: xmalloc (in /usr/bin/bash)
==2364==    by 0x17BBFB: hash_insert (in /usr/bin/bash)
==2364==    by 0x158008: ??? (in /usr/bin/bash)
==2364==    by 0x158D55: make_new_array_variable (in /usr/bin/bash)
==2364==    by 0x158DA7: ??? (in /usr/bin/bash)
==2364==    by 0x15B368: initialize_shell_variables (in /usr/bin/bash)
==2364==    by 0x138DC9: ??? (in /usr/bin/bash)
==2364==    by 0x137544: main (in /usr/bin/bash)
==2364== 
==2364== 32 bytes in 1 blocks are still reachable in loss record 205 of 304
==2364==    at 0x483B7F3: malloc (in /usr/lib/x86_64-linux-gnu/valgrind/vgpreload_memcheck-amd64-linux.so)
==2364==    by 0x1984F3: xmalloc (in /usr/bin/bash)
==2364==    by 0x183457: array_create_element (in /usr/bin/bash)
==2364==    by 0x1834ED: array_create (in /usr/bin/bash)
==2364==    by 0x158D5D: make_new_array_variable (in /usr/bin/bash)
==2364==    by 0x158DA7: ??? (in /usr/bin/bash)
==2364==    by 0x15B368: initialize_shell_variables (in /usr/bin/bash)
==2364==    by 0x138DC9: ??? (in /usr/bin/bash)
==2364==    by 0x137544: main (in /usr/bin/bash)
==2364== 
==2364== 32 bytes in 1 blocks are still reachable in loss record 206 of 304
==2364==    at 0x483B7F3: malloc (in /usr/lib/x86_64-linux-gnu/valgrind/vgpreload_memcheck-amd64-linux.so)
==2364==    by 0x1984F3: xmalloc (in /usr/bin/bash)
==2364==    by 0x17BBFB: hash_insert (in /usr/bin/bash)
==2364==    by 0x158008: ??? (in /usr/bin/bash)
==2364==    by 0x158DE5: make_new_assoc_variable (in /usr/bin/bash)
==2364==    by 0x15B6A9: initialize_shell_variables (in /usr/bin/bash)
==2364==    by 0x138DC9: ??? (in /usr/bin/bash)
==2364==    by 0x137544: main (in /usr/bin/bash)
==2364== 
==2364== 32 bytes in 1 blocks are still reachable in loss record 207 of 304
==2364==    at 0x483B7F3: malloc (in /usr/lib/x86_64-linux-gnu/valgrind/vgpreload_memcheck-amd64-linux.so)
==2364==    by 0x1984F3: xmalloc (in /usr/bin/bash)
==2364==    by 0x17BBFB: hash_insert (in /usr/bin/bash)
==2364==    by 0x158008: ??? (in /usr/bin/bash)
==2364==    by 0x158DE5: make_new_assoc_variable (in /usr/bin/bash)
==2364==    by 0x15B67B: initialize_shell_variables (in /usr/bin/bash)
==2364==    by 0x138DC9: ??? (in /usr/bin/bash)
==2364==    by 0x137544: main (in /usr/bin/bash)
==2364== 
==2364== 32 bytes in 1 blocks are still reachable in loss record 208 of 304
==2364==    at 0x483B7F3: malloc (in /usr/lib/x86_64-linux-gnu/valgrind/vgpreload_memcheck-amd64-linux.so)
==2364==    by 0x1984F3: xmalloc (in /usr/bin/bash)
==2364==    by 0x17BBFB: hash_insert (in /usr/bin/bash)
==2364==    by 0x158008: ??? (in /usr/bin/bash)
==2364==    by 0x158D55: make_new_array_variable (in /usr/bin/bash)
==2364==    by 0x15B64D: initialize_shell_variables (in /usr/bin/bash)
==2364==    by 0x138DC9: ??? (in /usr/bin/bash)
==2364==    by 0x137544: main (in /usr/bin/bash)
==2364== 
==2364== 32 bytes in 1 blocks are still reachable in loss record 209 of 304
==2364==    at 0x483B7F3: malloc (in /usr/lib/x86_64-linux-gnu/valgrind/vgpreload_memcheck-amd64-linux.so)
==2364==    by 0x1984F3: xmalloc (in /usr/bin/bash)
==2364==    by 0x183457: array_create_element (in /usr/bin/bash)
==2364==    by 0x1834ED: array_create (in /usr/bin/bash)
==2364==    by 0x158D5D: make_new_array_variable (in /usr/bin/bash)
==2364==    by 0x15B64D: initialize_shell_variables (in /usr/bin/bash)
==2364==    by 0x138DC9: ??? (in /usr/bin/bash)
==2364==    by 0x137544: main (in /usr/bin/bash)
==2364== 
==2364== 32 bytes in 1 blocks are still reachable in loss record 210 of 304
==2364==    at 0x483B7F3: malloc (in /usr/lib/x86_64-linux-gnu/valgrind/vgpreload_memcheck-amd64-linux.so)
==2364==    by 0x1984F3: xmalloc (in /usr/bin/bash)
==2364==    by 0x17BBFB: hash_insert (in /usr/bin/bash)
==2364==    by 0x158008: ??? (in /usr/bin/bash)
==2364==    by 0x15805C: ??? (in /usr/bin/bash)
==2364==    by 0x1A76E0: set_shellopts (in /usr/bin/bash)
==2364==    by 0x138DFD: ??? (in /usr/bin/bash)
==2364==    by 0x137544: main (in /usr/bin/bash)
==2364== 
==2364== 32 bytes in 1 blocks are still reachable in loss record 211 of 304
==2364==    at 0x483B7F3: malloc (in /usr/lib/x86_64-linux-gnu/valgrind/vgpreload_memcheck-amd64-linux.so)
==2364==    by 0x1984F3: xmalloc (in /usr/bin/bash)
==2364==    by 0x17BBFB: hash_insert (in /usr/bin/bash)
==2364==    by 0x158008: ??? (in /usr/bin/bash)
==2364==    by 0x15805C: ??? (in /usr/bin/bash)
==2364==    by 0x1AC4B0: set_bashopts (in /usr/bin/bash)
==2364==    by 0x138E1C: ??? (in /usr/bin/bash)
==2364==    by 0x137544: main (in /usr/bin/bash)
==2364== 
==2364== 32 bytes in 1 blocks are still reachable in loss record 212 of 304
==2364==    at 0x483B7F3: malloc (in /usr/lib/x86_64-linux-gnu/valgrind/vgpreload_memcheck-amd64-linux.so)
==2364==    by 0x1984F3: xmalloc (in /usr/bin/bash)
==2364==    by 0x183457: array_create_element (in /usr/bin/bash)
==2364==    by 0x18367F: ??? (in /usr/bin/bash)
==2364==    by 0x137C8C: main (in /usr/bin/bash)
==2364== 
==2364== 32 bytes in 1 blocks are still reachable in loss record 213 of 304
==2364==    at 0x483B7F3: malloc (in /usr/lib/x86_64-linux-gnu/valgrind/vgpreload_memcheck-amd64-linux.so)
==2364==    by 0x1984F3: xmalloc (in /usr/bin/bash)
==2364==    by 0x183457: array_create_element (in /usr/bin/bash)
==2364==    by 0x18367F: ??? (in /usr/bin/bash)
==2364==    by 0x137CB1: main (in /usr/bin/bash)
==2364== 
==2364== 32 bytes in 1 blocks are still reachable in loss record 214 of 304
==2364==    at 0x483B7F3: malloc (in /usr/lib/x86_64-linux-gnu/valgrind/vgpreload_memcheck-amd64-linux.so)
==2364==    by 0x1984F3: xmalloc (in /usr/bin/bash)
==2364==    by 0x183457: array_create_element (in /usr/bin/bash)
==2364==    by 0x18367F: ??? (in /usr/bin/bash)
==2364==    by 0x137CCD: main (in /usr/bin/bash)
==2364== 
==2364== 32 bytes in 1 blocks are still reachable in loss record 215 of 304
==2364==    at 0x483B7F3: malloc (in /usr/lib/x86_64-linux-gnu/valgrind/vgpreload_memcheck-amd64-linux.so)
==2364==    by 0x1984F3: xmalloc (in /usr/bin/bash)
==2364==    by 0x17EFE9: ??? (in /usr/bin/bash)
==2364==    by 0x17F2CE: begin_unwind_frame (in /usr/bin/bash)
==2364==    by 0x1519B1: execute_command (in /usr/bin/bash)
==2364==    by 0x139664: reader_loop (in /usr/bin/bash)
==2364==    by 0x137EF8: main (in /usr/bin/bash)
==2364== 
==2364== 32 bytes in 1 blocks are still reachable in loss record 216 of 304
==2364==    at 0x483B7F3: malloc (in /usr/lib/x86_64-linux-gnu/valgrind/vgpreload_memcheck-amd64-linux.so)
==2364==    by 0x1984F3: xmalloc (in /usr/bin/bash)
==2364==    by 0x17EFE9: ??? (in /usr/bin/bash)
==2364==    by 0x17F4C9: add_unwind_protect (in /usr/bin/bash)
==2364==    by 0x1519C2: execute_command (in /usr/bin/bash)
==2364==    by 0x139664: reader_loop (in /usr/bin/bash)
==2364==    by 0x137EF8: main (in /usr/bin/bash)
==2364== 
==2364== 32 bytes in 1 blocks are still reachable in loss record 217 of 304
==2364==    at 0x483B7F3: malloc (in /usr/lib/x86_64-linux-gnu/valgrind/vgpreload_memcheck-amd64-linux.so)
==2364==    by 0x1984F3: xmalloc (in /usr/bin/bash)
==2364==    by 0x17EFE9: ??? (in /usr/bin/bash)
==2364==    by 0x17F2CE: begin_unwind_frame (in /usr/bin/bash)
==2364==    by 0x14FB5D: execute_command_internal (in /usr/bin/bash)
==2364==    by 0x1519D9: execute_command (in /usr/bin/bash)
==2364==    by 0x139664: reader_loop (in /usr/bin/bash)
==2364==    by 0x137EF8: main (in /usr/bin/bash)
==2364== 
==2364== 32 bytes in 1 blocks are still reachable in loss record 218 of 304
==2364==    at 0x483B7F3: malloc (in /usr/lib/x86_64-linux-gnu/valgrind/vgpreload_memcheck-amd64-linux.so)
==2364==    by 0x1984F3: xmalloc (in /usr/bin/bash)
==2364==    by 0x17EFE9: ??? (in /usr/bin/bash)
==2364==    by 0x17F4C9: add_unwind_protect (in /usr/bin/bash)
==2364==    by 0x14FBF2: execute_command_internal (in /usr/bin/bash)
==2364==    by 0x1519D9: execute_command (in /usr/bin/bash)
==2364==    by 0x139664: reader_loop (in /usr/bin/bash)
==2364==    by 0x137EF8: main (in /usr/bin/bash)
==2364== 
==2364== 32 bytes in 1 blocks are still reachable in loss record 219 of 304
==2364==    at 0x483B7F3: malloc (in /usr/lib/x86_64-linux-gnu/valgrind/vgpreload_memcheck-amd64-linux.so)
==2364==    by 0x1984F3: xmalloc (in /usr/bin/bash)
==2364==    by 0x17EFE9: ??? (in /usr/bin/bash)
==2364==    by 0x17F2CE: begin_unwind_frame (in /usr/bin/bash)
==2364==    by 0x151400: execute_command_internal (in /usr/bin/bash)
==2364==    by 0x1519D9: execute_command (in /usr/bin/bash)
==2364==    by 0x139664: reader_loop (in /usr/bin/bash)
==2364==    by 0x137EF8: main (in /usr/bin/bash)
==2364== 
==2364== 32 bytes in 1 blocks are still reachable in loss record 220 of 304
==2364==    at 0x483B7F3: malloc (in /usr/lib/x86_64-linux-gnu/valgrind/vgpreload_memcheck-amd64-linux.so)
==2364==    by 0x1984F3: xmalloc (in /usr/bin/bash)
==2364==    by 0x17BBFB: hash_insert (in /usr/bin/bash)
==2364==    by 0x158008: ??? (in /usr/bin/bash)
==2364==    by 0x158D55: make_new_array_variable (in /usr/bin/bash)
==2364==    by 0x15C10B: set_pipestatus_array (in /usr/bin/bash)
==2364==    by 0x15172F: execute_command_internal (in /usr/bin/bash)
==2364==    by 0x1519D9: execute_command (in /usr/bin/bash)
==2364==    by 0x139664: reader_loop (in /usr/bin/bash)
==2364==    by 0x137EF8: main (in /usr/bin/bash)
==2364== 
==2364== 32 bytes in 1 blocks are still reachable in loss record 221 of 304
==2364==    at 0x483B7F3: malloc (in /usr/lib/x86_64-linux-gnu/valgrind/vgpreload_memcheck-amd64-linux.so)
==2364==    by 0x1984F3: xmalloc (in /usr/bin/bash)
==2364==    by 0x183457: array_create_element (in /usr/bin/bash)
==2364==    by 0x1834ED: array_create (in /usr/bin/bash)
==2364==    by 0x158D5D: make_new_array_variable (in /usr/bin/bash)
==2364==    by 0x15C10B: set_pipestatus_array (in /usr/bin/bash)
==2364==    by 0x15172F: execute_command_internal (in /usr/bin/bash)
==2364==    by 0x1519D9: execute_command (in /usr/bin/bash)
==2364==    by 0x139664: reader_loop (in /usr/bin/bash)
==2364==    by 0x137EF8: main (in /usr/bin/bash)
==2364== 
==2364== 32 bytes in 1 blocks are still reachable in loss record 222 of 304
==2364==    at 0x483B7F3: malloc (in /usr/lib/x86_64-linux-gnu/valgrind/vgpreload_memcheck-amd64-linux.so)
==2364==    by 0x1984F3: xmalloc (in /usr/bin/bash)
==2364==    by 0x183457: array_create_element (in /usr/bin/bash)
==2364==    by 0x183987: array_insert (in /usr/bin/bash)
==2364==    by 0x15C09E: set_pipestatus_array (in /usr/bin/bash)
==2364==    by 0x15172F: execute_command_internal (in /usr/bin/bash)
==2364==    by 0x1519D9: execute_command (in /usr/bin/bash)
==2364==    by 0x139664: reader_loop (in /usr/bin/bash)
==2364==    by 0x137EF8: main (in /usr/bin/bash)
==2364== 
==2364== 34 bytes in 1 blocks are still reachable in loss record 223 of 304
==2364==    at 0x483DFAF: realloc (in /usr/lib/x86_64-linux-gnu/valgrind/vgpreload_memcheck-amd64-linux.so)
==2364==    by 0x198558: xrealloc (in /usr/bin/bash)
==2364==    by 0x13A097: ??? (in /usr/bin/bash)
==2364==    by 0x13C688: ??? (in /usr/bin/bash)
==2364==    by 0x13F5C9: ??? (in /usr/bin/bash)
==2364==    by 0x142EC7: yyparse (in /usr/bin/bash)
==2364==    by 0x13929A: parse_command (in /usr/bin/bash)
==2364==    by 0x1393A6: read_command (in /usr/bin/bash)
==2364==    by 0x1395C9: reader_loop (in /usr/bin/bash)
==2364==    by 0x137EF8: main (in /usr/bin/bash)
==2364== 
==2364== 40 bytes in 1 blocks are still reachable in loss record 224 of 304
==2364==    at 0x483B7F3: malloc (in /usr/lib/x86_64-linux-gnu/valgrind/vgpreload_memcheck-amd64-linux.so)
==2364==    by 0x1984F3: xmalloc (in /usr/bin/bash)
==2364==    by 0x157EB6: new_var_context (in /usr/bin/bash)
==2364==    by 0x157F68: ??? (in /usr/bin/bash)
==2364==    by 0x15AAAB: initialize_shell_variables (in /usr/bin/bash)
==2364==    by 0x138DC9: ??? (in /usr/bin/bash)
==2364==    by 0x137544: main (in /usr/bin/bash)
==2364== 
==2364== 40 bytes in 1 blocks are still reachable in loss record 225 of 304
==2364==    at 0x483B7F3: malloc (in /usr/lib/x86_64-linux-gnu/valgrind/vgpreload_memcheck-amd64-linux.so)
==2364==    by 0x1984F3: xmalloc (in /usr/bin/bash)
==2364==    by 0x1834BF: array_create (in /usr/bin/bash)
==2364==    by 0x158D5D: make_new_array_variable (in /usr/bin/bash)
==2364==    by 0x15AEE3: initialize_shell_variables (in /usr/bin/bash)
==2364==    by 0x138DC9: ??? (in /usr/bin/bash)
==2364==    by 0x137544: main (in /usr/bin/bash)
==2364== 
==2364== 40 bytes in 1 blocks are still reachable in loss record 226 of 304
==2364==    at 0x483B7F3: malloc (in /usr/lib/x86_64-linux-gnu/valgrind/vgpreload_memcheck-amd64-linux.so)
==2364==    by 0x1984F3: xmalloc (in /usr/bin/bash)
==2364==    by 0x1834BF: array_create (in /usr/bin/bash)
==2364==    by 0x158D5D: make_new_array_variable (in /usr/bin/bash)
==2364==    by 0x158DA7: ??? (in /usr/bin/bash)
==2364==    by 0x15B2CD: initialize_shell_variables (in /usr/bin/bash)
==2364==    by 0x138DC9: ??? (in /usr/bin/bash)
==2364==    by 0x137544: main (in /usr/bin/bash)
==2364== 
==2364== 40 bytes in 1 blocks are still reachable in loss record 227 of 304
==2364==    at 0x483B7F3: malloc (in /usr/lib/x86_64-linux-gnu/valgrind/vgpreload_memcheck-amd64-linux.so)
==2364==    by 0x1984F3: xmalloc (in /usr/bin/bash)
==2364==    by 0x1834BF: array_create (in /usr/bin/bash)
==2364==    by 0x158D5D: make_new_array_variable (in /usr/bin/bash)
==2364==    by 0x158DA7: ??? (in /usr/bin/bash)
==2364==    by 0x15B2EC: initialize_shell_variables (in /usr/bin/bash)
==2364==    by 0x138DC9: ??? (in /usr/bin/bash)
==2364==    by 0x137544: main (in /usr/bin/bash)
==2364== 
==2364== 40 bytes in 1 blocks are still reachable in loss record 228 of 304
==2364==    at 0x483B7F3: malloc (in /usr/lib/x86_64-linux-gnu/valgrind/vgpreload_memcheck-amd64-linux.so)
==2364==    by 0x1984F3: xmalloc (in /usr/bin/bash)
==2364==    by 0x1834BF: array_create (in /usr/bin/bash)
==2364==    by 0x158D5D: make_new_array_variable (in /usr/bin/bash)
==2364==    by 0x158DA7: ??? (in /usr/bin/bash)
==2364==    by 0x15B30B: initialize_shell_variables (in /usr/bin/bash)
==2364==    by 0x138DC9: ??? (in /usr/bin/bash)
==2364==    by 0x137544: main (in /usr/bin/bash)
==2364== 
==2364== 40 bytes in 1 blocks are still reachable in loss record 229 of 304
==2364==    at 0x483B7F3: malloc (in /usr/lib/x86_64-linux-gnu/valgrind/vgpreload_memcheck-amd64-linux.so)
==2364==    by 0x1984F3: xmalloc (in /usr/bin/bash)
==2364==    by 0x1834BF: array_create (in /usr/bin/bash)
==2364==    by 0x158D5D: make_new_array_variable (in /usr/bin/bash)
==2364==    by 0x158DA7: ??? (in /usr/bin/bash)
==2364==    by 0x15B32A: initialize_shell_variables (in /usr/bin/bash)
==2364==    by 0x138DC9: ??? (in /usr/bin/bash)
==2364==    by 0x137544: main (in /usr/bin/bash)
==2364== 
==2364== 40 bytes in 1 blocks are still reachable in loss record 230 of 304
==2364==    at 0x483B7F3: malloc (in /usr/lib/x86_64-linux-gnu/valgrind/vgpreload_memcheck-amd64-linux.so)
==2364==    by 0x1984F3: xmalloc (in /usr/bin/bash)
==2364==    by 0x1834BF: array_create (in /usr/bin/bash)
==2364==    by 0x158D5D: make_new_array_variable (in /usr/bin/bash)
==2364==    by 0x158DA7: ??? (in /usr/bin/bash)
==2364==    by 0x15B349: initialize_shell_variables (in /usr/bin/bash)
==2364==    by 0x138DC9: ??? (in /usr/bin/bash)
==2364==    by 0x137544: main (in /usr/bin/bash)
==2364== 
==2364== 40 bytes in 1 blocks are still reachable in loss record 231 of 304
==2364==    at 0x483B7F3: malloc (in /usr/lib/x86_64-linux-gnu/valgrind/vgpreload_memcheck-amd64-linux.so)
==2364==    by 0x1984F3: xmalloc (in /usr/bin/bash)
==2364==    by 0x1834BF: array_create (in /usr/bin/bash)
==2364==    by 0x158D5D: make_new_array_variable (in /usr/bin/bash)
==2364==    by 0x158DA7: ??? (in /usr/bin/bash)
==2364==    by 0x15B368: initialize_shell_variables (in /usr/bin/bash)
==2364==    by 0x138DC9: ??? (in /usr/bin/bash)
==2364==    by 0x137544: main (in /usr/bin/bash)
==2364== 
==2364== 40 bytes in 1 blocks are still reachable in loss record 232 of 304
==2364==    at 0x483B7F3: malloc (in /usr/lib/x86_64-linux-gnu/valgrind/vgpreload_memcheck-amd64-linux.so)
==2364==    by 0x1984F3: xmalloc (in /usr/bin/bash)
==2364==    by 0x1834BF: array_create (in /usr/bin/bash)
==2364==    by 0x158D5D: make_new_array_variable (in /usr/bin/bash)
==2364==    by 0x15B64D: initialize_shell_variables (in /usr/bin/bash)
==2364==    by 0x138DC9: ??? (in /usr/bin/bash)
==2364==    by 0x137544: main (in /usr/bin/bash)
==2364== 
==2364== 40 bytes in 1 blocks are still reachable in loss record 233 of 304
==2364==    at 0x483B7F3: malloc (in /usr/lib/x86_64-linux-gnu/valgrind/vgpreload_memcheck-amd64-linux.so)
==2364==    by 0x1984F3: xmalloc (in /usr/bin/bash)
==2364==    by 0x1834BF: array_create (in /usr/bin/bash)
==2364==    by 0x158D5D: make_new_array_variable (in /usr/bin/bash)
==2364==    by 0x15C10B: set_pipestatus_array (in /usr/bin/bash)
==2364==    by 0x15172F: execute_command_internal (in /usr/bin/bash)
==2364==    by 0x1519D9: execute_command (in /usr/bin/bash)
==2364==    by 0x139664: reader_loop (in /usr/bin/bash)
==2364==    by 0x137EF8: main (in /usr/bin/bash)
==2364== 
==2364== 41 bytes in 1 blocks are still reachable in loss record 234 of 304
==2364==    at 0x483B7F3: malloc (in /usr/lib/x86_64-linux-gnu/valgrind/vgpreload_memcheck-amd64-linux.so)
==2364==    by 0x1984F3: xmalloc (in /usr/bin/bash)
==2364==    by 0x156DA1: make_variable_value (in /usr/bin/bash)
==2364==    by 0x15806D: ??? (in /usr/bin/bash)
==2364==    by 0x1A76E0: set_shellopts (in /usr/bin/bash)
==2364==    by 0x138DFD: ??? (in /usr/bin/bash)
==2364==    by 0x137544: main (in /usr/bin/bash)
==2364== 
==2364== 48 bytes in 1 blocks are still reachable in loss record 235 of 304
==2364==    at 0x483B7F3: malloc (in /usr/lib/x86_64-linux-gnu/valgrind/vgpreload_memcheck-amd64-linux.so)
==2364==    by 0x1984F3: xmalloc (in /usr/bin/bash)
==2364==    by 0x1544C3: ??? (in /usr/bin/bash)
==2364==    by 0x157FCF: ??? (in /usr/bin/bash)
==2364==    by 0x15805C: ??? (in /usr/bin/bash)
==2364==    by 0x159447: set_pwd (in /usr/bin/bash)
==2364==    by 0x15AAEE: initialize_shell_variables (in /usr/bin/bash)
==2364==    by 0x138DC9: ??? (in /usr/bin/bash)
==2364==    by 0x137544: main (in /usr/bin/bash)
==2364== 
==2364== 48 bytes in 1 blocks are still reachable in loss record 236 of 304
==2364==    at 0x483B7F3: malloc (in /usr/lib/x86_64-linux-gnu/valgrind/vgpreload_memcheck-amd64-linux.so)
==2364==    by 0x1984F3: xmalloc (in /usr/bin/bash)
==2364==    by 0x1544C3: ??? (in /usr/bin/bash)
==2364==    by 0x157FCF: ??? (in /usr/bin/bash)
==2364==    by 0x15805C: ??? (in /usr/bin/bash)
==2364==    by 0x159490: set_pwd (in /usr/bin/bash)
==2364==    by 0x15AAEE: initialize_shell_variables (in /usr/bin/bash)
==2364==    by 0x138DC9: ??? (in /usr/bin/bash)
==2364==    by 0x137544: main (in /usr/bin/bash)
==2364== 
==2364== 48 bytes in 1 blocks are still reachable in loss record 237 of 304
==2364==    at 0x483B7F3: malloc (in /usr/lib/x86_64-linux-gnu/valgrind/vgpreload_memcheck-amd64-linux.so)
==2364==    by 0x1984F3: xmalloc (in /usr/bin/bash)
==2364==    by 0x1544C3: ??? (in /usr/bin/bash)
==2364==    by 0x157FCF: ??? (in /usr/bin/bash)
==2364==    by 0x15805C: ??? (in /usr/bin/bash)
==2364==    by 0x15AB01: initialize_shell_variables (in /usr/bin/bash)
==2364==    by 0x138DC9: ??? (in /usr/bin/bash)
==2364==    by 0x137544: main (in /usr/bin/bash)
==2364== 
==2364== 48 bytes in 1 blocks are still reachable in loss record 238 of 304
==2364==    at 0x483B7F3: malloc (in /usr/lib/x86_64-linux-gnu/valgrind/vgpreload_memcheck-amd64-linux.so)
==2364==    by 0x1984F3: xmalloc (in /usr/bin/bash)
==2364==    by 0x1544C3: ??? (in /usr/bin/bash)
==2364==    by 0x157FCF: ??? (in /usr/bin/bash)
==2364==    by 0x15805C: ??? (in /usr/bin/bash)
==2364==    by 0x15AB1F: initialize_shell_variables (in /usr/bin/bash)
==2364==    by 0x138DC9: ??? (in /usr/bin/bash)
==2364==    by 0x137544: main (in /usr/bin/bash)
==2364== 
==2364== 48 bytes in 1 blocks are still reachable in loss record 239 of 304
==2364==    at 0x483B7F3: malloc (in /usr/lib/x86_64-linux-gnu/valgrind/vgpreload_memcheck-amd64-linux.so)
==2364==    by 0x1984F3: xmalloc (in /usr/bin/bash)
==2364==    by 0x1544C3: ??? (in /usr/bin/bash)
==2364==    by 0x157FCF: ??? (in /usr/bin/bash)
==2364==    by 0x15805C: ??? (in /usr/bin/bash)
==2364==    by 0x15AB32: initialize_shell_variables (in /usr/bin/bash)
==2364==    by 0x138DC9: ??? (in /usr/bin/bash)
==2364==    by 0x137544: main (in /usr/bin/bash)
==2364== 
==2364== 48 bytes in 1 blocks are still reachable in loss record 240 of 304
==2364==    at 0x483B7F3: malloc (in /usr/lib/x86_64-linux-gnu/valgrind/vgpreload_memcheck-amd64-linux.so)
==2364==    by 0x1984F3: xmalloc (in /usr/bin/bash)
==2364==    by 0x1544C3: ??? (in /usr/bin/bash)
==2364==    by 0x157FCF: ??? (in /usr/bin/bash)
==2364==    by 0x15805C: ??? (in /usr/bin/bash)
==2364==    by 0x15AB65: initialize_shell_variables (in /usr/bin/bash)
==2364==    by 0x138DC9: ??? (in /usr/bin/bash)
==2364==    by 0x137544: main (in /usr/bin/bash)
==2364== 
==2364== 48 bytes in 1 blocks are still reachable in loss record 241 of 304
==2364==    at 0x483B7F3: malloc (in /usr/lib/x86_64-linux-gnu/valgrind/vgpreload_memcheck-amd64-linux.so)
==2364==    by 0x1984F3: xmalloc (in /usr/bin/bash)
==2364==    by 0x1544C3: ??? (in /usr/bin/bash)
==2364==    by 0x157FCF: ??? (in /usr/bin/bash)
==2364==    by 0x15805C: ??? (in /usr/bin/bash)
==2364==    by 0x15AB7A: initialize_shell_variables (in /usr/bin/bash)
==2364==    by 0x138DC9: ??? (in /usr/bin/bash)
==2364==    by 0x137544: main (in /usr/bin/bash)
==2364== 
==2364== 48 bytes in 1 blocks are still reachable in loss record 242 of 304
==2364==    at 0x483B7F3: malloc (in /usr/lib/x86_64-linux-gnu/valgrind/vgpreload_memcheck-amd64-linux.so)
==2364==    by 0x1984F3: xmalloc (in /usr/bin/bash)
==2364==    by 0x1544C3: ??? (in /usr/bin/bash)
==2364==    by 0x157FCF: ??? (in /usr/bin/bash)
==2364==    by 0x15805C: ??? (in /usr/bin/bash)
==2364==    by 0x15AB95: initialize_shell_variables (in /usr/bin/bash)
==2364==    by 0x138DC9: ??? (in /usr/bin/bash)
==2364==    by 0x137544: main (in /usr/bin/bash)
==2364== 
==2364== 48 bytes in 1 blocks are still reachable in loss record 243 of 304
==2364==    at 0x483B7F3: malloc (in /usr/lib/x86_64-linux-gnu/valgrind/vgpreload_memcheck-amd64-linux.so)
==2364==    by 0x1984F3: xmalloc (in /usr/bin/bash)
==2364==    by 0x1544C3: ??? (in /usr/bin/bash)
==2364==    by 0x157FCF: ??? (in /usr/bin/bash)
==2364==    by 0x15805C: ??? (in /usr/bin/bash)
==2364==    by 0x15ABA8: initialize_shell_variables (in /usr/bin/bash)
==2364==    by 0x138DC9: ??? (in /usr/bin/bash)
==2364==    by 0x137544: main (in /usr/bin/bash)
==2364== 
==2364== 48 bytes in 1 blocks are still reachable in loss record 244 of 304
==2364==    at 0x483B7F3: malloc (in /usr/lib/x86_64-linux-gnu/valgrind/vgpreload_memcheck-amd64-linux.so)
==2364==    by 0x1984F3: xmalloc (in /usr/bin/bash)
==2364==    by 0x1544C3: ??? (in /usr/bin/bash)
==2364==    by 0x157FCF: ??? (in /usr/bin/bash)
==2364==    by 0x15805C: ??? (in /usr/bin/bash)
==2364==    by 0x15ABBB: initialize_shell_variables (in /usr/bin/bash)
==2364==    by 0x138DC9: ??? (in /usr/bin/bash)
==2364==    by 0x137544: main (in /usr/bin/bash)
==2364== 
==2364== 48 bytes in 1 blocks are still reachable in loss record 245 of 304
==2364==    at 0x483B7F3: malloc (in /usr/lib/x86_64-linux-gnu/valgrind/vgpreload_memcheck-amd64-linux.so)
==2364==    by 0x1984F3: xmalloc (in /usr/bin/bash)
==2364==    by 0x1544C3: ??? (in /usr/bin/bash)
==2364==    by 0x157FCF: ??? (in /usr/bin/bash)
==2364==    by 0x15805C: ??? (in /usr/bin/bash)
==2364==    by 0x15ABCE: initialize_shell_variables (in /usr/bin/bash)
==2364==    by 0x138DC9: ??? (in /usr/bin/bash)
==2364==    by 0x137544: main (in /usr/bin/bash)
==2364== 
==2364== 48 bytes in 1 blocks are still reachable in loss record 246 of 304
==2364==    at 0x483B7F3: malloc (in /usr/lib/x86_64-linux-gnu/valgrind/vgpreload_memcheck-amd64-linux.so)
==2364==    by 0x1984F3: xmalloc (in /usr/bin/bash)
==2364==    by 0x1544C3: ??? (in /usr/bin/bash)
==2364==    by 0x157FCF: ??? (in /usr/bin/bash)
==2364==    by 0x15805C: ??? (in /usr/bin/bash)
==2364==    by 0x15929E: adjust_shell_level (in /usr/bin/bash)
==2364==    by 0x15AC10: initialize_shell_variables (in /usr/bin/bash)
==2364==    by 0x138DC9: ??? (in /usr/bin/bash)
==2364==    by 0x137544: main (in /usr/bin/bash)
==2364== 
==2364== 48 bytes in 1 blocks are still reachable in loss record 247 of 304
==2364==    at 0x483B7F3: malloc (in /usr/lib/x86_64-linux-gnu/valgrind/vgpreload_memcheck-amd64-linux.so)
==2364==    by 0x1984F3: xmalloc (in /usr/bin/bash)
==2364==    by 0x1544C3: ??? (in /usr/bin/bash)
==2364==    by 0x157FCF: ??? (in /usr/bin/bash)
==2364==    by 0x15805C: ??? (in /usr/bin/bash)
==2364==    by 0x159628: set_ppid (in /usr/bin/bash)
==2364==    by 0x15AC15: initialize_shell_variables (in /usr/bin/bash)
==2364==    by 0x138DC9: ??? (in /usr/bin/bash)
==2364==    by 0x137544: main (in /usr/bin/bash)
==2364== 
==2364== 48 bytes in 1 blocks are still reachable in loss record 248 of 304
==2364==    at 0x483B7F3: malloc (in /usr/lib/x86_64-linux-gnu/valgrind/vgpreload_memcheck-amd64-linux.so)
==2364==    by 0x1984F3: xmalloc (in /usr/bin/bash)
==2364==    by 0x1544C3: ??? (in /usr/bin/bash)
==2364==    by 0x157FCF: ??? (in /usr/bin/bash)
==2364==    by 0x15805C: ??? (in /usr/bin/bash)
==2364==    by 0x15AC2A: initialize_shell_variables (in /usr/bin/bash)
==2364==    by 0x138DC9: ??? (in /usr/bin/bash)
==2364==    by 0x137544: main (in /usr/bin/bash)
==2364== 
==2364== 48 bytes in 1 blocks are still reachable in loss record 249 of 304
==2364==    at 0x483B7F3: malloc (in /usr/lib/x86_64-linux-gnu/valgrind/vgpreload_memcheck-amd64-linux.so)
==2364==    by 0x1984F3: xmalloc (in /usr/bin/bash)
==2364==    by 0x1544C3: ??? (in /usr/bin/bash)
==2364==    by 0x157FCF: ??? (in /usr/bin/bash)
==2364==    by 0x15805C: ??? (in /usr/bin/bash)
==2364==    by 0x15AC4A: initialize_shell_variables (in /usr/bin/bash)
==2364==    by 0x138DC9: ??? (in /usr/bin/bash)
==2364==    by 0x137544: main (in /usr/bin/bash)
==2364== 
==2364== 48 bytes in 1 blocks are still reachable in loss record 250 of 304
==2364==    at 0x483B7F3: malloc (in /usr/lib/x86_64-linux-gnu/valgrind/vgpreload_memcheck-amd64-linux.so)
==2364==    by 0x1984F3: xmalloc (in /usr/bin/bash)
==2364==    by 0x1544C3: ??? (in /usr/bin/bash)
==2364==    by 0x157FCF: ??? (in /usr/bin/bash)
==2364==    by 0x15805C: ??? (in /usr/bin/bash)
==2364==    by 0x15AE90: initialize_shell_variables (in /usr/bin/bash)
==2364==    by 0x138DC9: ??? (in /usr/bin/bash)
==2364==    by 0x137544: main (in /usr/bin/bash)
==2364== 
==2364== 48 bytes in 1 blocks are still reachable in loss record 251 of 304
==2364==    at 0x483B7F3: malloc (in /usr/lib/x86_64-linux-gnu/valgrind/vgpreload_memcheck-amd64-linux.so)
==2364==    by 0x1984F3: xmalloc (in /usr/bin/bash)
==2364==    by 0x1544C3: ??? (in /usr/bin/bash)
==2364==    by 0x157FCF: ??? (in /usr/bin/bash)
==2364==    by 0x15805C: ??? (in /usr/bin/bash)
==2364==    by 0x15B635: initialize_shell_variables (in /usr/bin/bash)
==2364==    by 0x138DC9: ??? (in /usr/bin/bash)
==2364==    by 0x137544: main (in /usr/bin/bash)
==2364== 
==2364== 48 bytes in 1 blocks are still reachable in loss record 252 of 304
==2364==    at 0x483B7F3: malloc (in /usr/lib/x86_64-linux-gnu/valgrind/vgpreload_memcheck-amd64-linux.so)
==2364==    by 0x1984F3: xmalloc (in /usr/bin/bash)
==2364==    by 0x1544C3: ??? (in /usr/bin/bash)
==2364==    by 0x157FCF: ??? (in /usr/bin/bash)
==2364==    by 0x15805C: ??? (in /usr/bin/bash)
==2364==    by 0x15AECB: initialize_shell_variables (in /usr/bin/bash)
==2364==    by 0x138DC9: ??? (in /usr/bin/bash)
==2364==    by 0x137544: main (in /usr/bin/bash)
==2364== 
==2364== 48 bytes in 1 blocks are still reachable in loss record 253 of 304
==2364==    at 0x483B7F3: malloc (in /usr/lib/x86_64-linux-gnu/valgrind/vgpreload_memcheck-amd64-linux.so)
==2364==    by 0x1984F3: xmalloc (in /usr/bin/bash)
==2364==    by 0x1544C3: ??? (in /usr/bin/bash)
==2364==    by 0x157FCF: ??? (in /usr/bin/bash)
==2364==    by 0x158D55: make_new_array_variable (in /usr/bin/bash)
==2364==    by 0x15AEE3: initialize_shell_variables (in /usr/bin/bash)
==2364==    by 0x138DC9: ??? (in /usr/bin/bash)
==2364==    by 0x137544: main (in /usr/bin/bash)
==2364== 
==2364== 48 bytes in 1 blocks are still reachable in loss record 254 of 304
==2364==    at 0x483B7F3: malloc (in /usr/lib/x86_64-linux-gnu/valgrind/vgpreload_memcheck-amd64-linux.so)
==2364==    by 0x1984F3: xmalloc (in /usr/bin/bash)
==2364==    by 0x1544C3: ??? (in /usr/bin/bash)
==2364==    by 0x157FCF: ??? (in /usr/bin/bash)
==2364==    by 0x15805C: ??? (in /usr/bin/bash)
==2364==    by 0x15B7C8: initialize_shell_variables (in /usr/bin/bash)
==2364==    by 0x138DC9: ??? (in /usr/bin/bash)
==2364==    by 0x137544: main (in /usr/bin/bash)
==2364== 
==2364== 48 bytes in 1 blocks are still reachable in loss record 255 of 304
==2364==    at 0x483B7F3: malloc (in /usr/lib/x86_64-linux-gnu/valgrind/vgpreload_memcheck-amd64-linux.so)
==2364==    by 0x1984F3: xmalloc (in /usr/bin/bash)
==2364==    by 0x1544C3: ??? (in /usr/bin/bash)
==2364==    by 0x157FCF: ??? (in /usr/bin/bash)
==2364==    by 0x15805C: ??? (in /usr/bin/bash)
==2364==    by 0x15B7AE: initialize_shell_variables (in /usr/bin/bash)
==2364==    by 0x138DC9: ??? (in /usr/bin/bash)
==2364==    by 0x137544: main (in /usr/bin/bash)
==2364== 
==2364== 48 bytes in 1 blocks are still reachable in loss record 256 of 304
==2364==    at 0x483B7F3: malloc (in /usr/lib/x86_64-linux-gnu/valgrind/vgpreload_memcheck-amd64-linux.so)
==2364==    by 0x1984F3: xmalloc (in /usr/bin/bash)
==2364==    by 0x1544C3: ??? (in /usr/bin/bash)
==2364==    by 0x157FCF: ??? (in /usr/bin/bash)
==2364==    by 0x15805C: ??? (in /usr/bin/bash)
==2364==    by 0x15B112: initialize_shell_variables (in /usr/bin/bash)
==2364==    by 0x138DC9: ??? (in /usr/bin/bash)
==2364==    by 0x137544: main (in /usr/bin/bash)
==2364== 
==2364== 48 bytes in 1 blocks are still reachable in loss record 257 of 304
==2364==    at 0x483B7F3: malloc (in /usr/lib/x86_64-linux-gnu/valgrind/vgpreload_memcheck-amd64-linux.so)
==2364==    by 0x1984F3: xmalloc (in /usr/bin/bash)
==2364==    by 0x1544C3: ??? (in /usr/bin/bash)
==2364==    by 0x157FCF: ??? (in /usr/bin/bash)
==2364==    by 0x15805C: ??? (in /usr/bin/bash)
==2364==    by 0x15B13F: initialize_shell_variables (in /usr/bin/bash)
==2364==    by 0x138DC9: ??? (in /usr/bin/bash)
==2364==    by 0x137544: main (in /usr/bin/bash)
==2364== 
==2364== 48 bytes in 1 blocks are still reachable in loss record 258 of 304
==2364==    at 0x483B7F3: malloc (in /usr/lib/x86_64-linux-gnu/valgrind/vgpreload_memcheck-amd64-linux.so)
==2364==    by 0x1984F3: xmalloc (in /usr/bin/bash)
==2364==    by 0x1544C3: ??? (in /usr/bin/bash)
==2364==    by 0x157FCF: ??? (in /usr/bin/bash)
==2364==    by 0x15805C: ??? (in /usr/bin/bash)
==2364==    by 0x15B165: initialize_shell_variables (in /usr/bin/bash)
==2364==    by 0x138DC9: ??? (in /usr/bin/bash)
==2364==    by 0x137544: main (in /usr/bin/bash)
==2364== 
==2364== 48 bytes in 1 blocks are still reachable in loss record 259 of 304
==2364==    at 0x483B7F3: malloc (in /usr/lib/x86_64-linux-gnu/valgrind/vgpreload_memcheck-amd64-linux.so)
==2364==    by 0x1984F3: xmalloc (in /usr/bin/bash)
==2364==    by 0x1544C3: ??? (in /usr/bin/bash)
==2364==    by 0x157FCF: ??? (in /usr/bin/bash)
==2364==    by 0x15805C: ??? (in /usr/bin/bash)
==2364==    by 0x15B188: initialize_shell_variables (in /usr/bin/bash)
==2364==    by 0x138DC9: ??? (in /usr/bin/bash)
==2364==    by 0x137544: main (in /usr/bin/bash)
==2364== 
==2364== 48 bytes in 1 blocks are still reachable in loss record 260 of 304
==2364==    at 0x483B7F3: malloc (in /usr/lib/x86_64-linux-gnu/valgrind/vgpreload_memcheck-amd64-linux.so)
==2364==    by 0x1984F3: xmalloc (in /usr/bin/bash)
==2364==    by 0x1544C3: ??? (in /usr/bin/bash)
==2364==    by 0x157FCF: ??? (in /usr/bin/bash)
==2364==    by 0x15805C: ??? (in /usr/bin/bash)
==2364==    by 0x15B1AE: initialize_shell_variables (in /usr/bin/bash)
==2364==    by 0x138DC9: ??? (in /usr/bin/bash)
==2364==    by 0x137544: main (in /usr/bin/bash)
==2364== 
==2364== 48 bytes in 1 blocks are still reachable in loss record 261 of 304
==2364==    at 0x483B7F3: malloc (in /usr/lib/x86_64-linux-gnu/valgrind/vgpreload_memcheck-amd64-linux.so)
==2364==    by 0x1984F3: xmalloc (in /usr/bin/bash)
==2364==    by 0x1544C3: ??? (in /usr/bin/bash)
==2364==    by 0x157FCF: ??? (in /usr/bin/bash)
==2364==    by 0x15805C: ??? (in /usr/bin/bash)
==2364==    by 0x15B1D8: initialize_shell_variables (in /usr/bin/bash)
==2364==    by 0x138DC9: ??? (in /usr/bin/bash)
==2364==    by 0x137544: main (in /usr/bin/bash)
==2364== 
==2364== 48 bytes in 1 blocks are still reachable in loss record 262 of 304
==2364==    at 0x483B7F3: malloc (in /usr/lib/x86_64-linux-gnu/valgrind/vgpreload_memcheck-amd64-linux.so)
==2364==    by 0x1984F3: xmalloc (in /usr/bin/bash)
==2364==    by 0x1544C3: ??? (in /usr/bin/bash)
==2364==    by 0x157FCF: ??? (in /usr/bin/bash)
==2364==    by 0x15805C: ??? (in /usr/bin/bash)
==2364==    by 0x15B205: initialize_shell_variables (in /usr/bin/bash)
==2364==    by 0x138DC9: ??? (in /usr/bin/bash)
==2364==    by 0x137544: main (in /usr/bin/bash)
==2364== 
==2364== 48 bytes in 1 blocks are still reachable in loss record 263 of 304
==2364==    at 0x483B7F3: malloc (in /usr/lib/x86_64-linux-gnu/valgrind/vgpreload_memcheck-amd64-linux.so)
==2364==    by 0x1984F3: xmalloc (in /usr/bin/bash)
==2364==    by 0x1544C3: ??? (in /usr/bin/bash)
==2364==    by 0x157FCF: ??? (in /usr/bin/bash)
==2364==    by 0x15805C: ??? (in /usr/bin/bash)
==2364==    by 0x15B228: initialize_shell_variables (in /usr/bin/bash)
==2364==    by 0x138DC9: ??? (in /usr/bin/bash)
==2364==    by 0x137544: main (in /usr/bin/bash)
==2364== 
==2364== 48 bytes in 1 blocks are still reachable in loss record 264 of 304
==2364==    at 0x483B7F3: malloc (in /usr/lib/x86_64-linux-gnu/valgrind/vgpreload_memcheck-amd64-linux.so)
==2364==    by 0x1984F3: xmalloc (in /usr/bin/bash)
==2364==    by 0x1544C3: ??? (in /usr/bin/bash)
==2364==    by 0x157FCF: ??? (in /usr/bin/bash)
==2364==    by 0x15805C: ??? (in /usr/bin/bash)
==2364==    by 0x15B24E: initialize_shell_variables (in /usr/bin/bash)
==2364==    by 0x138DC9: ??? (in /usr/bin/bash)
==2364==    by 0x137544: main (in /usr/bin/bash)
==2364== 
==2364== 48 bytes in 1 blocks are still reachable in loss record 265 of 304
==2364==    at 0x483B7F3: malloc (in /usr/lib/x86_64-linux-gnu/valgrind/vgpreload_memcheck-amd64-linux.so)
==2364==    by 0x1984F3: xmalloc (in /usr/bin/bash)
==2364==    by 0x1544C3: ??? (in /usr/bin/bash)
==2364==    by 0x157FCF: ??? (in /usr/bin/bash)
==2364==    by 0x15805C: ??? (in /usr/bin/bash)
==2364==    by 0x15B27B: initialize_shell_variables (in /usr/bin/bash)
==2364==    by 0x138DC9: ??? (in /usr/bin/bash)
==2364==    by 0x137544: main (in /usr/bin/bash)
==2364== 
==2364== 48 bytes in 1 blocks are still reachable in loss record 266 of 304
==2364==    at 0x483B7F3: malloc (in /usr/lib/x86_64-linux-gnu/valgrind/vgpreload_memcheck-amd64-linux.so)
==2364==    by 0x1984F3: xmalloc (in /usr/bin/bash)
==2364==    by 0x1544C3: ??? (in /usr/bin/bash)
==2364==    by 0x157FCF: ??? (in /usr/bin/bash)
==2364==    by 0x15805C: ??? (in /usr/bin/bash)
==2364==    by 0x15B2A2: initialize_shell_variables (in /usr/bin/bash)
==2364==    by 0x138DC9: ??? (in /usr/bin/bash)
==2364==    by 0x137544: main (in /usr/bin/bash)
==2364== 
==2364== 48 bytes in 1 blocks are still reachable in loss record 267 of 304
==2364==    at 0x483B7F3: malloc (in /usr/lib/x86_64-linux-gnu/valgrind/vgpreload_memcheck-amd64-linux.so)
==2364==    by 0x1984F3: xmalloc (in /usr/bin/bash)
==2364==    by 0x1544C3: ??? (in /usr/bin/bash)
==2364==    by 0x157FCF: ??? (in /usr/bin/bash)
==2364==    by 0x158D55: make_new_array_variable (in /usr/bin/bash)
==2364==    by 0x158DA7: ??? (in /usr/bin/bash)
==2364==    by 0x15B2CD: initialize_shell_variables (in /usr/bin/bash)
==2364==    by 0x138DC9: ??? (in /usr/bin/bash)
==2364==    by 0x137544: main (in /usr/bin/bash)
==2364== 
==2364== 48 bytes in 1 blocks are still reachable in loss record 268 of 304
==2364==    at 0x483B7F3: malloc (in /usr/lib/x86_64-linux-gnu/valgrind/vgpreload_memcheck-amd64-linux.so)
==2364==    by 0x1984F3: xmalloc (in /usr/bin/bash)
==2364==    by 0x1544C3: ??? (in /usr/bin/bash)
==2364==    by 0x157FCF: ??? (in /usr/bin/bash)
==2364==    by 0x158D55: make_new_array_variable (in /usr/bin/bash)
==2364==    by 0x158DA7: ??? (in /usr/bin/bash)
==2364==    by 0x15B2EC: initialize_shell_variables (in /usr/bin/bash)
==2364==    by 0x138DC9: ??? (in /usr/bin/bash)
==2364==    by 0x137544: main (in /usr/bin/bash)
==2364== 
==2364== 48 bytes in 1 blocks are still reachable in loss record 269 of 304
==2364==    at 0x483B7F3: malloc (in /usr/lib/x86_64-linux-gnu/valgrind/vgpreload_memcheck-amd64-linux.so)
==2364==    by 0x1984F3: xmalloc (in /usr/bin/bash)
==2364==    by 0x1544C3: ??? (in /usr/bin/bash)
==2364==    by 0x157FCF: ??? (in /usr/bin/bash)
==2364==    by 0x158D55: make_new_array_variable (in /usr/bin/bash)
==2364==    by 0x158DA7: ??? (in /usr/bin/bash)
==2364==    by 0x15B30B: initialize_shell_variables (in /usr/bin/bash)
==2364==    by 0x138DC9: ??? (in /usr/bin/bash)
==2364==    by 0x137544: main (in /usr/bin/bash)
==2364== 
==2364== 48 bytes in 1 blocks are still reachable in loss record 270 of 304
==2364==    at 0x483B7F3: malloc (in /usr/lib/x86_64-linux-gnu/valgrind/vgpreload_memcheck-amd64-linux.so)
==2364==    by 0x1984F3: xmalloc (in /usr/bin/bash)
==2364==    by 0x1544C3: ??? (in /usr/bin/bash)
==2364==    by 0x157FCF: ??? (in /usr/bin/bash)
==2364==    by 0x158D55: make_new_array_variable (in /usr/bin/bash)
==2364==    by 0x158DA7: ??? (in /usr/bin/bash)
==2364==    by 0x15B32A: initialize_shell_variables (in /usr/bin/bash)
==2364==    by 0x138DC9: ??? (in /usr/bin/bash)
==2364==    by 0x137544: main (in /usr/bin/bash)
==2364== 
==2364== 48 bytes in 1 blocks are still reachable in loss record 271 of 304
==2364==    at 0x483B7F3: malloc (in /usr/lib/x86_64-linux-gnu/valgrind/vgpreload_memcheck-amd64-linux.so)
==2364==    by 0x1984F3: xmalloc (in /usr/bin/bash)
==2364==    by 0x1544C3: ??? (in /usr/bin/bash)
==2364==    by 0x157FCF: ??? (in /usr/bin/bash)
==2364==    by 0x158D55: make_new_array_variable (in /usr/bin/bash)
==2364==    by 0x158DA7: ??? (in /usr/bin/bash)
==2364==    by 0x15B349: initialize_shell_variables (in /usr/bin/bash)
==2364==    by 0x138DC9: ??? (in /usr/bin/bash)
==2364==    by 0x137544: main (in /usr/bin/bash)
==2364== 
==2364== 48 bytes in 1 blocks are still reachable in loss record 272 of 304
==2364==    at 0x483B7F3: malloc (in /usr/lib/x86_64-linux-gnu/valgrind/vgpreload_memcheck-amd64-linux.so)
==2364==    by 0x1984F3: xmalloc (in /usr/bin/bash)
==2364==    by 0x1544C3: ??? (in /usr/bin/bash)
==2364==    by 0x157FCF: ??? (in /usr/bin/bash)
==2364==    by 0x158D55: make_new_array_variable (in /usr/bin/bash)
==2364==    by 0x158DA7: ??? (in /usr/bin/bash)
==2364==    by 0x15B368: initialize_shell_variables (in /usr/bin/bash)
==2364==    by 0x138DC9: ??? (in /usr/bin/bash)
==2364==    by 0x137544: main (in /usr/bin/bash)
==2364== 
==2364== 48 bytes in 1 blocks are still reachable in loss record 273 of 304
==2364==    at 0x483B7F3: malloc (in /usr/lib/x86_64-linux-gnu/valgrind/vgpreload_memcheck-amd64-linux.so)
==2364==    by 0x1984F3: xmalloc (in /usr/bin/bash)
==2364==    by 0x1544C3: ??? (in /usr/bin/bash)
==2364==    by 0x157FCF: ??? (in /usr/bin/bash)
==2364==    by 0x158DE5: make_new_assoc_variable (in /usr/bin/bash)
==2364==    by 0x15B6A9: initialize_shell_variables (in /usr/bin/bash)
==2364==    by 0x138DC9: ??? (in /usr/bin/bash)
==2364==    by 0x137544: main (in /usr/bin/bash)
==2364== 
==2364== 48 bytes in 1 blocks are still reachable in loss record 274 of 304
==2364==    at 0x483B7F3: malloc (in /usr/lib/x86_64-linux-gnu/valgrind/vgpreload_memcheck-amd64-linux.so)
==2364==    by 0x1984F3: xmalloc (in /usr/bin/bash)
==2364==    by 0x1544C3: ??? (in /usr/bin/bash)
==2364==    by 0x157FCF: ??? (in /usr/bin/bash)
==2364==    by 0x158DE5: make_new_assoc_variable (in /usr/bin/bash)
==2364==    by 0x15B67B: initialize_shell_variables (in /usr/bin/bash)
==2364==    by 0x138DC9: ??? (in /usr/bin/bash)
==2364==    by 0x137544: main (in /usr/bin/bash)
==2364== 
==2364== 48 bytes in 1 blocks are still reachable in loss record 275 of 304
==2364==    at 0x483B7F3: malloc (in /usr/lib/x86_64-linux-gnu/valgrind/vgpreload_memcheck-amd64-linux.so)
==2364==    by 0x1984F3: xmalloc (in /usr/bin/bash)
==2364==    by 0x1544C3: ??? (in /usr/bin/bash)
==2364==    by 0x157FCF: ??? (in /usr/bin/bash)
==2364==    by 0x158D55: make_new_array_variable (in /usr/bin/bash)
==2364==    by 0x15B64D: initialize_shell_variables (in /usr/bin/bash)
==2364==    by 0x138DC9: ??? (in /usr/bin/bash)
==2364==    by 0x137544: main (in /usr/bin/bash)
==2364== 
==2364== 48 bytes in 1 blocks are still reachable in loss record 276 of 304
==2364==    at 0x483B7F3: malloc (in /usr/lib/x86_64-linux-gnu/valgrind/vgpreload_memcheck-amd64-linux.so)
==2364==    by 0x1984F3: xmalloc (in /usr/bin/bash)
==2364==    by 0x1544C3: ??? (in /usr/bin/bash)
==2364==    by 0x157FCF: ??? (in /usr/bin/bash)
==2364==    by 0x15805C: ??? (in /usr/bin/bash)
==2364==    by 0x1A76E0: set_shellopts (in /usr/bin/bash)
==2364==    by 0x138DFD: ??? (in /usr/bin/bash)
==2364==    by 0x137544: main (in /usr/bin/bash)
==2364== 
==2364== 48 bytes in 1 blocks are still reachable in loss record 277 of 304
==2364==    at 0x483B7F3: malloc (in /usr/lib/x86_64-linux-gnu/valgrind/vgpreload_memcheck-amd64-linux.so)
==2364==    by 0x1984F3: xmalloc (in /usr/bin/bash)
==2364==    by 0x1544C3: ??? (in /usr/bin/bash)
==2364==    by 0x157FCF: ??? (in /usr/bin/bash)
==2364==    by 0x15805C: ??? (in /usr/bin/bash)
==2364==    by 0x1AC4B0: set_bashopts (in /usr/bin/bash)
==2364==    by 0x138E1C: ??? (in /usr/bin/bash)
==2364==    by 0x137544: main (in /usr/bin/bash)
==2364== 
==2364== 48 bytes in 1 blocks are still reachable in loss record 278 of 304
==2364==    at 0x483B7F3: malloc (in /usr/lib/x86_64-linux-gnu/valgrind/vgpreload_memcheck-amd64-linux.so)
==2364==    by 0x1984F3: xmalloc (in /usr/bin/bash)
==2364==    by 0x17E939: fd_to_buffered_stream (in /usr/bin/bash)
==2364==    by 0x17EF54: with_input_from_buffered_stream (in /usr/bin/bash)
==2364==    by 0x137DC4: main (in /usr/bin/bash)
==2364== 
==2364== 48 bytes in 1 blocks are still reachable in loss record 279 of 304
==2364==    at 0x483B7F3: malloc (in /usr/lib/x86_64-linux-gnu/valgrind/vgpreload_memcheck-amd64-linux.so)
==2364==    by 0x1984F3: xmalloc (in /usr/bin/bash)
==2364==    by 0x1544C3: ??? (in /usr/bin/bash)
==2364==    by 0x157FCF: ??? (in /usr/bin/bash)
==2364==    by 0x158D55: make_new_array_variable (in /usr/bin/bash)
==2364==    by 0x15C10B: set_pipestatus_array (in /usr/bin/bash)
==2364==    by 0x15172F: execute_command_internal (in /usr/bin/bash)
==2364==    by 0x1519D9: execute_command (in /usr/bin/bash)
==2364==    by 0x139664: reader_loop (in /usr/bin/bash)
==2364==    by 0x137EF8: main (in /usr/bin/bash)
==2364== 
==2364== 61 bytes in 1 blocks are still reachable in loss record 280 of 304
==2364==    at 0x483B7F3: malloc (in /usr/lib/x86_64-linux-gnu/valgrind/vgpreload_memcheck-amd64-linux.so)
==2364==    by 0x1984F3: xmalloc (in /usr/bin/bash)
==2364==    by 0x156DA1: make_variable_value (in /usr/bin/bash)
==2364==    by 0x15806D: ??? (in /usr/bin/bash)
==2364==    by 0x15AB1F: initialize_shell_variables (in /usr/bin/bash)
==2364==    by 0x138DC9: ??? (in /usr/bin/bash)
==2364==    by 0x137544: main (in /usr/bin/bash)
==2364== 
==2364== 64 bytes in 1 blocks are still reachable in loss record 281 of 304
==2364==    at 0x483B7F3: malloc (in /usr/lib/x86_64-linux-gnu/valgrind/vgpreload_memcheck-amd64-linux.so)
==2364==    by 0x1984F3: xmalloc (in /usr/bin/bash)
==2364==    by 0x149383: ??? (in /usr/bin/bash)
==2364==    by 0x149402: ??? (in /usr/bin/bash)
==2364==    by 0x1496BF: ??? (in /usr/bin/bash)
==2364==    by 0x14AE57: print_simple_command (in /usr/bin/bash)
==2364==    by 0x14F903: execute_command_internal (in /usr/bin/bash)
==2364==    by 0x1519D9: execute_command (in /usr/bin/bash)
==2364==    by 0x139664: reader_loop (in /usr/bin/bash)
==2364==    by 0x137EF8: main (in /usr/bin/bash)
==2364== 
==2364== 128 bytes in 1 blocks are still reachable in loss record 282 of 304
==2364==    at 0x483B7F3: malloc (in /usr/lib/x86_64-linux-gnu/valgrind/vgpreload_memcheck-amd64-linux.so)
==2364==    by 0x1984F3: xmalloc (in /usr/bin/bash)
==2364==    by 0x17E92C: fd_to_buffered_stream (in /usr/bin/bash)
==2364==    by 0x17EF54: with_input_from_buffered_stream (in /usr/bin/bash)
==2364==    by 0x137DC4: main (in /usr/bin/bash)
==2364== 
==2364== 144 bytes in 1 blocks are still reachable in loss record 283 of 304
==2364==    at 0x483B7F3: malloc (in /usr/lib/x86_64-linux-gnu/valgrind/vgpreload_memcheck-amd64-linux.so)
==2364==    by 0x1984F3: xmalloc (in /usr/bin/bash)
==2364==    by 0x156DA1: make_variable_value (in /usr/bin/bash)
==2364==    by 0x15806D: ??? (in /usr/bin/bash)
==2364==    by 0x1AC4B0: set_bashopts (in /usr/bin/bash)
==2364==    by 0x138E1C: ??? (in /usr/bin/bash)
==2364==    by 0x137544: main (in /usr/bin/bash)
==2364== 
==2364== 150 bytes in 11 blocks are still reachable in loss record 284 of 304
==2364==    at 0x483B7F3: malloc (in /usr/lib/x86_64-linux-gnu/valgrind/vgpreload_memcheck-amd64-linux.so)
==2364==    by 0x1984F3: xmalloc (in /usr/bin/bash)
==2364==    by 0x1544D7: ??? (in /usr/bin/bash)
==2364==    by 0x157FCF: ??? (in /usr/bin/bash)
==2364==    by 0x15805C: ??? (in /usr/bin/bash)
==2364==    by 0x15AD0C: initialize_shell_variables (in /usr/bin/bash)
==2364==    by 0x138DC9: ??? (in /usr/bin/bash)
==2364==    by 0x137544: main (in /usr/bin/bash)
==2364== 
==2364== 150 bytes in 11 blocks are still reachable in loss record 285 of 304
==2364==    at 0x483B7F3: malloc (in /usr/lib/x86_64-linux-gnu/valgrind/vgpreload_memcheck-amd64-linux.so)
==2364==    by 0x1984F3: xmalloc (in /usr/bin/bash)
==2364==    by 0x157FED: ??? (in /usr/bin/bash)
==2364==    by 0x15805C: ??? (in /usr/bin/bash)
==2364==    by 0x15AD0C: initialize_shell_variables (in /usr/bin/bash)
==2364==    by 0x138DC9: ??? (in /usr/bin/bash)
==2364==    by 0x137544: main (in /usr/bin/bash)
==2364== 
==2364== 223 bytes in 8 blocks are still reachable in loss record 286 of 304
==2364==    at 0x483B7F3: malloc (in /usr/lib/x86_64-linux-gnu/valgrind/vgpreload_memcheck-amd64-linux.so)
==2364==    by 0x1984F3: xmalloc (in /usr/bin/bash)
==2364==    by 0x156DA1: make_variable_value (in /usr/bin/bash)
==2364==    by 0x15806D: ??? (in /usr/bin/bash)
==2364==    by 0x15AD0C: initialize_shell_variables (in /usr/bin/bash)
==2364==    by 0x138DC9: ??? (in /usr/bin/bash)
==2364==    by 0x137544: main (in /usr/bin/bash)
==2364== 
==2364== 224 bytes in 7 blocks are still reachable in loss record 287 of 304
==2364==    at 0x483B7F3: malloc (in /usr/lib/x86_64-linux-gnu/valgrind/vgpreload_memcheck-amd64-linux.so)
==2364==    by 0x1984F3: xmalloc (in /usr/bin/bash)
==2364==    by 0x17F66E: unwind_protect_mem (in /usr/bin/bash)
==2364==    by 0x14FD00: execute_command_internal (in /usr/bin/bash)
==2364==    by 0x1519D9: execute_command (in /usr/bin/bash)
==2364==    by 0x139664: reader_loop (in /usr/bin/bash)
==2364==    by 0x137EF8: main (in /usr/bin/bash)
==2364== 
==2364== 224 bytes in 7 blocks are still reachable in loss record 288 of 304
==2364==    at 0x483B7F3: malloc (in /usr/lib/x86_64-linux-gnu/valgrind/vgpreload_memcheck-amd64-linux.so)
==2364==    by 0x1984F3: xmalloc (in /usr/bin/bash)
==2364==    by 0x17F66E: unwind_protect_mem (in /usr/bin/bash)
==2364==    by 0x14FD11: execute_command_internal (in /usr/bin/bash)
==2364==    by 0x1519D9: execute_command (in /usr/bin/bash)
==2364==    by 0x139664: reader_loop (in /usr/bin/bash)
==2364==    by 0x137EF8: main (in /usr/bin/bash)
==2364== 
==2364== 256 bytes in 1 blocks are still reachable in loss record 289 of 304
==2364==    at 0x483B7F3: malloc (in /usr/lib/x86_64-linux-gnu/valgrind/vgpreload_memcheck-amd64-linux.so)
==2364==    by 0x198577: xrealloc (in /usr/bin/bash)
==2364==    by 0x13C3B7: ??? (in /usr/bin/bash)
==2364==    by 0x13F5C9: ??? (in /usr/bin/bash)
==2364==    by 0x142EC7: yyparse (in /usr/bin/bash)
==2364==    by 0x13929A: parse_command (in /usr/bin/bash)
==2364==    by 0x1393A6: read_command (in /usr/bin/bash)
==2364==    by 0x1395C9: reader_loop (in /usr/bin/bash)
==2364==    by 0x137EF8: main (in /usr/bin/bash)
==2364== 
==2364== 352 bytes in 11 blocks are still reachable in loss record 290 of 304
==2364==    at 0x483B7F3: malloc (in /usr/lib/x86_64-linux-gnu/valgrind/vgpreload_memcheck-amd64-linux.so)
==2364==    by 0x1984F3: xmalloc (in /usr/bin/bash)
==2364==    by 0x17BBFB: hash_insert (in /usr/bin/bash)
==2364==    by 0x158008: ??? (in /usr/bin/bash)
==2364==    by 0x15805C: ??? (in /usr/bin/bash)
==2364==    by 0x15AD0C: initialize_shell_variables (in /usr/bin/bash)
==2364==    by 0x138DC9: ??? (in /usr/bin/bash)
==2364==    by 0x137544: main (in /usr/bin/bash)
==2364== 
==2364== 376 bytes in 11 blocks are still reachable in loss record 291 of 304
==2364==    at 0x483B7F3: malloc (in /usr/lib/x86_64-linux-gnu/valgrind/vgpreload_memcheck-amd64-linux.so)
==2364==    by 0x1984F3: xmalloc (in /usr/bin/bash)
==2364==    by 0x15AD62: initialize_shell_variables (in /usr/bin/bash)
==2364==    by 0x138DC9: ??? (in /usr/bin/bash)
==2364==    by 0x137544: main (in /usr/bin/bash)
==2364== 
==2364== 376 bytes in 11 blocks are still reachable in loss record 292 of 304
==2364==    at 0x483B7F3: malloc (in /usr/lib/x86_64-linux-gnu/valgrind/vgpreload_memcheck-amd64-linux.so)
==2364==    by 0x1984F3: xmalloc (in /usr/bin/bash)
==2364==    by 0x155585: ??? (in /usr/bin/bash)
==2364==    by 0x159B3E: ??? (in /usr/bin/bash)
==2364==    by 0x191D94: ??? (in /usr/bin/bash)
==2364==    by 0x192108: set_locale_var (in /usr/bin/bash)
==2364==    by 0x192302: set_default_lang (in /usr/bin/bash)
==2364==    by 0x137549: main (in /usr/bin/bash)
==2364== 
==2364== 440 bytes in 1 blocks are still reachable in loss record 293 of 304
==2364==    at 0x483B7F3: malloc (in /usr/lib/x86_64-linux-gnu/valgrind/vgpreload_memcheck-amd64-linux.so)
==2364==    by 0x198577: xrealloc (in /usr/bin/bash)
==2364==    by 0x159B62: ??? (in /usr/bin/bash)
==2364==    by 0x191D94: ??? (in /usr/bin/bash)
==2364==    by 0x192108: set_locale_var (in /usr/bin/bash)
==2364==    by 0x192302: set_default_lang (in /usr/bin/bash)
==2364==    by 0x137549: main (in /usr/bin/bash)
==2364== 
==2364== 496 bytes in 1 blocks are still reachable in loss record 294 of 304
==2364==    at 0x483B7F3: malloc (in /usr/lib/x86_64-linux-gnu/valgrind/vgpreload_memcheck-amd64-linux.so)
==2364==    by 0x198577: xrealloc (in /usr/bin/bash)
==2364==    by 0x140A3A: ??? (in /usr/bin/bash)
==2364==    by 0x142EC7: yyparse (in /usr/bin/bash)
==2364==    by 0x13929A: parse_command (in /usr/bin/bash)
==2364==    by 0x1393A6: read_command (in /usr/bin/bash)
==2364==    by 0x1395C9: reader_loop (in /usr/bin/bash)
==2364==    by 0x137EF8: main (in /usr/bin/bash)
==2364== 
==2364== 528 bytes in 11 blocks are still reachable in loss record 295 of 304
==2364==    at 0x483B7F3: malloc (in /usr/lib/x86_64-linux-gnu/valgrind/vgpreload_memcheck-amd64-linux.so)
==2364==    by 0x1984F3: xmalloc (in /usr/bin/bash)
==2364==    by 0x1544C3: ??? (in /usr/bin/bash)
==2364==    by 0x157FCF: ??? (in /usr/bin/bash)
==2364==    by 0x15805C: ??? (in /usr/bin/bash)
==2364==    by 0x15AD0C: initialize_shell_variables (in /usr/bin/bash)
==2364==    by 0x138DC9: ??? (in /usr/bin/bash)
==2364==    by 0x137544: main (in /usr/bin/bash)
==2364== 
==2364== 1,024 bytes in 1 blocks are still reachable in loss record 296 of 304
==2364==    at 0x483B7F3: malloc (in /usr/lib/x86_64-linux-gnu/valgrind/vgpreload_memcheck-amd64-linux.so)
==2364==    by 0x1984F3: xmalloc (in /usr/bin/bash)
==2364==    by 0x17B70C: hash_create (in /usr/bin/bash)
==2364==    by 0x158DEF: make_new_assoc_variable (in /usr/bin/bash)
==2364==    by 0x15B6A9: initialize_shell_variables (in /usr/bin/bash)
==2364==    by 0x138DC9: ??? (in /usr/bin/bash)
==2364==    by 0x137544: main (in /usr/bin/bash)
==2364== 
==2364== 1,024 bytes in 1 blocks are still reachable in loss record 297 of 304
==2364==    at 0x483B7F3: malloc (in /usr/lib/x86_64-linux-gnu/valgrind/vgpreload_memcheck-amd64-linux.so)
==2364==    by 0x1984F3: xmalloc (in /usr/bin/bash)
==2364==    by 0x17B70C: hash_create (in /usr/bin/bash)
==2364==    by 0x158DEF: make_new_assoc_variable (in /usr/bin/bash)
==2364==    by 0x15B67B: initialize_shell_variables (in /usr/bin/bash)
==2364==    by 0x138DC9: ??? (in /usr/bin/bash)
==2364==    by 0x137544: main (in /usr/bin/bash)
==2364== 
==2364== 1,024 bytes in 1 blocks are still reachable in loss record 298 of 304
==2364==    at 0x483B7F3: malloc (in /usr/lib/x86_64-linux-gnu/valgrind/vgpreload_memcheck-amd64-linux.so)
==2364==    by 0x1984F3: xmalloc (in /usr/bin/bash)
==2364==    by 0x147FC1: cmd_init (in /usr/bin/bash)
==2364==    by 0x137690: main (in /usr/bin/bash)
==2364== 
==2364== 1,024 bytes in 1 blocks are still reachable in loss record 299 of 304
==2364==    at 0x483B7F3: malloc (in /usr/lib/x86_64-linux-gnu/valgrind/vgpreload_memcheck-amd64-linux.so)
==2364==    by 0x1984F3: xmalloc (in /usr/bin/bash)
==2364==    by 0x147FDD: cmd_init (in /usr/bin/bash)
==2364==    by 0x137690: main (in /usr/bin/bash)
==2364== 
==2364== 1,024 bytes in 1 blocks are still reachable in loss record 300 of 304
==2364==    at 0x483B7F3: malloc (in /usr/lib/x86_64-linux-gnu/valgrind/vgpreload_memcheck-amd64-linux.so)
==2364==    by 0x1984F3: xmalloc (in /usr/bin/bash)
==2364==    by 0x17F291: uwp_init (in /usr/bin/bash)
==2364==    by 0x137695: main (in /usr/bin/bash)
==2364== 
==2364== 2,200 bytes in 1 blocks are still reachable in loss record 301 of 304
==2364==    at 0x483B7F3: malloc (in /usr/lib/x86_64-linux-gnu/valgrind/vgpreload_memcheck-amd64-linux.so)
==2364==    by 0x198577: xrealloc (in /usr/bin/bash)
==2364==    by 0x17E446: ??? (in /usr/bin/bash)
==2364==    by 0x17E9B8: fd_to_buffered_stream (in /usr/bin/bash)
==2364==    by 0x17EF54: with_input_from_buffered_stream (in /usr/bin/bash)
==2364==    by 0x137DC4: main (in /usr/bin/bash)
==2364== 
==2364== 4,096 bytes in 1 blocks are still reachable in loss record 302 of 304
==2364==    at 0x483B7F3: malloc (in /usr/lib/x86_64-linux-gnu/valgrind/vgpreload_memcheck-amd64-linux.so)
==2364==    by 0x1984F3: xmalloc (in /usr/bin/bash)
==2364==    by 0x17B74B: hash_create (in /usr/bin/bash)
==2364==    by 0x157FA9: ??? (in /usr/bin/bash)
==2364==    by 0x15AAAB: initialize_shell_variables (in /usr/bin/bash)
==2364==    by 0x138DC9: ??? (in /usr/bin/bash)
==2364==    by 0x137544: main (in /usr/bin/bash)
==2364== 
==2364== 4,096 bytes in 1 blocks are still reachable in loss record 303 of 304
==2364==    at 0x483B7F3: malloc (in /usr/lib/x86_64-linux-gnu/valgrind/vgpreload_memcheck-amd64-linux.so)
==2364==    by 0x1984F3: xmalloc (in /usr/bin/bash)
==2364==    by 0x17B74B: hash_create (in /usr/bin/bash)
==2364==    by 0x157F51: ??? (in /usr/bin/bash)
==2364==    by 0x15AAAB: initialize_shell_variables (in /usr/bin/bash)
==2364==    by 0x138DC9: ??? (in /usr/bin/bash)
==2364==    by 0x137544: main (in /usr/bin/bash)
==2364== 
==2364== 8,192 bytes in 1 blocks are still reachable in loss record 304 of 304
==2364==    at 0x483B7F3: malloc (in /usr/lib/x86_64-linux-gnu/valgrind/vgpreload_memcheck-amd64-linux.so)
==2364==    by 0x1984F3: xmalloc (in /usr/bin/bash)
==2364==    by 0x17B74B: hash_create (in /usr/bin/bash)
==2364==    by 0x157F8A: ??? (in /usr/bin/bash)
==2364==    by 0x15AAAB: initialize_shell_variables (in /usr/bin/bash)
==2364==    by 0x138DC9: ??? (in /usr/bin/bash)
==2364==    by 0x137544: main (in /usr/bin/bash)
==2364== 
==2364== LEAK SUMMARY:
==2364==    definitely lost: 2 bytes in 1 blocks
==2364==    indirectly lost: 0 bytes in 0 blocks
==2364==      possibly lost: 0 bytes in 0 blocks
==2364==    still reachable: 34,255 bytes in 386 blocks
==2364==         suppressed: 0 bytes in 0 blocks
==2364== 
==2364== For lists of detected and suppressed errors, rerun with: -s
==2364== ERROR SUMMARY: 1 errors from 1 contexts (suppressed: 0 from 0)
HTTP/1.1 200 OK
Content-Length: 61

HELLO\n
2364
\n
Press [CTRL+C] to stop...
/s1.sh
HTTP/1.1
\n
<<<<<<<<<<<<<<<<<<<<<<<<<<<<<<<<<<127.0.0.1==2365== Memcheck, a memory error detector
==2365== Copyright (C) 2002-2017, and GNU GPL'd, by Julian Seward et al.
==2365== Using Valgrind-3.15.0 and LibVEX; rerun with -h for copyright info
==2365== Command: /home/vscode/src/www/cgi/s1.sh
==2365== 
==2365== 
==2365== HEAP SUMMARY:
==2365==     in use at exit: 34,257 bytes in 387 blocks
==2365==   total heap usage: 587 allocs, 200 frees, 61,534 bytes allocated
==2365== 
==2365== 1 bytes in 1 blocks are still reachable in loss record 1 of 304
==2365==    at 0x483B7F3: malloc (in /usr/lib/x86_64-linux-gnu/valgrind/vgpreload_memcheck-amd64-linux.so)
==2365==    by 0x1984F3: xmalloc (in /usr/bin/bash)
==2365==    by 0x1920F9: set_locale_var (in /usr/bin/bash)
==2365==    by 0x192302: set_default_lang (in /usr/bin/bash)
==2365==    by 0x137549: main (in /usr/bin/bash)
==2365== 
==2365== 1 bytes in 1 blocks are still reachable in loss record 2 of 304
==2365==    at 0x483B7F3: malloc (in /usr/lib/x86_64-linux-gnu/valgrind/vgpreload_memcheck-amd64-linux.so)
==2365==    by 0x1984F3: xmalloc (in /usr/bin/bash)
==2365==    by 0x191E21: set_lang (in /usr/bin/bash)
==2365==    by 0x137549: main (in /usr/bin/bash)
==2365== 
==2365== 2 bytes in 1 blocks are still reachable in loss record 3 of 304
==2365==    at 0x483B7F3: malloc (in /usr/lib/x86_64-linux-gnu/valgrind/vgpreload_memcheck-amd64-linux.so)
==2365==    by 0x1984F3: xmalloc (in /usr/bin/bash)
==2365==    by 0x1544D7: ??? (in /usr/bin/bash)
==2365==    by 0x157FCF: ??? (in /usr/bin/bash)
==2365==    by 0x15805C: ??? (in /usr/bin/bash)
==2365==    by 0x15AB01: initialize_shell_variables (in /usr/bin/bash)
==2365==    by 0x138DC9: ??? (in /usr/bin/bash)
==2365==    by 0x137544: main (in /usr/bin/bash)
==2365== 
==2365== 2 bytes in 1 blocks are still reachable in loss record 4 of 304
==2365==    at 0x483B7F3: malloc (in /usr/lib/x86_64-linux-gnu/valgrind/vgpreload_memcheck-amd64-linux.so)
==2365==    by 0x1984F3: xmalloc (in /usr/bin/bash)
==2365==    by 0x157FED: ??? (in /usr/bin/bash)
==2365==    by 0x15805C: ??? (in /usr/bin/bash)
==2365==    by 0x15AB01: initialize_shell_variables (in /usr/bin/bash)
==2365==    by 0x138DC9: ??? (in /usr/bin/bash)
==2365==    by 0x137544: main (in /usr/bin/bash)
==2365== 
==2365== 2 bytes in 1 blocks are still reachable in loss record 5 of 304
==2365==    at 0x483B7F3: malloc (in /usr/lib/x86_64-linux-gnu/valgrind/vgpreload_memcheck-amd64-linux.so)
==2365==    by 0x1984F3: xmalloc (in /usr/bin/bash)
==2365==    by 0x156DA1: make_variable_value (in /usr/bin/bash)
==2365==    by 0x15806D: ??? (in /usr/bin/bash)
==2365==    by 0x15929E: adjust_shell_level (in /usr/bin/bash)
==2365==    by 0x15AC10: initialize_shell_variables (in /usr/bin/bash)
==2365==    by 0x138DC9: ??? (in /usr/bin/bash)
==2365==    by 0x137544: main (in /usr/bin/bash)
==2365== 
==2365== 2 bytes in 1 blocks are still reachable in loss record 6 of 304
==2365==    at 0x483B7F3: malloc (in /usr/lib/x86_64-linux-gnu/valgrind/vgpreload_memcheck-amd64-linux.so)
==2365==    by 0x1984F3: xmalloc (in /usr/bin/bash)
==2365==    by 0x156DA1: make_variable_value (in /usr/bin/bash)
==2365==    by 0x15806D: ??? (in /usr/bin/bash)
==2365==    by 0x15AC2A: initialize_shell_variables (in /usr/bin/bash)
==2365==    by 0x138DC9: ??? (in /usr/bin/bash)
==2365==    by 0x137544: main (in /usr/bin/bash)
==2365== 
==2365== 2 bytes in 1 blocks are still reachable in loss record 7 of 304
==2365==    at 0x483B7F3: malloc (in /usr/lib/x86_64-linux-gnu/valgrind/vgpreload_memcheck-amd64-linux.so)
==2365==    by 0x1984F3: xmalloc (in /usr/bin/bash)
==2365==    by 0x156DA1: make_variable_value (in /usr/bin/bash)
==2365==    by 0x15806D: ??? (in /usr/bin/bash)
==2365==    by 0x15AC4A: initialize_shell_variables (in /usr/bin/bash)
==2365==    by 0x138DC9: ??? (in /usr/bin/bash)
==2365==    by 0x137544: main (in /usr/bin/bash)
==2365== 
==2365== 2 bytes in 1 blocks are still reachable in loss record 8 of 304
==2365==    at 0x483B7F3: malloc (in /usr/lib/x86_64-linux-gnu/valgrind/vgpreload_memcheck-amd64-linux.so)
==2365==    by 0x1984F3: xmalloc (in /usr/bin/bash)
==2365==    by 0x183473: array_create_element (in /usr/bin/bash)
==2365==    by 0x183987: array_insert (in /usr/bin/bash)
==2365==    by 0x15AF24: initialize_shell_variables (in /usr/bin/bash)
==2365==    by 0x138DC9: ??? (in /usr/bin/bash)
==2365==    by 0x137544: main (in /usr/bin/bash)
==2365== 
==2365== 2 bytes in 1 blocks are still reachable in loss record 9 of 304
==2365==    at 0x483B7F3: malloc (in /usr/lib/x86_64-linux-gnu/valgrind/vgpreload_memcheck-amd64-linux.so)
==2365==    by 0x1984F3: xmalloc (in /usr/bin/bash)
==2365==    by 0x183473: array_create_element (in /usr/bin/bash)
==2365==    by 0x183987: array_insert (in /usr/bin/bash)
==2365==    by 0x15AF34: initialize_shell_variables (in /usr/bin/bash)
==2365==    by 0x138DC9: ??? (in /usr/bin/bash)
==2365==    by 0x137544: main (in /usr/bin/bash)
==2365== 
==2365== 2 bytes in 1 blocks are still reachable in loss record 10 of 304
==2365==    at 0x483B7F3: malloc (in /usr/lib/x86_64-linux-gnu/valgrind/vgpreload_memcheck-amd64-linux.so)
==2365==    by 0x1984F3: xmalloc (in /usr/bin/bash)
==2365==    by 0x183473: array_create_element (in /usr/bin/bash)
==2365==    by 0x183987: array_insert (in /usr/bin/bash)
==2365==    by 0x15AF81: initialize_shell_variables (in /usr/bin/bash)
==2365==    by 0x138DC9: ??? (in /usr/bin/bash)
==2365==    by 0x137544: main (in /usr/bin/bash)
==2365== 
==2365== 2 bytes in 1 blocks are still reachable in loss record 11 of 304
==2365==    at 0x483B7F3: malloc (in /usr/lib/x86_64-linux-gnu/valgrind/vgpreload_memcheck-amd64-linux.so)
==2365==    by 0x1984F3: xmalloc (in /usr/bin/bash)
==2365==    by 0x156DA1: make_variable_value (in /usr/bin/bash)
==2365==    by 0x15806D: ??? (in /usr/bin/bash)
==2365==    by 0x15B7C8: initialize_shell_variables (in /usr/bin/bash)
==2365==    by 0x138DC9: ??? (in /usr/bin/bash)
==2365==    by 0x137544: main (in /usr/bin/bash)
==2365== 
==2365== 2 bytes in 1 blocks are still reachable in loss record 12 of 304
==2365==    at 0x483B7F3: malloc (in /usr/lib/x86_64-linux-gnu/valgrind/vgpreload_memcheck-amd64-linux.so)
==2365==    by 0x1984F3: xmalloc (in /usr/bin/bash)
==2365==    by 0x156DA1: make_variable_value (in /usr/bin/bash)
==2365==    by 0x15806D: ??? (in /usr/bin/bash)
==2365==    by 0x15B7AE: initialize_shell_variables (in /usr/bin/bash)
==2365==    by 0x138DC9: ??? (in /usr/bin/bash)
==2365==    by 0x137544: main (in /usr/bin/bash)
==2365== 
==2365== 2 bytes in 1 blocks are still reachable in loss record 13 of 304
==2365==    at 0x483B7F3: malloc (in /usr/lib/x86_64-linux-gnu/valgrind/vgpreload_memcheck-amd64-linux.so)
==2365==    by 0x1984F3: xmalloc (in /usr/bin/bash)
==2365==    by 0x183473: array_create_element (in /usr/bin/bash)
==2365==    by 0x18367F: ??? (in /usr/bin/bash)
==2365==    by 0x137CB1: main (in /usr/bin/bash)
==2365== 
==2365== 2 bytes in 1 blocks are still reachable in loss record 14 of 304
==2365==    at 0x483B7F3: malloc (in /usr/lib/x86_64-linux-gnu/valgrind/vgpreload_memcheck-amd64-linux.so)
==2365==    by 0x1984F3: xmalloc (in /usr/bin/bash)
==2365==    by 0x1B7D71: itos (in /usr/bin/bash)
==2365==    by 0x15C13B: set_pipestatus_array (in /usr/bin/bash)
==2365==    by 0x15172F: execute_command_internal (in /usr/bin/bash)
==2365==    by 0x1519D9: execute_command (in /usr/bin/bash)
==2365==    by 0x139664: reader_loop (in /usr/bin/bash)
==2365==    by 0x137EF8: main (in /usr/bin/bash)
==2365== 
==2365== 2 bytes in 1 blocks are definitely lost in loss record 15 of 304
==2365==    at 0x483B7F3: malloc (in /usr/lib/x86_64-linux-gnu/valgrind/vgpreload_memcheck-amd64-linux.so)
==2365==    by 0x1984F3: xmalloc (in /usr/bin/bash)
==2365==    by 0x19196E: set_default_locale (in /usr/bin/bash)
==2365==    by 0x136C8A: main (in /usr/bin/bash)
==2365== 
==2365== 3 bytes in 1 blocks are still reachable in loss record 16 of 304
==2365==    at 0x483B7F3: malloc (in /usr/lib/x86_64-linux-gnu/valgrind/vgpreload_memcheck-amd64-linux.so)
==2365==    by 0x1984F3: xmalloc (in /usr/bin/bash)
==2365==    by 0x156DA1: make_variable_value (in /usr/bin/bash)
==2365==    by 0x15806D: ??? (in /usr/bin/bash)
==2365==    by 0x15AB65: initialize_shell_variables (in /usr/bin/bash)
==2365==    by 0x138DC9: ??? (in /usr/bin/bash)
==2365==    by 0x137544: main (in /usr/bin/bash)
==2365== 
==2365== 3 bytes in 1 blocks are still reachable in loss record 17 of 304
==2365==    at 0x483B7F3: malloc (in /usr/lib/x86_64-linux-gnu/valgrind/vgpreload_memcheck-amd64-linux.so)
==2365==    by 0x1984F3: xmalloc (in /usr/bin/bash)
==2365==    by 0x183473: array_create_element (in /usr/bin/bash)
==2365==    by 0x183987: array_insert (in /usr/bin/bash)
==2365==    by 0x15AF5D: initialize_shell_variables (in /usr/bin/bash)
==2365==    by 0x138DC9: ??? (in /usr/bin/bash)
==2365==    by 0x137544: main (in /usr/bin/bash)
==2365== 
==2365== 3 bytes in 1 blocks are still reachable in loss record 18 of 304
==2365==    at 0x483B7F3: malloc (in /usr/lib/x86_64-linux-gnu/valgrind/vgpreload_memcheck-amd64-linux.so)
==2365==    by 0x1984F3: xmalloc (in /usr/bin/bash)
==2365==    by 0x156DA1: make_variable_value (in /usr/bin/bash)
==2365==    by 0x15844D: ??? (in /usr/bin/bash)
==2365==    by 0x14C342: ??? (in /usr/bin/bash)
==2365==    by 0x150B52: execute_command_internal (in /usr/bin/bash)
==2365==    by 0x1519D9: execute_command (in /usr/bin/bash)
==2365==    by 0x139664: reader_loop (in /usr/bin/bash)
==2365==    by 0x137EF8: main (in /usr/bin/bash)
==2365== 
==2365== 3 bytes in 3 blocks are still reachable in loss record 19 of 304
==2365==    at 0x483B7F3: malloc (in /usr/lib/x86_64-linux-gnu/valgrind/vgpreload_memcheck-amd64-linux.so)
==2365==    by 0x1984F3: xmalloc (in /usr/bin/bash)
==2365==    by 0x156DE1: make_variable_value (in /usr/bin/bash)
==2365==    by 0x15806D: ??? (in /usr/bin/bash)
==2365==    by 0x15AD0C: initialize_shell_variables (in /usr/bin/bash)
==2365==    by 0x138DC9: ??? (in /usr/bin/bash)
==2365==    by 0x137544: main (in /usr/bin/bash)
==2365== 
==2365== 4 bytes in 1 blocks are still reachable in loss record 20 of 304
==2365==    at 0x483B7F3: malloc (in /usr/lib/x86_64-linux-gnu/valgrind/vgpreload_memcheck-amd64-linux.so)
==2365==    by 0x1984F3: xmalloc (in /usr/bin/bash)
==2365==    by 0x1544D7: ??? (in /usr/bin/bash)
==2365==    by 0x157FCF: ??? (in /usr/bin/bash)
==2365==    by 0x15805C: ??? (in /usr/bin/bash)
==2365==    by 0x159447: set_pwd (in /usr/bin/bash)
==2365==    by 0x15AAEE: initialize_shell_variables (in /usr/bin/bash)
==2365==    by 0x138DC9: ??? (in /usr/bin/bash)
==2365==    by 0x137544: main (in /usr/bin/bash)
==2365== 
==2365== 4 bytes in 1 blocks are still reachable in loss record 21 of 304
==2365==    at 0x483B7F3: malloc (in /usr/lib/x86_64-linux-gnu/valgrind/vgpreload_memcheck-amd64-linux.so)
==2365==    by 0x1984F3: xmalloc (in /usr/bin/bash)
==2365==    by 0x157FED: ??? (in /usr/bin/bash)
==2365==    by 0x15805C: ??? (in /usr/bin/bash)
==2365==    by 0x159447: set_pwd (in /usr/bin/bash)
==2365==    by 0x15AAEE: initialize_shell_variables (in /usr/bin/bash)
==2365==    by 0x138DC9: ??? (in /usr/bin/bash)
==2365==    by 0x137544: main (in /usr/bin/bash)
==2365== 
==2365== 4 bytes in 1 blocks are still reachable in loss record 22 of 304
==2365==    at 0x483B7F3: malloc (in /usr/lib/x86_64-linux-gnu/valgrind/vgpreload_memcheck-amd64-linux.so)
==2365==    by 0x1984F3: xmalloc (in /usr/bin/bash)
==2365==    by 0x1544D7: ??? (in /usr/bin/bash)
==2365==    by 0x157FCF: ??? (in /usr/bin/bash)
==2365==    by 0x15805C: ??? (in /usr/bin/bash)
==2365==    by 0x15AB65: initialize_shell_variables (in /usr/bin/bash)
==2365==    by 0x138DC9: ??? (in /usr/bin/bash)
==2365==    by 0x137544: main (in /usr/bin/bash)
==2365== 
==2365== 4 bytes in 1 blocks are still reachable in loss record 23 of 304
==2365==    at 0x483B7F3: malloc (in /usr/lib/x86_64-linux-gnu/valgrind/vgpreload_memcheck-amd64-linux.so)
==2365==    by 0x1984F3: xmalloc (in /usr/bin/bash)
==2365==    by 0x157FED: ??? (in /usr/bin/bash)
==2365==    by 0x15805C: ??? (in /usr/bin/bash)
==2365==    by 0x15AB65: initialize_shell_variables (in /usr/bin/bash)
==2365==    by 0x138DC9: ??? (in /usr/bin/bash)
==2365==    by 0x137544: main (in /usr/bin/bash)
==2365== 
==2365== 4 bytes in 1 blocks are still reachable in loss record 24 of 304
==2365==    at 0x483B7F3: malloc (in /usr/lib/x86_64-linux-gnu/valgrind/vgpreload_memcheck-amd64-linux.so)
==2365==    by 0x1984F3: xmalloc (in /usr/bin/bash)
==2365==    by 0x1544D7: ??? (in /usr/bin/bash)
==2365==    by 0x157FCF: ??? (in /usr/bin/bash)
==2365==    by 0x15805C: ??? (in /usr/bin/bash)
==2365==    by 0x15AB7A: initialize_shell_variables (in /usr/bin/bash)
==2365==    by 0x138DC9: ??? (in /usr/bin/bash)
==2365==    by 0x137544: main (in /usr/bin/bash)
==2365== 
==2365== 4 bytes in 1 blocks are still reachable in loss record 25 of 304
==2365==    at 0x483B7F3: malloc (in /usr/lib/x86_64-linux-gnu/valgrind/vgpreload_memcheck-amd64-linux.so)
==2365==    by 0x1984F3: xmalloc (in /usr/bin/bash)
==2365==    by 0x157FED: ??? (in /usr/bin/bash)
==2365==    by 0x15805C: ??? (in /usr/bin/bash)
==2365==    by 0x15AB7A: initialize_shell_variables (in /usr/bin/bash)
==2365==    by 0x138DC9: ??? (in /usr/bin/bash)
==2365==    by 0x137544: main (in /usr/bin/bash)
==2365== 
==2365== 4 bytes in 1 blocks are still reachable in loss record 26 of 304
==2365==    at 0x483B7F3: malloc (in /usr/lib/x86_64-linux-gnu/valgrind/vgpreload_memcheck-amd64-linux.so)
==2365==    by 0x1984F3: xmalloc (in /usr/bin/bash)
==2365==    by 0x156DA1: make_variable_value (in /usr/bin/bash)
==2365==    by 0x15806D: ??? (in /usr/bin/bash)
==2365==    by 0x15AB7A: initialize_shell_variables (in /usr/bin/bash)
==2365==    by 0x138DC9: ??? (in /usr/bin/bash)
==2365==    by 0x137544: main (in /usr/bin/bash)
==2365== 
==2365== 4 bytes in 1 blocks are still reachable in loss record 27 of 304
==2365==    at 0x483B7F3: malloc (in /usr/lib/x86_64-linux-gnu/valgrind/vgpreload_memcheck-amd64-linux.so)
==2365==    by 0x1984F3: xmalloc (in /usr/bin/bash)
==2365==    by 0x1544D7: ??? (in /usr/bin/bash)
==2365==    by 0x157FCF: ??? (in /usr/bin/bash)
==2365==    by 0x15805C: ??? (in /usr/bin/bash)
==2365==    by 0x15B7C8: initialize_shell_variables (in /usr/bin/bash)
==2365==    by 0x138DC9: ??? (in /usr/bin/bash)
==2365==    by 0x137544: main (in /usr/bin/bash)
==2365== 
==2365== 4 bytes in 1 blocks are still reachable in loss record 28 of 304
==2365==    at 0x483B7F3: malloc (in /usr/lib/x86_64-linux-gnu/valgrind/vgpreload_memcheck-amd64-linux.so)
==2365==    by 0x1984F3: xmalloc (in /usr/bin/bash)
==2365==    by 0x157FED: ??? (in /usr/bin/bash)
==2365==    by 0x15805C: ??? (in /usr/bin/bash)
==2365==    by 0x15B7C8: initialize_shell_variables (in /usr/bin/bash)
==2365==    by 0x138DC9: ??? (in /usr/bin/bash)
==2365==    by 0x137544: main (in /usr/bin/bash)
==2365== 
==2365== 5 bytes in 1 blocks are still reachable in loss record 29 of 304
==2365==    at 0x483B7F3: malloc (in /usr/lib/x86_64-linux-gnu/valgrind/vgpreload_memcheck-amd64-linux.so)
==2365==    by 0x1984F3: xmalloc (in /usr/bin/bash)
==2365==    by 0x1544D7: ??? (in /usr/bin/bash)
==2365==    by 0x157FCF: ??? (in /usr/bin/bash)
==2365==    by 0x15805C: ??? (in /usr/bin/bash)
==2365==    by 0x15AB1F: initialize_shell_variables (in /usr/bin/bash)
==2365==    by 0x138DC9: ??? (in /usr/bin/bash)
==2365==    by 0x137544: main (in /usr/bin/bash)
==2365== 
==2365== 5 bytes in 1 blocks are still reachable in loss record 30 of 304
==2365==    at 0x483B7F3: malloc (in /usr/lib/x86_64-linux-gnu/valgrind/vgpreload_memcheck-amd64-linux.so)
==2365==    by 0x1984F3: xmalloc (in /usr/bin/bash)
==2365==    by 0x157FED: ??? (in /usr/bin/bash)
==2365==    by 0x15805C: ??? (in /usr/bin/bash)
==2365==    by 0x15AB1F: initialize_shell_variables (in /usr/bin/bash)
==2365==    by 0x138DC9: ??? (in /usr/bin/bash)
==2365==    by 0x137544: main (in /usr/bin/bash)
==2365== 
==2365== 5 bytes in 1 blocks are still reachable in loss record 31 of 304
==2365==    at 0x483B7F3: malloc (in /usr/lib/x86_64-linux-gnu/valgrind/vgpreload_memcheck-amd64-linux.so)
==2365==    by 0x1984F3: xmalloc (in /usr/bin/bash)
==2365==    by 0x1544D7: ??? (in /usr/bin/bash)
==2365==    by 0x157FCF: ??? (in /usr/bin/bash)
==2365==    by 0x15805C: ??? (in /usr/bin/bash)
==2365==    by 0x15AB32: initialize_shell_variables (in /usr/bin/bash)
==2365==    by 0x138DC9: ??? (in /usr/bin/bash)
==2365==    by 0x137544: main (in /usr/bin/bash)
==2365== 
==2365== 5 bytes in 1 blocks are still reachable in loss record 32 of 304
==2365==    at 0x483B7F3: malloc (in /usr/lib/x86_64-linux-gnu/valgrind/vgpreload_memcheck-amd64-linux.so)
==2365==    by 0x1984F3: xmalloc (in /usr/bin/bash)
==2365==    by 0x157FED: ??? (in /usr/bin/bash)
==2365==    by 0x15805C: ??? (in /usr/bin/bash)
==2365==    by 0x15AB32: initialize_shell_variables (in /usr/bin/bash)
==2365==    by 0x138DC9: ??? (in /usr/bin/bash)
==2365==    by 0x137544: main (in /usr/bin/bash)
==2365== 
==2365== 5 bytes in 1 blocks are still reachable in loss record 33 of 304
==2365==    at 0x483B7F3: malloc (in /usr/lib/x86_64-linux-gnu/valgrind/vgpreload_memcheck-amd64-linux.so)
==2365==    by 0x1984F3: xmalloc (in /usr/bin/bash)
==2365==    by 0x156DA1: make_variable_value (in /usr/bin/bash)
==2365==    by 0x15806D: ??? (in /usr/bin/bash)
==2365==    by 0x15AB32: initialize_shell_variables (in /usr/bin/bash)
==2365==    by 0x138DC9: ??? (in /usr/bin/bash)
==2365==    by 0x137544: main (in /usr/bin/bash)
==2365== 
==2365== 5 bytes in 1 blocks are still reachable in loss record 34 of 304
==2365==    at 0x483B7F3: malloc (in /usr/lib/x86_64-linux-gnu/valgrind/vgpreload_memcheck-amd64-linux.so)
==2365==    by 0x1984F3: xmalloc (in /usr/bin/bash)
==2365==    by 0x1544D7: ??? (in /usr/bin/bash)
==2365==    by 0x157FCF: ??? (in /usr/bin/bash)
==2365==    by 0x15805C: ??? (in /usr/bin/bash)
==2365==    by 0x159628: set_ppid (in /usr/bin/bash)
==2365==    by 0x15AC15: initialize_shell_variables (in /usr/bin/bash)
==2365==    by 0x138DC9: ??? (in /usr/bin/bash)
==2365==    by 0x137544: main (in /usr/bin/bash)
==2365== 
==2365== 5 bytes in 1 blocks are still reachable in loss record 35 of 304
==2365==    at 0x483B7F3: malloc (in /usr/lib/x86_64-linux-gnu/valgrind/vgpreload_memcheck-amd64-linux.so)
==2365==    by 0x1984F3: xmalloc (in /usr/bin/bash)
==2365==    by 0x157FED: ??? (in /usr/bin/bash)
==2365==    by 0x15805C: ??? (in /usr/bin/bash)
==2365==    by 0x159628: set_ppid (in /usr/bin/bash)
==2365==    by 0x15AC15: initialize_shell_variables (in /usr/bin/bash)
==2365==    by 0x138DC9: ??? (in /usr/bin/bash)
==2365==    by 0x137544: main (in /usr/bin/bash)
==2365== 
==2365== 5 bytes in 1 blocks are still reachable in loss record 36 of 304
==2365==    at 0x483B7F3: malloc (in /usr/lib/x86_64-linux-gnu/valgrind/vgpreload_memcheck-amd64-linux.so)
==2365==    by 0x1984F3: xmalloc (in /usr/bin/bash)
==2365==    by 0x156DA1: make_variable_value (in /usr/bin/bash)
==2365==    by 0x15806D: ??? (in /usr/bin/bash)
==2365==    by 0x159628: set_ppid (in /usr/bin/bash)
==2365==    by 0x15AC15: initialize_shell_variables (in /usr/bin/bash)
==2365==    by 0x138DC9: ??? (in /usr/bin/bash)
==2365==    by 0x137544: main (in /usr/bin/bash)
==2365== 
==2365== 5 bytes in 1 blocks are still reachable in loss record 37 of 304
==2365==    at 0x483B7F3: malloc (in /usr/lib/x86_64-linux-gnu/valgrind/vgpreload_memcheck-amd64-linux.so)
==2365==    by 0x1984F3: xmalloc (in /usr/bin/bash)
==2365==    by 0x1544D7: ??? (in /usr/bin/bash)
==2365==    by 0x157FCF: ??? (in /usr/bin/bash)
==2365==    by 0x15805C: ??? (in /usr/bin/bash)
==2365==    by 0x15AE90: initialize_shell_variables (in /usr/bin/bash)
==2365==    by 0x138DC9: ??? (in /usr/bin/bash)
==2365==    by 0x137544: main (in /usr/bin/bash)
==2365== 
==2365== 5 bytes in 1 blocks are still reachable in loss record 38 of 304
==2365==    at 0x483B7F3: malloc (in /usr/lib/x86_64-linux-gnu/valgrind/vgpreload_memcheck-amd64-linux.so)
==2365==    by 0x1984F3: xmalloc (in /usr/bin/bash)
==2365==    by 0x157FED: ??? (in /usr/bin/bash)
==2365==    by 0x15805C: ??? (in /usr/bin/bash)
==2365==    by 0x15AE90: initialize_shell_variables (in /usr/bin/bash)
==2365==    by 0x138DC9: ??? (in /usr/bin/bash)
==2365==    by 0x137544: main (in /usr/bin/bash)
==2365== 
==2365== 5 bytes in 1 blocks are still reachable in loss record 39 of 304
==2365==    at 0x483B7F3: malloc (in /usr/lib/x86_64-linux-gnu/valgrind/vgpreload_memcheck-amd64-linux.so)
==2365==    by 0x1984F3: xmalloc (in /usr/bin/bash)
==2365==    by 0x138C10: ??? (in /usr/bin/bash)
==2365==    by 0x15B81C: initialize_shell_variables (in /usr/bin/bash)
==2365==    by 0x138DC9: ??? (in /usr/bin/bash)
==2365==    by 0x137544: main (in /usr/bin/bash)
==2365== 
==2365== 5 bytes in 1 blocks are still reachable in loss record 40 of 304
==2365==    at 0x483B7F3: malloc (in /usr/lib/x86_64-linux-gnu/valgrind/vgpreload_memcheck-amd64-linux.so)
==2365==    by 0x1984F3: xmalloc (in /usr/bin/bash)
==2365==    by 0x1544D7: ??? (in /usr/bin/bash)
==2365==    by 0x157FCF: ??? (in /usr/bin/bash)
==2365==    by 0x15805C: ??? (in /usr/bin/bash)
==2365==    by 0x15B7AE: initialize_shell_variables (in /usr/bin/bash)
==2365==    by 0x138DC9: ??? (in /usr/bin/bash)
==2365==    by 0x137544: main (in /usr/bin/bash)
==2365== 
==2365== 5 bytes in 1 blocks are still reachable in loss record 41 of 304
==2365==    at 0x483B7F3: malloc (in /usr/lib/x86_64-linux-gnu/valgrind/vgpreload_memcheck-amd64-linux.so)
==2365==    by 0x1984F3: xmalloc (in /usr/bin/bash)
==2365==    by 0x157FED: ??? (in /usr/bin/bash)
==2365==    by 0x15805C: ??? (in /usr/bin/bash)
==2365==    by 0x15B7AE: initialize_shell_variables (in /usr/bin/bash)
==2365==    by 0x138DC9: ??? (in /usr/bin/bash)
==2365==    by 0x137544: main (in /usr/bin/bash)
==2365== 
==2365== 5 bytes in 1 blocks are still reachable in loss record 42 of 304
==2365==    at 0x483B7F3: malloc (in /usr/lib/x86_64-linux-gnu/valgrind/vgpreload_memcheck-amd64-linux.so)
==2365==    by 0x1984F3: xmalloc (in /usr/bin/bash)
==2365==    by 0x183473: array_create_element (in /usr/bin/bash)
==2365==    by 0x18367F: ??? (in /usr/bin/bash)
==2365==    by 0x137CCD: main (in /usr/bin/bash)
==2365== 
==2365== 6 bytes in 1 blocks are still reachable in loss record 43 of 304
==2365==    at 0x483B7F3: malloc (in /usr/lib/x86_64-linux-gnu/valgrind/vgpreload_memcheck-amd64-linux.so)
==2365==    by 0x1984F3: xmalloc (in /usr/bin/bash)
==2365==    by 0x1544D7: ??? (in /usr/bin/bash)
==2365==    by 0x157FCF: ??? (in /usr/bin/bash)
==2365==    by 0x15805C: ??? (in /usr/bin/bash)
==2365==    by 0x15929E: adjust_shell_level (in /usr/bin/bash)
==2365==    by 0x15AC10: initialize_shell_variables (in /usr/bin/bash)
==2365==    by 0x138DC9: ??? (in /usr/bin/bash)
==2365==    by 0x137544: main (in /usr/bin/bash)
==2365== 
==2365== 6 bytes in 1 blocks are still reachable in loss record 44 of 304
==2365==    at 0x483B7F3: malloc (in /usr/lib/x86_64-linux-gnu/valgrind/vgpreload_memcheck-amd64-linux.so)
==2365==    by 0x1984F3: xmalloc (in /usr/bin/bash)
==2365==    by 0x157FED: ??? (in /usr/bin/bash)
==2365==    by 0x15805C: ??? (in /usr/bin/bash)
==2365==    by 0x15929E: adjust_shell_level (in /usr/bin/bash)
==2365==    by 0x15AC10: initialize_shell_variables (in /usr/bin/bash)
==2365==    by 0x138DC9: ??? (in /usr/bin/bash)
==2365==    by 0x137544: main (in /usr/bin/bash)
==2365== 
==2365== 6 bytes in 1 blocks are still reachable in loss record 45 of 304
==2365==    at 0x483B7F3: malloc (in /usr/lib/x86_64-linux-gnu/valgrind/vgpreload_memcheck-amd64-linux.so)
==2365==    by 0x1984F3: xmalloc (in /usr/bin/bash)
==2365==    by 0x138C68: ??? (in /usr/bin/bash)
==2365==    by 0x15B81C: initialize_shell_variables (in /usr/bin/bash)
==2365==    by 0x138DC9: ??? (in /usr/bin/bash)
==2365==    by 0x137544: main (in /usr/bin/bash)
==2365== 
==2365== 6 bytes in 1 blocks are still reachable in loss record 46 of 304
==2365==    at 0x483B7F3: malloc (in /usr/lib/x86_64-linux-gnu/valgrind/vgpreload_memcheck-amd64-linux.so)
==2365==    by 0x1984F3: xmalloc (in /usr/bin/bash)
==2365==    by 0x1544D7: ??? (in /usr/bin/bash)
==2365==    by 0x157FCF: ??? (in /usr/bin/bash)
==2365==    by 0x15805C: ??? (in /usr/bin/bash)
==2365==    by 0x15B635: initialize_shell_variables (in /usr/bin/bash)
==2365==    by 0x138DC9: ??? (in /usr/bin/bash)
==2365==    by 0x137544: main (in /usr/bin/bash)
==2365== 
==2365== 6 bytes in 1 blocks are still reachable in loss record 47 of 304
==2365==    at 0x483B7F3: malloc (in /usr/lib/x86_64-linux-gnu/valgrind/vgpreload_memcheck-amd64-linux.so)
==2365==    by 0x1984F3: xmalloc (in /usr/bin/bash)
==2365==    by 0x157FED: ??? (in /usr/bin/bash)
==2365==    by 0x15805C: ??? (in /usr/bin/bash)
==2365==    by 0x15B635: initialize_shell_variables (in /usr/bin/bash)
==2365==    by 0x138DC9: ??? (in /usr/bin/bash)
==2365==    by 0x137544: main (in /usr/bin/bash)
==2365== 
==2365== 7 bytes in 1 blocks are still reachable in loss record 48 of 304
==2365==    at 0x483B7F3: malloc (in /usr/lib/x86_64-linux-gnu/valgrind/vgpreload_memcheck-amd64-linux.so)
==2365==    by 0x1984F3: xmalloc (in /usr/bin/bash)
==2365==    by 0x1544D7: ??? (in /usr/bin/bash)
==2365==    by 0x157FCF: ??? (in /usr/bin/bash)
==2365==    by 0x15805C: ??? (in /usr/bin/bash)
==2365==    by 0x159490: set_pwd (in /usr/bin/bash)
==2365==    by 0x15AAEE: initialize_shell_variables (in /usr/bin/bash)
==2365==    by 0x138DC9: ??? (in /usr/bin/bash)
==2365==    by 0x137544: main (in /usr/bin/bash)
==2365== 
==2365== 7 bytes in 1 blocks are still reachable in loss record 49 of 304
==2365==    at 0x483B7F3: malloc (in /usr/lib/x86_64-linux-gnu/valgrind/vgpreload_memcheck-amd64-linux.so)
==2365==    by 0x1984F3: xmalloc (in /usr/bin/bash)
==2365==    by 0x157FED: ??? (in /usr/bin/bash)
==2365==    by 0x15805C: ??? (in /usr/bin/bash)
==2365==    by 0x159490: set_pwd (in /usr/bin/bash)
==2365==    by 0x15AAEE: initialize_shell_variables (in /usr/bin/bash)
==2365==    by 0x138DC9: ??? (in /usr/bin/bash)
==2365==    by 0x137544: main (in /usr/bin/bash)
==2365== 
==2365== 7 bytes in 1 blocks are still reachable in loss record 50 of 304
==2365==    at 0x483B7F3: malloc (in /usr/lib/x86_64-linux-gnu/valgrind/vgpreload_memcheck-amd64-linux.so)
==2365==    by 0x1984F3: xmalloc (in /usr/bin/bash)
==2365==    by 0x156DA1: make_variable_value (in /usr/bin/bash)
==2365==    by 0x15806D: ??? (in /usr/bin/bash)
==2365==    by 0x15AB95: initialize_shell_variables (in /usr/bin/bash)
==2365==    by 0x138DC9: ??? (in /usr/bin/bash)
==2365==    by 0x137544: main (in /usr/bin/bash)
==2365== 
==2365== 7 bytes in 1 blocks are still reachable in loss record 51 of 304
==2365==    at 0x483B7F3: malloc (in /usr/lib/x86_64-linux-gnu/valgrind/vgpreload_memcheck-amd64-linux.so)
==2365==    by 0x1984F3: xmalloc (in /usr/bin/bash)
==2365==    by 0x1544D7: ??? (in /usr/bin/bash)
==2365==    by 0x157FCF: ??? (in /usr/bin/bash)
==2365==    by 0x15805C: ??? (in /usr/bin/bash)
==2365==    by 0x15ABA8: initialize_shell_variables (in /usr/bin/bash)
==2365==    by 0x138DC9: ??? (in /usr/bin/bash)
==2365==    by 0x137544: main (in /usr/bin/bash)
==2365== 
==2365== 7 bytes in 1 blocks are still reachable in loss record 52 of 304
==2365==    at 0x483B7F3: malloc (in /usr/lib/x86_64-linux-gnu/valgrind/vgpreload_memcheck-amd64-linux.so)
==2365==    by 0x1984F3: xmalloc (in /usr/bin/bash)
==2365==    by 0x157FED: ??? (in /usr/bin/bash)
==2365==    by 0x15805C: ??? (in /usr/bin/bash)
==2365==    by 0x15ABA8: initialize_shell_variables (in /usr/bin/bash)
==2365==    by 0x138DC9: ??? (in /usr/bin/bash)
==2365==    by 0x137544: main (in /usr/bin/bash)
==2365== 
==2365== 7 bytes in 1 blocks are still reachable in loss record 53 of 304
==2365==    at 0x483B7F3: malloc (in /usr/lib/x86_64-linux-gnu/valgrind/vgpreload_memcheck-amd64-linux.so)
==2365==    by 0x1984F3: xmalloc (in /usr/bin/bash)
==2365==    by 0x1544D7: ??? (in /usr/bin/bash)
==2365==    by 0x157FCF: ??? (in /usr/bin/bash)
==2365==    by 0x15805C: ??? (in /usr/bin/bash)
==2365==    by 0x15AC2A: initialize_shell_variables (in /usr/bin/bash)
==2365==    by 0x138DC9: ??? (in /usr/bin/bash)
==2365==    by 0x137544: main (in /usr/bin/bash)
==2365== 
==2365== 7 bytes in 1 blocks are still reachable in loss record 54 of 304
==2365==    at 0x483B7F3: malloc (in /usr/lib/x86_64-linux-gnu/valgrind/vgpreload_memcheck-amd64-linux.so)
==2365==    by 0x1984F3: xmalloc (in /usr/bin/bash)
==2365==    by 0x157FED: ??? (in /usr/bin/bash)
==2365==    by 0x15805C: ??? (in /usr/bin/bash)
==2365==    by 0x15AC2A: initialize_shell_variables (in /usr/bin/bash)
==2365==    by 0x138DC9: ??? (in /usr/bin/bash)
==2365==    by 0x137544: main (in /usr/bin/bash)
==2365== 
==2365== 7 bytes in 1 blocks are still reachable in loss record 55 of 304
==2365==    at 0x483B7F3: malloc (in /usr/lib/x86_64-linux-gnu/valgrind/vgpreload_memcheck-amd64-linux.so)
==2365==    by 0x1984F3: xmalloc (in /usr/bin/bash)
==2365==    by 0x1544D7: ??? (in /usr/bin/bash)
==2365==    by 0x157FCF: ??? (in /usr/bin/bash)
==2365==    by 0x15805C: ??? (in /usr/bin/bash)
==2365==    by 0x15AC4A: initialize_shell_variables (in /usr/bin/bash)
==2365==    by 0x138DC9: ??? (in /usr/bin/bash)
==2365==    by 0x137544: main (in /usr/bin/bash)
==2365== 
==2365== 7 bytes in 1 blocks are still reachable in loss record 56 of 304
==2365==    at 0x483B7F3: malloc (in /usr/lib/x86_64-linux-gnu/valgrind/vgpreload_memcheck-amd64-linux.so)
==2365==    by 0x1984F3: xmalloc (in /usr/bin/bash)
==2365==    by 0x157FED: ??? (in /usr/bin/bash)
==2365==    by 0x15805C: ??? (in /usr/bin/bash)
==2365==    by 0x15AC4A: initialize_shell_variables (in /usr/bin/bash)
==2365==    by 0x138DC9: ??? (in /usr/bin/bash)
==2365==    by 0x137544: main (in /usr/bin/bash)
==2365== 
==2365== 7 bytes in 1 blocks are still reachable in loss record 57 of 304
==2365==    at 0x483B7F3: malloc (in /usr/lib/x86_64-linux-gnu/valgrind/vgpreload_memcheck-amd64-linux.so)
==2365==    by 0x1984F3: xmalloc (in /usr/bin/bash)
==2365==    by 0x1544D7: ??? (in /usr/bin/bash)
==2365==    by 0x157FCF: ??? (in /usr/bin/bash)
==2365==    by 0x15805C: ??? (in /usr/bin/bash)
==2365==    by 0x15B1AE: initialize_shell_variables (in /usr/bin/bash)
==2365==    by 0x138DC9: ??? (in /usr/bin/bash)
==2365==    by 0x137544: main (in /usr/bin/bash)
==2365== 
==2365== 7 bytes in 1 blocks are still reachable in loss record 58 of 304
==2365==    at 0x483B7F3: malloc (in /usr/lib/x86_64-linux-gnu/valgrind/vgpreload_memcheck-amd64-linux.so)
==2365==    by 0x1984F3: xmalloc (in /usr/bin/bash)
==2365==    by 0x157FED: ??? (in /usr/bin/bash)
==2365==    by 0x15805C: ??? (in /usr/bin/bash)
==2365==    by 0x15B1AE: initialize_shell_variables (in /usr/bin/bash)
==2365==    by 0x138DC9: ??? (in /usr/bin/bash)
==2365==    by 0x137544: main (in /usr/bin/bash)
==2365== 
==2365== 7 bytes in 1 blocks are still reachable in loss record 59 of 304
==2365==    at 0x483B7F3: malloc (in /usr/lib/x86_64-linux-gnu/valgrind/vgpreload_memcheck-amd64-linux.so)
==2365==    by 0x1984F3: xmalloc (in /usr/bin/bash)
==2365==    by 0x1544D7: ??? (in /usr/bin/bash)
==2365==    by 0x157FCF: ??? (in /usr/bin/bash)
==2365==    by 0x15805C: ??? (in /usr/bin/bash)
==2365==    by 0x15B1D8: initialize_shell_variables (in /usr/bin/bash)
==2365==    by 0x138DC9: ??? (in /usr/bin/bash)
==2365==    by 0x137544: main (in /usr/bin/bash)
==2365== 
==2365== 7 bytes in 1 blocks are still reachable in loss record 60 of 304
==2365==    at 0x483B7F3: malloc (in /usr/lib/x86_64-linux-gnu/valgrind/vgpreload_memcheck-amd64-linux.so)
==2365==    by 0x1984F3: xmalloc (in /usr/bin/bash)
==2365==    by 0x157FED: ??? (in /usr/bin/bash)
==2365==    by 0x15805C: ??? (in /usr/bin/bash)
==2365==    by 0x15B1D8: initialize_shell_variables (in /usr/bin/bash)
==2365==    by 0x138DC9: ??? (in /usr/bin/bash)
==2365==    by 0x137544: main (in /usr/bin/bash)
==2365== 
==2365== 7 bytes in 1 blocks are still reachable in loss record 61 of 304
==2365==    at 0x483B7F3: malloc (in /usr/lib/x86_64-linux-gnu/valgrind/vgpreload_memcheck-amd64-linux.so)
==2365==    by 0x1984F3: xmalloc (in /usr/bin/bash)
==2365==    by 0x1544D7: ??? (in /usr/bin/bash)
==2365==    by 0x157FCF: ??? (in /usr/bin/bash)
==2365==    by 0x158D55: make_new_array_variable (in /usr/bin/bash)
==2365==    by 0x158DA7: ??? (in /usr/bin/bash)
==2365==    by 0x15B2EC: initialize_shell_variables (in /usr/bin/bash)
==2365==    by 0x138DC9: ??? (in /usr/bin/bash)
==2365==    by 0x137544: main (in /usr/bin/bash)
==2365== 
==2365== 7 bytes in 1 blocks are still reachable in loss record 62 of 304
==2365==    at 0x483B7F3: malloc (in /usr/lib/x86_64-linux-gnu/valgrind/vgpreload_memcheck-amd64-linux.so)
==2365==    by 0x1984F3: xmalloc (in /usr/bin/bash)
==2365==    by 0x157FED: ??? (in /usr/bin/bash)
==2365==    by 0x158D55: make_new_array_variable (in /usr/bin/bash)
==2365==    by 0x158DA7: ??? (in /usr/bin/bash)
==2365==    by 0x15B2EC: initialize_shell_variables (in /usr/bin/bash)
==2365==    by 0x138DC9: ??? (in /usr/bin/bash)
==2365==    by 0x137544: main (in /usr/bin/bash)
==2365== 
==2365== 8 bytes in 1 blocks are still reachable in loss record 63 of 304
==2365==    at 0x483B7F3: malloc (in /usr/lib/x86_64-linux-gnu/valgrind/vgpreload_memcheck-amd64-linux.so)
==2365==    by 0x1984F3: xmalloc (in /usr/bin/bash)
==2365==    by 0x183473: array_create_element (in /usr/bin/bash)
==2365==    by 0x183987: array_insert (in /usr/bin/bash)
==2365==    by 0x15AF95: initialize_shell_variables (in /usr/bin/bash)
==2365==    by 0x138DC9: ??? (in /usr/bin/bash)
==2365==    by 0x137544: main (in /usr/bin/bash)
==2365== 
==2365== 8 bytes in 1 blocks are still reachable in loss record 64 of 304
==2365==    at 0x483B7F3: malloc (in /usr/lib/x86_64-linux-gnu/valgrind/vgpreload_memcheck-amd64-linux.so)
==2365==    by 0x1984F3: xmalloc (in /usr/bin/bash)
==2365==    by 0x1544D7: ??? (in /usr/bin/bash)
==2365==    by 0x157FCF: ??? (in /usr/bin/bash)
==2365==    by 0x15805C: ??? (in /usr/bin/bash)
==2365==    by 0x15B112: initialize_shell_variables (in /usr/bin/bash)
==2365==    by 0x138DC9: ??? (in /usr/bin/bash)
==2365==    by 0x137544: main (in /usr/bin/bash)
==2365== 
==2365== 8 bytes in 1 blocks are still reachable in loss record 65 of 304
==2365==    at 0x483B7F3: malloc (in /usr/lib/x86_64-linux-gnu/valgrind/vgpreload_memcheck-amd64-linux.so)
==2365==    by 0x1984F3: xmalloc (in /usr/bin/bash)
==2365==    by 0x157FED: ??? (in /usr/bin/bash)
==2365==    by 0x15805C: ??? (in /usr/bin/bash)
==2365==    by 0x15B112: initialize_shell_variables (in /usr/bin/bash)
==2365==    by 0x138DC9: ??? (in /usr/bin/bash)
==2365==    by 0x137544: main (in /usr/bin/bash)
==2365== 
==2365== 8 bytes in 1 blocks are still reachable in loss record 66 of 304
==2365==    at 0x483B7F3: malloc (in /usr/lib/x86_64-linux-gnu/valgrind/vgpreload_memcheck-amd64-linux.so)
==2365==    by 0x1984F3: xmalloc (in /usr/bin/bash)
==2365==    by 0x1544D7: ??? (in /usr/bin/bash)
==2365==    by 0x157FCF: ??? (in /usr/bin/bash)
==2365==    by 0x15805C: ??? (in /usr/bin/bash)
==2365==    by 0x15B205: initialize_shell_variables (in /usr/bin/bash)
==2365==    by 0x138DC9: ??? (in /usr/bin/bash)
==2365==    by 0x137544: main (in /usr/bin/bash)
==2365== 
==2365== 8 bytes in 1 blocks are still reachable in loss record 67 of 304
==2365==    at 0x483B7F3: malloc (in /usr/lib/x86_64-linux-gnu/valgrind/vgpreload_memcheck-amd64-linux.so)
==2365==    by 0x1984F3: xmalloc (in /usr/bin/bash)
==2365==    by 0x157FED: ??? (in /usr/bin/bash)
==2365==    by 0x15805C: ??? (in /usr/bin/bash)
==2365==    by 0x15B205: initialize_shell_variables (in /usr/bin/bash)
==2365==    by 0x138DC9: ??? (in /usr/bin/bash)
==2365==    by 0x137544: main (in /usr/bin/bash)
==2365== 
==2365== 8 bytes in 1 blocks are still reachable in loss record 68 of 304
==2365==    at 0x483B7F3: malloc (in /usr/lib/x86_64-linux-gnu/valgrind/vgpreload_memcheck-amd64-linux.so)
==2365==    by 0x1984F3: xmalloc (in /usr/bin/bash)
==2365==    by 0x1544D7: ??? (in /usr/bin/bash)
==2365==    by 0x157FCF: ??? (in /usr/bin/bash)
==2365==    by 0x15805C: ??? (in /usr/bin/bash)
==2365==    by 0x15B27B: initialize_shell_variables (in /usr/bin/bash)
==2365==    by 0x138DC9: ??? (in /usr/bin/bash)
==2365==    by 0x137544: main (in /usr/bin/bash)
==2365== 
==2365== 8 bytes in 1 blocks are still reachable in loss record 69 of 304
==2365==    at 0x483B7F3: malloc (in /usr/lib/x86_64-linux-gnu/valgrind/vgpreload_memcheck-amd64-linux.so)
==2365==    by 0x1984F3: xmalloc (in /usr/bin/bash)
==2365==    by 0x157FED: ??? (in /usr/bin/bash)
==2365==    by 0x15805C: ??? (in /usr/bin/bash)
==2365==    by 0x15B27B: initialize_shell_variables (in /usr/bin/bash)
==2365==    by 0x138DC9: ??? (in /usr/bin/bash)
==2365==    by 0x137544: main (in /usr/bin/bash)
==2365== 
==2365== 9 bytes in 1 blocks are still reachable in loss record 70 of 304
==2365==    at 0x483B7F3: malloc (in /usr/lib/x86_64-linux-gnu/valgrind/vgpreload_memcheck-amd64-linux.so)
==2365==    by 0x1984F3: xmalloc (in /usr/bin/bash)
==2365==    by 0x1544D7: ??? (in /usr/bin/bash)
==2365==    by 0x157FCF: ??? (in /usr/bin/bash)
==2365==    by 0x15805C: ??? (in /usr/bin/bash)
==2365==    by 0x15AB95: initialize_shell_variables (in /usr/bin/bash)
==2365==    by 0x138DC9: ??? (in /usr/bin/bash)
==2365==    by 0x137544: main (in /usr/bin/bash)
==2365== 
==2365== 9 bytes in 1 blocks are still reachable in loss record 71 of 304
==2365==    at 0x483B7F3: malloc (in /usr/lib/x86_64-linux-gnu/valgrind/vgpreload_memcheck-amd64-linux.so)
==2365==    by 0x1984F3: xmalloc (in /usr/bin/bash)
==2365==    by 0x157FED: ??? (in /usr/bin/bash)
==2365==    by 0x15805C: ??? (in /usr/bin/bash)
==2365==    by 0x15AB95: initialize_shell_variables (in /usr/bin/bash)
==2365==    by 0x138DC9: ??? (in /usr/bin/bash)
==2365==    by 0x137544: main (in /usr/bin/bash)
==2365== 
==2365== 9 bytes in 1 blocks are still reachable in loss record 72 of 304
==2365==    at 0x483B7F3: malloc (in /usr/lib/x86_64-linux-gnu/valgrind/vgpreload_memcheck-amd64-linux.so)
==2365==    by 0x1984F3: xmalloc (in /usr/bin/bash)
==2365==    by 0x1544D7: ??? (in /usr/bin/bash)
==2365==    by 0x157FCF: ??? (in /usr/bin/bash)
==2365==    by 0x15805C: ??? (in /usr/bin/bash)
==2365==    by 0x15ABBB: initialize_shell_variables (in /usr/bin/bash)
==2365==    by 0x138DC9: ??? (in /usr/bin/bash)
==2365==    by 0x137544: main (in /usr/bin/bash)
==2365== 
==2365== 9 bytes in 1 blocks are still reachable in loss record 73 of 304
==2365==    at 0x483B7F3: malloc (in /usr/lib/x86_64-linux-gnu/valgrind/vgpreload_memcheck-amd64-linux.so)
==2365==    by 0x1984F3: xmalloc (in /usr/bin/bash)
==2365==    by 0x157FED: ??? (in /usr/bin/bash)
==2365==    by 0x15805C: ??? (in /usr/bin/bash)
==2365==    by 0x15ABBB: initialize_shell_variables (in /usr/bin/bash)
==2365==    by 0x138DC9: ??? (in /usr/bin/bash)
==2365==    by 0x137544: main (in /usr/bin/bash)
==2365== 
==2365== 9 bytes in 1 blocks are still reachable in loss record 74 of 304
==2365==    at 0x483B7F3: malloc (in /usr/lib/x86_64-linux-gnu/valgrind/vgpreload_memcheck-amd64-linux.so)
==2365==    by 0x1984F3: xmalloc (in /usr/bin/bash)
==2365==    by 0x1544D7: ??? (in /usr/bin/bash)
==2365==    by 0x157FCF: ??? (in /usr/bin/bash)
==2365==    by 0x15805C: ??? (in /usr/bin/bash)
==2365==    by 0x15ABCE: initialize_shell_variables (in /usr/bin/bash)
==2365==    by 0x138DC9: ??? (in /usr/bin/bash)
==2365==    by 0x137544: main (in /usr/bin/bash)
==2365== 
==2365== 9 bytes in 1 blocks are still reachable in loss record 75 of 304
==2365==    at 0x483B7F3: malloc (in /usr/lib/x86_64-linux-gnu/valgrind/vgpreload_memcheck-amd64-linux.so)
==2365==    by 0x1984F3: xmalloc (in /usr/bin/bash)
==2365==    by 0x157FED: ??? (in /usr/bin/bash)
==2365==    by 0x15805C: ??? (in /usr/bin/bash)
==2365==    by 0x15ABCE: initialize_shell_variables (in /usr/bin/bash)
==2365==    by 0x138DC9: ??? (in /usr/bin/bash)
==2365==    by 0x137544: main (in /usr/bin/bash)
==2365== 
==2365== 9 bytes in 1 blocks are still reachable in loss record 76 of 304
==2365==    at 0x483B7F3: malloc (in /usr/lib/x86_64-linux-gnu/valgrind/vgpreload_memcheck-amd64-linux.so)
==2365==    by 0x1984F3: xmalloc (in /usr/bin/bash)
==2365==    by 0x1544D7: ??? (in /usr/bin/bash)
==2365==    by 0x157FCF: ??? (in /usr/bin/bash)
==2365==    by 0x158D55: make_new_array_variable (in /usr/bin/bash)
==2365==    by 0x158DA7: ??? (in /usr/bin/bash)
==2365==    by 0x15B2CD: initialize_shell_variables (in /usr/bin/bash)
==2365==    by 0x138DC9: ??? (in /usr/bin/bash)
==2365==    by 0x137544: main (in /usr/bin/bash)
==2365== 
==2365== 9 bytes in 1 blocks are still reachable in loss record 77 of 304
==2365==    at 0x483B7F3: malloc (in /usr/lib/x86_64-linux-gnu/valgrind/vgpreload_memcheck-amd64-linux.so)
==2365==    by 0x1984F3: xmalloc (in /usr/bin/bash)
==2365==    by 0x157FED: ??? (in /usr/bin/bash)
==2365==    by 0x158D55: make_new_array_variable (in /usr/bin/bash)
==2365==    by 0x158DA7: ??? (in /usr/bin/bash)
==2365==    by 0x15B2CD: initialize_shell_variables (in /usr/bin/bash)
==2365==    by 0x138DC9: ??? (in /usr/bin/bash)
==2365==    by 0x137544: main (in /usr/bin/bash)
==2365== 
==2365== 9 bytes in 1 blocks are still reachable in loss record 78 of 304
==2365==    at 0x483B7F3: malloc (in /usr/lib/x86_64-linux-gnu/valgrind/vgpreload_memcheck-amd64-linux.so)
==2365==    by 0x1984F3: xmalloc (in /usr/bin/bash)
==2365==    by 0x1544D7: ??? (in /usr/bin/bash)
==2365==    by 0x157FCF: ??? (in /usr/bin/bash)
==2365==    by 0x158D55: make_new_array_variable (in /usr/bin/bash)
==2365==    by 0x15B64D: initialize_shell_variables (in /usr/bin/bash)
==2365==    by 0x138DC9: ??? (in /usr/bin/bash)
==2365==    by 0x137544: main (in /usr/bin/bash)
==2365== 
==2365== 9 bytes in 1 blocks are still reachable in loss record 79 of 304
==2365==    at 0x483B7F3: malloc (in /usr/lib/x86_64-linux-gnu/valgrind/vgpreload_memcheck-amd64-linux.so)
==2365==    by 0x1984F3: xmalloc (in /usr/bin/bash)
==2365==    by 0x157FED: ??? (in /usr/bin/bash)
==2365==    by 0x158D55: make_new_array_variable (in /usr/bin/bash)
==2365==    by 0x15B64D: initialize_shell_variables (in /usr/bin/bash)
==2365==    by 0x138DC9: ??? (in /usr/bin/bash)
==2365==    by 0x137544: main (in /usr/bin/bash)
==2365== 
==2365== 9 bytes in 1 blocks are still reachable in loss record 80 of 304
==2365==    at 0x483B7F3: malloc (in /usr/lib/x86_64-linux-gnu/valgrind/vgpreload_memcheck-amd64-linux.so)
==2365==    by 0x1984F3: xmalloc (in /usr/bin/bash)
==2365==    by 0x1544D7: ??? (in /usr/bin/bash)
==2365==    by 0x157FCF: ??? (in /usr/bin/bash)
==2365==    by 0x15805C: ??? (in /usr/bin/bash)
==2365==    by 0x1AC4B0: set_bashopts (in /usr/bin/bash)
==2365==    by 0x138E1C: ??? (in /usr/bin/bash)
==2365==    by 0x137544: main (in /usr/bin/bash)
==2365== 
==2365== 9 bytes in 1 blocks are still reachable in loss record 81 of 304
==2365==    at 0x483B7F3: malloc (in /usr/lib/x86_64-linux-gnu/valgrind/vgpreload_memcheck-amd64-linux.so)
==2365==    by 0x1984F3: xmalloc (in /usr/bin/bash)
==2365==    by 0x157FED: ??? (in /usr/bin/bash)
==2365==    by 0x15805C: ??? (in /usr/bin/bash)
==2365==    by 0x1AC4B0: set_bashopts (in /usr/bin/bash)
==2365==    by 0x138E1C: ??? (in /usr/bin/bash)
==2365==    by 0x137544: main (in /usr/bin/bash)
==2365== 
==2365== 10 bytes in 1 blocks are still reachable in loss record 82 of 304
==2365==    at 0x483B7F3: malloc (in /usr/lib/x86_64-linux-gnu/valgrind/vgpreload_memcheck-amd64-linux.so)
==2365==    by 0x1984F3: xmalloc (in /usr/bin/bash)
==2365==    by 0x156DA1: make_variable_value (in /usr/bin/bash)
==2365==    by 0x15806D: ??? (in /usr/bin/bash)
==2365==    by 0x15ABA8: initialize_shell_variables (in /usr/bin/bash)
==2365==    by 0x138DC9: ??? (in /usr/bin/bash)
==2365==    by 0x137544: main (in /usr/bin/bash)
==2365== 
==2365== 10 bytes in 1 blocks are still reachable in loss record 83 of 304
==2365==    at 0x483B7F3: malloc (in /usr/lib/x86_64-linux-gnu/valgrind/vgpreload_memcheck-amd64-linux.so)
==2365==    by 0x1984F3: xmalloc (in /usr/bin/bash)
==2365==    by 0x156DA1: make_variable_value (in /usr/bin/bash)
==2365==    by 0x15806D: ??? (in /usr/bin/bash)
==2365==    by 0x15AE90: initialize_shell_variables (in /usr/bin/bash)
==2365==    by 0x138DC9: ??? (in /usr/bin/bash)
==2365==    by 0x137544: main (in /usr/bin/bash)
==2365== 
==2365== 10 bytes in 1 blocks are still reachable in loss record 84 of 304
==2365==    at 0x483B7F3: malloc (in /usr/lib/x86_64-linux-gnu/valgrind/vgpreload_memcheck-amd64-linux.so)
==2365==    by 0x1984F3: xmalloc (in /usr/bin/bash)
==2365==    by 0x138D28: ??? (in /usr/bin/bash)
==2365==    by 0x15B81C: initialize_shell_variables (in /usr/bin/bash)
==2365==    by 0x138DC9: ??? (in /usr/bin/bash)
==2365==    by 0x137544: main (in /usr/bin/bash)
==2365== 
==2365== 10 bytes in 1 blocks are still reachable in loss record 85 of 304
==2365==    at 0x483B7F3: malloc (in /usr/lib/x86_64-linux-gnu/valgrind/vgpreload_memcheck-amd64-linux.so)
==2365==    by 0x1984F3: xmalloc (in /usr/bin/bash)
==2365==    by 0x156DA1: make_variable_value (in /usr/bin/bash)
==2365==    by 0x15806D: ??? (in /usr/bin/bash)
==2365==    by 0x15B635: initialize_shell_variables (in /usr/bin/bash)
==2365==    by 0x138DC9: ??? (in /usr/bin/bash)
==2365==    by 0x137544: main (in /usr/bin/bash)
==2365== 
==2365== 10 bytes in 1 blocks are still reachable in loss record 86 of 304
==2365==    at 0x483B7F3: malloc (in /usr/lib/x86_64-linux-gnu/valgrind/vgpreload_memcheck-amd64-linux.so)
==2365==    by 0x1984F3: xmalloc (in /usr/bin/bash)
==2365==    by 0x1544D7: ??? (in /usr/bin/bash)
==2365==    by 0x157FCF: ??? (in /usr/bin/bash)
==2365==    by 0x158D55: make_new_array_variable (in /usr/bin/bash)
==2365==    by 0x158DA7: ??? (in /usr/bin/bash)
==2365==    by 0x15B30B: initialize_shell_variables (in /usr/bin/bash)
==2365==    by 0x138DC9: ??? (in /usr/bin/bash)
==2365==    by 0x137544: main (in /usr/bin/bash)
==2365== 
==2365== 10 bytes in 1 blocks are still reachable in loss record 87 of 304
==2365==    at 0x483B7F3: malloc (in /usr/lib/x86_64-linux-gnu/valgrind/vgpreload_memcheck-amd64-linux.so)
==2365==    by 0x1984F3: xmalloc (in /usr/bin/bash)
==2365==    by 0x157FED: ??? (in /usr/bin/bash)
==2365==    by 0x158D55: make_new_array_variable (in /usr/bin/bash)
==2365==    by 0x158DA7: ??? (in /usr/bin/bash)
==2365==    by 0x15B30B: initialize_shell_variables (in /usr/bin/bash)
==2365==    by 0x138DC9: ??? (in /usr/bin/bash)
==2365==    by 0x137544: main (in /usr/bin/bash)
==2365== 
==2365== 10 bytes in 1 blocks are still reachable in loss record 88 of 304
==2365==    at 0x483B7F3: malloc (in /usr/lib/x86_64-linux-gnu/valgrind/vgpreload_memcheck-amd64-linux.so)
==2365==    by 0x1984F3: xmalloc (in /usr/bin/bash)
==2365==    by 0x1544D7: ??? (in /usr/bin/bash)
==2365==    by 0x157FCF: ??? (in /usr/bin/bash)
==2365==    by 0x158D55: make_new_array_variable (in /usr/bin/bash)
==2365==    by 0x158DA7: ??? (in /usr/bin/bash)
==2365==    by 0x15B32A: initialize_shell_variables (in /usr/bin/bash)
==2365==    by 0x138DC9: ??? (in /usr/bin/bash)
==2365==    by 0x137544: main (in /usr/bin/bash)
==2365== 
==2365== 10 bytes in 1 blocks are still reachable in loss record 89 of 304
==2365==    at 0x483B7F3: malloc (in /usr/lib/x86_64-linux-gnu/valgrind/vgpreload_memcheck-amd64-linux.so)
==2365==    by 0x1984F3: xmalloc (in /usr/bin/bash)
==2365==    by 0x157FED: ??? (in /usr/bin/bash)
==2365==    by 0x158D55: make_new_array_variable (in /usr/bin/bash)
==2365==    by 0x158DA7: ??? (in /usr/bin/bash)
==2365==    by 0x15B32A: initialize_shell_variables (in /usr/bin/bash)
==2365==    by 0x138DC9: ??? (in /usr/bin/bash)
==2365==    by 0x137544: main (in /usr/bin/bash)
==2365== 
==2365== 10 bytes in 1 blocks are still reachable in loss record 90 of 304
==2365==    at 0x483B7F3: malloc (in /usr/lib/x86_64-linux-gnu/valgrind/vgpreload_memcheck-amd64-linux.so)
==2365==    by 0x1984F3: xmalloc (in /usr/bin/bash)
==2365==    by 0x1544D7: ??? (in /usr/bin/bash)
==2365==    by 0x157FCF: ??? (in /usr/bin/bash)
==2365==    by 0x158DE5: make_new_assoc_variable (in /usr/bin/bash)
==2365==    by 0x15B6A9: initialize_shell_variables (in /usr/bin/bash)
==2365==    by 0x138DC9: ??? (in /usr/bin/bash)
==2365==    by 0x137544: main (in /usr/bin/bash)
==2365== 
==2365== 10 bytes in 1 blocks are still reachable in loss record 91 of 304
==2365==    at 0x483B7F3: malloc (in /usr/lib/x86_64-linux-gnu/valgrind/vgpreload_memcheck-amd64-linux.so)
==2365==    by 0x1984F3: xmalloc (in /usr/bin/bash)
==2365==    by 0x157FED: ??? (in /usr/bin/bash)
==2365==    by 0x158DE5: make_new_assoc_variable (in /usr/bin/bash)
==2365==    by 0x15B6A9: initialize_shell_variables (in /usr/bin/bash)
==2365==    by 0x138DC9: ??? (in /usr/bin/bash)
==2365==    by 0x137544: main (in /usr/bin/bash)
==2365== 
==2365== 10 bytes in 1 blocks are still reachable in loss record 92 of 304
==2365==    at 0x483B7F3: malloc (in /usr/lib/x86_64-linux-gnu/valgrind/vgpreload_memcheck-amd64-linux.so)
==2365==    by 0x1984F3: xmalloc (in /usr/bin/bash)
==2365==    by 0x1544D7: ??? (in /usr/bin/bash)
==2365==    by 0x157FCF: ??? (in /usr/bin/bash)
==2365==    by 0x15805C: ??? (in /usr/bin/bash)
==2365==    by 0x1A76E0: set_shellopts (in /usr/bin/bash)
==2365==    by 0x138DFD: ??? (in /usr/bin/bash)
==2365==    by 0x137544: main (in /usr/bin/bash)
==2365== 
==2365== 10 bytes in 1 blocks are still reachable in loss record 93 of 304
==2365==    at 0x483B7F3: malloc (in /usr/lib/x86_64-linux-gnu/valgrind/vgpreload_memcheck-amd64-linux.so)
==2365==    by 0x1984F3: xmalloc (in /usr/bin/bash)
==2365==    by 0x157FED: ??? (in /usr/bin/bash)
==2365==    by 0x15805C: ??? (in /usr/bin/bash)
==2365==    by 0x1A76E0: set_shellopts (in /usr/bin/bash)
==2365==    by 0x138DFD: ??? (in /usr/bin/bash)
==2365==    by 0x137544: main (in /usr/bin/bash)
==2365== 
==2365== 10 bytes in 1 blocks are still reachable in loss record 94 of 304
==2365==    at 0x483B7F3: malloc (in /usr/lib/x86_64-linux-gnu/valgrind/vgpreload_memcheck-amd64-linux.so)
==2365==    by 0x198577: xrealloc (in /usr/bin/bash)
==2365==    by 0x13FAB0: ??? (in /usr/bin/bash)
==2365==    by 0x142EC7: yyparse (in /usr/bin/bash)
==2365==    by 0x13929A: parse_command (in /usr/bin/bash)
==2365==    by 0x1393A6: read_command (in /usr/bin/bash)
==2365==    by 0x1395C9: reader_loop (in /usr/bin/bash)
==2365==    by 0x137EF8: main (in /usr/bin/bash)
==2365== 
==2365== 10 bytes in 1 blocks are still reachable in loss record 95 of 304
==2365==    at 0x483B7F3: malloc (in /usr/lib/x86_64-linux-gnu/valgrind/vgpreload_memcheck-amd64-linux.so)
==2365==    by 0x1984F3: xmalloc (in /usr/bin/bash)
==2365==    by 0x14F948: execute_command_internal (in /usr/bin/bash)
==2365==    by 0x1519D9: execute_command (in /usr/bin/bash)
==2365==    by 0x139664: reader_loop (in /usr/bin/bash)
==2365==    by 0x137EF8: main (in /usr/bin/bash)
==2365== 
==2365== 11 bytes in 1 blocks are still reachable in loss record 96 of 304
==2365==    at 0x483B7F3: malloc (in /usr/lib/x86_64-linux-gnu/valgrind/vgpreload_memcheck-amd64-linux.so)
==2365==    by 0x1984F3: xmalloc (in /usr/bin/bash)
==2365==    by 0x1544D7: ??? (in /usr/bin/bash)
==2365==    by 0x157FCF: ??? (in /usr/bin/bash)
==2365==    by 0x15805C: ??? (in /usr/bin/bash)
==2365==    by 0x15B13F: initialize_shell_variables (in /usr/bin/bash)
==2365==    by 0x138DC9: ??? (in /usr/bin/bash)
==2365==    by 0x137544: main (in /usr/bin/bash)
==2365== 
==2365== 11 bytes in 1 blocks are still reachable in loss record 97 of 304
==2365==    at 0x483B7F3: malloc (in /usr/lib/x86_64-linux-gnu/valgrind/vgpreload_memcheck-amd64-linux.so)
==2365==    by 0x1984F3: xmalloc (in /usr/bin/bash)
==2365==    by 0x157FED: ??? (in /usr/bin/bash)
==2365==    by 0x15805C: ??? (in /usr/bin/bash)
==2365==    by 0x15B13F: initialize_shell_variables (in /usr/bin/bash)
==2365==    by 0x138DC9: ??? (in /usr/bin/bash)
==2365==    by 0x137544: main (in /usr/bin/bash)
==2365== 
==2365== 11 bytes in 1 blocks are still reachable in loss record 98 of 304
==2365==    at 0x483B7F3: malloc (in /usr/lib/x86_64-linux-gnu/valgrind/vgpreload_memcheck-amd64-linux.so)
==2365==    by 0x1984F3: xmalloc (in /usr/bin/bash)
==2365==    by 0x1544D7: ??? (in /usr/bin/bash)
==2365==    by 0x157FCF: ??? (in /usr/bin/bash)
==2365==    by 0x158D55: make_new_array_variable (in /usr/bin/bash)
==2365==    by 0x15C10B: set_pipestatus_array (in /usr/bin/bash)
==2365==    by 0x15172F: execute_command_internal (in /usr/bin/bash)
==2365==    by 0x1519D9: execute_command (in /usr/bin/bash)
==2365==    by 0x139664: reader_loop (in /usr/bin/bash)
==2365==    by 0x137EF8: main (in /usr/bin/bash)
==2365== 
==2365== 11 bytes in 1 blocks are still reachable in loss record 99 of 304
==2365==    at 0x483B7F3: malloc (in /usr/lib/x86_64-linux-gnu/valgrind/vgpreload_memcheck-amd64-linux.so)
==2365==    by 0x1984F3: xmalloc (in /usr/bin/bash)
==2365==    by 0x157FED: ??? (in /usr/bin/bash)
==2365==    by 0x158D55: make_new_array_variable (in /usr/bin/bash)
==2365==    by 0x15C10B: set_pipestatus_array (in /usr/bin/bash)
==2365==    by 0x15172F: execute_command_internal (in /usr/bin/bash)
==2365==    by 0x1519D9: execute_command (in /usr/bin/bash)
==2365==    by 0x139664: reader_loop (in /usr/bin/bash)
==2365==    by 0x137EF8: main (in /usr/bin/bash)
==2365== 
==2365== 12 bytes in 1 blocks are still reachable in loss record 100 of 304
==2365==    at 0x483B7F3: malloc (in /usr/lib/x86_64-linux-gnu/valgrind/vgpreload_memcheck-amd64-linux.so)
==2365==    by 0x1984F3: xmalloc (in /usr/bin/bash)
==2365==    by 0x1544D7: ??? (in /usr/bin/bash)
==2365==    by 0x157FCF: ??? (in /usr/bin/bash)
==2365==    by 0x158D55: make_new_array_variable (in /usr/bin/bash)
==2365==    by 0x158DA7: ??? (in /usr/bin/bash)
==2365==    by 0x15B349: initialize_shell_variables (in /usr/bin/bash)
==2365==    by 0x138DC9: ??? (in /usr/bin/bash)
==2365==    by 0x137544: main (in /usr/bin/bash)
==2365== 
==2365== 12 bytes in 1 blocks are still reachable in loss record 101 of 304
==2365==    at 0x483B7F3: malloc (in /usr/lib/x86_64-linux-gnu/valgrind/vgpreload_memcheck-amd64-linux.so)
==2365==    by 0x1984F3: xmalloc (in /usr/bin/bash)
==2365==    by 0x157FED: ??? (in /usr/bin/bash)
==2365==    by 0x158D55: make_new_array_variable (in /usr/bin/bash)
==2365==    by 0x158DA7: ??? (in /usr/bin/bash)
==2365==    by 0x15B349: initialize_shell_variables (in /usr/bin/bash)
==2365==    by 0x138DC9: ??? (in /usr/bin/bash)
==2365==    by 0x137544: main (in /usr/bin/bash)
==2365== 
==2365== 12 bytes in 1 blocks are still reachable in loss record 102 of 304
==2365==    at 0x483B7F3: malloc (in /usr/lib/x86_64-linux-gnu/valgrind/vgpreload_memcheck-amd64-linux.so)
==2365==    by 0x1984F3: xmalloc (in /usr/bin/bash)
==2365==    by 0x1544D7: ??? (in /usr/bin/bash)
==2365==    by 0x157FCF: ??? (in /usr/bin/bash)
==2365==    by 0x158D55: make_new_array_variable (in /usr/bin/bash)
==2365==    by 0x158DA7: ??? (in /usr/bin/bash)
==2365==    by 0x15B368: initialize_shell_variables (in /usr/bin/bash)
==2365==    by 0x138DC9: ??? (in /usr/bin/bash)
==2365==    by 0x137544: main (in /usr/bin/bash)
==2365== 
==2365== 12 bytes in 1 blocks are still reachable in loss record 103 of 304
==2365==    at 0x483B7F3: malloc (in /usr/lib/x86_64-linux-gnu/valgrind/vgpreload_memcheck-amd64-linux.so)
==2365==    by 0x1984F3: xmalloc (in /usr/bin/bash)
==2365==    by 0x157FED: ??? (in /usr/bin/bash)
==2365==    by 0x158D55: make_new_array_variable (in /usr/bin/bash)
==2365==    by 0x158DA7: ??? (in /usr/bin/bash)
==2365==    by 0x15B368: initialize_shell_variables (in /usr/bin/bash)
==2365==    by 0x138DC9: ??? (in /usr/bin/bash)
==2365==    by 0x137544: main (in /usr/bin/bash)
==2365== 
==2365== 13 bytes in 1 blocks are still reachable in loss record 104 of 304
==2365==    at 0x483B7F3: malloc (in /usr/lib/x86_64-linux-gnu/valgrind/vgpreload_memcheck-amd64-linux.so)
==2365==    by 0x1984F3: xmalloc (in /usr/bin/bash)
==2365==    by 0x138ECE: ??? (in /usr/bin/bash)
==2365==    by 0x137544: main (in /usr/bin/bash)
==2365== 
==2365== 13 bytes in 1 blocks are still reachable in loss record 105 of 304
==2365==    at 0x483B7F3: malloc (in /usr/lib/x86_64-linux-gnu/valgrind/vgpreload_memcheck-amd64-linux.so)
==2365==    by 0x1984F3: xmalloc (in /usr/bin/bash)
==2365==    by 0x156DA1: make_variable_value (in /usr/bin/bash)
==2365==    by 0x15806D: ??? (in /usr/bin/bash)
==2365==    by 0x15ABCE: initialize_shell_variables (in /usr/bin/bash)
==2365==    by 0x138DC9: ??? (in /usr/bin/bash)
==2365==    by 0x137544: main (in /usr/bin/bash)
==2365== 
==2365== 13 bytes in 1 blocks are still reachable in loss record 106 of 304
==2365==    at 0x483B7F3: malloc (in /usr/lib/x86_64-linux-gnu/valgrind/vgpreload_memcheck-amd64-linux.so)
==2365==    by 0x1984F3: xmalloc (in /usr/bin/bash)
==2365==    by 0x1544D7: ??? (in /usr/bin/bash)
==2365==    by 0x157FCF: ??? (in /usr/bin/bash)
==2365==    by 0x15805C: ??? (in /usr/bin/bash)
==2365==    by 0x15AECB: initialize_shell_variables (in /usr/bin/bash)
==2365==    by 0x138DC9: ??? (in /usr/bin/bash)
==2365==    by 0x137544: main (in /usr/bin/bash)
==2365== 
==2365== 13 bytes in 1 blocks are still reachable in loss record 107 of 304
==2365==    at 0x483B7F3: malloc (in /usr/lib/x86_64-linux-gnu/valgrind/vgpreload_memcheck-amd64-linux.so)
==2365==    by 0x1984F3: xmalloc (in /usr/bin/bash)
==2365==    by 0x157FED: ??? (in /usr/bin/bash)
==2365==    by 0x15805C: ??? (in /usr/bin/bash)
==2365==    by 0x15AECB: initialize_shell_variables (in /usr/bin/bash)
==2365==    by 0x138DC9: ??? (in /usr/bin/bash)
==2365==    by 0x137544: main (in /usr/bin/bash)
==2365== 
==2365== 13 bytes in 1 blocks are still reachable in loss record 108 of 304
==2365==    at 0x483B7F3: malloc (in /usr/lib/x86_64-linux-gnu/valgrind/vgpreload_memcheck-amd64-linux.so)
==2365==    by 0x1984F3: xmalloc (in /usr/bin/bash)
==2365==    by 0x1544D7: ??? (in /usr/bin/bash)
==2365==    by 0x157FCF: ??? (in /usr/bin/bash)
==2365==    by 0x15805C: ??? (in /usr/bin/bash)
==2365==    by 0x15B165: initialize_shell_variables (in /usr/bin/bash)
==2365==    by 0x138DC9: ??? (in /usr/bin/bash)
==2365==    by 0x137544: main (in /usr/bin/bash)
==2365== 
==2365== 13 bytes in 1 blocks are still reachable in loss record 109 of 304
==2365==    at 0x483B7F3: malloc (in /usr/lib/x86_64-linux-gnu/valgrind/vgpreload_memcheck-amd64-linux.so)
==2365==    by 0x1984F3: xmalloc (in /usr/bin/bash)
==2365==    by 0x157FED: ??? (in /usr/bin/bash)
==2365==    by 0x15805C: ??? (in /usr/bin/bash)
==2365==    by 0x15B165: initialize_shell_variables (in /usr/bin/bash)
==2365==    by 0x138DC9: ??? (in /usr/bin/bash)
==2365==    by 0x137544: main (in /usr/bin/bash)
==2365== 
==2365== 13 bytes in 1 blocks are still reachable in loss record 110 of 304
==2365==    at 0x483B7F3: malloc (in /usr/lib/x86_64-linux-gnu/valgrind/vgpreload_memcheck-amd64-linux.so)
==2365==    by 0x1984F3: xmalloc (in /usr/bin/bash)
==2365==    by 0x1544D7: ??? (in /usr/bin/bash)
==2365==    by 0x157FCF: ??? (in /usr/bin/bash)
==2365==    by 0x15805C: ??? (in /usr/bin/bash)
==2365==    by 0x15B228: initialize_shell_variables (in /usr/bin/bash)
==2365==    by 0x138DC9: ??? (in /usr/bin/bash)
==2365==    by 0x137544: main (in /usr/bin/bash)
==2365== 
==2365== 13 bytes in 1 blocks are still reachable in loss record 111 of 304
==2365==    at 0x483B7F3: malloc (in /usr/lib/x86_64-linux-gnu/valgrind/vgpreload_memcheck-amd64-linux.so)
==2365==    by 0x1984F3: xmalloc (in /usr/bin/bash)
==2365==    by 0x157FED: ??? (in /usr/bin/bash)
==2365==    by 0x15805C: ??? (in /usr/bin/bash)
==2365==    by 0x15B228: initialize_shell_variables (in /usr/bin/bash)
==2365==    by 0x138DC9: ??? (in /usr/bin/bash)
==2365==    by 0x137544: main (in /usr/bin/bash)
==2365== 
==2365== 13 bytes in 1 blocks are still reachable in loss record 112 of 304
==2365==    at 0x483B7F3: malloc (in /usr/lib/x86_64-linux-gnu/valgrind/vgpreload_memcheck-amd64-linux.so)
==2365==    by 0x1984F3: xmalloc (in /usr/bin/bash)
==2365==    by 0x1544D7: ??? (in /usr/bin/bash)
==2365==    by 0x157FCF: ??? (in /usr/bin/bash)
==2365==    by 0x158DE5: make_new_assoc_variable (in /usr/bin/bash)
==2365==    by 0x15B67B: initialize_shell_variables (in /usr/bin/bash)
==2365==    by 0x138DC9: ??? (in /usr/bin/bash)
==2365==    by 0x137544: main (in /usr/bin/bash)
==2365== 
==2365== 13 bytes in 1 blocks are still reachable in loss record 113 of 304
==2365==    at 0x483B7F3: malloc (in /usr/lib/x86_64-linux-gnu/valgrind/vgpreload_memcheck-amd64-linux.so)
==2365==    by 0x1984F3: xmalloc (in /usr/bin/bash)
==2365==    by 0x157FED: ??? (in /usr/bin/bash)
==2365==    by 0x158DE5: make_new_assoc_variable (in /usr/bin/bash)
==2365==    by 0x15B67B: initialize_shell_variables (in /usr/bin/bash)
==2365==    by 0x138DC9: ??? (in /usr/bin/bash)
==2365==    by 0x137544: main (in /usr/bin/bash)
==2365== 
==2365== 14 bytes in 1 blocks are still reachable in loss record 114 of 304
==2365==    at 0x483B7F3: malloc (in /usr/lib/x86_64-linux-gnu/valgrind/vgpreload_memcheck-amd64-linux.so)
==2365==    by 0x1984F3: xmalloc (in /usr/bin/bash)
==2365==    by 0x1544D7: ??? (in /usr/bin/bash)
==2365==    by 0x157FCF: ??? (in /usr/bin/bash)
==2365==    by 0x158D55: make_new_array_variable (in /usr/bin/bash)
==2365==    by 0x15AEE3: initialize_shell_variables (in /usr/bin/bash)
==2365==    by 0x138DC9: ??? (in /usr/bin/bash)
==2365==    by 0x137544: main (in /usr/bin/bash)
==2365== 
==2365== 14 bytes in 1 blocks are still reachable in loss record 115 of 304
==2365==    at 0x483B7F3: malloc (in /usr/lib/x86_64-linux-gnu/valgrind/vgpreload_memcheck-amd64-linux.so)
==2365==    by 0x1984F3: xmalloc (in /usr/bin/bash)
==2365==    by 0x157FED: ??? (in /usr/bin/bash)
==2365==    by 0x158D55: make_new_array_variable (in /usr/bin/bash)
==2365==    by 0x15AEE3: initialize_shell_variables (in /usr/bin/bash)
==2365==    by 0x138DC9: ??? (in /usr/bin/bash)
==2365==    by 0x137544: main (in /usr/bin/bash)
==2365== 
==2365== 14 bytes in 1 blocks are still reachable in loss record 116 of 304
==2365==    at 0x483B7F3: malloc (in /usr/lib/x86_64-linux-gnu/valgrind/vgpreload_memcheck-amd64-linux.so)
==2365==    by 0x1984F3: xmalloc (in /usr/bin/bash)
==2365==    by 0x1544D7: ??? (in /usr/bin/bash)
==2365==    by 0x157FCF: ??? (in /usr/bin/bash)
==2365==    by 0x15805C: ??? (in /usr/bin/bash)
==2365==    by 0x15B188: initialize_shell_variables (in /usr/bin/bash)
==2365==    by 0x138DC9: ??? (in /usr/bin/bash)
==2365==    by 0x137544: main (in /usr/bin/bash)
==2365== 
==2365== 14 bytes in 1 blocks are still reachable in loss record 117 of 304
==2365==    at 0x483B7F3: malloc (in /usr/lib/x86_64-linux-gnu/valgrind/vgpreload_memcheck-amd64-linux.so)
==2365==    by 0x1984F3: xmalloc (in /usr/bin/bash)
==2365==    by 0x157FED: ??? (in /usr/bin/bash)
==2365==    by 0x15805C: ??? (in /usr/bin/bash)
==2365==    by 0x15B188: initialize_shell_variables (in /usr/bin/bash)
==2365==    by 0x138DC9: ??? (in /usr/bin/bash)
==2365==    by 0x137544: main (in /usr/bin/bash)
==2365== 
==2365== 14 bytes in 1 blocks are still reachable in loss record 118 of 304
==2365==    at 0x483B7F3: malloc (in /usr/lib/x86_64-linux-gnu/valgrind/vgpreload_memcheck-amd64-linux.so)
==2365==    by 0x1984F3: xmalloc (in /usr/bin/bash)
==2365==    by 0x1544D7: ??? (in /usr/bin/bash)
==2365==    by 0x157FCF: ??? (in /usr/bin/bash)
==2365==    by 0x15805C: ??? (in /usr/bin/bash)
==2365==    by 0x15B24E: initialize_shell_variables (in /usr/bin/bash)
==2365==    by 0x138DC9: ??? (in /usr/bin/bash)
==2365==    by 0x137544: main (in /usr/bin/bash)
==2365== 
==2365== 14 bytes in 1 blocks are still reachable in loss record 119 of 304
==2365==    at 0x483B7F3: malloc (in /usr/lib/x86_64-linux-gnu/valgrind/vgpreload_memcheck-amd64-linux.so)
==2365==    by 0x1984F3: xmalloc (in /usr/bin/bash)
==2365==    by 0x157FED: ??? (in /usr/bin/bash)
==2365==    by 0x15805C: ??? (in /usr/bin/bash)
==2365==    by 0x15B24E: initialize_shell_variables (in /usr/bin/bash)
==2365==    by 0x138DC9: ??? (in /usr/bin/bash)
==2365==    by 0x137544: main (in /usr/bin/bash)
==2365== 
==2365== 16 bytes in 1 blocks are still reachable in loss record 120 of 304
==2365==    at 0x483B7F3: malloc (in /usr/lib/x86_64-linux-gnu/valgrind/vgpreload_memcheck-amd64-linux.so)
==2365==    by 0x1984F3: xmalloc (in /usr/bin/bash)
==2365==    by 0x14789D: tilde_initialize (in /usr/bin/bash)
==2365==    by 0x138DA5: ??? (in /usr/bin/bash)
==2365==    by 0x137544: main (in /usr/bin/bash)
==2365== 
==2365== 16 bytes in 1 blocks are still reachable in loss record 121 of 304
==2365==    at 0x483B7F3: malloc (in /usr/lib/x86_64-linux-gnu/valgrind/vgpreload_memcheck-amd64-linux.so)
==2365==    by 0x1984F3: xmalloc (in /usr/bin/bash)
==2365==    by 0x1478EE: tilde_initialize (in /usr/bin/bash)
==2365==    by 0x138DA5: ??? (in /usr/bin/bash)
==2365==    by 0x137544: main (in /usr/bin/bash)
==2365== 
==2365== 16 bytes in 1 blocks are still reachable in loss record 122 of 304
==2365==    at 0x483B7F3: malloc (in /usr/lib/x86_64-linux-gnu/valgrind/vgpreload_memcheck-amd64-linux.so)
==2365==    by 0x1984F3: xmalloc (in /usr/bin/bash)
==2365==    by 0x17B6F6: hash_create (in /usr/bin/bash)
==2365==    by 0x157F8A: ??? (in /usr/bin/bash)
==2365==    by 0x15AAAB: initialize_shell_variables (in /usr/bin/bash)
==2365==    by 0x138DC9: ??? (in /usr/bin/bash)
==2365==    by 0x137544: main (in /usr/bin/bash)
==2365== 
==2365== 16 bytes in 1 blocks are still reachable in loss record 123 of 304
==2365==    at 0x483B7F3: malloc (in /usr/lib/x86_64-linux-gnu/valgrind/vgpreload_memcheck-amd64-linux.so)
==2365==    by 0x1984F3: xmalloc (in /usr/bin/bash)
==2365==    by 0x17B6F6: hash_create (in /usr/bin/bash)
==2365==    by 0x157FA9: ??? (in /usr/bin/bash)
==2365==    by 0x15AAAB: initialize_shell_variables (in /usr/bin/bash)
==2365==    by 0x138DC9: ??? (in /usr/bin/bash)
==2365==    by 0x137544: main (in /usr/bin/bash)
==2365== 
==2365== 16 bytes in 1 blocks are still reachable in loss record 124 of 304
==2365==    at 0x483B7F3: malloc (in /usr/lib/x86_64-linux-gnu/valgrind/vgpreload_memcheck-amd64-linux.so)
==2365==    by 0x1984F3: xmalloc (in /usr/bin/bash)
==2365==    by 0x17B6F6: hash_create (in /usr/bin/bash)
==2365==    by 0x157F51: ??? (in /usr/bin/bash)
==2365==    by 0x15AAAB: initialize_shell_variables (in /usr/bin/bash)
==2365==    by 0x138DC9: ??? (in /usr/bin/bash)
==2365==    by 0x137544: main (in /usr/bin/bash)
==2365== 
==2365== 16 bytes in 1 blocks are still reachable in loss record 125 of 304
==2365==    at 0x483B7F3: malloc (in /usr/lib/x86_64-linux-gnu/valgrind/vgpreload_memcheck-amd64-linux.so)
==2365==    by 0x1984F3: xmalloc (in /usr/bin/bash)
==2365==    by 0x1544D7: ??? (in /usr/bin/bash)
==2365==    by 0x157FCF: ??? (in /usr/bin/bash)
==2365==    by 0x15805C: ??? (in /usr/bin/bash)
==2365==    by 0x15B2A2: initialize_shell_variables (in /usr/bin/bash)
==2365==    by 0x138DC9: ??? (in /usr/bin/bash)
==2365==    by 0x137544: main (in /usr/bin/bash)
==2365== 
==2365== 16 bytes in 1 blocks are still reachable in loss record 126 of 304
==2365==    at 0x483B7F3: malloc (in /usr/lib/x86_64-linux-gnu/valgrind/vgpreload_memcheck-amd64-linux.so)
==2365==    by 0x1984F3: xmalloc (in /usr/bin/bash)
==2365==    by 0x157FED: ??? (in /usr/bin/bash)
==2365==    by 0x15805C: ??? (in /usr/bin/bash)
==2365==    by 0x15B2A2: initialize_shell_variables (in /usr/bin/bash)
==2365==    by 0x138DC9: ??? (in /usr/bin/bash)
==2365==    by 0x137544: main (in /usr/bin/bash)
==2365== 
==2365== 16 bytes in 1 blocks are still reachable in loss record 127 of 304
==2365==    at 0x483B7F3: malloc (in /usr/lib/x86_64-linux-gnu/valgrind/vgpreload_memcheck-amd64-linux.so)
==2365==    by 0x1984F3: xmalloc (in /usr/bin/bash)
==2365==    by 0x17B6F6: hash_create (in /usr/bin/bash)
==2365==    by 0x158DEF: make_new_assoc_variable (in /usr/bin/bash)
==2365==    by 0x15B6A9: initialize_shell_variables (in /usr/bin/bash)
==2365==    by 0x138DC9: ??? (in /usr/bin/bash)
==2365==    by 0x137544: main (in /usr/bin/bash)
==2365== 
==2365== 16 bytes in 1 blocks are still reachable in loss record 128 of 304
==2365==    at 0x483B7F3: malloc (in /usr/lib/x86_64-linux-gnu/valgrind/vgpreload_memcheck-amd64-linux.so)
==2365==    by 0x1984F3: xmalloc (in /usr/bin/bash)
==2365==    by 0x17B6F6: hash_create (in /usr/bin/bash)
==2365==    by 0x158DEF: make_new_assoc_variable (in /usr/bin/bash)
==2365==    by 0x15B67B: initialize_shell_variables (in /usr/bin/bash)
==2365==    by 0x138DC9: ??? (in /usr/bin/bash)
==2365==    by 0x137544: main (in /usr/bin/bash)
==2365== 
==2365== 16 bytes in 1 blocks are still reachable in loss record 129 of 304
==2365==    at 0x483B7F3: malloc (in /usr/lib/x86_64-linux-gnu/valgrind/vgpreload_memcheck-amd64-linux.so)
==2365==    by 0x1984F3: xmalloc (in /usr/bin/bash)
==2365==    by 0x148045: alloc_word_desc (in /usr/bin/bash)
==2365==    by 0x141419: ??? (in /usr/bin/bash)
==2365==    by 0x142EC7: yyparse (in /usr/bin/bash)
==2365==    by 0x13929A: parse_command (in /usr/bin/bash)
==2365==    by 0x1393A6: read_command (in /usr/bin/bash)
==2365==    by 0x1395C9: reader_loop (in /usr/bin/bash)
==2365==    by 0x137EF8: main (in /usr/bin/bash)
==2365== 
==2365== 16 bytes in 1 blocks are still reachable in loss record 130 of 304
==2365==    at 0x483B7F3: malloc (in /usr/lib/x86_64-linux-gnu/valgrind/vgpreload_memcheck-amd64-linux.so)
==2365==    by 0x1984F3: xmalloc (in /usr/bin/bash)
==2365==    by 0x148045: alloc_word_desc (in /usr/bin/bash)
==2365==    by 0x140C67: ??? (in /usr/bin/bash)
==2365==    by 0x142EC7: yyparse (in /usr/bin/bash)
==2365==    by 0x13929A: parse_command (in /usr/bin/bash)
==2365==    by 0x1393A6: read_command (in /usr/bin/bash)
==2365==    by 0x1395C9: reader_loop (in /usr/bin/bash)
==2365==    by 0x137EF8: main (in /usr/bin/bash)
==2365== 
==2365== 16 bytes in 1 blocks are still reachable in loss record 131 of 304
==2365==    at 0x483B7F3: malloc (in /usr/lib/x86_64-linux-gnu/valgrind/vgpreload_memcheck-amd64-linux.so)
==2365==    by 0x1984F3: xmalloc (in /usr/bin/bash)
==2365==    by 0x1482D9: make_word_list (in /usr/bin/bash)
==2365==    by 0x148AB8: make_simple_command (in /usr/bin/bash)
==2365==    by 0x14353F: yyparse (in /usr/bin/bash)
==2365==    by 0x13929A: parse_command (in /usr/bin/bash)
==2365==    by 0x1393A6: read_command (in /usr/bin/bash)
==2365==    by 0x1395C9: reader_loop (in /usr/bin/bash)
==2365==    by 0x137EF8: main (in /usr/bin/bash)
==2365== 
==2365== 16 bytes in 1 blocks are still reachable in loss record 132 of 304
==2365==    at 0x483B7F3: malloc (in /usr/lib/x86_64-linux-gnu/valgrind/vgpreload_memcheck-amd64-linux.so)
==2365==    by 0x1984F3: xmalloc (in /usr/bin/bash)
==2365==    by 0x1482D9: make_word_list (in /usr/bin/bash)
==2365==    by 0x148AB8: make_simple_command (in /usr/bin/bash)
==2365==    by 0x143516: yyparse (in /usr/bin/bash)
==2365==    by 0x13929A: parse_command (in /usr/bin/bash)
==2365==    by 0x1393A6: read_command (in /usr/bin/bash)
==2365==    by 0x1395C9: reader_loop (in /usr/bin/bash)
==2365==    by 0x137EF8: main (in /usr/bin/bash)
==2365== 
==2365== 16 bytes in 1 blocks are still reachable in loss record 133 of 304
==2365==    at 0x483B7F3: malloc (in /usr/lib/x86_64-linux-gnu/valgrind/vgpreload_memcheck-amd64-linux.so)
==2365==    by 0x1984F3: xmalloc (in /usr/bin/bash)
==2365==    by 0x148045: alloc_word_desc (in /usr/bin/bash)
==2365==    by 0x148072: make_bare_word (in /usr/bin/bash)
==2365==    by 0x15C2F5: copy_word_list (in /usr/bin/bash)
==2365==    by 0x17A74F: ??? (in /usr/bin/bash)
==2365==    by 0x14FB29: execute_command_internal (in /usr/bin/bash)
==2365==    by 0x1519D9: execute_command (in /usr/bin/bash)
==2365==    by 0x139664: reader_loop (in /usr/bin/bash)
==2365==    by 0x137EF8: main (in /usr/bin/bash)
==2365== 
==2365== 16 bytes in 1 blocks are still reachable in loss record 134 of 304
==2365==    at 0x483B7F3: malloc (in /usr/lib/x86_64-linux-gnu/valgrind/vgpreload_memcheck-amd64-linux.so)
==2365==    by 0x1984F3: xmalloc (in /usr/bin/bash)
==2365==    by 0x1482D9: make_word_list (in /usr/bin/bash)
==2365==    by 0x15C305: copy_word_list (in /usr/bin/bash)
==2365==    by 0x17A74F: ??? (in /usr/bin/bash)
==2365==    by 0x14FB29: execute_command_internal (in /usr/bin/bash)
==2365==    by 0x1519D9: execute_command (in /usr/bin/bash)
==2365==    by 0x139664: reader_loop (in /usr/bin/bash)
==2365==    by 0x137EF8: main (in /usr/bin/bash)
==2365== 
==2365== 16 bytes in 1 blocks are still reachable in loss record 135 of 304
==2365==    at 0x483B7F3: malloc (in /usr/lib/x86_64-linux-gnu/valgrind/vgpreload_memcheck-amd64-linux.so)
==2365==    by 0x1984F3: xmalloc (in /usr/bin/bash)
==2365==    by 0x148045: alloc_word_desc (in /usr/bin/bash)
==2365==    by 0x148072: make_bare_word (in /usr/bin/bash)
==2365==    by 0x15C2C4: copy_word_list (in /usr/bin/bash)
==2365==    by 0x17A74F: ??? (in /usr/bin/bash)
==2365==    by 0x14FB29: execute_command_internal (in /usr/bin/bash)
==2365==    by 0x1519D9: execute_command (in /usr/bin/bash)
==2365==    by 0x139664: reader_loop (in /usr/bin/bash)
==2365==    by 0x137EF8: main (in /usr/bin/bash)
==2365== 
==2365== 16 bytes in 1 blocks are still reachable in loss record 136 of 304
==2365==    at 0x483B7F3: malloc (in /usr/lib/x86_64-linux-gnu/valgrind/vgpreload_memcheck-amd64-linux.so)
==2365==    by 0x1984F3: xmalloc (in /usr/bin/bash)
==2365==    by 0x1482D9: make_word_list (in /usr/bin/bash)
==2365==    by 0x15C2D4: copy_word_list (in /usr/bin/bash)
==2365==    by 0x17A74F: ??? (in /usr/bin/bash)
==2365==    by 0x14FB29: execute_command_internal (in /usr/bin/bash)
==2365==    by 0x1519D9: execute_command (in /usr/bin/bash)
==2365==    by 0x139664: reader_loop (in /usr/bin/bash)
==2365==    by 0x137EF8: main (in /usr/bin/bash)
==2365== 
==2365== 16 bytes in 1 blocks are still reachable in loss record 137 of 304
==2365==    at 0x483B7F3: malloc (in /usr/lib/x86_64-linux-gnu/valgrind/vgpreload_memcheck-amd64-linux.so)
==2365==    by 0x1984F3: xmalloc (in /usr/bin/bash)
==2365==    by 0x148045: alloc_word_desc (in /usr/bin/bash)
==2365==    by 0x176AFB: ??? (in /usr/bin/bash)
==2365==    by 0x17A90E: ??? (in /usr/bin/bash)
==2365==    by 0x14FB29: execute_command_internal (in /usr/bin/bash)
==2365==    by 0x1519D9: execute_command (in /usr/bin/bash)
==2365==    by 0x139664: reader_loop (in /usr/bin/bash)
==2365==    by 0x137EF8: main (in /usr/bin/bash)
==2365== 
==2365== 16 bytes in 1 blocks are still reachable in loss record 138 of 304
==2365==    at 0x483B7F3: malloc (in /usr/lib/x86_64-linux-gnu/valgrind/vgpreload_memcheck-amd64-linux.so)
==2365==    by 0x1984F3: xmalloc (in /usr/bin/bash)
==2365==    by 0x1482D9: make_word_list (in /usr/bin/bash)
==2365==    by 0x176BD0: ??? (in /usr/bin/bash)
==2365==    by 0x17A90E: ??? (in /usr/bin/bash)
==2365==    by 0x14FB29: execute_command_internal (in /usr/bin/bash)
==2365==    by 0x1519D9: execute_command (in /usr/bin/bash)
==2365==    by 0x139664: reader_loop (in /usr/bin/bash)
==2365==    by 0x137EF8: main (in /usr/bin/bash)
==2365== 
==2365== 16 bytes in 1 blocks are still reachable in loss record 139 of 304
==2365==    at 0x483B7F3: malloc (in /usr/lib/x86_64-linux-gnu/valgrind/vgpreload_memcheck-amd64-linux.so)
==2365==    by 0x1984F3: xmalloc (in /usr/bin/bash)
==2365==    by 0x148045: alloc_word_desc (in /usr/bin/bash)
==2365==    by 0x1773AC: ??? (in /usr/bin/bash)
==2365==    by 0x17A90E: ??? (in /usr/bin/bash)
==2365==    by 0x14FB29: execute_command_internal (in /usr/bin/bash)
==2365==    by 0x1519D9: execute_command (in /usr/bin/bash)
==2365==    by 0x139664: reader_loop (in /usr/bin/bash)
==2365==    by 0x137EF8: main (in /usr/bin/bash)
==2365== 
==2365== 16 bytes in 1 blocks are still reachable in loss record 140 of 304
==2365==    at 0x483B7F3: malloc (in /usr/lib/x86_64-linux-gnu/valgrind/vgpreload_memcheck-amd64-linux.so)
==2365==    by 0x1984F3: xmalloc (in /usr/bin/bash)
==2365==    by 0x148045: alloc_word_desc (in /usr/bin/bash)
==2365==    by 0x176AFB: ??? (in /usr/bin/bash)
==2365==    by 0x17742D: ??? (in /usr/bin/bash)
==2365==    by 0x17A90E: ??? (in /usr/bin/bash)
==2365==    by 0x14FB29: execute_command_internal (in /usr/bin/bash)
==2365==    by 0x1519D9: execute_command (in /usr/bin/bash)
==2365==    by 0x139664: reader_loop (in /usr/bin/bash)
==2365==    by 0x137EF8: main (in /usr/bin/bash)
==2365== 
==2365== 16 bytes in 1 blocks are still reachable in loss record 141 of 304
==2365==    at 0x483B7F3: malloc (in /usr/lib/x86_64-linux-gnu/valgrind/vgpreload_memcheck-amd64-linux.so)
==2365==    by 0x1984F3: xmalloc (in /usr/bin/bash)
==2365==    by 0x1482D9: make_word_list (in /usr/bin/bash)
==2365==    by 0x176BD0: ??? (in /usr/bin/bash)
==2365==    by 0x17742D: ??? (in /usr/bin/bash)
==2365==    by 0x17A90E: ??? (in /usr/bin/bash)
==2365==    by 0x14FB29: execute_command_internal (in /usr/bin/bash)
==2365==    by 0x1519D9: execute_command (in /usr/bin/bash)
==2365==    by 0x139664: reader_loop (in /usr/bin/bash)
==2365==    by 0x137EF8: main (in /usr/bin/bash)
==2365== 
==2365== 16 bytes in 1 blocks are still reachable in loss record 142 of 304
==2365==    at 0x483B7F3: malloc (in /usr/lib/x86_64-linux-gnu/valgrind/vgpreload_memcheck-amd64-linux.so)
==2365==    by 0x1984F3: xmalloc (in /usr/bin/bash)
==2365==    by 0x1482D9: make_word_list (in /usr/bin/bash)
==2365==    by 0x16F007: list_string (in /usr/bin/bash)
==2365==    by 0x1719CE: ??? (in /usr/bin/bash)
==2365==    by 0x17ABAC: ??? (in /usr/bin/bash)
==2365==    by 0x14FB29: execute_command_internal (in /usr/bin/bash)
==2365==    by 0x1519D9: execute_command (in /usr/bin/bash)
==2365==    by 0x139664: reader_loop (in /usr/bin/bash)
==2365==    by 0x137EF8: main (in /usr/bin/bash)
==2365== 
==2365== 17 bytes in 1 blocks are still reachable in loss record 143 of 304
==2365==    at 0x483DFAF: realloc (in /usr/lib/x86_64-linux-gnu/valgrind/vgpreload_memcheck-amd64-linux.so)
==2365==    by 0x4994297: getcwd (getcwd.c:84)
==2365==    by 0x19ADCC: get_working_directory (in /usr/bin/bash)
==2365==    by 0x15942E: set_pwd (in /usr/bin/bash)
==2365==    by 0x15AAEE: initialize_shell_variables (in /usr/bin/bash)
==2365==    by 0x138DC9: ??? (in /usr/bin/bash)
==2365==    by 0x137544: main (in /usr/bin/bash)
==2365== 
==2365== 17 bytes in 1 blocks are still reachable in loss record 144 of 304
==2365==    at 0x483B7F3: malloc (in /usr/lib/x86_64-linux-gnu/valgrind/vgpreload_memcheck-amd64-linux.so)
==2365==    by 0x1984F3: xmalloc (in /usr/bin/bash)
==2365==    by 0x156DA1: make_variable_value (in /usr/bin/bash)
==2365==    by 0x15806D: ??? (in /usr/bin/bash)
==2365==    by 0x159447: set_pwd (in /usr/bin/bash)
==2365==    by 0x15AAEE: initialize_shell_variables (in /usr/bin/bash)
==2365==    by 0x138DC9: ??? (in /usr/bin/bash)
==2365==    by 0x137544: main (in /usr/bin/bash)
==2365== 
==2365== 18 bytes in 1 blocks are still reachable in loss record 145 of 304
==2365==    at 0x483B7F3: malloc (in /usr/lib/x86_64-linux-gnu/valgrind/vgpreload_memcheck-amd64-linux.so)
==2365==    by 0x1984F3: xmalloc (in /usr/bin/bash)
==2365==    by 0x156DA1: make_variable_value (in /usr/bin/bash)
==2365==    by 0x15806D: ??? (in /usr/bin/bash)
==2365==    by 0x15AECB: initialize_shell_variables (in /usr/bin/bash)
==2365==    by 0x138DC9: ??? (in /usr/bin/bash)
==2365==    by 0x137544: main (in /usr/bin/bash)
==2365== 
==2365== 20 bytes in 1 blocks are still reachable in loss record 146 of 304
==2365==    at 0x483B7F3: malloc (in /usr/lib/x86_64-linux-gnu/valgrind/vgpreload_memcheck-amd64-linux.so)
==2365==    by 0x1984F3: xmalloc (in /usr/bin/bash)
==2365==    by 0x156DA1: make_variable_value (in /usr/bin/bash)
==2365==    by 0x15806D: ??? (in /usr/bin/bash)
==2365==    by 0x15ABBB: initialize_shell_variables (in /usr/bin/bash)
==2365==    by 0x138DC9: ??? (in /usr/bin/bash)
==2365==    by 0x137544: main (in /usr/bin/bash)
==2365== 
==2365== 20 bytes in 1 blocks are still reachable in loss record 147 of 304
==2365==    at 0x483B7F3: malloc (in /usr/lib/x86_64-linux-gnu/valgrind/vgpreload_memcheck-amd64-linux.so)
==2365==    by 0x1984F3: xmalloc (in /usr/bin/bash)
==2365==    by 0x183473: array_create_element (in /usr/bin/bash)
==2365==    by 0x183987: array_insert (in /usr/bin/bash)
==2365==    by 0x15AFA9: initialize_shell_variables (in /usr/bin/bash)
==2365==    by 0x138DC9: ??? (in /usr/bin/bash)
==2365==    by 0x137544: main (in /usr/bin/bash)
==2365== 
==2365== 24 bytes in 1 blocks are still reachable in loss record 148 of 304
==2365==    at 0x483B7F3: malloc (in /usr/lib/x86_64-linux-gnu/valgrind/vgpreload_memcheck-amd64-linux.so)
==2365==    by 0x1984F3: xmalloc (in /usr/bin/bash)
==2365==    by 0x14787D: tilde_initialize (in /usr/bin/bash)
==2365==    by 0x138DA5: ??? (in /usr/bin/bash)
==2365==    by 0x137544: main (in /usr/bin/bash)
==2365== 
==2365== 24 bytes in 1 blocks are still reachable in loss record 149 of 304
==2365==    at 0x483B7F3: malloc (in /usr/lib/x86_64-linux-gnu/valgrind/vgpreload_memcheck-amd64-linux.so)
==2365==    by 0x1984F3: xmalloc (in /usr/bin/bash)
==2365==    by 0x1478CE: tilde_initialize (in /usr/bin/bash)
==2365==    by 0x138DA5: ??? (in /usr/bin/bash)
==2365==    by 0x137544: main (in /usr/bin/bash)
==2365== 
==2365== 29 bytes in 2 blocks are still reachable in loss record 150 of 304
==2365==    at 0x483B7F3: malloc (in /usr/lib/x86_64-linux-gnu/valgrind/vgpreload_memcheck-amd64-linux.so)
==2365==    by 0x1984F3: xmalloc (in /usr/bin/bash)
==2365==    by 0x1556F3: ??? (in /usr/bin/bash)
==2365==    by 0x159B3E: ??? (in /usr/bin/bash)
==2365==    by 0x191D94: ??? (in /usr/bin/bash)
==2365==    by 0x192108: set_locale_var (in /usr/bin/bash)
==2365==    by 0x192302: set_default_lang (in /usr/bin/bash)
==2365==    by 0x137549: main (in /usr/bin/bash)
==2365== 
==2365== 29 bytes in 2 blocks are still reachable in loss record 151 of 304
==2365==    at 0x483B7F3: malloc (in /usr/lib/x86_64-linux-gnu/valgrind/vgpreload_memcheck-amd64-linux.so)
==2365==    by 0x1984F3: xmalloc (in /usr/bin/bash)
==2365==    by 0x1555B6: ??? (in /usr/bin/bash)
==2365==    by 0x159B3E: ??? (in /usr/bin/bash)
==2365==    by 0x191D94: ??? (in /usr/bin/bash)
==2365==    by 0x192108: set_locale_var (in /usr/bin/bash)
==2365==    by 0x192302: set_default_lang (in /usr/bin/bash)
==2365==    by 0x137549: main (in /usr/bin/bash)
==2365== 
==2365== 31 bytes in 1 blocks are still reachable in loss record 152 of 304
==2365==    at 0x483B7F3: malloc (in /usr/lib/x86_64-linux-gnu/valgrind/vgpreload_memcheck-amd64-linux.so)
==2365==    by 0x1984F3: xmalloc (in /usr/bin/bash)
==2365==    by 0x13816C: main (in /usr/bin/bash)
==2365== 
==2365== 31 bytes in 1 blocks are still reachable in loss record 153 of 304
==2365==    at 0x483B7F3: malloc (in /usr/lib/x86_64-linux-gnu/valgrind/vgpreload_memcheck-amd64-linux.so)
==2365==    by 0x1984F3: xmalloc (in /usr/bin/bash)
==2365==    by 0x183473: array_create_element (in /usr/bin/bash)
==2365==    by 0x18367F: ??? (in /usr/bin/bash)
==2365==    by 0x137C8C: main (in /usr/bin/bash)
==2365== 
==2365== 31 bytes in 1 blocks are still reachable in loss record 154 of 304
==2365==    at 0x483B7F3: malloc (in /usr/lib/x86_64-linux-gnu/valgrind/vgpreload_memcheck-amd64-linux.so)
==2365==    by 0x1984F3: xmalloc (in /usr/bin/bash)
==2365==    by 0x13A626: init_yy_io (in /usr/bin/bash)
==2365==    by 0x137DC4: main (in /usr/bin/bash)
==2365== 
==2365== 32 bytes in 1 blocks are still reachable in loss record 155 of 304
==2365==    at 0x483B7F3: malloc (in /usr/lib/x86_64-linux-gnu/valgrind/vgpreload_memcheck-amd64-linux.so)
==2365==    by 0x1984F3: xmalloc (in /usr/bin/bash)
==2365==    by 0x17BBFB: hash_insert (in /usr/bin/bash)
==2365==    by 0x158008: ??? (in /usr/bin/bash)
==2365==    by 0x15805C: ??? (in /usr/bin/bash)
==2365==    by 0x159447: set_pwd (in /usr/bin/bash)
==2365==    by 0x15AAEE: initialize_shell_variables (in /usr/bin/bash)
==2365==    by 0x138DC9: ??? (in /usr/bin/bash)
==2365==    by 0x137544: main (in /usr/bin/bash)
==2365== 
==2365== 32 bytes in 1 blocks are still reachable in loss record 156 of 304
==2365==    at 0x483B7F3: malloc (in /usr/lib/x86_64-linux-gnu/valgrind/vgpreload_memcheck-amd64-linux.so)
==2365==    by 0x1984F3: xmalloc (in /usr/bin/bash)
==2365==    by 0x17BBFB: hash_insert (in /usr/bin/bash)
==2365==    by 0x158008: ??? (in /usr/bin/bash)
==2365==    by 0x15805C: ??? (in /usr/bin/bash)
==2365==    by 0x159490: set_pwd (in /usr/bin/bash)
==2365==    by 0x15AAEE: initialize_shell_variables (in /usr/bin/bash)
==2365==    by 0x138DC9: ??? (in /usr/bin/bash)
==2365==    by 0x137544: main (in /usr/bin/bash)
==2365== 
==2365== 32 bytes in 1 blocks are still reachable in loss record 157 of 304
==2365==    at 0x483B7F3: malloc (in /usr/lib/x86_64-linux-gnu/valgrind/vgpreload_memcheck-amd64-linux.so)
==2365==    by 0x1984F3: xmalloc (in /usr/bin/bash)
==2365==    by 0x17BBFB: hash_insert (in /usr/bin/bash)
==2365==    by 0x158008: ??? (in /usr/bin/bash)
==2365==    by 0x15805C: ??? (in /usr/bin/bash)
==2365==    by 0x15AB01: initialize_shell_variables (in /usr/bin/bash)
==2365==    by 0x138DC9: ??? (in /usr/bin/bash)
==2365==    by 0x137544: main (in /usr/bin/bash)
==2365== 
==2365== 32 bytes in 1 blocks are still reachable in loss record 158 of 304
==2365==    at 0x483B7F3: malloc (in /usr/lib/x86_64-linux-gnu/valgrind/vgpreload_memcheck-amd64-linux.so)
==2365==    by 0x1984F3: xmalloc (in /usr/bin/bash)
==2365==    by 0x17BBFB: hash_insert (in /usr/bin/bash)
==2365==    by 0x158008: ??? (in /usr/bin/bash)
==2365==    by 0x15805C: ??? (in /usr/bin/bash)
==2365==    by 0x15AB1F: initialize_shell_variables (in /usr/bin/bash)
==2365==    by 0x138DC9: ??? (in /usr/bin/bash)
==2365==    by 0x137544: main (in /usr/bin/bash)
==2365== 
==2365== 32 bytes in 1 blocks are still reachable in loss record 159 of 304
==2365==    at 0x483B7F3: malloc (in /usr/lib/x86_64-linux-gnu/valgrind/vgpreload_memcheck-amd64-linux.so)
==2365==    by 0x1984F3: xmalloc (in /usr/bin/bash)
==2365==    by 0x17BBFB: hash_insert (in /usr/bin/bash)
==2365==    by 0x158008: ??? (in /usr/bin/bash)
==2365==    by 0x15805C: ??? (in /usr/bin/bash)
==2365==    by 0x15AB32: initialize_shell_variables (in /usr/bin/bash)
==2365==    by 0x138DC9: ??? (in /usr/bin/bash)
==2365==    by 0x137544: main (in /usr/bin/bash)
==2365== 
==2365== 32 bytes in 1 blocks are still reachable in loss record 160 of 304
==2365==    at 0x483B7F3: malloc (in /usr/lib/x86_64-linux-gnu/valgrind/vgpreload_memcheck-amd64-linux.so)
==2365==    by 0x1984F3: xmalloc (in /usr/bin/bash)
==2365==    by 0x17BBFB: hash_insert (in /usr/bin/bash)
==2365==    by 0x158008: ??? (in /usr/bin/bash)
==2365==    by 0x15805C: ??? (in /usr/bin/bash)
==2365==    by 0x15AB65: initialize_shell_variables (in /usr/bin/bash)
==2365==    by 0x138DC9: ??? (in /usr/bin/bash)
==2365==    by 0x137544: main (in /usr/bin/bash)
==2365== 
==2365== 32 bytes in 1 blocks are still reachable in loss record 161 of 304
==2365==    at 0x483B7F3: malloc (in /usr/lib/x86_64-linux-gnu/valgrind/vgpreload_memcheck-amd64-linux.so)
==2365==    by 0x1984F3: xmalloc (in /usr/bin/bash)
==2365==    by 0x17BBFB: hash_insert (in /usr/bin/bash)
==2365==    by 0x158008: ??? (in /usr/bin/bash)
==2365==    by 0x15805C: ??? (in /usr/bin/bash)
==2365==    by 0x15AB7A: initialize_shell_variables (in /usr/bin/bash)
==2365==    by 0x138DC9: ??? (in /usr/bin/bash)
==2365==    by 0x137544: main (in /usr/bin/bash)
==2365== 
==2365== 32 bytes in 1 blocks are still reachable in loss record 162 of 304
==2365==    at 0x483B7F3: malloc (in /usr/lib/x86_64-linux-gnu/valgrind/vgpreload_memcheck-amd64-linux.so)
==2365==    by 0x1984F3: xmalloc (in /usr/bin/bash)
==2365==    by 0x17BBFB: hash_insert (in /usr/bin/bash)
==2365==    by 0x158008: ??? (in /usr/bin/bash)
==2365==    by 0x15805C: ??? (in /usr/bin/bash)
==2365==    by 0x15AB95: initialize_shell_variables (in /usr/bin/bash)
==2365==    by 0x138DC9: ??? (in /usr/bin/bash)
==2365==    by 0x137544: main (in /usr/bin/bash)
==2365== 
==2365== 32 bytes in 1 blocks are still reachable in loss record 163 of 304
==2365==    at 0x483B7F3: malloc (in /usr/lib/x86_64-linux-gnu/valgrind/vgpreload_memcheck-amd64-linux.so)
==2365==    by 0x1984F3: xmalloc (in /usr/bin/bash)
==2365==    by 0x17BBFB: hash_insert (in /usr/bin/bash)
==2365==    by 0x158008: ??? (in /usr/bin/bash)
==2365==    by 0x15805C: ??? (in /usr/bin/bash)
==2365==    by 0x15ABA8: initialize_shell_variables (in /usr/bin/bash)
==2365==    by 0x138DC9: ??? (in /usr/bin/bash)
==2365==    by 0x137544: main (in /usr/bin/bash)
==2365== 
==2365== 32 bytes in 1 blocks are still reachable in loss record 164 of 304
==2365==    at 0x483B7F3: malloc (in /usr/lib/x86_64-linux-gnu/valgrind/vgpreload_memcheck-amd64-linux.so)
==2365==    by 0x1984F3: xmalloc (in /usr/bin/bash)
==2365==    by 0x17BBFB: hash_insert (in /usr/bin/bash)
==2365==    by 0x158008: ??? (in /usr/bin/bash)
==2365==    by 0x15805C: ??? (in /usr/bin/bash)
==2365==    by 0x15ABBB: initialize_shell_variables (in /usr/bin/bash)
==2365==    by 0x138DC9: ??? (in /usr/bin/bash)
==2365==    by 0x137544: main (in /usr/bin/bash)
==2365== 
==2365== 32 bytes in 1 blocks are still reachable in loss record 165 of 304
==2365==    at 0x483B7F3: malloc (in /usr/lib/x86_64-linux-gnu/valgrind/vgpreload_memcheck-amd64-linux.so)
==2365==    by 0x1984F3: xmalloc (in /usr/bin/bash)
==2365==    by 0x17BBFB: hash_insert (in /usr/bin/bash)
==2365==    by 0x158008: ??? (in /usr/bin/bash)
==2365==    by 0x15805C: ??? (in /usr/bin/bash)
==2365==    by 0x15ABCE: initialize_shell_variables (in /usr/bin/bash)
==2365==    by 0x138DC9: ??? (in /usr/bin/bash)
==2365==    by 0x137544: main (in /usr/bin/bash)
==2365== 
==2365== 32 bytes in 1 blocks are still reachable in loss record 166 of 304
==2365==    at 0x483B7F3: malloc (in /usr/lib/x86_64-linux-gnu/valgrind/vgpreload_memcheck-amd64-linux.so)
==2365==    by 0x1984F3: xmalloc (in /usr/bin/bash)
==2365==    by 0x17BBFB: hash_insert (in /usr/bin/bash)
==2365==    by 0x158008: ??? (in /usr/bin/bash)
==2365==    by 0x15805C: ??? (in /usr/bin/bash)
==2365==    by 0x15929E: adjust_shell_level (in /usr/bin/bash)
==2365==    by 0x15AC10: initialize_shell_variables (in /usr/bin/bash)
==2365==    by 0x138DC9: ??? (in /usr/bin/bash)
==2365==    by 0x137544: main (in /usr/bin/bash)
==2365== 
==2365== 32 bytes in 1 blocks are still reachable in loss record 167 of 304
==2365==    at 0x483B7F3: malloc (in /usr/lib/x86_64-linux-gnu/valgrind/vgpreload_memcheck-amd64-linux.so)
==2365==    by 0x1984F3: xmalloc (in /usr/bin/bash)
==2365==    by 0x17BBFB: hash_insert (in /usr/bin/bash)
==2365==    by 0x158008: ??? (in /usr/bin/bash)
==2365==    by 0x15805C: ??? (in /usr/bin/bash)
==2365==    by 0x159628: set_ppid (in /usr/bin/bash)
==2365==    by 0x15AC15: initialize_shell_variables (in /usr/bin/bash)
==2365==    by 0x138DC9: ??? (in /usr/bin/bash)
==2365==    by 0x137544: main (in /usr/bin/bash)
==2365== 
==2365== 32 bytes in 1 blocks are still reachable in loss record 168 of 304
==2365==    at 0x483B7F3: malloc (in /usr/lib/x86_64-linux-gnu/valgrind/vgpreload_memcheck-amd64-linux.so)
==2365==    by 0x1984F3: xmalloc (in /usr/bin/bash)
==2365==    by 0x17BBFB: hash_insert (in /usr/bin/bash)
==2365==    by 0x158008: ??? (in /usr/bin/bash)
==2365==    by 0x15805C: ??? (in /usr/bin/bash)
==2365==    by 0x15AC2A: initialize_shell_variables (in /usr/bin/bash)
==2365==    by 0x138DC9: ??? (in /usr/bin/bash)
==2365==    by 0x137544: main (in /usr/bin/bash)
==2365== 
==2365== 32 bytes in 1 blocks are still reachable in loss record 169 of 304
==2365==    at 0x483B7F3: malloc (in /usr/lib/x86_64-linux-gnu/valgrind/vgpreload_memcheck-amd64-linux.so)
==2365==    by 0x1984F3: xmalloc (in /usr/bin/bash)
==2365==    by 0x17BBFB: hash_insert (in /usr/bin/bash)
==2365==    by 0x158008: ??? (in /usr/bin/bash)
==2365==    by 0x15805C: ??? (in /usr/bin/bash)
==2365==    by 0x15AC4A: initialize_shell_variables (in /usr/bin/bash)
==2365==    by 0x138DC9: ??? (in /usr/bin/bash)
==2365==    by 0x137544: main (in /usr/bin/bash)
==2365== 
==2365== 32 bytes in 1 blocks are still reachable in loss record 170 of 304
==2365==    at 0x483B7F3: malloc (in /usr/lib/x86_64-linux-gnu/valgrind/vgpreload_memcheck-amd64-linux.so)
==2365==    by 0x1984F3: xmalloc (in /usr/bin/bash)
==2365==    by 0x17BBFB: hash_insert (in /usr/bin/bash)
==2365==    by 0x158008: ??? (in /usr/bin/bash)
==2365==    by 0x15805C: ??? (in /usr/bin/bash)
==2365==    by 0x15AE90: initialize_shell_variables (in /usr/bin/bash)
==2365==    by 0x138DC9: ??? (in /usr/bin/bash)
==2365==    by 0x137544: main (in /usr/bin/bash)
==2365== 
==2365== 32 bytes in 1 blocks are still reachable in loss record 171 of 304
==2365==    at 0x483B7F3: malloc (in /usr/lib/x86_64-linux-gnu/valgrind/vgpreload_memcheck-amd64-linux.so)
==2365==    by 0x1984F3: xmalloc (in /usr/bin/bash)
==2365==    by 0x17BBFB: hash_insert (in /usr/bin/bash)
==2365==    by 0x158008: ??? (in /usr/bin/bash)
==2365==    by 0x15805C: ??? (in /usr/bin/bash)
==2365==    by 0x15B635: initialize_shell_variables (in /usr/bin/bash)
==2365==    by 0x138DC9: ??? (in /usr/bin/bash)
==2365==    by 0x137544: main (in /usr/bin/bash)
==2365== 
==2365== 32 bytes in 1 blocks are still reachable in loss record 172 of 304
==2365==    at 0x483B7F3: malloc (in /usr/lib/x86_64-linux-gnu/valgrind/vgpreload_memcheck-amd64-linux.so)
==2365==    by 0x1984F3: xmalloc (in /usr/bin/bash)
==2365==    by 0x17BBFB: hash_insert (in /usr/bin/bash)
==2365==    by 0x158008: ??? (in /usr/bin/bash)
==2365==    by 0x15805C: ??? (in /usr/bin/bash)
==2365==    by 0x15AECB: initialize_shell_variables (in /usr/bin/bash)
==2365==    by 0x138DC9: ??? (in /usr/bin/bash)
==2365==    by 0x137544: main (in /usr/bin/bash)
==2365== 
==2365== 32 bytes in 1 blocks are still reachable in loss record 173 of 304
==2365==    at 0x483B7F3: malloc (in /usr/lib/x86_64-linux-gnu/valgrind/vgpreload_memcheck-amd64-linux.so)
==2365==    by 0x1984F3: xmalloc (in /usr/bin/bash)
==2365==    by 0x17BBFB: hash_insert (in /usr/bin/bash)
==2365==    by 0x158008: ??? (in /usr/bin/bash)
==2365==    by 0x158D55: make_new_array_variable (in /usr/bin/bash)
==2365==    by 0x15AEE3: initialize_shell_variables (in /usr/bin/bash)
==2365==    by 0x138DC9: ??? (in /usr/bin/bash)
==2365==    by 0x137544: main (in /usr/bin/bash)
==2365== 
==2365== 32 bytes in 1 blocks are still reachable in loss record 174 of 304
==2365==    at 0x483B7F3: malloc (in /usr/lib/x86_64-linux-gnu/valgrind/vgpreload_memcheck-amd64-linux.so)
==2365==    by 0x1984F3: xmalloc (in /usr/bin/bash)
==2365==    by 0x183457: array_create_element (in /usr/bin/bash)
==2365==    by 0x1834ED: array_create (in /usr/bin/bash)
==2365==    by 0x158D5D: make_new_array_variable (in /usr/bin/bash)
==2365==    by 0x15AEE3: initialize_shell_variables (in /usr/bin/bash)
==2365==    by 0x138DC9: ??? (in /usr/bin/bash)
==2365==    by 0x137544: main (in /usr/bin/bash)
==2365== 
==2365== 32 bytes in 1 blocks are still reachable in loss record 175 of 304
==2365==    at 0x483B7F3: malloc (in /usr/lib/x86_64-linux-gnu/valgrind/vgpreload_memcheck-amd64-linux.so)
==2365==    by 0x1984F3: xmalloc (in /usr/bin/bash)
==2365==    by 0x183457: array_create_element (in /usr/bin/bash)
==2365==    by 0x183987: array_insert (in /usr/bin/bash)
==2365==    by 0x15AF24: initialize_shell_variables (in /usr/bin/bash)
==2365==    by 0x138DC9: ??? (in /usr/bin/bash)
==2365==    by 0x137544: main (in /usr/bin/bash)
==2365== 
==2365== 32 bytes in 1 blocks are still reachable in loss record 176 of 304
==2365==    at 0x483B7F3: malloc (in /usr/lib/x86_64-linux-gnu/valgrind/vgpreload_memcheck-amd64-linux.so)
==2365==    by 0x1984F3: xmalloc (in /usr/bin/bash)
==2365==    by 0x183457: array_create_element (in /usr/bin/bash)
==2365==    by 0x183987: array_insert (in /usr/bin/bash)
==2365==    by 0x15AF34: initialize_shell_variables (in /usr/bin/bash)
==2365==    by 0x138DC9: ??? (in /usr/bin/bash)
==2365==    by 0x137544: main (in /usr/bin/bash)
==2365== 
==2365== 32 bytes in 1 blocks are still reachable in loss record 177 of 304
==2365==    at 0x483B7F3: malloc (in /usr/lib/x86_64-linux-gnu/valgrind/vgpreload_memcheck-amd64-linux.so)
==2365==    by 0x1984F3: xmalloc (in /usr/bin/bash)
==2365==    by 0x183457: array_create_element (in /usr/bin/bash)
==2365==    by 0x183987: array_insert (in /usr/bin/bash)
==2365==    by 0x15AF5D: initialize_shell_variables (in /usr/bin/bash)
==2365==    by 0x138DC9: ??? (in /usr/bin/bash)
==2365==    by 0x137544: main (in /usr/bin/bash)
==2365== 
==2365== 32 bytes in 1 blocks are still reachable in loss record 178 of 304
==2365==    at 0x483B7F3: malloc (in /usr/lib/x86_64-linux-gnu/valgrind/vgpreload_memcheck-amd64-linux.so)
==2365==    by 0x1984F3: xmalloc (in /usr/bin/bash)
==2365==    by 0x183457: array_create_element (in /usr/bin/bash)
==2365==    by 0x183987: array_insert (in /usr/bin/bash)
==2365==    by 0x15AF81: initialize_shell_variables (in /usr/bin/bash)
==2365==    by 0x138DC9: ??? (in /usr/bin/bash)
==2365==    by 0x137544: main (in /usr/bin/bash)
==2365== 
==2365== 32 bytes in 1 blocks are still reachable in loss record 179 of 304
==2365==    at 0x483B7F3: malloc (in /usr/lib/x86_64-linux-gnu/valgrind/vgpreload_memcheck-amd64-linux.so)
==2365==    by 0x1984F3: xmalloc (in /usr/bin/bash)
==2365==    by 0x183457: array_create_element (in /usr/bin/bash)
==2365==    by 0x183987: array_insert (in /usr/bin/bash)
==2365==    by 0x15AF95: initialize_shell_variables (in /usr/bin/bash)
==2365==    by 0x138DC9: ??? (in /usr/bin/bash)
==2365==    by 0x137544: main (in /usr/bin/bash)
==2365== 
==2365== 32 bytes in 1 blocks are still reachable in loss record 180 of 304
==2365==    at 0x483B7F3: malloc (in /usr/lib/x86_64-linux-gnu/valgrind/vgpreload_memcheck-amd64-linux.so)
==2365==    by 0x1984F3: xmalloc (in /usr/bin/bash)
==2365==    by 0x183457: array_create_element (in /usr/bin/bash)
==2365==    by 0x183987: array_insert (in /usr/bin/bash)
==2365==    by 0x15AFA9: initialize_shell_variables (in /usr/bin/bash)
==2365==    by 0x138DC9: ??? (in /usr/bin/bash)
==2365==    by 0x137544: main (in /usr/bin/bash)
==2365== 
==2365== 32 bytes in 1 blocks are still reachable in loss record 181 of 304
==2365==    at 0x483B7F3: malloc (in /usr/lib/x86_64-linux-gnu/valgrind/vgpreload_memcheck-amd64-linux.so)
==2365==    by 0x1984F3: xmalloc (in /usr/bin/bash)
==2365==    by 0x17BBFB: hash_insert (in /usr/bin/bash)
==2365==    by 0x158008: ??? (in /usr/bin/bash)
==2365==    by 0x15805C: ??? (in /usr/bin/bash)
==2365==    by 0x15B7C8: initialize_shell_variables (in /usr/bin/bash)
==2365==    by 0x138DC9: ??? (in /usr/bin/bash)
==2365==    by 0x137544: main (in /usr/bin/bash)
==2365== 
==2365== 32 bytes in 1 blocks are still reachable in loss record 182 of 304
==2365==    at 0x483B7F3: malloc (in /usr/lib/x86_64-linux-gnu/valgrind/vgpreload_memcheck-amd64-linux.so)
==2365==    by 0x1984F3: xmalloc (in /usr/bin/bash)
==2365==    by 0x17BBFB: hash_insert (in /usr/bin/bash)
==2365==    by 0x158008: ??? (in /usr/bin/bash)
==2365==    by 0x15805C: ??? (in /usr/bin/bash)
==2365==    by 0x15B7AE: initialize_shell_variables (in /usr/bin/bash)
==2365==    by 0x138DC9: ??? (in /usr/bin/bash)
==2365==    by 0x137544: main (in /usr/bin/bash)
==2365== 
==2365== 32 bytes in 1 blocks are still reachable in loss record 183 of 304
==2365==    at 0x483B7F3: malloc (in /usr/lib/x86_64-linux-gnu/valgrind/vgpreload_memcheck-amd64-linux.so)
==2365==    by 0x1984F3: xmalloc (in /usr/bin/bash)
==2365==    by 0x17BBFB: hash_insert (in /usr/bin/bash)
==2365==    by 0x158008: ??? (in /usr/bin/bash)
==2365==    by 0x15805C: ??? (in /usr/bin/bash)
==2365==    by 0x15B112: initialize_shell_variables (in /usr/bin/bash)
==2365==    by 0x138DC9: ??? (in /usr/bin/bash)
==2365==    by 0x137544: main (in /usr/bin/bash)
==2365== 
==2365== 32 bytes in 1 blocks are still reachable in loss record 184 of 304
==2365==    at 0x483B7F3: malloc (in /usr/lib/x86_64-linux-gnu/valgrind/vgpreload_memcheck-amd64-linux.so)
==2365==    by 0x1984F3: xmalloc (in /usr/bin/bash)
==2365==    by 0x17BBFB: hash_insert (in /usr/bin/bash)
==2365==    by 0x158008: ??? (in /usr/bin/bash)
==2365==    by 0x15805C: ??? (in /usr/bin/bash)
==2365==    by 0x15B13F: initialize_shell_variables (in /usr/bin/bash)
==2365==    by 0x138DC9: ??? (in /usr/bin/bash)
==2365==    by 0x137544: main (in /usr/bin/bash)
==2365== 
==2365== 32 bytes in 1 blocks are still reachable in loss record 185 of 304
==2365==    at 0x483B7F3: malloc (in /usr/lib/x86_64-linux-gnu/valgrind/vgpreload_memcheck-amd64-linux.so)
==2365==    by 0x1984F3: xmalloc (in /usr/bin/bash)
==2365==    by 0x17BBFB: hash_insert (in /usr/bin/bash)
==2365==    by 0x158008: ??? (in /usr/bin/bash)
==2365==    by 0x15805C: ??? (in /usr/bin/bash)
==2365==    by 0x15B165: initialize_shell_variables (in /usr/bin/bash)
==2365==    by 0x138DC9: ??? (in /usr/bin/bash)
==2365==    by 0x137544: main (in /usr/bin/bash)
==2365== 
==2365== 32 bytes in 1 blocks are still reachable in loss record 186 of 304
==2365==    at 0x483B7F3: malloc (in /usr/lib/x86_64-linux-gnu/valgrind/vgpreload_memcheck-amd64-linux.so)
==2365==    by 0x1984F3: xmalloc (in /usr/bin/bash)
==2365==    by 0x17BBFB: hash_insert (in /usr/bin/bash)
==2365==    by 0x158008: ??? (in /usr/bin/bash)
==2365==    by 0x15805C: ??? (in /usr/bin/bash)
==2365==    by 0x15B188: initialize_shell_variables (in /usr/bin/bash)
==2365==    by 0x138DC9: ??? (in /usr/bin/bash)
==2365==    by 0x137544: main (in /usr/bin/bash)
==2365== 
==2365== 32 bytes in 1 blocks are still reachable in loss record 187 of 304
==2365==    at 0x483B7F3: malloc (in /usr/lib/x86_64-linux-gnu/valgrind/vgpreload_memcheck-amd64-linux.so)
==2365==    by 0x1984F3: xmalloc (in /usr/bin/bash)
==2365==    by 0x17BBFB: hash_insert (in /usr/bin/bash)
==2365==    by 0x158008: ??? (in /usr/bin/bash)
==2365==    by 0x15805C: ??? (in /usr/bin/bash)
==2365==    by 0x15B1AE: initialize_shell_variables (in /usr/bin/bash)
==2365==    by 0x138DC9: ??? (in /usr/bin/bash)
==2365==    by 0x137544: main (in /usr/bin/bash)
==2365== 
==2365== 32 bytes in 1 blocks are still reachable in loss record 188 of 304
==2365==    at 0x483B7F3: malloc (in /usr/lib/x86_64-linux-gnu/valgrind/vgpreload_memcheck-amd64-linux.so)
==2365==    by 0x1984F3: xmalloc (in /usr/bin/bash)
==2365==    by 0x17BBFB: hash_insert (in /usr/bin/bash)
==2365==    by 0x158008: ??? (in /usr/bin/bash)
==2365==    by 0x15805C: ??? (in /usr/bin/bash)
==2365==    by 0x15B1D8: initialize_shell_variables (in /usr/bin/bash)
==2365==    by 0x138DC9: ??? (in /usr/bin/bash)
==2365==    by 0x137544: main (in /usr/bin/bash)
==2365== 
==2365== 32 bytes in 1 blocks are still reachable in loss record 189 of 304
==2365==    at 0x483B7F3: malloc (in /usr/lib/x86_64-linux-gnu/valgrind/vgpreload_memcheck-amd64-linux.so)
==2365==    by 0x1984F3: xmalloc (in /usr/bin/bash)
==2365==    by 0x17BBFB: hash_insert (in /usr/bin/bash)
==2365==    by 0x158008: ??? (in /usr/bin/bash)
==2365==    by 0x15805C: ??? (in /usr/bin/bash)
==2365==    by 0x15B205: initialize_shell_variables (in /usr/bin/bash)
==2365==    by 0x138DC9: ??? (in /usr/bin/bash)
==2365==    by 0x137544: main (in /usr/bin/bash)
==2365== 
==2365== 32 bytes in 1 blocks are still reachable in loss record 190 of 304
==2365==    at 0x483B7F3: malloc (in /usr/lib/x86_64-linux-gnu/valgrind/vgpreload_memcheck-amd64-linux.so)
==2365==    by 0x1984F3: xmalloc (in /usr/bin/bash)
==2365==    by 0x17BBFB: hash_insert (in /usr/bin/bash)
==2365==    by 0x158008: ??? (in /usr/bin/bash)
==2365==    by 0x15805C: ??? (in /usr/bin/bash)
==2365==    by 0x15B228: initialize_shell_variables (in /usr/bin/bash)
==2365==    by 0x138DC9: ??? (in /usr/bin/bash)
==2365==    by 0x137544: main (in /usr/bin/bash)
==2365== 
==2365== 32 bytes in 1 blocks are still reachable in loss record 191 of 304
==2365==    at 0x483B7F3: malloc (in /usr/lib/x86_64-linux-gnu/valgrind/vgpreload_memcheck-amd64-linux.so)
==2365==    by 0x1984F3: xmalloc (in /usr/bin/bash)
==2365==    by 0x17BBFB: hash_insert (in /usr/bin/bash)
==2365==    by 0x158008: ??? (in /usr/bin/bash)
==2365==    by 0x15805C: ??? (in /usr/bin/bash)
==2365==    by 0x15B24E: initialize_shell_variables (in /usr/bin/bash)
==2365==    by 0x138DC9: ??? (in /usr/bin/bash)
==2365==    by 0x137544: main (in /usr/bin/bash)
==2365== 
==2365== 32 bytes in 1 blocks are still reachable in loss record 192 of 304
==2365==    at 0x483B7F3: malloc (in /usr/lib/x86_64-linux-gnu/valgrind/vgpreload_memcheck-amd64-linux.so)
==2365==    by 0x1984F3: xmalloc (in /usr/bin/bash)
==2365==    by 0x17BBFB: hash_insert (in /usr/bin/bash)
==2365==    by 0x158008: ??? (in /usr/bin/bash)
==2365==    by 0x15805C: ??? (in /usr/bin/bash)
==2365==    by 0x15B27B: initialize_shell_variables (in /usr/bin/bash)
==2365==    by 0x138DC9: ??? (in /usr/bin/bash)
==2365==    by 0x137544: main (in /usr/bin/bash)
==2365== 
==2365== 32 bytes in 1 blocks are still reachable in loss record 193 of 304
==2365==    at 0x483B7F3: malloc (in /usr/lib/x86_64-linux-gnu/valgrind/vgpreload_memcheck-amd64-linux.so)
==2365==    by 0x1984F3: xmalloc (in /usr/bin/bash)
==2365==    by 0x17BBFB: hash_insert (in /usr/bin/bash)
==2365==    by 0x158008: ??? (in /usr/bin/bash)
==2365==    by 0x15805C: ??? (in /usr/bin/bash)
==2365==    by 0x15B2A2: initialize_shell_variables (in /usr/bin/bash)
==2365==    by 0x138DC9: ??? (in /usr/bin/bash)
==2365==    by 0x137544: main (in /usr/bin/bash)
==2365== 
==2365== 32 bytes in 1 blocks are still reachable in loss record 194 of 304
==2365==    at 0x483B7F3: malloc (in /usr/lib/x86_64-linux-gnu/valgrind/vgpreload_memcheck-amd64-linux.so)
==2365==    by 0x1984F3: xmalloc (in /usr/bin/bash)
==2365==    by 0x17BBFB: hash_insert (in /usr/bin/bash)
==2365==    by 0x158008: ??? (in /usr/bin/bash)
==2365==    by 0x158D55: make_new_array_variable (in /usr/bin/bash)
==2365==    by 0x158DA7: ??? (in /usr/bin/bash)
==2365==    by 0x15B2CD: initialize_shell_variables (in /usr/bin/bash)
==2365==    by 0x138DC9: ??? (in /usr/bin/bash)
==2365==    by 0x137544: main (in /usr/bin/bash)
==2365== 
==2365== 32 bytes in 1 blocks are still reachable in loss record 195 of 304
==2365==    at 0x483B7F3: malloc (in /usr/lib/x86_64-linux-gnu/valgrind/vgpreload_memcheck-amd64-linux.so)
==2365==    by 0x1984F3: xmalloc (in /usr/bin/bash)
==2365==    by 0x183457: array_create_element (in /usr/bin/bash)
==2365==    by 0x1834ED: array_create (in /usr/bin/bash)
==2365==    by 0x158D5D: make_new_array_variable (in /usr/bin/bash)
==2365==    by 0x158DA7: ??? (in /usr/bin/bash)
==2365==    by 0x15B2CD: initialize_shell_variables (in /usr/bin/bash)
==2365==    by 0x138DC9: ??? (in /usr/bin/bash)
==2365==    by 0x137544: main (in /usr/bin/bash)
==2365== 
==2365== 32 bytes in 1 blocks are still reachable in loss record 196 of 304
==2365==    at 0x483B7F3: malloc (in /usr/lib/x86_64-linux-gnu/valgrind/vgpreload_memcheck-amd64-linux.so)
==2365==    by 0x1984F3: xmalloc (in /usr/bin/bash)
==2365==    by 0x17BBFB: hash_insert (in /usr/bin/bash)
==2365==    by 0x158008: ??? (in /usr/bin/bash)
==2365==    by 0x158D55: make_new_array_variable (in /usr/bin/bash)
==2365==    by 0x158DA7: ??? (in /usr/bin/bash)
==2365==    by 0x15B2EC: initialize_shell_variables (in /usr/bin/bash)
==2365==    by 0x138DC9: ??? (in /usr/bin/bash)
==2365==    by 0x137544: main (in /usr/bin/bash)
==2365== 
==2365== 32 bytes in 1 blocks are still reachable in loss record 197 of 304
==2365==    at 0x483B7F3: malloc (in /usr/lib/x86_64-linux-gnu/valgrind/vgpreload_memcheck-amd64-linux.so)
==2365==    by 0x1984F3: xmalloc (in /usr/bin/bash)
==2365==    by 0x183457: array_create_element (in /usr/bin/bash)
==2365==    by 0x1834ED: array_create (in /usr/bin/bash)
==2365==    by 0x158D5D: make_new_array_variable (in /usr/bin/bash)
==2365==    by 0x158DA7: ??? (in /usr/bin/bash)
==2365==    by 0x15B2EC: initialize_shell_variables (in /usr/bin/bash)
==2365==    by 0x138DC9: ??? (in /usr/bin/bash)
==2365==    by 0x137544: main (in /usr/bin/bash)
==2365== 
==2365== 32 bytes in 1 blocks are still reachable in loss record 198 of 304
==2365==    at 0x483B7F3: malloc (in /usr/lib/x86_64-linux-gnu/valgrind/vgpreload_memcheck-amd64-linux.so)
==2365==    by 0x1984F3: xmalloc (in /usr/bin/bash)
==2365==    by 0x17BBFB: hash_insert (in /usr/bin/bash)
==2365==    by 0x158008: ??? (in /usr/bin/bash)
==2365==    by 0x158D55: make_new_array_variable (in /usr/bin/bash)
==2365==    by 0x158DA7: ??? (in /usr/bin/bash)
==2365==    by 0x15B30B: initialize_shell_variables (in /usr/bin/bash)
==2365==    by 0x138DC9: ??? (in /usr/bin/bash)
==2365==    by 0x137544: main (in /usr/bin/bash)
==2365== 
==2365== 32 bytes in 1 blocks are still reachable in loss record 199 of 304
==2365==    at 0x483B7F3: malloc (in /usr/lib/x86_64-linux-gnu/valgrind/vgpreload_memcheck-amd64-linux.so)
==2365==    by 0x1984F3: xmalloc (in /usr/bin/bash)
==2365==    by 0x183457: array_create_element (in /usr/bin/bash)
==2365==    by 0x1834ED: array_create (in /usr/bin/bash)
==2365==    by 0x158D5D: make_new_array_variable (in /usr/bin/bash)
==2365==    by 0x158DA7: ??? (in /usr/bin/bash)
==2365==    by 0x15B30B: initialize_shell_variables (in /usr/bin/bash)
==2365==    by 0x138DC9: ??? (in /usr/bin/bash)
==2365==    by 0x137544: main (in /usr/bin/bash)
==2365== 
==2365== 32 bytes in 1 blocks are still reachable in loss record 200 of 304
==2365==    at 0x483B7F3: malloc (in /usr/lib/x86_64-linux-gnu/valgrind/vgpreload_memcheck-amd64-linux.so)
==2365==    by 0x1984F3: xmalloc (in /usr/bin/bash)
==2365==    by 0x17BBFB: hash_insert (in /usr/bin/bash)
==2365==    by 0x158008: ??? (in /usr/bin/bash)
==2365==    by 0x158D55: make_new_array_variable (in /usr/bin/bash)
==2365==    by 0x158DA7: ??? (in /usr/bin/bash)
==2365==    by 0x15B32A: initialize_shell_variables (in /usr/bin/bash)
==2365==    by 0x138DC9: ??? (in /usr/bin/bash)
==2365==    by 0x137544: main (in /usr/bin/bash)
==2365== 
==2365== 32 bytes in 1 blocks are still reachable in loss record 201 of 304
==2365==    at 0x483B7F3: malloc (in /usr/lib/x86_64-linux-gnu/valgrind/vgpreload_memcheck-amd64-linux.so)
==2365==    by 0x1984F3: xmalloc (in /usr/bin/bash)
==2365==    by 0x183457: array_create_element (in /usr/bin/bash)
==2365==    by 0x1834ED: array_create (in /usr/bin/bash)
==2365==    by 0x158D5D: make_new_array_variable (in /usr/bin/bash)
==2365==    by 0x158DA7: ??? (in /usr/bin/bash)
==2365==    by 0x15B32A: initialize_shell_variables (in /usr/bin/bash)
==2365==    by 0x138DC9: ??? (in /usr/bin/bash)
==2365==    by 0x137544: main (in /usr/bin/bash)
==2365== 
==2365== 32 bytes in 1 blocks are still reachable in loss record 202 of 304
==2365==    at 0x483B7F3: malloc (in /usr/lib/x86_64-linux-gnu/valgrind/vgpreload_memcheck-amd64-linux.so)
==2365==    by 0x1984F3: xmalloc (in /usr/bin/bash)
==2365==    by 0x17BBFB: hash_insert (in /usr/bin/bash)
==2365==    by 0x158008: ??? (in /usr/bin/bash)
==2365==    by 0x158D55: make_new_array_variable (in /usr/bin/bash)
==2365==    by 0x158DA7: ??? (in /usr/bin/bash)
==2365==    by 0x15B349: initialize_shell_variables (in /usr/bin/bash)
==2365==    by 0x138DC9: ??? (in /usr/bin/bash)
==2365==    by 0x137544: main (in /usr/bin/bash)
==2365== 
==2365== 32 bytes in 1 blocks are still reachable in loss record 203 of 304
==2365==    at 0x483B7F3: malloc (in /usr/lib/x86_64-linux-gnu/valgrind/vgpreload_memcheck-amd64-linux.so)
==2365==    by 0x1984F3: xmalloc (in /usr/bin/bash)
==2365==    by 0x183457: array_create_element (in /usr/bin/bash)
==2365==    by 0x1834ED: array_create (in /usr/bin/bash)
==2365==    by 0x158D5D: make_new_array_variable (in /usr/bin/bash)
==2365==    by 0x158DA7: ??? (in /usr/bin/bash)
==2365==    by 0x15B349: initialize_shell_variables (in /usr/bin/bash)
==2365==    by 0x138DC9: ??? (in /usr/bin/bash)
==2365==    by 0x137544: main (in /usr/bin/bash)
==2365== 
==2365== 32 bytes in 1 blocks are still reachable in loss record 204 of 304
==2365==    at 0x483B7F3: malloc (in /usr/lib/x86_64-linux-gnu/valgrind/vgpreload_memcheck-amd64-linux.so)
==2365==    by 0x1984F3: xmalloc (in /usr/bin/bash)
==2365==    by 0x17BBFB: hash_insert (in /usr/bin/bash)
==2365==    by 0x158008: ??? (in /usr/bin/bash)
==2365==    by 0x158D55: make_new_array_variable (in /usr/bin/bash)
==2365==    by 0x158DA7: ??? (in /usr/bin/bash)
==2365==    by 0x15B368: initialize_shell_variables (in /usr/bin/bash)
==2365==    by 0x138DC9: ??? (in /usr/bin/bash)
==2365==    by 0x137544: main (in /usr/bin/bash)
==2365== 
==2365== 32 bytes in 1 blocks are still reachable in loss record 205 of 304
==2365==    at 0x483B7F3: malloc (in /usr/lib/x86_64-linux-gnu/valgrind/vgpreload_memcheck-amd64-linux.so)
==2365==    by 0x1984F3: xmalloc (in /usr/bin/bash)
==2365==    by 0x183457: array_create_element (in /usr/bin/bash)
==2365==    by 0x1834ED: array_create (in /usr/bin/bash)
==2365==    by 0x158D5D: make_new_array_variable (in /usr/bin/bash)
==2365==    by 0x158DA7: ??? (in /usr/bin/bash)
==2365==    by 0x15B368: initialize_shell_variables (in /usr/bin/bash)
==2365==    by 0x138DC9: ??? (in /usr/bin/bash)
==2365==    by 0x137544: main (in /usr/bin/bash)
==2365== 
==2365== 32 bytes in 1 blocks are still reachable in loss record 206 of 304
==2365==    at 0x483B7F3: malloc (in /usr/lib/x86_64-linux-gnu/valgrind/vgpreload_memcheck-amd64-linux.so)
==2365==    by 0x1984F3: xmalloc (in /usr/bin/bash)
==2365==    by 0x17BBFB: hash_insert (in /usr/bin/bash)
==2365==    by 0x158008: ??? (in /usr/bin/bash)
==2365==    by 0x158DE5: make_new_assoc_variable (in /usr/bin/bash)
==2365==    by 0x15B6A9: initialize_shell_variables (in /usr/bin/bash)
==2365==    by 0x138DC9: ??? (in /usr/bin/bash)
==2365==    by 0x137544: main (in /usr/bin/bash)
==2365== 
==2365== 32 bytes in 1 blocks are still reachable in loss record 207 of 304
==2365==    at 0x483B7F3: malloc (in /usr/lib/x86_64-linux-gnu/valgrind/vgpreload_memcheck-amd64-linux.so)
==2365==    by 0x1984F3: xmalloc (in /usr/bin/bash)
==2365==    by 0x17BBFB: hash_insert (in /usr/bin/bash)
==2365==    by 0x158008: ??? (in /usr/bin/bash)
==2365==    by 0x158DE5: make_new_assoc_variable (in /usr/bin/bash)
==2365==    by 0x15B67B: initialize_shell_variables (in /usr/bin/bash)
==2365==    by 0x138DC9: ??? (in /usr/bin/bash)
==2365==    by 0x137544: main (in /usr/bin/bash)
==2365== 
==2365== 32 bytes in 1 blocks are still reachable in loss record 208 of 304
==2365==    at 0x483B7F3: malloc (in /usr/lib/x86_64-linux-gnu/valgrind/vgpreload_memcheck-amd64-linux.so)
==2365==    by 0x1984F3: xmalloc (in /usr/bin/bash)
==2365==    by 0x17BBFB: hash_insert (in /usr/bin/bash)
==2365==    by 0x158008: ??? (in /usr/bin/bash)
==2365==    by 0x158D55: make_new_array_variable (in /usr/bin/bash)
==2365==    by 0x15B64D: initialize_shell_variables (in /usr/bin/bash)
==2365==    by 0x138DC9: ??? (in /usr/bin/bash)
==2365==    by 0x137544: main (in /usr/bin/bash)
==2365== 
==2365== 32 bytes in 1 blocks are still reachable in loss record 209 of 304
==2365==    at 0x483B7F3: malloc (in /usr/lib/x86_64-linux-gnu/valgrind/vgpreload_memcheck-amd64-linux.so)
==2365==    by 0x1984F3: xmalloc (in /usr/bin/bash)
==2365==    by 0x183457: array_create_element (in /usr/bin/bash)
==2365==    by 0x1834ED: array_create (in /usr/bin/bash)
==2365==    by 0x158D5D: make_new_array_variable (in /usr/bin/bash)
==2365==    by 0x15B64D: initialize_shell_variables (in /usr/bin/bash)
==2365==    by 0x138DC9: ??? (in /usr/bin/bash)
==2365==    by 0x137544: main (in /usr/bin/bash)
==2365== 
==2365== 32 bytes in 1 blocks are still reachable in loss record 210 of 304
==2365==    at 0x483B7F3: malloc (in /usr/lib/x86_64-linux-gnu/valgrind/vgpreload_memcheck-amd64-linux.so)
==2365==    by 0x1984F3: xmalloc (in /usr/bin/bash)
==2365==    by 0x17BBFB: hash_insert (in /usr/bin/bash)
==2365==    by 0x158008: ??? (in /usr/bin/bash)
==2365==    by 0x15805C: ??? (in /usr/bin/bash)
==2365==    by 0x1A76E0: set_shellopts (in /usr/bin/bash)
==2365==    by 0x138DFD: ??? (in /usr/bin/bash)
==2365==    by 0x137544: main (in /usr/bin/bash)
==2365== 
==2365== 32 bytes in 1 blocks are still reachable in loss record 211 of 304
==2365==    at 0x483B7F3: malloc (in /usr/lib/x86_64-linux-gnu/valgrind/vgpreload_memcheck-amd64-linux.so)
==2365==    by 0x1984F3: xmalloc (in /usr/bin/bash)
==2365==    by 0x17BBFB: hash_insert (in /usr/bin/bash)
==2365==    by 0x158008: ??? (in /usr/bin/bash)
==2365==    by 0x15805C: ??? (in /usr/bin/bash)
==2365==    by 0x1AC4B0: set_bashopts (in /usr/bin/bash)
==2365==    by 0x138E1C: ??? (in /usr/bin/bash)
==2365==    by 0x137544: main (in /usr/bin/bash)
==2365== 
==2365== 32 bytes in 1 blocks are still reachable in loss record 212 of 304
==2365==    at 0x483B7F3: malloc (in /usr/lib/x86_64-linux-gnu/valgrind/vgpreload_memcheck-amd64-linux.so)
==2365==    by 0x1984F3: xmalloc (in /usr/bin/bash)
==2365==    by 0x183457: array_create_element (in /usr/bin/bash)
==2365==    by 0x18367F: ??? (in /usr/bin/bash)
==2365==    by 0x137C8C: main (in /usr/bin/bash)
==2365== 
==2365== 32 bytes in 1 blocks are still reachable in loss record 213 of 304
==2365==    at 0x483B7F3: malloc (in /usr/lib/x86_64-linux-gnu/valgrind/vgpreload_memcheck-amd64-linux.so)
==2365==    by 0x1984F3: xmalloc (in /usr/bin/bash)
==2365==    by 0x183457: array_create_element (in /usr/bin/bash)
==2365==    by 0x18367F: ??? (in /usr/bin/bash)
==2365==    by 0x137CB1: main (in /usr/bin/bash)
==2365== 
==2365== 32 bytes in 1 blocks are still reachable in loss record 214 of 304
==2365==    at 0x483B7F3: malloc (in /usr/lib/x86_64-linux-gnu/valgrind/vgpreload_memcheck-amd64-linux.so)
==2365==    by 0x1984F3: xmalloc (in /usr/bin/bash)
==2365==    by 0x183457: array_create_element (in /usr/bin/bash)
==2365==    by 0x18367F: ??? (in /usr/bin/bash)
==2365==    by 0x137CCD: main (in /usr/bin/bash)
==2365== 
==2365== 32 bytes in 1 blocks are still reachable in loss record 215 of 304
==2365==    at 0x483B7F3: malloc (in /usr/lib/x86_64-linux-gnu/valgrind/vgpreload_memcheck-amd64-linux.so)
==2365==    by 0x1984F3: xmalloc (in /usr/bin/bash)
==2365==    by 0x17EFE9: ??? (in /usr/bin/bash)
==2365==    by 0x17F2CE: begin_unwind_frame (in /usr/bin/bash)
==2365==    by 0x1519B1: execute_command (in /usr/bin/bash)
==2365==    by 0x139664: reader_loop (in /usr/bin/bash)
==2365==    by 0x137EF8: main (in /usr/bin/bash)
==2365== 
==2365== 32 bytes in 1 blocks are still reachable in loss record 216 of 304
==2365==    at 0x483B7F3: malloc (in /usr/lib/x86_64-linux-gnu/valgrind/vgpreload_memcheck-amd64-linux.so)
==2365==    by 0x1984F3: xmalloc (in /usr/bin/bash)
==2365==    by 0x17EFE9: ??? (in /usr/bin/bash)
==2365==    by 0x17F4C9: add_unwind_protect (in /usr/bin/bash)
==2365==    by 0x1519C2: execute_command (in /usr/bin/bash)
==2365==    by 0x139664: reader_loop (in /usr/bin/bash)
==2365==    by 0x137EF8: main (in /usr/bin/bash)
==2365== 
==2365== 32 bytes in 1 blocks are still reachable in loss record 217 of 304
==2365==    at 0x483B7F3: malloc (in /usr/lib/x86_64-linux-gnu/valgrind/vgpreload_memcheck-amd64-linux.so)
==2365==    by 0x1984F3: xmalloc (in /usr/bin/bash)
==2365==    by 0x17EFE9: ??? (in /usr/bin/bash)
==2365==    by 0x17F2CE: begin_unwind_frame (in /usr/bin/bash)
==2365==    by 0x14FB5D: execute_command_internal (in /usr/bin/bash)
==2365==    by 0x1519D9: execute_command (in /usr/bin/bash)
==2365==    by 0x139664: reader_loop (in /usr/bin/bash)
==2365==    by 0x137EF8: main (in /usr/bin/bash)
==2365== 
==2365== 32 bytes in 1 blocks are still reachable in loss record 218 of 304
==2365==    at 0x483B7F3: malloc (in /usr/lib/x86_64-linux-gnu/valgrind/vgpreload_memcheck-amd64-linux.so)
==2365==    by 0x1984F3: xmalloc (in /usr/bin/bash)
==2365==    by 0x17EFE9: ??? (in /usr/bin/bash)
==2365==    by 0x17F4C9: add_unwind_protect (in /usr/bin/bash)
==2365==    by 0x14FBF2: execute_command_internal (in /usr/bin/bash)
==2365==    by 0x1519D9: execute_command (in /usr/bin/bash)
==2365==    by 0x139664: reader_loop (in /usr/bin/bash)
==2365==    by 0x137EF8: main (in /usr/bin/bash)
==2365== 
==2365== 32 bytes in 1 blocks are still reachable in loss record 219 of 304
==2365==    at 0x483B7F3: malloc (in /usr/lib/x86_64-linux-gnu/valgrind/vgpreload_memcheck-amd64-linux.so)
==2365==    by 0x1984F3: xmalloc (in /usr/bin/bash)
==2365==    by 0x17EFE9: ??? (in /usr/bin/bash)
==2365==    by 0x17F2CE: begin_unwind_frame (in /usr/bin/bash)
==2365==    by 0x151400: execute_command_internal (in /usr/bin/bash)
==2365==    by 0x1519D9: execute_command (in /usr/bin/bash)
==2365==    by 0x139664: reader_loop (in /usr/bin/bash)
==2365==    by 0x137EF8: main (in /usr/bin/bash)
==2365== 
==2365== 32 bytes in 1 blocks are still reachable in loss record 220 of 304
==2365==    at 0x483B7F3: malloc (in /usr/lib/x86_64-linux-gnu/valgrind/vgpreload_memcheck-amd64-linux.so)
==2365==    by 0x1984F3: xmalloc (in /usr/bin/bash)
==2365==    by 0x17BBFB: hash_insert (in /usr/bin/bash)
==2365==    by 0x158008: ??? (in /usr/bin/bash)
==2365==    by 0x158D55: make_new_array_variable (in /usr/bin/bash)
==2365==    by 0x15C10B: set_pipestatus_array (in /usr/bin/bash)
==2365==    by 0x15172F: execute_command_internal (in /usr/bin/bash)
==2365==    by 0x1519D9: execute_command (in /usr/bin/bash)
==2365==    by 0x139664: reader_loop (in /usr/bin/bash)
==2365==    by 0x137EF8: main (in /usr/bin/bash)
==2365== 
==2365== 32 bytes in 1 blocks are still reachable in loss record 221 of 304
==2365==    at 0x483B7F3: malloc (in /usr/lib/x86_64-linux-gnu/valgrind/vgpreload_memcheck-amd64-linux.so)
==2365==    by 0x1984F3: xmalloc (in /usr/bin/bash)
==2365==    by 0x183457: array_create_element (in /usr/bin/bash)
==2365==    by 0x1834ED: array_create (in /usr/bin/bash)
==2365==    by 0x158D5D: make_new_array_variable (in /usr/bin/bash)
==2365==    by 0x15C10B: set_pipestatus_array (in /usr/bin/bash)
==2365==    by 0x15172F: execute_command_internal (in /usr/bin/bash)
==2365==    by 0x1519D9: execute_command (in /usr/bin/bash)
==2365==    by 0x139664: reader_loop (in /usr/bin/bash)
==2365==    by 0x137EF8: main (in /usr/bin/bash)
==2365== 
==2365== 32 bytes in 1 blocks are still reachable in loss record 222 of 304
==2365==    at 0x483B7F3: malloc (in /usr/lib/x86_64-linux-gnu/valgrind/vgpreload_memcheck-amd64-linux.so)
==2365==    by 0x1984F3: xmalloc (in /usr/bin/bash)
==2365==    by 0x183457: array_create_element (in /usr/bin/bash)
==2365==    by 0x183987: array_insert (in /usr/bin/bash)
==2365==    by 0x15C09E: set_pipestatus_array (in /usr/bin/bash)
==2365==    by 0x15172F: execute_command_internal (in /usr/bin/bash)
==2365==    by 0x1519D9: execute_command (in /usr/bin/bash)
==2365==    by 0x139664: reader_loop (in /usr/bin/bash)
==2365==    by 0x137EF8: main (in /usr/bin/bash)
==2365== 
==2365== 34 bytes in 1 blocks are still reachable in loss record 223 of 304
==2365==    at 0x483DFAF: realloc (in /usr/lib/x86_64-linux-gnu/valgrind/vgpreload_memcheck-amd64-linux.so)
==2365==    by 0x198558: xrealloc (in /usr/bin/bash)
==2365==    by 0x13A097: ??? (in /usr/bin/bash)
==2365==    by 0x13C688: ??? (in /usr/bin/bash)
==2365==    by 0x13F5C9: ??? (in /usr/bin/bash)
==2365==    by 0x142EC7: yyparse (in /usr/bin/bash)
==2365==    by 0x13929A: parse_command (in /usr/bin/bash)
==2365==    by 0x1393A6: read_command (in /usr/bin/bash)
==2365==    by 0x1395C9: reader_loop (in /usr/bin/bash)
==2365==    by 0x137EF8: main (in /usr/bin/bash)
==2365== 
==2365== 40 bytes in 1 blocks are still reachable in loss record 224 of 304
==2365==    at 0x483B7F3: malloc (in /usr/lib/x86_64-linux-gnu/valgrind/vgpreload_memcheck-amd64-linux.so)
==2365==    by 0x1984F3: xmalloc (in /usr/bin/bash)
==2365==    by 0x157EB6: new_var_context (in /usr/bin/bash)
==2365==    by 0x157F68: ??? (in /usr/bin/bash)
==2365==    by 0x15AAAB: initialize_shell_variables (in /usr/bin/bash)
==2365==    by 0x138DC9: ??? (in /usr/bin/bash)
==2365==    by 0x137544: main (in /usr/bin/bash)
==2365== 
==2365== 40 bytes in 1 blocks are still reachable in loss record 225 of 304
==2365==    at 0x483B7F3: malloc (in /usr/lib/x86_64-linux-gnu/valgrind/vgpreload_memcheck-amd64-linux.so)
==2365==    by 0x1984F3: xmalloc (in /usr/bin/bash)
==2365==    by 0x1834BF: array_create (in /usr/bin/bash)
==2365==    by 0x158D5D: make_new_array_variable (in /usr/bin/bash)
==2365==    by 0x15AEE3: initialize_shell_variables (in /usr/bin/bash)
==2365==    by 0x138DC9: ??? (in /usr/bin/bash)
==2365==    by 0x137544: main (in /usr/bin/bash)
==2365== 
==2365== 40 bytes in 1 blocks are still reachable in loss record 226 of 304
==2365==    at 0x483B7F3: malloc (in /usr/lib/x86_64-linux-gnu/valgrind/vgpreload_memcheck-amd64-linux.so)
==2365==    by 0x1984F3: xmalloc (in /usr/bin/bash)
==2365==    by 0x1834BF: array_create (in /usr/bin/bash)
==2365==    by 0x158D5D: make_new_array_variable (in /usr/bin/bash)
==2365==    by 0x158DA7: ??? (in /usr/bin/bash)
==2365==    by 0x15B2CD: initialize_shell_variables (in /usr/bin/bash)
==2365==    by 0x138DC9: ??? (in /usr/bin/bash)
==2365==    by 0x137544: main (in /usr/bin/bash)
==2365== 
==2365== 40 bytes in 1 blocks are still reachable in loss record 227 of 304
==2365==    at 0x483B7F3: malloc (in /usr/lib/x86_64-linux-gnu/valgrind/vgpreload_memcheck-amd64-linux.so)
==2365==    by 0x1984F3: xmalloc (in /usr/bin/bash)
==2365==    by 0x1834BF: array_create (in /usr/bin/bash)
==2365==    by 0x158D5D: make_new_array_variable (in /usr/bin/bash)
==2365==    by 0x158DA7: ??? (in /usr/bin/bash)
==2365==    by 0x15B2EC: initialize_shell_variables (in /usr/bin/bash)
==2365==    by 0x138DC9: ??? (in /usr/bin/bash)
==2365==    by 0x137544: main (in /usr/bin/bash)
==2365== 
==2365== 40 bytes in 1 blocks are still reachable in loss record 228 of 304
==2365==    at 0x483B7F3: malloc (in /usr/lib/x86_64-linux-gnu/valgrind/vgpreload_memcheck-amd64-linux.so)
==2365==    by 0x1984F3: xmalloc (in /usr/bin/bash)
==2365==    by 0x1834BF: array_create (in /usr/bin/bash)
==2365==    by 0x158D5D: make_new_array_variable (in /usr/bin/bash)
==2365==    by 0x158DA7: ??? (in /usr/bin/bash)
==2365==    by 0x15B30B: initialize_shell_variables (in /usr/bin/bash)
==2365==    by 0x138DC9: ??? (in /usr/bin/bash)
==2365==    by 0x137544: main (in /usr/bin/bash)
==2365== 
==2365== 40 bytes in 1 blocks are still reachable in loss record 229 of 304
==2365==    at 0x483B7F3: malloc (in /usr/lib/x86_64-linux-gnu/valgrind/vgpreload_memcheck-amd64-linux.so)
==2365==    by 0x1984F3: xmalloc (in /usr/bin/bash)
==2365==    by 0x1834BF: array_create (in /usr/bin/bash)
==2365==    by 0x158D5D: make_new_array_variable (in /usr/bin/bash)
==2365==    by 0x158DA7: ??? (in /usr/bin/bash)
==2365==    by 0x15B32A: initialize_shell_variables (in /usr/bin/bash)
==2365==    by 0x138DC9: ??? (in /usr/bin/bash)
==2365==    by 0x137544: main (in /usr/bin/bash)
==2365== 
==2365== 40 bytes in 1 blocks are still reachable in loss record 230 of 304
==2365==    at 0x483B7F3: malloc (in /usr/lib/x86_64-linux-gnu/valgrind/vgpreload_memcheck-amd64-linux.so)
==2365==    by 0x1984F3: xmalloc (in /usr/bin/bash)
==2365==    by 0x1834BF: array_create (in /usr/bin/bash)
==2365==    by 0x158D5D: make_new_array_variable (in /usr/bin/bash)
==2365==    by 0x158DA7: ??? (in /usr/bin/bash)
==2365==    by 0x15B349: initialize_shell_variables (in /usr/bin/bash)
==2365==    by 0x138DC9: ??? (in /usr/bin/bash)
==2365==    by 0x137544: main (in /usr/bin/bash)
==2365== 
==2365== 40 bytes in 1 blocks are still reachable in loss record 231 of 304
==2365==    at 0x483B7F3: malloc (in /usr/lib/x86_64-linux-gnu/valgrind/vgpreload_memcheck-amd64-linux.so)
==2365==    by 0x1984F3: xmalloc (in /usr/bin/bash)
==2365==    by 0x1834BF: array_create (in /usr/bin/bash)
==2365==    by 0x158D5D: make_new_array_variable (in /usr/bin/bash)
==2365==    by 0x158DA7: ??? (in /usr/bin/bash)
==2365==    by 0x15B368: initialize_shell_variables (in /usr/bin/bash)
==2365==    by 0x138DC9: ??? (in /usr/bin/bash)
==2365==    by 0x137544: main (in /usr/bin/bash)
==2365== 
==2365== 40 bytes in 1 blocks are still reachable in loss record 232 of 304
==2365==    at 0x483B7F3: malloc (in /usr/lib/x86_64-linux-gnu/valgrind/vgpreload_memcheck-amd64-linux.so)
==2365==    by 0x1984F3: xmalloc (in /usr/bin/bash)
==2365==    by 0x1834BF: array_create (in /usr/bin/bash)
==2365==    by 0x158D5D: make_new_array_variable (in /usr/bin/bash)
==2365==    by 0x15B64D: initialize_shell_variables (in /usr/bin/bash)
==2365==    by 0x138DC9: ??? (in /usr/bin/bash)
==2365==    by 0x137544: main (in /usr/bin/bash)
==2365== 
==2365== 40 bytes in 1 blocks are still reachable in loss record 233 of 304
==2365==    at 0x483B7F3: malloc (in /usr/lib/x86_64-linux-gnu/valgrind/vgpreload_memcheck-amd64-linux.so)
==2365==    by 0x1984F3: xmalloc (in /usr/bin/bash)
==2365==    by 0x1834BF: array_create (in /usr/bin/bash)
==2365==    by 0x158D5D: make_new_array_variable (in /usr/bin/bash)
==2365==    by 0x15C10B: set_pipestatus_array (in /usr/bin/bash)
==2365==    by 0x15172F: execute_command_internal (in /usr/bin/bash)
==2365==    by 0x1519D9: execute_command (in /usr/bin/bash)
==2365==    by 0x139664: reader_loop (in /usr/bin/bash)
==2365==    by 0x137EF8: main (in /usr/bin/bash)
==2365== 
==2365== 41 bytes in 1 blocks are still reachable in loss record 234 of 304
==2365==    at 0x483B7F3: malloc (in /usr/lib/x86_64-linux-gnu/valgrind/vgpreload_memcheck-amd64-linux.so)
==2365==    by 0x1984F3: xmalloc (in /usr/bin/bash)
==2365==    by 0x156DA1: make_variable_value (in /usr/bin/bash)
==2365==    by 0x15806D: ??? (in /usr/bin/bash)
==2365==    by 0x1A76E0: set_shellopts (in /usr/bin/bash)
==2365==    by 0x138DFD: ??? (in /usr/bin/bash)
==2365==    by 0x137544: main (in /usr/bin/bash)
==2365== 
==2365== 48 bytes in 1 blocks are still reachable in loss record 235 of 304
==2365==    at 0x483B7F3: malloc (in /usr/lib/x86_64-linux-gnu/valgrind/vgpreload_memcheck-amd64-linux.so)
==2365==    by 0x1984F3: xmalloc (in /usr/bin/bash)
==2365==    by 0x1544C3: ??? (in /usr/bin/bash)
==2365==    by 0x157FCF: ??? (in /usr/bin/bash)
==2365==    by 0x15805C: ??? (in /usr/bin/bash)
==2365==    by 0x159447: set_pwd (in /usr/bin/bash)
==2365==    by 0x15AAEE: initialize_shell_variables (in /usr/bin/bash)
==2365==    by 0x138DC9: ??? (in /usr/bin/bash)
==2365==    by 0x137544: main (in /usr/bin/bash)
==2365== 
==2365== 48 bytes in 1 blocks are still reachable in loss record 236 of 304
==2365==    at 0x483B7F3: malloc (in /usr/lib/x86_64-linux-gnu/valgrind/vgpreload_memcheck-amd64-linux.so)
==2365==    by 0x1984F3: xmalloc (in /usr/bin/bash)
==2365==    by 0x1544C3: ??? (in /usr/bin/bash)
==2365==    by 0x157FCF: ??? (in /usr/bin/bash)
==2365==    by 0x15805C: ??? (in /usr/bin/bash)
==2365==    by 0x159490: set_pwd (in /usr/bin/bash)
==2365==    by 0x15AAEE: initialize_shell_variables (in /usr/bin/bash)
==2365==    by 0x138DC9: ??? (in /usr/bin/bash)
==2365==    by 0x137544: main (in /usr/bin/bash)
==2365== 
==2365== 48 bytes in 1 blocks are still reachable in loss record 237 of 304
==2365==    at 0x483B7F3: malloc (in /usr/lib/x86_64-linux-gnu/valgrind/vgpreload_memcheck-amd64-linux.so)
==2365==    by 0x1984F3: xmalloc (in /usr/bin/bash)
==2365==    by 0x1544C3: ??? (in /usr/bin/bash)
==2365==    by 0x157FCF: ??? (in /usr/bin/bash)
==2365==    by 0x15805C: ??? (in /usr/bin/bash)
==2365==    by 0x15AB01: initialize_shell_variables (in /usr/bin/bash)
==2365==    by 0x138DC9: ??? (in /usr/bin/bash)
==2365==    by 0x137544: main (in /usr/bin/bash)
==2365== 
==2365== 48 bytes in 1 blocks are still reachable in loss record 238 of 304
==2365==    at 0x483B7F3: malloc (in /usr/lib/x86_64-linux-gnu/valgrind/vgpreload_memcheck-amd64-linux.so)
==2365==    by 0x1984F3: xmalloc (in /usr/bin/bash)
==2365==    by 0x1544C3: ??? (in /usr/bin/bash)
==2365==    by 0x157FCF: ??? (in /usr/bin/bash)
==2365==    by 0x15805C: ??? (in /usr/bin/bash)
==2365==    by 0x15AB1F: initialize_shell_variables (in /usr/bin/bash)
==2365==    by 0x138DC9: ??? (in /usr/bin/bash)
==2365==    by 0x137544: main (in /usr/bin/bash)
==2365== 
==2365== 48 bytes in 1 blocks are still reachable in loss record 239 of 304
==2365==    at 0x483B7F3: malloc (in /usr/lib/x86_64-linux-gnu/valgrind/vgpreload_memcheck-amd64-linux.so)
==2365==    by 0x1984F3: xmalloc (in /usr/bin/bash)
==2365==    by 0x1544C3: ??? (in /usr/bin/bash)
==2365==    by 0x157FCF: ??? (in /usr/bin/bash)
==2365==    by 0x15805C: ??? (in /usr/bin/bash)
==2365==    by 0x15AB32: initialize_shell_variables (in /usr/bin/bash)
==2365==    by 0x138DC9: ??? (in /usr/bin/bash)
==2365==    by 0x137544: main (in /usr/bin/bash)
==2365== 
==2365== 48 bytes in 1 blocks are still reachable in loss record 240 of 304
==2365==    at 0x483B7F3: malloc (in /usr/lib/x86_64-linux-gnu/valgrind/vgpreload_memcheck-amd64-linux.so)
==2365==    by 0x1984F3: xmalloc (in /usr/bin/bash)
==2365==    by 0x1544C3: ??? (in /usr/bin/bash)
==2365==    by 0x157FCF: ??? (in /usr/bin/bash)
==2365==    by 0x15805C: ??? (in /usr/bin/bash)
==2365==    by 0x15AB65: initialize_shell_variables (in /usr/bin/bash)
==2365==    by 0x138DC9: ??? (in /usr/bin/bash)
==2365==    by 0x137544: main (in /usr/bin/bash)
==2365== 
==2365== 48 bytes in 1 blocks are still reachable in loss record 241 of 304
==2365==    at 0x483B7F3: malloc (in /usr/lib/x86_64-linux-gnu/valgrind/vgpreload_memcheck-amd64-linux.so)
==2365==    by 0x1984F3: xmalloc (in /usr/bin/bash)
==2365==    by 0x1544C3: ??? (in /usr/bin/bash)
==2365==    by 0x157FCF: ??? (in /usr/bin/bash)
==2365==    by 0x15805C: ??? (in /usr/bin/bash)
==2365==    by 0x15AB7A: initialize_shell_variables (in /usr/bin/bash)
==2365==    by 0x138DC9: ??? (in /usr/bin/bash)
==2365==    by 0x137544: main (in /usr/bin/bash)
==2365== 
==2365== 48 bytes in 1 blocks are still reachable in loss record 242 of 304
==2365==    at 0x483B7F3: malloc (in /usr/lib/x86_64-linux-gnu/valgrind/vgpreload_memcheck-amd64-linux.so)
==2365==    by 0x1984F3: xmalloc (in /usr/bin/bash)
==2365==    by 0x1544C3: ??? (in /usr/bin/bash)
==2365==    by 0x157FCF: ??? (in /usr/bin/bash)
==2365==    by 0x15805C: ??? (in /usr/bin/bash)
==2365==    by 0x15AB95: initialize_shell_variables (in /usr/bin/bash)
==2365==    by 0x138DC9: ??? (in /usr/bin/bash)
==2365==    by 0x137544: main (in /usr/bin/bash)
==2365== 
==2365== 48 bytes in 1 blocks are still reachable in loss record 243 of 304
==2365==    at 0x483B7F3: malloc (in /usr/lib/x86_64-linux-gnu/valgrind/vgpreload_memcheck-amd64-linux.so)
==2365==    by 0x1984F3: xmalloc (in /usr/bin/bash)
==2365==    by 0x1544C3: ??? (in /usr/bin/bash)
==2365==    by 0x157FCF: ??? (in /usr/bin/bash)
==2365==    by 0x15805C: ??? (in /usr/bin/bash)
==2365==    by 0x15ABA8: initialize_shell_variables (in /usr/bin/bash)
==2365==    by 0x138DC9: ??? (in /usr/bin/bash)
==2365==    by 0x137544: main (in /usr/bin/bash)
==2365== 
==2365== 48 bytes in 1 blocks are still reachable in loss record 244 of 304
==2365==    at 0x483B7F3: malloc (in /usr/lib/x86_64-linux-gnu/valgrind/vgpreload_memcheck-amd64-linux.so)
==2365==    by 0x1984F3: xmalloc (in /usr/bin/bash)
==2365==    by 0x1544C3: ??? (in /usr/bin/bash)
==2365==    by 0x157FCF: ??? (in /usr/bin/bash)
==2365==    by 0x15805C: ??? (in /usr/bin/bash)
==2365==    by 0x15ABBB: initialize_shell_variables (in /usr/bin/bash)
==2365==    by 0x138DC9: ??? (in /usr/bin/bash)
==2365==    by 0x137544: main (in /usr/bin/bash)
==2365== 
==2365== 48 bytes in 1 blocks are still reachable in loss record 245 of 304
==2365==    at 0x483B7F3: malloc (in /usr/lib/x86_64-linux-gnu/valgrind/vgpreload_memcheck-amd64-linux.so)
==2365==    by 0x1984F3: xmalloc (in /usr/bin/bash)
==2365==    by 0x1544C3: ??? (in /usr/bin/bash)
==2365==    by 0x157FCF: ??? (in /usr/bin/bash)
==2365==    by 0x15805C: ??? (in /usr/bin/bash)
==2365==    by 0x15ABCE: initialize_shell_variables (in /usr/bin/bash)
==2365==    by 0x138DC9: ??? (in /usr/bin/bash)
==2365==    by 0x137544: main (in /usr/bin/bash)
==2365== 
==2365== 48 bytes in 1 blocks are still reachable in loss record 246 of 304
==2365==    at 0x483B7F3: malloc (in /usr/lib/x86_64-linux-gnu/valgrind/vgpreload_memcheck-amd64-linux.so)
==2365==    by 0x1984F3: xmalloc (in /usr/bin/bash)
==2365==    by 0x1544C3: ??? (in /usr/bin/bash)
==2365==    by 0x157FCF: ??? (in /usr/bin/bash)
==2365==    by 0x15805C: ??? (in /usr/bin/bash)
==2365==    by 0x15929E: adjust_shell_level (in /usr/bin/bash)
==2365==    by 0x15AC10: initialize_shell_variables (in /usr/bin/bash)
==2365==    by 0x138DC9: ??? (in /usr/bin/bash)
==2365==    by 0x137544: main (in /usr/bin/bash)
==2365== 
==2365== 48 bytes in 1 blocks are still reachable in loss record 247 of 304
==2365==    at 0x483B7F3: malloc (in /usr/lib/x86_64-linux-gnu/valgrind/vgpreload_memcheck-amd64-linux.so)
==2365==    by 0x1984F3: xmalloc (in /usr/bin/bash)
==2365==    by 0x1544C3: ??? (in /usr/bin/bash)
==2365==    by 0x157FCF: ??? (in /usr/bin/bash)
==2365==    by 0x15805C: ??? (in /usr/bin/bash)
==2365==    by 0x159628: set_ppid (in /usr/bin/bash)
==2365==    by 0x15AC15: initialize_shell_variables (in /usr/bin/bash)
==2365==    by 0x138DC9: ??? (in /usr/bin/bash)
==2365==    by 0x137544: main (in /usr/bin/bash)
==2365== 
==2365== 48 bytes in 1 blocks are still reachable in loss record 248 of 304
==2365==    at 0x483B7F3: malloc (in /usr/lib/x86_64-linux-gnu/valgrind/vgpreload_memcheck-amd64-linux.so)
==2365==    by 0x1984F3: xmalloc (in /usr/bin/bash)
==2365==    by 0x1544C3: ??? (in /usr/bin/bash)
==2365==    by 0x157FCF: ??? (in /usr/bin/bash)
==2365==    by 0x15805C: ??? (in /usr/bin/bash)
==2365==    by 0x15AC2A: initialize_shell_variables (in /usr/bin/bash)
==2365==    by 0x138DC9: ??? (in /usr/bin/bash)
==2365==    by 0x137544: main (in /usr/bin/bash)
==2365== 
==2365== 48 bytes in 1 blocks are still reachable in loss record 249 of 304
==2365==    at 0x483B7F3: malloc (in /usr/lib/x86_64-linux-gnu/valgrind/vgpreload_memcheck-amd64-linux.so)
==2365==    by 0x1984F3: xmalloc (in /usr/bin/bash)
==2365==    by 0x1544C3: ??? (in /usr/bin/bash)
==2365==    by 0x157FCF: ??? (in /usr/bin/bash)
==2365==    by 0x15805C: ??? (in /usr/bin/bash)
==2365==    by 0x15AC4A: initialize_shell_variables (in /usr/bin/bash)
==2365==    by 0x138DC9: ??? (in /usr/bin/bash)
==2365==    by 0x137544: main (in /usr/bin/bash)
==2365== 
==2365== 48 bytes in 1 blocks are still reachable in loss record 250 of 304
==2365==    at 0x483B7F3: malloc (in /usr/lib/x86_64-linux-gnu/valgrind/vgpreload_memcheck-amd64-linux.so)
==2365==    by 0x1984F3: xmalloc (in /usr/bin/bash)
==2365==    by 0x1544C3: ??? (in /usr/bin/bash)
==2365==    by 0x157FCF: ??? (in /usr/bin/bash)
==2365==    by 0x15805C: ??? (in /usr/bin/bash)
==2365==    by 0x15AE90: initialize_shell_variables (in /usr/bin/bash)
==2365==    by 0x138DC9: ??? (in /usr/bin/bash)
==2365==    by 0x137544: main (in /usr/bin/bash)
==2365== 
==2365== 48 bytes in 1 blocks are still reachable in loss record 251 of 304
==2365==    at 0x483B7F3: malloc (in /usr/lib/x86_64-linux-gnu/valgrind/vgpreload_memcheck-amd64-linux.so)
==2365==    by 0x1984F3: xmalloc (in /usr/bin/bash)
==2365==    by 0x1544C3: ??? (in /usr/bin/bash)
==2365==    by 0x157FCF: ??? (in /usr/bin/bash)
==2365==    by 0x15805C: ??? (in /usr/bin/bash)
==2365==    by 0x15B635: initialize_shell_variables (in /usr/bin/bash)
==2365==    by 0x138DC9: ??? (in /usr/bin/bash)
==2365==    by 0x137544: main (in /usr/bin/bash)
==2365== 
==2365== 48 bytes in 1 blocks are still reachable in loss record 252 of 304
==2365==    at 0x483B7F3: malloc (in /usr/lib/x86_64-linux-gnu/valgrind/vgpreload_memcheck-amd64-linux.so)
==2365==    by 0x1984F3: xmalloc (in /usr/bin/bash)
==2365==    by 0x1544C3: ??? (in /usr/bin/bash)
==2365==    by 0x157FCF: ??? (in /usr/bin/bash)
==2365==    by 0x15805C: ??? (in /usr/bin/bash)
==2365==    by 0x15AECB: initialize_shell_variables (in /usr/bin/bash)
==2365==    by 0x138DC9: ??? (in /usr/bin/bash)
==2365==    by 0x137544: main (in /usr/bin/bash)
==2365== 
==2365== 48 bytes in 1 blocks are still reachable in loss record 253 of 304
==2365==    at 0x483B7F3: malloc (in /usr/lib/x86_64-linux-gnu/valgrind/vgpreload_memcheck-amd64-linux.so)
==2365==    by 0x1984F3: xmalloc (in /usr/bin/bash)
==2365==    by 0x1544C3: ??? (in /usr/bin/bash)
==2365==    by 0x157FCF: ??? (in /usr/bin/bash)
==2365==    by 0x158D55: make_new_array_variable (in /usr/bin/bash)
==2365==    by 0x15AEE3: initialize_shell_variables (in /usr/bin/bash)
==2365==    by 0x138DC9: ??? (in /usr/bin/bash)
==2365==    by 0x137544: main (in /usr/bin/bash)
==2365== 
==2365== 48 bytes in 1 blocks are still reachable in loss record 254 of 304
==2365==    at 0x483B7F3: malloc (in /usr/lib/x86_64-linux-gnu/valgrind/vgpreload_memcheck-amd64-linux.so)
==2365==    by 0x1984F3: xmalloc (in /usr/bin/bash)
==2365==    by 0x1544C3: ??? (in /usr/bin/bash)
==2365==    by 0x157FCF: ??? (in /usr/bin/bash)
==2365==    by 0x15805C: ??? (in /usr/bin/bash)
==2365==    by 0x15B7C8: initialize_shell_variables (in /usr/bin/bash)
==2365==    by 0x138DC9: ??? (in /usr/bin/bash)
==2365==    by 0x137544: main (in /usr/bin/bash)
==2365== 
==2365== 48 bytes in 1 blocks are still reachable in loss record 255 of 304
==2365==    at 0x483B7F3: malloc (in /usr/lib/x86_64-linux-gnu/valgrind/vgpreload_memcheck-amd64-linux.so)
==2365==    by 0x1984F3: xmalloc (in /usr/bin/bash)
==2365==    by 0x1544C3: ??? (in /usr/bin/bash)
==2365==    by 0x157FCF: ??? (in /usr/bin/bash)
==2365==    by 0x15805C: ??? (in /usr/bin/bash)
==2365==    by 0x15B7AE: initialize_shell_variables (in /usr/bin/bash)
==2365==    by 0x138DC9: ??? (in /usr/bin/bash)
==2365==    by 0x137544: main (in /usr/bin/bash)
==2365== 
==2365== 48 bytes in 1 blocks are still reachable in loss record 256 of 304
==2365==    at 0x483B7F3: malloc (in /usr/lib/x86_64-linux-gnu/valgrind/vgpreload_memcheck-amd64-linux.so)
==2365==    by 0x1984F3: xmalloc (in /usr/bin/bash)
==2365==    by 0x1544C3: ??? (in /usr/bin/bash)
==2365==    by 0x157FCF: ??? (in /usr/bin/bash)
==2365==    by 0x15805C: ??? (in /usr/bin/bash)
==2365==    by 0x15B112: initialize_shell_variables (in /usr/bin/bash)
==2365==    by 0x138DC9: ??? (in /usr/bin/bash)
==2365==    by 0x137544: main (in /usr/bin/bash)
==2365== 
==2365== 48 bytes in 1 blocks are still reachable in loss record 257 of 304
==2365==    at 0x483B7F3: malloc (in /usr/lib/x86_64-linux-gnu/valgrind/vgpreload_memcheck-amd64-linux.so)
==2365==    by 0x1984F3: xmalloc (in /usr/bin/bash)
==2365==    by 0x1544C3: ??? (in /usr/bin/bash)
==2365==    by 0x157FCF: ??? (in /usr/bin/bash)
==2365==    by 0x15805C: ??? (in /usr/bin/bash)
==2365==    by 0x15B13F: initialize_shell_variables (in /usr/bin/bash)
==2365==    by 0x138DC9: ??? (in /usr/bin/bash)
==2365==    by 0x137544: main (in /usr/bin/bash)
==2365== 
==2365== 48 bytes in 1 blocks are still reachable in loss record 258 of 304
==2365==    at 0x483B7F3: malloc (in /usr/lib/x86_64-linux-gnu/valgrind/vgpreload_memcheck-amd64-linux.so)
==2365==    by 0x1984F3: xmalloc (in /usr/bin/bash)
==2365==    by 0x1544C3: ??? (in /usr/bin/bash)
==2365==    by 0x157FCF: ??? (in /usr/bin/bash)
==2365==    by 0x15805C: ??? (in /usr/bin/bash)
==2365==    by 0x15B165: initialize_shell_variables (in /usr/bin/bash)
==2365==    by 0x138DC9: ??? (in /usr/bin/bash)
==2365==    by 0x137544: main (in /usr/bin/bash)
==2365== 
==2365== 48 bytes in 1 blocks are still reachable in loss record 259 of 304
==2365==    at 0x483B7F3: malloc (in /usr/lib/x86_64-linux-gnu/valgrind/vgpreload_memcheck-amd64-linux.so)
==2365==    by 0x1984F3: xmalloc (in /usr/bin/bash)
==2365==    by 0x1544C3: ??? (in /usr/bin/bash)
==2365==    by 0x157FCF: ??? (in /usr/bin/bash)
==2365==    by 0x15805C: ??? (in /usr/bin/bash)
==2365==    by 0x15B188: initialize_shell_variables (in /usr/bin/bash)
==2365==    by 0x138DC9: ??? (in /usr/bin/bash)
==2365==    by 0x137544: main (in /usr/bin/bash)
==2365== 
==2365== 48 bytes in 1 blocks are still reachable in loss record 260 of 304
==2365==    at 0x483B7F3: malloc (in /usr/lib/x86_64-linux-gnu/valgrind/vgpreload_memcheck-amd64-linux.so)
==2365==    by 0x1984F3: xmalloc (in /usr/bin/bash)
==2365==    by 0x1544C3: ??? (in /usr/bin/bash)
==2365==    by 0x157FCF: ??? (in /usr/bin/bash)
==2365==    by 0x15805C: ??? (in /usr/bin/bash)
==2365==    by 0x15B1AE: initialize_shell_variables (in /usr/bin/bash)
==2365==    by 0x138DC9: ??? (in /usr/bin/bash)
==2365==    by 0x137544: main (in /usr/bin/bash)
==2365== 
==2365== 48 bytes in 1 blocks are still reachable in loss record 261 of 304
==2365==    at 0x483B7F3: malloc (in /usr/lib/x86_64-linux-gnu/valgrind/vgpreload_memcheck-amd64-linux.so)
==2365==    by 0x1984F3: xmalloc (in /usr/bin/bash)
==2365==    by 0x1544C3: ??? (in /usr/bin/bash)
==2365==    by 0x157FCF: ??? (in /usr/bin/bash)
==2365==    by 0x15805C: ??? (in /usr/bin/bash)
==2365==    by 0x15B1D8: initialize_shell_variables (in /usr/bin/bash)
==2365==    by 0x138DC9: ??? (in /usr/bin/bash)
==2365==    by 0x137544: main (in /usr/bin/bash)
==2365== 
==2365== 48 bytes in 1 blocks are still reachable in loss record 262 of 304
==2365==    at 0x483B7F3: malloc (in /usr/lib/x86_64-linux-gnu/valgrind/vgpreload_memcheck-amd64-linux.so)
==2365==    by 0x1984F3: xmalloc (in /usr/bin/bash)
==2365==    by 0x1544C3: ??? (in /usr/bin/bash)
==2365==    by 0x157FCF: ??? (in /usr/bin/bash)
==2365==    by 0x15805C: ??? (in /usr/bin/bash)
==2365==    by 0x15B205: initialize_shell_variables (in /usr/bin/bash)
==2365==    by 0x138DC9: ??? (in /usr/bin/bash)
==2365==    by 0x137544: main (in /usr/bin/bash)
==2365== 
==2365== 48 bytes in 1 blocks are still reachable in loss record 263 of 304
==2365==    at 0x483B7F3: malloc (in /usr/lib/x86_64-linux-gnu/valgrind/vgpreload_memcheck-amd64-linux.so)
==2365==    by 0x1984F3: xmalloc (in /usr/bin/bash)
==2365==    by 0x1544C3: ??? (in /usr/bin/bash)
==2365==    by 0x157FCF: ??? (in /usr/bin/bash)
==2365==    by 0x15805C: ??? (in /usr/bin/bash)
==2365==    by 0x15B228: initialize_shell_variables (in /usr/bin/bash)
==2365==    by 0x138DC9: ??? (in /usr/bin/bash)
==2365==    by 0x137544: main (in /usr/bin/bash)
==2365== 
==2365== 48 bytes in 1 blocks are still reachable in loss record 264 of 304
==2365==    at 0x483B7F3: malloc (in /usr/lib/x86_64-linux-gnu/valgrind/vgpreload_memcheck-amd64-linux.so)
==2365==    by 0x1984F3: xmalloc (in /usr/bin/bash)
==2365==    by 0x1544C3: ??? (in /usr/bin/bash)
==2365==    by 0x157FCF: ??? (in /usr/bin/bash)
==2365==    by 0x15805C: ??? (in /usr/bin/bash)
==2365==    by 0x15B24E: initialize_shell_variables (in /usr/bin/bash)
==2365==    by 0x138DC9: ??? (in /usr/bin/bash)
==2365==    by 0x137544: main (in /usr/bin/bash)
==2365== 
==2365== 48 bytes in 1 blocks are still reachable in loss record 265 of 304
==2365==    at 0x483B7F3: malloc (in /usr/lib/x86_64-linux-gnu/valgrind/vgpreload_memcheck-amd64-linux.so)
==2365==    by 0x1984F3: xmalloc (in /usr/bin/bash)
==2365==    by 0x1544C3: ??? (in /usr/bin/bash)
==2365==    by 0x157FCF: ??? (in /usr/bin/bash)
==2365==    by 0x15805C: ??? (in /usr/bin/bash)
==2365==    by 0x15B27B: initialize_shell_variables (in /usr/bin/bash)
==2365==    by 0x138DC9: ??? (in /usr/bin/bash)
==2365==    by 0x137544: main (in /usr/bin/bash)
==2365== 
==2365== 48 bytes in 1 blocks are still reachable in loss record 266 of 304
==2365==    at 0x483B7F3: malloc (in /usr/lib/x86_64-linux-gnu/valgrind/vgpreload_memcheck-amd64-linux.so)
==2365==    by 0x1984F3: xmalloc (in /usr/bin/bash)
==2365==    by 0x1544C3: ??? (in /usr/bin/bash)
==2365==    by 0x157FCF: ??? (in /usr/bin/bash)
==2365==    by 0x15805C: ??? (in /usr/bin/bash)
==2365==    by 0x15B2A2: initialize_shell_variables (in /usr/bin/bash)
==2365==    by 0x138DC9: ??? (in /usr/bin/bash)
==2365==    by 0x137544: main (in /usr/bin/bash)
==2365== 
==2365== 48 bytes in 1 blocks are still reachable in loss record 267 of 304
==2365==    at 0x483B7F3: malloc (in /usr/lib/x86_64-linux-gnu/valgrind/vgpreload_memcheck-amd64-linux.so)
==2365==    by 0x1984F3: xmalloc (in /usr/bin/bash)
==2365==    by 0x1544C3: ??? (in /usr/bin/bash)
==2365==    by 0x157FCF: ??? (in /usr/bin/bash)
==2365==    by 0x158D55: make_new_array_variable (in /usr/bin/bash)
==2365==    by 0x158DA7: ??? (in /usr/bin/bash)
==2365==    by 0x15B2CD: initialize_shell_variables (in /usr/bin/bash)
==2365==    by 0x138DC9: ??? (in /usr/bin/bash)
==2365==    by 0x137544: main (in /usr/bin/bash)
==2365== 
==2365== 48 bytes in 1 blocks are still reachable in loss record 268 of 304
==2365==    at 0x483B7F3: malloc (in /usr/lib/x86_64-linux-gnu/valgrind/vgpreload_memcheck-amd64-linux.so)
==2365==    by 0x1984F3: xmalloc (in /usr/bin/bash)
==2365==    by 0x1544C3: ??? (in /usr/bin/bash)
==2365==    by 0x157FCF: ??? (in /usr/bin/bash)
==2365==    by 0x158D55: make_new_array_variable (in /usr/bin/bash)
==2365==    by 0x158DA7: ??? (in /usr/bin/bash)
==2365==    by 0x15B2EC: initialize_shell_variables (in /usr/bin/bash)
==2365==    by 0x138DC9: ??? (in /usr/bin/bash)
==2365==    by 0x137544: main (in /usr/bin/bash)
==2365== 
==2365== 48 bytes in 1 blocks are still reachable in loss record 269 of 304
==2365==    at 0x483B7F3: malloc (in /usr/lib/x86_64-linux-gnu/valgrind/vgpreload_memcheck-amd64-linux.so)
==2365==    by 0x1984F3: xmalloc (in /usr/bin/bash)
==2365==    by 0x1544C3: ??? (in /usr/bin/bash)
==2365==    by 0x157FCF: ??? (in /usr/bin/bash)
==2365==    by 0x158D55: make_new_array_variable (in /usr/bin/bash)
==2365==    by 0x158DA7: ??? (in /usr/bin/bash)
==2365==    by 0x15B30B: initialize_shell_variables (in /usr/bin/bash)
==2365==    by 0x138DC9: ??? (in /usr/bin/bash)
==2365==    by 0x137544: main (in /usr/bin/bash)
==2365== 
==2365== 48 bytes in 1 blocks are still reachable in loss record 270 of 304
==2365==    at 0x483B7F3: malloc (in /usr/lib/x86_64-linux-gnu/valgrind/vgpreload_memcheck-amd64-linux.so)
==2365==    by 0x1984F3: xmalloc (in /usr/bin/bash)
==2365==    by 0x1544C3: ??? (in /usr/bin/bash)
==2365==    by 0x157FCF: ??? (in /usr/bin/bash)
==2365==    by 0x158D55: make_new_array_variable (in /usr/bin/bash)
==2365==    by 0x158DA7: ??? (in /usr/bin/bash)
==2365==    by 0x15B32A: initialize_shell_variables (in /usr/bin/bash)
==2365==    by 0x138DC9: ??? (in /usr/bin/bash)
==2365==    by 0x137544: main (in /usr/bin/bash)
==2365== 
==2365== 48 bytes in 1 blocks are still reachable in loss record 271 of 304
==2365==    at 0x483B7F3: malloc (in /usr/lib/x86_64-linux-gnu/valgrind/vgpreload_memcheck-amd64-linux.so)
==2365==    by 0x1984F3: xmalloc (in /usr/bin/bash)
==2365==    by 0x1544C3: ??? (in /usr/bin/bash)
==2365==    by 0x157FCF: ??? (in /usr/bin/bash)
==2365==    by 0x158D55: make_new_array_variable (in /usr/bin/bash)
==2365==    by 0x158DA7: ??? (in /usr/bin/bash)
==2365==    by 0x15B349: initialize_shell_variables (in /usr/bin/bash)
==2365==    by 0x138DC9: ??? (in /usr/bin/bash)
==2365==    by 0x137544: main (in /usr/bin/bash)
==2365== 
==2365== 48 bytes in 1 blocks are still reachable in loss record 272 of 304
==2365==    at 0x483B7F3: malloc (in /usr/lib/x86_64-linux-gnu/valgrind/vgpreload_memcheck-amd64-linux.so)
==2365==    by 0x1984F3: xmalloc (in /usr/bin/bash)
==2365==    by 0x1544C3: ??? (in /usr/bin/bash)
==2365==    by 0x157FCF: ??? (in /usr/bin/bash)
==2365==    by 0x158D55: make_new_array_variable (in /usr/bin/bash)
==2365==    by 0x158DA7: ??? (in /usr/bin/bash)
==2365==    by 0x15B368: initialize_shell_variables (in /usr/bin/bash)
==2365==    by 0x138DC9: ??? (in /usr/bin/bash)
==2365==    by 0x137544: main (in /usr/bin/bash)
==2365== 
==2365== 48 bytes in 1 blocks are still reachable in loss record 273 of 304
==2365==    at 0x483B7F3: malloc (in /usr/lib/x86_64-linux-gnu/valgrind/vgpreload_memcheck-amd64-linux.so)
==2365==    by 0x1984F3: xmalloc (in /usr/bin/bash)
==2365==    by 0x1544C3: ??? (in /usr/bin/bash)
==2365==    by 0x157FCF: ??? (in /usr/bin/bash)
==2365==    by 0x158DE5: make_new_assoc_variable (in /usr/bin/bash)
==2365==    by 0x15B6A9: initialize_shell_variables (in /usr/bin/bash)
==2365==    by 0x138DC9: ??? (in /usr/bin/bash)
==2365==    by 0x137544: main (in /usr/bin/bash)
==2365== 
==2365== 48 bytes in 1 blocks are still reachable in loss record 274 of 304
==2365==    at 0x483B7F3: malloc (in /usr/lib/x86_64-linux-gnu/valgrind/vgpreload_memcheck-amd64-linux.so)
==2365==    by 0x1984F3: xmalloc (in /usr/bin/bash)
==2365==    by 0x1544C3: ??? (in /usr/bin/bash)
==2365==    by 0x157FCF: ??? (in /usr/bin/bash)
==2365==    by 0x158DE5: make_new_assoc_variable (in /usr/bin/bash)
==2365==    by 0x15B67B: initialize_shell_variables (in /usr/bin/bash)
==2365==    by 0x138DC9: ??? (in /usr/bin/bash)
==2365==    by 0x137544: main (in /usr/bin/bash)
==2365== 
==2365== 48 bytes in 1 blocks are still reachable in loss record 275 of 304
==2365==    at 0x483B7F3: malloc (in /usr/lib/x86_64-linux-gnu/valgrind/vgpreload_memcheck-amd64-linux.so)
==2365==    by 0x1984F3: xmalloc (in /usr/bin/bash)
==2365==    by 0x1544C3: ??? (in /usr/bin/bash)
==2365==    by 0x157FCF: ??? (in /usr/bin/bash)
==2365==    by 0x158D55: make_new_array_variable (in /usr/bin/bash)
==2365==    by 0x15B64D: initialize_shell_variables (in /usr/bin/bash)
==2365==    by 0x138DC9: ??? (in /usr/bin/bash)
==2365==    by 0x137544: main (in /usr/bin/bash)
==2365== 
==2365== 48 bytes in 1 blocks are still reachable in loss record 276 of 304
==2365==    at 0x483B7F3: malloc (in /usr/lib/x86_64-linux-gnu/valgrind/vgpreload_memcheck-amd64-linux.so)
==2365==    by 0x1984F3: xmalloc (in /usr/bin/bash)
==2365==    by 0x1544C3: ??? (in /usr/bin/bash)
==2365==    by 0x157FCF: ??? (in /usr/bin/bash)
==2365==    by 0x15805C: ??? (in /usr/bin/bash)
==2365==    by 0x1A76E0: set_shellopts (in /usr/bin/bash)
==2365==    by 0x138DFD: ??? (in /usr/bin/bash)
==2365==    by 0x137544: main (in /usr/bin/bash)
==2365== 
==2365== 48 bytes in 1 blocks are still reachable in loss record 277 of 304
==2365==    at 0x483B7F3: malloc (in /usr/lib/x86_64-linux-gnu/valgrind/vgpreload_memcheck-amd64-linux.so)
==2365==    by 0x1984F3: xmalloc (in /usr/bin/bash)
==2365==    by 0x1544C3: ??? (in /usr/bin/bash)
==2365==    by 0x157FCF: ??? (in /usr/bin/bash)
==2365==    by 0x15805C: ??? (in /usr/bin/bash)
==2365==    by 0x1AC4B0: set_bashopts (in /usr/bin/bash)
==2365==    by 0x138E1C: ??? (in /usr/bin/bash)
==2365==    by 0x137544: main (in /usr/bin/bash)
==2365== 
==2365== 48 bytes in 1 blocks are still reachable in loss record 278 of 304
==2365==    at 0x483B7F3: malloc (in /usr/lib/x86_64-linux-gnu/valgrind/vgpreload_memcheck-amd64-linux.so)
==2365==    by 0x1984F3: xmalloc (in /usr/bin/bash)
==2365==    by 0x17E939: fd_to_buffered_stream (in /usr/bin/bash)
==2365==    by 0x17EF54: with_input_from_buffered_stream (in /usr/bin/bash)
==2365==    by 0x137DC4: main (in /usr/bin/bash)
==2365== 
==2365== 48 bytes in 1 blocks are still reachable in loss record 279 of 304
==2365==    at 0x483B7F3: malloc (in /usr/lib/x86_64-linux-gnu/valgrind/vgpreload_memcheck-amd64-linux.so)
==2365==    by 0x1984F3: xmalloc (in /usr/bin/bash)
==2365==    by 0x1544C3: ??? (in /usr/bin/bash)
==2365==    by 0x157FCF: ??? (in /usr/bin/bash)
==2365==    by 0x158D55: make_new_array_variable (in /usr/bin/bash)
==2365==    by 0x15C10B: set_pipestatus_array (in /usr/bin/bash)
==2365==    by 0x15172F: execute_command_internal (in /usr/bin/bash)
==2365==    by 0x1519D9: execute_command (in /usr/bin/bash)
==2365==    by 0x139664: reader_loop (in /usr/bin/bash)
==2365==    by 0x137EF8: main (in /usr/bin/bash)
==2365== 
==2365== 61 bytes in 1 blocks are still reachable in loss record 280 of 304
==2365==    at 0x483B7F3: malloc (in /usr/lib/x86_64-linux-gnu/valgrind/vgpreload_memcheck-amd64-linux.so)
==2365==    by 0x1984F3: xmalloc (in /usr/bin/bash)
==2365==    by 0x156DA1: make_variable_value (in /usr/bin/bash)
==2365==    by 0x15806D: ??? (in /usr/bin/bash)
==2365==    by 0x15AB1F: initialize_shell_variables (in /usr/bin/bash)
==2365==    by 0x138DC9: ??? (in /usr/bin/bash)
==2365==    by 0x137544: main (in /usr/bin/bash)
==2365== 
==2365== 64 bytes in 1 blocks are still reachable in loss record 281 of 304
==2365==    at 0x483B7F3: malloc (in /usr/lib/x86_64-linux-gnu/valgrind/vgpreload_memcheck-amd64-linux.so)
==2365==    by 0x1984F3: xmalloc (in /usr/bin/bash)
==2365==    by 0x149383: ??? (in /usr/bin/bash)
==2365==    by 0x149402: ??? (in /usr/bin/bash)
==2365==    by 0x1496BF: ??? (in /usr/bin/bash)
==2365==    by 0x14AE57: print_simple_command (in /usr/bin/bash)
==2365==    by 0x14F903: execute_command_internal (in /usr/bin/bash)
==2365==    by 0x1519D9: execute_command (in /usr/bin/bash)
==2365==    by 0x139664: reader_loop (in /usr/bin/bash)
==2365==    by 0x137EF8: main (in /usr/bin/bash)
==2365== 
==2365== 128 bytes in 1 blocks are still reachable in loss record 282 of 304
==2365==    at 0x483B7F3: malloc (in /usr/lib/x86_64-linux-gnu/valgrind/vgpreload_memcheck-amd64-linux.so)
==2365==    by 0x1984F3: xmalloc (in /usr/bin/bash)
==2365==    by 0x17E92C: fd_to_buffered_stream (in /usr/bin/bash)
==2365==    by 0x17EF54: with_input_from_buffered_stream (in /usr/bin/bash)
==2365==    by 0x137DC4: main (in /usr/bin/bash)
==2365== 
==2365== 144 bytes in 1 blocks are still reachable in loss record 283 of 304
==2365==    at 0x483B7F3: malloc (in /usr/lib/x86_64-linux-gnu/valgrind/vgpreload_memcheck-amd64-linux.so)
==2365==    by 0x1984F3: xmalloc (in /usr/bin/bash)
==2365==    by 0x156DA1: make_variable_value (in /usr/bin/bash)
==2365==    by 0x15806D: ??? (in /usr/bin/bash)
==2365==    by 0x1AC4B0: set_bashopts (in /usr/bin/bash)
==2365==    by 0x138E1C: ??? (in /usr/bin/bash)
==2365==    by 0x137544: main (in /usr/bin/bash)
==2365== 
==2365== 150 bytes in 11 blocks are still reachable in loss record 284 of 304
==2365==    at 0x483B7F3: malloc (in /usr/lib/x86_64-linux-gnu/valgrind/vgpreload_memcheck-amd64-linux.so)
==2365==    by 0x1984F3: xmalloc (in /usr/bin/bash)
==2365==    by 0x1544D7: ??? (in /usr/bin/bash)
==2365==    by 0x157FCF: ??? (in /usr/bin/bash)
==2365==    by 0x15805C: ??? (in /usr/bin/bash)
==2365==    by 0x15AD0C: initialize_shell_variables (in /usr/bin/bash)
==2365==    by 0x138DC9: ??? (in /usr/bin/bash)
==2365==    by 0x137544: main (in /usr/bin/bash)
==2365== 
==2365== 150 bytes in 11 blocks are still reachable in loss record 285 of 304
==2365==    at 0x483B7F3: malloc (in /usr/lib/x86_64-linux-gnu/valgrind/vgpreload_memcheck-amd64-linux.so)
==2365==    by 0x1984F3: xmalloc (in /usr/bin/bash)
==2365==    by 0x157FED: ??? (in /usr/bin/bash)
==2365==    by 0x15805C: ??? (in /usr/bin/bash)
==2365==    by 0x15AD0C: initialize_shell_variables (in /usr/bin/bash)
==2365==    by 0x138DC9: ??? (in /usr/bin/bash)
==2365==    by 0x137544: main (in /usr/bin/bash)
==2365== 
==2365== 223 bytes in 8 blocks are still reachable in loss record 286 of 304
==2365==    at 0x483B7F3: malloc (in /usr/lib/x86_64-linux-gnu/valgrind/vgpreload_memcheck-amd64-linux.so)
==2365==    by 0x1984F3: xmalloc (in /usr/bin/bash)
==2365==    by 0x156DA1: make_variable_value (in /usr/bin/bash)
==2365==    by 0x15806D: ??? (in /usr/bin/bash)
==2365==    by 0x15AD0C: initialize_shell_variables (in /usr/bin/bash)
==2365==    by 0x138DC9: ??? (in /usr/bin/bash)
==2365==    by 0x137544: main (in /usr/bin/bash)
==2365== 
==2365== 224 bytes in 7 blocks are still reachable in loss record 287 of 304
==2365==    at 0x483B7F3: malloc (in /usr/lib/x86_64-linux-gnu/valgrind/vgpreload_memcheck-amd64-linux.so)
==2365==    by 0x1984F3: xmalloc (in /usr/bin/bash)
==2365==    by 0x17F66E: unwind_protect_mem (in /usr/bin/bash)
==2365==    by 0x14FD00: execute_command_internal (in /usr/bin/bash)
==2365==    by 0x1519D9: execute_command (in /usr/bin/bash)
==2365==    by 0x139664: reader_loop (in /usr/bin/bash)
==2365==    by 0x137EF8: main (in /usr/bin/bash)
==2365== 
==2365== 224 bytes in 7 blocks are still reachable in loss record 288 of 304
==2365==    at 0x483B7F3: malloc (in /usr/lib/x86_64-linux-gnu/valgrind/vgpreload_memcheck-amd64-linux.so)
==2365==    by 0x1984F3: xmalloc (in /usr/bin/bash)
==2365==    by 0x17F66E: unwind_protect_mem (in /usr/bin/bash)
==2365==    by 0x14FD11: execute_command_internal (in /usr/bin/bash)
==2365==    by 0x1519D9: execute_command (in /usr/bin/bash)
==2365==    by 0x139664: reader_loop (in /usr/bin/bash)
==2365==    by 0x137EF8: main (in /usr/bin/bash)
==2365== 
==2365== 256 bytes in 1 blocks are still reachable in loss record 289 of 304
==2365==    at 0x483B7F3: malloc (in /usr/lib/x86_64-linux-gnu/valgrind/vgpreload_memcheck-amd64-linux.so)
==2365==    by 0x198577: xrealloc (in /usr/bin/bash)
==2365==    by 0x13C3B7: ??? (in /usr/bin/bash)
==2365==    by 0x13F5C9: ??? (in /usr/bin/bash)
==2365==    by 0x142EC7: yyparse (in /usr/bin/bash)
==2365==    by 0x13929A: parse_command (in /usr/bin/bash)
==2365==    by 0x1393A6: read_command (in /usr/bin/bash)
==2365==    by 0x1395C9: reader_loop (in /usr/bin/bash)
==2365==    by 0x137EF8: main (in /usr/bin/bash)
==2365== 
==2365== 352 bytes in 11 blocks are still reachable in loss record 290 of 304
==2365==    at 0x483B7F3: malloc (in /usr/lib/x86_64-linux-gnu/valgrind/vgpreload_memcheck-amd64-linux.so)
==2365==    by 0x1984F3: xmalloc (in /usr/bin/bash)
==2365==    by 0x17BBFB: hash_insert (in /usr/bin/bash)
==2365==    by 0x158008: ??? (in /usr/bin/bash)
==2365==    by 0x15805C: ??? (in /usr/bin/bash)
==2365==    by 0x15AD0C: initialize_shell_variables (in /usr/bin/bash)
==2365==    by 0x138DC9: ??? (in /usr/bin/bash)
==2365==    by 0x137544: main (in /usr/bin/bash)
==2365== 
==2365== 376 bytes in 11 blocks are still reachable in loss record 291 of 304
==2365==    at 0x483B7F3: malloc (in /usr/lib/x86_64-linux-gnu/valgrind/vgpreload_memcheck-amd64-linux.so)
==2365==    by 0x1984F3: xmalloc (in /usr/bin/bash)
==2365==    by 0x15AD62: initialize_shell_variables (in /usr/bin/bash)
==2365==    by 0x138DC9: ??? (in /usr/bin/bash)
==2365==    by 0x137544: main (in /usr/bin/bash)
==2365== 
==2365== 376 bytes in 11 blocks are still reachable in loss record 292 of 304
==2365==    at 0x483B7F3: malloc (in /usr/lib/x86_64-linux-gnu/valgrind/vgpreload_memcheck-amd64-linux.so)
==2365==    by 0x1984F3: xmalloc (in /usr/bin/bash)
==2365==    by 0x155585: ??? (in /usr/bin/bash)
==2365==    by 0x159B3E: ??? (in /usr/bin/bash)
==2365==    by 0x191D94: ??? (in /usr/bin/bash)
==2365==    by 0x192108: set_locale_var (in /usr/bin/bash)
==2365==    by 0x192302: set_default_lang (in /usr/bin/bash)
==2365==    by 0x137549: main (in /usr/bin/bash)
==2365== 
==2365== 440 bytes in 1 blocks are still reachable in loss record 293 of 304
==2365==    at 0x483B7F3: malloc (in /usr/lib/x86_64-linux-gnu/valgrind/vgpreload_memcheck-amd64-linux.so)
==2365==    by 0x198577: xrealloc (in /usr/bin/bash)
==2365==    by 0x159B62: ??? (in /usr/bin/bash)
==2365==    by 0x191D94: ??? (in /usr/bin/bash)
==2365==    by 0x192108: set_locale_var (in /usr/bin/bash)
==2365==    by 0x192302: set_default_lang (in /usr/bin/bash)
==2365==    by 0x137549: main (in /usr/bin/bash)
==2365== 
==2365== 496 bytes in 1 blocks are still reachable in loss record 294 of 304
==2365==    at 0x483B7F3: malloc (in /usr/lib/x86_64-linux-gnu/valgrind/vgpreload_memcheck-amd64-linux.so)
==2365==    by 0x198577: xrealloc (in /usr/bin/bash)
==2365==    by 0x140A3A: ??? (in /usr/bin/bash)
==2365==    by 0x142EC7: yyparse (in /usr/bin/bash)
==2365==    by 0x13929A: parse_command (in /usr/bin/bash)
==2365==    by 0x1393A6: read_command (in /usr/bin/bash)
==2365==    by 0x1395C9: reader_loop (in /usr/bin/bash)
==2365==    by 0x137EF8: main (in /usr/bin/bash)
==2365== 
==2365== 528 bytes in 11 blocks are still reachable in loss record 295 of 304
==2365==    at 0x483B7F3: malloc (in /usr/lib/x86_64-linux-gnu/valgrind/vgpreload_memcheck-amd64-linux.so)
==2365==    by 0x1984F3: xmalloc (in /usr/bin/bash)
==2365==    by 0x1544C3: ??? (in /usr/bin/bash)
==2365==    by 0x157FCF: ??? (in /usr/bin/bash)
==2365==    by 0x15805C: ??? (in /usr/bin/bash)
==2365==    by 0x15AD0C: initialize_shell_variables (in /usr/bin/bash)
==2365==    by 0x138DC9: ??? (in /usr/bin/bash)
==2365==    by 0x137544: main (in /usr/bin/bash)
==2365== 
==2365== 1,024 bytes in 1 blocks are still reachable in loss record 296 of 304
==2365==    at 0x483B7F3: malloc (in /usr/lib/x86_64-linux-gnu/valgrind/vgpreload_memcheck-amd64-linux.so)
==2365==    by 0x1984F3: xmalloc (in /usr/bin/bash)
==2365==    by 0x17B70C: hash_create (in /usr/bin/bash)
==2365==    by 0x158DEF: make_new_assoc_variable (in /usr/bin/bash)
==2365==    by 0x15B6A9: initialize_shell_variables (in /usr/bin/bash)
==2365==    by 0x138DC9: ??? (in /usr/bin/bash)
==2365==    by 0x137544: main (in /usr/bin/bash)
==2365== 
==2365== 1,024 bytes in 1 blocks are still reachable in loss record 297 of 304
==2365==    at 0x483B7F3: malloc (in /usr/lib/x86_64-linux-gnu/valgrind/vgpreload_memcheck-amd64-linux.so)
==2365==    by 0x1984F3: xmalloc (in /usr/bin/bash)
==2365==    by 0x17B70C: hash_create (in /usr/bin/bash)
==2365==    by 0x158DEF: make_new_assoc_variable (in /usr/bin/bash)
==2365==    by 0x15B67B: initialize_shell_variables (in /usr/bin/bash)
==2365==    by 0x138DC9: ??? (in /usr/bin/bash)
==2365==    by 0x137544: main (in /usr/bin/bash)
==2365== 
==2365== 1,024 bytes in 1 blocks are still reachable in loss record 298 of 304
==2365==    at 0x483B7F3: malloc (in /usr/lib/x86_64-linux-gnu/valgrind/vgpreload_memcheck-amd64-linux.so)
==2365==    by 0x1984F3: xmalloc (in /usr/bin/bash)
==2365==    by 0x147FC1: cmd_init (in /usr/bin/bash)
==2365==    by 0x137690: main (in /usr/bin/bash)
==2365== 
==2365== 1,024 bytes in 1 blocks are still reachable in loss record 299 of 304
==2365==    at 0x483B7F3: malloc (in /usr/lib/x86_64-linux-gnu/valgrind/vgpreload_memcheck-amd64-linux.so)
==2365==    by 0x1984F3: xmalloc (in /usr/bin/bash)
==2365==    by 0x147FDD: cmd_init (in /usr/bin/bash)
==2365==    by 0x137690: main (in /usr/bin/bash)
==2365== 
==2365== 1,024 bytes in 1 blocks are still reachable in loss record 300 of 304
==2365==    at 0x483B7F3: malloc (in /usr/lib/x86_64-linux-gnu/valgrind/vgpreload_memcheck-amd64-linux.so)
==2365==    by 0x1984F3: xmalloc (in /usr/bin/bash)
==2365==    by 0x17F291: uwp_init (in /usr/bin/bash)
==2365==    by 0x137695: main (in /usr/bin/bash)
==2365== 
==2365== 2,200 bytes in 1 blocks are still reachable in loss record 301 of 304
==2365==    at 0x483B7F3: malloc (in /usr/lib/x86_64-linux-gnu/valgrind/vgpreload_memcheck-amd64-linux.so)
==2365==    by 0x198577: xrealloc (in /usr/bin/bash)
==2365==    by 0x17E446: ??? (in /usr/bin/bash)
==2365==    by 0x17E9B8: fd_to_buffered_stream (in /usr/bin/bash)
==2365==    by 0x17EF54: with_input_from_buffered_stream (in /usr/bin/bash)
==2365==    by 0x137DC4: main (in /usr/bin/bash)
==2365== 
==2365== 4,096 bytes in 1 blocks are still reachable in loss record 302 of 304
==2365==    at 0x483B7F3: malloc (in /usr/lib/x86_64-linux-gnu/valgrind/vgpreload_memcheck-amd64-linux.so)
==2365==    by 0x1984F3: xmalloc (in /usr/bin/bash)
==2365==    by 0x17B74B: hash_create (in /usr/bin/bash)
==2365==    by 0x157FA9: ??? (in /usr/bin/bash)
==2365==    by 0x15AAAB: initialize_shell_variables (in /usr/bin/bash)
==2365==    by 0x138DC9: ??? (in /usr/bin/bash)
==2365==    by 0x137544: main (in /usr/bin/bash)
==2365== 
==2365== 4,096 bytes in 1 blocks are still reachable in loss record 303 of 304
==2365==    at 0x483B7F3: malloc (in /usr/lib/x86_64-linux-gnu/valgrind/vgpreload_memcheck-amd64-linux.so)
==2365==    by 0x1984F3: xmalloc (in /usr/bin/bash)
==2365==    by 0x17B74B: hash_create (in /usr/bin/bash)
==2365==    by 0x157F51: ??? (in /usr/bin/bash)
==2365==    by 0x15AAAB: initialize_shell_variables (in /usr/bin/bash)
==2365==    by 0x138DC9: ??? (in /usr/bin/bash)
==2365==    by 0x137544: main (in /usr/bin/bash)
==2365== 
==2365== 8,192 bytes in 1 blocks are still reachable in loss record 304 of 304
==2365==    at 0x483B7F3: malloc (in /usr/lib/x86_64-linux-gnu/valgrind/vgpreload_memcheck-amd64-linux.so)
==2365==    by 0x1984F3: xmalloc (in /usr/bin/bash)
==2365==    by 0x17B74B: hash_create (in /usr/bin/bash)
==2365==    by 0x157F8A: ??? (in /usr/bin/bash)
==2365==    by 0x15AAAB: initialize_shell_variables (in /usr/bin/bash)
==2365==    by 0x138DC9: ??? (in /usr/bin/bash)
==2365==    by 0x137544: main (in /usr/bin/bash)
==2365== 
==2365== LEAK SUMMARY:
==2365==    definitely lost: 2 bytes in 1 blocks
==2365==    indirectly lost: 0 bytes in 0 blocks
==2365==      possibly lost: 0 bytes in 0 blocks
==2365==    still reachable: 34,255 bytes in 386 blocks
==2365==         suppressed: 0 bytes in 0 blocks
==2365== 
==2365== For lists of detected and suppressed errors, rerun with: -s
==2365== ERROR SUMMARY: 1 errors from 1 contexts (suppressed: 0 from 0)
HTTP/1.1 200 OK
Content-Length: 61

HELLO\n
2365
\n
Press [CTRL+C] to stop...
/s1.sh
HTTP/1.1
\n
<<<<<<<<<<<<<<<<<<<<<<<<<<<<<<<<<<127.0.0.1==2366== Memcheck, a memory error detector
==2366== Copyright (C) 2002-2017, and GNU GPL'd, by Julian Seward et al.
==2366== Using Valgrind-3.15.0 and LibVEX; rerun with -h for copyright info
==2366== Command: /home/vscode/src/www/cgi/s1.sh
==2366== 
==2366== 
==2366== HEAP SUMMARY:
==2366==     in use at exit: 34,257 bytes in 387 blocks
==2366==   total heap usage: 587 allocs, 200 frees, 61,534 bytes allocated
==2366== 
==2366== 1 bytes in 1 blocks are still reachable in loss record 1 of 304
==2366==    at 0x483B7F3: malloc (in /usr/lib/x86_64-linux-gnu/valgrind/vgpreload_memcheck-amd64-linux.so)
==2366==    by 0x1984F3: xmalloc (in /usr/bin/bash)
==2366==    by 0x1920F9: set_locale_var (in /usr/bin/bash)
==2366==    by 0x192302: set_default_lang (in /usr/bin/bash)
==2366==    by 0x137549: main (in /usr/bin/bash)
==2366== 
==2366== 1 bytes in 1 blocks are still reachable in loss record 2 of 304
==2366==    at 0x483B7F3: malloc (in /usr/lib/x86_64-linux-gnu/valgrind/vgpreload_memcheck-amd64-linux.so)
==2366==    by 0x1984F3: xmalloc (in /usr/bin/bash)
==2366==    by 0x191E21: set_lang (in /usr/bin/bash)
==2366==    by 0x137549: main (in /usr/bin/bash)
==2366== 
==2366== 2 bytes in 1 blocks are still reachable in loss record 3 of 304
==2366==    at 0x483B7F3: malloc (in /usr/lib/x86_64-linux-gnu/valgrind/vgpreload_memcheck-amd64-linux.so)
==2366==    by 0x1984F3: xmalloc (in /usr/bin/bash)
==2366==    by 0x1544D7: ??? (in /usr/bin/bash)
==2366==    by 0x157FCF: ??? (in /usr/bin/bash)
==2366==    by 0x15805C: ??? (in /usr/bin/bash)
==2366==    by 0x15AB01: initialize_shell_variables (in /usr/bin/bash)
==2366==    by 0x138DC9: ??? (in /usr/bin/bash)
==2366==    by 0x137544: main (in /usr/bin/bash)
==2366== 
==2366== 2 bytes in 1 blocks are still reachable in loss record 4 of 304
==2366==    at 0x483B7F3: malloc (in /usr/lib/x86_64-linux-gnu/valgrind/vgpreload_memcheck-amd64-linux.so)
==2366==    by 0x1984F3: xmalloc (in /usr/bin/bash)
==2366==    by 0x157FED: ??? (in /usr/bin/bash)
==2366==    by 0x15805C: ??? (in /usr/bin/bash)
==2366==    by 0x15AB01: initialize_shell_variables (in /usr/bin/bash)
==2366==    by 0x138DC9: ??? (in /usr/bin/bash)
==2366==    by 0x137544: main (in /usr/bin/bash)
==2366== 
==2366== 2 bytes in 1 blocks are still reachable in loss record 5 of 304
==2366==    at 0x483B7F3: malloc (in /usr/lib/x86_64-linux-gnu/valgrind/vgpreload_memcheck-amd64-linux.so)
==2366==    by 0x1984F3: xmalloc (in /usr/bin/bash)
==2366==    by 0x156DA1: make_variable_value (in /usr/bin/bash)
==2366==    by 0x15806D: ??? (in /usr/bin/bash)
==2366==    by 0x15929E: adjust_shell_level (in /usr/bin/bash)
==2366==    by 0x15AC10: initialize_shell_variables (in /usr/bin/bash)
==2366==    by 0x138DC9: ??? (in /usr/bin/bash)
==2366==    by 0x137544: main (in /usr/bin/bash)
==2366== 
==2366== 2 bytes in 1 blocks are still reachable in loss record 6 of 304
==2366==    at 0x483B7F3: malloc (in /usr/lib/x86_64-linux-gnu/valgrind/vgpreload_memcheck-amd64-linux.so)
==2366==    by 0x1984F3: xmalloc (in /usr/bin/bash)
==2366==    by 0x156DA1: make_variable_value (in /usr/bin/bash)
==2366==    by 0x15806D: ??? (in /usr/bin/bash)
==2366==    by 0x15AC2A: initialize_shell_variables (in /usr/bin/bash)
==2366==    by 0x138DC9: ??? (in /usr/bin/bash)
==2366==    by 0x137544: main (in /usr/bin/bash)
==2366== 
==2366== 2 bytes in 1 blocks are still reachable in loss record 7 of 304
==2366==    at 0x483B7F3: malloc (in /usr/lib/x86_64-linux-gnu/valgrind/vgpreload_memcheck-amd64-linux.so)
==2366==    by 0x1984F3: xmalloc (in /usr/bin/bash)
==2366==    by 0x156DA1: make_variable_value (in /usr/bin/bash)
==2366==    by 0x15806D: ??? (in /usr/bin/bash)
==2366==    by 0x15AC4A: initialize_shell_variables (in /usr/bin/bash)
==2366==    by 0x138DC9: ??? (in /usr/bin/bash)
==2366==    by 0x137544: main (in /usr/bin/bash)
==2366== 
==2366== 2 bytes in 1 blocks are still reachable in loss record 8 of 304
==2366==    at 0x483B7F3: malloc (in /usr/lib/x86_64-linux-gnu/valgrind/vgpreload_memcheck-amd64-linux.so)
==2366==    by 0x1984F3: xmalloc (in /usr/bin/bash)
==2366==    by 0x183473: array_create_element (in /usr/bin/bash)
==2366==    by 0x183987: array_insert (in /usr/bin/bash)
==2366==    by 0x15AF24: initialize_shell_variables (in /usr/bin/bash)
==2366==    by 0x138DC9: ??? (in /usr/bin/bash)
==2366==    by 0x137544: main (in /usr/bin/bash)
==2366== 
==2366== 2 bytes in 1 blocks are still reachable in loss record 9 of 304
==2366==    at 0x483B7F3: malloc (in /usr/lib/x86_64-linux-gnu/valgrind/vgpreload_memcheck-amd64-linux.so)
==2366==    by 0x1984F3: xmalloc (in /usr/bin/bash)
==2366==    by 0x183473: array_create_element (in /usr/bin/bash)
==2366==    by 0x183987: array_insert (in /usr/bin/bash)
==2366==    by 0x15AF34: initialize_shell_variables (in /usr/bin/bash)
==2366==    by 0x138DC9: ??? (in /usr/bin/bash)
==2366==    by 0x137544: main (in /usr/bin/bash)
==2366== 
==2366== 2 bytes in 1 blocks are still reachable in loss record 10 of 304
==2366==    at 0x483B7F3: malloc (in /usr/lib/x86_64-linux-gnu/valgrind/vgpreload_memcheck-amd64-linux.so)
==2366==    by 0x1984F3: xmalloc (in /usr/bin/bash)
==2366==    by 0x183473: array_create_element (in /usr/bin/bash)
==2366==    by 0x183987: array_insert (in /usr/bin/bash)
==2366==    by 0x15AF81: initialize_shell_variables (in /usr/bin/bash)
==2366==    by 0x138DC9: ??? (in /usr/bin/bash)
==2366==    by 0x137544: main (in /usr/bin/bash)
==2366== 
==2366== 2 bytes in 1 blocks are still reachable in loss record 11 of 304
==2366==    at 0x483B7F3: malloc (in /usr/lib/x86_64-linux-gnu/valgrind/vgpreload_memcheck-amd64-linux.so)
==2366==    by 0x1984F3: xmalloc (in /usr/bin/bash)
==2366==    by 0x156DA1: make_variable_value (in /usr/bin/bash)
==2366==    by 0x15806D: ??? (in /usr/bin/bash)
==2366==    by 0x15B7C8: initialize_shell_variables (in /usr/bin/bash)
==2366==    by 0x138DC9: ??? (in /usr/bin/bash)
==2366==    by 0x137544: main (in /usr/bin/bash)
==2366== 
==2366== 2 bytes in 1 blocks are still reachable in loss record 12 of 304
==2366==    at 0x483B7F3: malloc (in /usr/lib/x86_64-linux-gnu/valgrind/vgpreload_memcheck-amd64-linux.so)
==2366==    by 0x1984F3: xmalloc (in /usr/bin/bash)
==2366==    by 0x156DA1: make_variable_value (in /usr/bin/bash)
==2366==    by 0x15806D: ??? (in /usr/bin/bash)
==2366==    by 0x15B7AE: initialize_shell_variables (in /usr/bin/bash)
==2366==    by 0x138DC9: ??? (in /usr/bin/bash)
==2366==    by 0x137544: main (in /usr/bin/bash)
==2366== 
==2366== 2 bytes in 1 blocks are still reachable in loss record 13 of 304
==2366==    at 0x483B7F3: malloc (in /usr/lib/x86_64-linux-gnu/valgrind/vgpreload_memcheck-amd64-linux.so)
==2366==    by 0x1984F3: xmalloc (in /usr/bin/bash)
==2366==    by 0x183473: array_create_element (in /usr/bin/bash)
==2366==    by 0x18367F: ??? (in /usr/bin/bash)
==2366==    by 0x137CB1: main (in /usr/bin/bash)
==2366== 
==2366== 2 bytes in 1 blocks are still reachable in loss record 14 of 304
==2366==    at 0x483B7F3: malloc (in /usr/lib/x86_64-linux-gnu/valgrind/vgpreload_memcheck-amd64-linux.so)
==2366==    by 0x1984F3: xmalloc (in /usr/bin/bash)
==2366==    by 0x1B7D71: itos (in /usr/bin/bash)
==2366==    by 0x15C13B: set_pipestatus_array (in /usr/bin/bash)
==2366==    by 0x15172F: execute_command_internal (in /usr/bin/bash)
==2366==    by 0x1519D9: execute_command (in /usr/bin/bash)
==2366==    by 0x139664: reader_loop (in /usr/bin/bash)
==2366==    by 0x137EF8: main (in /usr/bin/bash)
==2366== 
==2366== 2 bytes in 1 blocks are definitely lost in loss record 15 of 304
==2366==    at 0x483B7F3: malloc (in /usr/lib/x86_64-linux-gnu/valgrind/vgpreload_memcheck-amd64-linux.so)
==2366==    by 0x1984F3: xmalloc (in /usr/bin/bash)
==2366==    by 0x19196E: set_default_locale (in /usr/bin/bash)
==2366==    by 0x136C8A: main (in /usr/bin/bash)
==2366== 
==2366== 3 bytes in 1 blocks are still reachable in loss record 16 of 304
==2366==    at 0x483B7F3: malloc (in /usr/lib/x86_64-linux-gnu/valgrind/vgpreload_memcheck-amd64-linux.so)
==2366==    by 0x1984F3: xmalloc (in /usr/bin/bash)
==2366==    by 0x156DA1: make_variable_value (in /usr/bin/bash)
==2366==    by 0x15806D: ??? (in /usr/bin/bash)
==2366==    by 0x15AB65: initialize_shell_variables (in /usr/bin/bash)
==2366==    by 0x138DC9: ??? (in /usr/bin/bash)
==2366==    by 0x137544: main (in /usr/bin/bash)
==2366== 
==2366== 3 bytes in 1 blocks are still reachable in loss record 17 of 304
==2366==    at 0x483B7F3: malloc (in /usr/lib/x86_64-linux-gnu/valgrind/vgpreload_memcheck-amd64-linux.so)
==2366==    by 0x1984F3: xmalloc (in /usr/bin/bash)
==2366==    by 0x183473: array_create_element (in /usr/bin/bash)
==2366==    by 0x183987: array_insert (in /usr/bin/bash)
==2366==    by 0x15AF5D: initialize_shell_variables (in /usr/bin/bash)
==2366==    by 0x138DC9: ??? (in /usr/bin/bash)
==2366==    by 0x137544: main (in /usr/bin/bash)
==2366== 
==2366== 3 bytes in 1 blocks are still reachable in loss record 18 of 304
==2366==    at 0x483B7F3: malloc (in /usr/lib/x86_64-linux-gnu/valgrind/vgpreload_memcheck-amd64-linux.so)
==2366==    by 0x1984F3: xmalloc (in /usr/bin/bash)
==2366==    by 0x156DA1: make_variable_value (in /usr/bin/bash)
==2366==    by 0x15844D: ??? (in /usr/bin/bash)
==2366==    by 0x14C342: ??? (in /usr/bin/bash)
==2366==    by 0x150B52: execute_command_internal (in /usr/bin/bash)
==2366==    by 0x1519D9: execute_command (in /usr/bin/bash)
==2366==    by 0x139664: reader_loop (in /usr/bin/bash)
==2366==    by 0x137EF8: main (in /usr/bin/bash)
==2366== 
==2366== 3 bytes in 3 blocks are still reachable in loss record 19 of 304
==2366==    at 0x483B7F3: malloc (in /usr/lib/x86_64-linux-gnu/valgrind/vgpreload_memcheck-amd64-linux.so)
==2366==    by 0x1984F3: xmalloc (in /usr/bin/bash)
==2366==    by 0x156DE1: make_variable_value (in /usr/bin/bash)
==2366==    by 0x15806D: ??? (in /usr/bin/bash)
==2366==    by 0x15AD0C: initialize_shell_variables (in /usr/bin/bash)
==2366==    by 0x138DC9: ??? (in /usr/bin/bash)
==2366==    by 0x137544: main (in /usr/bin/bash)
==2366== 
==2366== 4 bytes in 1 blocks are still reachable in loss record 20 of 304
==2366==    at 0x483B7F3: malloc (in /usr/lib/x86_64-linux-gnu/valgrind/vgpreload_memcheck-amd64-linux.so)
==2366==    by 0x1984F3: xmalloc (in /usr/bin/bash)
==2366==    by 0x1544D7: ??? (in /usr/bin/bash)
==2366==    by 0x157FCF: ??? (in /usr/bin/bash)
==2366==    by 0x15805C: ??? (in /usr/bin/bash)
==2366==    by 0x159447: set_pwd (in /usr/bin/bash)
==2366==    by 0x15AAEE: initialize_shell_variables (in /usr/bin/bash)
==2366==    by 0x138DC9: ??? (in /usr/bin/bash)
==2366==    by 0x137544: main (in /usr/bin/bash)
==2366== 
==2366== 4 bytes in 1 blocks are still reachable in loss record 21 of 304
==2366==    at 0x483B7F3: malloc (in /usr/lib/x86_64-linux-gnu/valgrind/vgpreload_memcheck-amd64-linux.so)
==2366==    by 0x1984F3: xmalloc (in /usr/bin/bash)
==2366==    by 0x157FED: ??? (in /usr/bin/bash)
==2366==    by 0x15805C: ??? (in /usr/bin/bash)
==2366==    by 0x159447: set_pwd (in /usr/bin/bash)
==2366==    by 0x15AAEE: initialize_shell_variables (in /usr/bin/bash)
==2366==    by 0x138DC9: ??? (in /usr/bin/bash)
==2366==    by 0x137544: main (in /usr/bin/bash)
==2366== 
==2366== 4 bytes in 1 blocks are still reachable in loss record 22 of 304
==2366==    at 0x483B7F3: malloc (in /usr/lib/x86_64-linux-gnu/valgrind/vgpreload_memcheck-amd64-linux.so)
==2366==    by 0x1984F3: xmalloc (in /usr/bin/bash)
==2366==    by 0x1544D7: ??? (in /usr/bin/bash)
==2366==    by 0x157FCF: ??? (in /usr/bin/bash)
==2366==    by 0x15805C: ??? (in /usr/bin/bash)
==2366==    by 0x15AB65: initialize_shell_variables (in /usr/bin/bash)
==2366==    by 0x138DC9: ??? (in /usr/bin/bash)
==2366==    by 0x137544: main (in /usr/bin/bash)
==2366== 
==2366== 4 bytes in 1 blocks are still reachable in loss record 23 of 304
==2366==    at 0x483B7F3: malloc (in /usr/lib/x86_64-linux-gnu/valgrind/vgpreload_memcheck-amd64-linux.so)
==2366==    by 0x1984F3: xmalloc (in /usr/bin/bash)
==2366==    by 0x157FED: ??? (in /usr/bin/bash)
==2366==    by 0x15805C: ??? (in /usr/bin/bash)
==2366==    by 0x15AB65: initialize_shell_variables (in /usr/bin/bash)
==2366==    by 0x138DC9: ??? (in /usr/bin/bash)
==2366==    by 0x137544: main (in /usr/bin/bash)
==2366== 
==2366== 4 bytes in 1 blocks are still reachable in loss record 24 of 304
==2366==    at 0x483B7F3: malloc (in /usr/lib/x86_64-linux-gnu/valgrind/vgpreload_memcheck-amd64-linux.so)
==2366==    by 0x1984F3: xmalloc (in /usr/bin/bash)
==2366==    by 0x1544D7: ??? (in /usr/bin/bash)
==2366==    by 0x157FCF: ??? (in /usr/bin/bash)
==2366==    by 0x15805C: ??? (in /usr/bin/bash)
==2366==    by 0x15AB7A: initialize_shell_variables (in /usr/bin/bash)
==2366==    by 0x138DC9: ??? (in /usr/bin/bash)
==2366==    by 0x137544: main (in /usr/bin/bash)
==2366== 
==2366== 4 bytes in 1 blocks are still reachable in loss record 25 of 304
==2366==    at 0x483B7F3: malloc (in /usr/lib/x86_64-linux-gnu/valgrind/vgpreload_memcheck-amd64-linux.so)
==2366==    by 0x1984F3: xmalloc (in /usr/bin/bash)
==2366==    by 0x157FED: ??? (in /usr/bin/bash)
==2366==    by 0x15805C: ??? (in /usr/bin/bash)
==2366==    by 0x15AB7A: initialize_shell_variables (in /usr/bin/bash)
==2366==    by 0x138DC9: ??? (in /usr/bin/bash)
==2366==    by 0x137544: main (in /usr/bin/bash)
==2366== 
==2366== 4 bytes in 1 blocks are still reachable in loss record 26 of 304
==2366==    at 0x483B7F3: malloc (in /usr/lib/x86_64-linux-gnu/valgrind/vgpreload_memcheck-amd64-linux.so)
==2366==    by 0x1984F3: xmalloc (in /usr/bin/bash)
==2366==    by 0x156DA1: make_variable_value (in /usr/bin/bash)
==2366==    by 0x15806D: ??? (in /usr/bin/bash)
==2366==    by 0x15AB7A: initialize_shell_variables (in /usr/bin/bash)
==2366==    by 0x138DC9: ??? (in /usr/bin/bash)
==2366==    by 0x137544: main (in /usr/bin/bash)
==2366== 
==2366== 4 bytes in 1 blocks are still reachable in loss record 27 of 304
==2366==    at 0x483B7F3: malloc (in /usr/lib/x86_64-linux-gnu/valgrind/vgpreload_memcheck-amd64-linux.so)
==2366==    by 0x1984F3: xmalloc (in /usr/bin/bash)
==2366==    by 0x1544D7: ??? (in /usr/bin/bash)
==2366==    by 0x157FCF: ??? (in /usr/bin/bash)
==2366==    by 0x15805C: ??? (in /usr/bin/bash)
==2366==    by 0x15B7C8: initialize_shell_variables (in /usr/bin/bash)
==2366==    by 0x138DC9: ??? (in /usr/bin/bash)
==2366==    by 0x137544: main (in /usr/bin/bash)
==2366== 
==2366== 4 bytes in 1 blocks are still reachable in loss record 28 of 304
==2366==    at 0x483B7F3: malloc (in /usr/lib/x86_64-linux-gnu/valgrind/vgpreload_memcheck-amd64-linux.so)
==2366==    by 0x1984F3: xmalloc (in /usr/bin/bash)
==2366==    by 0x157FED: ??? (in /usr/bin/bash)
==2366==    by 0x15805C: ??? (in /usr/bin/bash)
==2366==    by 0x15B7C8: initialize_shell_variables (in /usr/bin/bash)
==2366==    by 0x138DC9: ??? (in /usr/bin/bash)
==2366==    by 0x137544: main (in /usr/bin/bash)
==2366== 
==2366== 5 bytes in 1 blocks are still reachable in loss record 29 of 304
==2366==    at 0x483B7F3: malloc (in /usr/lib/x86_64-linux-gnu/valgrind/vgpreload_memcheck-amd64-linux.so)
==2366==    by 0x1984F3: xmalloc (in /usr/bin/bash)
==2366==    by 0x1544D7: ??? (in /usr/bin/bash)
==2366==    by 0x157FCF: ??? (in /usr/bin/bash)
==2366==    by 0x15805C: ??? (in /usr/bin/bash)
==2366==    by 0x15AB1F: initialize_shell_variables (in /usr/bin/bash)
==2366==    by 0x138DC9: ??? (in /usr/bin/bash)
==2366==    by 0x137544: main (in /usr/bin/bash)
==2366== 
==2366== 5 bytes in 1 blocks are still reachable in loss record 30 of 304
==2366==    at 0x483B7F3: malloc (in /usr/lib/x86_64-linux-gnu/valgrind/vgpreload_memcheck-amd64-linux.so)
==2366==    by 0x1984F3: xmalloc (in /usr/bin/bash)
==2366==    by 0x157FED: ??? (in /usr/bin/bash)
==2366==    by 0x15805C: ??? (in /usr/bin/bash)
==2366==    by 0x15AB1F: initialize_shell_variables (in /usr/bin/bash)
==2366==    by 0x138DC9: ??? (in /usr/bin/bash)
==2366==    by 0x137544: main (in /usr/bin/bash)
==2366== 
==2366== 5 bytes in 1 blocks are still reachable in loss record 31 of 304
==2366==    at 0x483B7F3: malloc (in /usr/lib/x86_64-linux-gnu/valgrind/vgpreload_memcheck-amd64-linux.so)
==2366==    by 0x1984F3: xmalloc (in /usr/bin/bash)
==2366==    by 0x1544D7: ??? (in /usr/bin/bash)
==2366==    by 0x157FCF: ??? (in /usr/bin/bash)
==2366==    by 0x15805C: ??? (in /usr/bin/bash)
==2366==    by 0x15AB32: initialize_shell_variables (in /usr/bin/bash)
==2366==    by 0x138DC9: ??? (in /usr/bin/bash)
==2366==    by 0x137544: main (in /usr/bin/bash)
==2366== 
==2366== 5 bytes in 1 blocks are still reachable in loss record 32 of 304
==2366==    at 0x483B7F3: malloc (in /usr/lib/x86_64-linux-gnu/valgrind/vgpreload_memcheck-amd64-linux.so)
==2366==    by 0x1984F3: xmalloc (in /usr/bin/bash)
==2366==    by 0x157FED: ??? (in /usr/bin/bash)
==2366==    by 0x15805C: ??? (in /usr/bin/bash)
==2366==    by 0x15AB32: initialize_shell_variables (in /usr/bin/bash)
==2366==    by 0x138DC9: ??? (in /usr/bin/bash)
==2366==    by 0x137544: main (in /usr/bin/bash)
==2366== 
==2366== 5 bytes in 1 blocks are still reachable in loss record 33 of 304
==2366==    at 0x483B7F3: malloc (in /usr/lib/x86_64-linux-gnu/valgrind/vgpreload_memcheck-amd64-linux.so)
==2366==    by 0x1984F3: xmalloc (in /usr/bin/bash)
==2366==    by 0x156DA1: make_variable_value (in /usr/bin/bash)
==2366==    by 0x15806D: ??? (in /usr/bin/bash)
==2366==    by 0x15AB32: initialize_shell_variables (in /usr/bin/bash)
==2366==    by 0x138DC9: ??? (in /usr/bin/bash)
==2366==    by 0x137544: main (in /usr/bin/bash)
==2366== 
==2366== 5 bytes in 1 blocks are still reachable in loss record 34 of 304
==2366==    at 0x483B7F3: malloc (in /usr/lib/x86_64-linux-gnu/valgrind/vgpreload_memcheck-amd64-linux.so)
==2366==    by 0x1984F3: xmalloc (in /usr/bin/bash)
==2366==    by 0x1544D7: ??? (in /usr/bin/bash)
==2366==    by 0x157FCF: ??? (in /usr/bin/bash)
==2366==    by 0x15805C: ??? (in /usr/bin/bash)
==2366==    by 0x159628: set_ppid (in /usr/bin/bash)
==2366==    by 0x15AC15: initialize_shell_variables (in /usr/bin/bash)
==2366==    by 0x138DC9: ??? (in /usr/bin/bash)
==2366==    by 0x137544: main (in /usr/bin/bash)
==2366== 
==2366== 5 bytes in 1 blocks are still reachable in loss record 35 of 304
==2366==    at 0x483B7F3: malloc (in /usr/lib/x86_64-linux-gnu/valgrind/vgpreload_memcheck-amd64-linux.so)
==2366==    by 0x1984F3: xmalloc (in /usr/bin/bash)
==2366==    by 0x157FED: ??? (in /usr/bin/bash)
==2366==    by 0x15805C: ??? (in /usr/bin/bash)
==2366==    by 0x159628: set_ppid (in /usr/bin/bash)
==2366==    by 0x15AC15: initialize_shell_variables (in /usr/bin/bash)
==2366==    by 0x138DC9: ??? (in /usr/bin/bash)
==2366==    by 0x137544: main (in /usr/bin/bash)
==2366== 
==2366== 5 bytes in 1 blocks are still reachable in loss record 36 of 304
==2366==    at 0x483B7F3: malloc (in /usr/lib/x86_64-linux-gnu/valgrind/vgpreload_memcheck-amd64-linux.so)
==2366==    by 0x1984F3: xmalloc (in /usr/bin/bash)
==2366==    by 0x156DA1: make_variable_value (in /usr/bin/bash)
==2366==    by 0x15806D: ??? (in /usr/bin/bash)
==2366==    by 0x159628: set_ppid (in /usr/bin/bash)
==2366==    by 0x15AC15: initialize_shell_variables (in /usr/bin/bash)
==2366==    by 0x138DC9: ??? (in /usr/bin/bash)
==2366==    by 0x137544: main (in /usr/bin/bash)
==2366== 
==2366== 5 bytes in 1 blocks are still reachable in loss record 37 of 304
==2366==    at 0x483B7F3: malloc (in /usr/lib/x86_64-linux-gnu/valgrind/vgpreload_memcheck-amd64-linux.so)
==2366==    by 0x1984F3: xmalloc (in /usr/bin/bash)
==2366==    by 0x1544D7: ??? (in /usr/bin/bash)
==2366==    by 0x157FCF: ??? (in /usr/bin/bash)
==2366==    by 0x15805C: ??? (in /usr/bin/bash)
==2366==    by 0x15AE90: initialize_shell_variables (in /usr/bin/bash)
==2366==    by 0x138DC9: ??? (in /usr/bin/bash)
==2366==    by 0x137544: main (in /usr/bin/bash)
==2366== 
==2366== 5 bytes in 1 blocks are still reachable in loss record 38 of 304
==2366==    at 0x483B7F3: malloc (in /usr/lib/x86_64-linux-gnu/valgrind/vgpreload_memcheck-amd64-linux.so)
==2366==    by 0x1984F3: xmalloc (in /usr/bin/bash)
==2366==    by 0x157FED: ??? (in /usr/bin/bash)
==2366==    by 0x15805C: ??? (in /usr/bin/bash)
==2366==    by 0x15AE90: initialize_shell_variables (in /usr/bin/bash)
==2366==    by 0x138DC9: ??? (in /usr/bin/bash)
==2366==    by 0x137544: main (in /usr/bin/bash)
==2366== 
==2366== 5 bytes in 1 blocks are still reachable in loss record 39 of 304
==2366==    at 0x483B7F3: malloc (in /usr/lib/x86_64-linux-gnu/valgrind/vgpreload_memcheck-amd64-linux.so)
==2366==    by 0x1984F3: xmalloc (in /usr/bin/bash)
==2366==    by 0x138C10: ??? (in /usr/bin/bash)
==2366==    by 0x15B81C: initialize_shell_variables (in /usr/bin/bash)
==2366==    by 0x138DC9: ??? (in /usr/bin/bash)
==2366==    by 0x137544: main (in /usr/bin/bash)
==2366== 
==2366== 5 bytes in 1 blocks are still reachable in loss record 40 of 304
==2366==    at 0x483B7F3: malloc (in /usr/lib/x86_64-linux-gnu/valgrind/vgpreload_memcheck-amd64-linux.so)
==2366==    by 0x1984F3: xmalloc (in /usr/bin/bash)
==2366==    by 0x1544D7: ??? (in /usr/bin/bash)
==2366==    by 0x157FCF: ??? (in /usr/bin/bash)
==2366==    by 0x15805C: ??? (in /usr/bin/bash)
==2366==    by 0x15B7AE: initialize_shell_variables (in /usr/bin/bash)
==2366==    by 0x138DC9: ??? (in /usr/bin/bash)
==2366==    by 0x137544: main (in /usr/bin/bash)
==2366== 
==2366== 5 bytes in 1 blocks are still reachable in loss record 41 of 304
==2366==    at 0x483B7F3: malloc (in /usr/lib/x86_64-linux-gnu/valgrind/vgpreload_memcheck-amd64-linux.so)
==2366==    by 0x1984F3: xmalloc (in /usr/bin/bash)
==2366==    by 0x157FED: ??? (in /usr/bin/bash)
==2366==    by 0x15805C: ??? (in /usr/bin/bash)
==2366==    by 0x15B7AE: initialize_shell_variables (in /usr/bin/bash)
==2366==    by 0x138DC9: ??? (in /usr/bin/bash)
==2366==    by 0x137544: main (in /usr/bin/bash)
==2366== 
==2366== 5 bytes in 1 blocks are still reachable in loss record 42 of 304
==2366==    at 0x483B7F3: malloc (in /usr/lib/x86_64-linux-gnu/valgrind/vgpreload_memcheck-amd64-linux.so)
==2366==    by 0x1984F3: xmalloc (in /usr/bin/bash)
==2366==    by 0x183473: array_create_element (in /usr/bin/bash)
==2366==    by 0x18367F: ??? (in /usr/bin/bash)
==2366==    by 0x137CCD: main (in /usr/bin/bash)
==2366== 
==2366== 6 bytes in 1 blocks are still reachable in loss record 43 of 304
==2366==    at 0x483B7F3: malloc (in /usr/lib/x86_64-linux-gnu/valgrind/vgpreload_memcheck-amd64-linux.so)
==2366==    by 0x1984F3: xmalloc (in /usr/bin/bash)
==2366==    by 0x1544D7: ??? (in /usr/bin/bash)
==2366==    by 0x157FCF: ??? (in /usr/bin/bash)
==2366==    by 0x15805C: ??? (in /usr/bin/bash)
==2366==    by 0x15929E: adjust_shell_level (in /usr/bin/bash)
==2366==    by 0x15AC10: initialize_shell_variables (in /usr/bin/bash)
==2366==    by 0x138DC9: ??? (in /usr/bin/bash)
==2366==    by 0x137544: main (in /usr/bin/bash)
==2366== 
==2366== 6 bytes in 1 blocks are still reachable in loss record 44 of 304
==2366==    at 0x483B7F3: malloc (in /usr/lib/x86_64-linux-gnu/valgrind/vgpreload_memcheck-amd64-linux.so)
==2366==    by 0x1984F3: xmalloc (in /usr/bin/bash)
==2366==    by 0x157FED: ??? (in /usr/bin/bash)
==2366==    by 0x15805C: ??? (in /usr/bin/bash)
==2366==    by 0x15929E: adjust_shell_level (in /usr/bin/bash)
==2366==    by 0x15AC10: initialize_shell_variables (in /usr/bin/bash)
==2366==    by 0x138DC9: ??? (in /usr/bin/bash)
==2366==    by 0x137544: main (in /usr/bin/bash)
==2366== 
==2366== 6 bytes in 1 blocks are still reachable in loss record 45 of 304
==2366==    at 0x483B7F3: malloc (in /usr/lib/x86_64-linux-gnu/valgrind/vgpreload_memcheck-amd64-linux.so)
==2366==    by 0x1984F3: xmalloc (in /usr/bin/bash)
==2366==    by 0x138C68: ??? (in /usr/bin/bash)
==2366==    by 0x15B81C: initialize_shell_variables (in /usr/bin/bash)
==2366==    by 0x138DC9: ??? (in /usr/bin/bash)
==2366==    by 0x137544: main (in /usr/bin/bash)
==2366== 
==2366== 6 bytes in 1 blocks are still reachable in loss record 46 of 304
==2366==    at 0x483B7F3: malloc (in /usr/lib/x86_64-linux-gnu/valgrind/vgpreload_memcheck-amd64-linux.so)
==2366==    by 0x1984F3: xmalloc (in /usr/bin/bash)
==2366==    by 0x1544D7: ??? (in /usr/bin/bash)
==2366==    by 0x157FCF: ??? (in /usr/bin/bash)
==2366==    by 0x15805C: ??? (in /usr/bin/bash)
==2366==    by 0x15B635: initialize_shell_variables (in /usr/bin/bash)
==2366==    by 0x138DC9: ??? (in /usr/bin/bash)
==2366==    by 0x137544: main (in /usr/bin/bash)
==2366== 
==2366== 6 bytes in 1 blocks are still reachable in loss record 47 of 304
==2366==    at 0x483B7F3: malloc (in /usr/lib/x86_64-linux-gnu/valgrind/vgpreload_memcheck-amd64-linux.so)
==2366==    by 0x1984F3: xmalloc (in /usr/bin/bash)
==2366==    by 0x157FED: ??? (in /usr/bin/bash)
==2366==    by 0x15805C: ??? (in /usr/bin/bash)
==2366==    by 0x15B635: initialize_shell_variables (in /usr/bin/bash)
==2366==    by 0x138DC9: ??? (in /usr/bin/bash)
==2366==    by 0x137544: main (in /usr/bin/bash)
==2366== 
==2366== 7 bytes in 1 blocks are still reachable in loss record 48 of 304
==2366==    at 0x483B7F3: malloc (in /usr/lib/x86_64-linux-gnu/valgrind/vgpreload_memcheck-amd64-linux.so)
==2366==    by 0x1984F3: xmalloc (in /usr/bin/bash)
==2366==    by 0x1544D7: ??? (in /usr/bin/bash)
==2366==    by 0x157FCF: ??? (in /usr/bin/bash)
==2366==    by 0x15805C: ??? (in /usr/bin/bash)
==2366==    by 0x159490: set_pwd (in /usr/bin/bash)
==2366==    by 0x15AAEE: initialize_shell_variables (in /usr/bin/bash)
==2366==    by 0x138DC9: ??? (in /usr/bin/bash)
==2366==    by 0x137544: main (in /usr/bin/bash)
==2366== 
==2366== 7 bytes in 1 blocks are still reachable in loss record 49 of 304
==2366==    at 0x483B7F3: malloc (in /usr/lib/x86_64-linux-gnu/valgrind/vgpreload_memcheck-amd64-linux.so)
==2366==    by 0x1984F3: xmalloc (in /usr/bin/bash)
==2366==    by 0x157FED: ??? (in /usr/bin/bash)
==2366==    by 0x15805C: ??? (in /usr/bin/bash)
==2366==    by 0x159490: set_pwd (in /usr/bin/bash)
==2366==    by 0x15AAEE: initialize_shell_variables (in /usr/bin/bash)
==2366==    by 0x138DC9: ??? (in /usr/bin/bash)
==2366==    by 0x137544: main (in /usr/bin/bash)
==2366== 
==2366== 7 bytes in 1 blocks are still reachable in loss record 50 of 304
==2366==    at 0x483B7F3: malloc (in /usr/lib/x86_64-linux-gnu/valgrind/vgpreload_memcheck-amd64-linux.so)
==2366==    by 0x1984F3: xmalloc (in /usr/bin/bash)
==2366==    by 0x156DA1: make_variable_value (in /usr/bin/bash)
==2366==    by 0x15806D: ??? (in /usr/bin/bash)
==2366==    by 0x15AB95: initialize_shell_variables (in /usr/bin/bash)
==2366==    by 0x138DC9: ??? (in /usr/bin/bash)
==2366==    by 0x137544: main (in /usr/bin/bash)
==2366== 
==2366== 7 bytes in 1 blocks are still reachable in loss record 51 of 304
==2366==    at 0x483B7F3: malloc (in /usr/lib/x86_64-linux-gnu/valgrind/vgpreload_memcheck-amd64-linux.so)
==2366==    by 0x1984F3: xmalloc (in /usr/bin/bash)
==2366==    by 0x1544D7: ??? (in /usr/bin/bash)
==2366==    by 0x157FCF: ??? (in /usr/bin/bash)
==2366==    by 0x15805C: ??? (in /usr/bin/bash)
==2366==    by 0x15ABA8: initialize_shell_variables (in /usr/bin/bash)
==2366==    by 0x138DC9: ??? (in /usr/bin/bash)
==2366==    by 0x137544: main (in /usr/bin/bash)
==2366== 
==2366== 7 bytes in 1 blocks are still reachable in loss record 52 of 304
==2366==    at 0x483B7F3: malloc (in /usr/lib/x86_64-linux-gnu/valgrind/vgpreload_memcheck-amd64-linux.so)
==2366==    by 0x1984F3: xmalloc (in /usr/bin/bash)
==2366==    by 0x157FED: ??? (in /usr/bin/bash)
==2366==    by 0x15805C: ??? (in /usr/bin/bash)
==2366==    by 0x15ABA8: initialize_shell_variables (in /usr/bin/bash)
==2366==    by 0x138DC9: ??? (in /usr/bin/bash)
==2366==    by 0x137544: main (in /usr/bin/bash)
==2366== 
==2366== 7 bytes in 1 blocks are still reachable in loss record 53 of 304
==2366==    at 0x483B7F3: malloc (in /usr/lib/x86_64-linux-gnu/valgrind/vgpreload_memcheck-amd64-linux.so)
==2366==    by 0x1984F3: xmalloc (in /usr/bin/bash)
==2366==    by 0x1544D7: ??? (in /usr/bin/bash)
==2366==    by 0x157FCF: ??? (in /usr/bin/bash)
==2366==    by 0x15805C: ??? (in /usr/bin/bash)
==2366==    by 0x15AC2A: initialize_shell_variables (in /usr/bin/bash)
==2366==    by 0x138DC9: ??? (in /usr/bin/bash)
==2366==    by 0x137544: main (in /usr/bin/bash)
==2366== 
==2366== 7 bytes in 1 blocks are still reachable in loss record 54 of 304
==2366==    at 0x483B7F3: malloc (in /usr/lib/x86_64-linux-gnu/valgrind/vgpreload_memcheck-amd64-linux.so)
==2366==    by 0x1984F3: xmalloc (in /usr/bin/bash)
==2366==    by 0x157FED: ??? (in /usr/bin/bash)
==2366==    by 0x15805C: ??? (in /usr/bin/bash)
==2366==    by 0x15AC2A: initialize_shell_variables (in /usr/bin/bash)
==2366==    by 0x138DC9: ??? (in /usr/bin/bash)
==2366==    by 0x137544: main (in /usr/bin/bash)
==2366== 
==2366== 7 bytes in 1 blocks are still reachable in loss record 55 of 304
==2366==    at 0x483B7F3: malloc (in /usr/lib/x86_64-linux-gnu/valgrind/vgpreload_memcheck-amd64-linux.so)
==2366==    by 0x1984F3: xmalloc (in /usr/bin/bash)
==2366==    by 0x1544D7: ??? (in /usr/bin/bash)
==2366==    by 0x157FCF: ??? (in /usr/bin/bash)
==2366==    by 0x15805C: ??? (in /usr/bin/bash)
==2366==    by 0x15AC4A: initialize_shell_variables (in /usr/bin/bash)
==2366==    by 0x138DC9: ??? (in /usr/bin/bash)
==2366==    by 0x137544: main (in /usr/bin/bash)
==2366== 
==2366== 7 bytes in 1 blocks are still reachable in loss record 56 of 304
==2366==    at 0x483B7F3: malloc (in /usr/lib/x86_64-linux-gnu/valgrind/vgpreload_memcheck-amd64-linux.so)
==2366==    by 0x1984F3: xmalloc (in /usr/bin/bash)
==2366==    by 0x157FED: ??? (in /usr/bin/bash)
==2366==    by 0x15805C: ??? (in /usr/bin/bash)
==2366==    by 0x15AC4A: initialize_shell_variables (in /usr/bin/bash)
==2366==    by 0x138DC9: ??? (in /usr/bin/bash)
==2366==    by 0x137544: main (in /usr/bin/bash)
==2366== 
==2366== 7 bytes in 1 blocks are still reachable in loss record 57 of 304
==2366==    at 0x483B7F3: malloc (in /usr/lib/x86_64-linux-gnu/valgrind/vgpreload_memcheck-amd64-linux.so)
==2366==    by 0x1984F3: xmalloc (in /usr/bin/bash)
==2366==    by 0x1544D7: ??? (in /usr/bin/bash)
==2366==    by 0x157FCF: ??? (in /usr/bin/bash)
==2366==    by 0x15805C: ??? (in /usr/bin/bash)
==2366==    by 0x15B1AE: initialize_shell_variables (in /usr/bin/bash)
==2366==    by 0x138DC9: ??? (in /usr/bin/bash)
==2366==    by 0x137544: main (in /usr/bin/bash)
==2366== 
==2366== 7 bytes in 1 blocks are still reachable in loss record 58 of 304
==2366==    at 0x483B7F3: malloc (in /usr/lib/x86_64-linux-gnu/valgrind/vgpreload_memcheck-amd64-linux.so)
==2366==    by 0x1984F3: xmalloc (in /usr/bin/bash)
==2366==    by 0x157FED: ??? (in /usr/bin/bash)
==2366==    by 0x15805C: ??? (in /usr/bin/bash)
==2366==    by 0x15B1AE: initialize_shell_variables (in /usr/bin/bash)
==2366==    by 0x138DC9: ??? (in /usr/bin/bash)
==2366==    by 0x137544: main (in /usr/bin/bash)
==2366== 
==2366== 7 bytes in 1 blocks are still reachable in loss record 59 of 304
==2366==    at 0x483B7F3: malloc (in /usr/lib/x86_64-linux-gnu/valgrind/vgpreload_memcheck-amd64-linux.so)
==2366==    by 0x1984F3: xmalloc (in /usr/bin/bash)
==2366==    by 0x1544D7: ??? (in /usr/bin/bash)
==2366==    by 0x157FCF: ??? (in /usr/bin/bash)
==2366==    by 0x15805C: ??? (in /usr/bin/bash)
==2366==    by 0x15B1D8: initialize_shell_variables (in /usr/bin/bash)
==2366==    by 0x138DC9: ??? (in /usr/bin/bash)
==2366==    by 0x137544: main (in /usr/bin/bash)
==2366== 
==2366== 7 bytes in 1 blocks are still reachable in loss record 60 of 304
==2366==    at 0x483B7F3: malloc (in /usr/lib/x86_64-linux-gnu/valgrind/vgpreload_memcheck-amd64-linux.so)
==2366==    by 0x1984F3: xmalloc (in /usr/bin/bash)
==2366==    by 0x157FED: ??? (in /usr/bin/bash)
==2366==    by 0x15805C: ??? (in /usr/bin/bash)
==2366==    by 0x15B1D8: initialize_shell_variables (in /usr/bin/bash)
==2366==    by 0x138DC9: ??? (in /usr/bin/bash)
==2366==    by 0x137544: main (in /usr/bin/bash)
==2366== 
==2366== 7 bytes in 1 blocks are still reachable in loss record 61 of 304
==2366==    at 0x483B7F3: malloc (in /usr/lib/x86_64-linux-gnu/valgrind/vgpreload_memcheck-amd64-linux.so)
==2366==    by 0x1984F3: xmalloc (in /usr/bin/bash)
==2366==    by 0x1544D7: ??? (in /usr/bin/bash)
==2366==    by 0x157FCF: ??? (in /usr/bin/bash)
==2366==    by 0x158D55: make_new_array_variable (in /usr/bin/bash)
==2366==    by 0x158DA7: ??? (in /usr/bin/bash)
==2366==    by 0x15B2EC: initialize_shell_variables (in /usr/bin/bash)
==2366==    by 0x138DC9: ??? (in /usr/bin/bash)
==2366==    by 0x137544: main (in /usr/bin/bash)
==2366== 
==2366== 7 bytes in 1 blocks are still reachable in loss record 62 of 304
==2366==    at 0x483B7F3: malloc (in /usr/lib/x86_64-linux-gnu/valgrind/vgpreload_memcheck-amd64-linux.so)
==2366==    by 0x1984F3: xmalloc (in /usr/bin/bash)
==2366==    by 0x157FED: ??? (in /usr/bin/bash)
==2366==    by 0x158D55: make_new_array_variable (in /usr/bin/bash)
==2366==    by 0x158DA7: ??? (in /usr/bin/bash)
==2366==    by 0x15B2EC: initialize_shell_variables (in /usr/bin/bash)
==2366==    by 0x138DC9: ??? (in /usr/bin/bash)
==2366==    by 0x137544: main (in /usr/bin/bash)
==2366== 
==2366== 8 bytes in 1 blocks are still reachable in loss record 63 of 304
==2366==    at 0x483B7F3: malloc (in /usr/lib/x86_64-linux-gnu/valgrind/vgpreload_memcheck-amd64-linux.so)
==2366==    by 0x1984F3: xmalloc (in /usr/bin/bash)
==2366==    by 0x183473: array_create_element (in /usr/bin/bash)
==2366==    by 0x183987: array_insert (in /usr/bin/bash)
==2366==    by 0x15AF95: initialize_shell_variables (in /usr/bin/bash)
==2366==    by 0x138DC9: ??? (in /usr/bin/bash)
==2366==    by 0x137544: main (in /usr/bin/bash)
==2366== 
==2366== 8 bytes in 1 blocks are still reachable in loss record 64 of 304
==2366==    at 0x483B7F3: malloc (in /usr/lib/x86_64-linux-gnu/valgrind/vgpreload_memcheck-amd64-linux.so)
==2366==    by 0x1984F3: xmalloc (in /usr/bin/bash)
==2366==    by 0x1544D7: ??? (in /usr/bin/bash)
==2366==    by 0x157FCF: ??? (in /usr/bin/bash)
==2366==    by 0x15805C: ??? (in /usr/bin/bash)
==2366==    by 0x15B112: initialize_shell_variables (in /usr/bin/bash)
==2366==    by 0x138DC9: ??? (in /usr/bin/bash)
==2366==    by 0x137544: main (in /usr/bin/bash)
==2366== 
==2366== 8 bytes in 1 blocks are still reachable in loss record 65 of 304
==2366==    at 0x483B7F3: malloc (in /usr/lib/x86_64-linux-gnu/valgrind/vgpreload_memcheck-amd64-linux.so)
==2366==    by 0x1984F3: xmalloc (in /usr/bin/bash)
==2366==    by 0x157FED: ??? (in /usr/bin/bash)
==2366==    by 0x15805C: ??? (in /usr/bin/bash)
==2366==    by 0x15B112: initialize_shell_variables (in /usr/bin/bash)
==2366==    by 0x138DC9: ??? (in /usr/bin/bash)
==2366==    by 0x137544: main (in /usr/bin/bash)
==2366== 
==2366== 8 bytes in 1 blocks are still reachable in loss record 66 of 304
==2366==    at 0x483B7F3: malloc (in /usr/lib/x86_64-linux-gnu/valgrind/vgpreload_memcheck-amd64-linux.so)
==2366==    by 0x1984F3: xmalloc (in /usr/bin/bash)
==2366==    by 0x1544D7: ??? (in /usr/bin/bash)
==2366==    by 0x157FCF: ??? (in /usr/bin/bash)
==2366==    by 0x15805C: ??? (in /usr/bin/bash)
==2366==    by 0x15B205: initialize_shell_variables (in /usr/bin/bash)
==2366==    by 0x138DC9: ??? (in /usr/bin/bash)
==2366==    by 0x137544: main (in /usr/bin/bash)
==2366== 
==2366== 8 bytes in 1 blocks are still reachable in loss record 67 of 304
==2366==    at 0x483B7F3: malloc (in /usr/lib/x86_64-linux-gnu/valgrind/vgpreload_memcheck-amd64-linux.so)
==2366==    by 0x1984F3: xmalloc (in /usr/bin/bash)
==2366==    by 0x157FED: ??? (in /usr/bin/bash)
==2366==    by 0x15805C: ??? (in /usr/bin/bash)
==2366==    by 0x15B205: initialize_shell_variables (in /usr/bin/bash)
==2366==    by 0x138DC9: ??? (in /usr/bin/bash)
==2366==    by 0x137544: main (in /usr/bin/bash)
==2366== 
==2366== 8 bytes in 1 blocks are still reachable in loss record 68 of 304
==2366==    at 0x483B7F3: malloc (in /usr/lib/x86_64-linux-gnu/valgrind/vgpreload_memcheck-amd64-linux.so)
==2366==    by 0x1984F3: xmalloc (in /usr/bin/bash)
==2366==    by 0x1544D7: ??? (in /usr/bin/bash)
==2366==    by 0x157FCF: ??? (in /usr/bin/bash)
==2366==    by 0x15805C: ??? (in /usr/bin/bash)
==2366==    by 0x15B27B: initialize_shell_variables (in /usr/bin/bash)
==2366==    by 0x138DC9: ??? (in /usr/bin/bash)
==2366==    by 0x137544: main (in /usr/bin/bash)
==2366== 
==2366== 8 bytes in 1 blocks are still reachable in loss record 69 of 304
==2366==    at 0x483B7F3: malloc (in /usr/lib/x86_64-linux-gnu/valgrind/vgpreload_memcheck-amd64-linux.so)
==2366==    by 0x1984F3: xmalloc (in /usr/bin/bash)
==2366==    by 0x157FED: ??? (in /usr/bin/bash)
==2366==    by 0x15805C: ??? (in /usr/bin/bash)
==2366==    by 0x15B27B: initialize_shell_variables (in /usr/bin/bash)
==2366==    by 0x138DC9: ??? (in /usr/bin/bash)
==2366==    by 0x137544: main (in /usr/bin/bash)
==2366== 
==2366== 9 bytes in 1 blocks are still reachable in loss record 70 of 304
==2366==    at 0x483B7F3: malloc (in /usr/lib/x86_64-linux-gnu/valgrind/vgpreload_memcheck-amd64-linux.so)
==2366==    by 0x1984F3: xmalloc (in /usr/bin/bash)
==2366==    by 0x1544D7: ??? (in /usr/bin/bash)
==2366==    by 0x157FCF: ??? (in /usr/bin/bash)
==2366==    by 0x15805C: ??? (in /usr/bin/bash)
==2366==    by 0x15AB95: initialize_shell_variables (in /usr/bin/bash)
==2366==    by 0x138DC9: ??? (in /usr/bin/bash)
==2366==    by 0x137544: main (in /usr/bin/bash)
==2366== 
==2366== 9 bytes in 1 blocks are still reachable in loss record 71 of 304
==2366==    at 0x483B7F3: malloc (in /usr/lib/x86_64-linux-gnu/valgrind/vgpreload_memcheck-amd64-linux.so)
==2366==    by 0x1984F3: xmalloc (in /usr/bin/bash)
==2366==    by 0x157FED: ??? (in /usr/bin/bash)
==2366==    by 0x15805C: ??? (in /usr/bin/bash)
==2366==    by 0x15AB95: initialize_shell_variables (in /usr/bin/bash)
==2366==    by 0x138DC9: ??? (in /usr/bin/bash)
==2366==    by 0x137544: main (in /usr/bin/bash)
==2366== 
==2366== 9 bytes in 1 blocks are still reachable in loss record 72 of 304
==2366==    at 0x483B7F3: malloc (in /usr/lib/x86_64-linux-gnu/valgrind/vgpreload_memcheck-amd64-linux.so)
==2366==    by 0x1984F3: xmalloc (in /usr/bin/bash)
==2366==    by 0x1544D7: ??? (in /usr/bin/bash)
==2366==    by 0x157FCF: ??? (in /usr/bin/bash)
==2366==    by 0x15805C: ??? (in /usr/bin/bash)
==2366==    by 0x15ABBB: initialize_shell_variables (in /usr/bin/bash)
==2366==    by 0x138DC9: ??? (in /usr/bin/bash)
==2366==    by 0x137544: main (in /usr/bin/bash)
==2366== 
==2366== 9 bytes in 1 blocks are still reachable in loss record 73 of 304
==2366==    at 0x483B7F3: malloc (in /usr/lib/x86_64-linux-gnu/valgrind/vgpreload_memcheck-amd64-linux.so)
==2366==    by 0x1984F3: xmalloc (in /usr/bin/bash)
==2366==    by 0x157FED: ??? (in /usr/bin/bash)
==2366==    by 0x15805C: ??? (in /usr/bin/bash)
==2366==    by 0x15ABBB: initialize_shell_variables (in /usr/bin/bash)
==2366==    by 0x138DC9: ??? (in /usr/bin/bash)
==2366==    by 0x137544: main (in /usr/bin/bash)
==2366== 
==2366== 9 bytes in 1 blocks are still reachable in loss record 74 of 304
==2366==    at 0x483B7F3: malloc (in /usr/lib/x86_64-linux-gnu/valgrind/vgpreload_memcheck-amd64-linux.so)
==2366==    by 0x1984F3: xmalloc (in /usr/bin/bash)
==2366==    by 0x1544D7: ??? (in /usr/bin/bash)
==2366==    by 0x157FCF: ??? (in /usr/bin/bash)
==2366==    by 0x15805C: ??? (in /usr/bin/bash)
==2366==    by 0x15ABCE: initialize_shell_variables (in /usr/bin/bash)
==2366==    by 0x138DC9: ??? (in /usr/bin/bash)
==2366==    by 0x137544: main (in /usr/bin/bash)
==2366== 
==2366== 9 bytes in 1 blocks are still reachable in loss record 75 of 304
==2366==    at 0x483B7F3: malloc (in /usr/lib/x86_64-linux-gnu/valgrind/vgpreload_memcheck-amd64-linux.so)
==2366==    by 0x1984F3: xmalloc (in /usr/bin/bash)
==2366==    by 0x157FED: ??? (in /usr/bin/bash)
==2366==    by 0x15805C: ??? (in /usr/bin/bash)
==2366==    by 0x15ABCE: initialize_shell_variables (in /usr/bin/bash)
==2366==    by 0x138DC9: ??? (in /usr/bin/bash)
==2366==    by 0x137544: main (in /usr/bin/bash)
==2366== 
==2366== 9 bytes in 1 blocks are still reachable in loss record 76 of 304
==2366==    at 0x483B7F3: malloc (in /usr/lib/x86_64-linux-gnu/valgrind/vgpreload_memcheck-amd64-linux.so)
==2366==    by 0x1984F3: xmalloc (in /usr/bin/bash)
==2366==    by 0x1544D7: ??? (in /usr/bin/bash)
==2366==    by 0x157FCF: ??? (in /usr/bin/bash)
==2366==    by 0x158D55: make_new_array_variable (in /usr/bin/bash)
==2366==    by 0x158DA7: ??? (in /usr/bin/bash)
==2366==    by 0x15B2CD: initialize_shell_variables (in /usr/bin/bash)
==2366==    by 0x138DC9: ??? (in /usr/bin/bash)
==2366==    by 0x137544: main (in /usr/bin/bash)
==2366== 
==2366== 9 bytes in 1 blocks are still reachable in loss record 77 of 304
==2366==    at 0x483B7F3: malloc (in /usr/lib/x86_64-linux-gnu/valgrind/vgpreload_memcheck-amd64-linux.so)
==2366==    by 0x1984F3: xmalloc (in /usr/bin/bash)
==2366==    by 0x157FED: ??? (in /usr/bin/bash)
==2366==    by 0x158D55: make_new_array_variable (in /usr/bin/bash)
==2366==    by 0x158DA7: ??? (in /usr/bin/bash)
==2366==    by 0x15B2CD: initialize_shell_variables (in /usr/bin/bash)
==2366==    by 0x138DC9: ??? (in /usr/bin/bash)
==2366==    by 0x137544: main (in /usr/bin/bash)
==2366== 
==2366== 9 bytes in 1 blocks are still reachable in loss record 78 of 304
==2366==    at 0x483B7F3: malloc (in /usr/lib/x86_64-linux-gnu/valgrind/vgpreload_memcheck-amd64-linux.so)
==2366==    by 0x1984F3: xmalloc (in /usr/bin/bash)
==2366==    by 0x1544D7: ??? (in /usr/bin/bash)
==2366==    by 0x157FCF: ??? (in /usr/bin/bash)
==2366==    by 0x158D55: make_new_array_variable (in /usr/bin/bash)
==2366==    by 0x15B64D: initialize_shell_variables (in /usr/bin/bash)
==2366==    by 0x138DC9: ??? (in /usr/bin/bash)
==2366==    by 0x137544: main (in /usr/bin/bash)
==2366== 
==2366== 9 bytes in 1 blocks are still reachable in loss record 79 of 304
==2366==    at 0x483B7F3: malloc (in /usr/lib/x86_64-linux-gnu/valgrind/vgpreload_memcheck-amd64-linux.so)
==2366==    by 0x1984F3: xmalloc (in /usr/bin/bash)
==2366==    by 0x157FED: ??? (in /usr/bin/bash)
==2366==    by 0x158D55: make_new_array_variable (in /usr/bin/bash)
==2366==    by 0x15B64D: initialize_shell_variables (in /usr/bin/bash)
==2366==    by 0x138DC9: ??? (in /usr/bin/bash)
==2366==    by 0x137544: main (in /usr/bin/bash)
==2366== 
==2366== 9 bytes in 1 blocks are still reachable in loss record 80 of 304
==2366==    at 0x483B7F3: malloc (in /usr/lib/x86_64-linux-gnu/valgrind/vgpreload_memcheck-amd64-linux.so)
==2366==    by 0x1984F3: xmalloc (in /usr/bin/bash)
==2366==    by 0x1544D7: ??? (in /usr/bin/bash)
==2366==    by 0x157FCF: ??? (in /usr/bin/bash)
==2366==    by 0x15805C: ??? (in /usr/bin/bash)
==2366==    by 0x1AC4B0: set_bashopts (in /usr/bin/bash)
==2366==    by 0x138E1C: ??? (in /usr/bin/bash)
==2366==    by 0x137544: main (in /usr/bin/bash)
==2366== 
==2366== 9 bytes in 1 blocks are still reachable in loss record 81 of 304
==2366==    at 0x483B7F3: malloc (in /usr/lib/x86_64-linux-gnu/valgrind/vgpreload_memcheck-amd64-linux.so)
==2366==    by 0x1984F3: xmalloc (in /usr/bin/bash)
==2366==    by 0x157FED: ??? (in /usr/bin/bash)
==2366==    by 0x15805C: ??? (in /usr/bin/bash)
==2366==    by 0x1AC4B0: set_bashopts (in /usr/bin/bash)
==2366==    by 0x138E1C: ??? (in /usr/bin/bash)
==2366==    by 0x137544: main (in /usr/bin/bash)
==2366== 
==2366== 10 bytes in 1 blocks are still reachable in loss record 82 of 304
==2366==    at 0x483B7F3: malloc (in /usr/lib/x86_64-linux-gnu/valgrind/vgpreload_memcheck-amd64-linux.so)
==2366==    by 0x1984F3: xmalloc (in /usr/bin/bash)
==2366==    by 0x156DA1: make_variable_value (in /usr/bin/bash)
==2366==    by 0x15806D: ??? (in /usr/bin/bash)
==2366==    by 0x15ABA8: initialize_shell_variables (in /usr/bin/bash)
==2366==    by 0x138DC9: ??? (in /usr/bin/bash)
==2366==    by 0x137544: main (in /usr/bin/bash)
==2366== 
==2366== 10 bytes in 1 blocks are still reachable in loss record 83 of 304
==2366==    at 0x483B7F3: malloc (in /usr/lib/x86_64-linux-gnu/valgrind/vgpreload_memcheck-amd64-linux.so)
==2366==    by 0x1984F3: xmalloc (in /usr/bin/bash)
==2366==    by 0x156DA1: make_variable_value (in /usr/bin/bash)
==2366==    by 0x15806D: ??? (in /usr/bin/bash)
==2366==    by 0x15AE90: initialize_shell_variables (in /usr/bin/bash)
==2366==    by 0x138DC9: ??? (in /usr/bin/bash)
==2366==    by 0x137544: main (in /usr/bin/bash)
==2366== 
==2366== 10 bytes in 1 blocks are still reachable in loss record 84 of 304
==2366==    at 0x483B7F3: malloc (in /usr/lib/x86_64-linux-gnu/valgrind/vgpreload_memcheck-amd64-linux.so)
==2366==    by 0x1984F3: xmalloc (in /usr/bin/bash)
==2366==    by 0x138D28: ??? (in /usr/bin/bash)
==2366==    by 0x15B81C: initialize_shell_variables (in /usr/bin/bash)
==2366==    by 0x138DC9: ??? (in /usr/bin/bash)
==2366==    by 0x137544: main (in /usr/bin/bash)
==2366== 
==2366== 10 bytes in 1 blocks are still reachable in loss record 85 of 304
==2366==    at 0x483B7F3: malloc (in /usr/lib/x86_64-linux-gnu/valgrind/vgpreload_memcheck-amd64-linux.so)
==2366==    by 0x1984F3: xmalloc (in /usr/bin/bash)
==2366==    by 0x156DA1: make_variable_value (in /usr/bin/bash)
==2366==    by 0x15806D: ??? (in /usr/bin/bash)
==2366==    by 0x15B635: initialize_shell_variables (in /usr/bin/bash)
==2366==    by 0x138DC9: ??? (in /usr/bin/bash)
==2366==    by 0x137544: main (in /usr/bin/bash)
==2366== 
==2366== 10 bytes in 1 blocks are still reachable in loss record 86 of 304
==2366==    at 0x483B7F3: malloc (in /usr/lib/x86_64-linux-gnu/valgrind/vgpreload_memcheck-amd64-linux.so)
==2366==    by 0x1984F3: xmalloc (in /usr/bin/bash)
==2366==    by 0x1544D7: ??? (in /usr/bin/bash)
==2366==    by 0x157FCF: ??? (in /usr/bin/bash)
==2366==    by 0x158D55: make_new_array_variable (in /usr/bin/bash)
==2366==    by 0x158DA7: ??? (in /usr/bin/bash)
==2366==    by 0x15B30B: initialize_shell_variables (in /usr/bin/bash)
==2366==    by 0x138DC9: ??? (in /usr/bin/bash)
==2366==    by 0x137544: main (in /usr/bin/bash)
==2366== 
==2366== 10 bytes in 1 blocks are still reachable in loss record 87 of 304
==2366==    at 0x483B7F3: malloc (in /usr/lib/x86_64-linux-gnu/valgrind/vgpreload_memcheck-amd64-linux.so)
==2366==    by 0x1984F3: xmalloc (in /usr/bin/bash)
==2366==    by 0x157FED: ??? (in /usr/bin/bash)
==2366==    by 0x158D55: make_new_array_variable (in /usr/bin/bash)
==2366==    by 0x158DA7: ??? (in /usr/bin/bash)
==2366==    by 0x15B30B: initialize_shell_variables (in /usr/bin/bash)
==2366==    by 0x138DC9: ??? (in /usr/bin/bash)
==2366==    by 0x137544: main (in /usr/bin/bash)
==2366== 
==2366== 10 bytes in 1 blocks are still reachable in loss record 88 of 304
==2366==    at 0x483B7F3: malloc (in /usr/lib/x86_64-linux-gnu/valgrind/vgpreload_memcheck-amd64-linux.so)
==2366==    by 0x1984F3: xmalloc (in /usr/bin/bash)
==2366==    by 0x1544D7: ??? (in /usr/bin/bash)
==2366==    by 0x157FCF: ??? (in /usr/bin/bash)
==2366==    by 0x158D55: make_new_array_variable (in /usr/bin/bash)
==2366==    by 0x158DA7: ??? (in /usr/bin/bash)
==2366==    by 0x15B32A: initialize_shell_variables (in /usr/bin/bash)
==2366==    by 0x138DC9: ??? (in /usr/bin/bash)
==2366==    by 0x137544: main (in /usr/bin/bash)
==2366== 
==2366== 10 bytes in 1 blocks are still reachable in loss record 89 of 304
==2366==    at 0x483B7F3: malloc (in /usr/lib/x86_64-linux-gnu/valgrind/vgpreload_memcheck-amd64-linux.so)
==2366==    by 0x1984F3: xmalloc (in /usr/bin/bash)
==2366==    by 0x157FED: ??? (in /usr/bin/bash)
==2366==    by 0x158D55: make_new_array_variable (in /usr/bin/bash)
==2366==    by 0x158DA7: ??? (in /usr/bin/bash)
==2366==    by 0x15B32A: initialize_shell_variables (in /usr/bin/bash)
==2366==    by 0x138DC9: ??? (in /usr/bin/bash)
==2366==    by 0x137544: main (in /usr/bin/bash)
==2366== 
==2366== 10 bytes in 1 blocks are still reachable in loss record 90 of 304
==2366==    at 0x483B7F3: malloc (in /usr/lib/x86_64-linux-gnu/valgrind/vgpreload_memcheck-amd64-linux.so)
==2366==    by 0x1984F3: xmalloc (in /usr/bin/bash)
==2366==    by 0x1544D7: ??? (in /usr/bin/bash)
==2366==    by 0x157FCF: ??? (in /usr/bin/bash)
==2366==    by 0x158DE5: make_new_assoc_variable (in /usr/bin/bash)
==2366==    by 0x15B6A9: initialize_shell_variables (in /usr/bin/bash)
==2366==    by 0x138DC9: ??? (in /usr/bin/bash)
==2366==    by 0x137544: main (in /usr/bin/bash)
==2366== 
==2366== 10 bytes in 1 blocks are still reachable in loss record 91 of 304
==2366==    at 0x483B7F3: malloc (in /usr/lib/x86_64-linux-gnu/valgrind/vgpreload_memcheck-amd64-linux.so)
==2366==    by 0x1984F3: xmalloc (in /usr/bin/bash)
==2366==    by 0x157FED: ??? (in /usr/bin/bash)
==2366==    by 0x158DE5: make_new_assoc_variable (in /usr/bin/bash)
==2366==    by 0x15B6A9: initialize_shell_variables (in /usr/bin/bash)
==2366==    by 0x138DC9: ??? (in /usr/bin/bash)
==2366==    by 0x137544: main (in /usr/bin/bash)
==2366== 
==2366== 10 bytes in 1 blocks are still reachable in loss record 92 of 304
==2366==    at 0x483B7F3: malloc (in /usr/lib/x86_64-linux-gnu/valgrind/vgpreload_memcheck-amd64-linux.so)
==2366==    by 0x1984F3: xmalloc (in /usr/bin/bash)
==2366==    by 0x1544D7: ??? (in /usr/bin/bash)
==2366==    by 0x157FCF: ??? (in /usr/bin/bash)
==2366==    by 0x15805C: ??? (in /usr/bin/bash)
==2366==    by 0x1A76E0: set_shellopts (in /usr/bin/bash)
==2366==    by 0x138DFD: ??? (in /usr/bin/bash)
==2366==    by 0x137544: main (in /usr/bin/bash)
==2366== 
==2366== 10 bytes in 1 blocks are still reachable in loss record 93 of 304
==2366==    at 0x483B7F3: malloc (in /usr/lib/x86_64-linux-gnu/valgrind/vgpreload_memcheck-amd64-linux.so)
==2366==    by 0x1984F3: xmalloc (in /usr/bin/bash)
==2366==    by 0x157FED: ??? (in /usr/bin/bash)
==2366==    by 0x15805C: ??? (in /usr/bin/bash)
==2366==    by 0x1A76E0: set_shellopts (in /usr/bin/bash)
==2366==    by 0x138DFD: ??? (in /usr/bin/bash)
==2366==    by 0x137544: main (in /usr/bin/bash)
==2366== 
==2366== 10 bytes in 1 blocks are still reachable in loss record 94 of 304
==2366==    at 0x483B7F3: malloc (in /usr/lib/x86_64-linux-gnu/valgrind/vgpreload_memcheck-amd64-linux.so)
==2366==    by 0x198577: xrealloc (in /usr/bin/bash)
==2366==    by 0x13FAB0: ??? (in /usr/bin/bash)
==2366==    by 0x142EC7: yyparse (in /usr/bin/bash)
==2366==    by 0x13929A: parse_command (in /usr/bin/bash)
==2366==    by 0x1393A6: read_command (in /usr/bin/bash)
==2366==    by 0x1395C9: reader_loop (in /usr/bin/bash)
==2366==    by 0x137EF8: main (in /usr/bin/bash)
==2366== 
==2366== 10 bytes in 1 blocks are still reachable in loss record 95 of 304
==2366==    at 0x483B7F3: malloc (in /usr/lib/x86_64-linux-gnu/valgrind/vgpreload_memcheck-amd64-linux.so)
==2366==    by 0x1984F3: xmalloc (in /usr/bin/bash)
==2366==    by 0x14F948: execute_command_internal (in /usr/bin/bash)
==2366==    by 0x1519D9: execute_command (in /usr/bin/bash)
==2366==    by 0x139664: reader_loop (in /usr/bin/bash)
==2366==    by 0x137EF8: main (in /usr/bin/bash)
==2366== 
==2366== 11 bytes in 1 blocks are still reachable in loss record 96 of 304
==2366==    at 0x483B7F3: malloc (in /usr/lib/x86_64-linux-gnu/valgrind/vgpreload_memcheck-amd64-linux.so)
==2366==    by 0x1984F3: xmalloc (in /usr/bin/bash)
==2366==    by 0x1544D7: ??? (in /usr/bin/bash)
==2366==    by 0x157FCF: ??? (in /usr/bin/bash)
==2366==    by 0x15805C: ??? (in /usr/bin/bash)
==2366==    by 0x15B13F: initialize_shell_variables (in /usr/bin/bash)
==2366==    by 0x138DC9: ??? (in /usr/bin/bash)
==2366==    by 0x137544: main (in /usr/bin/bash)
==2366== 
==2366== 11 bytes in 1 blocks are still reachable in loss record 97 of 304
==2366==    at 0x483B7F3: malloc (in /usr/lib/x86_64-linux-gnu/valgrind/vgpreload_memcheck-amd64-linux.so)
==2366==    by 0x1984F3: xmalloc (in /usr/bin/bash)
==2366==    by 0x157FED: ??? (in /usr/bin/bash)
==2366==    by 0x15805C: ??? (in /usr/bin/bash)
==2366==    by 0x15B13F: initialize_shell_variables (in /usr/bin/bash)
==2366==    by 0x138DC9: ??? (in /usr/bin/bash)
==2366==    by 0x137544: main (in /usr/bin/bash)
==2366== 
==2366== 11 bytes in 1 blocks are still reachable in loss record 98 of 304
==2366==    at 0x483B7F3: malloc (in /usr/lib/x86_64-linux-gnu/valgrind/vgpreload_memcheck-amd64-linux.so)
==2366==    by 0x1984F3: xmalloc (in /usr/bin/bash)
==2366==    by 0x1544D7: ??? (in /usr/bin/bash)
==2366==    by 0x157FCF: ??? (in /usr/bin/bash)
==2366==    by 0x158D55: make_new_array_variable (in /usr/bin/bash)
==2366==    by 0x15C10B: set_pipestatus_array (in /usr/bin/bash)
==2366==    by 0x15172F: execute_command_internal (in /usr/bin/bash)
==2366==    by 0x1519D9: execute_command (in /usr/bin/bash)
==2366==    by 0x139664: reader_loop (in /usr/bin/bash)
==2366==    by 0x137EF8: main (in /usr/bin/bash)
==2366== 
==2366== 11 bytes in 1 blocks are still reachable in loss record 99 of 304
==2366==    at 0x483B7F3: malloc (in /usr/lib/x86_64-linux-gnu/valgrind/vgpreload_memcheck-amd64-linux.so)
==2366==    by 0x1984F3: xmalloc (in /usr/bin/bash)
==2366==    by 0x157FED: ??? (in /usr/bin/bash)
==2366==    by 0x158D55: make_new_array_variable (in /usr/bin/bash)
==2366==    by 0x15C10B: set_pipestatus_array (in /usr/bin/bash)
==2366==    by 0x15172F: execute_command_internal (in /usr/bin/bash)
==2366==    by 0x1519D9: execute_command (in /usr/bin/bash)
==2366==    by 0x139664: reader_loop (in /usr/bin/bash)
==2366==    by 0x137EF8: main (in /usr/bin/bash)
==2366== 
==2366== 12 bytes in 1 blocks are still reachable in loss record 100 of 304
==2366==    at 0x483B7F3: malloc (in /usr/lib/x86_64-linux-gnu/valgrind/vgpreload_memcheck-amd64-linux.so)
==2366==    by 0x1984F3: xmalloc (in /usr/bin/bash)
==2366==    by 0x1544D7: ??? (in /usr/bin/bash)
==2366==    by 0x157FCF: ??? (in /usr/bin/bash)
==2366==    by 0x158D55: make_new_array_variable (in /usr/bin/bash)
==2366==    by 0x158DA7: ??? (in /usr/bin/bash)
==2366==    by 0x15B349: initialize_shell_variables (in /usr/bin/bash)
==2366==    by 0x138DC9: ??? (in /usr/bin/bash)
==2366==    by 0x137544: main (in /usr/bin/bash)
==2366== 
==2366== 12 bytes in 1 blocks are still reachable in loss record 101 of 304
==2366==    at 0x483B7F3: malloc (in /usr/lib/x86_64-linux-gnu/valgrind/vgpreload_memcheck-amd64-linux.so)
==2366==    by 0x1984F3: xmalloc (in /usr/bin/bash)
==2366==    by 0x157FED: ??? (in /usr/bin/bash)
==2366==    by 0x158D55: make_new_array_variable (in /usr/bin/bash)
==2366==    by 0x158DA7: ??? (in /usr/bin/bash)
==2366==    by 0x15B349: initialize_shell_variables (in /usr/bin/bash)
==2366==    by 0x138DC9: ??? (in /usr/bin/bash)
==2366==    by 0x137544: main (in /usr/bin/bash)
==2366== 
==2366== 12 bytes in 1 blocks are still reachable in loss record 102 of 304
==2366==    at 0x483B7F3: malloc (in /usr/lib/x86_64-linux-gnu/valgrind/vgpreload_memcheck-amd64-linux.so)
==2366==    by 0x1984F3: xmalloc (in /usr/bin/bash)
==2366==    by 0x1544D7: ??? (in /usr/bin/bash)
==2366==    by 0x157FCF: ??? (in /usr/bin/bash)
==2366==    by 0x158D55: make_new_array_variable (in /usr/bin/bash)
==2366==    by 0x158DA7: ??? (in /usr/bin/bash)
==2366==    by 0x15B368: initialize_shell_variables (in /usr/bin/bash)
==2366==    by 0x138DC9: ??? (in /usr/bin/bash)
==2366==    by 0x137544: main (in /usr/bin/bash)
==2366== 
==2366== 12 bytes in 1 blocks are still reachable in loss record 103 of 304
==2366==    at 0x483B7F3: malloc (in /usr/lib/x86_64-linux-gnu/valgrind/vgpreload_memcheck-amd64-linux.so)
==2366==    by 0x1984F3: xmalloc (in /usr/bin/bash)
==2366==    by 0x157FED: ??? (in /usr/bin/bash)
==2366==    by 0x158D55: make_new_array_variable (in /usr/bin/bash)
==2366==    by 0x158DA7: ??? (in /usr/bin/bash)
==2366==    by 0x15B368: initialize_shell_variables (in /usr/bin/bash)
==2366==    by 0x138DC9: ??? (in /usr/bin/bash)
==2366==    by 0x137544: main (in /usr/bin/bash)
==2366== 
==2366== 13 bytes in 1 blocks are still reachable in loss record 104 of 304
==2366==    at 0x483B7F3: malloc (in /usr/lib/x86_64-linux-gnu/valgrind/vgpreload_memcheck-amd64-linux.so)
==2366==    by 0x1984F3: xmalloc (in /usr/bin/bash)
==2366==    by 0x138ECE: ??? (in /usr/bin/bash)
==2366==    by 0x137544: main (in /usr/bin/bash)
==2366== 
==2366== 13 bytes in 1 blocks are still reachable in loss record 105 of 304
==2366==    at 0x483B7F3: malloc (in /usr/lib/x86_64-linux-gnu/valgrind/vgpreload_memcheck-amd64-linux.so)
==2366==    by 0x1984F3: xmalloc (in /usr/bin/bash)
==2366==    by 0x156DA1: make_variable_value (in /usr/bin/bash)
==2366==    by 0x15806D: ??? (in /usr/bin/bash)
==2366==    by 0x15ABCE: initialize_shell_variables (in /usr/bin/bash)
==2366==    by 0x138DC9: ??? (in /usr/bin/bash)
==2366==    by 0x137544: main (in /usr/bin/bash)
==2366== 
==2366== 13 bytes in 1 blocks are still reachable in loss record 106 of 304
==2366==    at 0x483B7F3: malloc (in /usr/lib/x86_64-linux-gnu/valgrind/vgpreload_memcheck-amd64-linux.so)
==2366==    by 0x1984F3: xmalloc (in /usr/bin/bash)
==2366==    by 0x1544D7: ??? (in /usr/bin/bash)
==2366==    by 0x157FCF: ??? (in /usr/bin/bash)
==2366==    by 0x15805C: ??? (in /usr/bin/bash)
==2366==    by 0x15AECB: initialize_shell_variables (in /usr/bin/bash)
==2366==    by 0x138DC9: ??? (in /usr/bin/bash)
==2366==    by 0x137544: main (in /usr/bin/bash)
==2366== 
==2366== 13 bytes in 1 blocks are still reachable in loss record 107 of 304
==2366==    at 0x483B7F3: malloc (in /usr/lib/x86_64-linux-gnu/valgrind/vgpreload_memcheck-amd64-linux.so)
==2366==    by 0x1984F3: xmalloc (in /usr/bin/bash)
==2366==    by 0x157FED: ??? (in /usr/bin/bash)
==2366==    by 0x15805C: ??? (in /usr/bin/bash)
==2366==    by 0x15AECB: initialize_shell_variables (in /usr/bin/bash)
==2366==    by 0x138DC9: ??? (in /usr/bin/bash)
==2366==    by 0x137544: main (in /usr/bin/bash)
==2366== 
==2366== 13 bytes in 1 blocks are still reachable in loss record 108 of 304
==2366==    at 0x483B7F3: malloc (in /usr/lib/x86_64-linux-gnu/valgrind/vgpreload_memcheck-amd64-linux.so)
==2366==    by 0x1984F3: xmalloc (in /usr/bin/bash)
==2366==    by 0x1544D7: ??? (in /usr/bin/bash)
==2366==    by 0x157FCF: ??? (in /usr/bin/bash)
==2366==    by 0x15805C: ??? (in /usr/bin/bash)
==2366==    by 0x15B165: initialize_shell_variables (in /usr/bin/bash)
==2366==    by 0x138DC9: ??? (in /usr/bin/bash)
==2366==    by 0x137544: main (in /usr/bin/bash)
==2366== 
==2366== 13 bytes in 1 blocks are still reachable in loss record 109 of 304
==2366==    at 0x483B7F3: malloc (in /usr/lib/x86_64-linux-gnu/valgrind/vgpreload_memcheck-amd64-linux.so)
==2366==    by 0x1984F3: xmalloc (in /usr/bin/bash)
==2366==    by 0x157FED: ??? (in /usr/bin/bash)
==2366==    by 0x15805C: ??? (in /usr/bin/bash)
==2366==    by 0x15B165: initialize_shell_variables (in /usr/bin/bash)
==2366==    by 0x138DC9: ??? (in /usr/bin/bash)
==2366==    by 0x137544: main (in /usr/bin/bash)
==2366== 
==2366== 13 bytes in 1 blocks are still reachable in loss record 110 of 304
==2366==    at 0x483B7F3: malloc (in /usr/lib/x86_64-linux-gnu/valgrind/vgpreload_memcheck-amd64-linux.so)
==2366==    by 0x1984F3: xmalloc (in /usr/bin/bash)
==2366==    by 0x1544D7: ??? (in /usr/bin/bash)
==2366==    by 0x157FCF: ??? (in /usr/bin/bash)
==2366==    by 0x15805C: ??? (in /usr/bin/bash)
==2366==    by 0x15B228: initialize_shell_variables (in /usr/bin/bash)
==2366==    by 0x138DC9: ??? (in /usr/bin/bash)
==2366==    by 0x137544: main (in /usr/bin/bash)
==2366== 
==2366== 13 bytes in 1 blocks are still reachable in loss record 111 of 304
==2366==    at 0x483B7F3: malloc (in /usr/lib/x86_64-linux-gnu/valgrind/vgpreload_memcheck-amd64-linux.so)
==2366==    by 0x1984F3: xmalloc (in /usr/bin/bash)
==2366==    by 0x157FED: ??? (in /usr/bin/bash)
==2366==    by 0x15805C: ??? (in /usr/bin/bash)
==2366==    by 0x15B228: initialize_shell_variables (in /usr/bin/bash)
==2366==    by 0x138DC9: ??? (in /usr/bin/bash)
==2366==    by 0x137544: main (in /usr/bin/bash)
==2366== 
==2366== 13 bytes in 1 blocks are still reachable in loss record 112 of 304
==2366==    at 0x483B7F3: malloc (in /usr/lib/x86_64-linux-gnu/valgrind/vgpreload_memcheck-amd64-linux.so)
==2366==    by 0x1984F3: xmalloc (in /usr/bin/bash)
==2366==    by 0x1544D7: ??? (in /usr/bin/bash)
==2366==    by 0x157FCF: ??? (in /usr/bin/bash)
==2366==    by 0x158DE5: make_new_assoc_variable (in /usr/bin/bash)
==2366==    by 0x15B67B: initialize_shell_variables (in /usr/bin/bash)
==2366==    by 0x138DC9: ??? (in /usr/bin/bash)
==2366==    by 0x137544: main (in /usr/bin/bash)
==2366== 
==2366== 13 bytes in 1 blocks are still reachable in loss record 113 of 304
==2366==    at 0x483B7F3: malloc (in /usr/lib/x86_64-linux-gnu/valgrind/vgpreload_memcheck-amd64-linux.so)
==2366==    by 0x1984F3: xmalloc (in /usr/bin/bash)
==2366==    by 0x157FED: ??? (in /usr/bin/bash)
==2366==    by 0x158DE5: make_new_assoc_variable (in /usr/bin/bash)
==2366==    by 0x15B67B: initialize_shell_variables (in /usr/bin/bash)
==2366==    by 0x138DC9: ??? (in /usr/bin/bash)
==2366==    by 0x137544: main (in /usr/bin/bash)
==2366== 
==2366== 14 bytes in 1 blocks are still reachable in loss record 114 of 304
==2366==    at 0x483B7F3: malloc (in /usr/lib/x86_64-linux-gnu/valgrind/vgpreload_memcheck-amd64-linux.so)
==2366==    by 0x1984F3: xmalloc (in /usr/bin/bash)
==2366==    by 0x1544D7: ??? (in /usr/bin/bash)
==2366==    by 0x157FCF: ??? (in /usr/bin/bash)
==2366==    by 0x158D55: make_new_array_variable (in /usr/bin/bash)
==2366==    by 0x15AEE3: initialize_shell_variables (in /usr/bin/bash)
==2366==    by 0x138DC9: ??? (in /usr/bin/bash)
==2366==    by 0x137544: main (in /usr/bin/bash)
==2366== 
==2366== 14 bytes in 1 blocks are still reachable in loss record 115 of 304
==2366==    at 0x483B7F3: malloc (in /usr/lib/x86_64-linux-gnu/valgrind/vgpreload_memcheck-amd64-linux.so)
==2366==    by 0x1984F3: xmalloc (in /usr/bin/bash)
==2366==    by 0x157FED: ??? (in /usr/bin/bash)
==2366==    by 0x158D55: make_new_array_variable (in /usr/bin/bash)
==2366==    by 0x15AEE3: initialize_shell_variables (in /usr/bin/bash)
==2366==    by 0x138DC9: ??? (in /usr/bin/bash)
==2366==    by 0x137544: main (in /usr/bin/bash)
==2366== 
==2366== 14 bytes in 1 blocks are still reachable in loss record 116 of 304
==2366==    at 0x483B7F3: malloc (in /usr/lib/x86_64-linux-gnu/valgrind/vgpreload_memcheck-amd64-linux.so)
==2366==    by 0x1984F3: xmalloc (in /usr/bin/bash)
==2366==    by 0x1544D7: ??? (in /usr/bin/bash)
==2366==    by 0x157FCF: ??? (in /usr/bin/bash)
==2366==    by 0x15805C: ??? (in /usr/bin/bash)
==2366==    by 0x15B188: initialize_shell_variables (in /usr/bin/bash)
==2366==    by 0x138DC9: ??? (in /usr/bin/bash)
==2366==    by 0x137544: main (in /usr/bin/bash)
==2366== 
==2366== 14 bytes in 1 blocks are still reachable in loss record 117 of 304
==2366==    at 0x483B7F3: malloc (in /usr/lib/x86_64-linux-gnu/valgrind/vgpreload_memcheck-amd64-linux.so)
==2366==    by 0x1984F3: xmalloc (in /usr/bin/bash)
==2366==    by 0x157FED: ??? (in /usr/bin/bash)
==2366==    by 0x15805C: ??? (in /usr/bin/bash)
==2366==    by 0x15B188: initialize_shell_variables (in /usr/bin/bash)
==2366==    by 0x138DC9: ??? (in /usr/bin/bash)
==2366==    by 0x137544: main (in /usr/bin/bash)
==2366== 
==2366== 14 bytes in 1 blocks are still reachable in loss record 118 of 304
==2366==    at 0x483B7F3: malloc (in /usr/lib/x86_64-linux-gnu/valgrind/vgpreload_memcheck-amd64-linux.so)
==2366==    by 0x1984F3: xmalloc (in /usr/bin/bash)
==2366==    by 0x1544D7: ??? (in /usr/bin/bash)
==2366==    by 0x157FCF: ??? (in /usr/bin/bash)
==2366==    by 0x15805C: ??? (in /usr/bin/bash)
==2366==    by 0x15B24E: initialize_shell_variables (in /usr/bin/bash)
==2366==    by 0x138DC9: ??? (in /usr/bin/bash)
==2366==    by 0x137544: main (in /usr/bin/bash)
==2366== 
==2366== 14 bytes in 1 blocks are still reachable in loss record 119 of 304
==2366==    at 0x483B7F3: malloc (in /usr/lib/x86_64-linux-gnu/valgrind/vgpreload_memcheck-amd64-linux.so)
==2366==    by 0x1984F3: xmalloc (in /usr/bin/bash)
==2366==    by 0x157FED: ??? (in /usr/bin/bash)
==2366==    by 0x15805C: ??? (in /usr/bin/bash)
==2366==    by 0x15B24E: initialize_shell_variables (in /usr/bin/bash)
==2366==    by 0x138DC9: ??? (in /usr/bin/bash)
==2366==    by 0x137544: main (in /usr/bin/bash)
==2366== 
==2366== 16 bytes in 1 blocks are still reachable in loss record 120 of 304
==2366==    at 0x483B7F3: malloc (in /usr/lib/x86_64-linux-gnu/valgrind/vgpreload_memcheck-amd64-linux.so)
==2366==    by 0x1984F3: xmalloc (in /usr/bin/bash)
==2366==    by 0x14789D: tilde_initialize (in /usr/bin/bash)
==2366==    by 0x138DA5: ??? (in /usr/bin/bash)
==2366==    by 0x137544: main (in /usr/bin/bash)
==2366== 
==2366== 16 bytes in 1 blocks are still reachable in loss record 121 of 304
==2366==    at 0x483B7F3: malloc (in /usr/lib/x86_64-linux-gnu/valgrind/vgpreload_memcheck-amd64-linux.so)
==2366==    by 0x1984F3: xmalloc (in /usr/bin/bash)
==2366==    by 0x1478EE: tilde_initialize (in /usr/bin/bash)
==2366==    by 0x138DA5: ??? (in /usr/bin/bash)
==2366==    by 0x137544: main (in /usr/bin/bash)
==2366== 
==2366== 16 bytes in 1 blocks are still reachable in loss record 122 of 304
==2366==    at 0x483B7F3: malloc (in /usr/lib/x86_64-linux-gnu/valgrind/vgpreload_memcheck-amd64-linux.so)
==2366==    by 0x1984F3: xmalloc (in /usr/bin/bash)
==2366==    by 0x17B6F6: hash_create (in /usr/bin/bash)
==2366==    by 0x157F8A: ??? (in /usr/bin/bash)
==2366==    by 0x15AAAB: initialize_shell_variables (in /usr/bin/bash)
==2366==    by 0x138DC9: ??? (in /usr/bin/bash)
==2366==    by 0x137544: main (in /usr/bin/bash)
==2366== 
==2366== 16 bytes in 1 blocks are still reachable in loss record 123 of 304
==2366==    at 0x483B7F3: malloc (in /usr/lib/x86_64-linux-gnu/valgrind/vgpreload_memcheck-amd64-linux.so)
==2366==    by 0x1984F3: xmalloc (in /usr/bin/bash)
==2366==    by 0x17B6F6: hash_create (in /usr/bin/bash)
==2366==    by 0x157FA9: ??? (in /usr/bin/bash)
==2366==    by 0x15AAAB: initialize_shell_variables (in /usr/bin/bash)
==2366==    by 0x138DC9: ??? (in /usr/bin/bash)
==2366==    by 0x137544: main (in /usr/bin/bash)
==2366== 
==2366== 16 bytes in 1 blocks are still reachable in loss record 124 of 304
==2366==    at 0x483B7F3: malloc (in /usr/lib/x86_64-linux-gnu/valgrind/vgpreload_memcheck-amd64-linux.so)
==2366==    by 0x1984F3: xmalloc (in /usr/bin/bash)
==2366==    by 0x17B6F6: hash_create (in /usr/bin/bash)
==2366==    by 0x157F51: ??? (in /usr/bin/bash)
==2366==    by 0x15AAAB: initialize_shell_variables (in /usr/bin/bash)
==2366==    by 0x138DC9: ??? (in /usr/bin/bash)
==2366==    by 0x137544: main (in /usr/bin/bash)
==2366== 
==2366== 16 bytes in 1 blocks are still reachable in loss record 125 of 304
==2366==    at 0x483B7F3: malloc (in /usr/lib/x86_64-linux-gnu/valgrind/vgpreload_memcheck-amd64-linux.so)
==2366==    by 0x1984F3: xmalloc (in /usr/bin/bash)
==2366==    by 0x1544D7: ??? (in /usr/bin/bash)
==2366==    by 0x157FCF: ??? (in /usr/bin/bash)
==2366==    by 0x15805C: ??? (in /usr/bin/bash)
==2366==    by 0x15B2A2: initialize_shell_variables (in /usr/bin/bash)
==2366==    by 0x138DC9: ??? (in /usr/bin/bash)
==2366==    by 0x137544: main (in /usr/bin/bash)
==2366== 
==2366== 16 bytes in 1 blocks are still reachable in loss record 126 of 304
==2366==    at 0x483B7F3: malloc (in /usr/lib/x86_64-linux-gnu/valgrind/vgpreload_memcheck-amd64-linux.so)
==2366==    by 0x1984F3: xmalloc (in /usr/bin/bash)
==2366==    by 0x157FED: ??? (in /usr/bin/bash)
==2366==    by 0x15805C: ??? (in /usr/bin/bash)
==2366==    by 0x15B2A2: initialize_shell_variables (in /usr/bin/bash)
==2366==    by 0x138DC9: ??? (in /usr/bin/bash)
==2366==    by 0x137544: main (in /usr/bin/bash)
==2366== 
==2366== 16 bytes in 1 blocks are still reachable in loss record 127 of 304
==2366==    at 0x483B7F3: malloc (in /usr/lib/x86_64-linux-gnu/valgrind/vgpreload_memcheck-amd64-linux.so)
==2366==    by 0x1984F3: xmalloc (in /usr/bin/bash)
==2366==    by 0x17B6F6: hash_create (in /usr/bin/bash)
==2366==    by 0x158DEF: make_new_assoc_variable (in /usr/bin/bash)
==2366==    by 0x15B6A9: initialize_shell_variables (in /usr/bin/bash)
==2366==    by 0x138DC9: ??? (in /usr/bin/bash)
==2366==    by 0x137544: main (in /usr/bin/bash)
==2366== 
==2366== 16 bytes in 1 blocks are still reachable in loss record 128 of 304
==2366==    at 0x483B7F3: malloc (in /usr/lib/x86_64-linux-gnu/valgrind/vgpreload_memcheck-amd64-linux.so)
==2366==    by 0x1984F3: xmalloc (in /usr/bin/bash)
==2366==    by 0x17B6F6: hash_create (in /usr/bin/bash)
==2366==    by 0x158DEF: make_new_assoc_variable (in /usr/bin/bash)
==2366==    by 0x15B67B: initialize_shell_variables (in /usr/bin/bash)
==2366==    by 0x138DC9: ??? (in /usr/bin/bash)
==2366==    by 0x137544: main (in /usr/bin/bash)
==2366== 
==2366== 16 bytes in 1 blocks are still reachable in loss record 129 of 304
==2366==    at 0x483B7F3: malloc (in /usr/lib/x86_64-linux-gnu/valgrind/vgpreload_memcheck-amd64-linux.so)
==2366==    by 0x1984F3: xmalloc (in /usr/bin/bash)
==2366==    by 0x148045: alloc_word_desc (in /usr/bin/bash)
==2366==    by 0x141419: ??? (in /usr/bin/bash)
==2366==    by 0x142EC7: yyparse (in /usr/bin/bash)
==2366==    by 0x13929A: parse_command (in /usr/bin/bash)
==2366==    by 0x1393A6: read_command (in /usr/bin/bash)
==2366==    by 0x1395C9: reader_loop (in /usr/bin/bash)
==2366==    by 0x137EF8: main (in /usr/bin/bash)
==2366== 
==2366== 16 bytes in 1 blocks are still reachable in loss record 130 of 304
==2366==    at 0x483B7F3: malloc (in /usr/lib/x86_64-linux-gnu/valgrind/vgpreload_memcheck-amd64-linux.so)
==2366==    by 0x1984F3: xmalloc (in /usr/bin/bash)
==2366==    by 0x148045: alloc_word_desc (in /usr/bin/bash)
==2366==    by 0x140C67: ??? (in /usr/bin/bash)
==2366==    by 0x142EC7: yyparse (in /usr/bin/bash)
==2366==    by 0x13929A: parse_command (in /usr/bin/bash)
==2366==    by 0x1393A6: read_command (in /usr/bin/bash)
==2366==    by 0x1395C9: reader_loop (in /usr/bin/bash)
==2366==    by 0x137EF8: main (in /usr/bin/bash)
==2366== 
==2366== 16 bytes in 1 blocks are still reachable in loss record 131 of 304
==2366==    at 0x483B7F3: malloc (in /usr/lib/x86_64-linux-gnu/valgrind/vgpreload_memcheck-amd64-linux.so)
==2366==    by 0x1984F3: xmalloc (in /usr/bin/bash)
==2366==    by 0x1482D9: make_word_list (in /usr/bin/bash)
==2366==    by 0x148AB8: make_simple_command (in /usr/bin/bash)
==2366==    by 0x14353F: yyparse (in /usr/bin/bash)
==2366==    by 0x13929A: parse_command (in /usr/bin/bash)
==2366==    by 0x1393A6: read_command (in /usr/bin/bash)
==2366==    by 0x1395C9: reader_loop (in /usr/bin/bash)
==2366==    by 0x137EF8: main (in /usr/bin/bash)
==2366== 
==2366== 16 bytes in 1 blocks are still reachable in loss record 132 of 304
==2366==    at 0x483B7F3: malloc (in /usr/lib/x86_64-linux-gnu/valgrind/vgpreload_memcheck-amd64-linux.so)
==2366==    by 0x1984F3: xmalloc (in /usr/bin/bash)
==2366==    by 0x1482D9: make_word_list (in /usr/bin/bash)
==2366==    by 0x148AB8: make_simple_command (in /usr/bin/bash)
==2366==    by 0x143516: yyparse (in /usr/bin/bash)
==2366==    by 0x13929A: parse_command (in /usr/bin/bash)
==2366==    by 0x1393A6: read_command (in /usr/bin/bash)
==2366==    by 0x1395C9: reader_loop (in /usr/bin/bash)
==2366==    by 0x137EF8: main (in /usr/bin/bash)
==2366== 
==2366== 16 bytes in 1 blocks are still reachable in loss record 133 of 304
==2366==    at 0x483B7F3: malloc (in /usr/lib/x86_64-linux-gnu/valgrind/vgpreload_memcheck-amd64-linux.so)
==2366==    by 0x1984F3: xmalloc (in /usr/bin/bash)
==2366==    by 0x148045: alloc_word_desc (in /usr/bin/bash)
==2366==    by 0x148072: make_bare_word (in /usr/bin/bash)
==2366==    by 0x15C2F5: copy_word_list (in /usr/bin/bash)
==2366==    by 0x17A74F: ??? (in /usr/bin/bash)
==2366==    by 0x14FB29: execute_command_internal (in /usr/bin/bash)
==2366==    by 0x1519D9: execute_command (in /usr/bin/bash)
==2366==    by 0x139664: reader_loop (in /usr/bin/bash)
==2366==    by 0x137EF8: main (in /usr/bin/bash)
==2366== 
==2366== 16 bytes in 1 blocks are still reachable in loss record 134 of 304
==2366==    at 0x483B7F3: malloc (in /usr/lib/x86_64-linux-gnu/valgrind/vgpreload_memcheck-amd64-linux.so)
==2366==    by 0x1984F3: xmalloc (in /usr/bin/bash)
==2366==    by 0x1482D9: make_word_list (in /usr/bin/bash)
==2366==    by 0x15C305: copy_word_list (in /usr/bin/bash)
==2366==    by 0x17A74F: ??? (in /usr/bin/bash)
==2366==    by 0x14FB29: execute_command_internal (in /usr/bin/bash)
==2366==    by 0x1519D9: execute_command (in /usr/bin/bash)
==2366==    by 0x139664: reader_loop (in /usr/bin/bash)
==2366==    by 0x137EF8: main (in /usr/bin/bash)
==2366== 
==2366== 16 bytes in 1 blocks are still reachable in loss record 135 of 304
==2366==    at 0x483B7F3: malloc (in /usr/lib/x86_64-linux-gnu/valgrind/vgpreload_memcheck-amd64-linux.so)
==2366==    by 0x1984F3: xmalloc (in /usr/bin/bash)
==2366==    by 0x148045: alloc_word_desc (in /usr/bin/bash)
==2366==    by 0x148072: make_bare_word (in /usr/bin/bash)
==2366==    by 0x15C2C4: copy_word_list (in /usr/bin/bash)
==2366==    by 0x17A74F: ??? (in /usr/bin/bash)
==2366==    by 0x14FB29: execute_command_internal (in /usr/bin/bash)
==2366==    by 0x1519D9: execute_command (in /usr/bin/bash)
==2366==    by 0x139664: reader_loop (in /usr/bin/bash)
==2366==    by 0x137EF8: main (in /usr/bin/bash)
==2366== 
==2366== 16 bytes in 1 blocks are still reachable in loss record 136 of 304
==2366==    at 0x483B7F3: malloc (in /usr/lib/x86_64-linux-gnu/valgrind/vgpreload_memcheck-amd64-linux.so)
==2366==    by 0x1984F3: xmalloc (in /usr/bin/bash)
==2366==    by 0x1482D9: make_word_list (in /usr/bin/bash)
==2366==    by 0x15C2D4: copy_word_list (in /usr/bin/bash)
==2366==    by 0x17A74F: ??? (in /usr/bin/bash)
==2366==    by 0x14FB29: execute_command_internal (in /usr/bin/bash)
==2366==    by 0x1519D9: execute_command (in /usr/bin/bash)
==2366==    by 0x139664: reader_loop (in /usr/bin/bash)
==2366==    by 0x137EF8: main (in /usr/bin/bash)
==2366== 
==2366== 16 bytes in 1 blocks are still reachable in loss record 137 of 304
==2366==    at 0x483B7F3: malloc (in /usr/lib/x86_64-linux-gnu/valgrind/vgpreload_memcheck-amd64-linux.so)
==2366==    by 0x1984F3: xmalloc (in /usr/bin/bash)
==2366==    by 0x148045: alloc_word_desc (in /usr/bin/bash)
==2366==    by 0x176AFB: ??? (in /usr/bin/bash)
==2366==    by 0x17A90E: ??? (in /usr/bin/bash)
==2366==    by 0x14FB29: execute_command_internal (in /usr/bin/bash)
==2366==    by 0x1519D9: execute_command (in /usr/bin/bash)
==2366==    by 0x139664: reader_loop (in /usr/bin/bash)
==2366==    by 0x137EF8: main (in /usr/bin/bash)
==2366== 
==2366== 16 bytes in 1 blocks are still reachable in loss record 138 of 304
==2366==    at 0x483B7F3: malloc (in /usr/lib/x86_64-linux-gnu/valgrind/vgpreload_memcheck-amd64-linux.so)
==2366==    by 0x1984F3: xmalloc (in /usr/bin/bash)
==2366==    by 0x1482D9: make_word_list (in /usr/bin/bash)
==2366==    by 0x176BD0: ??? (in /usr/bin/bash)
==2366==    by 0x17A90E: ??? (in /usr/bin/bash)
==2366==    by 0x14FB29: execute_command_internal (in /usr/bin/bash)
==2366==    by 0x1519D9: execute_command (in /usr/bin/bash)
==2366==    by 0x139664: reader_loop (in /usr/bin/bash)
==2366==    by 0x137EF8: main (in /usr/bin/bash)
==2366== 
==2366== 16 bytes in 1 blocks are still reachable in loss record 139 of 304
==2366==    at 0x483B7F3: malloc (in /usr/lib/x86_64-linux-gnu/valgrind/vgpreload_memcheck-amd64-linux.so)
==2366==    by 0x1984F3: xmalloc (in /usr/bin/bash)
==2366==    by 0x148045: alloc_word_desc (in /usr/bin/bash)
==2366==    by 0x1773AC: ??? (in /usr/bin/bash)
==2366==    by 0x17A90E: ??? (in /usr/bin/bash)
==2366==    by 0x14FB29: execute_command_internal (in /usr/bin/bash)
==2366==    by 0x1519D9: execute_command (in /usr/bin/bash)
==2366==    by 0x139664: reader_loop (in /usr/bin/bash)
==2366==    by 0x137EF8: main (in /usr/bin/bash)
==2366== 
==2366== 16 bytes in 1 blocks are still reachable in loss record 140 of 304
==2366==    at 0x483B7F3: malloc (in /usr/lib/x86_64-linux-gnu/valgrind/vgpreload_memcheck-amd64-linux.so)
==2366==    by 0x1984F3: xmalloc (in /usr/bin/bash)
==2366==    by 0x148045: alloc_word_desc (in /usr/bin/bash)
==2366==    by 0x176AFB: ??? (in /usr/bin/bash)
==2366==    by 0x17742D: ??? (in /usr/bin/bash)
==2366==    by 0x17A90E: ??? (in /usr/bin/bash)
==2366==    by 0x14FB29: execute_command_internal (in /usr/bin/bash)
==2366==    by 0x1519D9: execute_command (in /usr/bin/bash)
==2366==    by 0x139664: reader_loop (in /usr/bin/bash)
==2366==    by 0x137EF8: main (in /usr/bin/bash)
==2366== 
==2366== 16 bytes in 1 blocks are still reachable in loss record 141 of 304
==2366==    at 0x483B7F3: malloc (in /usr/lib/x86_64-linux-gnu/valgrind/vgpreload_memcheck-amd64-linux.so)
==2366==    by 0x1984F3: xmalloc (in /usr/bin/bash)
==2366==    by 0x1482D9: make_word_list (in /usr/bin/bash)
==2366==    by 0x176BD0: ??? (in /usr/bin/bash)
==2366==    by 0x17742D: ??? (in /usr/bin/bash)
==2366==    by 0x17A90E: ??? (in /usr/bin/bash)
==2366==    by 0x14FB29: execute_command_internal (in /usr/bin/bash)
==2366==    by 0x1519D9: execute_command (in /usr/bin/bash)
==2366==    by 0x139664: reader_loop (in /usr/bin/bash)
==2366==    by 0x137EF8: main (in /usr/bin/bash)
==2366== 
==2366== 16 bytes in 1 blocks are still reachable in loss record 142 of 304
==2366==    at 0x483B7F3: malloc (in /usr/lib/x86_64-linux-gnu/valgrind/vgpreload_memcheck-amd64-linux.so)
==2366==    by 0x1984F3: xmalloc (in /usr/bin/bash)
==2366==    by 0x1482D9: make_word_list (in /usr/bin/bash)
==2366==    by 0x16F007: list_string (in /usr/bin/bash)
==2366==    by 0x1719CE: ??? (in /usr/bin/bash)
==2366==    by 0x17ABAC: ??? (in /usr/bin/bash)
==2366==    by 0x14FB29: execute_command_internal (in /usr/bin/bash)
==2366==    by 0x1519D9: execute_command (in /usr/bin/bash)
==2366==    by 0x139664: reader_loop (in /usr/bin/bash)
==2366==    by 0x137EF8: main (in /usr/bin/bash)
==2366== 
==2366== 17 bytes in 1 blocks are still reachable in loss record 143 of 304
==2366==    at 0x483DFAF: realloc (in /usr/lib/x86_64-linux-gnu/valgrind/vgpreload_memcheck-amd64-linux.so)
==2366==    by 0x4994297: getcwd (getcwd.c:84)
==2366==    by 0x19ADCC: get_working_directory (in /usr/bin/bash)
==2366==    by 0x15942E: set_pwd (in /usr/bin/bash)
==2366==    by 0x15AAEE: initialize_shell_variables (in /usr/bin/bash)
==2366==    by 0x138DC9: ??? (in /usr/bin/bash)
==2366==    by 0x137544: main (in /usr/bin/bash)
==2366== 
==2366== 17 bytes in 1 blocks are still reachable in loss record 144 of 304
==2366==    at 0x483B7F3: malloc (in /usr/lib/x86_64-linux-gnu/valgrind/vgpreload_memcheck-amd64-linux.so)
==2366==    by 0x1984F3: xmalloc (in /usr/bin/bash)
==2366==    by 0x156DA1: make_variable_value (in /usr/bin/bash)
==2366==    by 0x15806D: ??? (in /usr/bin/bash)
==2366==    by 0x159447: set_pwd (in /usr/bin/bash)
==2366==    by 0x15AAEE: initialize_shell_variables (in /usr/bin/bash)
==2366==    by 0x138DC9: ??? (in /usr/bin/bash)
==2366==    by 0x137544: main (in /usr/bin/bash)
==2366== 
==2366== 18 bytes in 1 blocks are still reachable in loss record 145 of 304
==2366==    at 0x483B7F3: malloc (in /usr/lib/x86_64-linux-gnu/valgrind/vgpreload_memcheck-amd64-linux.so)
==2366==    by 0x1984F3: xmalloc (in /usr/bin/bash)
==2366==    by 0x156DA1: make_variable_value (in /usr/bin/bash)
==2366==    by 0x15806D: ??? (in /usr/bin/bash)
==2366==    by 0x15AECB: initialize_shell_variables (in /usr/bin/bash)
==2366==    by 0x138DC9: ??? (in /usr/bin/bash)
==2366==    by 0x137544: main (in /usr/bin/bash)
==2366== 
==2366== 20 bytes in 1 blocks are still reachable in loss record 146 of 304
==2366==    at 0x483B7F3: malloc (in /usr/lib/x86_64-linux-gnu/valgrind/vgpreload_memcheck-amd64-linux.so)
==2366==    by 0x1984F3: xmalloc (in /usr/bin/bash)
==2366==    by 0x156DA1: make_variable_value (in /usr/bin/bash)
==2366==    by 0x15806D: ??? (in /usr/bin/bash)
==2366==    by 0x15ABBB: initialize_shell_variables (in /usr/bin/bash)
==2366==    by 0x138DC9: ??? (in /usr/bin/bash)
==2366==    by 0x137544: main (in /usr/bin/bash)
==2366== 
==2366== 20 bytes in 1 blocks are still reachable in loss record 147 of 304
==2366==    at 0x483B7F3: malloc (in /usr/lib/x86_64-linux-gnu/valgrind/vgpreload_memcheck-amd64-linux.so)
==2366==    by 0x1984F3: xmalloc (in /usr/bin/bash)
==2366==    by 0x183473: array_create_element (in /usr/bin/bash)
==2366==    by 0x183987: array_insert (in /usr/bin/bash)
==2366==    by 0x15AFA9: initialize_shell_variables (in /usr/bin/bash)
==2366==    by 0x138DC9: ??? (in /usr/bin/bash)
==2366==    by 0x137544: main (in /usr/bin/bash)
==2366== 
==2366== 24 bytes in 1 blocks are still reachable in loss record 148 of 304
==2366==    at 0x483B7F3: malloc (in /usr/lib/x86_64-linux-gnu/valgrind/vgpreload_memcheck-amd64-linux.so)
==2366==    by 0x1984F3: xmalloc (in /usr/bin/bash)
==2366==    by 0x14787D: tilde_initialize (in /usr/bin/bash)
==2366==    by 0x138DA5: ??? (in /usr/bin/bash)
==2366==    by 0x137544: main (in /usr/bin/bash)
==2366== 
==2366== 24 bytes in 1 blocks are still reachable in loss record 149 of 304
==2366==    at 0x483B7F3: malloc (in /usr/lib/x86_64-linux-gnu/valgrind/vgpreload_memcheck-amd64-linux.so)
==2366==    by 0x1984F3: xmalloc (in /usr/bin/bash)
==2366==    by 0x1478CE: tilde_initialize (in /usr/bin/bash)
==2366==    by 0x138DA5: ??? (in /usr/bin/bash)
==2366==    by 0x137544: main (in /usr/bin/bash)
==2366== 
==2366== 29 bytes in 2 blocks are still reachable in loss record 150 of 304
==2366==    at 0x483B7F3: malloc (in /usr/lib/x86_64-linux-gnu/valgrind/vgpreload_memcheck-amd64-linux.so)
==2366==    by 0x1984F3: xmalloc (in /usr/bin/bash)
==2366==    by 0x1556F3: ??? (in /usr/bin/bash)
==2366==    by 0x159B3E: ??? (in /usr/bin/bash)
==2366==    by 0x191D94: ??? (in /usr/bin/bash)
==2366==    by 0x192108: set_locale_var (in /usr/bin/bash)
==2366==    by 0x192302: set_default_lang (in /usr/bin/bash)
==2366==    by 0x137549: main (in /usr/bin/bash)
==2366== 
==2366== 29 bytes in 2 blocks are still reachable in loss record 151 of 304
==2366==    at 0x483B7F3: malloc (in /usr/lib/x86_64-linux-gnu/valgrind/vgpreload_memcheck-amd64-linux.so)
==2366==    by 0x1984F3: xmalloc (in /usr/bin/bash)
==2366==    by 0x1555B6: ??? (in /usr/bin/bash)
==2366==    by 0x159B3E: ??? (in /usr/bin/bash)
==2366==    by 0x191D94: ??? (in /usr/bin/bash)
==2366==    by 0x192108: set_locale_var (in /usr/bin/bash)
==2366==    by 0x192302: set_default_lang (in /usr/bin/bash)
==2366==    by 0x137549: main (in /usr/bin/bash)
==2366== 
==2366== 31 bytes in 1 blocks are still reachable in loss record 152 of 304
==2366==    at 0x483B7F3: malloc (in /usr/lib/x86_64-linux-gnu/valgrind/vgpreload_memcheck-amd64-linux.so)
==2366==    by 0x1984F3: xmalloc (in /usr/bin/bash)
==2366==    by 0x13816C: main (in /usr/bin/bash)
==2366== 
==2366== 31 bytes in 1 blocks are still reachable in loss record 153 of 304
==2366==    at 0x483B7F3: malloc (in /usr/lib/x86_64-linux-gnu/valgrind/vgpreload_memcheck-amd64-linux.so)
==2366==    by 0x1984F3: xmalloc (in /usr/bin/bash)
==2366==    by 0x183473: array_create_element (in /usr/bin/bash)
==2366==    by 0x18367F: ??? (in /usr/bin/bash)
==2366==    by 0x137C8C: main (in /usr/bin/bash)
==2366== 
==2366== 31 bytes in 1 blocks are still reachable in loss record 154 of 304
==2366==    at 0x483B7F3: malloc (in /usr/lib/x86_64-linux-gnu/valgrind/vgpreload_memcheck-amd64-linux.so)
==2366==    by 0x1984F3: xmalloc (in /usr/bin/bash)
==2366==    by 0x13A626: init_yy_io (in /usr/bin/bash)
==2366==    by 0x137DC4: main (in /usr/bin/bash)
==2366== 
==2366== 32 bytes in 1 blocks are still reachable in loss record 155 of 304
==2366==    at 0x483B7F3: malloc (in /usr/lib/x86_64-linux-gnu/valgrind/vgpreload_memcheck-amd64-linux.so)
==2366==    by 0x1984F3: xmalloc (in /usr/bin/bash)
==2366==    by 0x17BBFB: hash_insert (in /usr/bin/bash)
==2366==    by 0x158008: ??? (in /usr/bin/bash)
==2366==    by 0x15805C: ??? (in /usr/bin/bash)
==2366==    by 0x159447: set_pwd (in /usr/bin/bash)
==2366==    by 0x15AAEE: initialize_shell_variables (in /usr/bin/bash)
==2366==    by 0x138DC9: ??? (in /usr/bin/bash)
==2366==    by 0x137544: main (in /usr/bin/bash)
==2366== 
==2366== 32 bytes in 1 blocks are still reachable in loss record 156 of 304
==2366==    at 0x483B7F3: malloc (in /usr/lib/x86_64-linux-gnu/valgrind/vgpreload_memcheck-amd64-linux.so)
==2366==    by 0x1984F3: xmalloc (in /usr/bin/bash)
==2366==    by 0x17BBFB: hash_insert (in /usr/bin/bash)
==2366==    by 0x158008: ??? (in /usr/bin/bash)
==2366==    by 0x15805C: ??? (in /usr/bin/bash)
==2366==    by 0x159490: set_pwd (in /usr/bin/bash)
==2366==    by 0x15AAEE: initialize_shell_variables (in /usr/bin/bash)
==2366==    by 0x138DC9: ??? (in /usr/bin/bash)
==2366==    by 0x137544: main (in /usr/bin/bash)
==2366== 
==2366== 32 bytes in 1 blocks are still reachable in loss record 157 of 304
==2366==    at 0x483B7F3: malloc (in /usr/lib/x86_64-linux-gnu/valgrind/vgpreload_memcheck-amd64-linux.so)
==2366==    by 0x1984F3: xmalloc (in /usr/bin/bash)
==2366==    by 0x17BBFB: hash_insert (in /usr/bin/bash)
==2366==    by 0x158008: ??? (in /usr/bin/bash)
==2366==    by 0x15805C: ??? (in /usr/bin/bash)
==2366==    by 0x15AB01: initialize_shell_variables (in /usr/bin/bash)
==2366==    by 0x138DC9: ??? (in /usr/bin/bash)
==2366==    by 0x137544: main (in /usr/bin/bash)
==2366== 
==2366== 32 bytes in 1 blocks are still reachable in loss record 158 of 304
==2366==    at 0x483B7F3: malloc (in /usr/lib/x86_64-linux-gnu/valgrind/vgpreload_memcheck-amd64-linux.so)
==2366==    by 0x1984F3: xmalloc (in /usr/bin/bash)
==2366==    by 0x17BBFB: hash_insert (in /usr/bin/bash)
==2366==    by 0x158008: ??? (in /usr/bin/bash)
==2366==    by 0x15805C: ??? (in /usr/bin/bash)
==2366==    by 0x15AB1F: initialize_shell_variables (in /usr/bin/bash)
==2366==    by 0x138DC9: ??? (in /usr/bin/bash)
==2366==    by 0x137544: main (in /usr/bin/bash)
==2366== 
==2366== 32 bytes in 1 blocks are still reachable in loss record 159 of 304
==2366==    at 0x483B7F3: malloc (in /usr/lib/x86_64-linux-gnu/valgrind/vgpreload_memcheck-amd64-linux.so)
==2366==    by 0x1984F3: xmalloc (in /usr/bin/bash)
==2366==    by 0x17BBFB: hash_insert (in /usr/bin/bash)
==2366==    by 0x158008: ??? (in /usr/bin/bash)
==2366==    by 0x15805C: ??? (in /usr/bin/bash)
==2366==    by 0x15AB32: initialize_shell_variables (in /usr/bin/bash)
==2366==    by 0x138DC9: ??? (in /usr/bin/bash)
==2366==    by 0x137544: main (in /usr/bin/bash)
==2366== 
==2366== 32 bytes in 1 blocks are still reachable in loss record 160 of 304
==2366==    at 0x483B7F3: malloc (in /usr/lib/x86_64-linux-gnu/valgrind/vgpreload_memcheck-amd64-linux.so)
==2366==    by 0x1984F3: xmalloc (in /usr/bin/bash)
==2366==    by 0x17BBFB: hash_insert (in /usr/bin/bash)
==2366==    by 0x158008: ??? (in /usr/bin/bash)
==2366==    by 0x15805C: ??? (in /usr/bin/bash)
==2366==    by 0x15AB65: initialize_shell_variables (in /usr/bin/bash)
==2366==    by 0x138DC9: ??? (in /usr/bin/bash)
==2366==    by 0x137544: main (in /usr/bin/bash)
==2366== 
==2366== 32 bytes in 1 blocks are still reachable in loss record 161 of 304
==2366==    at 0x483B7F3: malloc (in /usr/lib/x86_64-linux-gnu/valgrind/vgpreload_memcheck-amd64-linux.so)
==2366==    by 0x1984F3: xmalloc (in /usr/bin/bash)
==2366==    by 0x17BBFB: hash_insert (in /usr/bin/bash)
==2366==    by 0x158008: ??? (in /usr/bin/bash)
==2366==    by 0x15805C: ??? (in /usr/bin/bash)
==2366==    by 0x15AB7A: initialize_shell_variables (in /usr/bin/bash)
==2366==    by 0x138DC9: ??? (in /usr/bin/bash)
==2366==    by 0x137544: main (in /usr/bin/bash)
==2366== 
==2366== 32 bytes in 1 blocks are still reachable in loss record 162 of 304
==2366==    at 0x483B7F3: malloc (in /usr/lib/x86_64-linux-gnu/valgrind/vgpreload_memcheck-amd64-linux.so)
==2366==    by 0x1984F3: xmalloc (in /usr/bin/bash)
==2366==    by 0x17BBFB: hash_insert (in /usr/bin/bash)
==2366==    by 0x158008: ??? (in /usr/bin/bash)
==2366==    by 0x15805C: ??? (in /usr/bin/bash)
==2366==    by 0x15AB95: initialize_shell_variables (in /usr/bin/bash)
==2366==    by 0x138DC9: ??? (in /usr/bin/bash)
==2366==    by 0x137544: main (in /usr/bin/bash)
==2366== 
==2366== 32 bytes in 1 blocks are still reachable in loss record 163 of 304
==2366==    at 0x483B7F3: malloc (in /usr/lib/x86_64-linux-gnu/valgrind/vgpreload_memcheck-amd64-linux.so)
==2366==    by 0x1984F3: xmalloc (in /usr/bin/bash)
==2366==    by 0x17BBFB: hash_insert (in /usr/bin/bash)
==2366==    by 0x158008: ??? (in /usr/bin/bash)
==2366==    by 0x15805C: ??? (in /usr/bin/bash)
==2366==    by 0x15ABA8: initialize_shell_variables (in /usr/bin/bash)
==2366==    by 0x138DC9: ??? (in /usr/bin/bash)
==2366==    by 0x137544: main (in /usr/bin/bash)
==2366== 
==2366== 32 bytes in 1 blocks are still reachable in loss record 164 of 304
==2366==    at 0x483B7F3: malloc (in /usr/lib/x86_64-linux-gnu/valgrind/vgpreload_memcheck-amd64-linux.so)
==2366==    by 0x1984F3: xmalloc (in /usr/bin/bash)
==2366==    by 0x17BBFB: hash_insert (in /usr/bin/bash)
==2366==    by 0x158008: ??? (in /usr/bin/bash)
==2366==    by 0x15805C: ??? (in /usr/bin/bash)
==2366==    by 0x15ABBB: initialize_shell_variables (in /usr/bin/bash)
==2366==    by 0x138DC9: ??? (in /usr/bin/bash)
==2366==    by 0x137544: main (in /usr/bin/bash)
==2366== 
==2366== 32 bytes in 1 blocks are still reachable in loss record 165 of 304
==2366==    at 0x483B7F3: malloc (in /usr/lib/x86_64-linux-gnu/valgrind/vgpreload_memcheck-amd64-linux.so)
==2366==    by 0x1984F3: xmalloc (in /usr/bin/bash)
==2366==    by 0x17BBFB: hash_insert (in /usr/bin/bash)
==2366==    by 0x158008: ??? (in /usr/bin/bash)
==2366==    by 0x15805C: ??? (in /usr/bin/bash)
==2366==    by 0x15ABCE: initialize_shell_variables (in /usr/bin/bash)
==2366==    by 0x138DC9: ??? (in /usr/bin/bash)
==2366==    by 0x137544: main (in /usr/bin/bash)
==2366== 
==2366== 32 bytes in 1 blocks are still reachable in loss record 166 of 304
==2366==    at 0x483B7F3: malloc (in /usr/lib/x86_64-linux-gnu/valgrind/vgpreload_memcheck-amd64-linux.so)
==2366==    by 0x1984F3: xmalloc (in /usr/bin/bash)
==2366==    by 0x17BBFB: hash_insert (in /usr/bin/bash)
==2366==    by 0x158008: ??? (in /usr/bin/bash)
==2366==    by 0x15805C: ??? (in /usr/bin/bash)
==2366==    by 0x15929E: adjust_shell_level (in /usr/bin/bash)
==2366==    by 0x15AC10: initialize_shell_variables (in /usr/bin/bash)
==2366==    by 0x138DC9: ??? (in /usr/bin/bash)
==2366==    by 0x137544: main (in /usr/bin/bash)
==2366== 
==2366== 32 bytes in 1 blocks are still reachable in loss record 167 of 304
==2366==    at 0x483B7F3: malloc (in /usr/lib/x86_64-linux-gnu/valgrind/vgpreload_memcheck-amd64-linux.so)
==2366==    by 0x1984F3: xmalloc (in /usr/bin/bash)
==2366==    by 0x17BBFB: hash_insert (in /usr/bin/bash)
==2366==    by 0x158008: ??? (in /usr/bin/bash)
==2366==    by 0x15805C: ??? (in /usr/bin/bash)
==2366==    by 0x159628: set_ppid (in /usr/bin/bash)
==2366==    by 0x15AC15: initialize_shell_variables (in /usr/bin/bash)
==2366==    by 0x138DC9: ??? (in /usr/bin/bash)
==2366==    by 0x137544: main (in /usr/bin/bash)
==2366== 
==2366== 32 bytes in 1 blocks are still reachable in loss record 168 of 304
==2366==    at 0x483B7F3: malloc (in /usr/lib/x86_64-linux-gnu/valgrind/vgpreload_memcheck-amd64-linux.so)
==2366==    by 0x1984F3: xmalloc (in /usr/bin/bash)
==2366==    by 0x17BBFB: hash_insert (in /usr/bin/bash)
==2366==    by 0x158008: ??? (in /usr/bin/bash)
==2366==    by 0x15805C: ??? (in /usr/bin/bash)
==2366==    by 0x15AC2A: initialize_shell_variables (in /usr/bin/bash)
==2366==    by 0x138DC9: ??? (in /usr/bin/bash)
==2366==    by 0x137544: main (in /usr/bin/bash)
==2366== 
==2366== 32 bytes in 1 blocks are still reachable in loss record 169 of 304
==2366==    at 0x483B7F3: malloc (in /usr/lib/x86_64-linux-gnu/valgrind/vgpreload_memcheck-amd64-linux.so)
==2366==    by 0x1984F3: xmalloc (in /usr/bin/bash)
==2366==    by 0x17BBFB: hash_insert (in /usr/bin/bash)
==2366==    by 0x158008: ??? (in /usr/bin/bash)
==2366==    by 0x15805C: ??? (in /usr/bin/bash)
==2366==    by 0x15AC4A: initialize_shell_variables (in /usr/bin/bash)
==2366==    by 0x138DC9: ??? (in /usr/bin/bash)
==2366==    by 0x137544: main (in /usr/bin/bash)
==2366== 
==2366== 32 bytes in 1 blocks are still reachable in loss record 170 of 304
==2366==    at 0x483B7F3: malloc (in /usr/lib/x86_64-linux-gnu/valgrind/vgpreload_memcheck-amd64-linux.so)
==2366==    by 0x1984F3: xmalloc (in /usr/bin/bash)
==2366==    by 0x17BBFB: hash_insert (in /usr/bin/bash)
==2366==    by 0x158008: ??? (in /usr/bin/bash)
==2366==    by 0x15805C: ??? (in /usr/bin/bash)
==2366==    by 0x15AE90: initialize_shell_variables (in /usr/bin/bash)
==2366==    by 0x138DC9: ??? (in /usr/bin/bash)
==2366==    by 0x137544: main (in /usr/bin/bash)
==2366== 
==2366== 32 bytes in 1 blocks are still reachable in loss record 171 of 304
==2366==    at 0x483B7F3: malloc (in /usr/lib/x86_64-linux-gnu/valgrind/vgpreload_memcheck-amd64-linux.so)
==2366==    by 0x1984F3: xmalloc (in /usr/bin/bash)
==2366==    by 0x17BBFB: hash_insert (in /usr/bin/bash)
==2366==    by 0x158008: ??? (in /usr/bin/bash)
==2366==    by 0x15805C: ??? (in /usr/bin/bash)
==2366==    by 0x15B635: initialize_shell_variables (in /usr/bin/bash)
==2366==    by 0x138DC9: ??? (in /usr/bin/bash)
==2366==    by 0x137544: main (in /usr/bin/bash)
==2366== 
==2366== 32 bytes in 1 blocks are still reachable in loss record 172 of 304
==2366==    at 0x483B7F3: malloc (in /usr/lib/x86_64-linux-gnu/valgrind/vgpreload_memcheck-amd64-linux.so)
==2366==    by 0x1984F3: xmalloc (in /usr/bin/bash)
==2366==    by 0x17BBFB: hash_insert (in /usr/bin/bash)
==2366==    by 0x158008: ??? (in /usr/bin/bash)
==2366==    by 0x15805C: ??? (in /usr/bin/bash)
==2366==    by 0x15AECB: initialize_shell_variables (in /usr/bin/bash)
==2366==    by 0x138DC9: ??? (in /usr/bin/bash)
==2366==    by 0x137544: main (in /usr/bin/bash)
==2366== 
==2366== 32 bytes in 1 blocks are still reachable in loss record 173 of 304
==2366==    at 0x483B7F3: malloc (in /usr/lib/x86_64-linux-gnu/valgrind/vgpreload_memcheck-amd64-linux.so)
==2366==    by 0x1984F3: xmalloc (in /usr/bin/bash)
==2366==    by 0x17BBFB: hash_insert (in /usr/bin/bash)
==2366==    by 0x158008: ??? (in /usr/bin/bash)
==2366==    by 0x158D55: make_new_array_variable (in /usr/bin/bash)
==2366==    by 0x15AEE3: initialize_shell_variables (in /usr/bin/bash)
==2366==    by 0x138DC9: ??? (in /usr/bin/bash)
==2366==    by 0x137544: main (in /usr/bin/bash)
==2366== 
==2366== 32 bytes in 1 blocks are still reachable in loss record 174 of 304
==2366==    at 0x483B7F3: malloc (in /usr/lib/x86_64-linux-gnu/valgrind/vgpreload_memcheck-amd64-linux.so)
==2366==    by 0x1984F3: xmalloc (in /usr/bin/bash)
==2366==    by 0x183457: array_create_element (in /usr/bin/bash)
==2366==    by 0x1834ED: array_create (in /usr/bin/bash)
==2366==    by 0x158D5D: make_new_array_variable (in /usr/bin/bash)
==2366==    by 0x15AEE3: initialize_shell_variables (in /usr/bin/bash)
==2366==    by 0x138DC9: ??? (in /usr/bin/bash)
==2366==    by 0x137544: main (in /usr/bin/bash)
==2366== 
==2366== 32 bytes in 1 blocks are still reachable in loss record 175 of 304
==2366==    at 0x483B7F3: malloc (in /usr/lib/x86_64-linux-gnu/valgrind/vgpreload_memcheck-amd64-linux.so)
==2366==    by 0x1984F3: xmalloc (in /usr/bin/bash)
==2366==    by 0x183457: array_create_element (in /usr/bin/bash)
==2366==    by 0x183987: array_insert (in /usr/bin/bash)
==2366==    by 0x15AF24: initialize_shell_variables (in /usr/bin/bash)
==2366==    by 0x138DC9: ??? (in /usr/bin/bash)
==2366==    by 0x137544: main (in /usr/bin/bash)
==2366== 
==2366== 32 bytes in 1 blocks are still reachable in loss record 176 of 304
==2366==    at 0x483B7F3: malloc (in /usr/lib/x86_64-linux-gnu/valgrind/vgpreload_memcheck-amd64-linux.so)
==2366==    by 0x1984F3: xmalloc (in /usr/bin/bash)
==2366==    by 0x183457: array_create_element (in /usr/bin/bash)
==2366==    by 0x183987: array_insert (in /usr/bin/bash)
==2366==    by 0x15AF34: initialize_shell_variables (in /usr/bin/bash)
==2366==    by 0x138DC9: ??? (in /usr/bin/bash)
==2366==    by 0x137544: main (in /usr/bin/bash)
==2366== 
==2366== 32 bytes in 1 blocks are still reachable in loss record 177 of 304
==2366==    at 0x483B7F3: malloc (in /usr/lib/x86_64-linux-gnu/valgrind/vgpreload_memcheck-amd64-linux.so)
==2366==    by 0x1984F3: xmalloc (in /usr/bin/bash)
==2366==    by 0x183457: array_create_element (in /usr/bin/bash)
==2366==    by 0x183987: array_insert (in /usr/bin/bash)
==2366==    by 0x15AF5D: initialize_shell_variables (in /usr/bin/bash)
==2366==    by 0x138DC9: ??? (in /usr/bin/bash)
==2366==    by 0x137544: main (in /usr/bin/bash)
==2366== 
==2366== 32 bytes in 1 blocks are still reachable in loss record 178 of 304
==2366==    at 0x483B7F3: malloc (in /usr/lib/x86_64-linux-gnu/valgrind/vgpreload_memcheck-amd64-linux.so)
==2366==    by 0x1984F3: xmalloc (in /usr/bin/bash)
==2366==    by 0x183457: array_create_element (in /usr/bin/bash)
==2366==    by 0x183987: array_insert (in /usr/bin/bash)
==2366==    by 0x15AF81: initialize_shell_variables (in /usr/bin/bash)
==2366==    by 0x138DC9: ??? (in /usr/bin/bash)
==2366==    by 0x137544: main (in /usr/bin/bash)
==2366== 
==2366== 32 bytes in 1 blocks are still reachable in loss record 179 of 304
==2366==    at 0x483B7F3: malloc (in /usr/lib/x86_64-linux-gnu/valgrind/vgpreload_memcheck-amd64-linux.so)
==2366==    by 0x1984F3: xmalloc (in /usr/bin/bash)
==2366==    by 0x183457: array_create_element (in /usr/bin/bash)
==2366==    by 0x183987: array_insert (in /usr/bin/bash)
==2366==    by 0x15AF95: initialize_shell_variables (in /usr/bin/bash)
==2366==    by 0x138DC9: ??? (in /usr/bin/bash)
==2366==    by 0x137544: main (in /usr/bin/bash)
==2366== 
==2366== 32 bytes in 1 blocks are still reachable in loss record 180 of 304
==2366==    at 0x483B7F3: malloc (in /usr/lib/x86_64-linux-gnu/valgrind/vgpreload_memcheck-amd64-linux.so)
==2366==    by 0x1984F3: xmalloc (in /usr/bin/bash)
==2366==    by 0x183457: array_create_element (in /usr/bin/bash)
==2366==    by 0x183987: array_insert (in /usr/bin/bash)
==2366==    by 0x15AFA9: initialize_shell_variables (in /usr/bin/bash)
==2366==    by 0x138DC9: ??? (in /usr/bin/bash)
==2366==    by 0x137544: main (in /usr/bin/bash)
==2366== 
==2366== 32 bytes in 1 blocks are still reachable in loss record 181 of 304
==2366==    at 0x483B7F3: malloc (in /usr/lib/x86_64-linux-gnu/valgrind/vgpreload_memcheck-amd64-linux.so)
==2366==    by 0x1984F3: xmalloc (in /usr/bin/bash)
==2366==    by 0x17BBFB: hash_insert (in /usr/bin/bash)
==2366==    by 0x158008: ??? (in /usr/bin/bash)
==2366==    by 0x15805C: ??? (in /usr/bin/bash)
==2366==    by 0x15B7C8: initialize_shell_variables (in /usr/bin/bash)
==2366==    by 0x138DC9: ??? (in /usr/bin/bash)
==2366==    by 0x137544: main (in /usr/bin/bash)
==2366== 
==2366== 32 bytes in 1 blocks are still reachable in loss record 182 of 304
==2366==    at 0x483B7F3: malloc (in /usr/lib/x86_64-linux-gnu/valgrind/vgpreload_memcheck-amd64-linux.so)
==2366==    by 0x1984F3: xmalloc (in /usr/bin/bash)
==2366==    by 0x17BBFB: hash_insert (in /usr/bin/bash)
==2366==    by 0x158008: ??? (in /usr/bin/bash)
==2366==    by 0x15805C: ??? (in /usr/bin/bash)
==2366==    by 0x15B7AE: initialize_shell_variables (in /usr/bin/bash)
==2366==    by 0x138DC9: ??? (in /usr/bin/bash)
==2366==    by 0x137544: main (in /usr/bin/bash)
==2366== 
==2366== 32 bytes in 1 blocks are still reachable in loss record 183 of 304
==2366==    at 0x483B7F3: malloc (in /usr/lib/x86_64-linux-gnu/valgrind/vgpreload_memcheck-amd64-linux.so)
==2366==    by 0x1984F3: xmalloc (in /usr/bin/bash)
==2366==    by 0x17BBFB: hash_insert (in /usr/bin/bash)
==2366==    by 0x158008: ??? (in /usr/bin/bash)
==2366==    by 0x15805C: ??? (in /usr/bin/bash)
==2366==    by 0x15B112: initialize_shell_variables (in /usr/bin/bash)
==2366==    by 0x138DC9: ??? (in /usr/bin/bash)
==2366==    by 0x137544: main (in /usr/bin/bash)
==2366== 
==2366== 32 bytes in 1 blocks are still reachable in loss record 184 of 304
==2366==    at 0x483B7F3: malloc (in /usr/lib/x86_64-linux-gnu/valgrind/vgpreload_memcheck-amd64-linux.so)
==2366==    by 0x1984F3: xmalloc (in /usr/bin/bash)
==2366==    by 0x17BBFB: hash_insert (in /usr/bin/bash)
==2366==    by 0x158008: ??? (in /usr/bin/bash)
==2366==    by 0x15805C: ??? (in /usr/bin/bash)
==2366==    by 0x15B13F: initialize_shell_variables (in /usr/bin/bash)
==2366==    by 0x138DC9: ??? (in /usr/bin/bash)
==2366==    by 0x137544: main (in /usr/bin/bash)
==2366== 
==2366== 32 bytes in 1 blocks are still reachable in loss record 185 of 304
==2366==    at 0x483B7F3: malloc (in /usr/lib/x86_64-linux-gnu/valgrind/vgpreload_memcheck-amd64-linux.so)
==2366==    by 0x1984F3: xmalloc (in /usr/bin/bash)
==2366==    by 0x17BBFB: hash_insert (in /usr/bin/bash)
==2366==    by 0x158008: ??? (in /usr/bin/bash)
==2366==    by 0x15805C: ??? (in /usr/bin/bash)
==2366==    by 0x15B165: initialize_shell_variables (in /usr/bin/bash)
==2366==    by 0x138DC9: ??? (in /usr/bin/bash)
==2366==    by 0x137544: main (in /usr/bin/bash)
==2366== 
==2366== 32 bytes in 1 blocks are still reachable in loss record 186 of 304
==2366==    at 0x483B7F3: malloc (in /usr/lib/x86_64-linux-gnu/valgrind/vgpreload_memcheck-amd64-linux.so)
==2366==    by 0x1984F3: xmalloc (in /usr/bin/bash)
==2366==    by 0x17BBFB: hash_insert (in /usr/bin/bash)
==2366==    by 0x158008: ??? (in /usr/bin/bash)
==2366==    by 0x15805C: ??? (in /usr/bin/bash)
==2366==    by 0x15B188: initialize_shell_variables (in /usr/bin/bash)
==2366==    by 0x138DC9: ??? (in /usr/bin/bash)
==2366==    by 0x137544: main (in /usr/bin/bash)
==2366== 
==2366== 32 bytes in 1 blocks are still reachable in loss record 187 of 304
==2366==    at 0x483B7F3: malloc (in /usr/lib/x86_64-linux-gnu/valgrind/vgpreload_memcheck-amd64-linux.so)
==2366==    by 0x1984F3: xmalloc (in /usr/bin/bash)
==2366==    by 0x17BBFB: hash_insert (in /usr/bin/bash)
==2366==    by 0x158008: ??? (in /usr/bin/bash)
==2366==    by 0x15805C: ??? (in /usr/bin/bash)
==2366==    by 0x15B1AE: initialize_shell_variables (in /usr/bin/bash)
==2366==    by 0x138DC9: ??? (in /usr/bin/bash)
==2366==    by 0x137544: main (in /usr/bin/bash)
==2366== 
==2366== 32 bytes in 1 blocks are still reachable in loss record 188 of 304
==2366==    at 0x483B7F3: malloc (in /usr/lib/x86_64-linux-gnu/valgrind/vgpreload_memcheck-amd64-linux.so)
==2366==    by 0x1984F3: xmalloc (in /usr/bin/bash)
==2366==    by 0x17BBFB: hash_insert (in /usr/bin/bash)
==2366==    by 0x158008: ??? (in /usr/bin/bash)
==2366==    by 0x15805C: ??? (in /usr/bin/bash)
==2366==    by 0x15B1D8: initialize_shell_variables (in /usr/bin/bash)
==2366==    by 0x138DC9: ??? (in /usr/bin/bash)
==2366==    by 0x137544: main (in /usr/bin/bash)
==2366== 
==2366== 32 bytes in 1 blocks are still reachable in loss record 189 of 304
==2366==    at 0x483B7F3: malloc (in /usr/lib/x86_64-linux-gnu/valgrind/vgpreload_memcheck-amd64-linux.so)
==2366==    by 0x1984F3: xmalloc (in /usr/bin/bash)
==2366==    by 0x17BBFB: hash_insert (in /usr/bin/bash)
==2366==    by 0x158008: ??? (in /usr/bin/bash)
==2366==    by 0x15805C: ??? (in /usr/bin/bash)
==2366==    by 0x15B205: initialize_shell_variables (in /usr/bin/bash)
==2366==    by 0x138DC9: ??? (in /usr/bin/bash)
==2366==    by 0x137544: main (in /usr/bin/bash)
==2366== 
==2366== 32 bytes in 1 blocks are still reachable in loss record 190 of 304
==2366==    at 0x483B7F3: malloc (in /usr/lib/x86_64-linux-gnu/valgrind/vgpreload_memcheck-amd64-linux.so)
==2366==    by 0x1984F3: xmalloc (in /usr/bin/bash)
==2366==    by 0x17BBFB: hash_insert (in /usr/bin/bash)
==2366==    by 0x158008: ??? (in /usr/bin/bash)
==2366==    by 0x15805C: ??? (in /usr/bin/bash)
==2366==    by 0x15B228: initialize_shell_variables (in /usr/bin/bash)
==2366==    by 0x138DC9: ??? (in /usr/bin/bash)
==2366==    by 0x137544: main (in /usr/bin/bash)
==2366== 
==2366== 32 bytes in 1 blocks are still reachable in loss record 191 of 304
==2366==    at 0x483B7F3: malloc (in /usr/lib/x86_64-linux-gnu/valgrind/vgpreload_memcheck-amd64-linux.so)
==2366==    by 0x1984F3: xmalloc (in /usr/bin/bash)
==2366==    by 0x17BBFB: hash_insert (in /usr/bin/bash)
==2366==    by 0x158008: ??? (in /usr/bin/bash)
==2366==    by 0x15805C: ??? (in /usr/bin/bash)
==2366==    by 0x15B24E: initialize_shell_variables (in /usr/bin/bash)
==2366==    by 0x138DC9: ??? (in /usr/bin/bash)
==2366==    by 0x137544: main (in /usr/bin/bash)
==2366== 
==2366== 32 bytes in 1 blocks are still reachable in loss record 192 of 304
==2366==    at 0x483B7F3: malloc (in /usr/lib/x86_64-linux-gnu/valgrind/vgpreload_memcheck-amd64-linux.so)
==2366==    by 0x1984F3: xmalloc (in /usr/bin/bash)
==2366==    by 0x17BBFB: hash_insert (in /usr/bin/bash)
==2366==    by 0x158008: ??? (in /usr/bin/bash)
==2366==    by 0x15805C: ??? (in /usr/bin/bash)
==2366==    by 0x15B27B: initialize_shell_variables (in /usr/bin/bash)
==2366==    by 0x138DC9: ??? (in /usr/bin/bash)
==2366==    by 0x137544: main (in /usr/bin/bash)
==2366== 
==2366== 32 bytes in 1 blocks are still reachable in loss record 193 of 304
==2366==    at 0x483B7F3: malloc (in /usr/lib/x86_64-linux-gnu/valgrind/vgpreload_memcheck-amd64-linux.so)
==2366==    by 0x1984F3: xmalloc (in /usr/bin/bash)
==2366==    by 0x17BBFB: hash_insert (in /usr/bin/bash)
==2366==    by 0x158008: ??? (in /usr/bin/bash)
==2366==    by 0x15805C: ??? (in /usr/bin/bash)
==2366==    by 0x15B2A2: initialize_shell_variables (in /usr/bin/bash)
==2366==    by 0x138DC9: ??? (in /usr/bin/bash)
==2366==    by 0x137544: main (in /usr/bin/bash)
==2366== 
==2366== 32 bytes in 1 blocks are still reachable in loss record 194 of 304
==2366==    at 0x483B7F3: malloc (in /usr/lib/x86_64-linux-gnu/valgrind/vgpreload_memcheck-amd64-linux.so)
==2366==    by 0x1984F3: xmalloc (in /usr/bin/bash)
==2366==    by 0x17BBFB: hash_insert (in /usr/bin/bash)
==2366==    by 0x158008: ??? (in /usr/bin/bash)
==2366==    by 0x158D55: make_new_array_variable (in /usr/bin/bash)
==2366==    by 0x158DA7: ??? (in /usr/bin/bash)
==2366==    by 0x15B2CD: initialize_shell_variables (in /usr/bin/bash)
==2366==    by 0x138DC9: ??? (in /usr/bin/bash)
==2366==    by 0x137544: main (in /usr/bin/bash)
==2366== 
==2366== 32 bytes in 1 blocks are still reachable in loss record 195 of 304
==2366==    at 0x483B7F3: malloc (in /usr/lib/x86_64-linux-gnu/valgrind/vgpreload_memcheck-amd64-linux.so)
==2366==    by 0x1984F3: xmalloc (in /usr/bin/bash)
==2366==    by 0x183457: array_create_element (in /usr/bin/bash)
==2366==    by 0x1834ED: array_create (in /usr/bin/bash)
==2366==    by 0x158D5D: make_new_array_variable (in /usr/bin/bash)
==2366==    by 0x158DA7: ??? (in /usr/bin/bash)
==2366==    by 0x15B2CD: initialize_shell_variables (in /usr/bin/bash)
==2366==    by 0x138DC9: ??? (in /usr/bin/bash)
==2366==    by 0x137544: main (in /usr/bin/bash)
==2366== 
==2366== 32 bytes in 1 blocks are still reachable in loss record 196 of 304
==2366==    at 0x483B7F3: malloc (in /usr/lib/x86_64-linux-gnu/valgrind/vgpreload_memcheck-amd64-linux.so)
==2366==    by 0x1984F3: xmalloc (in /usr/bin/bash)
==2366==    by 0x17BBFB: hash_insert (in /usr/bin/bash)
==2366==    by 0x158008: ??? (in /usr/bin/bash)
==2366==    by 0x158D55: make_new_array_variable (in /usr/bin/bash)
==2366==    by 0x158DA7: ??? (in /usr/bin/bash)
==2366==    by 0x15B2EC: initialize_shell_variables (in /usr/bin/bash)
==2366==    by 0x138DC9: ??? (in /usr/bin/bash)
==2366==    by 0x137544: main (in /usr/bin/bash)
==2366== 
==2366== 32 bytes in 1 blocks are still reachable in loss record 197 of 304
==2366==    at 0x483B7F3: malloc (in /usr/lib/x86_64-linux-gnu/valgrind/vgpreload_memcheck-amd64-linux.so)
==2366==    by 0x1984F3: xmalloc (in /usr/bin/bash)
==2366==    by 0x183457: array_create_element (in /usr/bin/bash)
==2366==    by 0x1834ED: array_create (in /usr/bin/bash)
==2366==    by 0x158D5D: make_new_array_variable (in /usr/bin/bash)
==2366==    by 0x158DA7: ??? (in /usr/bin/bash)
==2366==    by 0x15B2EC: initialize_shell_variables (in /usr/bin/bash)
==2366==    by 0x138DC9: ??? (in /usr/bin/bash)
==2366==    by 0x137544: main (in /usr/bin/bash)
==2366== 
==2366== 32 bytes in 1 blocks are still reachable in loss record 198 of 304
==2366==    at 0x483B7F3: malloc (in /usr/lib/x86_64-linux-gnu/valgrind/vgpreload_memcheck-amd64-linux.so)
==2366==    by 0x1984F3: xmalloc (in /usr/bin/bash)
==2366==    by 0x17BBFB: hash_insert (in /usr/bin/bash)
==2366==    by 0x158008: ??? (in /usr/bin/bash)
==2366==    by 0x158D55: make_new_array_variable (in /usr/bin/bash)
==2366==    by 0x158DA7: ??? (in /usr/bin/bash)
==2366==    by 0x15B30B: initialize_shell_variables (in /usr/bin/bash)
==2366==    by 0x138DC9: ??? (in /usr/bin/bash)
==2366==    by 0x137544: main (in /usr/bin/bash)
==2366== 
==2366== 32 bytes in 1 blocks are still reachable in loss record 199 of 304
==2366==    at 0x483B7F3: malloc (in /usr/lib/x86_64-linux-gnu/valgrind/vgpreload_memcheck-amd64-linux.so)
==2366==    by 0x1984F3: xmalloc (in /usr/bin/bash)
==2366==    by 0x183457: array_create_element (in /usr/bin/bash)
==2366==    by 0x1834ED: array_create (in /usr/bin/bash)
==2366==    by 0x158D5D: make_new_array_variable (in /usr/bin/bash)
==2366==    by 0x158DA7: ??? (in /usr/bin/bash)
==2366==    by 0x15B30B: initialize_shell_variables (in /usr/bin/bash)
==2366==    by 0x138DC9: ??? (in /usr/bin/bash)
==2366==    by 0x137544: main (in /usr/bin/bash)
==2366== 
==2366== 32 bytes in 1 blocks are still reachable in loss record 200 of 304
==2366==    at 0x483B7F3: malloc (in /usr/lib/x86_64-linux-gnu/valgrind/vgpreload_memcheck-amd64-linux.so)
==2366==    by 0x1984F3: xmalloc (in /usr/bin/bash)
==2366==    by 0x17BBFB: hash_insert (in /usr/bin/bash)
==2366==    by 0x158008: ??? (in /usr/bin/bash)
==2366==    by 0x158D55: make_new_array_variable (in /usr/bin/bash)
==2366==    by 0x158DA7: ??? (in /usr/bin/bash)
==2366==    by 0x15B32A: initialize_shell_variables (in /usr/bin/bash)
==2366==    by 0x138DC9: ??? (in /usr/bin/bash)
==2366==    by 0x137544: main (in /usr/bin/bash)
==2366== 
==2366== 32 bytes in 1 blocks are still reachable in loss record 201 of 304
==2366==    at 0x483B7F3: malloc (in /usr/lib/x86_64-linux-gnu/valgrind/vgpreload_memcheck-amd64-linux.so)
==2366==    by 0x1984F3: xmalloc (in /usr/bin/bash)
==2366==    by 0x183457: array_create_element (in /usr/bin/bash)
==2366==    by 0x1834ED: array_create (in /usr/bin/bash)
==2366==    by 0x158D5D: make_new_array_variable (in /usr/bin/bash)
==2366==    by 0x158DA7: ??? (in /usr/bin/bash)
==2366==    by 0x15B32A: initialize_shell_variables (in /usr/bin/bash)
==2366==    by 0x138DC9: ??? (in /usr/bin/bash)
==2366==    by 0x137544: main (in /usr/bin/bash)
==2366== 
==2366== 32 bytes in 1 blocks are still reachable in loss record 202 of 304
==2366==    at 0x483B7F3: malloc (in /usr/lib/x86_64-linux-gnu/valgrind/vgpreload_memcheck-amd64-linux.so)
==2366==    by 0x1984F3: xmalloc (in /usr/bin/bash)
==2366==    by 0x17BBFB: hash_insert (in /usr/bin/bash)
==2366==    by 0x158008: ??? (in /usr/bin/bash)
==2366==    by 0x158D55: make_new_array_variable (in /usr/bin/bash)
==2366==    by 0x158DA7: ??? (in /usr/bin/bash)
==2366==    by 0x15B349: initialize_shell_variables (in /usr/bin/bash)
==2366==    by 0x138DC9: ??? (in /usr/bin/bash)
==2366==    by 0x137544: main (in /usr/bin/bash)
==2366== 
==2366== 32 bytes in 1 blocks are still reachable in loss record 203 of 304
==2366==    at 0x483B7F3: malloc (in /usr/lib/x86_64-linux-gnu/valgrind/vgpreload_memcheck-amd64-linux.so)
==2366==    by 0x1984F3: xmalloc (in /usr/bin/bash)
==2366==    by 0x183457: array_create_element (in /usr/bin/bash)
==2366==    by 0x1834ED: array_create (in /usr/bin/bash)
==2366==    by 0x158D5D: make_new_array_variable (in /usr/bin/bash)
==2366==    by 0x158DA7: ??? (in /usr/bin/bash)
==2366==    by 0x15B349: initialize_shell_variables (in /usr/bin/bash)
==2366==    by 0x138DC9: ??? (in /usr/bin/bash)
==2366==    by 0x137544: main (in /usr/bin/bash)
==2366== 
==2366== 32 bytes in 1 blocks are still reachable in loss record 204 of 304
==2366==    at 0x483B7F3: malloc (in /usr/lib/x86_64-linux-gnu/valgrind/vgpreload_memcheck-amd64-linux.so)
==2366==    by 0x1984F3: xmalloc (in /usr/bin/bash)
==2366==    by 0x17BBFB: hash_insert (in /usr/bin/bash)
==2366==    by 0x158008: ??? (in /usr/bin/bash)
==2366==    by 0x158D55: make_new_array_variable (in /usr/bin/bash)
==2366==    by 0x158DA7: ??? (in /usr/bin/bash)
==2366==    by 0x15B368: initialize_shell_variables (in /usr/bin/bash)
==2366==    by 0x138DC9: ??? (in /usr/bin/bash)
==2366==    by 0x137544: main (in /usr/bin/bash)
==2366== 
==2366== 32 bytes in 1 blocks are still reachable in loss record 205 of 304
==2366==    at 0x483B7F3: malloc (in /usr/lib/x86_64-linux-gnu/valgrind/vgpreload_memcheck-amd64-linux.so)
==2366==    by 0x1984F3: xmalloc (in /usr/bin/bash)
==2366==    by 0x183457: array_create_element (in /usr/bin/bash)
==2366==    by 0x1834ED: array_create (in /usr/bin/bash)
==2366==    by 0x158D5D: make_new_array_variable (in /usr/bin/bash)
==2366==    by 0x158DA7: ??? (in /usr/bin/bash)
==2366==    by 0x15B368: initialize_shell_variables (in /usr/bin/bash)
==2366==    by 0x138DC9: ??? (in /usr/bin/bash)
==2366==    by 0x137544: main (in /usr/bin/bash)
==2366== 
==2366== 32 bytes in 1 blocks are still reachable in loss record 206 of 304
==2366==    at 0x483B7F3: malloc (in /usr/lib/x86_64-linux-gnu/valgrind/vgpreload_memcheck-amd64-linux.so)
==2366==    by 0x1984F3: xmalloc (in /usr/bin/bash)
==2366==    by 0x17BBFB: hash_insert (in /usr/bin/bash)
==2366==    by 0x158008: ??? (in /usr/bin/bash)
==2366==    by 0x158DE5: make_new_assoc_variable (in /usr/bin/bash)
==2366==    by 0x15B6A9: initialize_shell_variables (in /usr/bin/bash)
==2366==    by 0x138DC9: ??? (in /usr/bin/bash)
==2366==    by 0x137544: main (in /usr/bin/bash)
==2366== 
==2366== 32 bytes in 1 blocks are still reachable in loss record 207 of 304
==2366==    at 0x483B7F3: malloc (in /usr/lib/x86_64-linux-gnu/valgrind/vgpreload_memcheck-amd64-linux.so)
==2366==    by 0x1984F3: xmalloc (in /usr/bin/bash)
==2366==    by 0x17BBFB: hash_insert (in /usr/bin/bash)
==2366==    by 0x158008: ??? (in /usr/bin/bash)
==2366==    by 0x158DE5: make_new_assoc_variable (in /usr/bin/bash)
==2366==    by 0x15B67B: initialize_shell_variables (in /usr/bin/bash)
==2366==    by 0x138DC9: ??? (in /usr/bin/bash)
==2366==    by 0x137544: main (in /usr/bin/bash)
==2366== 
==2366== 32 bytes in 1 blocks are still reachable in loss record 208 of 304
==2366==    at 0x483B7F3: malloc (in /usr/lib/x86_64-linux-gnu/valgrind/vgpreload_memcheck-amd64-linux.so)
==2366==    by 0x1984F3: xmalloc (in /usr/bin/bash)
==2366==    by 0x17BBFB: hash_insert (in /usr/bin/bash)
==2366==    by 0x158008: ??? (in /usr/bin/bash)
==2366==    by 0x158D55: make_new_array_variable (in /usr/bin/bash)
==2366==    by 0x15B64D: initialize_shell_variables (in /usr/bin/bash)
==2366==    by 0x138DC9: ??? (in /usr/bin/bash)
==2366==    by 0x137544: main (in /usr/bin/bash)
==2366== 
==2366== 32 bytes in 1 blocks are still reachable in loss record 209 of 304
==2366==    at 0x483B7F3: malloc (in /usr/lib/x86_64-linux-gnu/valgrind/vgpreload_memcheck-amd64-linux.so)
==2366==    by 0x1984F3: xmalloc (in /usr/bin/bash)
==2366==    by 0x183457: array_create_element (in /usr/bin/bash)
==2366==    by 0x1834ED: array_create (in /usr/bin/bash)
==2366==    by 0x158D5D: make_new_array_variable (in /usr/bin/bash)
==2366==    by 0x15B64D: initialize_shell_variables (in /usr/bin/bash)
==2366==    by 0x138DC9: ??? (in /usr/bin/bash)
==2366==    by 0x137544: main (in /usr/bin/bash)
==2366== 
==2366== 32 bytes in 1 blocks are still reachable in loss record 210 of 304
==2366==    at 0x483B7F3: malloc (in /usr/lib/x86_64-linux-gnu/valgrind/vgpreload_memcheck-amd64-linux.so)
==2366==    by 0x1984F3: xmalloc (in /usr/bin/bash)
==2366==    by 0x17BBFB: hash_insert (in /usr/bin/bash)
==2366==    by 0x158008: ??? (in /usr/bin/bash)
==2366==    by 0x15805C: ??? (in /usr/bin/bash)
==2366==    by 0x1A76E0: set_shellopts (in /usr/bin/bash)
==2366==    by 0x138DFD: ??? (in /usr/bin/bash)
==2366==    by 0x137544: main (in /usr/bin/bash)
==2366== 
==2366== 32 bytes in 1 blocks are still reachable in loss record 211 of 304
==2366==    at 0x483B7F3: malloc (in /usr/lib/x86_64-linux-gnu/valgrind/vgpreload_memcheck-amd64-linux.so)
==2366==    by 0x1984F3: xmalloc (in /usr/bin/bash)
==2366==    by 0x17BBFB: hash_insert (in /usr/bin/bash)
==2366==    by 0x158008: ??? (in /usr/bin/bash)
==2366==    by 0x15805C: ??? (in /usr/bin/bash)
==2366==    by 0x1AC4B0: set_bashopts (in /usr/bin/bash)
==2366==    by 0x138E1C: ??? (in /usr/bin/bash)
==2366==    by 0x137544: main (in /usr/bin/bash)
==2366== 
==2366== 32 bytes in 1 blocks are still reachable in loss record 212 of 304
==2366==    at 0x483B7F3: malloc (in /usr/lib/x86_64-linux-gnu/valgrind/vgpreload_memcheck-amd64-linux.so)
==2366==    by 0x1984F3: xmalloc (in /usr/bin/bash)
==2366==    by 0x183457: array_create_element (in /usr/bin/bash)
==2366==    by 0x18367F: ??? (in /usr/bin/bash)
==2366==    by 0x137C8C: main (in /usr/bin/bash)
==2366== 
==2366== 32 bytes in 1 blocks are still reachable in loss record 213 of 304
==2366==    at 0x483B7F3: malloc (in /usr/lib/x86_64-linux-gnu/valgrind/vgpreload_memcheck-amd64-linux.so)
==2366==    by 0x1984F3: xmalloc (in /usr/bin/bash)
==2366==    by 0x183457: array_create_element (in /usr/bin/bash)
==2366==    by 0x18367F: ??? (in /usr/bin/bash)
==2366==    by 0x137CB1: main (in /usr/bin/bash)
==2366== 
==2366== 32 bytes in 1 blocks are still reachable in loss record 214 of 304
==2366==    at 0x483B7F3: malloc (in /usr/lib/x86_64-linux-gnu/valgrind/vgpreload_memcheck-amd64-linux.so)
==2366==    by 0x1984F3: xmalloc (in /usr/bin/bash)
==2366==    by 0x183457: array_create_element (in /usr/bin/bash)
==2366==    by 0x18367F: ??? (in /usr/bin/bash)
==2366==    by 0x137CCD: main (in /usr/bin/bash)
==2366== 
==2366== 32 bytes in 1 blocks are still reachable in loss record 215 of 304
==2366==    at 0x483B7F3: malloc (in /usr/lib/x86_64-linux-gnu/valgrind/vgpreload_memcheck-amd64-linux.so)
==2366==    by 0x1984F3: xmalloc (in /usr/bin/bash)
==2366==    by 0x17EFE9: ??? (in /usr/bin/bash)
==2366==    by 0x17F2CE: begin_unwind_frame (in /usr/bin/bash)
==2366==    by 0x1519B1: execute_command (in /usr/bin/bash)
==2366==    by 0x139664: reader_loop (in /usr/bin/bash)
==2366==    by 0x137EF8: main (in /usr/bin/bash)
==2366== 
==2366== 32 bytes in 1 blocks are still reachable in loss record 216 of 304
==2366==    at 0x483B7F3: malloc (in /usr/lib/x86_64-linux-gnu/valgrind/vgpreload_memcheck-amd64-linux.so)
==2366==    by 0x1984F3: xmalloc (in /usr/bin/bash)
==2366==    by 0x17EFE9: ??? (in /usr/bin/bash)
==2366==    by 0x17F4C9: add_unwind_protect (in /usr/bin/bash)
==2366==    by 0x1519C2: execute_command (in /usr/bin/bash)
==2366==    by 0x139664: reader_loop (in /usr/bin/bash)
==2366==    by 0x137EF8: main (in /usr/bin/bash)
==2366== 
==2366== 32 bytes in 1 blocks are still reachable in loss record 217 of 304
==2366==    at 0x483B7F3: malloc (in /usr/lib/x86_64-linux-gnu/valgrind/vgpreload_memcheck-amd64-linux.so)
==2366==    by 0x1984F3: xmalloc (in /usr/bin/bash)
==2366==    by 0x17EFE9: ??? (in /usr/bin/bash)
==2366==    by 0x17F2CE: begin_unwind_frame (in /usr/bin/bash)
==2366==    by 0x14FB5D: execute_command_internal (in /usr/bin/bash)
==2366==    by 0x1519D9: execute_command (in /usr/bin/bash)
==2366==    by 0x139664: reader_loop (in /usr/bin/bash)
==2366==    by 0x137EF8: main (in /usr/bin/bash)
==2366== 
==2366== 32 bytes in 1 blocks are still reachable in loss record 218 of 304
==2366==    at 0x483B7F3: malloc (in /usr/lib/x86_64-linux-gnu/valgrind/vgpreload_memcheck-amd64-linux.so)
==2366==    by 0x1984F3: xmalloc (in /usr/bin/bash)
==2366==    by 0x17EFE9: ??? (in /usr/bin/bash)
==2366==    by 0x17F4C9: add_unwind_protect (in /usr/bin/bash)
==2366==    by 0x14FBF2: execute_command_internal (in /usr/bin/bash)
==2366==    by 0x1519D9: execute_command (in /usr/bin/bash)
==2366==    by 0x139664: reader_loop (in /usr/bin/bash)
==2366==    by 0x137EF8: main (in /usr/bin/bash)
==2366== 
==2366== 32 bytes in 1 blocks are still reachable in loss record 219 of 304
==2366==    at 0x483B7F3: malloc (in /usr/lib/x86_64-linux-gnu/valgrind/vgpreload_memcheck-amd64-linux.so)
==2366==    by 0x1984F3: xmalloc (in /usr/bin/bash)
==2366==    by 0x17EFE9: ??? (in /usr/bin/bash)
==2366==    by 0x17F2CE: begin_unwind_frame (in /usr/bin/bash)
==2366==    by 0x151400: execute_command_internal (in /usr/bin/bash)
==2366==    by 0x1519D9: execute_command (in /usr/bin/bash)
==2366==    by 0x139664: reader_loop (in /usr/bin/bash)
==2366==    by 0x137EF8: main (in /usr/bin/bash)
==2366== 
==2366== 32 bytes in 1 blocks are still reachable in loss record 220 of 304
==2366==    at 0x483B7F3: malloc (in /usr/lib/x86_64-linux-gnu/valgrind/vgpreload_memcheck-amd64-linux.so)
==2366==    by 0x1984F3: xmalloc (in /usr/bin/bash)
==2366==    by 0x17BBFB: hash_insert (in /usr/bin/bash)
==2366==    by 0x158008: ??? (in /usr/bin/bash)
==2366==    by 0x158D55: make_new_array_variable (in /usr/bin/bash)
==2366==    by 0x15C10B: set_pipestatus_array (in /usr/bin/bash)
==2366==    by 0x15172F: execute_command_internal (in /usr/bin/bash)
==2366==    by 0x1519D9: execute_command (in /usr/bin/bash)
==2366==    by 0x139664: reader_loop (in /usr/bin/bash)
==2366==    by 0x137EF8: main (in /usr/bin/bash)
==2366== 
==2366== 32 bytes in 1 blocks are still reachable in loss record 221 of 304
==2366==    at 0x483B7F3: malloc (in /usr/lib/x86_64-linux-gnu/valgrind/vgpreload_memcheck-amd64-linux.so)
==2366==    by 0x1984F3: xmalloc (in /usr/bin/bash)
==2366==    by 0x183457: array_create_element (in /usr/bin/bash)
==2366==    by 0x1834ED: array_create (in /usr/bin/bash)
==2366==    by 0x158D5D: make_new_array_variable (in /usr/bin/bash)
==2366==    by 0x15C10B: set_pipestatus_array (in /usr/bin/bash)
==2366==    by 0x15172F: execute_command_internal (in /usr/bin/bash)
==2366==    by 0x1519D9: execute_command (in /usr/bin/bash)
==2366==    by 0x139664: reader_loop (in /usr/bin/bash)
==2366==    by 0x137EF8: main (in /usr/bin/bash)
==2366== 
==2366== 32 bytes in 1 blocks are still reachable in loss record 222 of 304
==2366==    at 0x483B7F3: malloc (in /usr/lib/x86_64-linux-gnu/valgrind/vgpreload_memcheck-amd64-linux.so)
==2366==    by 0x1984F3: xmalloc (in /usr/bin/bash)
==2366==    by 0x183457: array_create_element (in /usr/bin/bash)
==2366==    by 0x183987: array_insert (in /usr/bin/bash)
==2366==    by 0x15C09E: set_pipestatus_array (in /usr/bin/bash)
==2366==    by 0x15172F: execute_command_internal (in /usr/bin/bash)
==2366==    by 0x1519D9: execute_command (in /usr/bin/bash)
==2366==    by 0x139664: reader_loop (in /usr/bin/bash)
==2366==    by 0x137EF8: main (in /usr/bin/bash)
==2366== 
==2366== 34 bytes in 1 blocks are still reachable in loss record 223 of 304
==2366==    at 0x483DFAF: realloc (in /usr/lib/x86_64-linux-gnu/valgrind/vgpreload_memcheck-amd64-linux.so)
==2366==    by 0x198558: xrealloc (in /usr/bin/bash)
==2366==    by 0x13A097: ??? (in /usr/bin/bash)
==2366==    by 0x13C688: ??? (in /usr/bin/bash)
==2366==    by 0x13F5C9: ??? (in /usr/bin/bash)
==2366==    by 0x142EC7: yyparse (in /usr/bin/bash)
==2366==    by 0x13929A: parse_command (in /usr/bin/bash)
==2366==    by 0x1393A6: read_command (in /usr/bin/bash)
==2366==    by 0x1395C9: reader_loop (in /usr/bin/bash)
==2366==    by 0x137EF8: main (in /usr/bin/bash)
==2366== 
==2366== 40 bytes in 1 blocks are still reachable in loss record 224 of 304
==2366==    at 0x483B7F3: malloc (in /usr/lib/x86_64-linux-gnu/valgrind/vgpreload_memcheck-amd64-linux.so)
==2366==    by 0x1984F3: xmalloc (in /usr/bin/bash)
==2366==    by 0x157EB6: new_var_context (in /usr/bin/bash)
==2366==    by 0x157F68: ??? (in /usr/bin/bash)
==2366==    by 0x15AAAB: initialize_shell_variables (in /usr/bin/bash)
==2366==    by 0x138DC9: ??? (in /usr/bin/bash)
==2366==    by 0x137544: main (in /usr/bin/bash)
==2366== 
==2366== 40 bytes in 1 blocks are still reachable in loss record 225 of 304
==2366==    at 0x483B7F3: malloc (in /usr/lib/x86_64-linux-gnu/valgrind/vgpreload_memcheck-amd64-linux.so)
==2366==    by 0x1984F3: xmalloc (in /usr/bin/bash)
==2366==    by 0x1834BF: array_create (in /usr/bin/bash)
==2366==    by 0x158D5D: make_new_array_variable (in /usr/bin/bash)
==2366==    by 0x15AEE3: initialize_shell_variables (in /usr/bin/bash)
==2366==    by 0x138DC9: ??? (in /usr/bin/bash)
==2366==    by 0x137544: main (in /usr/bin/bash)
==2366== 
==2366== 40 bytes in 1 blocks are still reachable in loss record 226 of 304
==2366==    at 0x483B7F3: malloc (in /usr/lib/x86_64-linux-gnu/valgrind/vgpreload_memcheck-amd64-linux.so)
==2366==    by 0x1984F3: xmalloc (in /usr/bin/bash)
==2366==    by 0x1834BF: array_create (in /usr/bin/bash)
==2366==    by 0x158D5D: make_new_array_variable (in /usr/bin/bash)
==2366==    by 0x158DA7: ??? (in /usr/bin/bash)
==2366==    by 0x15B2CD: initialize_shell_variables (in /usr/bin/bash)
==2366==    by 0x138DC9: ??? (in /usr/bin/bash)
==2366==    by 0x137544: main (in /usr/bin/bash)
==2366== 
==2366== 40 bytes in 1 blocks are still reachable in loss record 227 of 304
==2366==    at 0x483B7F3: malloc (in /usr/lib/x86_64-linux-gnu/valgrind/vgpreload_memcheck-amd64-linux.so)
==2366==    by 0x1984F3: xmalloc (in /usr/bin/bash)
==2366==    by 0x1834BF: array_create (in /usr/bin/bash)
==2366==    by 0x158D5D: make_new_array_variable (in /usr/bin/bash)
==2366==    by 0x158DA7: ??? (in /usr/bin/bash)
==2366==    by 0x15B2EC: initialize_shell_variables (in /usr/bin/bash)
==2366==    by 0x138DC9: ??? (in /usr/bin/bash)
==2366==    by 0x137544: main (in /usr/bin/bash)
==2366== 
==2366== 40 bytes in 1 blocks are still reachable in loss record 228 of 304
==2366==    at 0x483B7F3: malloc (in /usr/lib/x86_64-linux-gnu/valgrind/vgpreload_memcheck-amd64-linux.so)
==2366==    by 0x1984F3: xmalloc (in /usr/bin/bash)
==2366==    by 0x1834BF: array_create (in /usr/bin/bash)
==2366==    by 0x158D5D: make_new_array_variable (in /usr/bin/bash)
==2366==    by 0x158DA7: ??? (in /usr/bin/bash)
==2366==    by 0x15B30B: initialize_shell_variables (in /usr/bin/bash)
==2366==    by 0x138DC9: ??? (in /usr/bin/bash)
==2366==    by 0x137544: main (in /usr/bin/bash)
==2366== 
==2366== 40 bytes in 1 blocks are still reachable in loss record 229 of 304
==2366==    at 0x483B7F3: malloc (in /usr/lib/x86_64-linux-gnu/valgrind/vgpreload_memcheck-amd64-linux.so)
==2366==    by 0x1984F3: xmalloc (in /usr/bin/bash)
==2366==    by 0x1834BF: array_create (in /usr/bin/bash)
==2366==    by 0x158D5D: make_new_array_variable (in /usr/bin/bash)
==2366==    by 0x158DA7: ??? (in /usr/bin/bash)
==2366==    by 0x15B32A: initialize_shell_variables (in /usr/bin/bash)
==2366==    by 0x138DC9: ??? (in /usr/bin/bash)
==2366==    by 0x137544: main (in /usr/bin/bash)
==2366== 
==2366== 40 bytes in 1 blocks are still reachable in loss record 230 of 304
==2366==    at 0x483B7F3: malloc (in /usr/lib/x86_64-linux-gnu/valgrind/vgpreload_memcheck-amd64-linux.so)
==2366==    by 0x1984F3: xmalloc (in /usr/bin/bash)
==2366==    by 0x1834BF: array_create (in /usr/bin/bash)
==2366==    by 0x158D5D: make_new_array_variable (in /usr/bin/bash)
==2366==    by 0x158DA7: ??? (in /usr/bin/bash)
==2366==    by 0x15B349: initialize_shell_variables (in /usr/bin/bash)
==2366==    by 0x138DC9: ??? (in /usr/bin/bash)
==2366==    by 0x137544: main (in /usr/bin/bash)
==2366== 
==2366== 40 bytes in 1 blocks are still reachable in loss record 231 of 304
==2366==    at 0x483B7F3: malloc (in /usr/lib/x86_64-linux-gnu/valgrind/vgpreload_memcheck-amd64-linux.so)
==2366==    by 0x1984F3: xmalloc (in /usr/bin/bash)
==2366==    by 0x1834BF: array_create (in /usr/bin/bash)
==2366==    by 0x158D5D: make_new_array_variable (in /usr/bin/bash)
==2366==    by 0x158DA7: ??? (in /usr/bin/bash)
==2366==    by 0x15B368: initialize_shell_variables (in /usr/bin/bash)
==2366==    by 0x138DC9: ??? (in /usr/bin/bash)
==2366==    by 0x137544: main (in /usr/bin/bash)
==2366== 
==2366== 40 bytes in 1 blocks are still reachable in loss record 232 of 304
==2366==    at 0x483B7F3: malloc (in /usr/lib/x86_64-linux-gnu/valgrind/vgpreload_memcheck-amd64-linux.so)
==2366==    by 0x1984F3: xmalloc (in /usr/bin/bash)
==2366==    by 0x1834BF: array_create (in /usr/bin/bash)
==2366==    by 0x158D5D: make_new_array_variable (in /usr/bin/bash)
==2366==    by 0x15B64D: initialize_shell_variables (in /usr/bin/bash)
==2366==    by 0x138DC9: ??? (in /usr/bin/bash)
==2366==    by 0x137544: main (in /usr/bin/bash)
==2366== 
==2366== 40 bytes in 1 blocks are still reachable in loss record 233 of 304
==2366==    at 0x483B7F3: malloc (in /usr/lib/x86_64-linux-gnu/valgrind/vgpreload_memcheck-amd64-linux.so)
==2366==    by 0x1984F3: xmalloc (in /usr/bin/bash)
==2366==    by 0x1834BF: array_create (in /usr/bin/bash)
==2366==    by 0x158D5D: make_new_array_variable (in /usr/bin/bash)
==2366==    by 0x15C10B: set_pipestatus_array (in /usr/bin/bash)
==2366==    by 0x15172F: execute_command_internal (in /usr/bin/bash)
==2366==    by 0x1519D9: execute_command (in /usr/bin/bash)
==2366==    by 0x139664: reader_loop (in /usr/bin/bash)
==2366==    by 0x137EF8: main (in /usr/bin/bash)
==2366== 
==2366== 41 bytes in 1 blocks are still reachable in loss record 234 of 304
==2366==    at 0x483B7F3: malloc (in /usr/lib/x86_64-linux-gnu/valgrind/vgpreload_memcheck-amd64-linux.so)
==2366==    by 0x1984F3: xmalloc (in /usr/bin/bash)
==2366==    by 0x156DA1: make_variable_value (in /usr/bin/bash)
==2366==    by 0x15806D: ??? (in /usr/bin/bash)
==2366==    by 0x1A76E0: set_shellopts (in /usr/bin/bash)
==2366==    by 0x138DFD: ??? (in /usr/bin/bash)
==2366==    by 0x137544: main (in /usr/bin/bash)
==2366== 
==2366== 48 bytes in 1 blocks are still reachable in loss record 235 of 304
==2366==    at 0x483B7F3: malloc (in /usr/lib/x86_64-linux-gnu/valgrind/vgpreload_memcheck-amd64-linux.so)
==2366==    by 0x1984F3: xmalloc (in /usr/bin/bash)
==2366==    by 0x1544C3: ??? (in /usr/bin/bash)
==2366==    by 0x157FCF: ??? (in /usr/bin/bash)
==2366==    by 0x15805C: ??? (in /usr/bin/bash)
==2366==    by 0x159447: set_pwd (in /usr/bin/bash)
==2366==    by 0x15AAEE: initialize_shell_variables (in /usr/bin/bash)
==2366==    by 0x138DC9: ??? (in /usr/bin/bash)
==2366==    by 0x137544: main (in /usr/bin/bash)
==2366== 
==2366== 48 bytes in 1 blocks are still reachable in loss record 236 of 304
==2366==    at 0x483B7F3: malloc (in /usr/lib/x86_64-linux-gnu/valgrind/vgpreload_memcheck-amd64-linux.so)
==2366==    by 0x1984F3: xmalloc (in /usr/bin/bash)
==2366==    by 0x1544C3: ??? (in /usr/bin/bash)
==2366==    by 0x157FCF: ??? (in /usr/bin/bash)
==2366==    by 0x15805C: ??? (in /usr/bin/bash)
==2366==    by 0x159490: set_pwd (in /usr/bin/bash)
==2366==    by 0x15AAEE: initialize_shell_variables (in /usr/bin/bash)
==2366==    by 0x138DC9: ??? (in /usr/bin/bash)
==2366==    by 0x137544: main (in /usr/bin/bash)
==2366== 
==2366== 48 bytes in 1 blocks are still reachable in loss record 237 of 304
==2366==    at 0x483B7F3: malloc (in /usr/lib/x86_64-linux-gnu/valgrind/vgpreload_memcheck-amd64-linux.so)
==2366==    by 0x1984F3: xmalloc (in /usr/bin/bash)
==2366==    by 0x1544C3: ??? (in /usr/bin/bash)
==2366==    by 0x157FCF: ??? (in /usr/bin/bash)
==2366==    by 0x15805C: ??? (in /usr/bin/bash)
==2366==    by 0x15AB01: initialize_shell_variables (in /usr/bin/bash)
==2366==    by 0x138DC9: ??? (in /usr/bin/bash)
==2366==    by 0x137544: main (in /usr/bin/bash)
==2366== 
==2366== 48 bytes in 1 blocks are still reachable in loss record 238 of 304
==2366==    at 0x483B7F3: malloc (in /usr/lib/x86_64-linux-gnu/valgrind/vgpreload_memcheck-amd64-linux.so)
==2366==    by 0x1984F3: xmalloc (in /usr/bin/bash)
==2366==    by 0x1544C3: ??? (in /usr/bin/bash)
==2366==    by 0x157FCF: ??? (in /usr/bin/bash)
==2366==    by 0x15805C: ??? (in /usr/bin/bash)
==2366==    by 0x15AB1F: initialize_shell_variables (in /usr/bin/bash)
==2366==    by 0x138DC9: ??? (in /usr/bin/bash)
==2366==    by 0x137544: main (in /usr/bin/bash)
==2366== 
==2366== 48 bytes in 1 blocks are still reachable in loss record 239 of 304
==2366==    at 0x483B7F3: malloc (in /usr/lib/x86_64-linux-gnu/valgrind/vgpreload_memcheck-amd64-linux.so)
==2366==    by 0x1984F3: xmalloc (in /usr/bin/bash)
==2366==    by 0x1544C3: ??? (in /usr/bin/bash)
==2366==    by 0x157FCF: ??? (in /usr/bin/bash)
==2366==    by 0x15805C: ??? (in /usr/bin/bash)
==2366==    by 0x15AB32: initialize_shell_variables (in /usr/bin/bash)
==2366==    by 0x138DC9: ??? (in /usr/bin/bash)
==2366==    by 0x137544: main (in /usr/bin/bash)
==2366== 
==2366== 48 bytes in 1 blocks are still reachable in loss record 240 of 304
==2366==    at 0x483B7F3: malloc (in /usr/lib/x86_64-linux-gnu/valgrind/vgpreload_memcheck-amd64-linux.so)
==2366==    by 0x1984F3: xmalloc (in /usr/bin/bash)
==2366==    by 0x1544C3: ??? (in /usr/bin/bash)
==2366==    by 0x157FCF: ??? (in /usr/bin/bash)
==2366==    by 0x15805C: ??? (in /usr/bin/bash)
==2366==    by 0x15AB65: initialize_shell_variables (in /usr/bin/bash)
==2366==    by 0x138DC9: ??? (in /usr/bin/bash)
==2366==    by 0x137544: main (in /usr/bin/bash)
==2366== 
==2366== 48 bytes in 1 blocks are still reachable in loss record 241 of 304
==2366==    at 0x483B7F3: malloc (in /usr/lib/x86_64-linux-gnu/valgrind/vgpreload_memcheck-amd64-linux.so)
==2366==    by 0x1984F3: xmalloc (in /usr/bin/bash)
==2366==    by 0x1544C3: ??? (in /usr/bin/bash)
==2366==    by 0x157FCF: ??? (in /usr/bin/bash)
==2366==    by 0x15805C: ??? (in /usr/bin/bash)
==2366==    by 0x15AB7A: initialize_shell_variables (in /usr/bin/bash)
==2366==    by 0x138DC9: ??? (in /usr/bin/bash)
==2366==    by 0x137544: main (in /usr/bin/bash)
==2366== 
==2366== 48 bytes in 1 blocks are still reachable in loss record 242 of 304
==2366==    at 0x483B7F3: malloc (in /usr/lib/x86_64-linux-gnu/valgrind/vgpreload_memcheck-amd64-linux.so)
==2366==    by 0x1984F3: xmalloc (in /usr/bin/bash)
==2366==    by 0x1544C3: ??? (in /usr/bin/bash)
==2366==    by 0x157FCF: ??? (in /usr/bin/bash)
==2366==    by 0x15805C: ??? (in /usr/bin/bash)
==2366==    by 0x15AB95: initialize_shell_variables (in /usr/bin/bash)
==2366==    by 0x138DC9: ??? (in /usr/bin/bash)
==2366==    by 0x137544: main (in /usr/bin/bash)
==2366== 
==2366== 48 bytes in 1 blocks are still reachable in loss record 243 of 304
==2366==    at 0x483B7F3: malloc (in /usr/lib/x86_64-linux-gnu/valgrind/vgpreload_memcheck-amd64-linux.so)
==2366==    by 0x1984F3: xmalloc (in /usr/bin/bash)
==2366==    by 0x1544C3: ??? (in /usr/bin/bash)
==2366==    by 0x157FCF: ??? (in /usr/bin/bash)
==2366==    by 0x15805C: ??? (in /usr/bin/bash)
==2366==    by 0x15ABA8: initialize_shell_variables (in /usr/bin/bash)
==2366==    by 0x138DC9: ??? (in /usr/bin/bash)
==2366==    by 0x137544: main (in /usr/bin/bash)
==2366== 
==2366== 48 bytes in 1 blocks are still reachable in loss record 244 of 304
==2366==    at 0x483B7F3: malloc (in /usr/lib/x86_64-linux-gnu/valgrind/vgpreload_memcheck-amd64-linux.so)
==2366==    by 0x1984F3: xmalloc (in /usr/bin/bash)
==2366==    by 0x1544C3: ??? (in /usr/bin/bash)
==2366==    by 0x157FCF: ??? (in /usr/bin/bash)
==2366==    by 0x15805C: ??? (in /usr/bin/bash)
==2366==    by 0x15ABBB: initialize_shell_variables (in /usr/bin/bash)
==2366==    by 0x138DC9: ??? (in /usr/bin/bash)
==2366==    by 0x137544: main (in /usr/bin/bash)
==2366== 
==2366== 48 bytes in 1 blocks are still reachable in loss record 245 of 304
==2366==    at 0x483B7F3: malloc (in /usr/lib/x86_64-linux-gnu/valgrind/vgpreload_memcheck-amd64-linux.so)
==2366==    by 0x1984F3: xmalloc (in /usr/bin/bash)
==2366==    by 0x1544C3: ??? (in /usr/bin/bash)
==2366==    by 0x157FCF: ??? (in /usr/bin/bash)
==2366==    by 0x15805C: ??? (in /usr/bin/bash)
==2366==    by 0x15ABCE: initialize_shell_variables (in /usr/bin/bash)
==2366==    by 0x138DC9: ??? (in /usr/bin/bash)
==2366==    by 0x137544: main (in /usr/bin/bash)
==2366== 
==2366== 48 bytes in 1 blocks are still reachable in loss record 246 of 304
==2366==    at 0x483B7F3: malloc (in /usr/lib/x86_64-linux-gnu/valgrind/vgpreload_memcheck-amd64-linux.so)
==2366==    by 0x1984F3: xmalloc (in /usr/bin/bash)
==2366==    by 0x1544C3: ??? (in /usr/bin/bash)
==2366==    by 0x157FCF: ??? (in /usr/bin/bash)
==2366==    by 0x15805C: ??? (in /usr/bin/bash)
==2366==    by 0x15929E: adjust_shell_level (in /usr/bin/bash)
==2366==    by 0x15AC10: initialize_shell_variables (in /usr/bin/bash)
==2366==    by 0x138DC9: ??? (in /usr/bin/bash)
==2366==    by 0x137544: main (in /usr/bin/bash)
==2366== 
==2366== 48 bytes in 1 blocks are still reachable in loss record 247 of 304
==2366==    at 0x483B7F3: malloc (in /usr/lib/x86_64-linux-gnu/valgrind/vgpreload_memcheck-amd64-linux.so)
==2366==    by 0x1984F3: xmalloc (in /usr/bin/bash)
==2366==    by 0x1544C3: ??? (in /usr/bin/bash)
==2366==    by 0x157FCF: ??? (in /usr/bin/bash)
==2366==    by 0x15805C: ??? (in /usr/bin/bash)
==2366==    by 0x159628: set_ppid (in /usr/bin/bash)
==2366==    by 0x15AC15: initialize_shell_variables (in /usr/bin/bash)
==2366==    by 0x138DC9: ??? (in /usr/bin/bash)
==2366==    by 0x137544: main (in /usr/bin/bash)
==2366== 
==2366== 48 bytes in 1 blocks are still reachable in loss record 248 of 304
==2366==    at 0x483B7F3: malloc (in /usr/lib/x86_64-linux-gnu/valgrind/vgpreload_memcheck-amd64-linux.so)
==2366==    by 0x1984F3: xmalloc (in /usr/bin/bash)
==2366==    by 0x1544C3: ??? (in /usr/bin/bash)
==2366==    by 0x157FCF: ??? (in /usr/bin/bash)
==2366==    by 0x15805C: ??? (in /usr/bin/bash)
==2366==    by 0x15AC2A: initialize_shell_variables (in /usr/bin/bash)
==2366==    by 0x138DC9: ??? (in /usr/bin/bash)
==2366==    by 0x137544: main (in /usr/bin/bash)
==2366== 
==2366== 48 bytes in 1 blocks are still reachable in loss record 249 of 304
==2366==    at 0x483B7F3: malloc (in /usr/lib/x86_64-linux-gnu/valgrind/vgpreload_memcheck-amd64-linux.so)
==2366==    by 0x1984F3: xmalloc (in /usr/bin/bash)
==2366==    by 0x1544C3: ??? (in /usr/bin/bash)
==2366==    by 0x157FCF: ??? (in /usr/bin/bash)
==2366==    by 0x15805C: ??? (in /usr/bin/bash)
==2366==    by 0x15AC4A: initialize_shell_variables (in /usr/bin/bash)
==2366==    by 0x138DC9: ??? (in /usr/bin/bash)
==2366==    by 0x137544: main (in /usr/bin/bash)
==2366== 
==2366== 48 bytes in 1 blocks are still reachable in loss record 250 of 304
==2366==    at 0x483B7F3: malloc (in /usr/lib/x86_64-linux-gnu/valgrind/vgpreload_memcheck-amd64-linux.so)
==2366==    by 0x1984F3: xmalloc (in /usr/bin/bash)
==2366==    by 0x1544C3: ??? (in /usr/bin/bash)
==2366==    by 0x157FCF: ??? (in /usr/bin/bash)
==2366==    by 0x15805C: ??? (in /usr/bin/bash)
==2366==    by 0x15AE90: initialize_shell_variables (in /usr/bin/bash)
==2366==    by 0x138DC9: ??? (in /usr/bin/bash)
==2366==    by 0x137544: main (in /usr/bin/bash)
==2366== 
==2366== 48 bytes in 1 blocks are still reachable in loss record 251 of 304
==2366==    at 0x483B7F3: malloc (in /usr/lib/x86_64-linux-gnu/valgrind/vgpreload_memcheck-amd64-linux.so)
==2366==    by 0x1984F3: xmalloc (in /usr/bin/bash)
==2366==    by 0x1544C3: ??? (in /usr/bin/bash)
==2366==    by 0x157FCF: ??? (in /usr/bin/bash)
==2366==    by 0x15805C: ??? (in /usr/bin/bash)
==2366==    by 0x15B635: initialize_shell_variables (in /usr/bin/bash)
==2366==    by 0x138DC9: ??? (in /usr/bin/bash)
==2366==    by 0x137544: main (in /usr/bin/bash)
==2366== 
==2366== 48 bytes in 1 blocks are still reachable in loss record 252 of 304
==2366==    at 0x483B7F3: malloc (in /usr/lib/x86_64-linux-gnu/valgrind/vgpreload_memcheck-amd64-linux.so)
==2366==    by 0x1984F3: xmalloc (in /usr/bin/bash)
==2366==    by 0x1544C3: ??? (in /usr/bin/bash)
==2366==    by 0x157FCF: ??? (in /usr/bin/bash)
==2366==    by 0x15805C: ??? (in /usr/bin/bash)
==2366==    by 0x15AECB: initialize_shell_variables (in /usr/bin/bash)
==2366==    by 0x138DC9: ??? (in /usr/bin/bash)
==2366==    by 0x137544: main (in /usr/bin/bash)
==2366== 
==2366== 48 bytes in 1 blocks are still reachable in loss record 253 of 304
==2366==    at 0x483B7F3: malloc (in /usr/lib/x86_64-linux-gnu/valgrind/vgpreload_memcheck-amd64-linux.so)
==2366==    by 0x1984F3: xmalloc (in /usr/bin/bash)
==2366==    by 0x1544C3: ??? (in /usr/bin/bash)
==2366==    by 0x157FCF: ??? (in /usr/bin/bash)
==2366==    by 0x158D55: make_new_array_variable (in /usr/bin/bash)
==2366==    by 0x15AEE3: initialize_shell_variables (in /usr/bin/bash)
==2366==    by 0x138DC9: ??? (in /usr/bin/bash)
==2366==    by 0x137544: main (in /usr/bin/bash)
==2366== 
==2366== 48 bytes in 1 blocks are still reachable in loss record 254 of 304
==2366==    at 0x483B7F3: malloc (in /usr/lib/x86_64-linux-gnu/valgrind/vgpreload_memcheck-amd64-linux.so)
==2366==    by 0x1984F3: xmalloc (in /usr/bin/bash)
==2366==    by 0x1544C3: ??? (in /usr/bin/bash)
==2366==    by 0x157FCF: ??? (in /usr/bin/bash)
==2366==    by 0x15805C: ??? (in /usr/bin/bash)
==2366==    by 0x15B7C8: initialize_shell_variables (in /usr/bin/bash)
==2366==    by 0x138DC9: ??? (in /usr/bin/bash)
==2366==    by 0x137544: main (in /usr/bin/bash)
==2366== 
==2366== 48 bytes in 1 blocks are still reachable in loss record 255 of 304
==2366==    at 0x483B7F3: malloc (in /usr/lib/x86_64-linux-gnu/valgrind/vgpreload_memcheck-amd64-linux.so)
==2366==    by 0x1984F3: xmalloc (in /usr/bin/bash)
==2366==    by 0x1544C3: ??? (in /usr/bin/bash)
==2366==    by 0x157FCF: ??? (in /usr/bin/bash)
==2366==    by 0x15805C: ??? (in /usr/bin/bash)
==2366==    by 0x15B7AE: initialize_shell_variables (in /usr/bin/bash)
==2366==    by 0x138DC9: ??? (in /usr/bin/bash)
==2366==    by 0x137544: main (in /usr/bin/bash)
==2366== 
==2366== 48 bytes in 1 blocks are still reachable in loss record 256 of 304
==2366==    at 0x483B7F3: malloc (in /usr/lib/x86_64-linux-gnu/valgrind/vgpreload_memcheck-amd64-linux.so)
==2366==    by 0x1984F3: xmalloc (in /usr/bin/bash)
==2366==    by 0x1544C3: ??? (in /usr/bin/bash)
==2366==    by 0x157FCF: ??? (in /usr/bin/bash)
==2366==    by 0x15805C: ??? (in /usr/bin/bash)
==2366==    by 0x15B112: initialize_shell_variables (in /usr/bin/bash)
==2366==    by 0x138DC9: ??? (in /usr/bin/bash)
==2366==    by 0x137544: main (in /usr/bin/bash)
==2366== 
==2366== 48 bytes in 1 blocks are still reachable in loss record 257 of 304
==2366==    at 0x483B7F3: malloc (in /usr/lib/x86_64-linux-gnu/valgrind/vgpreload_memcheck-amd64-linux.so)
==2366==    by 0x1984F3: xmalloc (in /usr/bin/bash)
==2366==    by 0x1544C3: ??? (in /usr/bin/bash)
==2366==    by 0x157FCF: ??? (in /usr/bin/bash)
==2366==    by 0x15805C: ??? (in /usr/bin/bash)
==2366==    by 0x15B13F: initialize_shell_variables (in /usr/bin/bash)
==2366==    by 0x138DC9: ??? (in /usr/bin/bash)
==2366==    by 0x137544: main (in /usr/bin/bash)
==2366== 
==2366== 48 bytes in 1 blocks are still reachable in loss record 258 of 304
==2366==    at 0x483B7F3: malloc (in /usr/lib/x86_64-linux-gnu/valgrind/vgpreload_memcheck-amd64-linux.so)
==2366==    by 0x1984F3: xmalloc (in /usr/bin/bash)
==2366==    by 0x1544C3: ??? (in /usr/bin/bash)
==2366==    by 0x157FCF: ??? (in /usr/bin/bash)
==2366==    by 0x15805C: ??? (in /usr/bin/bash)
==2366==    by 0x15B165: initialize_shell_variables (in /usr/bin/bash)
==2366==    by 0x138DC9: ??? (in /usr/bin/bash)
==2366==    by 0x137544: main (in /usr/bin/bash)
==2366== 
==2366== 48 bytes in 1 blocks are still reachable in loss record 259 of 304
==2366==    at 0x483B7F3: malloc (in /usr/lib/x86_64-linux-gnu/valgrind/vgpreload_memcheck-amd64-linux.so)
==2366==    by 0x1984F3: xmalloc (in /usr/bin/bash)
==2366==    by 0x1544C3: ??? (in /usr/bin/bash)
==2366==    by 0x157FCF: ??? (in /usr/bin/bash)
==2366==    by 0x15805C: ??? (in /usr/bin/bash)
==2366==    by 0x15B188: initialize_shell_variables (in /usr/bin/bash)
==2366==    by 0x138DC9: ??? (in /usr/bin/bash)
==2366==    by 0x137544: main (in /usr/bin/bash)
==2366== 
==2366== 48 bytes in 1 blocks are still reachable in loss record 260 of 304
==2366==    at 0x483B7F3: malloc (in /usr/lib/x86_64-linux-gnu/valgrind/vgpreload_memcheck-amd64-linux.so)
==2366==    by 0x1984F3: xmalloc (in /usr/bin/bash)
==2366==    by 0x1544C3: ??? (in /usr/bin/bash)
==2366==    by 0x157FCF: ??? (in /usr/bin/bash)
==2366==    by 0x15805C: ??? (in /usr/bin/bash)
==2366==    by 0x15B1AE: initialize_shell_variables (in /usr/bin/bash)
==2366==    by 0x138DC9: ??? (in /usr/bin/bash)
==2366==    by 0x137544: main (in /usr/bin/bash)
==2366== 
==2366== 48 bytes in 1 blocks are still reachable in loss record 261 of 304
==2366==    at 0x483B7F3: malloc (in /usr/lib/x86_64-linux-gnu/valgrind/vgpreload_memcheck-amd64-linux.so)
==2366==    by 0x1984F3: xmalloc (in /usr/bin/bash)
==2366==    by 0x1544C3: ??? (in /usr/bin/bash)
==2366==    by 0x157FCF: ??? (in /usr/bin/bash)
==2366==    by 0x15805C: ??? (in /usr/bin/bash)
==2366==    by 0x15B1D8: initialize_shell_variables (in /usr/bin/bash)
==2366==    by 0x138DC9: ??? (in /usr/bin/bash)
==2366==    by 0x137544: main (in /usr/bin/bash)
==2366== 
==2366== 48 bytes in 1 blocks are still reachable in loss record 262 of 304
==2366==    at 0x483B7F3: malloc (in /usr/lib/x86_64-linux-gnu/valgrind/vgpreload_memcheck-amd64-linux.so)
==2366==    by 0x1984F3: xmalloc (in /usr/bin/bash)
==2366==    by 0x1544C3: ??? (in /usr/bin/bash)
==2366==    by 0x157FCF: ??? (in /usr/bin/bash)
==2366==    by 0x15805C: ??? (in /usr/bin/bash)
==2366==    by 0x15B205: initialize_shell_variables (in /usr/bin/bash)
==2366==    by 0x138DC9: ??? (in /usr/bin/bash)
==2366==    by 0x137544: main (in /usr/bin/bash)
==2366== 
==2366== 48 bytes in 1 blocks are still reachable in loss record 263 of 304
==2366==    at 0x483B7F3: malloc (in /usr/lib/x86_64-linux-gnu/valgrind/vgpreload_memcheck-amd64-linux.so)
==2366==    by 0x1984F3: xmalloc (in /usr/bin/bash)
==2366==    by 0x1544C3: ??? (in /usr/bin/bash)
==2366==    by 0x157FCF: ??? (in /usr/bin/bash)
==2366==    by 0x15805C: ??? (in /usr/bin/bash)
==2366==    by 0x15B228: initialize_shell_variables (in /usr/bin/bash)
==2366==    by 0x138DC9: ??? (in /usr/bin/bash)
==2366==    by 0x137544: main (in /usr/bin/bash)
==2366== 
==2366== 48 bytes in 1 blocks are still reachable in loss record 264 of 304
==2366==    at 0x483B7F3: malloc (in /usr/lib/x86_64-linux-gnu/valgrind/vgpreload_memcheck-amd64-linux.so)
==2366==    by 0x1984F3: xmalloc (in /usr/bin/bash)
==2366==    by 0x1544C3: ??? (in /usr/bin/bash)
==2366==    by 0x157FCF: ??? (in /usr/bin/bash)
==2366==    by 0x15805C: ??? (in /usr/bin/bash)
==2366==    by 0x15B24E: initialize_shell_variables (in /usr/bin/bash)
==2366==    by 0x138DC9: ??? (in /usr/bin/bash)
==2366==    by 0x137544: main (in /usr/bin/bash)
==2366== 
==2366== 48 bytes in 1 blocks are still reachable in loss record 265 of 304
==2366==    at 0x483B7F3: malloc (in /usr/lib/x86_64-linux-gnu/valgrind/vgpreload_memcheck-amd64-linux.so)
==2366==    by 0x1984F3: xmalloc (in /usr/bin/bash)
==2366==    by 0x1544C3: ??? (in /usr/bin/bash)
==2366==    by 0x157FCF: ??? (in /usr/bin/bash)
==2366==    by 0x15805C: ??? (in /usr/bin/bash)
==2366==    by 0x15B27B: initialize_shell_variables (in /usr/bin/bash)
==2366==    by 0x138DC9: ??? (in /usr/bin/bash)
==2366==    by 0x137544: main (in /usr/bin/bash)
==2366== 
==2366== 48 bytes in 1 blocks are still reachable in loss record 266 of 304
==2366==    at 0x483B7F3: malloc (in /usr/lib/x86_64-linux-gnu/valgrind/vgpreload_memcheck-amd64-linux.so)
==2366==    by 0x1984F3: xmalloc (in /usr/bin/bash)
==2366==    by 0x1544C3: ??? (in /usr/bin/bash)
==2366==    by 0x157FCF: ??? (in /usr/bin/bash)
==2366==    by 0x15805C: ??? (in /usr/bin/bash)
==2366==    by 0x15B2A2: initialize_shell_variables (in /usr/bin/bash)
==2366==    by 0x138DC9: ??? (in /usr/bin/bash)
==2366==    by 0x137544: main (in /usr/bin/bash)
==2366== 
==2366== 48 bytes in 1 blocks are still reachable in loss record 267 of 304
==2366==    at 0x483B7F3: malloc (in /usr/lib/x86_64-linux-gnu/valgrind/vgpreload_memcheck-amd64-linux.so)
==2366==    by 0x1984F3: xmalloc (in /usr/bin/bash)
==2366==    by 0x1544C3: ??? (in /usr/bin/bash)
==2366==    by 0x157FCF: ??? (in /usr/bin/bash)
==2366==    by 0x158D55: make_new_array_variable (in /usr/bin/bash)
==2366==    by 0x158DA7: ??? (in /usr/bin/bash)
==2366==    by 0x15B2CD: initialize_shell_variables (in /usr/bin/bash)
==2366==    by 0x138DC9: ??? (in /usr/bin/bash)
==2366==    by 0x137544: main (in /usr/bin/bash)
==2366== 
==2366== 48 bytes in 1 blocks are still reachable in loss record 268 of 304
==2366==    at 0x483B7F3: malloc (in /usr/lib/x86_64-linux-gnu/valgrind/vgpreload_memcheck-amd64-linux.so)
==2366==    by 0x1984F3: xmalloc (in /usr/bin/bash)
==2366==    by 0x1544C3: ??? (in /usr/bin/bash)
==2366==    by 0x157FCF: ??? (in /usr/bin/bash)
==2366==    by 0x158D55: make_new_array_variable (in /usr/bin/bash)
==2366==    by 0x158DA7: ??? (in /usr/bin/bash)
==2366==    by 0x15B2EC: initialize_shell_variables (in /usr/bin/bash)
==2366==    by 0x138DC9: ??? (in /usr/bin/bash)
==2366==    by 0x137544: main (in /usr/bin/bash)
==2366== 
==2366== 48 bytes in 1 blocks are still reachable in loss record 269 of 304
==2366==    at 0x483B7F3: malloc (in /usr/lib/x86_64-linux-gnu/valgrind/vgpreload_memcheck-amd64-linux.so)
==2366==    by 0x1984F3: xmalloc (in /usr/bin/bash)
==2366==    by 0x1544C3: ??? (in /usr/bin/bash)
==2366==    by 0x157FCF: ??? (in /usr/bin/bash)
==2366==    by 0x158D55: make_new_array_variable (in /usr/bin/bash)
==2366==    by 0x158DA7: ??? (in /usr/bin/bash)
==2366==    by 0x15B30B: initialize_shell_variables (in /usr/bin/bash)
==2366==    by 0x138DC9: ??? (in /usr/bin/bash)
==2366==    by 0x137544: main (in /usr/bin/bash)
==2366== 
==2366== 48 bytes in 1 blocks are still reachable in loss record 270 of 304
==2366==    at 0x483B7F3: malloc (in /usr/lib/x86_64-linux-gnu/valgrind/vgpreload_memcheck-amd64-linux.so)
==2366==    by 0x1984F3: xmalloc (in /usr/bin/bash)
==2366==    by 0x1544C3: ??? (in /usr/bin/bash)
==2366==    by 0x157FCF: ??? (in /usr/bin/bash)
==2366==    by 0x158D55: make_new_array_variable (in /usr/bin/bash)
==2366==    by 0x158DA7: ??? (in /usr/bin/bash)
==2366==    by 0x15B32A: initialize_shell_variables (in /usr/bin/bash)
==2366==    by 0x138DC9: ??? (in /usr/bin/bash)
==2366==    by 0x137544: main (in /usr/bin/bash)
==2366== 
==2366== 48 bytes in 1 blocks are still reachable in loss record 271 of 304
==2366==    at 0x483B7F3: malloc (in /usr/lib/x86_64-linux-gnu/valgrind/vgpreload_memcheck-amd64-linux.so)
==2366==    by 0x1984F3: xmalloc (in /usr/bin/bash)
==2366==    by 0x1544C3: ??? (in /usr/bin/bash)
==2366==    by 0x157FCF: ??? (in /usr/bin/bash)
==2366==    by 0x158D55: make_new_array_variable (in /usr/bin/bash)
==2366==    by 0x158DA7: ??? (in /usr/bin/bash)
==2366==    by 0x15B349: initialize_shell_variables (in /usr/bin/bash)
==2366==    by 0x138DC9: ??? (in /usr/bin/bash)
==2366==    by 0x137544: main (in /usr/bin/bash)
==2366== 
==2366== 48 bytes in 1 blocks are still reachable in loss record 272 of 304
==2366==    at 0x483B7F3: malloc (in /usr/lib/x86_64-linux-gnu/valgrind/vgpreload_memcheck-amd64-linux.so)
==2366==    by 0x1984F3: xmalloc (in /usr/bin/bash)
==2366==    by 0x1544C3: ??? (in /usr/bin/bash)
==2366==    by 0x157FCF: ??? (in /usr/bin/bash)
==2366==    by 0x158D55: make_new_array_variable (in /usr/bin/bash)
==2366==    by 0x158DA7: ??? (in /usr/bin/bash)
==2366==    by 0x15B368: initialize_shell_variables (in /usr/bin/bash)
==2366==    by 0x138DC9: ??? (in /usr/bin/bash)
==2366==    by 0x137544: main (in /usr/bin/bash)
==2366== 
==2366== 48 bytes in 1 blocks are still reachable in loss record 273 of 304
==2366==    at 0x483B7F3: malloc (in /usr/lib/x86_64-linux-gnu/valgrind/vgpreload_memcheck-amd64-linux.so)
==2366==    by 0x1984F3: xmalloc (in /usr/bin/bash)
==2366==    by 0x1544C3: ??? (in /usr/bin/bash)
==2366==    by 0x157FCF: ??? (in /usr/bin/bash)
==2366==    by 0x158DE5: make_new_assoc_variable (in /usr/bin/bash)
==2366==    by 0x15B6A9: initialize_shell_variables (in /usr/bin/bash)
==2366==    by 0x138DC9: ??? (in /usr/bin/bash)
==2366==    by 0x137544: main (in /usr/bin/bash)
==2366== 
==2366== 48 bytes in 1 blocks are still reachable in loss record 274 of 304
==2366==    at 0x483B7F3: malloc (in /usr/lib/x86_64-linux-gnu/valgrind/vgpreload_memcheck-amd64-linux.so)
==2366==    by 0x1984F3: xmalloc (in /usr/bin/bash)
==2366==    by 0x1544C3: ??? (in /usr/bin/bash)
==2366==    by 0x157FCF: ??? (in /usr/bin/bash)
==2366==    by 0x158DE5: make_new_assoc_variable (in /usr/bin/bash)
==2366==    by 0x15B67B: initialize_shell_variables (in /usr/bin/bash)
==2366==    by 0x138DC9: ??? (in /usr/bin/bash)
==2366==    by 0x137544: main (in /usr/bin/bash)
==2366== 
==2366== 48 bytes in 1 blocks are still reachable in loss record 275 of 304
==2366==    at 0x483B7F3: malloc (in /usr/lib/x86_64-linux-gnu/valgrind/vgpreload_memcheck-amd64-linux.so)
==2366==    by 0x1984F3: xmalloc (in /usr/bin/bash)
==2366==    by 0x1544C3: ??? (in /usr/bin/bash)
==2366==    by 0x157FCF: ??? (in /usr/bin/bash)
==2366==    by 0x158D55: make_new_array_variable (in /usr/bin/bash)
==2366==    by 0x15B64D: initialize_shell_variables (in /usr/bin/bash)
==2366==    by 0x138DC9: ??? (in /usr/bin/bash)
==2366==    by 0x137544: main (in /usr/bin/bash)
==2366== 
==2366== 48 bytes in 1 blocks are still reachable in loss record 276 of 304
==2366==    at 0x483B7F3: malloc (in /usr/lib/x86_64-linux-gnu/valgrind/vgpreload_memcheck-amd64-linux.so)
==2366==    by 0x1984F3: xmalloc (in /usr/bin/bash)
==2366==    by 0x1544C3: ??? (in /usr/bin/bash)
==2366==    by 0x157FCF: ??? (in /usr/bin/bash)
==2366==    by 0x15805C: ??? (in /usr/bin/bash)
==2366==    by 0x1A76E0: set_shellopts (in /usr/bin/bash)
==2366==    by 0x138DFD: ??? (in /usr/bin/bash)
==2366==    by 0x137544: main (in /usr/bin/bash)
==2366== 
==2366== 48 bytes in 1 blocks are still reachable in loss record 277 of 304
==2366==    at 0x483B7F3: malloc (in /usr/lib/x86_64-linux-gnu/valgrind/vgpreload_memcheck-amd64-linux.so)
==2366==    by 0x1984F3: xmalloc (in /usr/bin/bash)
==2366==    by 0x1544C3: ??? (in /usr/bin/bash)
==2366==    by 0x157FCF: ??? (in /usr/bin/bash)
==2366==    by 0x15805C: ??? (in /usr/bin/bash)
==2366==    by 0x1AC4B0: set_bashopts (in /usr/bin/bash)
==2366==    by 0x138E1C: ??? (in /usr/bin/bash)
==2366==    by 0x137544: main (in /usr/bin/bash)
==2366== 
==2366== 48 bytes in 1 blocks are still reachable in loss record 278 of 304
==2366==    at 0x483B7F3: malloc (in /usr/lib/x86_64-linux-gnu/valgrind/vgpreload_memcheck-amd64-linux.so)
==2366==    by 0x1984F3: xmalloc (in /usr/bin/bash)
==2366==    by 0x17E939: fd_to_buffered_stream (in /usr/bin/bash)
==2366==    by 0x17EF54: with_input_from_buffered_stream (in /usr/bin/bash)
==2366==    by 0x137DC4: main (in /usr/bin/bash)
==2366== 
==2366== 48 bytes in 1 blocks are still reachable in loss record 279 of 304
==2366==    at 0x483B7F3: malloc (in /usr/lib/x86_64-linux-gnu/valgrind/vgpreload_memcheck-amd64-linux.so)
==2366==    by 0x1984F3: xmalloc (in /usr/bin/bash)
==2366==    by 0x1544C3: ??? (in /usr/bin/bash)
==2366==    by 0x157FCF: ??? (in /usr/bin/bash)
==2366==    by 0x158D55: make_new_array_variable (in /usr/bin/bash)
==2366==    by 0x15C10B: set_pipestatus_array (in /usr/bin/bash)
==2366==    by 0x15172F: execute_command_internal (in /usr/bin/bash)
==2366==    by 0x1519D9: execute_command (in /usr/bin/bash)
==2366==    by 0x139664: reader_loop (in /usr/bin/bash)
==2366==    by 0x137EF8: main (in /usr/bin/bash)
==2366== 
==2366== 61 bytes in 1 blocks are still reachable in loss record 280 of 304
==2366==    at 0x483B7F3: malloc (in /usr/lib/x86_64-linux-gnu/valgrind/vgpreload_memcheck-amd64-linux.so)
==2366==    by 0x1984F3: xmalloc (in /usr/bin/bash)
==2366==    by 0x156DA1: make_variable_value (in /usr/bin/bash)
==2366==    by 0x15806D: ??? (in /usr/bin/bash)
==2366==    by 0x15AB1F: initialize_shell_variables (in /usr/bin/bash)
==2366==    by 0x138DC9: ??? (in /usr/bin/bash)
==2366==    by 0x137544: main (in /usr/bin/bash)
==2366== 
==2366== 64 bytes in 1 blocks are still reachable in loss record 281 of 304
==2366==    at 0x483B7F3: malloc (in /usr/lib/x86_64-linux-gnu/valgrind/vgpreload_memcheck-amd64-linux.so)
==2366==    by 0x1984F3: xmalloc (in /usr/bin/bash)
==2366==    by 0x149383: ??? (in /usr/bin/bash)
==2366==    by 0x149402: ??? (in /usr/bin/bash)
==2366==    by 0x1496BF: ??? (in /usr/bin/bash)
==2366==    by 0x14AE57: print_simple_command (in /usr/bin/bash)
==2366==    by 0x14F903: execute_command_internal (in /usr/bin/bash)
==2366==    by 0x1519D9: execute_command (in /usr/bin/bash)
==2366==    by 0x139664: reader_loop (in /usr/bin/bash)
==2366==    by 0x137EF8: main (in /usr/bin/bash)
==2366== 
==2366== 128 bytes in 1 blocks are still reachable in loss record 282 of 304
==2366==    at 0x483B7F3: malloc (in /usr/lib/x86_64-linux-gnu/valgrind/vgpreload_memcheck-amd64-linux.so)
==2366==    by 0x1984F3: xmalloc (in /usr/bin/bash)
==2366==    by 0x17E92C: fd_to_buffered_stream (in /usr/bin/bash)
==2366==    by 0x17EF54: with_input_from_buffered_stream (in /usr/bin/bash)
==2366==    by 0x137DC4: main (in /usr/bin/bash)
==2366== 
==2366== 144 bytes in 1 blocks are still reachable in loss record 283 of 304
==2366==    at 0x483B7F3: malloc (in /usr/lib/x86_64-linux-gnu/valgrind/vgpreload_memcheck-amd64-linux.so)
==2366==    by 0x1984F3: xmalloc (in /usr/bin/bash)
==2366==    by 0x156DA1: make_variable_value (in /usr/bin/bash)
==2366==    by 0x15806D: ??? (in /usr/bin/bash)
==2366==    by 0x1AC4B0: set_bashopts (in /usr/bin/bash)
==2366==    by 0x138E1C: ??? (in /usr/bin/bash)
==2366==    by 0x137544: main (in /usr/bin/bash)
==2366== 
==2366== 150 bytes in 11 blocks are still reachable in loss record 284 of 304
==2366==    at 0x483B7F3: malloc (in /usr/lib/x86_64-linux-gnu/valgrind/vgpreload_memcheck-amd64-linux.so)
==2366==    by 0x1984F3: xmalloc (in /usr/bin/bash)
==2366==    by 0x1544D7: ??? (in /usr/bin/bash)
==2366==    by 0x157FCF: ??? (in /usr/bin/bash)
==2366==    by 0x15805C: ??? (in /usr/bin/bash)
==2366==    by 0x15AD0C: initialize_shell_variables (in /usr/bin/bash)
==2366==    by 0x138DC9: ??? (in /usr/bin/bash)
==2366==    by 0x137544: main (in /usr/bin/bash)
==2366== 
==2366== 150 bytes in 11 blocks are still reachable in loss record 285 of 304
==2366==    at 0x483B7F3: malloc (in /usr/lib/x86_64-linux-gnu/valgrind/vgpreload_memcheck-amd64-linux.so)
==2366==    by 0x1984F3: xmalloc (in /usr/bin/bash)
==2366==    by 0x157FED: ??? (in /usr/bin/bash)
==2366==    by 0x15805C: ??? (in /usr/bin/bash)
==2366==    by 0x15AD0C: initialize_shell_variables (in /usr/bin/bash)
==2366==    by 0x138DC9: ??? (in /usr/bin/bash)
==2366==    by 0x137544: main (in /usr/bin/bash)
==2366== 
==2366== 223 bytes in 8 blocks are still reachable in loss record 286 of 304
==2366==    at 0x483B7F3: malloc (in /usr/lib/x86_64-linux-gnu/valgrind/vgpreload_memcheck-amd64-linux.so)
==2366==    by 0x1984F3: xmalloc (in /usr/bin/bash)
==2366==    by 0x156DA1: make_variable_value (in /usr/bin/bash)
==2366==    by 0x15806D: ??? (in /usr/bin/bash)
==2366==    by 0x15AD0C: initialize_shell_variables (in /usr/bin/bash)
==2366==    by 0x138DC9: ??? (in /usr/bin/bash)
==2366==    by 0x137544: main (in /usr/bin/bash)
==2366== 
==2366== 224 bytes in 7 blocks are still reachable in loss record 287 of 304
==2366==    at 0x483B7F3: malloc (in /usr/lib/x86_64-linux-gnu/valgrind/vgpreload_memcheck-amd64-linux.so)
==2366==    by 0x1984F3: xmalloc (in /usr/bin/bash)
==2366==    by 0x17F66E: unwind_protect_mem (in /usr/bin/bash)
==2366==    by 0x14FD00: execute_command_internal (in /usr/bin/bash)
==2366==    by 0x1519D9: execute_command (in /usr/bin/bash)
==2366==    by 0x139664: reader_loop (in /usr/bin/bash)
==2366==    by 0x137EF8: main (in /usr/bin/bash)
==2366== 
==2366== 224 bytes in 7 blocks are still reachable in loss record 288 of 304
==2366==    at 0x483B7F3: malloc (in /usr/lib/x86_64-linux-gnu/valgrind/vgpreload_memcheck-amd64-linux.so)
==2366==    by 0x1984F3: xmalloc (in /usr/bin/bash)
==2366==    by 0x17F66E: unwind_protect_mem (in /usr/bin/bash)
==2366==    by 0x14FD11: execute_command_internal (in /usr/bin/bash)
==2366==    by 0x1519D9: execute_command (in /usr/bin/bash)
==2366==    by 0x139664: reader_loop (in /usr/bin/bash)
==2366==    by 0x137EF8: main (in /usr/bin/bash)
==2366== 
==2366== 256 bytes in 1 blocks are still reachable in loss record 289 of 304
==2366==    at 0x483B7F3: malloc (in /usr/lib/x86_64-linux-gnu/valgrind/vgpreload_memcheck-amd64-linux.so)
==2366==    by 0x198577: xrealloc (in /usr/bin/bash)
==2366==    by 0x13C3B7: ??? (in /usr/bin/bash)
==2366==    by 0x13F5C9: ??? (in /usr/bin/bash)
==2366==    by 0x142EC7: yyparse (in /usr/bin/bash)
==2366==    by 0x13929A: parse_command (in /usr/bin/bash)
==2366==    by 0x1393A6: read_command (in /usr/bin/bash)
==2366==    by 0x1395C9: reader_loop (in /usr/bin/bash)
==2366==    by 0x137EF8: main (in /usr/bin/bash)
==2366== 
==2366== 352 bytes in 11 blocks are still reachable in loss record 290 of 304
==2366==    at 0x483B7F3: malloc (in /usr/lib/x86_64-linux-gnu/valgrind/vgpreload_memcheck-amd64-linux.so)
==2366==    by 0x1984F3: xmalloc (in /usr/bin/bash)
==2366==    by 0x17BBFB: hash_insert (in /usr/bin/bash)
==2366==    by 0x158008: ??? (in /usr/bin/bash)
==2366==    by 0x15805C: ??? (in /usr/bin/bash)
==2366==    by 0x15AD0C: initialize_shell_variables (in /usr/bin/bash)
==2366==    by 0x138DC9: ??? (in /usr/bin/bash)
==2366==    by 0x137544: main (in /usr/bin/bash)
==2366== 
==2366== 376 bytes in 11 blocks are still reachable in loss record 291 of 304
==2366==    at 0x483B7F3: malloc (in /usr/lib/x86_64-linux-gnu/valgrind/vgpreload_memcheck-amd64-linux.so)
==2366==    by 0x1984F3: xmalloc (in /usr/bin/bash)
==2366==    by 0x15AD62: initialize_shell_variables (in /usr/bin/bash)
==2366==    by 0x138DC9: ??? (in /usr/bin/bash)
==2366==    by 0x137544: main (in /usr/bin/bash)
==2366== 
==2366== 376 bytes in 11 blocks are still reachable in loss record 292 of 304
==2366==    at 0x483B7F3: malloc (in /usr/lib/x86_64-linux-gnu/valgrind/vgpreload_memcheck-amd64-linux.so)
==2366==    by 0x1984F3: xmalloc (in /usr/bin/bash)
==2366==    by 0x155585: ??? (in /usr/bin/bash)
==2366==    by 0x159B3E: ??? (in /usr/bin/bash)
==2366==    by 0x191D94: ??? (in /usr/bin/bash)
==2366==    by 0x192108: set_locale_var (in /usr/bin/bash)
==2366==    by 0x192302: set_default_lang (in /usr/bin/bash)
==2366==    by 0x137549: main (in /usr/bin/bash)
==2366== 
==2366== 440 bytes in 1 blocks are still reachable in loss record 293 of 304
==2366==    at 0x483B7F3: malloc (in /usr/lib/x86_64-linux-gnu/valgrind/vgpreload_memcheck-amd64-linux.so)
==2366==    by 0x198577: xrealloc (in /usr/bin/bash)
==2366==    by 0x159B62: ??? (in /usr/bin/bash)
==2366==    by 0x191D94: ??? (in /usr/bin/bash)
==2366==    by 0x192108: set_locale_var (in /usr/bin/bash)
==2366==    by 0x192302: set_default_lang (in /usr/bin/bash)
==2366==    by 0x137549: main (in /usr/bin/bash)
==2366== 
==2366== 496 bytes in 1 blocks are still reachable in loss record 294 of 304
==2366==    at 0x483B7F3: malloc (in /usr/lib/x86_64-linux-gnu/valgrind/vgpreload_memcheck-amd64-linux.so)
==2366==    by 0x198577: xrealloc (in /usr/bin/bash)
==2366==    by 0x140A3A: ??? (in /usr/bin/bash)
==2366==    by 0x142EC7: yyparse (in /usr/bin/bash)
==2366==    by 0x13929A: parse_command (in /usr/bin/bash)
==2366==    by 0x1393A6: read_command (in /usr/bin/bash)
==2366==    by 0x1395C9: reader_loop (in /usr/bin/bash)
==2366==    by 0x137EF8: main (in /usr/bin/bash)
==2366== 
==2366== 528 bytes in 11 blocks are still reachable in loss record 295 of 304
==2366==    at 0x483B7F3: malloc (in /usr/lib/x86_64-linux-gnu/valgrind/vgpreload_memcheck-amd64-linux.so)
==2366==    by 0x1984F3: xmalloc (in /usr/bin/bash)
==2366==    by 0x1544C3: ??? (in /usr/bin/bash)
==2366==    by 0x157FCF: ??? (in /usr/bin/bash)
==2366==    by 0x15805C: ??? (in /usr/bin/bash)
==2366==    by 0x15AD0C: initialize_shell_variables (in /usr/bin/bash)
==2366==    by 0x138DC9: ??? (in /usr/bin/bash)
==2366==    by 0x137544: main (in /usr/bin/bash)
==2366== 
==2366== 1,024 bytes in 1 blocks are still reachable in loss record 296 of 304
==2366==    at 0x483B7F3: malloc (in /usr/lib/x86_64-linux-gnu/valgrind/vgpreload_memcheck-amd64-linux.so)
==2366==    by 0x1984F3: xmalloc (in /usr/bin/bash)
==2366==    by 0x17B70C: hash_create (in /usr/bin/bash)
==2366==    by 0x158DEF: make_new_assoc_variable (in /usr/bin/bash)
==2366==    by 0x15B6A9: initialize_shell_variables (in /usr/bin/bash)
==2366==    by 0x138DC9: ??? (in /usr/bin/bash)
==2366==    by 0x137544: main (in /usr/bin/bash)
==2366== 
==2366== 1,024 bytes in 1 blocks are still reachable in loss record 297 of 304
==2366==    at 0x483B7F3: malloc (in /usr/lib/x86_64-linux-gnu/valgrind/vgpreload_memcheck-amd64-linux.so)
==2366==    by 0x1984F3: xmalloc (in /usr/bin/bash)
==2366==    by 0x17B70C: hash_create (in /usr/bin/bash)
==2366==    by 0x158DEF: make_new_assoc_variable (in /usr/bin/bash)
==2366==    by 0x15B67B: initialize_shell_variables (in /usr/bin/bash)
==2366==    by 0x138DC9: ??? (in /usr/bin/bash)
==2366==    by 0x137544: main (in /usr/bin/bash)
==2366== 
==2366== 1,024 bytes in 1 blocks are still reachable in loss record 298 of 304
==2366==    at 0x483B7F3: malloc (in /usr/lib/x86_64-linux-gnu/valgrind/vgpreload_memcheck-amd64-linux.so)
==2366==    by 0x1984F3: xmalloc (in /usr/bin/bash)
==2366==    by 0x147FC1: cmd_init (in /usr/bin/bash)
==2366==    by 0x137690: main (in /usr/bin/bash)
==2366== 
==2366== 1,024 bytes in 1 blocks are still reachable in loss record 299 of 304
==2366==    at 0x483B7F3: malloc (in /usr/lib/x86_64-linux-gnu/valgrind/vgpreload_memcheck-amd64-linux.so)
==2366==    by 0x1984F3: xmalloc (in /usr/bin/bash)
==2366==    by 0x147FDD: cmd_init (in /usr/bin/bash)
==2366==    by 0x137690: main (in /usr/bin/bash)
==2366== 
==2366== 1,024 bytes in 1 blocks are still reachable in loss record 300 of 304
==2366==    at 0x483B7F3: malloc (in /usr/lib/x86_64-linux-gnu/valgrind/vgpreload_memcheck-amd64-linux.so)
==2366==    by 0x1984F3: xmalloc (in /usr/bin/bash)
==2366==    by 0x17F291: uwp_init (in /usr/bin/bash)
==2366==    by 0x137695: main (in /usr/bin/bash)
==2366== 
==2366== 2,200 bytes in 1 blocks are still reachable in loss record 301 of 304
==2366==    at 0x483B7F3: malloc (in /usr/lib/x86_64-linux-gnu/valgrind/vgpreload_memcheck-amd64-linux.so)
==2366==    by 0x198577: xrealloc (in /usr/bin/bash)
==2366==    by 0x17E446: ??? (in /usr/bin/bash)
==2366==    by 0x17E9B8: fd_to_buffered_stream (in /usr/bin/bash)
==2366==    by 0x17EF54: with_input_from_buffered_stream (in /usr/bin/bash)
==2366==    by 0x137DC4: main (in /usr/bin/bash)
==2366== 
==2366== 4,096 bytes in 1 blocks are still reachable in loss record 302 of 304
==2366==    at 0x483B7F3: malloc (in /usr/lib/x86_64-linux-gnu/valgrind/vgpreload_memcheck-amd64-linux.so)
==2366==    by 0x1984F3: xmalloc (in /usr/bin/bash)
==2366==    by 0x17B74B: hash_create (in /usr/bin/bash)
==2366==    by 0x157FA9: ??? (in /usr/bin/bash)
==2366==    by 0x15AAAB: initialize_shell_variables (in /usr/bin/bash)
==2366==    by 0x138DC9: ??? (in /usr/bin/bash)
==2366==    by 0x137544: main (in /usr/bin/bash)
==2366== 
==2366== 4,096 bytes in 1 blocks are still reachable in loss record 303 of 304
==2366==    at 0x483B7F3: malloc (in /usr/lib/x86_64-linux-gnu/valgrind/vgpreload_memcheck-amd64-linux.so)
==2366==    by 0x1984F3: xmalloc (in /usr/bin/bash)
==2366==    by 0x17B74B: hash_create (in /usr/bin/bash)
==2366==    by 0x157F51: ??? (in /usr/bin/bash)
==2366==    by 0x15AAAB: initialize_shell_variables (in /usr/bin/bash)
==2366==    by 0x138DC9: ??? (in /usr/bin/bash)
==2366==    by 0x137544: main (in /usr/bin/bash)
==2366== 
==2366== 8,192 bytes in 1 blocks are still reachable in loss record 304 of 304
==2366==    at 0x483B7F3: malloc (in /usr/lib/x86_64-linux-gnu/valgrind/vgpreload_memcheck-amd64-linux.so)
==2366==    by 0x1984F3: xmalloc (in /usr/bin/bash)
==2366==    by 0x17B74B: hash_create (in /usr/bin/bash)
==2366==    by 0x157F8A: ??? (in /usr/bin/bash)
==2366==    by 0x15AAAB: initialize_shell_variables (in /usr/bin/bash)
==2366==    by 0x138DC9: ??? (in /usr/bin/bash)
==2366==    by 0x137544: main (in /usr/bin/bash)
==2366== 
==2366== LEAK SUMMARY:
==2366==    definitely lost: 2 bytes in 1 blocks
==2366==    indirectly lost: 0 bytes in 0 blocks
==2366==      possibly lost: 0 bytes in 0 blocks
==2366==    still reachable: 34,255 bytes in 386 blocks
==2366==         suppressed: 0 bytes in 0 blocks
==2366== 
==2366== For lists of detected and suppressed errors, rerun with: -s
==2366== ERROR SUMMARY: 1 errors from 1 contexts (suppressed: 0 from 0)
HTTP/1.1 200 OK
Content-Length: 61

HELLO\n
2366
\n
Press [CTRL+C] to stop...
/s1.sh
HTTP/1.1
\n
<<<<<<<<<<<<<<<<<<<<<<<<<<<<<<<<<<127.0.0.1==2367== Memcheck, a memory error detector
==2367== Copyright (C) 2002-2017, and GNU GPL'd, by Julian Seward et al.
==2367== Using Valgrind-3.15.0 and LibVEX; rerun with -h for copyright info
==2367== Command: /home/vscode/src/www/cgi/s1.sh
==2367== 
==2367== 
==2367== HEAP SUMMARY:
==2367==     in use at exit: 34,257 bytes in 387 blocks
==2367==   total heap usage: 587 allocs, 200 frees, 61,534 bytes allocated
==2367== 
==2367== 1 bytes in 1 blocks are still reachable in loss record 1 of 304
==2367==    at 0x483B7F3: malloc (in /usr/lib/x86_64-linux-gnu/valgrind/vgpreload_memcheck-amd64-linux.so)
==2367==    by 0x1984F3: xmalloc (in /usr/bin/bash)
==2367==    by 0x1920F9: set_locale_var (in /usr/bin/bash)
==2367==    by 0x192302: set_default_lang (in /usr/bin/bash)
==2367==    by 0x137549: main (in /usr/bin/bash)
==2367== 
==2367== 1 bytes in 1 blocks are still reachable in loss record 2 of 304
==2367==    at 0x483B7F3: malloc (in /usr/lib/x86_64-linux-gnu/valgrind/vgpreload_memcheck-amd64-linux.so)
==2367==    by 0x1984F3: xmalloc (in /usr/bin/bash)
==2367==    by 0x191E21: set_lang (in /usr/bin/bash)
==2367==    by 0x137549: main (in /usr/bin/bash)
==2367== 
==2367== 2 bytes in 1 blocks are still reachable in loss record 3 of 304
==2367==    at 0x483B7F3: malloc (in /usr/lib/x86_64-linux-gnu/valgrind/vgpreload_memcheck-amd64-linux.so)
==2367==    by 0x1984F3: xmalloc (in /usr/bin/bash)
==2367==    by 0x1544D7: ??? (in /usr/bin/bash)
==2367==    by 0x157FCF: ??? (in /usr/bin/bash)
==2367==    by 0x15805C: ??? (in /usr/bin/bash)
==2367==    by 0x15AB01: initialize_shell_variables (in /usr/bin/bash)
==2367==    by 0x138DC9: ??? (in /usr/bin/bash)
==2367==    by 0x137544: main (in /usr/bin/bash)
==2367== 
==2367== 2 bytes in 1 blocks are still reachable in loss record 4 of 304
==2367==    at 0x483B7F3: malloc (in /usr/lib/x86_64-linux-gnu/valgrind/vgpreload_memcheck-amd64-linux.so)
==2367==    by 0x1984F3: xmalloc (in /usr/bin/bash)
==2367==    by 0x157FED: ??? (in /usr/bin/bash)
==2367==    by 0x15805C: ??? (in /usr/bin/bash)
==2367==    by 0x15AB01: initialize_shell_variables (in /usr/bin/bash)
==2367==    by 0x138DC9: ??? (in /usr/bin/bash)
==2367==    by 0x137544: main (in /usr/bin/bash)
==2367== 
==2367== 2 bytes in 1 blocks are still reachable in loss record 5 of 304
==2367==    at 0x483B7F3: malloc (in /usr/lib/x86_64-linux-gnu/valgrind/vgpreload_memcheck-amd64-linux.so)
==2367==    by 0x1984F3: xmalloc (in /usr/bin/bash)
==2367==    by 0x156DA1: make_variable_value (in /usr/bin/bash)
==2367==    by 0x15806D: ??? (in /usr/bin/bash)
==2367==    by 0x15929E: adjust_shell_level (in /usr/bin/bash)
==2367==    by 0x15AC10: initialize_shell_variables (in /usr/bin/bash)
==2367==    by 0x138DC9: ??? (in /usr/bin/bash)
==2367==    by 0x137544: main (in /usr/bin/bash)
==2367== 
==2367== 2 bytes in 1 blocks are still reachable in loss record 6 of 304
==2367==    at 0x483B7F3: malloc (in /usr/lib/x86_64-linux-gnu/valgrind/vgpreload_memcheck-amd64-linux.so)
==2367==    by 0x1984F3: xmalloc (in /usr/bin/bash)
==2367==    by 0x156DA1: make_variable_value (in /usr/bin/bash)
==2367==    by 0x15806D: ??? (in /usr/bin/bash)
==2367==    by 0x15AC2A: initialize_shell_variables (in /usr/bin/bash)
==2367==    by 0x138DC9: ??? (in /usr/bin/bash)
==2367==    by 0x137544: main (in /usr/bin/bash)
==2367== 
==2367== 2 bytes in 1 blocks are still reachable in loss record 7 of 304
==2367==    at 0x483B7F3: malloc (in /usr/lib/x86_64-linux-gnu/valgrind/vgpreload_memcheck-amd64-linux.so)
==2367==    by 0x1984F3: xmalloc (in /usr/bin/bash)
==2367==    by 0x156DA1: make_variable_value (in /usr/bin/bash)
==2367==    by 0x15806D: ??? (in /usr/bin/bash)
==2367==    by 0x15AC4A: initialize_shell_variables (in /usr/bin/bash)
==2367==    by 0x138DC9: ??? (in /usr/bin/bash)
==2367==    by 0x137544: main (in /usr/bin/bash)
==2367== 
==2367== 2 bytes in 1 blocks are still reachable in loss record 8 of 304
==2367==    at 0x483B7F3: malloc (in /usr/lib/x86_64-linux-gnu/valgrind/vgpreload_memcheck-amd64-linux.so)
==2367==    by 0x1984F3: xmalloc (in /usr/bin/bash)
==2367==    by 0x183473: array_create_element (in /usr/bin/bash)
==2367==    by 0x183987: array_insert (in /usr/bin/bash)
==2367==    by 0x15AF24: initialize_shell_variables (in /usr/bin/bash)
==2367==    by 0x138DC9: ??? (in /usr/bin/bash)
==2367==    by 0x137544: main (in /usr/bin/bash)
==2367== 
==2367== 2 bytes in 1 blocks are still reachable in loss record 9 of 304
==2367==    at 0x483B7F3: malloc (in /usr/lib/x86_64-linux-gnu/valgrind/vgpreload_memcheck-amd64-linux.so)
==2367==    by 0x1984F3: xmalloc (in /usr/bin/bash)
==2367==    by 0x183473: array_create_element (in /usr/bin/bash)
==2367==    by 0x183987: array_insert (in /usr/bin/bash)
==2367==    by 0x15AF34: initialize_shell_variables (in /usr/bin/bash)
==2367==    by 0x138DC9: ??? (in /usr/bin/bash)
==2367==    by 0x137544: main (in /usr/bin/bash)
==2367== 
==2367== 2 bytes in 1 blocks are still reachable in loss record 10 of 304
==2367==    at 0x483B7F3: malloc (in /usr/lib/x86_64-linux-gnu/valgrind/vgpreload_memcheck-amd64-linux.so)
==2367==    by 0x1984F3: xmalloc (in /usr/bin/bash)
==2367==    by 0x183473: array_create_element (in /usr/bin/bash)
==2367==    by 0x183987: array_insert (in /usr/bin/bash)
==2367==    by 0x15AF81: initialize_shell_variables (in /usr/bin/bash)
==2367==    by 0x138DC9: ??? (in /usr/bin/bash)
==2367==    by 0x137544: main (in /usr/bin/bash)
==2367== 
==2367== 2 bytes in 1 blocks are still reachable in loss record 11 of 304
==2367==    at 0x483B7F3: malloc (in /usr/lib/x86_64-linux-gnu/valgrind/vgpreload_memcheck-amd64-linux.so)
==2367==    by 0x1984F3: xmalloc (in /usr/bin/bash)
==2367==    by 0x156DA1: make_variable_value (in /usr/bin/bash)
==2367==    by 0x15806D: ??? (in /usr/bin/bash)
==2367==    by 0x15B7C8: initialize_shell_variables (in /usr/bin/bash)
==2367==    by 0x138DC9: ??? (in /usr/bin/bash)
==2367==    by 0x137544: main (in /usr/bin/bash)
==2367== 
==2367== 2 bytes in 1 blocks are still reachable in loss record 12 of 304
==2367==    at 0x483B7F3: malloc (in /usr/lib/x86_64-linux-gnu/valgrind/vgpreload_memcheck-amd64-linux.so)
==2367==    by 0x1984F3: xmalloc (in /usr/bin/bash)
==2367==    by 0x156DA1: make_variable_value (in /usr/bin/bash)
==2367==    by 0x15806D: ??? (in /usr/bin/bash)
==2367==    by 0x15B7AE: initialize_shell_variables (in /usr/bin/bash)
==2367==    by 0x138DC9: ??? (in /usr/bin/bash)
==2367==    by 0x137544: main (in /usr/bin/bash)
==2367== 
==2367== 2 bytes in 1 blocks are still reachable in loss record 13 of 304
==2367==    at 0x483B7F3: malloc (in /usr/lib/x86_64-linux-gnu/valgrind/vgpreload_memcheck-amd64-linux.so)
==2367==    by 0x1984F3: xmalloc (in /usr/bin/bash)
==2367==    by 0x183473: array_create_element (in /usr/bin/bash)
==2367==    by 0x18367F: ??? (in /usr/bin/bash)
==2367==    by 0x137CB1: main (in /usr/bin/bash)
==2367== 
==2367== 2 bytes in 1 blocks are still reachable in loss record 14 of 304
==2367==    at 0x483B7F3: malloc (in /usr/lib/x86_64-linux-gnu/valgrind/vgpreload_memcheck-amd64-linux.so)
==2367==    by 0x1984F3: xmalloc (in /usr/bin/bash)
==2367==    by 0x1B7D71: itos (in /usr/bin/bash)
==2367==    by 0x15C13B: set_pipestatus_array (in /usr/bin/bash)
==2367==    by 0x15172F: execute_command_internal (in /usr/bin/bash)
==2367==    by 0x1519D9: execute_command (in /usr/bin/bash)
==2367==    by 0x139664: reader_loop (in /usr/bin/bash)
==2367==    by 0x137EF8: main (in /usr/bin/bash)
==2367== 
==2367== 2 bytes in 1 blocks are definitely lost in loss record 15 of 304
==2367==    at 0x483B7F3: malloc (in /usr/lib/x86_64-linux-gnu/valgrind/vgpreload_memcheck-amd64-linux.so)
==2367==    by 0x1984F3: xmalloc (in /usr/bin/bash)
==2367==    by 0x19196E: set_default_locale (in /usr/bin/bash)
==2367==    by 0x136C8A: main (in /usr/bin/bash)
==2367== 
==2367== 3 bytes in 1 blocks are still reachable in loss record 16 of 304
==2367==    at 0x483B7F3: malloc (in /usr/lib/x86_64-linux-gnu/valgrind/vgpreload_memcheck-amd64-linux.so)
==2367==    by 0x1984F3: xmalloc (in /usr/bin/bash)
==2367==    by 0x156DA1: make_variable_value (in /usr/bin/bash)
==2367==    by 0x15806D: ??? (in /usr/bin/bash)
==2367==    by 0x15AB65: initialize_shell_variables (in /usr/bin/bash)
==2367==    by 0x138DC9: ??? (in /usr/bin/bash)
==2367==    by 0x137544: main (in /usr/bin/bash)
==2367== 
==2367== 3 bytes in 1 blocks are still reachable in loss record 17 of 304
==2367==    at 0x483B7F3: malloc (in /usr/lib/x86_64-linux-gnu/valgrind/vgpreload_memcheck-amd64-linux.so)
==2367==    by 0x1984F3: xmalloc (in /usr/bin/bash)
==2367==    by 0x183473: array_create_element (in /usr/bin/bash)
==2367==    by 0x183987: array_insert (in /usr/bin/bash)
==2367==    by 0x15AF5D: initialize_shell_variables (in /usr/bin/bash)
==2367==    by 0x138DC9: ??? (in /usr/bin/bash)
==2367==    by 0x137544: main (in /usr/bin/bash)
==2367== 
==2367== 3 bytes in 1 blocks are still reachable in loss record 18 of 304
==2367==    at 0x483B7F3: malloc (in /usr/lib/x86_64-linux-gnu/valgrind/vgpreload_memcheck-amd64-linux.so)
==2367==    by 0x1984F3: xmalloc (in /usr/bin/bash)
==2367==    by 0x156DA1: make_variable_value (in /usr/bin/bash)
==2367==    by 0x15844D: ??? (in /usr/bin/bash)
==2367==    by 0x14C342: ??? (in /usr/bin/bash)
==2367==    by 0x150B52: execute_command_internal (in /usr/bin/bash)
==2367==    by 0x1519D9: execute_command (in /usr/bin/bash)
==2367==    by 0x139664: reader_loop (in /usr/bin/bash)
==2367==    by 0x137EF8: main (in /usr/bin/bash)
==2367== 
==2367== 3 bytes in 3 blocks are still reachable in loss record 19 of 304
==2367==    at 0x483B7F3: malloc (in /usr/lib/x86_64-linux-gnu/valgrind/vgpreload_memcheck-amd64-linux.so)
==2367==    by 0x1984F3: xmalloc (in /usr/bin/bash)
==2367==    by 0x156DE1: make_variable_value (in /usr/bin/bash)
==2367==    by 0x15806D: ??? (in /usr/bin/bash)
==2367==    by 0x15AD0C: initialize_shell_variables (in /usr/bin/bash)
==2367==    by 0x138DC9: ??? (in /usr/bin/bash)
==2367==    by 0x137544: main (in /usr/bin/bash)
==2367== 
==2367== 4 bytes in 1 blocks are still reachable in loss record 20 of 304
==2367==    at 0x483B7F3: malloc (in /usr/lib/x86_64-linux-gnu/valgrind/vgpreload_memcheck-amd64-linux.so)
==2367==    by 0x1984F3: xmalloc (in /usr/bin/bash)
==2367==    by 0x1544D7: ??? (in /usr/bin/bash)
==2367==    by 0x157FCF: ??? (in /usr/bin/bash)
==2367==    by 0x15805C: ??? (in /usr/bin/bash)
==2367==    by 0x159447: set_pwd (in /usr/bin/bash)
==2367==    by 0x15AAEE: initialize_shell_variables (in /usr/bin/bash)
==2367==    by 0x138DC9: ??? (in /usr/bin/bash)
==2367==    by 0x137544: main (in /usr/bin/bash)
==2367== 
==2367== 4 bytes in 1 blocks are still reachable in loss record 21 of 304
==2367==    at 0x483B7F3: malloc (in /usr/lib/x86_64-linux-gnu/valgrind/vgpreload_memcheck-amd64-linux.so)
==2367==    by 0x1984F3: xmalloc (in /usr/bin/bash)
==2367==    by 0x157FED: ??? (in /usr/bin/bash)
==2367==    by 0x15805C: ??? (in /usr/bin/bash)
==2367==    by 0x159447: set_pwd (in /usr/bin/bash)
==2367==    by 0x15AAEE: initialize_shell_variables (in /usr/bin/bash)
==2367==    by 0x138DC9: ??? (in /usr/bin/bash)
==2367==    by 0x137544: main (in /usr/bin/bash)
==2367== 
==2367== 4 bytes in 1 blocks are still reachable in loss record 22 of 304
==2367==    at 0x483B7F3: malloc (in /usr/lib/x86_64-linux-gnu/valgrind/vgpreload_memcheck-amd64-linux.so)
==2367==    by 0x1984F3: xmalloc (in /usr/bin/bash)
==2367==    by 0x1544D7: ??? (in /usr/bin/bash)
==2367==    by 0x157FCF: ??? (in /usr/bin/bash)
==2367==    by 0x15805C: ??? (in /usr/bin/bash)
==2367==    by 0x15AB65: initialize_shell_variables (in /usr/bin/bash)
==2367==    by 0x138DC9: ??? (in /usr/bin/bash)
==2367==    by 0x137544: main (in /usr/bin/bash)
==2367== 
==2367== 4 bytes in 1 blocks are still reachable in loss record 23 of 304
==2367==    at 0x483B7F3: malloc (in /usr/lib/x86_64-linux-gnu/valgrind/vgpreload_memcheck-amd64-linux.so)
==2367==    by 0x1984F3: xmalloc (in /usr/bin/bash)
==2367==    by 0x157FED: ??? (in /usr/bin/bash)
==2367==    by 0x15805C: ??? (in /usr/bin/bash)
==2367==    by 0x15AB65: initialize_shell_variables (in /usr/bin/bash)
==2367==    by 0x138DC9: ??? (in /usr/bin/bash)
==2367==    by 0x137544: main (in /usr/bin/bash)
==2367== 
==2367== 4 bytes in 1 blocks are still reachable in loss record 24 of 304
==2367==    at 0x483B7F3: malloc (in /usr/lib/x86_64-linux-gnu/valgrind/vgpreload_memcheck-amd64-linux.so)
==2367==    by 0x1984F3: xmalloc (in /usr/bin/bash)
==2367==    by 0x1544D7: ??? (in /usr/bin/bash)
==2367==    by 0x157FCF: ??? (in /usr/bin/bash)
==2367==    by 0x15805C: ??? (in /usr/bin/bash)
==2367==    by 0x15AB7A: initialize_shell_variables (in /usr/bin/bash)
==2367==    by 0x138DC9: ??? (in /usr/bin/bash)
==2367==    by 0x137544: main (in /usr/bin/bash)
==2367== 
==2367== 4 bytes in 1 blocks are still reachable in loss record 25 of 304
==2367==    at 0x483B7F3: malloc (in /usr/lib/x86_64-linux-gnu/valgrind/vgpreload_memcheck-amd64-linux.so)
==2367==    by 0x1984F3: xmalloc (in /usr/bin/bash)
==2367==    by 0x157FED: ??? (in /usr/bin/bash)
==2367==    by 0x15805C: ??? (in /usr/bin/bash)
==2367==    by 0x15AB7A: initialize_shell_variables (in /usr/bin/bash)
==2367==    by 0x138DC9: ??? (in /usr/bin/bash)
==2367==    by 0x137544: main (in /usr/bin/bash)
==2367== 
==2367== 4 bytes in 1 blocks are still reachable in loss record 26 of 304
==2367==    at 0x483B7F3: malloc (in /usr/lib/x86_64-linux-gnu/valgrind/vgpreload_memcheck-amd64-linux.so)
==2367==    by 0x1984F3: xmalloc (in /usr/bin/bash)
==2367==    by 0x156DA1: make_variable_value (in /usr/bin/bash)
==2367==    by 0x15806D: ??? (in /usr/bin/bash)
==2367==    by 0x15AB7A: initialize_shell_variables (in /usr/bin/bash)
==2367==    by 0x138DC9: ??? (in /usr/bin/bash)
==2367==    by 0x137544: main (in /usr/bin/bash)
==2367== 
==2367== 4 bytes in 1 blocks are still reachable in loss record 27 of 304
==2367==    at 0x483B7F3: malloc (in /usr/lib/x86_64-linux-gnu/valgrind/vgpreload_memcheck-amd64-linux.so)
==2367==    by 0x1984F3: xmalloc (in /usr/bin/bash)
==2367==    by 0x1544D7: ??? (in /usr/bin/bash)
==2367==    by 0x157FCF: ??? (in /usr/bin/bash)
==2367==    by 0x15805C: ??? (in /usr/bin/bash)
==2367==    by 0x15B7C8: initialize_shell_variables (in /usr/bin/bash)
==2367==    by 0x138DC9: ??? (in /usr/bin/bash)
==2367==    by 0x137544: main (in /usr/bin/bash)
==2367== 
==2367== 4 bytes in 1 blocks are still reachable in loss record 28 of 304
==2367==    at 0x483B7F3: malloc (in /usr/lib/x86_64-linux-gnu/valgrind/vgpreload_memcheck-amd64-linux.so)
==2367==    by 0x1984F3: xmalloc (in /usr/bin/bash)
==2367==    by 0x157FED: ??? (in /usr/bin/bash)
==2367==    by 0x15805C: ??? (in /usr/bin/bash)
==2367==    by 0x15B7C8: initialize_shell_variables (in /usr/bin/bash)
==2367==    by 0x138DC9: ??? (in /usr/bin/bash)
==2367==    by 0x137544: main (in /usr/bin/bash)
==2367== 
==2367== 5 bytes in 1 blocks are still reachable in loss record 29 of 304
==2367==    at 0x483B7F3: malloc (in /usr/lib/x86_64-linux-gnu/valgrind/vgpreload_memcheck-amd64-linux.so)
==2367==    by 0x1984F3: xmalloc (in /usr/bin/bash)
==2367==    by 0x1544D7: ??? (in /usr/bin/bash)
==2367==    by 0x157FCF: ??? (in /usr/bin/bash)
==2367==    by 0x15805C: ??? (in /usr/bin/bash)
==2367==    by 0x15AB1F: initialize_shell_variables (in /usr/bin/bash)
==2367==    by 0x138DC9: ??? (in /usr/bin/bash)
==2367==    by 0x137544: main (in /usr/bin/bash)
==2367== 
==2367== 5 bytes in 1 blocks are still reachable in loss record 30 of 304
==2367==    at 0x483B7F3: malloc (in /usr/lib/x86_64-linux-gnu/valgrind/vgpreload_memcheck-amd64-linux.so)
==2367==    by 0x1984F3: xmalloc (in /usr/bin/bash)
==2367==    by 0x157FED: ??? (in /usr/bin/bash)
==2367==    by 0x15805C: ??? (in /usr/bin/bash)
==2367==    by 0x15AB1F: initialize_shell_variables (in /usr/bin/bash)
==2367==    by 0x138DC9: ??? (in /usr/bin/bash)
==2367==    by 0x137544: main (in /usr/bin/bash)
==2367== 
==2367== 5 bytes in 1 blocks are still reachable in loss record 31 of 304
==2367==    at 0x483B7F3: malloc (in /usr/lib/x86_64-linux-gnu/valgrind/vgpreload_memcheck-amd64-linux.so)
==2367==    by 0x1984F3: xmalloc (in /usr/bin/bash)
==2367==    by 0x1544D7: ??? (in /usr/bin/bash)
==2367==    by 0x157FCF: ??? (in /usr/bin/bash)
==2367==    by 0x15805C: ??? (in /usr/bin/bash)
==2367==    by 0x15AB32: initialize_shell_variables (in /usr/bin/bash)
==2367==    by 0x138DC9: ??? (in /usr/bin/bash)
==2367==    by 0x137544: main (in /usr/bin/bash)
==2367== 
==2367== 5 bytes in 1 blocks are still reachable in loss record 32 of 304
==2367==    at 0x483B7F3: malloc (in /usr/lib/x86_64-linux-gnu/valgrind/vgpreload_memcheck-amd64-linux.so)
==2367==    by 0x1984F3: xmalloc (in /usr/bin/bash)
==2367==    by 0x157FED: ??? (in /usr/bin/bash)
==2367==    by 0x15805C: ??? (in /usr/bin/bash)
==2367==    by 0x15AB32: initialize_shell_variables (in /usr/bin/bash)
==2367==    by 0x138DC9: ??? (in /usr/bin/bash)
==2367==    by 0x137544: main (in /usr/bin/bash)
==2367== 
==2367== 5 bytes in 1 blocks are still reachable in loss record 33 of 304
==2367==    at 0x483B7F3: malloc (in /usr/lib/x86_64-linux-gnu/valgrind/vgpreload_memcheck-amd64-linux.so)
==2367==    by 0x1984F3: xmalloc (in /usr/bin/bash)
==2367==    by 0x156DA1: make_variable_value (in /usr/bin/bash)
==2367==    by 0x15806D: ??? (in /usr/bin/bash)
==2367==    by 0x15AB32: initialize_shell_variables (in /usr/bin/bash)
==2367==    by 0x138DC9: ??? (in /usr/bin/bash)
==2367==    by 0x137544: main (in /usr/bin/bash)
==2367== 
==2367== 5 bytes in 1 blocks are still reachable in loss record 34 of 304
==2367==    at 0x483B7F3: malloc (in /usr/lib/x86_64-linux-gnu/valgrind/vgpreload_memcheck-amd64-linux.so)
==2367==    by 0x1984F3: xmalloc (in /usr/bin/bash)
==2367==    by 0x1544D7: ??? (in /usr/bin/bash)
==2367==    by 0x157FCF: ??? (in /usr/bin/bash)
==2367==    by 0x15805C: ??? (in /usr/bin/bash)
==2367==    by 0x159628: set_ppid (in /usr/bin/bash)
==2367==    by 0x15AC15: initialize_shell_variables (in /usr/bin/bash)
==2367==    by 0x138DC9: ??? (in /usr/bin/bash)
==2367==    by 0x137544: main (in /usr/bin/bash)
==2367== 
==2367== 5 bytes in 1 blocks are still reachable in loss record 35 of 304
==2367==    at 0x483B7F3: malloc (in /usr/lib/x86_64-linux-gnu/valgrind/vgpreload_memcheck-amd64-linux.so)
==2367==    by 0x1984F3: xmalloc (in /usr/bin/bash)
==2367==    by 0x157FED: ??? (in /usr/bin/bash)
==2367==    by 0x15805C: ??? (in /usr/bin/bash)
==2367==    by 0x159628: set_ppid (in /usr/bin/bash)
==2367==    by 0x15AC15: initialize_shell_variables (in /usr/bin/bash)
==2367==    by 0x138DC9: ??? (in /usr/bin/bash)
==2367==    by 0x137544: main (in /usr/bin/bash)
==2367== 
==2367== 5 bytes in 1 blocks are still reachable in loss record 36 of 304
==2367==    at 0x483B7F3: malloc (in /usr/lib/x86_64-linux-gnu/valgrind/vgpreload_memcheck-amd64-linux.so)
==2367==    by 0x1984F3: xmalloc (in /usr/bin/bash)
==2367==    by 0x156DA1: make_variable_value (in /usr/bin/bash)
==2367==    by 0x15806D: ??? (in /usr/bin/bash)
==2367==    by 0x159628: set_ppid (in /usr/bin/bash)
==2367==    by 0x15AC15: initialize_shell_variables (in /usr/bin/bash)
==2367==    by 0x138DC9: ??? (in /usr/bin/bash)
==2367==    by 0x137544: main (in /usr/bin/bash)
==2367== 
==2367== 5 bytes in 1 blocks are still reachable in loss record 37 of 304
==2367==    at 0x483B7F3: malloc (in /usr/lib/x86_64-linux-gnu/valgrind/vgpreload_memcheck-amd64-linux.so)
==2367==    by 0x1984F3: xmalloc (in /usr/bin/bash)
==2367==    by 0x1544D7: ??? (in /usr/bin/bash)
==2367==    by 0x157FCF: ??? (in /usr/bin/bash)
==2367==    by 0x15805C: ??? (in /usr/bin/bash)
==2367==    by 0x15AE90: initialize_shell_variables (in /usr/bin/bash)
==2367==    by 0x138DC9: ??? (in /usr/bin/bash)
==2367==    by 0x137544: main (in /usr/bin/bash)
==2367== 
==2367== 5 bytes in 1 blocks are still reachable in loss record 38 of 304
==2367==    at 0x483B7F3: malloc (in /usr/lib/x86_64-linux-gnu/valgrind/vgpreload_memcheck-amd64-linux.so)
==2367==    by 0x1984F3: xmalloc (in /usr/bin/bash)
==2367==    by 0x157FED: ??? (in /usr/bin/bash)
==2367==    by 0x15805C: ??? (in /usr/bin/bash)
==2367==    by 0x15AE90: initialize_shell_variables (in /usr/bin/bash)
==2367==    by 0x138DC9: ??? (in /usr/bin/bash)
==2367==    by 0x137544: main (in /usr/bin/bash)
==2367== 
==2367== 5 bytes in 1 blocks are still reachable in loss record 39 of 304
==2367==    at 0x483B7F3: malloc (in /usr/lib/x86_64-linux-gnu/valgrind/vgpreload_memcheck-amd64-linux.so)
==2367==    by 0x1984F3: xmalloc (in /usr/bin/bash)
==2367==    by 0x138C10: ??? (in /usr/bin/bash)
==2367==    by 0x15B81C: initialize_shell_variables (in /usr/bin/bash)
==2367==    by 0x138DC9: ??? (in /usr/bin/bash)
==2367==    by 0x137544: main (in /usr/bin/bash)
==2367== 
==2367== 5 bytes in 1 blocks are still reachable in loss record 40 of 304
==2367==    at 0x483B7F3: malloc (in /usr/lib/x86_64-linux-gnu/valgrind/vgpreload_memcheck-amd64-linux.so)
==2367==    by 0x1984F3: xmalloc (in /usr/bin/bash)
==2367==    by 0x1544D7: ??? (in /usr/bin/bash)
==2367==    by 0x157FCF: ??? (in /usr/bin/bash)
==2367==    by 0x15805C: ??? (in /usr/bin/bash)
==2367==    by 0x15B7AE: initialize_shell_variables (in /usr/bin/bash)
==2367==    by 0x138DC9: ??? (in /usr/bin/bash)
==2367==    by 0x137544: main (in /usr/bin/bash)
==2367== 
==2367== 5 bytes in 1 blocks are still reachable in loss record 41 of 304
==2367==    at 0x483B7F3: malloc (in /usr/lib/x86_64-linux-gnu/valgrind/vgpreload_memcheck-amd64-linux.so)
==2367==    by 0x1984F3: xmalloc (in /usr/bin/bash)
==2367==    by 0x157FED: ??? (in /usr/bin/bash)
==2367==    by 0x15805C: ??? (in /usr/bin/bash)
==2367==    by 0x15B7AE: initialize_shell_variables (in /usr/bin/bash)
==2367==    by 0x138DC9: ??? (in /usr/bin/bash)
==2367==    by 0x137544: main (in /usr/bin/bash)
==2367== 
==2367== 5 bytes in 1 blocks are still reachable in loss record 42 of 304
==2367==    at 0x483B7F3: malloc (in /usr/lib/x86_64-linux-gnu/valgrind/vgpreload_memcheck-amd64-linux.so)
==2367==    by 0x1984F3: xmalloc (in /usr/bin/bash)
==2367==    by 0x183473: array_create_element (in /usr/bin/bash)
==2367==    by 0x18367F: ??? (in /usr/bin/bash)
==2367==    by 0x137CCD: main (in /usr/bin/bash)
==2367== 
==2367== 6 bytes in 1 blocks are still reachable in loss record 43 of 304
==2367==    at 0x483B7F3: malloc (in /usr/lib/x86_64-linux-gnu/valgrind/vgpreload_memcheck-amd64-linux.so)
==2367==    by 0x1984F3: xmalloc (in /usr/bin/bash)
==2367==    by 0x1544D7: ??? (in /usr/bin/bash)
==2367==    by 0x157FCF: ??? (in /usr/bin/bash)
==2367==    by 0x15805C: ??? (in /usr/bin/bash)
==2367==    by 0x15929E: adjust_shell_level (in /usr/bin/bash)
==2367==    by 0x15AC10: initialize_shell_variables (in /usr/bin/bash)
==2367==    by 0x138DC9: ??? (in /usr/bin/bash)
==2367==    by 0x137544: main (in /usr/bin/bash)
==2367== 
==2367== 6 bytes in 1 blocks are still reachable in loss record 44 of 304
==2367==    at 0x483B7F3: malloc (in /usr/lib/x86_64-linux-gnu/valgrind/vgpreload_memcheck-amd64-linux.so)
==2367==    by 0x1984F3: xmalloc (in /usr/bin/bash)
==2367==    by 0x157FED: ??? (in /usr/bin/bash)
==2367==    by 0x15805C: ??? (in /usr/bin/bash)
==2367==    by 0x15929E: adjust_shell_level (in /usr/bin/bash)
==2367==    by 0x15AC10: initialize_shell_variables (in /usr/bin/bash)
==2367==    by 0x138DC9: ??? (in /usr/bin/bash)
==2367==    by 0x137544: main (in /usr/bin/bash)
==2367== 
==2367== 6 bytes in 1 blocks are still reachable in loss record 45 of 304
==2367==    at 0x483B7F3: malloc (in /usr/lib/x86_64-linux-gnu/valgrind/vgpreload_memcheck-amd64-linux.so)
==2367==    by 0x1984F3: xmalloc (in /usr/bin/bash)
==2367==    by 0x138C68: ??? (in /usr/bin/bash)
==2367==    by 0x15B81C: initialize_shell_variables (in /usr/bin/bash)
==2367==    by 0x138DC9: ??? (in /usr/bin/bash)
==2367==    by 0x137544: main (in /usr/bin/bash)
==2367== 
==2367== 6 bytes in 1 blocks are still reachable in loss record 46 of 304
==2367==    at 0x483B7F3: malloc (in /usr/lib/x86_64-linux-gnu/valgrind/vgpreload_memcheck-amd64-linux.so)
==2367==    by 0x1984F3: xmalloc (in /usr/bin/bash)
==2367==    by 0x1544D7: ??? (in /usr/bin/bash)
==2367==    by 0x157FCF: ??? (in /usr/bin/bash)
==2367==    by 0x15805C: ??? (in /usr/bin/bash)
==2367==    by 0x15B635: initialize_shell_variables (in /usr/bin/bash)
==2367==    by 0x138DC9: ??? (in /usr/bin/bash)
==2367==    by 0x137544: main (in /usr/bin/bash)
==2367== 
==2367== 6 bytes in 1 blocks are still reachable in loss record 47 of 304
==2367==    at 0x483B7F3: malloc (in /usr/lib/x86_64-linux-gnu/valgrind/vgpreload_memcheck-amd64-linux.so)
==2367==    by 0x1984F3: xmalloc (in /usr/bin/bash)
==2367==    by 0x157FED: ??? (in /usr/bin/bash)
==2367==    by 0x15805C: ??? (in /usr/bin/bash)
==2367==    by 0x15B635: initialize_shell_variables (in /usr/bin/bash)
==2367==    by 0x138DC9: ??? (in /usr/bin/bash)
==2367==    by 0x137544: main (in /usr/bin/bash)
==2367== 
==2367== 7 bytes in 1 blocks are still reachable in loss record 48 of 304
==2367==    at 0x483B7F3: malloc (in /usr/lib/x86_64-linux-gnu/valgrind/vgpreload_memcheck-amd64-linux.so)
==2367==    by 0x1984F3: xmalloc (in /usr/bin/bash)
==2367==    by 0x1544D7: ??? (in /usr/bin/bash)
==2367==    by 0x157FCF: ??? (in /usr/bin/bash)
==2367==    by 0x15805C: ??? (in /usr/bin/bash)
==2367==    by 0x159490: set_pwd (in /usr/bin/bash)
==2367==    by 0x15AAEE: initialize_shell_variables (in /usr/bin/bash)
==2367==    by 0x138DC9: ??? (in /usr/bin/bash)
==2367==    by 0x137544: main (in /usr/bin/bash)
==2367== 
==2367== 7 bytes in 1 blocks are still reachable in loss record 49 of 304
==2367==    at 0x483B7F3: malloc (in /usr/lib/x86_64-linux-gnu/valgrind/vgpreload_memcheck-amd64-linux.so)
==2367==    by 0x1984F3: xmalloc (in /usr/bin/bash)
==2367==    by 0x157FED: ??? (in /usr/bin/bash)
==2367==    by 0x15805C: ??? (in /usr/bin/bash)
==2367==    by 0x159490: set_pwd (in /usr/bin/bash)
==2367==    by 0x15AAEE: initialize_shell_variables (in /usr/bin/bash)
==2367==    by 0x138DC9: ??? (in /usr/bin/bash)
==2367==    by 0x137544: main (in /usr/bin/bash)
==2367== 
==2367== 7 bytes in 1 blocks are still reachable in loss record 50 of 304
==2367==    at 0x483B7F3: malloc (in /usr/lib/x86_64-linux-gnu/valgrind/vgpreload_memcheck-amd64-linux.so)
==2367==    by 0x1984F3: xmalloc (in /usr/bin/bash)
==2367==    by 0x156DA1: make_variable_value (in /usr/bin/bash)
==2367==    by 0x15806D: ??? (in /usr/bin/bash)
==2367==    by 0x15AB95: initialize_shell_variables (in /usr/bin/bash)
==2367==    by 0x138DC9: ??? (in /usr/bin/bash)
==2367==    by 0x137544: main (in /usr/bin/bash)
==2367== 
==2367== 7 bytes in 1 blocks are still reachable in loss record 51 of 304
==2367==    at 0x483B7F3: malloc (in /usr/lib/x86_64-linux-gnu/valgrind/vgpreload_memcheck-amd64-linux.so)
==2367==    by 0x1984F3: xmalloc (in /usr/bin/bash)
==2367==    by 0x1544D7: ??? (in /usr/bin/bash)
==2367==    by 0x157FCF: ??? (in /usr/bin/bash)
==2367==    by 0x15805C: ??? (in /usr/bin/bash)
==2367==    by 0x15ABA8: initialize_shell_variables (in /usr/bin/bash)
==2367==    by 0x138DC9: ??? (in /usr/bin/bash)
==2367==    by 0x137544: main (in /usr/bin/bash)
==2367== 
==2367== 7 bytes in 1 blocks are still reachable in loss record 52 of 304
==2367==    at 0x483B7F3: malloc (in /usr/lib/x86_64-linux-gnu/valgrind/vgpreload_memcheck-amd64-linux.so)
==2367==    by 0x1984F3: xmalloc (in /usr/bin/bash)
==2367==    by 0x157FED: ??? (in /usr/bin/bash)
==2367==    by 0x15805C: ??? (in /usr/bin/bash)
==2367==    by 0x15ABA8: initialize_shell_variables (in /usr/bin/bash)
==2367==    by 0x138DC9: ??? (in /usr/bin/bash)
==2367==    by 0x137544: main (in /usr/bin/bash)
==2367== 
==2367== 7 bytes in 1 blocks are still reachable in loss record 53 of 304
==2367==    at 0x483B7F3: malloc (in /usr/lib/x86_64-linux-gnu/valgrind/vgpreload_memcheck-amd64-linux.so)
==2367==    by 0x1984F3: xmalloc (in /usr/bin/bash)
==2367==    by 0x1544D7: ??? (in /usr/bin/bash)
==2367==    by 0x157FCF: ??? (in /usr/bin/bash)
==2367==    by 0x15805C: ??? (in /usr/bin/bash)
==2367==    by 0x15AC2A: initialize_shell_variables (in /usr/bin/bash)
==2367==    by 0x138DC9: ??? (in /usr/bin/bash)
==2367==    by 0x137544: main (in /usr/bin/bash)
==2367== 
==2367== 7 bytes in 1 blocks are still reachable in loss record 54 of 304
==2367==    at 0x483B7F3: malloc (in /usr/lib/x86_64-linux-gnu/valgrind/vgpreload_memcheck-amd64-linux.so)
==2367==    by 0x1984F3: xmalloc (in /usr/bin/bash)
==2367==    by 0x157FED: ??? (in /usr/bin/bash)
==2367==    by 0x15805C: ??? (in /usr/bin/bash)
==2367==    by 0x15AC2A: initialize_shell_variables (in /usr/bin/bash)
==2367==    by 0x138DC9: ??? (in /usr/bin/bash)
==2367==    by 0x137544: main (in /usr/bin/bash)
==2367== 
==2367== 7 bytes in 1 blocks are still reachable in loss record 55 of 304
==2367==    at 0x483B7F3: malloc (in /usr/lib/x86_64-linux-gnu/valgrind/vgpreload_memcheck-amd64-linux.so)
==2367==    by 0x1984F3: xmalloc (in /usr/bin/bash)
==2367==    by 0x1544D7: ??? (in /usr/bin/bash)
==2367==    by 0x157FCF: ??? (in /usr/bin/bash)
==2367==    by 0x15805C: ??? (in /usr/bin/bash)
==2367==    by 0x15AC4A: initialize_shell_variables (in /usr/bin/bash)
==2367==    by 0x138DC9: ??? (in /usr/bin/bash)
==2367==    by 0x137544: main (in /usr/bin/bash)
==2367== 
==2367== 7 bytes in 1 blocks are still reachable in loss record 56 of 304
==2367==    at 0x483B7F3: malloc (in /usr/lib/x86_64-linux-gnu/valgrind/vgpreload_memcheck-amd64-linux.so)
==2367==    by 0x1984F3: xmalloc (in /usr/bin/bash)
==2367==    by 0x157FED: ??? (in /usr/bin/bash)
==2367==    by 0x15805C: ??? (in /usr/bin/bash)
==2367==    by 0x15AC4A: initialize_shell_variables (in /usr/bin/bash)
==2367==    by 0x138DC9: ??? (in /usr/bin/bash)
==2367==    by 0x137544: main (in /usr/bin/bash)
==2367== 
==2367== 7 bytes in 1 blocks are still reachable in loss record 57 of 304
==2367==    at 0x483B7F3: malloc (in /usr/lib/x86_64-linux-gnu/valgrind/vgpreload_memcheck-amd64-linux.so)
==2367==    by 0x1984F3: xmalloc (in /usr/bin/bash)
==2367==    by 0x1544D7: ??? (in /usr/bin/bash)
==2367==    by 0x157FCF: ??? (in /usr/bin/bash)
==2367==    by 0x15805C: ??? (in /usr/bin/bash)
==2367==    by 0x15B1AE: initialize_shell_variables (in /usr/bin/bash)
==2367==    by 0x138DC9: ??? (in /usr/bin/bash)
==2367==    by 0x137544: main (in /usr/bin/bash)
==2367== 
==2367== 7 bytes in 1 blocks are still reachable in loss record 58 of 304
==2367==    at 0x483B7F3: malloc (in /usr/lib/x86_64-linux-gnu/valgrind/vgpreload_memcheck-amd64-linux.so)
==2367==    by 0x1984F3: xmalloc (in /usr/bin/bash)
==2367==    by 0x157FED: ??? (in /usr/bin/bash)
==2367==    by 0x15805C: ??? (in /usr/bin/bash)
==2367==    by 0x15B1AE: initialize_shell_variables (in /usr/bin/bash)
==2367==    by 0x138DC9: ??? (in /usr/bin/bash)
==2367==    by 0x137544: main (in /usr/bin/bash)
==2367== 
==2367== 7 bytes in 1 blocks are still reachable in loss record 59 of 304
==2367==    at 0x483B7F3: malloc (in /usr/lib/x86_64-linux-gnu/valgrind/vgpreload_memcheck-amd64-linux.so)
==2367==    by 0x1984F3: xmalloc (in /usr/bin/bash)
==2367==    by 0x1544D7: ??? (in /usr/bin/bash)
==2367==    by 0x157FCF: ??? (in /usr/bin/bash)
==2367==    by 0x15805C: ??? (in /usr/bin/bash)
==2367==    by 0x15B1D8: initialize_shell_variables (in /usr/bin/bash)
==2367==    by 0x138DC9: ??? (in /usr/bin/bash)
==2367==    by 0x137544: main (in /usr/bin/bash)
==2367== 
==2367== 7 bytes in 1 blocks are still reachable in loss record 60 of 304
==2367==    at 0x483B7F3: malloc (in /usr/lib/x86_64-linux-gnu/valgrind/vgpreload_memcheck-amd64-linux.so)
==2367==    by 0x1984F3: xmalloc (in /usr/bin/bash)
==2367==    by 0x157FED: ??? (in /usr/bin/bash)
==2367==    by 0x15805C: ??? (in /usr/bin/bash)
==2367==    by 0x15B1D8: initialize_shell_variables (in /usr/bin/bash)
==2367==    by 0x138DC9: ??? (in /usr/bin/bash)
==2367==    by 0x137544: main (in /usr/bin/bash)
==2367== 
==2367== 7 bytes in 1 blocks are still reachable in loss record 61 of 304
==2367==    at 0x483B7F3: malloc (in /usr/lib/x86_64-linux-gnu/valgrind/vgpreload_memcheck-amd64-linux.so)
==2367==    by 0x1984F3: xmalloc (in /usr/bin/bash)
==2367==    by 0x1544D7: ??? (in /usr/bin/bash)
==2367==    by 0x157FCF: ??? (in /usr/bin/bash)
==2367==    by 0x158D55: make_new_array_variable (in /usr/bin/bash)
==2367==    by 0x158DA7: ??? (in /usr/bin/bash)
==2367==    by 0x15B2EC: initialize_shell_variables (in /usr/bin/bash)
==2367==    by 0x138DC9: ??? (in /usr/bin/bash)
==2367==    by 0x137544: main (in /usr/bin/bash)
==2367== 
==2367== 7 bytes in 1 blocks are still reachable in loss record 62 of 304
==2367==    at 0x483B7F3: malloc (in /usr/lib/x86_64-linux-gnu/valgrind/vgpreload_memcheck-amd64-linux.so)
==2367==    by 0x1984F3: xmalloc (in /usr/bin/bash)
==2367==    by 0x157FED: ??? (in /usr/bin/bash)
==2367==    by 0x158D55: make_new_array_variable (in /usr/bin/bash)
==2367==    by 0x158DA7: ??? (in /usr/bin/bash)
==2367==    by 0x15B2EC: initialize_shell_variables (in /usr/bin/bash)
==2367==    by 0x138DC9: ??? (in /usr/bin/bash)
==2367==    by 0x137544: main (in /usr/bin/bash)
==2367== 
==2367== 8 bytes in 1 blocks are still reachable in loss record 63 of 304
==2367==    at 0x483B7F3: malloc (in /usr/lib/x86_64-linux-gnu/valgrind/vgpreload_memcheck-amd64-linux.so)
==2367==    by 0x1984F3: xmalloc (in /usr/bin/bash)
==2367==    by 0x183473: array_create_element (in /usr/bin/bash)
==2367==    by 0x183987: array_insert (in /usr/bin/bash)
==2367==    by 0x15AF95: initialize_shell_variables (in /usr/bin/bash)
==2367==    by 0x138DC9: ??? (in /usr/bin/bash)
==2367==    by 0x137544: main (in /usr/bin/bash)
==2367== 
==2367== 8 bytes in 1 blocks are still reachable in loss record 64 of 304
==2367==    at 0x483B7F3: malloc (in /usr/lib/x86_64-linux-gnu/valgrind/vgpreload_memcheck-amd64-linux.so)
==2367==    by 0x1984F3: xmalloc (in /usr/bin/bash)
==2367==    by 0x1544D7: ??? (in /usr/bin/bash)
==2367==    by 0x157FCF: ??? (in /usr/bin/bash)
==2367==    by 0x15805C: ??? (in /usr/bin/bash)
==2367==    by 0x15B112: initialize_shell_variables (in /usr/bin/bash)
==2367==    by 0x138DC9: ??? (in /usr/bin/bash)
==2367==    by 0x137544: main (in /usr/bin/bash)
==2367== 
==2367== 8 bytes in 1 blocks are still reachable in loss record 65 of 304
==2367==    at 0x483B7F3: malloc (in /usr/lib/x86_64-linux-gnu/valgrind/vgpreload_memcheck-amd64-linux.so)
==2367==    by 0x1984F3: xmalloc (in /usr/bin/bash)
==2367==    by 0x157FED: ??? (in /usr/bin/bash)
==2367==    by 0x15805C: ??? (in /usr/bin/bash)
==2367==    by 0x15B112: initialize_shell_variables (in /usr/bin/bash)
==2367==    by 0x138DC9: ??? (in /usr/bin/bash)
==2367==    by 0x137544: main (in /usr/bin/bash)
==2367== 
==2367== 8 bytes in 1 blocks are still reachable in loss record 66 of 304
==2367==    at 0x483B7F3: malloc (in /usr/lib/x86_64-linux-gnu/valgrind/vgpreload_memcheck-amd64-linux.so)
==2367==    by 0x1984F3: xmalloc (in /usr/bin/bash)
==2367==    by 0x1544D7: ??? (in /usr/bin/bash)
==2367==    by 0x157FCF: ??? (in /usr/bin/bash)
==2367==    by 0x15805C: ??? (in /usr/bin/bash)
==2367==    by 0x15B205: initialize_shell_variables (in /usr/bin/bash)
==2367==    by 0x138DC9: ??? (in /usr/bin/bash)
==2367==    by 0x137544: main (in /usr/bin/bash)
==2367== 
==2367== 8 bytes in 1 blocks are still reachable in loss record 67 of 304
==2367==    at 0x483B7F3: malloc (in /usr/lib/x86_64-linux-gnu/valgrind/vgpreload_memcheck-amd64-linux.so)
==2367==    by 0x1984F3: xmalloc (in /usr/bin/bash)
==2367==    by 0x157FED: ??? (in /usr/bin/bash)
==2367==    by 0x15805C: ??? (in /usr/bin/bash)
==2367==    by 0x15B205: initialize_shell_variables (in /usr/bin/bash)
==2367==    by 0x138DC9: ??? (in /usr/bin/bash)
==2367==    by 0x137544: main (in /usr/bin/bash)
==2367== 
==2367== 8 bytes in 1 blocks are still reachable in loss record 68 of 304
==2367==    at 0x483B7F3: malloc (in /usr/lib/x86_64-linux-gnu/valgrind/vgpreload_memcheck-amd64-linux.so)
==2367==    by 0x1984F3: xmalloc (in /usr/bin/bash)
==2367==    by 0x1544D7: ??? (in /usr/bin/bash)
==2367==    by 0x157FCF: ??? (in /usr/bin/bash)
==2367==    by 0x15805C: ??? (in /usr/bin/bash)
==2367==    by 0x15B27B: initialize_shell_variables (in /usr/bin/bash)
==2367==    by 0x138DC9: ??? (in /usr/bin/bash)
==2367==    by 0x137544: main (in /usr/bin/bash)
==2367== 
==2367== 8 bytes in 1 blocks are still reachable in loss record 69 of 304
==2367==    at 0x483B7F3: malloc (in /usr/lib/x86_64-linux-gnu/valgrind/vgpreload_memcheck-amd64-linux.so)
==2367==    by 0x1984F3: xmalloc (in /usr/bin/bash)
==2367==    by 0x157FED: ??? (in /usr/bin/bash)
==2367==    by 0x15805C: ??? (in /usr/bin/bash)
==2367==    by 0x15B27B: initialize_shell_variables (in /usr/bin/bash)
==2367==    by 0x138DC9: ??? (in /usr/bin/bash)
==2367==    by 0x137544: main (in /usr/bin/bash)
==2367== 
==2367== 9 bytes in 1 blocks are still reachable in loss record 70 of 304
==2367==    at 0x483B7F3: malloc (in /usr/lib/x86_64-linux-gnu/valgrind/vgpreload_memcheck-amd64-linux.so)
==2367==    by 0x1984F3: xmalloc (in /usr/bin/bash)
==2367==    by 0x1544D7: ??? (in /usr/bin/bash)
==2367==    by 0x157FCF: ??? (in /usr/bin/bash)
==2367==    by 0x15805C: ??? (in /usr/bin/bash)
==2367==    by 0x15AB95: initialize_shell_variables (in /usr/bin/bash)
==2367==    by 0x138DC9: ??? (in /usr/bin/bash)
==2367==    by 0x137544: main (in /usr/bin/bash)
==2367== 
==2367== 9 bytes in 1 blocks are still reachable in loss record 71 of 304
==2367==    at 0x483B7F3: malloc (in /usr/lib/x86_64-linux-gnu/valgrind/vgpreload_memcheck-amd64-linux.so)
==2367==    by 0x1984F3: xmalloc (in /usr/bin/bash)
==2367==    by 0x157FED: ??? (in /usr/bin/bash)
==2367==    by 0x15805C: ??? (in /usr/bin/bash)
==2367==    by 0x15AB95: initialize_shell_variables (in /usr/bin/bash)
==2367==    by 0x138DC9: ??? (in /usr/bin/bash)
==2367==    by 0x137544: main (in /usr/bin/bash)
==2367== 
==2367== 9 bytes in 1 blocks are still reachable in loss record 72 of 304
==2367==    at 0x483B7F3: malloc (in /usr/lib/x86_64-linux-gnu/valgrind/vgpreload_memcheck-amd64-linux.so)
==2367==    by 0x1984F3: xmalloc (in /usr/bin/bash)
==2367==    by 0x1544D7: ??? (in /usr/bin/bash)
==2367==    by 0x157FCF: ??? (in /usr/bin/bash)
==2367==    by 0x15805C: ??? (in /usr/bin/bash)
==2367==    by 0x15ABBB: initialize_shell_variables (in /usr/bin/bash)
==2367==    by 0x138DC9: ??? (in /usr/bin/bash)
==2367==    by 0x137544: main (in /usr/bin/bash)
==2367== 
==2367== 9 bytes in 1 blocks are still reachable in loss record 73 of 304
==2367==    at 0x483B7F3: malloc (in /usr/lib/x86_64-linux-gnu/valgrind/vgpreload_memcheck-amd64-linux.so)
==2367==    by 0x1984F3: xmalloc (in /usr/bin/bash)
==2367==    by 0x157FED: ??? (in /usr/bin/bash)
==2367==    by 0x15805C: ??? (in /usr/bin/bash)
==2367==    by 0x15ABBB: initialize_shell_variables (in /usr/bin/bash)
==2367==    by 0x138DC9: ??? (in /usr/bin/bash)
==2367==    by 0x137544: main (in /usr/bin/bash)
==2367== 
==2367== 9 bytes in 1 blocks are still reachable in loss record 74 of 304
==2367==    at 0x483B7F3: malloc (in /usr/lib/x86_64-linux-gnu/valgrind/vgpreload_memcheck-amd64-linux.so)
==2367==    by 0x1984F3: xmalloc (in /usr/bin/bash)
==2367==    by 0x1544D7: ??? (in /usr/bin/bash)
==2367==    by 0x157FCF: ??? (in /usr/bin/bash)
==2367==    by 0x15805C: ??? (in /usr/bin/bash)
==2367==    by 0x15ABCE: initialize_shell_variables (in /usr/bin/bash)
==2367==    by 0x138DC9: ??? (in /usr/bin/bash)
==2367==    by 0x137544: main (in /usr/bin/bash)
==2367== 
==2367== 9 bytes in 1 blocks are still reachable in loss record 75 of 304
==2367==    at 0x483B7F3: malloc (in /usr/lib/x86_64-linux-gnu/valgrind/vgpreload_memcheck-amd64-linux.so)
==2367==    by 0x1984F3: xmalloc (in /usr/bin/bash)
==2367==    by 0x157FED: ??? (in /usr/bin/bash)
==2367==    by 0x15805C: ??? (in /usr/bin/bash)
==2367==    by 0x15ABCE: initialize_shell_variables (in /usr/bin/bash)
==2367==    by 0x138DC9: ??? (in /usr/bin/bash)
==2367==    by 0x137544: main (in /usr/bin/bash)
==2367== 
==2367== 9 bytes in 1 blocks are still reachable in loss record 76 of 304
==2367==    at 0x483B7F3: malloc (in /usr/lib/x86_64-linux-gnu/valgrind/vgpreload_memcheck-amd64-linux.so)
==2367==    by 0x1984F3: xmalloc (in /usr/bin/bash)
==2367==    by 0x1544D7: ??? (in /usr/bin/bash)
==2367==    by 0x157FCF: ??? (in /usr/bin/bash)
==2367==    by 0x158D55: make_new_array_variable (in /usr/bin/bash)
==2367==    by 0x158DA7: ??? (in /usr/bin/bash)
==2367==    by 0x15B2CD: initialize_shell_variables (in /usr/bin/bash)
==2367==    by 0x138DC9: ??? (in /usr/bin/bash)
==2367==    by 0x137544: main (in /usr/bin/bash)
==2367== 
==2367== 9 bytes in 1 blocks are still reachable in loss record 77 of 304
==2367==    at 0x483B7F3: malloc (in /usr/lib/x86_64-linux-gnu/valgrind/vgpreload_memcheck-amd64-linux.so)
==2367==    by 0x1984F3: xmalloc (in /usr/bin/bash)
==2367==    by 0x157FED: ??? (in /usr/bin/bash)
==2367==    by 0x158D55: make_new_array_variable (in /usr/bin/bash)
==2367==    by 0x158DA7: ??? (in /usr/bin/bash)
==2367==    by 0x15B2CD: initialize_shell_variables (in /usr/bin/bash)
==2367==    by 0x138DC9: ??? (in /usr/bin/bash)
==2367==    by 0x137544: main (in /usr/bin/bash)
==2367== 
==2367== 9 bytes in 1 blocks are still reachable in loss record 78 of 304
==2367==    at 0x483B7F3: malloc (in /usr/lib/x86_64-linux-gnu/valgrind/vgpreload_memcheck-amd64-linux.so)
==2367==    by 0x1984F3: xmalloc (in /usr/bin/bash)
==2367==    by 0x1544D7: ??? (in /usr/bin/bash)
==2367==    by 0x157FCF: ??? (in /usr/bin/bash)
==2367==    by 0x158D55: make_new_array_variable (in /usr/bin/bash)
==2367==    by 0x15B64D: initialize_shell_variables (in /usr/bin/bash)
==2367==    by 0x138DC9: ??? (in /usr/bin/bash)
==2367==    by 0x137544: main (in /usr/bin/bash)
==2367== 
==2367== 9 bytes in 1 blocks are still reachable in loss record 79 of 304
==2367==    at 0x483B7F3: malloc (in /usr/lib/x86_64-linux-gnu/valgrind/vgpreload_memcheck-amd64-linux.so)
==2367==    by 0x1984F3: xmalloc (in /usr/bin/bash)
==2367==    by 0x157FED: ??? (in /usr/bin/bash)
==2367==    by 0x158D55: make_new_array_variable (in /usr/bin/bash)
==2367==    by 0x15B64D: initialize_shell_variables (in /usr/bin/bash)
==2367==    by 0x138DC9: ??? (in /usr/bin/bash)
==2367==    by 0x137544: main (in /usr/bin/bash)
==2367== 
==2367== 9 bytes in 1 blocks are still reachable in loss record 80 of 304
==2367==    at 0x483B7F3: malloc (in /usr/lib/x86_64-linux-gnu/valgrind/vgpreload_memcheck-amd64-linux.so)
==2367==    by 0x1984F3: xmalloc (in /usr/bin/bash)
==2367==    by 0x1544D7: ??? (in /usr/bin/bash)
==2367==    by 0x157FCF: ??? (in /usr/bin/bash)
==2367==    by 0x15805C: ??? (in /usr/bin/bash)
==2367==    by 0x1AC4B0: set_bashopts (in /usr/bin/bash)
==2367==    by 0x138E1C: ??? (in /usr/bin/bash)
==2367==    by 0x137544: main (in /usr/bin/bash)
==2367== 
==2367== 9 bytes in 1 blocks are still reachable in loss record 81 of 304
==2367==    at 0x483B7F3: malloc (in /usr/lib/x86_64-linux-gnu/valgrind/vgpreload_memcheck-amd64-linux.so)
==2367==    by 0x1984F3: xmalloc (in /usr/bin/bash)
==2367==    by 0x157FED: ??? (in /usr/bin/bash)
==2367==    by 0x15805C: ??? (in /usr/bin/bash)
==2367==    by 0x1AC4B0: set_bashopts (in /usr/bin/bash)
==2367==    by 0x138E1C: ??? (in /usr/bin/bash)
==2367==    by 0x137544: main (in /usr/bin/bash)
==2367== 
==2367== 10 bytes in 1 blocks are still reachable in loss record 82 of 304
==2367==    at 0x483B7F3: malloc (in /usr/lib/x86_64-linux-gnu/valgrind/vgpreload_memcheck-amd64-linux.so)
==2367==    by 0x1984F3: xmalloc (in /usr/bin/bash)
==2367==    by 0x156DA1: make_variable_value (in /usr/bin/bash)
==2367==    by 0x15806D: ??? (in /usr/bin/bash)
==2367==    by 0x15ABA8: initialize_shell_variables (in /usr/bin/bash)
==2367==    by 0x138DC9: ??? (in /usr/bin/bash)
==2367==    by 0x137544: main (in /usr/bin/bash)
==2367== 
==2367== 10 bytes in 1 blocks are still reachable in loss record 83 of 304
==2367==    at 0x483B7F3: malloc (in /usr/lib/x86_64-linux-gnu/valgrind/vgpreload_memcheck-amd64-linux.so)
==2367==    by 0x1984F3: xmalloc (in /usr/bin/bash)
==2367==    by 0x156DA1: make_variable_value (in /usr/bin/bash)
==2367==    by 0x15806D: ??? (in /usr/bin/bash)
==2367==    by 0x15AE90: initialize_shell_variables (in /usr/bin/bash)
==2367==    by 0x138DC9: ??? (in /usr/bin/bash)
==2367==    by 0x137544: main (in /usr/bin/bash)
==2367== 
==2367== 10 bytes in 1 blocks are still reachable in loss record 84 of 304
==2367==    at 0x483B7F3: malloc (in /usr/lib/x86_64-linux-gnu/valgrind/vgpreload_memcheck-amd64-linux.so)
==2367==    by 0x1984F3: xmalloc (in /usr/bin/bash)
==2367==    by 0x138D28: ??? (in /usr/bin/bash)
==2367==    by 0x15B81C: initialize_shell_variables (in /usr/bin/bash)
==2367==    by 0x138DC9: ??? (in /usr/bin/bash)
==2367==    by 0x137544: main (in /usr/bin/bash)
==2367== 
==2367== 10 bytes in 1 blocks are still reachable in loss record 85 of 304
==2367==    at 0x483B7F3: malloc (in /usr/lib/x86_64-linux-gnu/valgrind/vgpreload_memcheck-amd64-linux.so)
==2367==    by 0x1984F3: xmalloc (in /usr/bin/bash)
==2367==    by 0x156DA1: make_variable_value (in /usr/bin/bash)
==2367==    by 0x15806D: ??? (in /usr/bin/bash)
==2367==    by 0x15B635: initialize_shell_variables (in /usr/bin/bash)
==2367==    by 0x138DC9: ??? (in /usr/bin/bash)
==2367==    by 0x137544: main (in /usr/bin/bash)
==2367== 
==2367== 10 bytes in 1 blocks are still reachable in loss record 86 of 304
==2367==    at 0x483B7F3: malloc (in /usr/lib/x86_64-linux-gnu/valgrind/vgpreload_memcheck-amd64-linux.so)
==2367==    by 0x1984F3: xmalloc (in /usr/bin/bash)
==2367==    by 0x1544D7: ??? (in /usr/bin/bash)
==2367==    by 0x157FCF: ??? (in /usr/bin/bash)
==2367==    by 0x158D55: make_new_array_variable (in /usr/bin/bash)
==2367==    by 0x158DA7: ??? (in /usr/bin/bash)
==2367==    by 0x15B30B: initialize_shell_variables (in /usr/bin/bash)
==2367==    by 0x138DC9: ??? (in /usr/bin/bash)
==2367==    by 0x137544: main (in /usr/bin/bash)
==2367== 
==2367== 10 bytes in 1 blocks are still reachable in loss record 87 of 304
==2367==    at 0x483B7F3: malloc (in /usr/lib/x86_64-linux-gnu/valgrind/vgpreload_memcheck-amd64-linux.so)
==2367==    by 0x1984F3: xmalloc (in /usr/bin/bash)
==2367==    by 0x157FED: ??? (in /usr/bin/bash)
==2367==    by 0x158D55: make_new_array_variable (in /usr/bin/bash)
==2367==    by 0x158DA7: ??? (in /usr/bin/bash)
==2367==    by 0x15B30B: initialize_shell_variables (in /usr/bin/bash)
==2367==    by 0x138DC9: ??? (in /usr/bin/bash)
==2367==    by 0x137544: main (in /usr/bin/bash)
==2367== 
==2367== 10 bytes in 1 blocks are still reachable in loss record 88 of 304
==2367==    at 0x483B7F3: malloc (in /usr/lib/x86_64-linux-gnu/valgrind/vgpreload_memcheck-amd64-linux.so)
==2367==    by 0x1984F3: xmalloc (in /usr/bin/bash)
==2367==    by 0x1544D7: ??? (in /usr/bin/bash)
==2367==    by 0x157FCF: ??? (in /usr/bin/bash)
==2367==    by 0x158D55: make_new_array_variable (in /usr/bin/bash)
==2367==    by 0x158DA7: ??? (in /usr/bin/bash)
==2367==    by 0x15B32A: initialize_shell_variables (in /usr/bin/bash)
==2367==    by 0x138DC9: ??? (in /usr/bin/bash)
==2367==    by 0x137544: main (in /usr/bin/bash)
==2367== 
==2367== 10 bytes in 1 blocks are still reachable in loss record 89 of 304
==2367==    at 0x483B7F3: malloc (in /usr/lib/x86_64-linux-gnu/valgrind/vgpreload_memcheck-amd64-linux.so)
==2367==    by 0x1984F3: xmalloc (in /usr/bin/bash)
==2367==    by 0x157FED: ??? (in /usr/bin/bash)
==2367==    by 0x158D55: make_new_array_variable (in /usr/bin/bash)
==2367==    by 0x158DA7: ??? (in /usr/bin/bash)
==2367==    by 0x15B32A: initialize_shell_variables (in /usr/bin/bash)
==2367==    by 0x138DC9: ??? (in /usr/bin/bash)
==2367==    by 0x137544: main (in /usr/bin/bash)
==2367== 
==2367== 10 bytes in 1 blocks are still reachable in loss record 90 of 304
==2367==    at 0x483B7F3: malloc (in /usr/lib/x86_64-linux-gnu/valgrind/vgpreload_memcheck-amd64-linux.so)
==2367==    by 0x1984F3: xmalloc (in /usr/bin/bash)
==2367==    by 0x1544D7: ??? (in /usr/bin/bash)
==2367==    by 0x157FCF: ??? (in /usr/bin/bash)
==2367==    by 0x158DE5: make_new_assoc_variable (in /usr/bin/bash)
==2367==    by 0x15B6A9: initialize_shell_variables (in /usr/bin/bash)
==2367==    by 0x138DC9: ??? (in /usr/bin/bash)
==2367==    by 0x137544: main (in /usr/bin/bash)
==2367== 
==2367== 10 bytes in 1 blocks are still reachable in loss record 91 of 304
==2367==    at 0x483B7F3: malloc (in /usr/lib/x86_64-linux-gnu/valgrind/vgpreload_memcheck-amd64-linux.so)
==2367==    by 0x1984F3: xmalloc (in /usr/bin/bash)
==2367==    by 0x157FED: ??? (in /usr/bin/bash)
==2367==    by 0x158DE5: make_new_assoc_variable (in /usr/bin/bash)
==2367==    by 0x15B6A9: initialize_shell_variables (in /usr/bin/bash)
==2367==    by 0x138DC9: ??? (in /usr/bin/bash)
==2367==    by 0x137544: main (in /usr/bin/bash)
==2367== 
==2367== 10 bytes in 1 blocks are still reachable in loss record 92 of 304
==2367==    at 0x483B7F3: malloc (in /usr/lib/x86_64-linux-gnu/valgrind/vgpreload_memcheck-amd64-linux.so)
==2367==    by 0x1984F3: xmalloc (in /usr/bin/bash)
==2367==    by 0x1544D7: ??? (in /usr/bin/bash)
==2367==    by 0x157FCF: ??? (in /usr/bin/bash)
==2367==    by 0x15805C: ??? (in /usr/bin/bash)
==2367==    by 0x1A76E0: set_shellopts (in /usr/bin/bash)
==2367==    by 0x138DFD: ??? (in /usr/bin/bash)
==2367==    by 0x137544: main (in /usr/bin/bash)
==2367== 
==2367== 10 bytes in 1 blocks are still reachable in loss record 93 of 304
==2367==    at 0x483B7F3: malloc (in /usr/lib/x86_64-linux-gnu/valgrind/vgpreload_memcheck-amd64-linux.so)
==2367==    by 0x1984F3: xmalloc (in /usr/bin/bash)
==2367==    by 0x157FED: ??? (in /usr/bin/bash)
==2367==    by 0x15805C: ??? (in /usr/bin/bash)
==2367==    by 0x1A76E0: set_shellopts (in /usr/bin/bash)
==2367==    by 0x138DFD: ??? (in /usr/bin/bash)
==2367==    by 0x137544: main (in /usr/bin/bash)
==2367== 
==2367== 10 bytes in 1 blocks are still reachable in loss record 94 of 304
==2367==    at 0x483B7F3: malloc (in /usr/lib/x86_64-linux-gnu/valgrind/vgpreload_memcheck-amd64-linux.so)
==2367==    by 0x198577: xrealloc (in /usr/bin/bash)
==2367==    by 0x13FAB0: ??? (in /usr/bin/bash)
==2367==    by 0x142EC7: yyparse (in /usr/bin/bash)
==2367==    by 0x13929A: parse_command (in /usr/bin/bash)
==2367==    by 0x1393A6: read_command (in /usr/bin/bash)
==2367==    by 0x1395C9: reader_loop (in /usr/bin/bash)
==2367==    by 0x137EF8: main (in /usr/bin/bash)
==2367== 
==2367== 10 bytes in 1 blocks are still reachable in loss record 95 of 304
==2367==    at 0x483B7F3: malloc (in /usr/lib/x86_64-linux-gnu/valgrind/vgpreload_memcheck-amd64-linux.so)
==2367==    by 0x1984F3: xmalloc (in /usr/bin/bash)
==2367==    by 0x14F948: execute_command_internal (in /usr/bin/bash)
==2367==    by 0x1519D9: execute_command (in /usr/bin/bash)
==2367==    by 0x139664: reader_loop (in /usr/bin/bash)
==2367==    by 0x137EF8: main (in /usr/bin/bash)
==2367== 
==2367== 11 bytes in 1 blocks are still reachable in loss record 96 of 304
==2367==    at 0x483B7F3: malloc (in /usr/lib/x86_64-linux-gnu/valgrind/vgpreload_memcheck-amd64-linux.so)
==2367==    by 0x1984F3: xmalloc (in /usr/bin/bash)
==2367==    by 0x1544D7: ??? (in /usr/bin/bash)
==2367==    by 0x157FCF: ??? (in /usr/bin/bash)
==2367==    by 0x15805C: ??? (in /usr/bin/bash)
==2367==    by 0x15B13F: initialize_shell_variables (in /usr/bin/bash)
==2367==    by 0x138DC9: ??? (in /usr/bin/bash)
==2367==    by 0x137544: main (in /usr/bin/bash)
==2367== 
==2367== 11 bytes in 1 blocks are still reachable in loss record 97 of 304
==2367==    at 0x483B7F3: malloc (in /usr/lib/x86_64-linux-gnu/valgrind/vgpreload_memcheck-amd64-linux.so)
==2367==    by 0x1984F3: xmalloc (in /usr/bin/bash)
==2367==    by 0x157FED: ??? (in /usr/bin/bash)
==2367==    by 0x15805C: ??? (in /usr/bin/bash)
==2367==    by 0x15B13F: initialize_shell_variables (in /usr/bin/bash)
==2367==    by 0x138DC9: ??? (in /usr/bin/bash)
==2367==    by 0x137544: main (in /usr/bin/bash)
==2367== 
==2367== 11 bytes in 1 blocks are still reachable in loss record 98 of 304
==2367==    at 0x483B7F3: malloc (in /usr/lib/x86_64-linux-gnu/valgrind/vgpreload_memcheck-amd64-linux.so)
==2367==    by 0x1984F3: xmalloc (in /usr/bin/bash)
==2367==    by 0x1544D7: ??? (in /usr/bin/bash)
==2367==    by 0x157FCF: ??? (in /usr/bin/bash)
==2367==    by 0x158D55: make_new_array_variable (in /usr/bin/bash)
==2367==    by 0x15C10B: set_pipestatus_array (in /usr/bin/bash)
==2367==    by 0x15172F: execute_command_internal (in /usr/bin/bash)
==2367==    by 0x1519D9: execute_command (in /usr/bin/bash)
==2367==    by 0x139664: reader_loop (in /usr/bin/bash)
==2367==    by 0x137EF8: main (in /usr/bin/bash)
==2367== 
==2367== 11 bytes in 1 blocks are still reachable in loss record 99 of 304
==2367==    at 0x483B7F3: malloc (in /usr/lib/x86_64-linux-gnu/valgrind/vgpreload_memcheck-amd64-linux.so)
==2367==    by 0x1984F3: xmalloc (in /usr/bin/bash)
==2367==    by 0x157FED: ??? (in /usr/bin/bash)
==2367==    by 0x158D55: make_new_array_variable (in /usr/bin/bash)
==2367==    by 0x15C10B: set_pipestatus_array (in /usr/bin/bash)
==2367==    by 0x15172F: execute_command_internal (in /usr/bin/bash)
==2367==    by 0x1519D9: execute_command (in /usr/bin/bash)
==2367==    by 0x139664: reader_loop (in /usr/bin/bash)
==2367==    by 0x137EF8: main (in /usr/bin/bash)
==2367== 
==2367== 12 bytes in 1 blocks are still reachable in loss record 100 of 304
==2367==    at 0x483B7F3: malloc (in /usr/lib/x86_64-linux-gnu/valgrind/vgpreload_memcheck-amd64-linux.so)
==2367==    by 0x1984F3: xmalloc (in /usr/bin/bash)
==2367==    by 0x1544D7: ??? (in /usr/bin/bash)
==2367==    by 0x157FCF: ??? (in /usr/bin/bash)
==2367==    by 0x158D55: make_new_array_variable (in /usr/bin/bash)
==2367==    by 0x158DA7: ??? (in /usr/bin/bash)
==2367==    by 0x15B349: initialize_shell_variables (in /usr/bin/bash)
==2367==    by 0x138DC9: ??? (in /usr/bin/bash)
==2367==    by 0x137544: main (in /usr/bin/bash)
==2367== 
==2367== 12 bytes in 1 blocks are still reachable in loss record 101 of 304
==2367==    at 0x483B7F3: malloc (in /usr/lib/x86_64-linux-gnu/valgrind/vgpreload_memcheck-amd64-linux.so)
==2367==    by 0x1984F3: xmalloc (in /usr/bin/bash)
==2367==    by 0x157FED: ??? (in /usr/bin/bash)
==2367==    by 0x158D55: make_new_array_variable (in /usr/bin/bash)
==2367==    by 0x158DA7: ??? (in /usr/bin/bash)
==2367==    by 0x15B349: initialize_shell_variables (in /usr/bin/bash)
==2367==    by 0x138DC9: ??? (in /usr/bin/bash)
==2367==    by 0x137544: main (in /usr/bin/bash)
==2367== 
==2367== 12 bytes in 1 blocks are still reachable in loss record 102 of 304
==2367==    at 0x483B7F3: malloc (in /usr/lib/x86_64-linux-gnu/valgrind/vgpreload_memcheck-amd64-linux.so)
==2367==    by 0x1984F3: xmalloc (in /usr/bin/bash)
==2367==    by 0x1544D7: ??? (in /usr/bin/bash)
==2367==    by 0x157FCF: ??? (in /usr/bin/bash)
==2367==    by 0x158D55: make_new_array_variable (in /usr/bin/bash)
==2367==    by 0x158DA7: ??? (in /usr/bin/bash)
==2367==    by 0x15B368: initialize_shell_variables (in /usr/bin/bash)
==2367==    by 0x138DC9: ??? (in /usr/bin/bash)
==2367==    by 0x137544: main (in /usr/bin/bash)
==2367== 
==2367== 12 bytes in 1 blocks are still reachable in loss record 103 of 304
==2367==    at 0x483B7F3: malloc (in /usr/lib/x86_64-linux-gnu/valgrind/vgpreload_memcheck-amd64-linux.so)
==2367==    by 0x1984F3: xmalloc (in /usr/bin/bash)
==2367==    by 0x157FED: ??? (in /usr/bin/bash)
==2367==    by 0x158D55: make_new_array_variable (in /usr/bin/bash)
==2367==    by 0x158DA7: ??? (in /usr/bin/bash)
==2367==    by 0x15B368: initialize_shell_variables (in /usr/bin/bash)
==2367==    by 0x138DC9: ??? (in /usr/bin/bash)
==2367==    by 0x137544: main (in /usr/bin/bash)
==2367== 
==2367== 13 bytes in 1 blocks are still reachable in loss record 104 of 304
==2367==    at 0x483B7F3: malloc (in /usr/lib/x86_64-linux-gnu/valgrind/vgpreload_memcheck-amd64-linux.so)
==2367==    by 0x1984F3: xmalloc (in /usr/bin/bash)
==2367==    by 0x138ECE: ??? (in /usr/bin/bash)
==2367==    by 0x137544: main (in /usr/bin/bash)
==2367== 
==2367== 13 bytes in 1 blocks are still reachable in loss record 105 of 304
==2367==    at 0x483B7F3: malloc (in /usr/lib/x86_64-linux-gnu/valgrind/vgpreload_memcheck-amd64-linux.so)
==2367==    by 0x1984F3: xmalloc (in /usr/bin/bash)
==2367==    by 0x156DA1: make_variable_value (in /usr/bin/bash)
==2367==    by 0x15806D: ??? (in /usr/bin/bash)
==2367==    by 0x15ABCE: initialize_shell_variables (in /usr/bin/bash)
==2367==    by 0x138DC9: ??? (in /usr/bin/bash)
==2367==    by 0x137544: main (in /usr/bin/bash)
==2367== 
==2367== 13 bytes in 1 blocks are still reachable in loss record 106 of 304
==2367==    at 0x483B7F3: malloc (in /usr/lib/x86_64-linux-gnu/valgrind/vgpreload_memcheck-amd64-linux.so)
==2367==    by 0x1984F3: xmalloc (in /usr/bin/bash)
==2367==    by 0x1544D7: ??? (in /usr/bin/bash)
==2367==    by 0x157FCF: ??? (in /usr/bin/bash)
==2367==    by 0x15805C: ??? (in /usr/bin/bash)
==2367==    by 0x15AECB: initialize_shell_variables (in /usr/bin/bash)
==2367==    by 0x138DC9: ??? (in /usr/bin/bash)
==2367==    by 0x137544: main (in /usr/bin/bash)
==2367== 
==2367== 13 bytes in 1 blocks are still reachable in loss record 107 of 304
==2367==    at 0x483B7F3: malloc (in /usr/lib/x86_64-linux-gnu/valgrind/vgpreload_memcheck-amd64-linux.so)
==2367==    by 0x1984F3: xmalloc (in /usr/bin/bash)
==2367==    by 0x157FED: ??? (in /usr/bin/bash)
==2367==    by 0x15805C: ??? (in /usr/bin/bash)
==2367==    by 0x15AECB: initialize_shell_variables (in /usr/bin/bash)
==2367==    by 0x138DC9: ??? (in /usr/bin/bash)
==2367==    by 0x137544: main (in /usr/bin/bash)
==2367== 
==2367== 13 bytes in 1 blocks are still reachable in loss record 108 of 304
==2367==    at 0x483B7F3: malloc (in /usr/lib/x86_64-linux-gnu/valgrind/vgpreload_memcheck-amd64-linux.so)
==2367==    by 0x1984F3: xmalloc (in /usr/bin/bash)
==2367==    by 0x1544D7: ??? (in /usr/bin/bash)
==2367==    by 0x157FCF: ??? (in /usr/bin/bash)
==2367==    by 0x15805C: ??? (in /usr/bin/bash)
==2367==    by 0x15B165: initialize_shell_variables (in /usr/bin/bash)
==2367==    by 0x138DC9: ??? (in /usr/bin/bash)
==2367==    by 0x137544: main (in /usr/bin/bash)
==2367== 
==2367== 13 bytes in 1 blocks are still reachable in loss record 109 of 304
==2367==    at 0x483B7F3: malloc (in /usr/lib/x86_64-linux-gnu/valgrind/vgpreload_memcheck-amd64-linux.so)
==2367==    by 0x1984F3: xmalloc (in /usr/bin/bash)
==2367==    by 0x157FED: ??? (in /usr/bin/bash)
==2367==    by 0x15805C: ??? (in /usr/bin/bash)
==2367==    by 0x15B165: initialize_shell_variables (in /usr/bin/bash)
==2367==    by 0x138DC9: ??? (in /usr/bin/bash)
==2367==    by 0x137544: main (in /usr/bin/bash)
==2367== 
==2367== 13 bytes in 1 blocks are still reachable in loss record 110 of 304
==2367==    at 0x483B7F3: malloc (in /usr/lib/x86_64-linux-gnu/valgrind/vgpreload_memcheck-amd64-linux.so)
==2367==    by 0x1984F3: xmalloc (in /usr/bin/bash)
==2367==    by 0x1544D7: ??? (in /usr/bin/bash)
==2367==    by 0x157FCF: ??? (in /usr/bin/bash)
==2367==    by 0x15805C: ??? (in /usr/bin/bash)
==2367==    by 0x15B228: initialize_shell_variables (in /usr/bin/bash)
==2367==    by 0x138DC9: ??? (in /usr/bin/bash)
==2367==    by 0x137544: main (in /usr/bin/bash)
==2367== 
==2367== 13 bytes in 1 blocks are still reachable in loss record 111 of 304
==2367==    at 0x483B7F3: malloc (in /usr/lib/x86_64-linux-gnu/valgrind/vgpreload_memcheck-amd64-linux.so)
==2367==    by 0x1984F3: xmalloc (in /usr/bin/bash)
==2367==    by 0x157FED: ??? (in /usr/bin/bash)
==2367==    by 0x15805C: ??? (in /usr/bin/bash)
==2367==    by 0x15B228: initialize_shell_variables (in /usr/bin/bash)
==2367==    by 0x138DC9: ??? (in /usr/bin/bash)
==2367==    by 0x137544: main (in /usr/bin/bash)
==2367== 
==2367== 13 bytes in 1 blocks are still reachable in loss record 112 of 304
==2367==    at 0x483B7F3: malloc (in /usr/lib/x86_64-linux-gnu/valgrind/vgpreload_memcheck-amd64-linux.so)
==2367==    by 0x1984F3: xmalloc (in /usr/bin/bash)
==2367==    by 0x1544D7: ??? (in /usr/bin/bash)
==2367==    by 0x157FCF: ??? (in /usr/bin/bash)
==2367==    by 0x158DE5: make_new_assoc_variable (in /usr/bin/bash)
==2367==    by 0x15B67B: initialize_shell_variables (in /usr/bin/bash)
==2367==    by 0x138DC9: ??? (in /usr/bin/bash)
==2367==    by 0x137544: main (in /usr/bin/bash)
==2367== 
==2367== 13 bytes in 1 blocks are still reachable in loss record 113 of 304
==2367==    at 0x483B7F3: malloc (in /usr/lib/x86_64-linux-gnu/valgrind/vgpreload_memcheck-amd64-linux.so)
==2367==    by 0x1984F3: xmalloc (in /usr/bin/bash)
==2367==    by 0x157FED: ??? (in /usr/bin/bash)
==2367==    by 0x158DE5: make_new_assoc_variable (in /usr/bin/bash)
==2367==    by 0x15B67B: initialize_shell_variables (in /usr/bin/bash)
==2367==    by 0x138DC9: ??? (in /usr/bin/bash)
==2367==    by 0x137544: main (in /usr/bin/bash)
==2367== 
==2367== 14 bytes in 1 blocks are still reachable in loss record 114 of 304
==2367==    at 0x483B7F3: malloc (in /usr/lib/x86_64-linux-gnu/valgrind/vgpreload_memcheck-amd64-linux.so)
==2367==    by 0x1984F3: xmalloc (in /usr/bin/bash)
==2367==    by 0x1544D7: ??? (in /usr/bin/bash)
==2367==    by 0x157FCF: ??? (in /usr/bin/bash)
==2367==    by 0x158D55: make_new_array_variable (in /usr/bin/bash)
==2367==    by 0x15AEE3: initialize_shell_variables (in /usr/bin/bash)
==2367==    by 0x138DC9: ??? (in /usr/bin/bash)
==2367==    by 0x137544: main (in /usr/bin/bash)
==2367== 
==2367== 14 bytes in 1 blocks are still reachable in loss record 115 of 304
==2367==    at 0x483B7F3: malloc (in /usr/lib/x86_64-linux-gnu/valgrind/vgpreload_memcheck-amd64-linux.so)
==2367==    by 0x1984F3: xmalloc (in /usr/bin/bash)
==2367==    by 0x157FED: ??? (in /usr/bin/bash)
==2367==    by 0x158D55: make_new_array_variable (in /usr/bin/bash)
==2367==    by 0x15AEE3: initialize_shell_variables (in /usr/bin/bash)
==2367==    by 0x138DC9: ??? (in /usr/bin/bash)
==2367==    by 0x137544: main (in /usr/bin/bash)
==2367== 
==2367== 14 bytes in 1 blocks are still reachable in loss record 116 of 304
==2367==    at 0x483B7F3: malloc (in /usr/lib/x86_64-linux-gnu/valgrind/vgpreload_memcheck-amd64-linux.so)
==2367==    by 0x1984F3: xmalloc (in /usr/bin/bash)
==2367==    by 0x1544D7: ??? (in /usr/bin/bash)
==2367==    by 0x157FCF: ??? (in /usr/bin/bash)
==2367==    by 0x15805C: ??? (in /usr/bin/bash)
==2367==    by 0x15B188: initialize_shell_variables (in /usr/bin/bash)
==2367==    by 0x138DC9: ??? (in /usr/bin/bash)
==2367==    by 0x137544: main (in /usr/bin/bash)
==2367== 
==2367== 14 bytes in 1 blocks are still reachable in loss record 117 of 304
==2367==    at 0x483B7F3: malloc (in /usr/lib/x86_64-linux-gnu/valgrind/vgpreload_memcheck-amd64-linux.so)
==2367==    by 0x1984F3: xmalloc (in /usr/bin/bash)
==2367==    by 0x157FED: ??? (in /usr/bin/bash)
==2367==    by 0x15805C: ??? (in /usr/bin/bash)
==2367==    by 0x15B188: initialize_shell_variables (in /usr/bin/bash)
==2367==    by 0x138DC9: ??? (in /usr/bin/bash)
==2367==    by 0x137544: main (in /usr/bin/bash)
==2367== 
==2367== 14 bytes in 1 blocks are still reachable in loss record 118 of 304
==2367==    at 0x483B7F3: malloc (in /usr/lib/x86_64-linux-gnu/valgrind/vgpreload_memcheck-amd64-linux.so)
==2367==    by 0x1984F3: xmalloc (in /usr/bin/bash)
==2367==    by 0x1544D7: ??? (in /usr/bin/bash)
==2367==    by 0x157FCF: ??? (in /usr/bin/bash)
==2367==    by 0x15805C: ??? (in /usr/bin/bash)
==2367==    by 0x15B24E: initialize_shell_variables (in /usr/bin/bash)
==2367==    by 0x138DC9: ??? (in /usr/bin/bash)
==2367==    by 0x137544: main (in /usr/bin/bash)
==2367== 
==2367== 14 bytes in 1 blocks are still reachable in loss record 119 of 304
==2367==    at 0x483B7F3: malloc (in /usr/lib/x86_64-linux-gnu/valgrind/vgpreload_memcheck-amd64-linux.so)
==2367==    by 0x1984F3: xmalloc (in /usr/bin/bash)
==2367==    by 0x157FED: ??? (in /usr/bin/bash)
==2367==    by 0x15805C: ??? (in /usr/bin/bash)
==2367==    by 0x15B24E: initialize_shell_variables (in /usr/bin/bash)
==2367==    by 0x138DC9: ??? (in /usr/bin/bash)
==2367==    by 0x137544: main (in /usr/bin/bash)
==2367== 
==2367== 16 bytes in 1 blocks are still reachable in loss record 120 of 304
==2367==    at 0x483B7F3: malloc (in /usr/lib/x86_64-linux-gnu/valgrind/vgpreload_memcheck-amd64-linux.so)
==2367==    by 0x1984F3: xmalloc (in /usr/bin/bash)
==2367==    by 0x14789D: tilde_initialize (in /usr/bin/bash)
==2367==    by 0x138DA5: ??? (in /usr/bin/bash)
==2367==    by 0x137544: main (in /usr/bin/bash)
==2367== 
==2367== 16 bytes in 1 blocks are still reachable in loss record 121 of 304
==2367==    at 0x483B7F3: malloc (in /usr/lib/x86_64-linux-gnu/valgrind/vgpreload_memcheck-amd64-linux.so)
==2367==    by 0x1984F3: xmalloc (in /usr/bin/bash)
==2367==    by 0x1478EE: tilde_initialize (in /usr/bin/bash)
==2367==    by 0x138DA5: ??? (in /usr/bin/bash)
==2367==    by 0x137544: main (in /usr/bin/bash)
==2367== 
==2367== 16 bytes in 1 blocks are still reachable in loss record 122 of 304
==2367==    at 0x483B7F3: malloc (in /usr/lib/x86_64-linux-gnu/valgrind/vgpreload_memcheck-amd64-linux.so)
==2367==    by 0x1984F3: xmalloc (in /usr/bin/bash)
==2367==    by 0x17B6F6: hash_create (in /usr/bin/bash)
==2367==    by 0x157F8A: ??? (in /usr/bin/bash)
==2367==    by 0x15AAAB: initialize_shell_variables (in /usr/bin/bash)
==2367==    by 0x138DC9: ??? (in /usr/bin/bash)
==2367==    by 0x137544: main (in /usr/bin/bash)
==2367== 
==2367== 16 bytes in 1 blocks are still reachable in loss record 123 of 304
==2367==    at 0x483B7F3: malloc (in /usr/lib/x86_64-linux-gnu/valgrind/vgpreload_memcheck-amd64-linux.so)
==2367==    by 0x1984F3: xmalloc (in /usr/bin/bash)
==2367==    by 0x17B6F6: hash_create (in /usr/bin/bash)
==2367==    by 0x157FA9: ??? (in /usr/bin/bash)
==2367==    by 0x15AAAB: initialize_shell_variables (in /usr/bin/bash)
==2367==    by 0x138DC9: ??? (in /usr/bin/bash)
==2367==    by 0x137544: main (in /usr/bin/bash)
==2367== 
==2367== 16 bytes in 1 blocks are still reachable in loss record 124 of 304
==2367==    at 0x483B7F3: malloc (in /usr/lib/x86_64-linux-gnu/valgrind/vgpreload_memcheck-amd64-linux.so)
==2367==    by 0x1984F3: xmalloc (in /usr/bin/bash)
==2367==    by 0x17B6F6: hash_create (in /usr/bin/bash)
==2367==    by 0x157F51: ??? (in /usr/bin/bash)
==2367==    by 0x15AAAB: initialize_shell_variables (in /usr/bin/bash)
==2367==    by 0x138DC9: ??? (in /usr/bin/bash)
==2367==    by 0x137544: main (in /usr/bin/bash)
==2367== 
==2367== 16 bytes in 1 blocks are still reachable in loss record 125 of 304
==2367==    at 0x483B7F3: malloc (in /usr/lib/x86_64-linux-gnu/valgrind/vgpreload_memcheck-amd64-linux.so)
==2367==    by 0x1984F3: xmalloc (in /usr/bin/bash)
==2367==    by 0x1544D7: ??? (in /usr/bin/bash)
==2367==    by 0x157FCF: ??? (in /usr/bin/bash)
==2367==    by 0x15805C: ??? (in /usr/bin/bash)
==2367==    by 0x15B2A2: initialize_shell_variables (in /usr/bin/bash)
==2367==    by 0x138DC9: ??? (in /usr/bin/bash)
==2367==    by 0x137544: main (in /usr/bin/bash)
==2367== 
==2367== 16 bytes in 1 blocks are still reachable in loss record 126 of 304
==2367==    at 0x483B7F3: malloc (in /usr/lib/x86_64-linux-gnu/valgrind/vgpreload_memcheck-amd64-linux.so)
==2367==    by 0x1984F3: xmalloc (in /usr/bin/bash)
==2367==    by 0x157FED: ??? (in /usr/bin/bash)
==2367==    by 0x15805C: ??? (in /usr/bin/bash)
==2367==    by 0x15B2A2: initialize_shell_variables (in /usr/bin/bash)
==2367==    by 0x138DC9: ??? (in /usr/bin/bash)
==2367==    by 0x137544: main (in /usr/bin/bash)
==2367== 
==2367== 16 bytes in 1 blocks are still reachable in loss record 127 of 304
==2367==    at 0x483B7F3: malloc (in /usr/lib/x86_64-linux-gnu/valgrind/vgpreload_memcheck-amd64-linux.so)
==2367==    by 0x1984F3: xmalloc (in /usr/bin/bash)
==2367==    by 0x17B6F6: hash_create (in /usr/bin/bash)
==2367==    by 0x158DEF: make_new_assoc_variable (in /usr/bin/bash)
==2367==    by 0x15B6A9: initialize_shell_variables (in /usr/bin/bash)
==2367==    by 0x138DC9: ??? (in /usr/bin/bash)
==2367==    by 0x137544: main (in /usr/bin/bash)
==2367== 
==2367== 16 bytes in 1 blocks are still reachable in loss record 128 of 304
==2367==    at 0x483B7F3: malloc (in /usr/lib/x86_64-linux-gnu/valgrind/vgpreload_memcheck-amd64-linux.so)
==2367==    by 0x1984F3: xmalloc (in /usr/bin/bash)
==2367==    by 0x17B6F6: hash_create (in /usr/bin/bash)
==2367==    by 0x158DEF: make_new_assoc_variable (in /usr/bin/bash)
==2367==    by 0x15B67B: initialize_shell_variables (in /usr/bin/bash)
==2367==    by 0x138DC9: ??? (in /usr/bin/bash)
==2367==    by 0x137544: main (in /usr/bin/bash)
==2367== 
==2367== 16 bytes in 1 blocks are still reachable in loss record 129 of 304
==2367==    at 0x483B7F3: malloc (in /usr/lib/x86_64-linux-gnu/valgrind/vgpreload_memcheck-amd64-linux.so)
==2367==    by 0x1984F3: xmalloc (in /usr/bin/bash)
==2367==    by 0x148045: alloc_word_desc (in /usr/bin/bash)
==2367==    by 0x141419: ??? (in /usr/bin/bash)
==2367==    by 0x142EC7: yyparse (in /usr/bin/bash)
==2367==    by 0x13929A: parse_command (in /usr/bin/bash)
==2367==    by 0x1393A6: read_command (in /usr/bin/bash)
==2367==    by 0x1395C9: reader_loop (in /usr/bin/bash)
==2367==    by 0x137EF8: main (in /usr/bin/bash)
==2367== 
==2367== 16 bytes in 1 blocks are still reachable in loss record 130 of 304
==2367==    at 0x483B7F3: malloc (in /usr/lib/x86_64-linux-gnu/valgrind/vgpreload_memcheck-amd64-linux.so)
==2367==    by 0x1984F3: xmalloc (in /usr/bin/bash)
==2367==    by 0x148045: alloc_word_desc (in /usr/bin/bash)
==2367==    by 0x140C67: ??? (in /usr/bin/bash)
==2367==    by 0x142EC7: yyparse (in /usr/bin/bash)
==2367==    by 0x13929A: parse_command (in /usr/bin/bash)
==2367==    by 0x1393A6: read_command (in /usr/bin/bash)
==2367==    by 0x1395C9: reader_loop (in /usr/bin/bash)
==2367==    by 0x137EF8: main (in /usr/bin/bash)
==2367== 
==2367== 16 bytes in 1 blocks are still reachable in loss record 131 of 304
==2367==    at 0x483B7F3: malloc (in /usr/lib/x86_64-linux-gnu/valgrind/vgpreload_memcheck-amd64-linux.so)
==2367==    by 0x1984F3: xmalloc (in /usr/bin/bash)
==2367==    by 0x1482D9: make_word_list (in /usr/bin/bash)
==2367==    by 0x148AB8: make_simple_command (in /usr/bin/bash)
==2367==    by 0x14353F: yyparse (in /usr/bin/bash)
==2367==    by 0x13929A: parse_command (in /usr/bin/bash)
==2367==    by 0x1393A6: read_command (in /usr/bin/bash)
==2367==    by 0x1395C9: reader_loop (in /usr/bin/bash)
==2367==    by 0x137EF8: main (in /usr/bin/bash)
==2367== 
==2367== 16 bytes in 1 blocks are still reachable in loss record 132 of 304
==2367==    at 0x483B7F3: malloc (in /usr/lib/x86_64-linux-gnu/valgrind/vgpreload_memcheck-amd64-linux.so)
==2367==    by 0x1984F3: xmalloc (in /usr/bin/bash)
==2367==    by 0x1482D9: make_word_list (in /usr/bin/bash)
==2367==    by 0x148AB8: make_simple_command (in /usr/bin/bash)
==2367==    by 0x143516: yyparse (in /usr/bin/bash)
==2367==    by 0x13929A: parse_command (in /usr/bin/bash)
==2367==    by 0x1393A6: read_command (in /usr/bin/bash)
==2367==    by 0x1395C9: reader_loop (in /usr/bin/bash)
==2367==    by 0x137EF8: main (in /usr/bin/bash)
==2367== 
==2367== 16 bytes in 1 blocks are still reachable in loss record 133 of 304
==2367==    at 0x483B7F3: malloc (in /usr/lib/x86_64-linux-gnu/valgrind/vgpreload_memcheck-amd64-linux.so)
==2367==    by 0x1984F3: xmalloc (in /usr/bin/bash)
==2367==    by 0x148045: alloc_word_desc (in /usr/bin/bash)
==2367==    by 0x148072: make_bare_word (in /usr/bin/bash)
==2367==    by 0x15C2F5: copy_word_list (in /usr/bin/bash)
==2367==    by 0x17A74F: ??? (in /usr/bin/bash)
==2367==    by 0x14FB29: execute_command_internal (in /usr/bin/bash)
==2367==    by 0x1519D9: execute_command (in /usr/bin/bash)
==2367==    by 0x139664: reader_loop (in /usr/bin/bash)
==2367==    by 0x137EF8: main (in /usr/bin/bash)
==2367== 
==2367== 16 bytes in 1 blocks are still reachable in loss record 134 of 304
==2367==    at 0x483B7F3: malloc (in /usr/lib/x86_64-linux-gnu/valgrind/vgpreload_memcheck-amd64-linux.so)
==2367==    by 0x1984F3: xmalloc (in /usr/bin/bash)
==2367==    by 0x1482D9: make_word_list (in /usr/bin/bash)
==2367==    by 0x15C305: copy_word_list (in /usr/bin/bash)
==2367==    by 0x17A74F: ??? (in /usr/bin/bash)
==2367==    by 0x14FB29: execute_command_internal (in /usr/bin/bash)
==2367==    by 0x1519D9: execute_command (in /usr/bin/bash)
==2367==    by 0x139664: reader_loop (in /usr/bin/bash)
==2367==    by 0x137EF8: main (in /usr/bin/bash)
==2367== 
==2367== 16 bytes in 1 blocks are still reachable in loss record 135 of 304
==2367==    at 0x483B7F3: malloc (in /usr/lib/x86_64-linux-gnu/valgrind/vgpreload_memcheck-amd64-linux.so)
==2367==    by 0x1984F3: xmalloc (in /usr/bin/bash)
==2367==    by 0x148045: alloc_word_desc (in /usr/bin/bash)
==2367==    by 0x148072: make_bare_word (in /usr/bin/bash)
==2367==    by 0x15C2C4: copy_word_list (in /usr/bin/bash)
==2367==    by 0x17A74F: ??? (in /usr/bin/bash)
==2367==    by 0x14FB29: execute_command_internal (in /usr/bin/bash)
==2367==    by 0x1519D9: execute_command (in /usr/bin/bash)
==2367==    by 0x139664: reader_loop (in /usr/bin/bash)
==2367==    by 0x137EF8: main (in /usr/bin/bash)
==2367== 
==2367== 16 bytes in 1 blocks are still reachable in loss record 136 of 304
==2367==    at 0x483B7F3: malloc (in /usr/lib/x86_64-linux-gnu/valgrind/vgpreload_memcheck-amd64-linux.so)
==2367==    by 0x1984F3: xmalloc (in /usr/bin/bash)
==2367==    by 0x1482D9: make_word_list (in /usr/bin/bash)
==2367==    by 0x15C2D4: copy_word_list (in /usr/bin/bash)
==2367==    by 0x17A74F: ??? (in /usr/bin/bash)
==2367==    by 0x14FB29: execute_command_internal (in /usr/bin/bash)
==2367==    by 0x1519D9: execute_command (in /usr/bin/bash)
==2367==    by 0x139664: reader_loop (in /usr/bin/bash)
==2367==    by 0x137EF8: main (in /usr/bin/bash)
==2367== 
==2367== 16 bytes in 1 blocks are still reachable in loss record 137 of 304
==2367==    at 0x483B7F3: malloc (in /usr/lib/x86_64-linux-gnu/valgrind/vgpreload_memcheck-amd64-linux.so)
==2367==    by 0x1984F3: xmalloc (in /usr/bin/bash)
==2367==    by 0x148045: alloc_word_desc (in /usr/bin/bash)
==2367==    by 0x176AFB: ??? (in /usr/bin/bash)
==2367==    by 0x17A90E: ??? (in /usr/bin/bash)
==2367==    by 0x14FB29: execute_command_internal (in /usr/bin/bash)
==2367==    by 0x1519D9: execute_command (in /usr/bin/bash)
==2367==    by 0x139664: reader_loop (in /usr/bin/bash)
==2367==    by 0x137EF8: main (in /usr/bin/bash)
==2367== 
==2367== 16 bytes in 1 blocks are still reachable in loss record 138 of 304
==2367==    at 0x483B7F3: malloc (in /usr/lib/x86_64-linux-gnu/valgrind/vgpreload_memcheck-amd64-linux.so)
==2367==    by 0x1984F3: xmalloc (in /usr/bin/bash)
==2367==    by 0x1482D9: make_word_list (in /usr/bin/bash)
==2367==    by 0x176BD0: ??? (in /usr/bin/bash)
==2367==    by 0x17A90E: ??? (in /usr/bin/bash)
==2367==    by 0x14FB29: execute_command_internal (in /usr/bin/bash)
==2367==    by 0x1519D9: execute_command (in /usr/bin/bash)
==2367==    by 0x139664: reader_loop (in /usr/bin/bash)
==2367==    by 0x137EF8: main (in /usr/bin/bash)
==2367== 
==2367== 16 bytes in 1 blocks are still reachable in loss record 139 of 304
==2367==    at 0x483B7F3: malloc (in /usr/lib/x86_64-linux-gnu/valgrind/vgpreload_memcheck-amd64-linux.so)
==2367==    by 0x1984F3: xmalloc (in /usr/bin/bash)
==2367==    by 0x148045: alloc_word_desc (in /usr/bin/bash)
==2367==    by 0x1773AC: ??? (in /usr/bin/bash)
==2367==    by 0x17A90E: ??? (in /usr/bin/bash)
==2367==    by 0x14FB29: execute_command_internal (in /usr/bin/bash)
==2367==    by 0x1519D9: execute_command (in /usr/bin/bash)
==2367==    by 0x139664: reader_loop (in /usr/bin/bash)
==2367==    by 0x137EF8: main (in /usr/bin/bash)
==2367== 
==2367== 16 bytes in 1 blocks are still reachable in loss record 140 of 304
==2367==    at 0x483B7F3: malloc (in /usr/lib/x86_64-linux-gnu/valgrind/vgpreload_memcheck-amd64-linux.so)
==2367==    by 0x1984F3: xmalloc (in /usr/bin/bash)
==2367==    by 0x148045: alloc_word_desc (in /usr/bin/bash)
==2367==    by 0x176AFB: ??? (in /usr/bin/bash)
==2367==    by 0x17742D: ??? (in /usr/bin/bash)
==2367==    by 0x17A90E: ??? (in /usr/bin/bash)
==2367==    by 0x14FB29: execute_command_internal (in /usr/bin/bash)
==2367==    by 0x1519D9: execute_command (in /usr/bin/bash)
==2367==    by 0x139664: reader_loop (in /usr/bin/bash)
==2367==    by 0x137EF8: main (in /usr/bin/bash)
==2367== 
==2367== 16 bytes in 1 blocks are still reachable in loss record 141 of 304
==2367==    at 0x483B7F3: malloc (in /usr/lib/x86_64-linux-gnu/valgrind/vgpreload_memcheck-amd64-linux.so)
==2367==    by 0x1984F3: xmalloc (in /usr/bin/bash)
==2367==    by 0x1482D9: make_word_list (in /usr/bin/bash)
==2367==    by 0x176BD0: ??? (in /usr/bin/bash)
==2367==    by 0x17742D: ??? (in /usr/bin/bash)
==2367==    by 0x17A90E: ??? (in /usr/bin/bash)
==2367==    by 0x14FB29: execute_command_internal (in /usr/bin/bash)
==2367==    by 0x1519D9: execute_command (in /usr/bin/bash)
==2367==    by 0x139664: reader_loop (in /usr/bin/bash)
==2367==    by 0x137EF8: main (in /usr/bin/bash)
==2367== 
==2367== 16 bytes in 1 blocks are still reachable in loss record 142 of 304
==2367==    at 0x483B7F3: malloc (in /usr/lib/x86_64-linux-gnu/valgrind/vgpreload_memcheck-amd64-linux.so)
==2367==    by 0x1984F3: xmalloc (in /usr/bin/bash)
==2367==    by 0x1482D9: make_word_list (in /usr/bin/bash)
==2367==    by 0x16F007: list_string (in /usr/bin/bash)
==2367==    by 0x1719CE: ??? (in /usr/bin/bash)
==2367==    by 0x17ABAC: ??? (in /usr/bin/bash)
==2367==    by 0x14FB29: execute_command_internal (in /usr/bin/bash)
==2367==    by 0x1519D9: execute_command (in /usr/bin/bash)
==2367==    by 0x139664: reader_loop (in /usr/bin/bash)
==2367==    by 0x137EF8: main (in /usr/bin/bash)
==2367== 
==2367== 17 bytes in 1 blocks are still reachable in loss record 143 of 304
==2367==    at 0x483DFAF: realloc (in /usr/lib/x86_64-linux-gnu/valgrind/vgpreload_memcheck-amd64-linux.so)
==2367==    by 0x4994297: getcwd (getcwd.c:84)
==2367==    by 0x19ADCC: get_working_directory (in /usr/bin/bash)
==2367==    by 0x15942E: set_pwd (in /usr/bin/bash)
==2367==    by 0x15AAEE: initialize_shell_variables (in /usr/bin/bash)
==2367==    by 0x138DC9: ??? (in /usr/bin/bash)
==2367==    by 0x137544: main (in /usr/bin/bash)
==2367== 
==2367== 17 bytes in 1 blocks are still reachable in loss record 144 of 304
==2367==    at 0x483B7F3: malloc (in /usr/lib/x86_64-linux-gnu/valgrind/vgpreload_memcheck-amd64-linux.so)
==2367==    by 0x1984F3: xmalloc (in /usr/bin/bash)
==2367==    by 0x156DA1: make_variable_value (in /usr/bin/bash)
==2367==    by 0x15806D: ??? (in /usr/bin/bash)
==2367==    by 0x159447: set_pwd (in /usr/bin/bash)
==2367==    by 0x15AAEE: initialize_shell_variables (in /usr/bin/bash)
==2367==    by 0x138DC9: ??? (in /usr/bin/bash)
==2367==    by 0x137544: main (in /usr/bin/bash)
==2367== 
==2367== 18 bytes in 1 blocks are still reachable in loss record 145 of 304
==2367==    at 0x483B7F3: malloc (in /usr/lib/x86_64-linux-gnu/valgrind/vgpreload_memcheck-amd64-linux.so)
==2367==    by 0x1984F3: xmalloc (in /usr/bin/bash)
==2367==    by 0x156DA1: make_variable_value (in /usr/bin/bash)
==2367==    by 0x15806D: ??? (in /usr/bin/bash)
==2367==    by 0x15AECB: initialize_shell_variables (in /usr/bin/bash)
==2367==    by 0x138DC9: ??? (in /usr/bin/bash)
==2367==    by 0x137544: main (in /usr/bin/bash)
==2367== 
==2367== 20 bytes in 1 blocks are still reachable in loss record 146 of 304
==2367==    at 0x483B7F3: malloc (in /usr/lib/x86_64-linux-gnu/valgrind/vgpreload_memcheck-amd64-linux.so)
==2367==    by 0x1984F3: xmalloc (in /usr/bin/bash)
==2367==    by 0x156DA1: make_variable_value (in /usr/bin/bash)
==2367==    by 0x15806D: ??? (in /usr/bin/bash)
==2367==    by 0x15ABBB: initialize_shell_variables (in /usr/bin/bash)
==2367==    by 0x138DC9: ??? (in /usr/bin/bash)
==2367==    by 0x137544: main (in /usr/bin/bash)
==2367== 
==2367== 20 bytes in 1 blocks are still reachable in loss record 147 of 304
==2367==    at 0x483B7F3: malloc (in /usr/lib/x86_64-linux-gnu/valgrind/vgpreload_memcheck-amd64-linux.so)
==2367==    by 0x1984F3: xmalloc (in /usr/bin/bash)
==2367==    by 0x183473: array_create_element (in /usr/bin/bash)
==2367==    by 0x183987: array_insert (in /usr/bin/bash)
==2367==    by 0x15AFA9: initialize_shell_variables (in /usr/bin/bash)
==2367==    by 0x138DC9: ??? (in /usr/bin/bash)
==2367==    by 0x137544: main (in /usr/bin/bash)
==2367== 
==2367== 24 bytes in 1 blocks are still reachable in loss record 148 of 304
==2367==    at 0x483B7F3: malloc (in /usr/lib/x86_64-linux-gnu/valgrind/vgpreload_memcheck-amd64-linux.so)
==2367==    by 0x1984F3: xmalloc (in /usr/bin/bash)
==2367==    by 0x14787D: tilde_initialize (in /usr/bin/bash)
==2367==    by 0x138DA5: ??? (in /usr/bin/bash)
==2367==    by 0x137544: main (in /usr/bin/bash)
==2367== 
==2367== 24 bytes in 1 blocks are still reachable in loss record 149 of 304
==2367==    at 0x483B7F3: malloc (in /usr/lib/x86_64-linux-gnu/valgrind/vgpreload_memcheck-amd64-linux.so)
==2367==    by 0x1984F3: xmalloc (in /usr/bin/bash)
==2367==    by 0x1478CE: tilde_initialize (in /usr/bin/bash)
==2367==    by 0x138DA5: ??? (in /usr/bin/bash)
==2367==    by 0x137544: main (in /usr/bin/bash)
==2367== 
==2367== 29 bytes in 2 blocks are still reachable in loss record 150 of 304
==2367==    at 0x483B7F3: malloc (in /usr/lib/x86_64-linux-gnu/valgrind/vgpreload_memcheck-amd64-linux.so)
==2367==    by 0x1984F3: xmalloc (in /usr/bin/bash)
==2367==    by 0x1556F3: ??? (in /usr/bin/bash)
==2367==    by 0x159B3E: ??? (in /usr/bin/bash)
==2367==    by 0x191D94: ??? (in /usr/bin/bash)
==2367==    by 0x192108: set_locale_var (in /usr/bin/bash)
==2367==    by 0x192302: set_default_lang (in /usr/bin/bash)
==2367==    by 0x137549: main (in /usr/bin/bash)
==2367== 
==2367== 29 bytes in 2 blocks are still reachable in loss record 151 of 304
==2367==    at 0x483B7F3: malloc (in /usr/lib/x86_64-linux-gnu/valgrind/vgpreload_memcheck-amd64-linux.so)
==2367==    by 0x1984F3: xmalloc (in /usr/bin/bash)
==2367==    by 0x1555B6: ??? (in /usr/bin/bash)
==2367==    by 0x159B3E: ??? (in /usr/bin/bash)
==2367==    by 0x191D94: ??? (in /usr/bin/bash)
==2367==    by 0x192108: set_locale_var (in /usr/bin/bash)
==2367==    by 0x192302: set_default_lang (in /usr/bin/bash)
==2367==    by 0x137549: main (in /usr/bin/bash)
==2367== 
==2367== 31 bytes in 1 blocks are still reachable in loss record 152 of 304
==2367==    at 0x483B7F3: malloc (in /usr/lib/x86_64-linux-gnu/valgrind/vgpreload_memcheck-amd64-linux.so)
==2367==    by 0x1984F3: xmalloc (in /usr/bin/bash)
==2367==    by 0x13816C: main (in /usr/bin/bash)
==2367== 
==2367== 31 bytes in 1 blocks are still reachable in loss record 153 of 304
==2367==    at 0x483B7F3: malloc (in /usr/lib/x86_64-linux-gnu/valgrind/vgpreload_memcheck-amd64-linux.so)
==2367==    by 0x1984F3: xmalloc (in /usr/bin/bash)
==2367==    by 0x183473: array_create_element (in /usr/bin/bash)
==2367==    by 0x18367F: ??? (in /usr/bin/bash)
==2367==    by 0x137C8C: main (in /usr/bin/bash)
==2367== 
==2367== 31 bytes in 1 blocks are still reachable in loss record 154 of 304
==2367==    at 0x483B7F3: malloc (in /usr/lib/x86_64-linux-gnu/valgrind/vgpreload_memcheck-amd64-linux.so)
==2367==    by 0x1984F3: xmalloc (in /usr/bin/bash)
==2367==    by 0x13A626: init_yy_io (in /usr/bin/bash)
==2367==    by 0x137DC4: main (in /usr/bin/bash)
==2367== 
==2367== 32 bytes in 1 blocks are still reachable in loss record 155 of 304
==2367==    at 0x483B7F3: malloc (in /usr/lib/x86_64-linux-gnu/valgrind/vgpreload_memcheck-amd64-linux.so)
==2367==    by 0x1984F3: xmalloc (in /usr/bin/bash)
==2367==    by 0x17BBFB: hash_insert (in /usr/bin/bash)
==2367==    by 0x158008: ??? (in /usr/bin/bash)
==2367==    by 0x15805C: ??? (in /usr/bin/bash)
==2367==    by 0x159447: set_pwd (in /usr/bin/bash)
==2367==    by 0x15AAEE: initialize_shell_variables (in /usr/bin/bash)
==2367==    by 0x138DC9: ??? (in /usr/bin/bash)
==2367==    by 0x137544: main (in /usr/bin/bash)
==2367== 
==2367== 32 bytes in 1 blocks are still reachable in loss record 156 of 304
==2367==    at 0x483B7F3: malloc (in /usr/lib/x86_64-linux-gnu/valgrind/vgpreload_memcheck-amd64-linux.so)
==2367==    by 0x1984F3: xmalloc (in /usr/bin/bash)
==2367==    by 0x17BBFB: hash_insert (in /usr/bin/bash)
==2367==    by 0x158008: ??? (in /usr/bin/bash)
==2367==    by 0x15805C: ??? (in /usr/bin/bash)
==2367==    by 0x159490: set_pwd (in /usr/bin/bash)
==2367==    by 0x15AAEE: initialize_shell_variables (in /usr/bin/bash)
==2367==    by 0x138DC9: ??? (in /usr/bin/bash)
==2367==    by 0x137544: main (in /usr/bin/bash)
==2367== 
==2367== 32 bytes in 1 blocks are still reachable in loss record 157 of 304
==2367==    at 0x483B7F3: malloc (in /usr/lib/x86_64-linux-gnu/valgrind/vgpreload_memcheck-amd64-linux.so)
==2367==    by 0x1984F3: xmalloc (in /usr/bin/bash)
==2367==    by 0x17BBFB: hash_insert (in /usr/bin/bash)
==2367==    by 0x158008: ??? (in /usr/bin/bash)
==2367==    by 0x15805C: ??? (in /usr/bin/bash)
==2367==    by 0x15AB01: initialize_shell_variables (in /usr/bin/bash)
==2367==    by 0x138DC9: ??? (in /usr/bin/bash)
==2367==    by 0x137544: main (in /usr/bin/bash)
==2367== 
==2367== 32 bytes in 1 blocks are still reachable in loss record 158 of 304
==2367==    at 0x483B7F3: malloc (in /usr/lib/x86_64-linux-gnu/valgrind/vgpreload_memcheck-amd64-linux.so)
==2367==    by 0x1984F3: xmalloc (in /usr/bin/bash)
==2367==    by 0x17BBFB: hash_insert (in /usr/bin/bash)
==2367==    by 0x158008: ??? (in /usr/bin/bash)
==2367==    by 0x15805C: ??? (in /usr/bin/bash)
==2367==    by 0x15AB1F: initialize_shell_variables (in /usr/bin/bash)
==2367==    by 0x138DC9: ??? (in /usr/bin/bash)
==2367==    by 0x137544: main (in /usr/bin/bash)
==2367== 
==2367== 32 bytes in 1 blocks are still reachable in loss record 159 of 304
==2367==    at 0x483B7F3: malloc (in /usr/lib/x86_64-linux-gnu/valgrind/vgpreload_memcheck-amd64-linux.so)
==2367==    by 0x1984F3: xmalloc (in /usr/bin/bash)
==2367==    by 0x17BBFB: hash_insert (in /usr/bin/bash)
==2367==    by 0x158008: ??? (in /usr/bin/bash)
==2367==    by 0x15805C: ??? (in /usr/bin/bash)
==2367==    by 0x15AB32: initialize_shell_variables (in /usr/bin/bash)
==2367==    by 0x138DC9: ??? (in /usr/bin/bash)
==2367==    by 0x137544: main (in /usr/bin/bash)
==2367== 
==2367== 32 bytes in 1 blocks are still reachable in loss record 160 of 304
==2367==    at 0x483B7F3: malloc (in /usr/lib/x86_64-linux-gnu/valgrind/vgpreload_memcheck-amd64-linux.so)
==2367==    by 0x1984F3: xmalloc (in /usr/bin/bash)
==2367==    by 0x17BBFB: hash_insert (in /usr/bin/bash)
==2367==    by 0x158008: ??? (in /usr/bin/bash)
==2367==    by 0x15805C: ??? (in /usr/bin/bash)
==2367==    by 0x15AB65: initialize_shell_variables (in /usr/bin/bash)
==2367==    by 0x138DC9: ??? (in /usr/bin/bash)
==2367==    by 0x137544: main (in /usr/bin/bash)
==2367== 
==2367== 32 bytes in 1 blocks are still reachable in loss record 161 of 304
==2367==    at 0x483B7F3: malloc (in /usr/lib/x86_64-linux-gnu/valgrind/vgpreload_memcheck-amd64-linux.so)
==2367==    by 0x1984F3: xmalloc (in /usr/bin/bash)
==2367==    by 0x17BBFB: hash_insert (in /usr/bin/bash)
==2367==    by 0x158008: ??? (in /usr/bin/bash)
==2367==    by 0x15805C: ??? (in /usr/bin/bash)
==2367==    by 0x15AB7A: initialize_shell_variables (in /usr/bin/bash)
==2367==    by 0x138DC9: ??? (in /usr/bin/bash)
==2367==    by 0x137544: main (in /usr/bin/bash)
==2367== 
==2367== 32 bytes in 1 blocks are still reachable in loss record 162 of 304
==2367==    at 0x483B7F3: malloc (in /usr/lib/x86_64-linux-gnu/valgrind/vgpreload_memcheck-amd64-linux.so)
==2367==    by 0x1984F3: xmalloc (in /usr/bin/bash)
==2367==    by 0x17BBFB: hash_insert (in /usr/bin/bash)
==2367==    by 0x158008: ??? (in /usr/bin/bash)
==2367==    by 0x15805C: ??? (in /usr/bin/bash)
==2367==    by 0x15AB95: initialize_shell_variables (in /usr/bin/bash)
==2367==    by 0x138DC9: ??? (in /usr/bin/bash)
==2367==    by 0x137544: main (in /usr/bin/bash)
==2367== 
==2367== 32 bytes in 1 blocks are still reachable in loss record 163 of 304
==2367==    at 0x483B7F3: malloc (in /usr/lib/x86_64-linux-gnu/valgrind/vgpreload_memcheck-amd64-linux.so)
==2367==    by 0x1984F3: xmalloc (in /usr/bin/bash)
==2367==    by 0x17BBFB: hash_insert (in /usr/bin/bash)
==2367==    by 0x158008: ??? (in /usr/bin/bash)
==2367==    by 0x15805C: ??? (in /usr/bin/bash)
==2367==    by 0x15ABA8: initialize_shell_variables (in /usr/bin/bash)
==2367==    by 0x138DC9: ??? (in /usr/bin/bash)
==2367==    by 0x137544: main (in /usr/bin/bash)
==2367== 
==2367== 32 bytes in 1 blocks are still reachable in loss record 164 of 304
==2367==    at 0x483B7F3: malloc (in /usr/lib/x86_64-linux-gnu/valgrind/vgpreload_memcheck-amd64-linux.so)
==2367==    by 0x1984F3: xmalloc (in /usr/bin/bash)
==2367==    by 0x17BBFB: hash_insert (in /usr/bin/bash)
==2367==    by 0x158008: ??? (in /usr/bin/bash)
==2367==    by 0x15805C: ??? (in /usr/bin/bash)
==2367==    by 0x15ABBB: initialize_shell_variables (in /usr/bin/bash)
==2367==    by 0x138DC9: ??? (in /usr/bin/bash)
==2367==    by 0x137544: main (in /usr/bin/bash)
==2367== 
==2367== 32 bytes in 1 blocks are still reachable in loss record 165 of 304
==2367==    at 0x483B7F3: malloc (in /usr/lib/x86_64-linux-gnu/valgrind/vgpreload_memcheck-amd64-linux.so)
==2367==    by 0x1984F3: xmalloc (in /usr/bin/bash)
==2367==    by 0x17BBFB: hash_insert (in /usr/bin/bash)
==2367==    by 0x158008: ??? (in /usr/bin/bash)
==2367==    by 0x15805C: ??? (in /usr/bin/bash)
==2367==    by 0x15ABCE: initialize_shell_variables (in /usr/bin/bash)
==2367==    by 0x138DC9: ??? (in /usr/bin/bash)
==2367==    by 0x137544: main (in /usr/bin/bash)
==2367== 
==2367== 32 bytes in 1 blocks are still reachable in loss record 166 of 304
==2367==    at 0x483B7F3: malloc (in /usr/lib/x86_64-linux-gnu/valgrind/vgpreload_memcheck-amd64-linux.so)
==2367==    by 0x1984F3: xmalloc (in /usr/bin/bash)
==2367==    by 0x17BBFB: hash_insert (in /usr/bin/bash)
==2367==    by 0x158008: ??? (in /usr/bin/bash)
==2367==    by 0x15805C: ??? (in /usr/bin/bash)
==2367==    by 0x15929E: adjust_shell_level (in /usr/bin/bash)
==2367==    by 0x15AC10: initialize_shell_variables (in /usr/bin/bash)
==2367==    by 0x138DC9: ??? (in /usr/bin/bash)
==2367==    by 0x137544: main (in /usr/bin/bash)
==2367== 
==2367== 32 bytes in 1 blocks are still reachable in loss record 167 of 304
==2367==    at 0x483B7F3: malloc (in /usr/lib/x86_64-linux-gnu/valgrind/vgpreload_memcheck-amd64-linux.so)
==2367==    by 0x1984F3: xmalloc (in /usr/bin/bash)
==2367==    by 0x17BBFB: hash_insert (in /usr/bin/bash)
==2367==    by 0x158008: ??? (in /usr/bin/bash)
==2367==    by 0x15805C: ??? (in /usr/bin/bash)
==2367==    by 0x159628: set_ppid (in /usr/bin/bash)
==2367==    by 0x15AC15: initialize_shell_variables (in /usr/bin/bash)
==2367==    by 0x138DC9: ??? (in /usr/bin/bash)
==2367==    by 0x137544: main (in /usr/bin/bash)
==2367== 
==2367== 32 bytes in 1 blocks are still reachable in loss record 168 of 304
==2367==    at 0x483B7F3: malloc (in /usr/lib/x86_64-linux-gnu/valgrind/vgpreload_memcheck-amd64-linux.so)
==2367==    by 0x1984F3: xmalloc (in /usr/bin/bash)
==2367==    by 0x17BBFB: hash_insert (in /usr/bin/bash)
==2367==    by 0x158008: ??? (in /usr/bin/bash)
==2367==    by 0x15805C: ??? (in /usr/bin/bash)
==2367==    by 0x15AC2A: initialize_shell_variables (in /usr/bin/bash)
==2367==    by 0x138DC9: ??? (in /usr/bin/bash)
==2367==    by 0x137544: main (in /usr/bin/bash)
==2367== 
==2367== 32 bytes in 1 blocks are still reachable in loss record 169 of 304
==2367==    at 0x483B7F3: malloc (in /usr/lib/x86_64-linux-gnu/valgrind/vgpreload_memcheck-amd64-linux.so)
==2367==    by 0x1984F3: xmalloc (in /usr/bin/bash)
==2367==    by 0x17BBFB: hash_insert (in /usr/bin/bash)
==2367==    by 0x158008: ??? (in /usr/bin/bash)
==2367==    by 0x15805C: ??? (in /usr/bin/bash)
==2367==    by 0x15AC4A: initialize_shell_variables (in /usr/bin/bash)
==2367==    by 0x138DC9: ??? (in /usr/bin/bash)
==2367==    by 0x137544: main (in /usr/bin/bash)
==2367== 
==2367== 32 bytes in 1 blocks are still reachable in loss record 170 of 304
==2367==    at 0x483B7F3: malloc (in /usr/lib/x86_64-linux-gnu/valgrind/vgpreload_memcheck-amd64-linux.so)
==2367==    by 0x1984F3: xmalloc (in /usr/bin/bash)
==2367==    by 0x17BBFB: hash_insert (in /usr/bin/bash)
==2367==    by 0x158008: ??? (in /usr/bin/bash)
==2367==    by 0x15805C: ??? (in /usr/bin/bash)
==2367==    by 0x15AE90: initialize_shell_variables (in /usr/bin/bash)
==2367==    by 0x138DC9: ??? (in /usr/bin/bash)
==2367==    by 0x137544: main (in /usr/bin/bash)
==2367== 
==2367== 32 bytes in 1 blocks are still reachable in loss record 171 of 304
==2367==    at 0x483B7F3: malloc (in /usr/lib/x86_64-linux-gnu/valgrind/vgpreload_memcheck-amd64-linux.so)
==2367==    by 0x1984F3: xmalloc (in /usr/bin/bash)
==2367==    by 0x17BBFB: hash_insert (in /usr/bin/bash)
==2367==    by 0x158008: ??? (in /usr/bin/bash)
==2367==    by 0x15805C: ??? (in /usr/bin/bash)
==2367==    by 0x15B635: initialize_shell_variables (in /usr/bin/bash)
==2367==    by 0x138DC9: ??? (in /usr/bin/bash)
==2367==    by 0x137544: main (in /usr/bin/bash)
==2367== 
==2367== 32 bytes in 1 blocks are still reachable in loss record 172 of 304
==2367==    at 0x483B7F3: malloc (in /usr/lib/x86_64-linux-gnu/valgrind/vgpreload_memcheck-amd64-linux.so)
==2367==    by 0x1984F3: xmalloc (in /usr/bin/bash)
==2367==    by 0x17BBFB: hash_insert (in /usr/bin/bash)
==2367==    by 0x158008: ??? (in /usr/bin/bash)
==2367==    by 0x15805C: ??? (in /usr/bin/bash)
==2367==    by 0x15AECB: initialize_shell_variables (in /usr/bin/bash)
==2367==    by 0x138DC9: ??? (in /usr/bin/bash)
==2367==    by 0x137544: main (in /usr/bin/bash)
==2367== 
==2367== 32 bytes in 1 blocks are still reachable in loss record 173 of 304
==2367==    at 0x483B7F3: malloc (in /usr/lib/x86_64-linux-gnu/valgrind/vgpreload_memcheck-amd64-linux.so)
==2367==    by 0x1984F3: xmalloc (in /usr/bin/bash)
==2367==    by 0x17BBFB: hash_insert (in /usr/bin/bash)
==2367==    by 0x158008: ??? (in /usr/bin/bash)
==2367==    by 0x158D55: make_new_array_variable (in /usr/bin/bash)
==2367==    by 0x15AEE3: initialize_shell_variables (in /usr/bin/bash)
==2367==    by 0x138DC9: ??? (in /usr/bin/bash)
==2367==    by 0x137544: main (in /usr/bin/bash)
==2367== 
==2367== 32 bytes in 1 blocks are still reachable in loss record 174 of 304
==2367==    at 0x483B7F3: malloc (in /usr/lib/x86_64-linux-gnu/valgrind/vgpreload_memcheck-amd64-linux.so)
==2367==    by 0x1984F3: xmalloc (in /usr/bin/bash)
==2367==    by 0x183457: array_create_element (in /usr/bin/bash)
==2367==    by 0x1834ED: array_create (in /usr/bin/bash)
==2367==    by 0x158D5D: make_new_array_variable (in /usr/bin/bash)
==2367==    by 0x15AEE3: initialize_shell_variables (in /usr/bin/bash)
==2367==    by 0x138DC9: ??? (in /usr/bin/bash)
==2367==    by 0x137544: main (in /usr/bin/bash)
==2367== 
==2367== 32 bytes in 1 blocks are still reachable in loss record 175 of 304
==2367==    at 0x483B7F3: malloc (in /usr/lib/x86_64-linux-gnu/valgrind/vgpreload_memcheck-amd64-linux.so)
==2367==    by 0x1984F3: xmalloc (in /usr/bin/bash)
==2367==    by 0x183457: array_create_element (in /usr/bin/bash)
==2367==    by 0x183987: array_insert (in /usr/bin/bash)
==2367==    by 0x15AF24: initialize_shell_variables (in /usr/bin/bash)
==2367==    by 0x138DC9: ??? (in /usr/bin/bash)
==2367==    by 0x137544: main (in /usr/bin/bash)
==2367== 
==2367== 32 bytes in 1 blocks are still reachable in loss record 176 of 304
==2367==    at 0x483B7F3: malloc (in /usr/lib/x86_64-linux-gnu/valgrind/vgpreload_memcheck-amd64-linux.so)
==2367==    by 0x1984F3: xmalloc (in /usr/bin/bash)
==2367==    by 0x183457: array_create_element (in /usr/bin/bash)
==2367==    by 0x183987: array_insert (in /usr/bin/bash)
==2367==    by 0x15AF34: initialize_shell_variables (in /usr/bin/bash)
==2367==    by 0x138DC9: ??? (in /usr/bin/bash)
==2367==    by 0x137544: main (in /usr/bin/bash)
==2367== 
==2367== 32 bytes in 1 blocks are still reachable in loss record 177 of 304
==2367==    at 0x483B7F3: malloc (in /usr/lib/x86_64-linux-gnu/valgrind/vgpreload_memcheck-amd64-linux.so)
==2367==    by 0x1984F3: xmalloc (in /usr/bin/bash)
==2367==    by 0x183457: array_create_element (in /usr/bin/bash)
==2367==    by 0x183987: array_insert (in /usr/bin/bash)
==2367==    by 0x15AF5D: initialize_shell_variables (in /usr/bin/bash)
==2367==    by 0x138DC9: ??? (in /usr/bin/bash)
==2367==    by 0x137544: main (in /usr/bin/bash)
==2367== 
==2367== 32 bytes in 1 blocks are still reachable in loss record 178 of 304
==2367==    at 0x483B7F3: malloc (in /usr/lib/x86_64-linux-gnu/valgrind/vgpreload_memcheck-amd64-linux.so)
==2367==    by 0x1984F3: xmalloc (in /usr/bin/bash)
==2367==    by 0x183457: array_create_element (in /usr/bin/bash)
==2367==    by 0x183987: array_insert (in /usr/bin/bash)
==2367==    by 0x15AF81: initialize_shell_variables (in /usr/bin/bash)
==2367==    by 0x138DC9: ??? (in /usr/bin/bash)
==2367==    by 0x137544: main (in /usr/bin/bash)
==2367== 
==2367== 32 bytes in 1 blocks are still reachable in loss record 179 of 304
==2367==    at 0x483B7F3: malloc (in /usr/lib/x86_64-linux-gnu/valgrind/vgpreload_memcheck-amd64-linux.so)
==2367==    by 0x1984F3: xmalloc (in /usr/bin/bash)
==2367==    by 0x183457: array_create_element (in /usr/bin/bash)
==2367==    by 0x183987: array_insert (in /usr/bin/bash)
==2367==    by 0x15AF95: initialize_shell_variables (in /usr/bin/bash)
==2367==    by 0x138DC9: ??? (in /usr/bin/bash)
==2367==    by 0x137544: main (in /usr/bin/bash)
==2367== 
==2367== 32 bytes in 1 blocks are still reachable in loss record 180 of 304
==2367==    at 0x483B7F3: malloc (in /usr/lib/x86_64-linux-gnu/valgrind/vgpreload_memcheck-amd64-linux.so)
==2367==    by 0x1984F3: xmalloc (in /usr/bin/bash)
==2367==    by 0x183457: array_create_element (in /usr/bin/bash)
==2367==    by 0x183987: array_insert (in /usr/bin/bash)
==2367==    by 0x15AFA9: initialize_shell_variables (in /usr/bin/bash)
==2367==    by 0x138DC9: ??? (in /usr/bin/bash)
==2367==    by 0x137544: main (in /usr/bin/bash)
==2367== 
==2367== 32 bytes in 1 blocks are still reachable in loss record 181 of 304
==2367==    at 0x483B7F3: malloc (in /usr/lib/x86_64-linux-gnu/valgrind/vgpreload_memcheck-amd64-linux.so)
==2367==    by 0x1984F3: xmalloc (in /usr/bin/bash)
==2367==    by 0x17BBFB: hash_insert (in /usr/bin/bash)
==2367==    by 0x158008: ??? (in /usr/bin/bash)
==2367==    by 0x15805C: ??? (in /usr/bin/bash)
==2367==    by 0x15B7C8: initialize_shell_variables (in /usr/bin/bash)
==2367==    by 0x138DC9: ??? (in /usr/bin/bash)
==2367==    by 0x137544: main (in /usr/bin/bash)
==2367== 
==2367== 32 bytes in 1 blocks are still reachable in loss record 182 of 304
==2367==    at 0x483B7F3: malloc (in /usr/lib/x86_64-linux-gnu/valgrind/vgpreload_memcheck-amd64-linux.so)
==2367==    by 0x1984F3: xmalloc (in /usr/bin/bash)
==2367==    by 0x17BBFB: hash_insert (in /usr/bin/bash)
==2367==    by 0x158008: ??? (in /usr/bin/bash)
==2367==    by 0x15805C: ??? (in /usr/bin/bash)
==2367==    by 0x15B7AE: initialize_shell_variables (in /usr/bin/bash)
==2367==    by 0x138DC9: ??? (in /usr/bin/bash)
==2367==    by 0x137544: main (in /usr/bin/bash)
==2367== 
==2367== 32 bytes in 1 blocks are still reachable in loss record 183 of 304
==2367==    at 0x483B7F3: malloc (in /usr/lib/x86_64-linux-gnu/valgrind/vgpreload_memcheck-amd64-linux.so)
==2367==    by 0x1984F3: xmalloc (in /usr/bin/bash)
==2367==    by 0x17BBFB: hash_insert (in /usr/bin/bash)
==2367==    by 0x158008: ??? (in /usr/bin/bash)
==2367==    by 0x15805C: ??? (in /usr/bin/bash)
==2367==    by 0x15B112: initialize_shell_variables (in /usr/bin/bash)
==2367==    by 0x138DC9: ??? (in /usr/bin/bash)
==2367==    by 0x137544: main (in /usr/bin/bash)
==2367== 
==2367== 32 bytes in 1 blocks are still reachable in loss record 184 of 304
==2367==    at 0x483B7F3: malloc (in /usr/lib/x86_64-linux-gnu/valgrind/vgpreload_memcheck-amd64-linux.so)
==2367==    by 0x1984F3: xmalloc (in /usr/bin/bash)
==2367==    by 0x17BBFB: hash_insert (in /usr/bin/bash)
==2367==    by 0x158008: ??? (in /usr/bin/bash)
==2367==    by 0x15805C: ??? (in /usr/bin/bash)
==2367==    by 0x15B13F: initialize_shell_variables (in /usr/bin/bash)
==2367==    by 0x138DC9: ??? (in /usr/bin/bash)
==2367==    by 0x137544: main (in /usr/bin/bash)
==2367== 
==2367== 32 bytes in 1 blocks are still reachable in loss record 185 of 304
==2367==    at 0x483B7F3: malloc (in /usr/lib/x86_64-linux-gnu/valgrind/vgpreload_memcheck-amd64-linux.so)
==2367==    by 0x1984F3: xmalloc (in /usr/bin/bash)
==2367==    by 0x17BBFB: hash_insert (in /usr/bin/bash)
==2367==    by 0x158008: ??? (in /usr/bin/bash)
==2367==    by 0x15805C: ??? (in /usr/bin/bash)
==2367==    by 0x15B165: initialize_shell_variables (in /usr/bin/bash)
==2367==    by 0x138DC9: ??? (in /usr/bin/bash)
==2367==    by 0x137544: main (in /usr/bin/bash)
==2367== 
==2367== 32 bytes in 1 blocks are still reachable in loss record 186 of 304
==2367==    at 0x483B7F3: malloc (in /usr/lib/x86_64-linux-gnu/valgrind/vgpreload_memcheck-amd64-linux.so)
==2367==    by 0x1984F3: xmalloc (in /usr/bin/bash)
==2367==    by 0x17BBFB: hash_insert (in /usr/bin/bash)
==2367==    by 0x158008: ??? (in /usr/bin/bash)
==2367==    by 0x15805C: ??? (in /usr/bin/bash)
==2367==    by 0x15B188: initialize_shell_variables (in /usr/bin/bash)
==2367==    by 0x138DC9: ??? (in /usr/bin/bash)
==2367==    by 0x137544: main (in /usr/bin/bash)
==2367== 
==2367== 32 bytes in 1 blocks are still reachable in loss record 187 of 304
==2367==    at 0x483B7F3: malloc (in /usr/lib/x86_64-linux-gnu/valgrind/vgpreload_memcheck-amd64-linux.so)
==2367==    by 0x1984F3: xmalloc (in /usr/bin/bash)
==2367==    by 0x17BBFB: hash_insert (in /usr/bin/bash)
==2367==    by 0x158008: ??? (in /usr/bin/bash)
==2367==    by 0x15805C: ??? (in /usr/bin/bash)
==2367==    by 0x15B1AE: initialize_shell_variables (in /usr/bin/bash)
==2367==    by 0x138DC9: ??? (in /usr/bin/bash)
==2367==    by 0x137544: main (in /usr/bin/bash)
==2367== 
==2367== 32 bytes in 1 blocks are still reachable in loss record 188 of 304
==2367==    at 0x483B7F3: malloc (in /usr/lib/x86_64-linux-gnu/valgrind/vgpreload_memcheck-amd64-linux.so)
==2367==    by 0x1984F3: xmalloc (in /usr/bin/bash)
==2367==    by 0x17BBFB: hash_insert (in /usr/bin/bash)
==2367==    by 0x158008: ??? (in /usr/bin/bash)
==2367==    by 0x15805C: ??? (in /usr/bin/bash)
==2367==    by 0x15B1D8: initialize_shell_variables (in /usr/bin/bash)
==2367==    by 0x138DC9: ??? (in /usr/bin/bash)
==2367==    by 0x137544: main (in /usr/bin/bash)
==2367== 
==2367== 32 bytes in 1 blocks are still reachable in loss record 189 of 304
==2367==    at 0x483B7F3: malloc (in /usr/lib/x86_64-linux-gnu/valgrind/vgpreload_memcheck-amd64-linux.so)
==2367==    by 0x1984F3: xmalloc (in /usr/bin/bash)
==2367==    by 0x17BBFB: hash_insert (in /usr/bin/bash)
==2367==    by 0x158008: ??? (in /usr/bin/bash)
==2367==    by 0x15805C: ??? (in /usr/bin/bash)
==2367==    by 0x15B205: initialize_shell_variables (in /usr/bin/bash)
==2367==    by 0x138DC9: ??? (in /usr/bin/bash)
==2367==    by 0x137544: main (in /usr/bin/bash)
==2367== 
==2367== 32 bytes in 1 blocks are still reachable in loss record 190 of 304
==2367==    at 0x483B7F3: malloc (in /usr/lib/x86_64-linux-gnu/valgrind/vgpreload_memcheck-amd64-linux.so)
==2367==    by 0x1984F3: xmalloc (in /usr/bin/bash)
==2367==    by 0x17BBFB: hash_insert (in /usr/bin/bash)
==2367==    by 0x158008: ??? (in /usr/bin/bash)
==2367==    by 0x15805C: ??? (in /usr/bin/bash)
==2367==    by 0x15B228: initialize_shell_variables (in /usr/bin/bash)
==2367==    by 0x138DC9: ??? (in /usr/bin/bash)
==2367==    by 0x137544: main (in /usr/bin/bash)
==2367== 
==2367== 32 bytes in 1 blocks are still reachable in loss record 191 of 304
==2367==    at 0x483B7F3: malloc (in /usr/lib/x86_64-linux-gnu/valgrind/vgpreload_memcheck-amd64-linux.so)
==2367==    by 0x1984F3: xmalloc (in /usr/bin/bash)
==2367==    by 0x17BBFB: hash_insert (in /usr/bin/bash)
==2367==    by 0x158008: ??? (in /usr/bin/bash)
==2367==    by 0x15805C: ??? (in /usr/bin/bash)
==2367==    by 0x15B24E: initialize_shell_variables (in /usr/bin/bash)
==2367==    by 0x138DC9: ??? (in /usr/bin/bash)
==2367==    by 0x137544: main (in /usr/bin/bash)
==2367== 
==2367== 32 bytes in 1 blocks are still reachable in loss record 192 of 304
==2367==    at 0x483B7F3: malloc (in /usr/lib/x86_64-linux-gnu/valgrind/vgpreload_memcheck-amd64-linux.so)
==2367==    by 0x1984F3: xmalloc (in /usr/bin/bash)
==2367==    by 0x17BBFB: hash_insert (in /usr/bin/bash)
==2367==    by 0x158008: ??? (in /usr/bin/bash)
==2367==    by 0x15805C: ??? (in /usr/bin/bash)
==2367==    by 0x15B27B: initialize_shell_variables (in /usr/bin/bash)
==2367==    by 0x138DC9: ??? (in /usr/bin/bash)
==2367==    by 0x137544: main (in /usr/bin/bash)
==2367== 
==2367== 32 bytes in 1 blocks are still reachable in loss record 193 of 304
==2367==    at 0x483B7F3: malloc (in /usr/lib/x86_64-linux-gnu/valgrind/vgpreload_memcheck-amd64-linux.so)
==2367==    by 0x1984F3: xmalloc (in /usr/bin/bash)
==2367==    by 0x17BBFB: hash_insert (in /usr/bin/bash)
==2367==    by 0x158008: ??? (in /usr/bin/bash)
==2367==    by 0x15805C: ??? (in /usr/bin/bash)
==2367==    by 0x15B2A2: initialize_shell_variables (in /usr/bin/bash)
==2367==    by 0x138DC9: ??? (in /usr/bin/bash)
==2367==    by 0x137544: main (in /usr/bin/bash)
==2367== 
==2367== 32 bytes in 1 blocks are still reachable in loss record 194 of 304
==2367==    at 0x483B7F3: malloc (in /usr/lib/x86_64-linux-gnu/valgrind/vgpreload_memcheck-amd64-linux.so)
==2367==    by 0x1984F3: xmalloc (in /usr/bin/bash)
==2367==    by 0x17BBFB: hash_insert (in /usr/bin/bash)
==2367==    by 0x158008: ??? (in /usr/bin/bash)
==2367==    by 0x158D55: make_new_array_variable (in /usr/bin/bash)
==2367==    by 0x158DA7: ??? (in /usr/bin/bash)
==2367==    by 0x15B2CD: initialize_shell_variables (in /usr/bin/bash)
==2367==    by 0x138DC9: ??? (in /usr/bin/bash)
==2367==    by 0x137544: main (in /usr/bin/bash)
==2367== 
==2367== 32 bytes in 1 blocks are still reachable in loss record 195 of 304
==2367==    at 0x483B7F3: malloc (in /usr/lib/x86_64-linux-gnu/valgrind/vgpreload_memcheck-amd64-linux.so)
==2367==    by 0x1984F3: xmalloc (in /usr/bin/bash)
==2367==    by 0x183457: array_create_element (in /usr/bin/bash)
==2367==    by 0x1834ED: array_create (in /usr/bin/bash)
==2367==    by 0x158D5D: make_new_array_variable (in /usr/bin/bash)
==2367==    by 0x158DA7: ??? (in /usr/bin/bash)
==2367==    by 0x15B2CD: initialize_shell_variables (in /usr/bin/bash)
==2367==    by 0x138DC9: ??? (in /usr/bin/bash)
==2367==    by 0x137544: main (in /usr/bin/bash)
==2367== 
==2367== 32 bytes in 1 blocks are still reachable in loss record 196 of 304
==2367==    at 0x483B7F3: malloc (in /usr/lib/x86_64-linux-gnu/valgrind/vgpreload_memcheck-amd64-linux.so)
==2367==    by 0x1984F3: xmalloc (in /usr/bin/bash)
==2367==    by 0x17BBFB: hash_insert (in /usr/bin/bash)
==2367==    by 0x158008: ??? (in /usr/bin/bash)
==2367==    by 0x158D55: make_new_array_variable (in /usr/bin/bash)
==2367==    by 0x158DA7: ??? (in /usr/bin/bash)
==2367==    by 0x15B2EC: initialize_shell_variables (in /usr/bin/bash)
==2367==    by 0x138DC9: ??? (in /usr/bin/bash)
==2367==    by 0x137544: main (in /usr/bin/bash)
==2367== 
==2367== 32 bytes in 1 blocks are still reachable in loss record 197 of 304
==2367==    at 0x483B7F3: malloc (in /usr/lib/x86_64-linux-gnu/valgrind/vgpreload_memcheck-amd64-linux.so)
==2367==    by 0x1984F3: xmalloc (in /usr/bin/bash)
==2367==    by 0x183457: array_create_element (in /usr/bin/bash)
==2367==    by 0x1834ED: array_create (in /usr/bin/bash)
==2367==    by 0x158D5D: make_new_array_variable (in /usr/bin/bash)
==2367==    by 0x158DA7: ??? (in /usr/bin/bash)
==2367==    by 0x15B2EC: initialize_shell_variables (in /usr/bin/bash)
==2367==    by 0x138DC9: ??? (in /usr/bin/bash)
==2367==    by 0x137544: main (in /usr/bin/bash)
==2367== 
==2367== 32 bytes in 1 blocks are still reachable in loss record 198 of 304
==2367==    at 0x483B7F3: malloc (in /usr/lib/x86_64-linux-gnu/valgrind/vgpreload_memcheck-amd64-linux.so)
==2367==    by 0x1984F3: xmalloc (in /usr/bin/bash)
==2367==    by 0x17BBFB: hash_insert (in /usr/bin/bash)
==2367==    by 0x158008: ??? (in /usr/bin/bash)
==2367==    by 0x158D55: make_new_array_variable (in /usr/bin/bash)
==2367==    by 0x158DA7: ??? (in /usr/bin/bash)
==2367==    by 0x15B30B: initialize_shell_variables (in /usr/bin/bash)
==2367==    by 0x138DC9: ??? (in /usr/bin/bash)
==2367==    by 0x137544: main (in /usr/bin/bash)
==2367== 
==2367== 32 bytes in 1 blocks are still reachable in loss record 199 of 304
==2367==    at 0x483B7F3: malloc (in /usr/lib/x86_64-linux-gnu/valgrind/vgpreload_memcheck-amd64-linux.so)
==2367==    by 0x1984F3: xmalloc (in /usr/bin/bash)
==2367==    by 0x183457: array_create_element (in /usr/bin/bash)
==2367==    by 0x1834ED: array_create (in /usr/bin/bash)
==2367==    by 0x158D5D: make_new_array_variable (in /usr/bin/bash)
==2367==    by 0x158DA7: ??? (in /usr/bin/bash)
==2367==    by 0x15B30B: initialize_shell_variables (in /usr/bin/bash)
==2367==    by 0x138DC9: ??? (in /usr/bin/bash)
==2367==    by 0x137544: main (in /usr/bin/bash)
==2367== 
==2367== 32 bytes in 1 blocks are still reachable in loss record 200 of 304
==2367==    at 0x483B7F3: malloc (in /usr/lib/x86_64-linux-gnu/valgrind/vgpreload_memcheck-amd64-linux.so)
==2367==    by 0x1984F3: xmalloc (in /usr/bin/bash)
==2367==    by 0x17BBFB: hash_insert (in /usr/bin/bash)
==2367==    by 0x158008: ??? (in /usr/bin/bash)
==2367==    by 0x158D55: make_new_array_variable (in /usr/bin/bash)
==2367==    by 0x158DA7: ??? (in /usr/bin/bash)
==2367==    by 0x15B32A: initialize_shell_variables (in /usr/bin/bash)
==2367==    by 0x138DC9: ??? (in /usr/bin/bash)
==2367==    by 0x137544: main (in /usr/bin/bash)
==2367== 
==2367== 32 bytes in 1 blocks are still reachable in loss record 201 of 304
==2367==    at 0x483B7F3: malloc (in /usr/lib/x86_64-linux-gnu/valgrind/vgpreload_memcheck-amd64-linux.so)
==2367==    by 0x1984F3: xmalloc (in /usr/bin/bash)
==2367==    by 0x183457: array_create_element (in /usr/bin/bash)
==2367==    by 0x1834ED: array_create (in /usr/bin/bash)
==2367==    by 0x158D5D: make_new_array_variable (in /usr/bin/bash)
==2367==    by 0x158DA7: ??? (in /usr/bin/bash)
==2367==    by 0x15B32A: initialize_shell_variables (in /usr/bin/bash)
==2367==    by 0x138DC9: ??? (in /usr/bin/bash)
==2367==    by 0x137544: main (in /usr/bin/bash)
==2367== 
==2367== 32 bytes in 1 blocks are still reachable in loss record 202 of 304
==2367==    at 0x483B7F3: malloc (in /usr/lib/x86_64-linux-gnu/valgrind/vgpreload_memcheck-amd64-linux.so)
==2367==    by 0x1984F3: xmalloc (in /usr/bin/bash)
==2367==    by 0x17BBFB: hash_insert (in /usr/bin/bash)
==2367==    by 0x158008: ??? (in /usr/bin/bash)
==2367==    by 0x158D55: make_new_array_variable (in /usr/bin/bash)
==2367==    by 0x158DA7: ??? (in /usr/bin/bash)
==2367==    by 0x15B349: initialize_shell_variables (in /usr/bin/bash)
==2367==    by 0x138DC9: ??? (in /usr/bin/bash)
==2367==    by 0x137544: main (in /usr/bin/bash)
==2367== 
==2367== 32 bytes in 1 blocks are still reachable in loss record 203 of 304
==2367==    at 0x483B7F3: malloc (in /usr/lib/x86_64-linux-gnu/valgrind/vgpreload_memcheck-amd64-linux.so)
==2367==    by 0x1984F3: xmalloc (in /usr/bin/bash)
==2367==    by 0x183457: array_create_element (in /usr/bin/bash)
==2367==    by 0x1834ED: array_create (in /usr/bin/bash)
==2367==    by 0x158D5D: make_new_array_variable (in /usr/bin/bash)
==2367==    by 0x158DA7: ??? (in /usr/bin/bash)
==2367==    by 0x15B349: initialize_shell_variables (in /usr/bin/bash)
==2367==    by 0x138DC9: ??? (in /usr/bin/bash)
==2367==    by 0x137544: main (in /usr/bin/bash)
==2367== 
==2367== 32 bytes in 1 blocks are still reachable in loss record 204 of 304
==2367==    at 0x483B7F3: malloc (in /usr/lib/x86_64-linux-gnu/valgrind/vgpreload_memcheck-amd64-linux.so)
==2367==    by 0x1984F3: xmalloc (in /usr/bin/bash)
==2367==    by 0x17BBFB: hash_insert (in /usr/bin/bash)
==2367==    by 0x158008: ??? (in /usr/bin/bash)
==2367==    by 0x158D55: make_new_array_variable (in /usr/bin/bash)
==2367==    by 0x158DA7: ??? (in /usr/bin/bash)
==2367==    by 0x15B368: initialize_shell_variables (in /usr/bin/bash)
==2367==    by 0x138DC9: ??? (in /usr/bin/bash)
==2367==    by 0x137544: main (in /usr/bin/bash)
==2367== 
==2367== 32 bytes in 1 blocks are still reachable in loss record 205 of 304
==2367==    at 0x483B7F3: malloc (in /usr/lib/x86_64-linux-gnu/valgrind/vgpreload_memcheck-amd64-linux.so)
==2367==    by 0x1984F3: xmalloc (in /usr/bin/bash)
==2367==    by 0x183457: array_create_element (in /usr/bin/bash)
==2367==    by 0x1834ED: array_create (in /usr/bin/bash)
==2367==    by 0x158D5D: make_new_array_variable (in /usr/bin/bash)
==2367==    by 0x158DA7: ??? (in /usr/bin/bash)
==2367==    by 0x15B368: initialize_shell_variables (in /usr/bin/bash)
==2367==    by 0x138DC9: ??? (in /usr/bin/bash)
==2367==    by 0x137544: main (in /usr/bin/bash)
==2367== 
==2367== 32 bytes in 1 blocks are still reachable in loss record 206 of 304
==2367==    at 0x483B7F3: malloc (in /usr/lib/x86_64-linux-gnu/valgrind/vgpreload_memcheck-amd64-linux.so)
==2367==    by 0x1984F3: xmalloc (in /usr/bin/bash)
==2367==    by 0x17BBFB: hash_insert (in /usr/bin/bash)
==2367==    by 0x158008: ??? (in /usr/bin/bash)
==2367==    by 0x158DE5: make_new_assoc_variable (in /usr/bin/bash)
==2367==    by 0x15B6A9: initialize_shell_variables (in /usr/bin/bash)
==2367==    by 0x138DC9: ??? (in /usr/bin/bash)
==2367==    by 0x137544: main (in /usr/bin/bash)
==2367== 
==2367== 32 bytes in 1 blocks are still reachable in loss record 207 of 304
==2367==    at 0x483B7F3: malloc (in /usr/lib/x86_64-linux-gnu/valgrind/vgpreload_memcheck-amd64-linux.so)
==2367==    by 0x1984F3: xmalloc (in /usr/bin/bash)
==2367==    by 0x17BBFB: hash_insert (in /usr/bin/bash)
==2367==    by 0x158008: ??? (in /usr/bin/bash)
==2367==    by 0x158DE5: make_new_assoc_variable (in /usr/bin/bash)
==2367==    by 0x15B67B: initialize_shell_variables (in /usr/bin/bash)
==2367==    by 0x138DC9: ??? (in /usr/bin/bash)
==2367==    by 0x137544: main (in /usr/bin/bash)
==2367== 
==2367== 32 bytes in 1 blocks are still reachable in loss record 208 of 304
==2367==    at 0x483B7F3: malloc (in /usr/lib/x86_64-linux-gnu/valgrind/vgpreload_memcheck-amd64-linux.so)
==2367==    by 0x1984F3: xmalloc (in /usr/bin/bash)
==2367==    by 0x17BBFB: hash_insert (in /usr/bin/bash)
==2367==    by 0x158008: ??? (in /usr/bin/bash)
==2367==    by 0x158D55: make_new_array_variable (in /usr/bin/bash)
==2367==    by 0x15B64D: initialize_shell_variables (in /usr/bin/bash)
==2367==    by 0x138DC9: ??? (in /usr/bin/bash)
==2367==    by 0x137544: main (in /usr/bin/bash)
==2367== 
==2367== 32 bytes in 1 blocks are still reachable in loss record 209 of 304
==2367==    at 0x483B7F3: malloc (in /usr/lib/x86_64-linux-gnu/valgrind/vgpreload_memcheck-amd64-linux.so)
==2367==    by 0x1984F3: xmalloc (in /usr/bin/bash)
==2367==    by 0x183457: array_create_element (in /usr/bin/bash)
==2367==    by 0x1834ED: array_create (in /usr/bin/bash)
==2367==    by 0x158D5D: make_new_array_variable (in /usr/bin/bash)
==2367==    by 0x15B64D: initialize_shell_variables (in /usr/bin/bash)
==2367==    by 0x138DC9: ??? (in /usr/bin/bash)
==2367==    by 0x137544: main (in /usr/bin/bash)
==2367== 
==2367== 32 bytes in 1 blocks are still reachable in loss record 210 of 304
==2367==    at 0x483B7F3: malloc (in /usr/lib/x86_64-linux-gnu/valgrind/vgpreload_memcheck-amd64-linux.so)
==2367==    by 0x1984F3: xmalloc (in /usr/bin/bash)
==2367==    by 0x17BBFB: hash_insert (in /usr/bin/bash)
==2367==    by 0x158008: ??? (in /usr/bin/bash)
==2367==    by 0x15805C: ??? (in /usr/bin/bash)
==2367==    by 0x1A76E0: set_shellopts (in /usr/bin/bash)
==2367==    by 0x138DFD: ??? (in /usr/bin/bash)
==2367==    by 0x137544: main (in /usr/bin/bash)
==2367== 
==2367== 32 bytes in 1 blocks are still reachable in loss record 211 of 304
==2367==    at 0x483B7F3: malloc (in /usr/lib/x86_64-linux-gnu/valgrind/vgpreload_memcheck-amd64-linux.so)
==2367==    by 0x1984F3: xmalloc (in /usr/bin/bash)
==2367==    by 0x17BBFB: hash_insert (in /usr/bin/bash)
==2367==    by 0x158008: ??? (in /usr/bin/bash)
==2367==    by 0x15805C: ??? (in /usr/bin/bash)
==2367==    by 0x1AC4B0: set_bashopts (in /usr/bin/bash)
==2367==    by 0x138E1C: ??? (in /usr/bin/bash)
==2367==    by 0x137544: main (in /usr/bin/bash)
==2367== 
==2367== 32 bytes in 1 blocks are still reachable in loss record 212 of 304
==2367==    at 0x483B7F3: malloc (in /usr/lib/x86_64-linux-gnu/valgrind/vgpreload_memcheck-amd64-linux.so)
==2367==    by 0x1984F3: xmalloc (in /usr/bin/bash)
==2367==    by 0x183457: array_create_element (in /usr/bin/bash)
==2367==    by 0x18367F: ??? (in /usr/bin/bash)
==2367==    by 0x137C8C: main (in /usr/bin/bash)
==2367== 
==2367== 32 bytes in 1 blocks are still reachable in loss record 213 of 304
==2367==    at 0x483B7F3: malloc (in /usr/lib/x86_64-linux-gnu/valgrind/vgpreload_memcheck-amd64-linux.so)
==2367==    by 0x1984F3: xmalloc (in /usr/bin/bash)
==2367==    by 0x183457: array_create_element (in /usr/bin/bash)
==2367==    by 0x18367F: ??? (in /usr/bin/bash)
==2367==    by 0x137CB1: main (in /usr/bin/bash)
==2367== 
==2367== 32 bytes in 1 blocks are still reachable in loss record 214 of 304
==2367==    at 0x483B7F3: malloc (in /usr/lib/x86_64-linux-gnu/valgrind/vgpreload_memcheck-amd64-linux.so)
==2367==    by 0x1984F3: xmalloc (in /usr/bin/bash)
==2367==    by 0x183457: array_create_element (in /usr/bin/bash)
==2367==    by 0x18367F: ??? (in /usr/bin/bash)
==2367==    by 0x137CCD: main (in /usr/bin/bash)
==2367== 
==2367== 32 bytes in 1 blocks are still reachable in loss record 215 of 304
==2367==    at 0x483B7F3: malloc (in /usr/lib/x86_64-linux-gnu/valgrind/vgpreload_memcheck-amd64-linux.so)
==2367==    by 0x1984F3: xmalloc (in /usr/bin/bash)
==2367==    by 0x17EFE9: ??? (in /usr/bin/bash)
==2367==    by 0x17F2CE: begin_unwind_frame (in /usr/bin/bash)
==2367==    by 0x1519B1: execute_command (in /usr/bin/bash)
==2367==    by 0x139664: reader_loop (in /usr/bin/bash)
==2367==    by 0x137EF8: main (in /usr/bin/bash)
==2367== 
==2367== 32 bytes in 1 blocks are still reachable in loss record 216 of 304
==2367==    at 0x483B7F3: malloc (in /usr/lib/x86_64-linux-gnu/valgrind/vgpreload_memcheck-amd64-linux.so)
==2367==    by 0x1984F3: xmalloc (in /usr/bin/bash)
==2367==    by 0x17EFE9: ??? (in /usr/bin/bash)
==2367==    by 0x17F4C9: add_unwind_protect (in /usr/bin/bash)
==2367==    by 0x1519C2: execute_command (in /usr/bin/bash)
==2367==    by 0x139664: reader_loop (in /usr/bin/bash)
==2367==    by 0x137EF8: main (in /usr/bin/bash)
==2367== 
==2367== 32 bytes in 1 blocks are still reachable in loss record 217 of 304
==2367==    at 0x483B7F3: malloc (in /usr/lib/x86_64-linux-gnu/valgrind/vgpreload_memcheck-amd64-linux.so)
==2367==    by 0x1984F3: xmalloc (in /usr/bin/bash)
==2367==    by 0x17EFE9: ??? (in /usr/bin/bash)
==2367==    by 0x17F2CE: begin_unwind_frame (in /usr/bin/bash)
==2367==    by 0x14FB5D: execute_command_internal (in /usr/bin/bash)
==2367==    by 0x1519D9: execute_command (in /usr/bin/bash)
==2367==    by 0x139664: reader_loop (in /usr/bin/bash)
==2367==    by 0x137EF8: main (in /usr/bin/bash)
==2367== 
==2367== 32 bytes in 1 blocks are still reachable in loss record 218 of 304
==2367==    at 0x483B7F3: malloc (in /usr/lib/x86_64-linux-gnu/valgrind/vgpreload_memcheck-amd64-linux.so)
==2367==    by 0x1984F3: xmalloc (in /usr/bin/bash)
==2367==    by 0x17EFE9: ??? (in /usr/bin/bash)
==2367==    by 0x17F4C9: add_unwind_protect (in /usr/bin/bash)
==2367==    by 0x14FBF2: execute_command_internal (in /usr/bin/bash)
==2367==    by 0x1519D9: execute_command (in /usr/bin/bash)
==2367==    by 0x139664: reader_loop (in /usr/bin/bash)
==2367==    by 0x137EF8: main (in /usr/bin/bash)
==2367== 
==2367== 32 bytes in 1 blocks are still reachable in loss record 219 of 304
==2367==    at 0x483B7F3: malloc (in /usr/lib/x86_64-linux-gnu/valgrind/vgpreload_memcheck-amd64-linux.so)
==2367==    by 0x1984F3: xmalloc (in /usr/bin/bash)
==2367==    by 0x17EFE9: ??? (in /usr/bin/bash)
==2367==    by 0x17F2CE: begin_unwind_frame (in /usr/bin/bash)
==2367==    by 0x151400: execute_command_internal (in /usr/bin/bash)
==2367==    by 0x1519D9: execute_command (in /usr/bin/bash)
==2367==    by 0x139664: reader_loop (in /usr/bin/bash)
==2367==    by 0x137EF8: main (in /usr/bin/bash)
==2367== 
==2367== 32 bytes in 1 blocks are still reachable in loss record 220 of 304
==2367==    at 0x483B7F3: malloc (in /usr/lib/x86_64-linux-gnu/valgrind/vgpreload_memcheck-amd64-linux.so)
==2367==    by 0x1984F3: xmalloc (in /usr/bin/bash)
==2367==    by 0x17BBFB: hash_insert (in /usr/bin/bash)
==2367==    by 0x158008: ??? (in /usr/bin/bash)
==2367==    by 0x158D55: make_new_array_variable (in /usr/bin/bash)
==2367==    by 0x15C10B: set_pipestatus_array (in /usr/bin/bash)
==2367==    by 0x15172F: execute_command_internal (in /usr/bin/bash)
==2367==    by 0x1519D9: execute_command (in /usr/bin/bash)
==2367==    by 0x139664: reader_loop (in /usr/bin/bash)
==2367==    by 0x137EF8: main (in /usr/bin/bash)
==2367== 
==2367== 32 bytes in 1 blocks are still reachable in loss record 221 of 304
==2367==    at 0x483B7F3: malloc (in /usr/lib/x86_64-linux-gnu/valgrind/vgpreload_memcheck-amd64-linux.so)
==2367==    by 0x1984F3: xmalloc (in /usr/bin/bash)
==2367==    by 0x183457: array_create_element (in /usr/bin/bash)
==2367==    by 0x1834ED: array_create (in /usr/bin/bash)
==2367==    by 0x158D5D: make_new_array_variable (in /usr/bin/bash)
==2367==    by 0x15C10B: set_pipestatus_array (in /usr/bin/bash)
==2367==    by 0x15172F: execute_command_internal (in /usr/bin/bash)
==2367==    by 0x1519D9: execute_command (in /usr/bin/bash)
==2367==    by 0x139664: reader_loop (in /usr/bin/bash)
==2367==    by 0x137EF8: main (in /usr/bin/bash)
==2367== 
==2367== 32 bytes in 1 blocks are still reachable in loss record 222 of 304
==2367==    at 0x483B7F3: malloc (in /usr/lib/x86_64-linux-gnu/valgrind/vgpreload_memcheck-amd64-linux.so)
==2367==    by 0x1984F3: xmalloc (in /usr/bin/bash)
==2367==    by 0x183457: array_create_element (in /usr/bin/bash)
==2367==    by 0x183987: array_insert (in /usr/bin/bash)
==2367==    by 0x15C09E: set_pipestatus_array (in /usr/bin/bash)
==2367==    by 0x15172F: execute_command_internal (in /usr/bin/bash)
==2367==    by 0x1519D9: execute_command (in /usr/bin/bash)
==2367==    by 0x139664: reader_loop (in /usr/bin/bash)
==2367==    by 0x137EF8: main (in /usr/bin/bash)
==2367== 
==2367== 34 bytes in 1 blocks are still reachable in loss record 223 of 304
==2367==    at 0x483DFAF: realloc (in /usr/lib/x86_64-linux-gnu/valgrind/vgpreload_memcheck-amd64-linux.so)
==2367==    by 0x198558: xrealloc (in /usr/bin/bash)
==2367==    by 0x13A097: ??? (in /usr/bin/bash)
==2367==    by 0x13C688: ??? (in /usr/bin/bash)
==2367==    by 0x13F5C9: ??? (in /usr/bin/bash)
==2367==    by 0x142EC7: yyparse (in /usr/bin/bash)
==2367==    by 0x13929A: parse_command (in /usr/bin/bash)
==2367==    by 0x1393A6: read_command (in /usr/bin/bash)
==2367==    by 0x1395C9: reader_loop (in /usr/bin/bash)
==2367==    by 0x137EF8: main (in /usr/bin/bash)
==2367== 
==2367== 40 bytes in 1 blocks are still reachable in loss record 224 of 304
==2367==    at 0x483B7F3: malloc (in /usr/lib/x86_64-linux-gnu/valgrind/vgpreload_memcheck-amd64-linux.so)
==2367==    by 0x1984F3: xmalloc (in /usr/bin/bash)
==2367==    by 0x157EB6: new_var_context (in /usr/bin/bash)
==2367==    by 0x157F68: ??? (in /usr/bin/bash)
==2367==    by 0x15AAAB: initialize_shell_variables (in /usr/bin/bash)
==2367==    by 0x138DC9: ??? (in /usr/bin/bash)
==2367==    by 0x137544: main (in /usr/bin/bash)
==2367== 
==2367== 40 bytes in 1 blocks are still reachable in loss record 225 of 304
==2367==    at 0x483B7F3: malloc (in /usr/lib/x86_64-linux-gnu/valgrind/vgpreload_memcheck-amd64-linux.so)
==2367==    by 0x1984F3: xmalloc (in /usr/bin/bash)
==2367==    by 0x1834BF: array_create (in /usr/bin/bash)
==2367==    by 0x158D5D: make_new_array_variable (in /usr/bin/bash)
==2367==    by 0x15AEE3: initialize_shell_variables (in /usr/bin/bash)
==2367==    by 0x138DC9: ??? (in /usr/bin/bash)
==2367==    by 0x137544: main (in /usr/bin/bash)
==2367== 
==2367== 40 bytes in 1 blocks are still reachable in loss record 226 of 304
==2367==    at 0x483B7F3: malloc (in /usr/lib/x86_64-linux-gnu/valgrind/vgpreload_memcheck-amd64-linux.so)
==2367==    by 0x1984F3: xmalloc (in /usr/bin/bash)
==2367==    by 0x1834BF: array_create (in /usr/bin/bash)
==2367==    by 0x158D5D: make_new_array_variable (in /usr/bin/bash)
==2367==    by 0x158DA7: ??? (in /usr/bin/bash)
==2367==    by 0x15B2CD: initialize_shell_variables (in /usr/bin/bash)
==2367==    by 0x138DC9: ??? (in /usr/bin/bash)
==2367==    by 0x137544: main (in /usr/bin/bash)
==2367== 
==2367== 40 bytes in 1 blocks are still reachable in loss record 227 of 304
==2367==    at 0x483B7F3: malloc (in /usr/lib/x86_64-linux-gnu/valgrind/vgpreload_memcheck-amd64-linux.so)
==2367==    by 0x1984F3: xmalloc (in /usr/bin/bash)
==2367==    by 0x1834BF: array_create (in /usr/bin/bash)
==2367==    by 0x158D5D: make_new_array_variable (in /usr/bin/bash)
==2367==    by 0x158DA7: ??? (in /usr/bin/bash)
==2367==    by 0x15B2EC: initialize_shell_variables (in /usr/bin/bash)
==2367==    by 0x138DC9: ??? (in /usr/bin/bash)
==2367==    by 0x137544: main (in /usr/bin/bash)
==2367== 
==2367== 40 bytes in 1 blocks are still reachable in loss record 228 of 304
==2367==    at 0x483B7F3: malloc (in /usr/lib/x86_64-linux-gnu/valgrind/vgpreload_memcheck-amd64-linux.so)
==2367==    by 0x1984F3: xmalloc (in /usr/bin/bash)
==2367==    by 0x1834BF: array_create (in /usr/bin/bash)
==2367==    by 0x158D5D: make_new_array_variable (in /usr/bin/bash)
==2367==    by 0x158DA7: ??? (in /usr/bin/bash)
==2367==    by 0x15B30B: initialize_shell_variables (in /usr/bin/bash)
==2367==    by 0x138DC9: ??? (in /usr/bin/bash)
==2367==    by 0x137544: main (in /usr/bin/bash)
==2367== 
==2367== 40 bytes in 1 blocks are still reachable in loss record 229 of 304
==2367==    at 0x483B7F3: malloc (in /usr/lib/x86_64-linux-gnu/valgrind/vgpreload_memcheck-amd64-linux.so)
==2367==    by 0x1984F3: xmalloc (in /usr/bin/bash)
==2367==    by 0x1834BF: array_create (in /usr/bin/bash)
==2367==    by 0x158D5D: make_new_array_variable (in /usr/bin/bash)
==2367==    by 0x158DA7: ??? (in /usr/bin/bash)
==2367==    by 0x15B32A: initialize_shell_variables (in /usr/bin/bash)
==2367==    by 0x138DC9: ??? (in /usr/bin/bash)
==2367==    by 0x137544: main (in /usr/bin/bash)
==2367== 
==2367== 40 bytes in 1 blocks are still reachable in loss record 230 of 304
==2367==    at 0x483B7F3: malloc (in /usr/lib/x86_64-linux-gnu/valgrind/vgpreload_memcheck-amd64-linux.so)
==2367==    by 0x1984F3: xmalloc (in /usr/bin/bash)
==2367==    by 0x1834BF: array_create (in /usr/bin/bash)
==2367==    by 0x158D5D: make_new_array_variable (in /usr/bin/bash)
==2367==    by 0x158DA7: ??? (in /usr/bin/bash)
==2367==    by 0x15B349: initialize_shell_variables (in /usr/bin/bash)
==2367==    by 0x138DC9: ??? (in /usr/bin/bash)
==2367==    by 0x137544: main (in /usr/bin/bash)
==2367== 
==2367== 40 bytes in 1 blocks are still reachable in loss record 231 of 304
==2367==    at 0x483B7F3: malloc (in /usr/lib/x86_64-linux-gnu/valgrind/vgpreload_memcheck-amd64-linux.so)
==2367==    by 0x1984F3: xmalloc (in /usr/bin/bash)
==2367==    by 0x1834BF: array_create (in /usr/bin/bash)
==2367==    by 0x158D5D: make_new_array_variable (in /usr/bin/bash)
==2367==    by 0x158DA7: ??? (in /usr/bin/bash)
==2367==    by 0x15B368: initialize_shell_variables (in /usr/bin/bash)
==2367==    by 0x138DC9: ??? (in /usr/bin/bash)
==2367==    by 0x137544: main (in /usr/bin/bash)
==2367== 
==2367== 40 bytes in 1 blocks are still reachable in loss record 232 of 304
==2367==    at 0x483B7F3: malloc (in /usr/lib/x86_64-linux-gnu/valgrind/vgpreload_memcheck-amd64-linux.so)
==2367==    by 0x1984F3: xmalloc (in /usr/bin/bash)
==2367==    by 0x1834BF: array_create (in /usr/bin/bash)
==2367==    by 0x158D5D: make_new_array_variable (in /usr/bin/bash)
==2367==    by 0x15B64D: initialize_shell_variables (in /usr/bin/bash)
==2367==    by 0x138DC9: ??? (in /usr/bin/bash)
==2367==    by 0x137544: main (in /usr/bin/bash)
==2367== 
==2367== 40 bytes in 1 blocks are still reachable in loss record 233 of 304
==2367==    at 0x483B7F3: malloc (in /usr/lib/x86_64-linux-gnu/valgrind/vgpreload_memcheck-amd64-linux.so)
==2367==    by 0x1984F3: xmalloc (in /usr/bin/bash)
==2367==    by 0x1834BF: array_create (in /usr/bin/bash)
==2367==    by 0x158D5D: make_new_array_variable (in /usr/bin/bash)
==2367==    by 0x15C10B: set_pipestatus_array (in /usr/bin/bash)
==2367==    by 0x15172F: execute_command_internal (in /usr/bin/bash)
==2367==    by 0x1519D9: execute_command (in /usr/bin/bash)
==2367==    by 0x139664: reader_loop (in /usr/bin/bash)
==2367==    by 0x137EF8: main (in /usr/bin/bash)
==2367== 
==2367== 41 bytes in 1 blocks are still reachable in loss record 234 of 304
==2367==    at 0x483B7F3: malloc (in /usr/lib/x86_64-linux-gnu/valgrind/vgpreload_memcheck-amd64-linux.so)
==2367==    by 0x1984F3: xmalloc (in /usr/bin/bash)
==2367==    by 0x156DA1: make_variable_value (in /usr/bin/bash)
==2367==    by 0x15806D: ??? (in /usr/bin/bash)
==2367==    by 0x1A76E0: set_shellopts (in /usr/bin/bash)
==2367==    by 0x138DFD: ??? (in /usr/bin/bash)
==2367==    by 0x137544: main (in /usr/bin/bash)
==2367== 
==2367== 48 bytes in 1 blocks are still reachable in loss record 235 of 304
==2367==    at 0x483B7F3: malloc (in /usr/lib/x86_64-linux-gnu/valgrind/vgpreload_memcheck-amd64-linux.so)
==2367==    by 0x1984F3: xmalloc (in /usr/bin/bash)
==2367==    by 0x1544C3: ??? (in /usr/bin/bash)
==2367==    by 0x157FCF: ??? (in /usr/bin/bash)
==2367==    by 0x15805C: ??? (in /usr/bin/bash)
==2367==    by 0x159447: set_pwd (in /usr/bin/bash)
==2367==    by 0x15AAEE: initialize_shell_variables (in /usr/bin/bash)
==2367==    by 0x138DC9: ??? (in /usr/bin/bash)
==2367==    by 0x137544: main (in /usr/bin/bash)
==2367== 
==2367== 48 bytes in 1 blocks are still reachable in loss record 236 of 304
==2367==    at 0x483B7F3: malloc (in /usr/lib/x86_64-linux-gnu/valgrind/vgpreload_memcheck-amd64-linux.so)
==2367==    by 0x1984F3: xmalloc (in /usr/bin/bash)
==2367==    by 0x1544C3: ??? (in /usr/bin/bash)
==2367==    by 0x157FCF: ??? (in /usr/bin/bash)
==2367==    by 0x15805C: ??? (in /usr/bin/bash)
==2367==    by 0x159490: set_pwd (in /usr/bin/bash)
==2367==    by 0x15AAEE: initialize_shell_variables (in /usr/bin/bash)
==2367==    by 0x138DC9: ??? (in /usr/bin/bash)
==2367==    by 0x137544: main (in /usr/bin/bash)
==2367== 
==2367== 48 bytes in 1 blocks are still reachable in loss record 237 of 304
==2367==    at 0x483B7F3: malloc (in /usr/lib/x86_64-linux-gnu/valgrind/vgpreload_memcheck-amd64-linux.so)
==2367==    by 0x1984F3: xmalloc (in /usr/bin/bash)
==2367==    by 0x1544C3: ??? (in /usr/bin/bash)
==2367==    by 0x157FCF: ??? (in /usr/bin/bash)
==2367==    by 0x15805C: ??? (in /usr/bin/bash)
==2367==    by 0x15AB01: initialize_shell_variables (in /usr/bin/bash)
==2367==    by 0x138DC9: ??? (in /usr/bin/bash)
==2367==    by 0x137544: main (in /usr/bin/bash)
==2367== 
==2367== 48 bytes in 1 blocks are still reachable in loss record 238 of 304
==2367==    at 0x483B7F3: malloc (in /usr/lib/x86_64-linux-gnu/valgrind/vgpreload_memcheck-amd64-linux.so)
==2367==    by 0x1984F3: xmalloc (in /usr/bin/bash)
==2367==    by 0x1544C3: ??? (in /usr/bin/bash)
==2367==    by 0x157FCF: ??? (in /usr/bin/bash)
==2367==    by 0x15805C: ??? (in /usr/bin/bash)
==2367==    by 0x15AB1F: initialize_shell_variables (in /usr/bin/bash)
==2367==    by 0x138DC9: ??? (in /usr/bin/bash)
==2367==    by 0x137544: main (in /usr/bin/bash)
==2367== 
==2367== 48 bytes in 1 blocks are still reachable in loss record 239 of 304
==2367==    at 0x483B7F3: malloc (in /usr/lib/x86_64-linux-gnu/valgrind/vgpreload_memcheck-amd64-linux.so)
==2367==    by 0x1984F3: xmalloc (in /usr/bin/bash)
==2367==    by 0x1544C3: ??? (in /usr/bin/bash)
==2367==    by 0x157FCF: ??? (in /usr/bin/bash)
==2367==    by 0x15805C: ??? (in /usr/bin/bash)
==2367==    by 0x15AB32: initialize_shell_variables (in /usr/bin/bash)
==2367==    by 0x138DC9: ??? (in /usr/bin/bash)
==2367==    by 0x137544: main (in /usr/bin/bash)
==2367== 
==2367== 48 bytes in 1 blocks are still reachable in loss record 240 of 304
==2367==    at 0x483B7F3: malloc (in /usr/lib/x86_64-linux-gnu/valgrind/vgpreload_memcheck-amd64-linux.so)
==2367==    by 0x1984F3: xmalloc (in /usr/bin/bash)
==2367==    by 0x1544C3: ??? (in /usr/bin/bash)
==2367==    by 0x157FCF: ??? (in /usr/bin/bash)
==2367==    by 0x15805C: ??? (in /usr/bin/bash)
==2367==    by 0x15AB65: initialize_shell_variables (in /usr/bin/bash)
==2367==    by 0x138DC9: ??? (in /usr/bin/bash)
==2367==    by 0x137544: main (in /usr/bin/bash)
==2367== 
==2367== 48 bytes in 1 blocks are still reachable in loss record 241 of 304
==2367==    at 0x483B7F3: malloc (in /usr/lib/x86_64-linux-gnu/valgrind/vgpreload_memcheck-amd64-linux.so)
==2367==    by 0x1984F3: xmalloc (in /usr/bin/bash)
==2367==    by 0x1544C3: ??? (in /usr/bin/bash)
==2367==    by 0x157FCF: ??? (in /usr/bin/bash)
==2367==    by 0x15805C: ??? (in /usr/bin/bash)
==2367==    by 0x15AB7A: initialize_shell_variables (in /usr/bin/bash)
==2367==    by 0x138DC9: ??? (in /usr/bin/bash)
==2367==    by 0x137544: main (in /usr/bin/bash)
==2367== 
==2367== 48 bytes in 1 blocks are still reachable in loss record 242 of 304
==2367==    at 0x483B7F3: malloc (in /usr/lib/x86_64-linux-gnu/valgrind/vgpreload_memcheck-amd64-linux.so)
==2367==    by 0x1984F3: xmalloc (in /usr/bin/bash)
==2367==    by 0x1544C3: ??? (in /usr/bin/bash)
==2367==    by 0x157FCF: ??? (in /usr/bin/bash)
==2367==    by 0x15805C: ??? (in /usr/bin/bash)
==2367==    by 0x15AB95: initialize_shell_variables (in /usr/bin/bash)
==2367==    by 0x138DC9: ??? (in /usr/bin/bash)
==2367==    by 0x137544: main (in /usr/bin/bash)
==2367== 
==2367== 48 bytes in 1 blocks are still reachable in loss record 243 of 304
==2367==    at 0x483B7F3: malloc (in /usr/lib/x86_64-linux-gnu/valgrind/vgpreload_memcheck-amd64-linux.so)
==2367==    by 0x1984F3: xmalloc (in /usr/bin/bash)
==2367==    by 0x1544C3: ??? (in /usr/bin/bash)
==2367==    by 0x157FCF: ??? (in /usr/bin/bash)
==2367==    by 0x15805C: ??? (in /usr/bin/bash)
==2367==    by 0x15ABA8: initialize_shell_variables (in /usr/bin/bash)
==2367==    by 0x138DC9: ??? (in /usr/bin/bash)
==2367==    by 0x137544: main (in /usr/bin/bash)
==2367== 
==2367== 48 bytes in 1 blocks are still reachable in loss record 244 of 304
==2367==    at 0x483B7F3: malloc (in /usr/lib/x86_64-linux-gnu/valgrind/vgpreload_memcheck-amd64-linux.so)
==2367==    by 0x1984F3: xmalloc (in /usr/bin/bash)
==2367==    by 0x1544C3: ??? (in /usr/bin/bash)
==2367==    by 0x157FCF: ??? (in /usr/bin/bash)
==2367==    by 0x15805C: ??? (in /usr/bin/bash)
==2367==    by 0x15ABBB: initialize_shell_variables (in /usr/bin/bash)
==2367==    by 0x138DC9: ??? (in /usr/bin/bash)
==2367==    by 0x137544: main (in /usr/bin/bash)
==2367== 
==2367== 48 bytes in 1 blocks are still reachable in loss record 245 of 304
==2367==    at 0x483B7F3: malloc (in /usr/lib/x86_64-linux-gnu/valgrind/vgpreload_memcheck-amd64-linux.so)
==2367==    by 0x1984F3: xmalloc (in /usr/bin/bash)
==2367==    by 0x1544C3: ??? (in /usr/bin/bash)
==2367==    by 0x157FCF: ??? (in /usr/bin/bash)
==2367==    by 0x15805C: ??? (in /usr/bin/bash)
==2367==    by 0x15ABCE: initialize_shell_variables (in /usr/bin/bash)
==2367==    by 0x138DC9: ??? (in /usr/bin/bash)
==2367==    by 0x137544: main (in /usr/bin/bash)
==2367== 
==2367== 48 bytes in 1 blocks are still reachable in loss record 246 of 304
==2367==    at 0x483B7F3: malloc (in /usr/lib/x86_64-linux-gnu/valgrind/vgpreload_memcheck-amd64-linux.so)
==2367==    by 0x1984F3: xmalloc (in /usr/bin/bash)
==2367==    by 0x1544C3: ??? (in /usr/bin/bash)
==2367==    by 0x157FCF: ??? (in /usr/bin/bash)
==2367==    by 0x15805C: ??? (in /usr/bin/bash)
==2367==    by 0x15929E: adjust_shell_level (in /usr/bin/bash)
==2367==    by 0x15AC10: initialize_shell_variables (in /usr/bin/bash)
==2367==    by 0x138DC9: ??? (in /usr/bin/bash)
==2367==    by 0x137544: main (in /usr/bin/bash)
==2367== 
==2367== 48 bytes in 1 blocks are still reachable in loss record 247 of 304
==2367==    at 0x483B7F3: malloc (in /usr/lib/x86_64-linux-gnu/valgrind/vgpreload_memcheck-amd64-linux.so)
==2367==    by 0x1984F3: xmalloc (in /usr/bin/bash)
==2367==    by 0x1544C3: ??? (in /usr/bin/bash)
==2367==    by 0x157FCF: ??? (in /usr/bin/bash)
==2367==    by 0x15805C: ??? (in /usr/bin/bash)
==2367==    by 0x159628: set_ppid (in /usr/bin/bash)
==2367==    by 0x15AC15: initialize_shell_variables (in /usr/bin/bash)
==2367==    by 0x138DC9: ??? (in /usr/bin/bash)
==2367==    by 0x137544: main (in /usr/bin/bash)
==2367== 
==2367== 48 bytes in 1 blocks are still reachable in loss record 248 of 304
==2367==    at 0x483B7F3: malloc (in /usr/lib/x86_64-linux-gnu/valgrind/vgpreload_memcheck-amd64-linux.so)
==2367==    by 0x1984F3: xmalloc (in /usr/bin/bash)
==2367==    by 0x1544C3: ??? (in /usr/bin/bash)
==2367==    by 0x157FCF: ??? (in /usr/bin/bash)
==2367==    by 0x15805C: ??? (in /usr/bin/bash)
==2367==    by 0x15AC2A: initialize_shell_variables (in /usr/bin/bash)
==2367==    by 0x138DC9: ??? (in /usr/bin/bash)
==2367==    by 0x137544: main (in /usr/bin/bash)
==2367== 
==2367== 48 bytes in 1 blocks are still reachable in loss record 249 of 304
==2367==    at 0x483B7F3: malloc (in /usr/lib/x86_64-linux-gnu/valgrind/vgpreload_memcheck-amd64-linux.so)
==2367==    by 0x1984F3: xmalloc (in /usr/bin/bash)
==2367==    by 0x1544C3: ??? (in /usr/bin/bash)
==2367==    by 0x157FCF: ??? (in /usr/bin/bash)
==2367==    by 0x15805C: ??? (in /usr/bin/bash)
==2367==    by 0x15AC4A: initialize_shell_variables (in /usr/bin/bash)
==2367==    by 0x138DC9: ??? (in /usr/bin/bash)
==2367==    by 0x137544: main (in /usr/bin/bash)
==2367== 
==2367== 48 bytes in 1 blocks are still reachable in loss record 250 of 304
==2367==    at 0x483B7F3: malloc (in /usr/lib/x86_64-linux-gnu/valgrind/vgpreload_memcheck-amd64-linux.so)
==2367==    by 0x1984F3: xmalloc (in /usr/bin/bash)
==2367==    by 0x1544C3: ??? (in /usr/bin/bash)
==2367==    by 0x157FCF: ??? (in /usr/bin/bash)
==2367==    by 0x15805C: ??? (in /usr/bin/bash)
==2367==    by 0x15AE90: initialize_shell_variables (in /usr/bin/bash)
==2367==    by 0x138DC9: ??? (in /usr/bin/bash)
==2367==    by 0x137544: main (in /usr/bin/bash)
==2367== 
==2367== 48 bytes in 1 blocks are still reachable in loss record 251 of 304
==2367==    at 0x483B7F3: malloc (in /usr/lib/x86_64-linux-gnu/valgrind/vgpreload_memcheck-amd64-linux.so)
==2367==    by 0x1984F3: xmalloc (in /usr/bin/bash)
==2367==    by 0x1544C3: ??? (in /usr/bin/bash)
==2367==    by 0x157FCF: ??? (in /usr/bin/bash)
==2367==    by 0x15805C: ??? (in /usr/bin/bash)
==2367==    by 0x15B635: initialize_shell_variables (in /usr/bin/bash)
==2367==    by 0x138DC9: ??? (in /usr/bin/bash)
==2367==    by 0x137544: main (in /usr/bin/bash)
==2367== 
==2367== 48 bytes in 1 blocks are still reachable in loss record 252 of 304
==2367==    at 0x483B7F3: malloc (in /usr/lib/x86_64-linux-gnu/valgrind/vgpreload_memcheck-amd64-linux.so)
==2367==    by 0x1984F3: xmalloc (in /usr/bin/bash)
==2367==    by 0x1544C3: ??? (in /usr/bin/bash)
==2367==    by 0x157FCF: ??? (in /usr/bin/bash)
==2367==    by 0x15805C: ??? (in /usr/bin/bash)
==2367==    by 0x15AECB: initialize_shell_variables (in /usr/bin/bash)
==2367==    by 0x138DC9: ??? (in /usr/bin/bash)
==2367==    by 0x137544: main (in /usr/bin/bash)
==2367== 
==2367== 48 bytes in 1 blocks are still reachable in loss record 253 of 304
==2367==    at 0x483B7F3: malloc (in /usr/lib/x86_64-linux-gnu/valgrind/vgpreload_memcheck-amd64-linux.so)
==2367==    by 0x1984F3: xmalloc (in /usr/bin/bash)
==2367==    by 0x1544C3: ??? (in /usr/bin/bash)
==2367==    by 0x157FCF: ??? (in /usr/bin/bash)
==2367==    by 0x158D55: make_new_array_variable (in /usr/bin/bash)
==2367==    by 0x15AEE3: initialize_shell_variables (in /usr/bin/bash)
==2367==    by 0x138DC9: ??? (in /usr/bin/bash)
==2367==    by 0x137544: main (in /usr/bin/bash)
==2367== 
==2367== 48 bytes in 1 blocks are still reachable in loss record 254 of 304
==2367==    at 0x483B7F3: malloc (in /usr/lib/x86_64-linux-gnu/valgrind/vgpreload_memcheck-amd64-linux.so)
==2367==    by 0x1984F3: xmalloc (in /usr/bin/bash)
==2367==    by 0x1544C3: ??? (in /usr/bin/bash)
==2367==    by 0x157FCF: ??? (in /usr/bin/bash)
==2367==    by 0x15805C: ??? (in /usr/bin/bash)
==2367==    by 0x15B7C8: initialize_shell_variables (in /usr/bin/bash)
==2367==    by 0x138DC9: ??? (in /usr/bin/bash)
==2367==    by 0x137544: main (in /usr/bin/bash)
==2367== 
==2367== 48 bytes in 1 blocks are still reachable in loss record 255 of 304
==2367==    at 0x483B7F3: malloc (in /usr/lib/x86_64-linux-gnu/valgrind/vgpreload_memcheck-amd64-linux.so)
==2367==    by 0x1984F3: xmalloc (in /usr/bin/bash)
==2367==    by 0x1544C3: ??? (in /usr/bin/bash)
==2367==    by 0x157FCF: ??? (in /usr/bin/bash)
==2367==    by 0x15805C: ??? (in /usr/bin/bash)
==2367==    by 0x15B7AE: initialize_shell_variables (in /usr/bin/bash)
==2367==    by 0x138DC9: ??? (in /usr/bin/bash)
==2367==    by 0x137544: main (in /usr/bin/bash)
==2367== 
==2367== 48 bytes in 1 blocks are still reachable in loss record 256 of 304
==2367==    at 0x483B7F3: malloc (in /usr/lib/x86_64-linux-gnu/valgrind/vgpreload_memcheck-amd64-linux.so)
==2367==    by 0x1984F3: xmalloc (in /usr/bin/bash)
==2367==    by 0x1544C3: ??? (in /usr/bin/bash)
==2367==    by 0x157FCF: ??? (in /usr/bin/bash)
==2367==    by 0x15805C: ??? (in /usr/bin/bash)
==2367==    by 0x15B112: initialize_shell_variables (in /usr/bin/bash)
==2367==    by 0x138DC9: ??? (in /usr/bin/bash)
==2367==    by 0x137544: main (in /usr/bin/bash)
==2367== 
==2367== 48 bytes in 1 blocks are still reachable in loss record 257 of 304
==2367==    at 0x483B7F3: malloc (in /usr/lib/x86_64-linux-gnu/valgrind/vgpreload_memcheck-amd64-linux.so)
==2367==    by 0x1984F3: xmalloc (in /usr/bin/bash)
==2367==    by 0x1544C3: ??? (in /usr/bin/bash)
==2367==    by 0x157FCF: ??? (in /usr/bin/bash)
==2367==    by 0x15805C: ??? (in /usr/bin/bash)
==2367==    by 0x15B13F: initialize_shell_variables (in /usr/bin/bash)
==2367==    by 0x138DC9: ??? (in /usr/bin/bash)
==2367==    by 0x137544: main (in /usr/bin/bash)
==2367== 
==2367== 48 bytes in 1 blocks are still reachable in loss record 258 of 304
==2367==    at 0x483B7F3: malloc (in /usr/lib/x86_64-linux-gnu/valgrind/vgpreload_memcheck-amd64-linux.so)
==2367==    by 0x1984F3: xmalloc (in /usr/bin/bash)
==2367==    by 0x1544C3: ??? (in /usr/bin/bash)
==2367==    by 0x157FCF: ??? (in /usr/bin/bash)
==2367==    by 0x15805C: ??? (in /usr/bin/bash)
==2367==    by 0x15B165: initialize_shell_variables (in /usr/bin/bash)
==2367==    by 0x138DC9: ??? (in /usr/bin/bash)
==2367==    by 0x137544: main (in /usr/bin/bash)
==2367== 
==2367== 48 bytes in 1 blocks are still reachable in loss record 259 of 304
==2367==    at 0x483B7F3: malloc (in /usr/lib/x86_64-linux-gnu/valgrind/vgpreload_memcheck-amd64-linux.so)
==2367==    by 0x1984F3: xmalloc (in /usr/bin/bash)
==2367==    by 0x1544C3: ??? (in /usr/bin/bash)
==2367==    by 0x157FCF: ??? (in /usr/bin/bash)
==2367==    by 0x15805C: ??? (in /usr/bin/bash)
==2367==    by 0x15B188: initialize_shell_variables (in /usr/bin/bash)
==2367==    by 0x138DC9: ??? (in /usr/bin/bash)
==2367==    by 0x137544: main (in /usr/bin/bash)
==2367== 
==2367== 48 bytes in 1 blocks are still reachable in loss record 260 of 304
==2367==    at 0x483B7F3: malloc (in /usr/lib/x86_64-linux-gnu/valgrind/vgpreload_memcheck-amd64-linux.so)
==2367==    by 0x1984F3: xmalloc (in /usr/bin/bash)
==2367==    by 0x1544C3: ??? (in /usr/bin/bash)
==2367==    by 0x157FCF: ??? (in /usr/bin/bash)
==2367==    by 0x15805C: ??? (in /usr/bin/bash)
==2367==    by 0x15B1AE: initialize_shell_variables (in /usr/bin/bash)
==2367==    by 0x138DC9: ??? (in /usr/bin/bash)
==2367==    by 0x137544: main (in /usr/bin/bash)
==2367== 
==2367== 48 bytes in 1 blocks are still reachable in loss record 261 of 304
==2367==    at 0x483B7F3: malloc (in /usr/lib/x86_64-linux-gnu/valgrind/vgpreload_memcheck-amd64-linux.so)
==2367==    by 0x1984F3: xmalloc (in /usr/bin/bash)
==2367==    by 0x1544C3: ??? (in /usr/bin/bash)
==2367==    by 0x157FCF: ??? (in /usr/bin/bash)
==2367==    by 0x15805C: ??? (in /usr/bin/bash)
==2367==    by 0x15B1D8: initialize_shell_variables (in /usr/bin/bash)
==2367==    by 0x138DC9: ??? (in /usr/bin/bash)
==2367==    by 0x137544: main (in /usr/bin/bash)
==2367== 
==2367== 48 bytes in 1 blocks are still reachable in loss record 262 of 304
==2367==    at 0x483B7F3: malloc (in /usr/lib/x86_64-linux-gnu/valgrind/vgpreload_memcheck-amd64-linux.so)
==2367==    by 0x1984F3: xmalloc (in /usr/bin/bash)
==2367==    by 0x1544C3: ??? (in /usr/bin/bash)
==2367==    by 0x157FCF: ??? (in /usr/bin/bash)
==2367==    by 0x15805C: ??? (in /usr/bin/bash)
==2367==    by 0x15B205: initialize_shell_variables (in /usr/bin/bash)
==2367==    by 0x138DC9: ??? (in /usr/bin/bash)
==2367==    by 0x137544: main (in /usr/bin/bash)
==2367== 
==2367== 48 bytes in 1 blocks are still reachable in loss record 263 of 304
==2367==    at 0x483B7F3: malloc (in /usr/lib/x86_64-linux-gnu/valgrind/vgpreload_memcheck-amd64-linux.so)
==2367==    by 0x1984F3: xmalloc (in /usr/bin/bash)
==2367==    by 0x1544C3: ??? (in /usr/bin/bash)
==2367==    by 0x157FCF: ??? (in /usr/bin/bash)
==2367==    by 0x15805C: ??? (in /usr/bin/bash)
==2367==    by 0x15B228: initialize_shell_variables (in /usr/bin/bash)
==2367==    by 0x138DC9: ??? (in /usr/bin/bash)
==2367==    by 0x137544: main (in /usr/bin/bash)
==2367== 
==2367== 48 bytes in 1 blocks are still reachable in loss record 264 of 304
==2367==    at 0x483B7F3: malloc (in /usr/lib/x86_64-linux-gnu/valgrind/vgpreload_memcheck-amd64-linux.so)
==2367==    by 0x1984F3: xmalloc (in /usr/bin/bash)
==2367==    by 0x1544C3: ??? (in /usr/bin/bash)
==2367==    by 0x157FCF: ??? (in /usr/bin/bash)
==2367==    by 0x15805C: ??? (in /usr/bin/bash)
==2367==    by 0x15B24E: initialize_shell_variables (in /usr/bin/bash)
==2367==    by 0x138DC9: ??? (in /usr/bin/bash)
==2367==    by 0x137544: main (in /usr/bin/bash)
==2367== 
==2367== 48 bytes in 1 blocks are still reachable in loss record 265 of 304
==2367==    at 0x483B7F3: malloc (in /usr/lib/x86_64-linux-gnu/valgrind/vgpreload_memcheck-amd64-linux.so)
==2367==    by 0x1984F3: xmalloc (in /usr/bin/bash)
==2367==    by 0x1544C3: ??? (in /usr/bin/bash)
==2367==    by 0x157FCF: ??? (in /usr/bin/bash)
==2367==    by 0x15805C: ??? (in /usr/bin/bash)
==2367==    by 0x15B27B: initialize_shell_variables (in /usr/bin/bash)
==2367==    by 0x138DC9: ??? (in /usr/bin/bash)
==2367==    by 0x137544: main (in /usr/bin/bash)
==2367== 
==2367== 48 bytes in 1 blocks are still reachable in loss record 266 of 304
==2367==    at 0x483B7F3: malloc (in /usr/lib/x86_64-linux-gnu/valgrind/vgpreload_memcheck-amd64-linux.so)
==2367==    by 0x1984F3: xmalloc (in /usr/bin/bash)
==2367==    by 0x1544C3: ??? (in /usr/bin/bash)
==2367==    by 0x157FCF: ??? (in /usr/bin/bash)
==2367==    by 0x15805C: ??? (in /usr/bin/bash)
==2367==    by 0x15B2A2: initialize_shell_variables (in /usr/bin/bash)
==2367==    by 0x138DC9: ??? (in /usr/bin/bash)
==2367==    by 0x137544: main (in /usr/bin/bash)
==2367== 
==2367== 48 bytes in 1 blocks are still reachable in loss record 267 of 304
==2367==    at 0x483B7F3: malloc (in /usr/lib/x86_64-linux-gnu/valgrind/vgpreload_memcheck-amd64-linux.so)
==2367==    by 0x1984F3: xmalloc (in /usr/bin/bash)
==2367==    by 0x1544C3: ??? (in /usr/bin/bash)
==2367==    by 0x157FCF: ??? (in /usr/bin/bash)
==2367==    by 0x158D55: make_new_array_variable (in /usr/bin/bash)
==2367==    by 0x158DA7: ??? (in /usr/bin/bash)
==2367==    by 0x15B2CD: initialize_shell_variables (in /usr/bin/bash)
==2367==    by 0x138DC9: ??? (in /usr/bin/bash)
==2367==    by 0x137544: main (in /usr/bin/bash)
==2367== 
==2367== 48 bytes in 1 blocks are still reachable in loss record 268 of 304
==2367==    at 0x483B7F3: malloc (in /usr/lib/x86_64-linux-gnu/valgrind/vgpreload_memcheck-amd64-linux.so)
==2367==    by 0x1984F3: xmalloc (in /usr/bin/bash)
==2367==    by 0x1544C3: ??? (in /usr/bin/bash)
==2367==    by 0x157FCF: ??? (in /usr/bin/bash)
==2367==    by 0x158D55: make_new_array_variable (in /usr/bin/bash)
==2367==    by 0x158DA7: ??? (in /usr/bin/bash)
==2367==    by 0x15B2EC: initialize_shell_variables (in /usr/bin/bash)
==2367==    by 0x138DC9: ??? (in /usr/bin/bash)
==2367==    by 0x137544: main (in /usr/bin/bash)
==2367== 
==2367== 48 bytes in 1 blocks are still reachable in loss record 269 of 304
==2367==    at 0x483B7F3: malloc (in /usr/lib/x86_64-linux-gnu/valgrind/vgpreload_memcheck-amd64-linux.so)
==2367==    by 0x1984F3: xmalloc (in /usr/bin/bash)
==2367==    by 0x1544C3: ??? (in /usr/bin/bash)
==2367==    by 0x157FCF: ??? (in /usr/bin/bash)
==2367==    by 0x158D55: make_new_array_variable (in /usr/bin/bash)
==2367==    by 0x158DA7: ??? (in /usr/bin/bash)
==2367==    by 0x15B30B: initialize_shell_variables (in /usr/bin/bash)
==2367==    by 0x138DC9: ??? (in /usr/bin/bash)
==2367==    by 0x137544: main (in /usr/bin/bash)
==2367== 
==2367== 48 bytes in 1 blocks are still reachable in loss record 270 of 304
==2367==    at 0x483B7F3: malloc (in /usr/lib/x86_64-linux-gnu/valgrind/vgpreload_memcheck-amd64-linux.so)
==2367==    by 0x1984F3: xmalloc (in /usr/bin/bash)
==2367==    by 0x1544C3: ??? (in /usr/bin/bash)
==2367==    by 0x157FCF: ??? (in /usr/bin/bash)
==2367==    by 0x158D55: make_new_array_variable (in /usr/bin/bash)
==2367==    by 0x158DA7: ??? (in /usr/bin/bash)
==2367==    by 0x15B32A: initialize_shell_variables (in /usr/bin/bash)
==2367==    by 0x138DC9: ??? (in /usr/bin/bash)
==2367==    by 0x137544: main (in /usr/bin/bash)
==2367== 
==2367== 48 bytes in 1 blocks are still reachable in loss record 271 of 304
==2367==    at 0x483B7F3: malloc (in /usr/lib/x86_64-linux-gnu/valgrind/vgpreload_memcheck-amd64-linux.so)
==2367==    by 0x1984F3: xmalloc (in /usr/bin/bash)
==2367==    by 0x1544C3: ??? (in /usr/bin/bash)
==2367==    by 0x157FCF: ??? (in /usr/bin/bash)
==2367==    by 0x158D55: make_new_array_variable (in /usr/bin/bash)
==2367==    by 0x158DA7: ??? (in /usr/bin/bash)
==2367==    by 0x15B349: initialize_shell_variables (in /usr/bin/bash)
==2367==    by 0x138DC9: ??? (in /usr/bin/bash)
==2367==    by 0x137544: main (in /usr/bin/bash)
==2367== 
==2367== 48 bytes in 1 blocks are still reachable in loss record 272 of 304
==2367==    at 0x483B7F3: malloc (in /usr/lib/x86_64-linux-gnu/valgrind/vgpreload_memcheck-amd64-linux.so)
==2367==    by 0x1984F3: xmalloc (in /usr/bin/bash)
==2367==    by 0x1544C3: ??? (in /usr/bin/bash)
==2367==    by 0x157FCF: ??? (in /usr/bin/bash)
==2367==    by 0x158D55: make_new_array_variable (in /usr/bin/bash)
==2367==    by 0x158DA7: ??? (in /usr/bin/bash)
==2367==    by 0x15B368: initialize_shell_variables (in /usr/bin/bash)
==2367==    by 0x138DC9: ??? (in /usr/bin/bash)
==2367==    by 0x137544: main (in /usr/bin/bash)
==2367== 
==2367== 48 bytes in 1 blocks are still reachable in loss record 273 of 304
==2367==    at 0x483B7F3: malloc (in /usr/lib/x86_64-linux-gnu/valgrind/vgpreload_memcheck-amd64-linux.so)
==2367==    by 0x1984F3: xmalloc (in /usr/bin/bash)
==2367==    by 0x1544C3: ??? (in /usr/bin/bash)
==2367==    by 0x157FCF: ??? (in /usr/bin/bash)
==2367==    by 0x158DE5: make_new_assoc_variable (in /usr/bin/bash)
==2367==    by 0x15B6A9: initialize_shell_variables (in /usr/bin/bash)
==2367==    by 0x138DC9: ??? (in /usr/bin/bash)
==2367==    by 0x137544: main (in /usr/bin/bash)
==2367== 
==2367== 48 bytes in 1 blocks are still reachable in loss record 274 of 304
==2367==    at 0x483B7F3: malloc (in /usr/lib/x86_64-linux-gnu/valgrind/vgpreload_memcheck-amd64-linux.so)
==2367==    by 0x1984F3: xmalloc (in /usr/bin/bash)
==2367==    by 0x1544C3: ??? (in /usr/bin/bash)
==2367==    by 0x157FCF: ??? (in /usr/bin/bash)
==2367==    by 0x158DE5: make_new_assoc_variable (in /usr/bin/bash)
==2367==    by 0x15B67B: initialize_shell_variables (in /usr/bin/bash)
==2367==    by 0x138DC9: ??? (in /usr/bin/bash)
==2367==    by 0x137544: main (in /usr/bin/bash)
==2367== 
==2367== 48 bytes in 1 blocks are still reachable in loss record 275 of 304
==2367==    at 0x483B7F3: malloc (in /usr/lib/x86_64-linux-gnu/valgrind/vgpreload_memcheck-amd64-linux.so)
==2367==    by 0x1984F3: xmalloc (in /usr/bin/bash)
==2367==    by 0x1544C3: ??? (in /usr/bin/bash)
==2367==    by 0x157FCF: ??? (in /usr/bin/bash)
==2367==    by 0x158D55: make_new_array_variable (in /usr/bin/bash)
==2367==    by 0x15B64D: initialize_shell_variables (in /usr/bin/bash)
==2367==    by 0x138DC9: ??? (in /usr/bin/bash)
==2367==    by 0x137544: main (in /usr/bin/bash)
==2367== 
==2367== 48 bytes in 1 blocks are still reachable in loss record 276 of 304
==2367==    at 0x483B7F3: malloc (in /usr/lib/x86_64-linux-gnu/valgrind/vgpreload_memcheck-amd64-linux.so)
==2367==    by 0x1984F3: xmalloc (in /usr/bin/bash)
==2367==    by 0x1544C3: ??? (in /usr/bin/bash)
==2367==    by 0x157FCF: ??? (in /usr/bin/bash)
==2367==    by 0x15805C: ??? (in /usr/bin/bash)
==2367==    by 0x1A76E0: set_shellopts (in /usr/bin/bash)
==2367==    by 0x138DFD: ??? (in /usr/bin/bash)
==2367==    by 0x137544: main (in /usr/bin/bash)
==2367== 
==2367== 48 bytes in 1 blocks are still reachable in loss record 277 of 304
==2367==    at 0x483B7F3: malloc (in /usr/lib/x86_64-linux-gnu/valgrind/vgpreload_memcheck-amd64-linux.so)
==2367==    by 0x1984F3: xmalloc (in /usr/bin/bash)
==2367==    by 0x1544C3: ??? (in /usr/bin/bash)
==2367==    by 0x157FCF: ??? (in /usr/bin/bash)
==2367==    by 0x15805C: ??? (in /usr/bin/bash)
==2367==    by 0x1AC4B0: set_bashopts (in /usr/bin/bash)
==2367==    by 0x138E1C: ??? (in /usr/bin/bash)
==2367==    by 0x137544: main (in /usr/bin/bash)
==2367== 
==2367== 48 bytes in 1 blocks are still reachable in loss record 278 of 304
==2367==    at 0x483B7F3: malloc (in /usr/lib/x86_64-linux-gnu/valgrind/vgpreload_memcheck-amd64-linux.so)
==2367==    by 0x1984F3: xmalloc (in /usr/bin/bash)
==2367==    by 0x17E939: fd_to_buffered_stream (in /usr/bin/bash)
==2367==    by 0x17EF54: with_input_from_buffered_stream (in /usr/bin/bash)
==2367==    by 0x137DC4: main (in /usr/bin/bash)
==2367== 
==2367== 48 bytes in 1 blocks are still reachable in loss record 279 of 304
==2367==    at 0x483B7F3: malloc (in /usr/lib/x86_64-linux-gnu/valgrind/vgpreload_memcheck-amd64-linux.so)
==2367==    by 0x1984F3: xmalloc (in /usr/bin/bash)
==2367==    by 0x1544C3: ??? (in /usr/bin/bash)
==2367==    by 0x157FCF: ??? (in /usr/bin/bash)
==2367==    by 0x158D55: make_new_array_variable (in /usr/bin/bash)
==2367==    by 0x15C10B: set_pipestatus_array (in /usr/bin/bash)
==2367==    by 0x15172F: execute_command_internal (in /usr/bin/bash)
==2367==    by 0x1519D9: execute_command (in /usr/bin/bash)
==2367==    by 0x139664: reader_loop (in /usr/bin/bash)
==2367==    by 0x137EF8: main (in /usr/bin/bash)
==2367== 
==2367== 61 bytes in 1 blocks are still reachable in loss record 280 of 304
==2367==    at 0x483B7F3: malloc (in /usr/lib/x86_64-linux-gnu/valgrind/vgpreload_memcheck-amd64-linux.so)
==2367==    by 0x1984F3: xmalloc (in /usr/bin/bash)
==2367==    by 0x156DA1: make_variable_value (in /usr/bin/bash)
==2367==    by 0x15806D: ??? (in /usr/bin/bash)
==2367==    by 0x15AB1F: initialize_shell_variables (in /usr/bin/bash)
==2367==    by 0x138DC9: ??? (in /usr/bin/bash)
==2367==    by 0x137544: main (in /usr/bin/bash)
==2367== 
==2367== 64 bytes in 1 blocks are still reachable in loss record 281 of 304
==2367==    at 0x483B7F3: malloc (in /usr/lib/x86_64-linux-gnu/valgrind/vgpreload_memcheck-amd64-linux.so)
==2367==    by 0x1984F3: xmalloc (in /usr/bin/bash)
==2367==    by 0x149383: ??? (in /usr/bin/bash)
==2367==    by 0x149402: ??? (in /usr/bin/bash)
==2367==    by 0x1496BF: ??? (in /usr/bin/bash)
==2367==    by 0x14AE57: print_simple_command (in /usr/bin/bash)
==2367==    by 0x14F903: execute_command_internal (in /usr/bin/bash)
==2367==    by 0x1519D9: execute_command (in /usr/bin/bash)
==2367==    by 0x139664: reader_loop (in /usr/bin/bash)
==2367==    by 0x137EF8: main (in /usr/bin/bash)
==2367== 
==2367== 128 bytes in 1 blocks are still reachable in loss record 282 of 304
==2367==    at 0x483B7F3: malloc (in /usr/lib/x86_64-linux-gnu/valgrind/vgpreload_memcheck-amd64-linux.so)
==2367==    by 0x1984F3: xmalloc (in /usr/bin/bash)
==2367==    by 0x17E92C: fd_to_buffered_stream (in /usr/bin/bash)
==2367==    by 0x17EF54: with_input_from_buffered_stream (in /usr/bin/bash)
==2367==    by 0x137DC4: main (in /usr/bin/bash)
==2367== 
==2367== 144 bytes in 1 blocks are still reachable in loss record 283 of 304
==2367==    at 0x483B7F3: malloc (in /usr/lib/x86_64-linux-gnu/valgrind/vgpreload_memcheck-amd64-linux.so)
==2367==    by 0x1984F3: xmalloc (in /usr/bin/bash)
==2367==    by 0x156DA1: make_variable_value (in /usr/bin/bash)
==2367==    by 0x15806D: ??? (in /usr/bin/bash)
==2367==    by 0x1AC4B0: set_bashopts (in /usr/bin/bash)
==2367==    by 0x138E1C: ??? (in /usr/bin/bash)
==2367==    by 0x137544: main (in /usr/bin/bash)
==2367== 
==2367== 150 bytes in 11 blocks are still reachable in loss record 284 of 304
==2367==    at 0x483B7F3: malloc (in /usr/lib/x86_64-linux-gnu/valgrind/vgpreload_memcheck-amd64-linux.so)
==2367==    by 0x1984F3: xmalloc (in /usr/bin/bash)
==2367==    by 0x1544D7: ??? (in /usr/bin/bash)
==2367==    by 0x157FCF: ??? (in /usr/bin/bash)
==2367==    by 0x15805C: ??? (in /usr/bin/bash)
==2367==    by 0x15AD0C: initialize_shell_variables (in /usr/bin/bash)
==2367==    by 0x138DC9: ??? (in /usr/bin/bash)
==2367==    by 0x137544: main (in /usr/bin/bash)
==2367== 
==2367== 150 bytes in 11 blocks are still reachable in loss record 285 of 304
==2367==    at 0x483B7F3: malloc (in /usr/lib/x86_64-linux-gnu/valgrind/vgpreload_memcheck-amd64-linux.so)
==2367==    by 0x1984F3: xmalloc (in /usr/bin/bash)
==2367==    by 0x157FED: ??? (in /usr/bin/bash)
==2367==    by 0x15805C: ??? (in /usr/bin/bash)
==2367==    by 0x15AD0C: initialize_shell_variables (in /usr/bin/bash)
==2367==    by 0x138DC9: ??? (in /usr/bin/bash)
==2367==    by 0x137544: main (in /usr/bin/bash)
==2367== 
==2367== 223 bytes in 8 blocks are still reachable in loss record 286 of 304
==2367==    at 0x483B7F3: malloc (in /usr/lib/x86_64-linux-gnu/valgrind/vgpreload_memcheck-amd64-linux.so)
==2367==    by 0x1984F3: xmalloc (in /usr/bin/bash)
==2367==    by 0x156DA1: make_variable_value (in /usr/bin/bash)
==2367==    by 0x15806D: ??? (in /usr/bin/bash)
==2367==    by 0x15AD0C: initialize_shell_variables (in /usr/bin/bash)
==2367==    by 0x138DC9: ??? (in /usr/bin/bash)
==2367==    by 0x137544: main (in /usr/bin/bash)
==2367== 
==2367== 224 bytes in 7 blocks are still reachable in loss record 287 of 304
==2367==    at 0x483B7F3: malloc (in /usr/lib/x86_64-linux-gnu/valgrind/vgpreload_memcheck-amd64-linux.so)
==2367==    by 0x1984F3: xmalloc (in /usr/bin/bash)
==2367==    by 0x17F66E: unwind_protect_mem (in /usr/bin/bash)
==2367==    by 0x14FD00: execute_command_internal (in /usr/bin/bash)
==2367==    by 0x1519D9: execute_command (in /usr/bin/bash)
==2367==    by 0x139664: reader_loop (in /usr/bin/bash)
==2367==    by 0x137EF8: main (in /usr/bin/bash)
==2367== 
==2367== 224 bytes in 7 blocks are still reachable in loss record 288 of 304
==2367==    at 0x483B7F3: malloc (in /usr/lib/x86_64-linux-gnu/valgrind/vgpreload_memcheck-amd64-linux.so)
==2367==    by 0x1984F3: xmalloc (in /usr/bin/bash)
==2367==    by 0x17F66E: unwind_protect_mem (in /usr/bin/bash)
==2367==    by 0x14FD11: execute_command_internal (in /usr/bin/bash)
==2367==    by 0x1519D9: execute_command (in /usr/bin/bash)
==2367==    by 0x139664: reader_loop (in /usr/bin/bash)
==2367==    by 0x137EF8: main (in /usr/bin/bash)
==2367== 
==2367== 256 bytes in 1 blocks are still reachable in loss record 289 of 304
==2367==    at 0x483B7F3: malloc (in /usr/lib/x86_64-linux-gnu/valgrind/vgpreload_memcheck-amd64-linux.so)
==2367==    by 0x198577: xrealloc (in /usr/bin/bash)
==2367==    by 0x13C3B7: ??? (in /usr/bin/bash)
==2367==    by 0x13F5C9: ??? (in /usr/bin/bash)
==2367==    by 0x142EC7: yyparse (in /usr/bin/bash)
==2367==    by 0x13929A: parse_command (in /usr/bin/bash)
==2367==    by 0x1393A6: read_command (in /usr/bin/bash)
==2367==    by 0x1395C9: reader_loop (in /usr/bin/bash)
==2367==    by 0x137EF8: main (in /usr/bin/bash)
==2367== 
==2367== 352 bytes in 11 blocks are still reachable in loss record 290 of 304
==2367==    at 0x483B7F3: malloc (in /usr/lib/x86_64-linux-gnu/valgrind/vgpreload_memcheck-amd64-linux.so)
==2367==    by 0x1984F3: xmalloc (in /usr/bin/bash)
==2367==    by 0x17BBFB: hash_insert (in /usr/bin/bash)
==2367==    by 0x158008: ??? (in /usr/bin/bash)
==2367==    by 0x15805C: ??? (in /usr/bin/bash)
==2367==    by 0x15AD0C: initialize_shell_variables (in /usr/bin/bash)
==2367==    by 0x138DC9: ??? (in /usr/bin/bash)
==2367==    by 0x137544: main (in /usr/bin/bash)
==2367== 
==2367== 376 bytes in 11 blocks are still reachable in loss record 291 of 304
==2367==    at 0x483B7F3: malloc (in /usr/lib/x86_64-linux-gnu/valgrind/vgpreload_memcheck-amd64-linux.so)
==2367==    by 0x1984F3: xmalloc (in /usr/bin/bash)
==2367==    by 0x15AD62: initialize_shell_variables (in /usr/bin/bash)
==2367==    by 0x138DC9: ??? (in /usr/bin/bash)
==2367==    by 0x137544: main (in /usr/bin/bash)
==2367== 
==2367== 376 bytes in 11 blocks are still reachable in loss record 292 of 304
==2367==    at 0x483B7F3: malloc (in /usr/lib/x86_64-linux-gnu/valgrind/vgpreload_memcheck-amd64-linux.so)
==2367==    by 0x1984F3: xmalloc (in /usr/bin/bash)
==2367==    by 0x155585: ??? (in /usr/bin/bash)
==2367==    by 0x159B3E: ??? (in /usr/bin/bash)
==2367==    by 0x191D94: ??? (in /usr/bin/bash)
==2367==    by 0x192108: set_locale_var (in /usr/bin/bash)
==2367==    by 0x192302: set_default_lang (in /usr/bin/bash)
==2367==    by 0x137549: main (in /usr/bin/bash)
==2367== 
==2367== 440 bytes in 1 blocks are still reachable in loss record 293 of 304
==2367==    at 0x483B7F3: malloc (in /usr/lib/x86_64-linux-gnu/valgrind/vgpreload_memcheck-amd64-linux.so)
==2367==    by 0x198577: xrealloc (in /usr/bin/bash)
==2367==    by 0x159B62: ??? (in /usr/bin/bash)
==2367==    by 0x191D94: ??? (in /usr/bin/bash)
==2367==    by 0x192108: set_locale_var (in /usr/bin/bash)
==2367==    by 0x192302: set_default_lang (in /usr/bin/bash)
==2367==    by 0x137549: main (in /usr/bin/bash)
==2367== 
==2367== 496 bytes in 1 blocks are still reachable in loss record 294 of 304
==2367==    at 0x483B7F3: malloc (in /usr/lib/x86_64-linux-gnu/valgrind/vgpreload_memcheck-amd64-linux.so)
==2367==    by 0x198577: xrealloc (in /usr/bin/bash)
==2367==    by 0x140A3A: ??? (in /usr/bin/bash)
==2367==    by 0x142EC7: yyparse (in /usr/bin/bash)
==2367==    by 0x13929A: parse_command (in /usr/bin/bash)
==2367==    by 0x1393A6: read_command (in /usr/bin/bash)
==2367==    by 0x1395C9: reader_loop (in /usr/bin/bash)
==2367==    by 0x137EF8: main (in /usr/bin/bash)
==2367== 
==2367== 528 bytes in 11 blocks are still reachable in loss record 295 of 304
==2367==    at 0x483B7F3: malloc (in /usr/lib/x86_64-linux-gnu/valgrind/vgpreload_memcheck-amd64-linux.so)
==2367==    by 0x1984F3: xmalloc (in /usr/bin/bash)
==2367==    by 0x1544C3: ??? (in /usr/bin/bash)
==2367==    by 0x157FCF: ??? (in /usr/bin/bash)
==2367==    by 0x15805C: ??? (in /usr/bin/bash)
==2367==    by 0x15AD0C: initialize_shell_variables (in /usr/bin/bash)
==2367==    by 0x138DC9: ??? (in /usr/bin/bash)
==2367==    by 0x137544: main (in /usr/bin/bash)
==2367== 
==2367== 1,024 bytes in 1 blocks are still reachable in loss record 296 of 304
==2367==    at 0x483B7F3: malloc (in /usr/lib/x86_64-linux-gnu/valgrind/vgpreload_memcheck-amd64-linux.so)
==2367==    by 0x1984F3: xmalloc (in /usr/bin/bash)
==2367==    by 0x17B70C: hash_create (in /usr/bin/bash)
==2367==    by 0x158DEF: make_new_assoc_variable (in /usr/bin/bash)
==2367==    by 0x15B6A9: initialize_shell_variables (in /usr/bin/bash)
==2367==    by 0x138DC9: ??? (in /usr/bin/bash)
==2367==    by 0x137544: main (in /usr/bin/bash)
==2367== 
==2367== 1,024 bytes in 1 blocks are still reachable in loss record 297 of 304
==2367==    at 0x483B7F3: malloc (in /usr/lib/x86_64-linux-gnu/valgrind/vgpreload_memcheck-amd64-linux.so)
==2367==    by 0x1984F3: xmalloc (in /usr/bin/bash)
==2367==    by 0x17B70C: hash_create (in /usr/bin/bash)
==2367==    by 0x158DEF: make_new_assoc_variable (in /usr/bin/bash)
==2367==    by 0x15B67B: initialize_shell_variables (in /usr/bin/bash)
==2367==    by 0x138DC9: ??? (in /usr/bin/bash)
==2367==    by 0x137544: main (in /usr/bin/bash)
==2367== 
==2367== 1,024 bytes in 1 blocks are still reachable in loss record 298 of 304
==2367==    at 0x483B7F3: malloc (in /usr/lib/x86_64-linux-gnu/valgrind/vgpreload_memcheck-amd64-linux.so)
==2367==    by 0x1984F3: xmalloc (in /usr/bin/bash)
==2367==    by 0x147FC1: cmd_init (in /usr/bin/bash)
==2367==    by 0x137690: main (in /usr/bin/bash)
==2367== 
==2367== 1,024 bytes in 1 blocks are still reachable in loss record 299 of 304
==2367==    at 0x483B7F3: malloc (in /usr/lib/x86_64-linux-gnu/valgrind/vgpreload_memcheck-amd64-linux.so)
==2367==    by 0x1984F3: xmalloc (in /usr/bin/bash)
==2367==    by 0x147FDD: cmd_init (in /usr/bin/bash)
==2367==    by 0x137690: main (in /usr/bin/bash)
==2367== 
==2367== 1,024 bytes in 1 blocks are still reachable in loss record 300 of 304
==2367==    at 0x483B7F3: malloc (in /usr/lib/x86_64-linux-gnu/valgrind/vgpreload_memcheck-amd64-linux.so)
==2367==    by 0x1984F3: xmalloc (in /usr/bin/bash)
==2367==    by 0x17F291: uwp_init (in /usr/bin/bash)
==2367==    by 0x137695: main (in /usr/bin/bash)
==2367== 
==2367== 2,200 bytes in 1 blocks are still reachable in loss record 301 of 304
==2367==    at 0x483B7F3: malloc (in /usr/lib/x86_64-linux-gnu/valgrind/vgpreload_memcheck-amd64-linux.so)
==2367==    by 0x198577: xrealloc (in /usr/bin/bash)
==2367==    by 0x17E446: ??? (in /usr/bin/bash)
==2367==    by 0x17E9B8: fd_to_buffered_stream (in /usr/bin/bash)
==2367==    by 0x17EF54: with_input_from_buffered_stream (in /usr/bin/bash)
==2367==    by 0x137DC4: main (in /usr/bin/bash)
==2367== 
==2367== 4,096 bytes in 1 blocks are still reachable in loss record 302 of 304
==2367==    at 0x483B7F3: malloc (in /usr/lib/x86_64-linux-gnu/valgrind/vgpreload_memcheck-amd64-linux.so)
==2367==    by 0x1984F3: xmalloc (in /usr/bin/bash)
==2367==    by 0x17B74B: hash_create (in /usr/bin/bash)
==2367==    by 0x157FA9: ??? (in /usr/bin/bash)
==2367==    by 0x15AAAB: initialize_shell_variables (in /usr/bin/bash)
==2367==    by 0x138DC9: ??? (in /usr/bin/bash)
==2367==    by 0x137544: main (in /usr/bin/bash)
==2367== 
==2367== 4,096 bytes in 1 blocks are still reachable in loss record 303 of 304
==2367==    at 0x483B7F3: malloc (in /usr/lib/x86_64-linux-gnu/valgrind/vgpreload_memcheck-amd64-linux.so)
==2367==    by 0x1984F3: xmalloc (in /usr/bin/bash)
==2367==    by 0x17B74B: hash_create (in /usr/bin/bash)
==2367==    by 0x157F51: ??? (in /usr/bin/bash)
==2367==    by 0x15AAAB: initialize_shell_variables (in /usr/bin/bash)
==2367==    by 0x138DC9: ??? (in /usr/bin/bash)
==2367==    by 0x137544: main (in /usr/bin/bash)
==2367== 
==2367== 8,192 bytes in 1 blocks are still reachable in loss record 304 of 304
==2367==    at 0x483B7F3: malloc (in /usr/lib/x86_64-linux-gnu/valgrind/vgpreload_memcheck-amd64-linux.so)
==2367==    by 0x1984F3: xmalloc (in /usr/bin/bash)
==2367==    by 0x17B74B: hash_create (in /usr/bin/bash)
==2367==    by 0x157F8A: ??? (in /usr/bin/bash)
==2367==    by 0x15AAAB: initialize_shell_variables (in /usr/bin/bash)
==2367==    by 0x138DC9: ??? (in /usr/bin/bash)
==2367==    by 0x137544: main (in /usr/bin/bash)
==2367== 
==2367== LEAK SUMMARY:
==2367==    definitely lost: 2 bytes in 1 blocks
==2367==    indirectly lost: 0 bytes in 0 blocks
==2367==      possibly lost: 0 bytes in 0 blocks
==2367==    still reachable: 34,255 bytes in 386 blocks
==2367==         suppressed: 0 bytes in 0 blocks
==2367== 
==2367== For lists of detected and suppressed errors, rerun with: -s
==2367== ERROR SUMMARY: 1 errors from 1 contexts (suppressed: 0 from 0)
HTTP/1.1 200 OK
Content-Length: 61

HELLO\n
2367
\n
Press [CTRL+C] to stop...
/s1.sh
HTTP/1.1
\n
<<<<<<<<<<<<<<<<<<<<<<<<<<<<<<<<<<127.0.0.1HTTP/1.1 200 OK
Content-Length: 864
Content-Type: text/html

<!DOCTYPE html>
<html>
<head>
<title>/</title>
</head>
<body>
<h1>INDEX</h1>
<p>
		<p><a href="http://127.0.0.1:8001/.sh.sh/">.sh.sh/</a></p>
		<p><a href="http://127.0.0.1:8001/abc.html">abc.html</a></p>
		<p><a href="http://127.0.0.1:8001/cgi/">cgi/</a></p>
		<p><a href="http://127.0.0.1:8001/error_403.html">error_403.html</a></p>
		<p><a href="http://127.0.0.1:8001/error_404.html">error_404.html</a></p>
		<p><a href="http://127.0.0.1:8001/test">test</a></p>
		<p><a href="http://127.0.0.1:8001/test2">test2</a></p>
		<p><a href="http://127.0.0.1:8001/this is a/">this is a/</a></p>
		<p><a href="http://127.0.0.1:8001/this is ab/">this is ab/</a></p>
		<p><a href="http://127.0.0.1:8001/yes_redirect.html">yes_redirect.html</a></p>
		<p><a href="http://127.0.0.1:8001/./">./</a></p>
		<p><a href="http://127.0.0.1:8001/../">../</a></p>
</p>
</body>
</html>
<<<<<<<<<<<<<<<<<<<<<<<<<<<<<<<<<<127.0.0.1HTTP/1.1 200 OK
Content-Length: 1348
Content-Type: text/html

<!DOCTYPE html>
<html lang="en">
<head>
  <meta charset="UTF-8">
  <title>Error 404 - Page Not Found</title>
  <style>
    body {
      font-family: 'Segoe UI', Tahoma, Geneva, Verdana, sans-serif;
      background-color: #f8f9fa;
      margin: 0;
      display: flex;
      justify-content: center;
      align-items: center;
      height: 100vh;
    }
    .error-container {
      text-align: center;
      padding: 40px;
      background-color: #fff;
      border-radius: 10px;
      box-shadow: 0 2px 10px rgba(0, 0, 0, 0.1);
      max-width: 400px;
      width: 90%;
    }
    .error-image {
      width: 150px;
      margin-bottom: 20px;
    }
    h1 {
      font-size: 2.5em;
      color: #dc3545;
      margin-bottom: 10px;
    }
    p {
      font-size: 1.2em;
      color: #6c757d;
      margin-bottom: 20px;
    }
    a {
      color: #007bff;
      text-decoration: none;
      font-weight: bold;
      transition: color 0.3s;
    }
    a:hover {
      color: #0056b3;
    }
  </style>
</head>
<body>
  <div class="error-container">
    <img class="error-image" src="https://media.tenor.com/rBreZgv8xw4AAAAM/side-eye-side-eye-dog.gif" alt="Error 404">
    <h1>Error 404 - Page Not Found</h1>
    <p>Oops! The page you're looking for doesn't seem to exist.</p>
    <p><a href="/">Go back to the homepage</a></p>
  </div>
</body>
</html>
<<<<<<<<<<<<<<<<<<<<<<<<<<<<<<<<<<127.0.0.1HTTP/1.1 200 OK
Content-Length: 11
Content-Type: text/html

<p>Test</p><<<<<<<<<<<<<<<<<<<<<<<<<<<<<<<<<<127.0.0.1HTTP/1.1 200 OK
Content-Length: 11
Content-Type: text/html

<p>Test</p>==2356== 
==2356== HEAP SUMMARY:
==2356==     in use at exit: 0 bytes in 0 blocks
==2356==   total heap usage: 41,959 allocs, 41,959 frees, 14,592,936,356 bytes allocated
==2356== 
==2356== All heap blocks were freed -- no leaks are possible
==2356== 
==2356== For lists of detected and suppressed errors, rerun with: -s
==2356== ERROR SUMMARY: 0 errors from 0 contexts (suppressed: 0 from 0)
